================ Clean up START ================
Version 1.3.3
Disk usage:
Filesystem        Size  Used Avail Use% Mounted on
devtmpfs          4.0M     0  4.0M   0% /dev
tmpfs             7.7G     0  7.7G   0% /dev/shm
tmpfs             3.1G  448K  3.1G   1% /run
/dev/nvme0n1p1     40G  2.4G   38G   6% /
tmpfs             7.7G  4.0K  7.7G   1% /tmp
/dev/nvme0n1p128   10M  1.4M  8.7M  14% /boot/efi
/dev/nvme1n1      434G  3.0G  409G   1% /data
tmpfs             1.6G     0  1.6G   0% /run/user/1001
Uptime:  06:28:55 up  8:20,  0 users,  load average: 1.39, 3.35, 3.82
USER         PID    PPID COMMAND
GRQ        23061   23016 (sd-pam)
GRQ        23166   22768 /bin/bash /data/GRQ/run.sh --option=location
GRQ        26602   23166 /bin/bash ./check_spot_termination.sh
GRQ       174172   26602 sleep 5
GRQ       174174   23166 /bin/bash ./run.sh --run-once
GRQ       174190  174174 /bin/bash worker/node.sh
GRQ       174199  174190 ps -U GRQ -o user,pid,ppid,command
Host: ip-10-0-22-241
IP: 10.0.22.241
Number of CPUs: 8
Available Memory: 15Gi
================ Clean up ENDED ================
Use local deno
PATH: /data/GRQ/.deno/bin:/usr/local/sbin:/usr/local/bin:/usr/sbin:/usr/bin:/sbin:/bin:/var/lib/snapd/snap/bin
deno 2.4.3 (stable, release, aarch64-unknown-linux-gnu)
v8 13.7.152.14-rusty
typescript 5.8.3
aws-cli/2.23.11 Python/3.9.21 Linux/6.1.130-139.222.amzn2023.aarch64 source/aarch64.amzn.2023
Option: location
Starting Location... Wed Aug  6 06:28:55 AM UTC 2025
Already up to date.
📥 Pulling GRQ-location with --ours strategy...
🔄 Pulling with --ours strategy (keeping our changes)
📁 Adding untracked files to staging area
📦 Committing local changes to preserve them
[Develop 1a3bfac] Local changes before pull Wed Aug  6 06:29:02 AM UTC 2025
 8 files changed, 1310 insertions(+), 1361 deletions(-)
 rename v1/{IN.json => IN.json.invalid} (99%)
From github.com:stSoftwareAU/GRQ-location
 * branch            Develop    -> FETCH_HEAD
Already up to date.
✅ Successfully pulled with --ours strategy
✅ GRQ-location pull succeeded in 7 seconds
Fetching S3 checksum file from: s3://grq-trainingdata/trainData-location_88/checksum.sha256
Checksum matches. Skipping data file download.
🧹 Removing: trainData-location_*
📥 Pulling GRQ-portfolio with --ours strategy...
📦 No local changes or untracked files - checking remote state
🔄 Resetting to remote state (commit: 6efea1f5)
HEAD is now at 6efea1f REJECTED 38.66% -> 29.83% Delta -8.831
✅ Successfully reset to remote state - all models updated by another machine
✅ GRQ-portfolio pull succeeded in 7 seconds
create: IN No such file or directory (os error 2): readfile '../GRQ-location/v1/IN.json'
process IN lvl: 0
loaded ../GRQ-portfolio/best/location/v1/IN.json
9 mutations, mutation rate 7.8%, elitism 4, mutation ALL, selection POWER
Creature count: 50
CRISPR Clipped Output Score: -1.309732928816579, Error: 12146049.257127663 -> 2.309679457841194 improved 12146046.947448205
CRISPR Sane Output Score: -12138464.615050158, Error: 12146049.257127663 -> 12138465.614996646 improved 7583.642131017521
Discovery 072d0a59 scheduled
Training 072d0a59 scheduled
Training 072d0a59 with 1 binary file, target error: 0.05, iterations: 1, sample rate: 100%, sparse: 100%
Discovery 072d0a59 with 1 binary files, sample rate: 100%, batch size: 512
Discovery 072d0a59 initialize time 100ms
Discovery 072d0a59 processing .trainData-location_88/IN/data.bin
Generation 1 score 0.9559424529565733 (avg: -476166.3017) error 0.04402327004497176 avg time 691ms
Set training/discovery clean up count to 2
Waiting for discovery to complete
Discovery 072d0a59 read time 8ms for .trainData-location_88/IN/data.bin with 4613 records
Discovery 072d0a59 scanning time 5s 522ms
compactUnused hidden neuron 568c6140 has no outward connections
Discovery 072d0a59 recorded time 6s 558ms
Generation 2 score 0.9559424529565733 (avg: -1404.2431) error 0.04402327004497176 avg time 621ms
Waiting for discovery to complete
Training 072d0a59 completed after 6s 871ms
Training 072d0a59 compacted
Generation 3 score 0.9559424529565733 (avg: -5.5132) error 0.04402327004497176 avg time 449ms
Waiting for discovery to complete
Compact 072d0a59 Score: 0.9548652773767338, Error: 0.04402327004497176 -> 0.04510105562491158, 👿 -0.00108
Trained 072d0a59 Score: 0.9452611698204872, Error: 0.04402327004497176 -> 0.05470455318105795, 👿 -0.0107
Fine 072d0a59 Score: 0.9398969359744304, Error: 0.04402327004497176 -> 0.06006878702711468, 👿 -0.0160, Variant: overshot
Fine 072d0a59 Score: 0.929967659901811, Error: 0.04402327004497176 -> 0.06999806309973415, 👿 -0.0260, Variant: undershot
Generation 4 score 0.9559424529565733 (avg: -5.0354) error 0.04402327004497176 avg time 427ms
Waiting for discovery to complete
Generation 5 score 0.9559424529565733 (avg: 0.9473) error 0.04402327004497176 avg time 409ms
Waiting for discovery to complete
Discovered beneficial synapse from input-1412 to 8904b3f7-bd28-475e-a42e-0d054d2a9db4 with weight -1.0000, helping 39.8% more records than it harms (2013/4613)
Discovery 072d0a59 analyze time 19s 501ms found 1 candidates
Generation 6 score 0.9559424529565733 (avg: 0.9559) error 0.04402327004497176 avg time 411ms
Waiting for discovery to complete
Discovery 072d0a59 analyze harmful time 1s 408ms found 0 candidates
Discovery 072d0a59 analyze squashes time 1s 886ms found 0 candidates
Generation 7 score 0.9559424529565733 (avg: 0.9558) error 0.04402327004497176 avg time 408ms
Waiting for discovery to complete
Generation 8 score 0.9559424529565733 (avg: 0.9559) error 0.04402327004497176 avg time 370ms
Waiting for training/discovery clean up 2
Generation 9 score 0.9559424529565733 (avg: 0.9559) error 0.04402327004497176 avg time 383ms
Waiting for training/discovery clean up 1
Generation 10 score 0.9559424529565733 (avg: 0.9559) error 0.04402327004497176 avg time 372ms
{
  error: 0.04402327004497176,
  score: 0.9559424529565733,
  generation: 10,
  time: 45593,
  startScore: -1
}
AUSTRALIA , score: 0.7594610464615441
process (poor score) AUSTRALIA , score: 0.7594610464615441 lvl: 2
loaded ../GRQ-portfolio/best/location/v1/AUSTRALIA.json
8 mutations, mutation rate 5.0%, elitism 3, mutation FFW, selection TOURNAMENT
Creature count: 50
Culling duplicate creature at 1 of 51
DeDuplication of 1 creatures to 50 in 185ms (previous experiment )
Discovery ba2f9038 scheduled
Training ba2f9038 scheduled
Training ba2f9038 with 1 binary file, target error: 0.05, iterations: 1, sample rate: 100%, sparse: 100%
Discovery ba2f9038 with 1 binary files, sample rate: 100%, batch size: 512
Discovery ba2f9038 initialize time 102ms
Discovery ba2f9038 processing .trainData-location_88/AUSTRALIA/data.bin
Discovery ba2f9038 read time 5ms for .trainData-location_88/AUSTRALIA/data.bin with 4613 records
Discovery ba2f9038 scanning time 7s 484ms
Discovery ba2f9038 recorded time 9s 24ms
Fine tuning increased fitness by 2.9082625196963363e-10 to 0.7594610467523704 adjusted 4 weights 
Training 376d70f9 scheduled
Training 376d70f9 with 1 binary file, target error: 0.05, iterations: 1, sample rate: 100%, sparse: 100%
Fine tuning increased fitness by 6.266787089259651e-11 to 0.7594610468150382 adjusted 4 weights 
Training ba2f9038 completed after 15s 474ms
Training ba2f9038 compacted
Fine ba2f9038 Score: 0.7588028590032683, Error: 0.24048534053918585 -> 0.24114352799728542, 👿 -0.000658, Variant: undershot
Compact ba2f9038 Score: 0.7588011752082949, Error: 0.24048534053918585 -> 0.2411453617924339, 👿 -0.000660
Fine ba2f9038 Score: 0.7587505488588322, Error: 0.24048534053918585 -> 0.241195838141859, 👿 -0.000710, Variant: overshot
Trained ba2f9038 Score: 0.7586161013409004, Error: 0.24048534053918585 -> 0.24133028566010933, 👿 -0.000845
Training 81d7ff40 scheduled
Training 81d7ff40 with 1 binary file, target error: 0.05, iterations: 1, sample rate: 100%, sparse: 100%
Fine tuning increased fitness by 1.7798046370032239e-9 to 0.7594610491561591 adjusted 4 weights 
Discovered beneficial synapse from input-1530 to 06148af2-7c2f-41b0-8194-e55c9df5bbc0 with weight 1.0000, helping 46.7% more records than it harms (3371/4613)
Discovery ba2f9038 analyze time 41s 352ms found 1 candidates
Training 376d70f9 completed after 14s 912ms
Training 376d70f9 compacted
Discovered harmful synapse from 06148af2-7c2f-41b0-8194-e55c9df5bbc0 to dda7aa95-4c0b-429b-9757-974758f2c44c, harming 41.1% more records than it helps (1347/4613)
Discovery ba2f9038 analyze harmful time 3s 748ms found 1 candidates
Discovery ba2f9038 analyze squashes time 2s 840ms found 1 candidate, Summary: c8965341-2782-4281-9d1a-e1b7be0903f4 Exponential -> COMPLEMENT improved: 25.0% error: 6.5013964657817e+26 -> 4.8790222979846314e+26
Fine 376d70f9 Score: 0.7589569976545646, Error: 0.24048534018569165 -> 0.24098938934627728, 👿 -0.000504, Variant: undershot
Fine 376d70f9 Score: 0.7588974532936361, Error: 0.24048534018569165 -> 0.24104893370714714, 👿 -0.000564, Variant: overshot
Compact 376d70f9 Score: 0.7588011750541525, Error: 0.24048534018569165 -> 0.2411453619465765, 👿 -0.000660
Trained 376d70f9 Score: 0.7586854359343729, Error: 0.24048534018569165 -> 0.2412609710666364, 👿 -0.000776
Discovery f8de9b03 scheduled
Discovery f8de9b03 with 1 binary files, sample rate: 100%, batch size: 512
Discovery f8de9b03 initialize time 96ms
Discovery f8de9b03 processing .trainData-location_88/AUSTRALIA/data.bin
Discovery f8de9b03 read time 2ms for .trainData-location_88/AUSTRALIA/data.bin with 4613 records
Discovery f8de9b03 scanning time 6s 949ms
Discovery f8de9b03 recorded time 8s 618ms
Training 8b5d1949 scheduled
Training 8b5d1949 with 1 binary file, target error: 0.05, iterations: 1, sample rate: 100%, sparse: 100%
Training 81d7ff40 completed after 15s 30ms
Training 81d7ff40 compacted
Compact 81d7ff40 Score: 0.7588011768097399, Error: 0.24048533784457085 -> 0.24114536019098895, 👿 -0.000660
Fine 81d7ff40 Score: 0.754522030683972, Error: 0.24048533784457085 -> 0.24542435631662932, 👿 -0.00494, Variant: overshot
Fine 81d7ff40 Score: 0.7538997253885453, Error: 0.24048533784457085 -> 0.24604666161210387, 👿 -0.00556, Variant: undershot
Trained 81d7ff40 Score: 0.7488684504589077, Error: 0.24048533784457085 -> 0.25107793654210214, 👿 -0.0106
Fine tuning increased fitness by 8.230600867520366e-9 to 0.7594610671679478 adjusted 3 weights 
Training 12495bf1 scheduled
Training 12495bf1 with 1 binary file, target error: 0.05, iterations: 1, sample rate: 100%, sparse: 100%
Training 8b5d1949 completed after 15s 321ms
Training 8b5d1949 compacted
Compact 8b5d1949 Score: 0.7594611789373464, Error: 0.24048532806338294 -> 0.24048532806338294,  🫥
Fine 8b5d1949 Score: 0.7573258742842214, Error: 0.24048532806338294 -> 0.24262051271632537, 👿 -0.00214, Variant: undershot
Fine 8b5d1949 Score: 0.7565052207150839, Error: 0.24048532806338294 -> 0.24344116628549584, 👿 -0.00296, Variant: overshot
Trained 8b5d1949 Score: 0.7548407456144177, Error: 0.24048532806338294 -> 0.2451056413865919, 👿 -0.00462
Discovered beneficial synapse from input-1530 to 06148af2-7c2f-41b0-8194-e55c9df5bbc0 with weight 1.0000, helping 46.7% more records than it harms (3371/4613)
Discovery f8de9b03 analyze time 41s 751ms found 1 candidates
Discovered harmful synapse from input-883 to 06148af2-7c2f-41b0-8194-e55c9df5bbc0, harming 48.6% more records than it helps (1174/4613)
Discovery f8de9b03 analyze harmful time 2s 619ms found 1 candidates
Discovery f8de9b03 analyze squashes time 3s 393ms found 1 candidate, Summary: 52290c8e-797a-49cb-a845-46b34fdf2f59 SELU -> ABSOLUTE improved: 100.0% error: 3.0551283482675364e+26 -> 3.251726066734493e+21
Generation 10 score 0.7595868485337145 (avg: 0.7591) error 0.24035952846701544 avg time 11s 997ms
Discovery d78d912d scheduled
Training d78d912d scheduled
Training d78d912d with 1 binary file, target error: 0.05, iterations: 1, sample rate: 100%, sparse: 100%
Discovery d78d912d with 1 binary files, sample rate: 100%, batch size: 512
Discovery d78d912d initialize time 98ms
Discovery d78d912d processing .trainData-location_88/AUSTRALIA/data.bin
Training 12495bf1 completed after 15s 696ms
Training 12495bf1 compacted
Over populated 55, expected 50.
Discovery d78d912d read time 4ms for .trainData-location_88/AUSTRALIA/data.bin with 4613 records
Discovery d78d912d scanning time 7s 180ms
Discovery d78d912d recorded time 8s 804ms
Compact 12495bf1 Score: 0.7588149217844111, Error: 0.24047576849673002 -> 0.24113149521631827, 👿 -0.000656
Fine 12495bf1 Score: 0.7181033340312684, Error: 0.24047576849673002 -> 0.28184293296932394, 👿 -0.0414, Variant: overshot
Fine 12495bf1 Score: 0.7085427694605413, Error: 0.24047576849673002 -> 0.29140349754030426, 👿 -0.0509, Variant: undershot
Trained 12495bf1 Score: 0.7045423815769767, Error: 0.24047576849673002 -> 0.2954038854240338, 👿 -0.0549
Training 55d5922b scheduled
Training 55d5922b with 1 binary file, target error: 0.05, iterations: 1, sample rate: 100%, sparse: 100%
Fine tuning increased fitness by 0.0000030258914303082918 to 0.7596187918147281 adjusted 4 weights, 2 biases 
Training d78d912d completed after 15s 43ms
Training d78d912d compacted
Compact d78d912d Score: 0.7589705304324026, Error: 0.24034311144332943 -> 0.24097611656832588, 👿 -0.000633
Fine d78d912d Score: 0.7536875594983827, Error: 0.24034311144332943 -> 0.24625893750229455, 👿 -0.00592, Variant: overshot
Fine d78d912d Score: 0.7523083733203672, Error: 0.24034311144332943 -> 0.2476381236805673, 👿 -0.00730, Variant: undershot
Trained d78d912d Score: 0.7435093928527245, Error: 0.24034311144332943 -> 0.2564371141482843, 👿 -0.0161
Fine tuning increased fitness by 0.000006201031241825916 to 0.75962499284597 adjusted 4 weights, 2 biases 
Training 71efa01e scheduled
Training 71efa01e with 1 binary file, target error: 0.05, iterations: 1, sample rate: 100%, sparse: 100%
Fine tuning increased fitness by 0.000007815819254686218 to 0.7596328086652246 adjusted 4 weights, 2 biases 
Discovered beneficial synapse from input-1574 to 8c9866bc-a4b1-4cad-b58e-5c0c210e6435 with weight 1.0000, helping 45.6% more records than it harms (3348/4613)
Discovery d78d912d analyze time 45s 512ms found 1 candidates
Discovered harmful synapse from input-883 to 06148af2-7c2f-41b0-8194-e55c9df5bbc0, harming 48.6% more records than it helps (1173/4613)
Discovery d78d912d analyze harmful time 2s 830ms found 1 candidates
Training 55d5922b completed after 15s 373ms
Training 55d5922b compacted
Discovery d78d912d analyze squashes time 2s 993ms found 1 candidate, Summary: 52290c8e-797a-49cb-a845-46b34fdf2f59 SELU -> COMPLEMENT improved: 100.0% error: 3.0551283482675364e+26 -> 3.251726066734493e+21
Compact 55d5922b Score: 0.7589821536212884, Error: 0.24032770518600138 -> 0.24096449337944012, 👿 -0.000637
Fine 55d5922b Score: 0.7548525526285521, Error: 0.24032770518600138 -> 0.245093944372377, 👿 -0.00477, Variant: overshot
Fine 55d5922b Score: 0.7545392495704296, Error: 0.24032770518600138 -> 0.24540724742966552, 👿 -0.00508, Variant: undershot
Trained 55d5922b Score: 0.7523905185098859, Error: 0.24032770518600138 -> 0.24755597849112318, 👿 -0.00723
Discovery 56636934 scheduled
Discovery 56636934 with 1 binary files, sample rate: 100%, batch size: 512
Discovery 56636934 initialize time 105ms
Discovery 56636934 processing .trainData-location_88/AUSTRALIA/data.bin
Fine tuning increased fitness by 0.00001958290077741509 to 0.7596523915660021 adjusted 4 weights, 2 biases 
Discovery 56636934 read time 9ms for .trainData-location_88/AUSTRALIA/data.bin with 4613 records
Discovery 56636934 scanning time 6s 810ms
Constant neuron 977ac1d7-1150-4ea3-b417-edcdf6015d8b convert hidden to constant
Adjust neuron 977ac1d7-1150-4ea3-b417-edcdf6015d8b bias 0.0055014 to 0.0055014
Discovery 56636934 recorded time 8s 489ms
Training a6d33421 scheduled
Training a6d33421 with 1 binary file, target error: 0.05, iterations: 1, sample rate: 100%, sparse: 100%
Training 71efa01e completed after 14s 762ms
Training 71efa01e compacted
Over populated 52, expected 50.
Compact 71efa01e Score: 0.7589946460578146, Error: 0.24031368833550487 -> 0.24095200094291389, 👿 -0.000638
Fine 71efa01e Score: 0.7580014312466472, Error: 0.24031368833550487 -> 0.24194506575394542, 👿 -0.00163, Variant: overshot
Fine 71efa01e Score: 0.7579574340516684, Error: 0.24031368833550487 -> 0.241989062948968, 👿 -0.00168, Variant: undershot
Trained 71efa01e Score: 0.7534859671939286, Error: 0.24031368833550487 -> 0.24646055980707993, 👿 -0.00615
Fine tuning increased fitness by 2.669050477299706e-7 to 0.7596746456396303 adjusted 4 weights, 2 biases 
Training a6d33421 completed after 15s 768ms
Training a6d33421 compacted
Over populated 52, expected 50.
Discovered beneficial synapse from input-1530 to 06148af2-7c2f-41b0-8194-e55c9df5bbc0 with weight 1.0000, helping 46.6% more records than it harms (3370/4613)
Discovery 56636934 analyze time 41s 993ms found 1 candidates
Compact a6d33421 Score: 0.7590341934027472, Error: 0.24027651763833485 -> 0.24091245359798116, 👿 -0.000636
Fine a6d33421 Score: 0.756703124003446, Error: 0.24027651763833485 -> 0.24324337299727494, 👿 -0.00297, Variant: overshot
Fine a6d33421 Score: 0.7545121409996914, Error: 0.24027651763833485 -> 0.24543435600040306, 👿 -0.00516, Variant: undershot
Trained a6d33421 Score: 0.7476746687867353, Error: 0.24027651763833485 -> 0.2522718282142737, 👿 -0.0120
Discovered harmful synapse from input-883 to 06148af2-7c2f-41b0-8194-e55c9df5bbc0, harming 48.5% more records than it helps (1175/4613)
Discovery 56636934 analyze harmful time 3s 39ms found 1 candidates
Discovery 56636934 analyze squashes time 2s 671ms found 0 candidates
Generation 20 score 0.7596747358866722 (avg: 0.7593) error 0.24027176111405718 avg time 12s 809ms
Set training/discovery clean up count to 2
Waiting for discovery to complete
Generation 21 score 0.7596755441008407 (avg: 0.6504) error 0.24027095289988865 avg time 1s 212ms
Waiting for training/discovery clean up 2
Generation 22 score 0.7596760320795717 (avg: 0.6305) error 0.24027046492115758 avg time 1s 169ms
Waiting for training/discovery clean up 1
Fine tuning increased fitness by 5.746600684197745e-7 to 0.7596766067396401 adjusted 4 weights, 2 biases 
Generation 23 score 0.7596766067396401 (avg: 0.7359) error 0.24026989026108922 avg time 1s 187ms
{
  error: 0.24026989026108922,
  score: 0.7596766067396401,
  generation: 23,
  time: 284090,
  startScore: 0.7594610464615441
}
IRELAND , score: 0.9512634549345694
process (poor score) IRELAND , score: 0.9512634549345694 lvl: 2
loaded ../GRQ-portfolio/best/location/v1/IRELAND.json
2 mutations, mutation rate 5.0%, elitism 2, mutation FFW, selection POWER
Creature count: 50
Culling duplicate creature at 1 of 51
DeDuplication of 1 creatures to 50 in 320ms (previous experiment )
Discovery 66a73edc scheduled
Training 66a73edc scheduled
Training 66a73edc with 1 binary file, target error: 0.05, iterations: 1, sample rate: 100%, sparse: 100%
Discovery 66a73edc with 1 binary files, sample rate: 100%, batch size: 512
Discovery 66a73edc initialize time 99ms
Discovery 66a73edc processing .trainData-location_88/IRELAND/data.bin
Generation 1 score 0.9512634549345694 (avg: 0.5989) error 0.048693545066873685 avg time 865ms
Set training/discovery clean up count to 2
Waiting for discovery to complete
Discovery 66a73edc read time 6ms for .trainData-location_88/IRELAND/data.bin with 4613 records
Discovery 66a73edc scanning time 5s 840ms
Discovery 66a73edc recorded time 7s 624ms
Training 66a73edc completed after 9s 362ms
Training 66a73edc compacted
Generation 2 score 0.9512634549345694 (avg: 0.7997) error 0.048693545066873685 avg time 899ms
Waiting for discovery to complete
Compact 66a73edc Score: 0.9512611236005589, Error: 0.048693545066873685 -> 0.04869599640088292, 👿 -0.00000245
Trained 66a73edc Score: 0.9425230723251834, Error: 0.048693545066873685 -> 0.05743392767625981, 👿 -0.00874
Generation 3 score 0.9512662844141664 (avg: 0.9507) error 0.048690705587277325 avg time 740ms
Waiting for discovery to complete
Generation 4 score 0.9512675416753492 (avg: 0.9465) error 0.0486894483260944 avg time 842ms
Waiting for discovery to complete
Generation 5 score 0.9512859824998391 (avg: 0.9511) error 0.04867100750160248 avg time 837ms
Waiting for discovery to complete
Discovered beneficial synapse from input-1732 to b6266e97-d811-440a-93cd-c112bdef74ba with weight 1.0000, helping 30.8% more records than it harms (2745/4613)
Discovery 66a73edc analyze time 32s 685ms found 1 candidates
Discovered harmful synapse from input-1603 to f28b2bb7-7e46-43ae-8202-e5f831865cf1, harming 14.3% more records than it helps (1706/4613)
Discovery 66a73edc analyze harmful time 2s 59ms found 1 candidates
Discovery 66a73edc analyze squashes time 2s 504ms found 0 candidates
Generation 6 score 0.9512991658183777 (avg: 0.9513) error 0.04865782418306592 avg time 842ms
Waiting for discovery to complete
Generation 7 score 0.9513062066878089 (avg: 0.9512) error 0.04865077331363528 avg time 784ms
Waiting for training/discovery clean up 2
Generation 8 score 0.951315711563525 (avg: 0.9513) error 0.04864127843791862 avg time 828ms
Waiting for training/discovery clean up 1
Generation 9 score 0.9513218733192159 (avg: 0.9513) error 0.04863511668222771 avg time 797ms
{
  error: 0.04863511668222771,
  score: 0.9513218733192159,
  generation: 9,
  time: 74811,
  startScore: 0.9512634549345694
}
NV , score: 0.950726525373039
process (poor score) NV , score: 0.950726525373039 lvl: 2
loaded ../GRQ-portfolio/best/location/v1/NV.json
5 mutations, mutation rate 5.0%, elitism 8, mutation FFW, selection POWER
Creature count: 50
Culling duplicate creature at 1 of 51
DeDuplication of 1 creatures to 50 in 267ms (previous experiment )
Discovery 8b40beda scheduled
Training 8b40beda scheduled
Training 8b40beda with 1 binary file, target error: 0.05, iterations: 1, sample rate: 100%, sparse: 100%
Discovery 8b40beda with 1 binary files, sample rate: 100%, batch size: 512
Discovery 8b40beda initialize time 105ms
Discovery 8b40beda processing .trainData-location_88/NV/data.bin
Generation 1 score 0.950726525373039 (avg: 0.6013) error 0.04923803462808359 avg time 663ms
Set training/discovery clean up count to 2
Waiting for discovery to complete
Discovery 8b40beda read time 6ms for .trainData-location_88/NV/data.bin with 4613 records
Discovery 8b40beda scanning time 6s 481ms
Discovery 8b40beda recorded time 7s 462ms
Generation 2 score 0.950726525373039 (avg: 0.4448) error 0.04923803462808359 avg time 451ms
Waiting for discovery to complete
Training 8b40beda completed after 6s 711ms
Training 8b40beda compacted
Generation 3 score 0.950726525373039 (avg: 0.8545) error 0.04923803462808359 avg time 408ms
Waiting for discovery to complete
Trained 8b40beda Score: 0.9507181226371826, Error: 0.04923803462808359 -> 0.049246437363940056, 👿 -0.00000840
Compact 8b40beda Score: 0.948009144669804, Error: 0.04923803462808359 -> 0.05195547533131719, 👿 -0.00272
Generation 4 score 0.9507267272111191 (avg: 0.9485) error 0.049237822790004014 avg time 417ms
Waiting for discovery to complete
Fine tuning increased fitness by 3.775798421701282e-7 to 0.9507271047909612 adjusted 1 weight 
Generation 5 score 0.9507271047909612 (avg: 0.9502) error 0.04923744521016182 avg time 452ms
Waiting for discovery to complete
Fine tuning increased fitness by 9.388478551253243e-7 to 0.9507280436388164 adjusted 1 weight 
Generation 6 score 0.9507280436388164 (avg: 0.9507) error 0.049236506362306684 avg time 311ms
Waiting for discovery to complete
Fine tuning increased fitness by 0.000002387458020836064 to 0.9507304310968372 adjusted 1 weight 
Generation 7 score 0.9507304310968372 (avg: 0.9507) error 0.049234118904285876 avg time 526ms
Waiting for discovery to complete
Fine tuning increased fitness by 0.000003966915568476281 to 0.9507343980124057 adjusted 1 weight 
Generation 8 score 0.9507343980124057 (avg: 0.9507) error 0.04923015198871742 avg time 352ms
Waiting for discovery to complete
Fine tuning increased fitness by 0.00000517389631427001 to 0.9507395719087199 adjusted 1 weight 
Generation 9 score 0.9507395719087199 (avg: 0.9507) error 0.049224978092403164 avg time 420ms
Waiting for discovery to complete
Fine tuning increased fitness by 0.0000019517451457229384 to 0.9507415236538657 adjusted 1 weight 
Generation 10 score 0.9507415236538657 (avg: 0.9507) error 0.049223026347257365 avg time 310ms
Waiting for discovery to complete
Generation 11 score 0.9507415236538657 (avg: 0.9507) error 0.049223026347257365 avg time 423ms
Waiting for discovery to complete
Generation 12 score 0.9507415236538657 (avg: 0.9507) error 0.049223026347257365 avg time 310ms
Waiting for discovery to complete
Generation 13 score 0.9507415236538657 (avg: 0.9507) error 0.049223026347257365 avg time 424ms
Waiting for discovery to complete
Fine tuning increased fitness by 9.05433394926547e-10 to 0.9507415245592991 adjusted 1 weight 
Discovered beneficial synapse from 19b7552c-d53b-4496-8b15-d6f1af22745f to 517a079b-8932-4492-95bf-d73990cdac8a with weight -1.0000, helping 35.6% more records than it harms (2917/4613)
Discovery 8b40beda analyze time 46s 453ms found 1 candidates
Generation 14 score 0.9507415245592991 (avg: 0.9507) error 0.04922302544182394 avg time 304ms
Waiting for discovery to complete
Fine tuning increased fitness by 1.1795275867143573e-10 to 0.9507415246772518 adjusted 1 weight 
Discovered harmful synapse from edc0190a-546c-4622-b145-b454e1ef411f to 517a079b-8932-4492-95bf-d73990cdac8a, harming 45.5% more records than it helps (1047/4613)
Discovery 8b40beda analyze harmful time 2s 774ms found 1 candidates
Generation 15 score 0.9507415246772518 (avg: 0.9507) error 0.04922302532387124 avg time 452ms
Waiting for discovery to complete
Discovery 8b40beda analyze squashes time 2s 331ms found 0 candidates
Fine tuning increased fitness by 1.6669665647839338e-11 to 0.9507415246939215 adjusted 1 weight 
Generation 16 score 0.9507415246939215 (avg: 0.9507) error 0.04922302530720161 avg time 310ms
Waiting for training/discovery clean up 2
Fine tuning increased fitness by 7.122025191819148e-11 to 0.9507415247651417 adjusted 1 weight 
Generation 17 score 0.9507415247651417 (avg: 0.9331) error 0.04922302523598134 avg time 391ms
Waiting for training/discovery clean up 1
Fine tuning increased fitness by 9.833333702857772e-9 to 0.9507415345984754 adjusted 1 weight 
Generation 18 score 0.9507415345984754 (avg: 0.9507) error 0.049223005402648026 avg time 345ms
{
  error: 0.049223005402648026,
  score: 0.9507415345984754,
  generation: 18,
  time: 73102,
  startScore: 0.950726525373039
}
AL , score: 0.952433646628951
process (poor score) AL , score: 0.952433646628951 lvl: 2
loaded ../GRQ-portfolio/best/location/v1/AL.json
4 mutations, mutation rate 5.9%, elitism 8, mutation FFW, selection POWER
Creature count: 50
Culling duplicate creature at 1 of 51
DeDuplication of 1 creatures to 50 in 274ms (previous experiment )
Discovery 3e6c0ef4 scheduled
Training 3e6c0ef4 scheduled
Training 3e6c0ef4 with 1 binary file, target error: 0.05, iterations: 1, sample rate: 100%, sparse: 100%
Discovery 3e6c0ef4 with 1 binary files, sample rate: 100%, batch size: 512
Discovery 3e6c0ef4 initialize time 103ms
Discovery 3e6c0ef4 processing .trainData-location_88/AL/data.bin
Generation 1 score 0.952433646628951 (avg: 0.5954) error 0.047522783372620406 avg time 792ms
Set training/discovery clean up count to 2
Waiting for discovery to complete
Generation 2 score 0.952433646628951 (avg: -101.9988) error 0.047522783372620406 avg time 693ms
Waiting for discovery to complete
Discovery 3e6c0ef4 read time 8ms for .trainData-location_88/AL/data.bin with 4613 records
Discovery 3e6c0ef4 scanning time 11s 586ms
Discovery 3e6c0ef4 recorded time 13s 335ms
Generation 3 score 0.952433646628951 (avg: -0.3664) error 0.047522783372620406 avg time 693ms
Waiting for discovery to complete
Training 3e6c0ef4 completed after 16s 471ms
Training 3e6c0ef4 compacted
Generation 4 score 0.952433646628951 (avg: 0.9353) error 0.047522783372620406 avg time 597ms
Waiting for discovery to complete
Compact 3e6c0ef4 Score: 0.9524263838920388, Error: 0.047522783372620406 -> 0.047530166109531084, 👿 -0.00000738
Trained 3e6c0ef4 Score: 0.9517578871012558, Error: 0.047522783372620406 -> 0.048198542900315625, 👿 -0.000676
Fine tuning increased fitness by 2.2152934830987903e-7 to 0.9524338681582993 adjusted 1 bias 
Generation 5 score 0.9524338681582993 (avg: 0.8605) error 0.04752256184327207 avg time 559ms
Waiting for discovery to complete
Generation 6 score 0.9524338773911096 (avg: 0.9524) error 0.047522552610461795 avg time 529ms
Waiting for discovery to complete
Fine tuning increased fitness by 1.8835144666162762e-8 to 0.9524338962262543 adjusted 1 bias 
Generation 7 score 0.9524338962262543 (avg: 0.9474) error 0.04752253377531714 avg time 685ms
Waiting for discovery to complete
Generation 8 score 0.9524340449107911 (avg: 0.9470) error 0.04752238509078035 avg time 490ms
Waiting for discovery to complete
Generation 9 score 0.9524340449107911 (avg: 0.9524) error 0.04752238509078035 avg time 506ms
Waiting for discovery to complete
Generation 10 score 0.9524340449107911 (avg: 0.9524) error 0.04752238509078035 avg time 606ms
Waiting for discovery to complete
Generation 11 score 0.9524340449107911 (avg: 0.9524) error 0.04752238509078035 avg time 592ms
Waiting for discovery to complete
Generation 12 score 0.9524340449107911 (avg: 0.9522) error 0.04752238509078035 avg time 632ms
Waiting for discovery to complete
Generation 13 score 0.9524340449107911 (avg: 0.9432) error 0.04752238509078035 avg time 611ms
Waiting for discovery to complete
Discovered beneficial synapse from input-56 to a38b78d3-308b-4c41-8a85-2cc8f77d8315 with weight 1.0000, helping 63.2% more records than it harms (3745/4613)
Discovery 3e6c0ef4 analyze time 1m 6s 978ms found 1 candidates
Generation 14 score 0.9524340449107911 (avg: 0.9524) error 0.04752238509078035 avg time 512ms
Waiting for discovery to complete
Discovered harmful synapse from input-1095 to a38b78d3-308b-4c41-8a85-2cc8f77d8315, harming 62.2% more records than it helps (853/4613)
Discovery 3e6c0ef4 analyze harmful time 5s 482ms found 1 candidates
Generation 15 score 0.9524340449107911 (avg: 0.9524) error 0.04752238509078035 avg time 798ms
Waiting for discovery to complete
Discovery 3e6c0ef4 analyze squashes time 4s 1ms found 1 candidate, Summary: 13e18406-7df4-44e5-9cab-466c0e98ed77 ISRU -> COMPLEMENT improved: 99.7% error: 1.5787661095384202e+28 -> 4.854866346534086e+25
Generation 16 score 0.9524340449107911 (avg: 0.9520) error 0.04752238509078035 avg time 598ms
Waiting for training/discovery clean up 2
Generation 17 score 0.9524340449107911 (avg: 0.9248) error 0.04752238509078035 avg time 605ms
Waiting for training/discovery clean up 1
Generation 18 score 0.9524340449107911 (avg: 0.9453) error 0.04752238509078035 avg time 571ms
{
  error: 0.04752238509078035,
  score: 0.9524340449107911,
  generation: 18,
  time: 111127,
  startScore: 0.952433646628951
}
SWITZERLAND , score: 0.9464693186125528
process (poor score) SWITZERLAND , score: 0.9464693186125528 lvl: 2
loaded ../GRQ-portfolio/best/location/v1/SWITZERLAND.json
6 mutations, mutation rate 5.0%, elitism 8, mutation ALL, selection TOURNAMENT
Creature count: 50
Culling duplicate creature at 1 of 51
DeDuplication of 1 creatures to 50 in 108ms (previous experiment )
Discovery 283994a4 scheduled
Training 283994a4 scheduled
Training 283994a4 with 1 binary file, target error: 0.05, iterations: 1, sample rate: 100%, sparse: 100%
Discovery 283994a4 with 1 binary files, sample rate: 100%, batch size: 512
Discovery 283994a4 initialize time 101ms
Discovery 283994a4 processing .trainData-location_88/SWITZERLAND/data.bin
Discovery 283994a4 read time 4ms for .trainData-location_88/SWITZERLAND/data.bin with 4613 records
Discovery 283994a4 scanning time 6s 90ms
Discovery 283994a4 recorded time 7s 660ms
Training a5bbba36 scheduled
Training a5bbba36 with 1 binary file, target error: 0.05, iterations: 1, sample rate: 100%, sparse: 100%
Fine tuning increased fitness by 3.122113678699634e-11 to 0.9464693592443284 adjusted 1 weight 
Training 283994a4 completed after 10s 586ms
Training 283994a4 compacted
Compact 283994a4 Score: 0.946434795276452, Error: 0.053479221388998646 -> 0.053513904725096616, 👿 -0.0000347
Trained 283994a4 Score: 0.9460751939457127, Error: 0.053479221388998646 -> 0.05387334605583867, 👿 -0.000394
Constant neuron 00bc28d4-2a11-446e-a058-5979e95744e3 convert hidden to constant
Adjust neuron 00bc28d4-2a11-446e-a058-5979e95744e3 bias 0.4175334 to 0.4387027556338908
Training 2e1e8d65 scheduled
Training 2e1e8d65 with 1 binary file, target error: 0.05, iterations: 1, sample rate: 100%, sparse: 100%
Training a5bbba36 completed after 10s 266ms
Training a5bbba36 compacted
Compact a5bbba36 Score: 0.9464166028163877, Error: 0.053479180757222994 -> 0.05353209718516099, 👿 -0.0000529
Trained a5bbba36 Score: 0.9434172191546673, Error: 0.053479180757222994 -> 0.05653132084688415, 👿 -0.00305
Fine tuning increased fitness by 3.704535134207987e-8 to 0.9464695057302998 adjusted 1 weight 
Training b79fc43d scheduled
Training b79fc43d with 1 binary file, target error: 0.05, iterations: 1, sample rate: 100%, sparse: 100%
Training 2e1e8d65 completed after 10s 670ms
Training 2e1e8d65 compacted
Discovered beneficial synapse from 76762ed2-1c3c-4be7-9db1-86df57eae7d7 to 1d93b708-f7ad-448f-b365-b15dea77e1d4 with weight -1.0000, helping 71.5% more records than it harms (3941/4613)
Discovery 283994a4 analyze time 47s 716ms found 1 candidates
Compact 2e1e8d65 Score: 0.9464199114659493, Error: 0.053479071316603 -> 0.053528788535599406, 👿 -0.0000497
Trained 2e1e8d65 Score: 0.9443733231857653, Error: 0.053479071316603 -> 0.055575216815786116, 👿 -0.00210
Discovered harmful synapse from 1d93b708-f7ad-448f-b365-b15dea77e1d4 to c673e159-dae4-487b-afb7-01397a433d32, harming 48.7% more records than it helps (566/4613)
Discovery 283994a4 analyze harmful time 3s 47ms found 1 candidates
Discovery 283994a4 analyze squashes time 2s 353ms found 0 candidates
Training 72b4f021 scheduled
Training 72b4f021 with 1 binary file, target error: 0.05, iterations: 1, sample rate: 100%, sparse: 100%
Training b79fc43d completed after 10s 492ms
Training b79fc43d compacted
Compact b79fc43d Score: 0.9460002803796363, Error: 0.05347903427125168 -> 0.053948399621913126, 👿 -0.000469
Trained b79fc43d Score: 0.7920793951545017, Error: 0.05347903427125168 -> 0.20786914484704977, 👿 -0.154
Generation 10 score 0.9464695057302998 (avg: 0.9426) error 0.05347903427125168 avg time 8s 530ms
Training 4b30a842 scheduled
Training 4b30a842 with 1 binary file, target error: 0.05, iterations: 1, sample rate: 100%, sparse: 100%
Training 72b4f021 completed after 10s 808ms
Training 72b4f021 compacted
Compact 72b4f021 Score: 0.9463769532556298, Error: 0.053479034394144455 -> 0.053571746745918955, 👿 -0.0000927
Trained 72b4f021 Score: 0.9252853193149241, Error: 0.053479034394144455 -> 0.0746632206866274, 👿 -0.0212
Discovery 52043c20 scheduled
Discovery 52043c20 with 1 binary files, sample rate: 100%, batch size: 512
compactUnused: 82bb346d-a5d8-42b8-bbad-cd3abe0f06f2 already connected to first-one
compactUnused: 82bb346d-a5d8-42b8-bbad-cd3abe0f06f2 already connected to first-one with type condition required condition
Discovery 52043c20 initialize time 102ms
Discovery 52043c20 processing .trainData-location_88/SWITZERLAND/data.bin
Fine tuning increased fitness by 1.510597313902906e-9 to 0.9464695072408971 adjusted 2 weights 
Discovery 52043c20 read time 4ms for .trainData-location_88/SWITZERLAND/data.bin with 4613 records
Discovery 52043c20 scanning time 5s 632ms
Discovery 52043c20 recorded time 7s 571ms
Training 0931da27 scheduled
Training 0931da27 with 1 binary file, target error: 0.05, iterations: 1, sample rate: 100%, sparse: 100%
Fine tuning increased fitness by 6.097928162418498e-9 to 0.9464695133388252 adjusted 2 weights 
Training 4b30a842 completed after 9s 746ms
Fine 4b30a842 Score: 0.7302928290876773, Error: 0.05347903440589362 -> 0.2696557109138739, 👿 -0.216, Variant: overshot
Fine 4b30a842 Score: 0.5623678516027776, Error: 0.05347903440589362 -> 0.43758068839877357, 👿 -0.384, Variant: undershot
Trained 4b30a842 Score: 0.011397107721128572, Error: 0.05347903440589362 -> 0.9885514322804227, 👿 -0.935
Fine tuning increased fitness by 2.4308965729247234e-8 to 0.946469537647791 adjusted 1 weight 
Training 49dbeebb scheduled
Training 49dbeebb with 1 binary file, target error: 0.05, iterations: 1, sample rate: 100%, sparse: 100%
Training 0931da27 completed after 10s 409ms
Training 0931da27 compacted
Compact 0931da27 Score: 0.9464130589690857, Error: 0.05347901666272661 -> 0.0535356310324633, 👿 -0.0000566
Trained 0931da27 Score: 0.9437914718503682, Error: 0.05347901666272661 -> 0.056157058151183686, 👿 -0.00268
Training 2d66da48 scheduled
Training 2d66da48 with 1 binary file, target error: 0.05, iterations: 1, sample rate: 100%, sparse: 100%
Fine tuning increased fitness by 2.3419194872253968e-7 to 0.9464699079827352 adjusted 2 weights 
Training 49dbeebb completed after 10s 475ms
Training 49dbeebb compacted
Compact 49dbeebb Score: 0.9460008877171701, Error: 0.05347894044054762 -> 0.053947782284379804, 👿 -0.000469
Trained 49dbeebb Score: 0.8658404421825755, Error: 0.05347894044054762 -> 0.13410808781897635, 👿 -0.0806
Discovered beneficial synapse from 4f634fd2-52f2-48d1-af4d-34a1c2e45dbc to c673e159-dae4-487b-afb7-01397a433d32 with weight 1.0000, helping 44.4% more records than it harms (2713/4613)
Discovery 52043c20 analyze time 41s 814ms found 1 candidates
Fine tuning increased fitness by 5.94583510649116e-7 to 0.9464705025662459 adjusted 2 weights 
Discovered harmful synapse from input-1068 to 98e54577-7115-4bae-896b-f3e4afc0c4f4, harming 41.8% more records than it helps (1328/4613)
Discovery 52043c20 analyze harmful time 2s 756ms found 1 candidates
Discovery 52043c20 analyze squashes time 2s 695ms found 0 candidates
Discovery cfbc3c4c scheduled
Training cfbc3c4c scheduled
Training cfbc3c4c with 1 binary file, target error: 0.05, iterations: 1, sample rate: 100%, sparse: 100%
Discovery cfbc3c4c with 1 binary files, sample rate: 100%, batch size: 512
Discovery cfbc3c4c initialize time 99ms
Discovery cfbc3c4c processing .trainData-location_88/SWITZERLAND/data.bin
Training 2d66da48 completed after 10s 454ms
Training 2d66da48 compacted
Discovery cfbc3c4c read time 12ms for .trainData-location_88/SWITZERLAND/data.bin with 4613 records
Discovery cfbc3c4c scanning time 6s 41ms
Discovery cfbc3c4c recorded time 7s 716ms
Compact 2d66da48 Score: 0.9463471950616735, Error: 0.053478622018816604 -> 0.05360149493987556, 👿 -0.000123
Trained 2d66da48 Score: 0.8872783211404521, Error: 0.053478622018816604 -> 0.11267020886109964, 👿 -0.0592
Fine tuning increased fitness by 0.0000027928162357193642 to 0.946474540232503 adjusted 2 weights 
Generation 20 score 0.946474540232503 (avg: 0.9307) error 0.05347398976904882 avg time 8s 491ms
Training 6dae1211 scheduled
Training 6dae1211 with 1 binary file, target error: 0.05, iterations: 1, sample rate: 100%, sparse: 100%
Training cfbc3c4c completed after 10s 482ms
Training cfbc3c4c compacted
Compact cfbc3c4c Score: 0.9464277788678715, Error: 0.05347678258528454 -> 0.05352091113367736, 👿 -0.0000441
Trained cfbc3c4c Score: 0.9453800996248172, Error: 0.05347678258528454 -> 0.05456843037673464, 👿 -0.00109
Training cc2fbe73 scheduled
Training cc2fbe73 with 1 binary file, target error: 0.05, iterations: 1, sample rate: 100%, sparse: 100%
Training 6dae1211 completed after 10s 221ms
Training 6dae1211 compacted
Discovered beneficial synapse from input-1012 to 98e54577-7115-4bae-896b-f3e4afc0c4f4 with weight 1.0000, helping 37.9% more records than it harms (3165/4613)
Discovery cfbc3c4c analyze time 32s 775ms found 1 candidates
Compact 6dae1211 Score: 0.946444295058681, Error: 0.05346947159972154 -> 0.05350439494286796, 👿 -0.0000349
Trained 6dae1211 Score: 0.9461863701114932, Error: 0.05346947159972154 -> 0.053762159890058635, 👿 -0.000293
Discovered harmful synapse from 1d93b708-f7ad-448f-b365-b15dea77e1d4 to c673e159-dae4-487b-afb7-01397a433d32, harming 48.8% more records than it helps (565/4613)
Discovery cfbc3c4c analyze harmful time 3s 11ms found 1 candidates
Discovery cfbc3c4c analyze squashes time 2s 633ms found 0 candidates
Discovery 2d813045 scheduled
Training 2d813045 scheduled
Training 2d813045 with 1 binary file, target error: 0.05, iterations: 1, sample rate: 100%, sparse: 100%
Discovery 2d813045 with 1 binary files, sample rate: 100%, batch size: 512
Discovery 2d813045 initialize time 101ms
Discovery 2d813045 processing .trainData-location_88/SWITZERLAND/data.bin
Training cc2fbe73 completed after 10s 318ms
Training cc2fbe73 compacted
Discovery 2d813045 read time 5ms for .trainData-location_88/SWITZERLAND/data.bin with 4613 records
Discovery 2d813045 scanning time 6s 277ms
Discovery 2d813045 recorded time 7s 747ms
Compact cc2fbe73 Score: 0.9464237738471952, Error: 0.05346947540696655 -> 0.05352491615435379, 👿 -0.0000554
Trained cc2fbe73 Score: 0.9431783484717535, Error: 0.05346947540696655 -> 0.056770181529798236, 👿 -0.00330
Fine tuning increased fitness by 1.6385300893873023e-9 to 0.9464790979513413 adjusted 2 weights 
Training 2d813045 completed after 10s 838ms
Training 2d813045 compacted
Compact 2d813045 Score: 0.9454826103385175, Error: 0.053469435216097545 -> 0.05446607966303141, 👿 -0.000997
Trained 2d813045 Score: 0.9203465811263007, Error: 0.053469435216097545 -> 0.07960194887525104, 👿 -0.0261
Discovered beneficial synapse from 4f634fd2-52f2-48d1-af4d-34a1c2e45dbc to c673e159-dae4-487b-afb7-01397a433d32 with weight 1.0000, helping 44.9% more records than it harms (2725/4613)
Discovery 2d813045 analyze time 21s 696ms found 1 candidates
Discovered harmful synapse from input-1068 to 98e54577-7115-4bae-896b-f3e4afc0c4f4, harming 41.7% more records than it helps (1329/4613)
Discovery 2d813045 analyze harmful time 2s 968ms found 1 candidates
Discovery 2d813045 analyze squashes time 3s 179ms found 0 candidates
Generation 29 score 0.9464790992501774 (avg: 0.9451) error 0.05346943075137445 avg time 7s 541ms
Set training/discovery clean up count to 2
Waiting for discovery to complete
Generation 30 score 0.9464790993725141 (avg: 0.9464) error 0.05346943062903775 avg time 910ms
Waiting for training/discovery clean up 2
Generation 31 score 0.9464790995297149 (avg: 0.9377) error 0.053469430471836964 avg time 762ms
Waiting for training/discovery clean up 1
Fine tuning increased fitness by 4.14194234465981e-11 to 0.9464790995711343 adjusted 2 weights 
Generation 32 score 0.9464790995711343 (avg: 0.9465) error 0.05346943043041747 avg time 771ms
{
  error: 0.05346943043041747,
  score: 0.9464790995711343,
  generation: 32,
  time: 270312,
  startScore: 0.9464693186125528
}
NONE , score: 0.9492423784028219
process (poor score) NONE , score: 0.9492423784028219 lvl: 2
loaded ../GRQ-portfolio/best/location/v1/NONE.json
9 mutations, mutation rate 50.0%, elitism 2, mutation FFW, selection TOURNAMENT
Creature count: 50
Culling duplicate creature at 1 of 51
DeDuplication of 1 creatures to 50 in 111ms (previous experiment )
Discovery 4009dec3 scheduled
Training 4009dec3 scheduled
Training 4009dec3 with 1 binary file, target error: 0.05, iterations: 1, sample rate: 100%, sparse: 100%
Discovery 4009dec3 with 1 binary files, sample rate: 100%, batch size: 512
Discovery 4009dec3 initialize time 99ms
Discovery 4009dec3 processing .trainData-location_88/NONE/data.bin
Constant neuron eb4c4730-ec13-4499-9a7c-1094c43e51d7 convert hidden to constant
Adjust neuron eb4c4730-ec13-4499-9a7c-1094c43e51d7 bias -0.05721497784321168 to -0.0571526273843627
Discovery 4009dec3 read time 9ms for .trainData-location_88/NONE/data.bin with 4613 records
Discovery 4009dec3 scanning time 4s 365ms
Discovery 4009dec3 recorded time 6s 82ms
Training e38b6312 scheduled
Training e38b6312 with 1 binary file, target error: 0.05, iterations: 1, sample rate: 100%, sparse: 100%
Training 4009dec3 completed after 5s 905ms
Training 4009dec3 compacted
Compact 4009dec3 Score: 0.9491331012872076, Error: 0.05072495059945493 -> 0.05083435771506563, 👿 -0.000109
Trained 4009dec3 Score: 0.9483733388750324, Error: 0.05072495059945493 -> 0.05159399012724436, 👿 -0.000869
Training aaad9d24 scheduled
Training aaad9d24 with 1 binary file, target error: 0.05, iterations: 1, sample rate: 100%, sparse: 100%
Discovered beneficial synapse from input-1069 to 309f2ad5-64d6-4423-90c4-e0e703fbe12a with weight 1.0000, helping 28.6% more records than it harms (2276/4613)
Discovery 4009dec3 analyze time 9s 421ms found 1 candidates
Discovered harmful synapse from input-570 to 309f2ad5-64d6-4423-90c4-e0e703fbe12a, harming 24.8% more records than it helps (1046/4613)
Discovery 4009dec3 analyze harmful time 1s 275ms found 1 candidates
Training e38b6312 completed after 6s 7ms
Training e38b6312 compacted
Discovery 4009dec3 analyze squashes time 1s 319ms found 0 candidates
Compact e38b6312 Score: 0.9490549371963485, Error: 0.05072495770418262 -> 0.050912521805924725, 👿 -0.000188
Trained e38b6312 Score: 0.9188128222274359, Error: 0.05072495770418262 -> 0.08115450677484087, 👿 -0.0304
Discovery d29db8e0 scheduled
Training d29db8e0 scheduled
Training d29db8e0 with 1 binary file, target error: 0.05, iterations: 1, sample rate: 100%, sparse: 100%
Discovery d29db8e0 with 1 binary files, sample rate: 100%, batch size: 512
Discovery d29db8e0 initialize time 97ms
Discovery d29db8e0 processing .trainData-location_88/NONE/data.bin
Fine tuning increased fitness by 2.298724177673961e-8 to 0.9492424169606591 adjusted 29 weights, 1 bias 
Training aaad9d24 completed after 5s 425ms
Training aaad9d24 compacted
Discovery d29db8e0 read time 7ms for .trainData-location_88/NONE/data.bin with 4613 records
Discovery d29db8e0 scanning time 4s 801ms
Compact aaad9d24 Score: 0.9491331168577948, Error: 0.05072493502885949 -> 0.05083434214447849, 👿 -0.000109
Trained aaad9d24 Score: 0.9478869692046211, Error: 0.05072493502885949 -> 0.05208035979765565, 👿 -0.00136
Fine tuning increased fitness by 3.2955065887296797e-7 to 0.949242746511318 adjusted 29 weights, 1 bias 
Discovery d29db8e0 recorded time 5s 919ms
Training 276cce60 scheduled
Training 276cce60 with 1 binary file, target error: 0.05, iterations: 1, sample rate: 100%, sparse: 100%
Fine tuning increased fitness by 5.937269867972716e-7 to 0.9492433402383048 adjusted 1 weight 
Training d29db8e0 completed after 5s 967ms
Training d29db8e0 compacted
Compact d29db8e0 Score: 0.9490549830114121, Error: 0.0507249120416177 -> 0.05091247599086118, 👿 -0.000188
Trained d29db8e0 Score: 0.884049054455128, Error: 0.0507249120416177 -> 0.11591827454714876, 👿 -0.0652
Discovered beneficial synapse from input-1069 to 309f2ad5-64d6-4423-90c4-e0e703fbe12a with weight 1.0000, helping 28.6% more records than it harms (2276/4613)
Discovery d29db8e0 analyze time 9s 66ms found 1 candidates
Fine tuning increased fitness by 0.0000011489851571289122 to 0.9492444892234619 adjusted 1 weight 
Discovered harmful synapse from input-570 to 309f2ad5-64d6-4423-90c4-e0e703fbe12a, harming 24.8% more records than it helps (1046/4613)
Discovery d29db8e0 analyze harmful time 1s 272ms found 1 candidates
Discovery d29db8e0 analyze squashes time 1s 248ms found 0 candidates
Discovery e81c93ce scheduled
Training e81c93ce scheduled
Training e81c93ce with 1 binary file, target error: 0.05, iterations: 1, sample rate: 100%, sparse: 100%
Discovery e81c93ce with 1 binary files, sample rate: 100%, batch size: 512
Discovery e81c93ce initialize time 99ms
Discovery e81c93ce processing .trainData-location_88/NONE/data.bin
Fine tuning increased fitness by 0.0000025397310218222557 to 0.9492470289544838 adjusted 1 weight 
Training 276cce60 completed after 5s 717ms
Training 276cce60 compacted
Compact 276cce60 Score: 0.9490559075596777, Error: 0.050723978763972784 -> 0.05091154144259648, 👿 -0.000188
Trained 276cce60 Score: 0.941629818449907, Error: 0.050723978763972784 -> 0.058337500552370664, 👿 -0.00761
Discovery e81c93ce read time 5ms for .trainData-location_88/NONE/data.bin with 4613 records
Discovery e81c93ce scanning time 4s 841ms
Fine tuning increased fitness by 0.0000041511589710108154 to 0.9492511801134548 adjusted 1 weight 
Discovery e81c93ce recorded time 5s 854ms
Training 8990101a scheduled
Training 8990101a with 1 binary file, target error: 0.05, iterations: 1, sample rate: 100%, sparse: 100%
Fine tuning increased fitness by 0.000006092188670536736 to 0.9492572723021253 adjusted 1 weight 
Training e81c93ce completed after 6s 7ms
Training e81c93ce compacted
Generation 10 score 0.9492572723021253 (avg: 0.9493) error 0.050710046700152285 avg time 5s 266ms
Compact e81c93ce Score: 0.9490596016091, Error: 0.050720290047793895 -> 0.05090784739317424, 👿 -0.000188
Trained e81c93ce Score: 0.9376846977437366, Error: 0.050720290047793895 -> 0.06228262125854097, 👿 -0.0116
Fine tuning increased fitness by 0.000006204408181664789 to 0.949263476710307 adjusted 1 weight 
Discovered beneficial synapse from input-1069 to 309f2ad5-64d6-4423-90c4-e0e703fbe12a with weight 1.0000, helping 28.6% more records than it harms (2277/4613)
Discovery e81c93ce analyze time 9s 217ms found 1 candidates
Training 51f41a5a scheduled
Training 51f41a5a with 1 binary file, target error: 0.05, iterations: 1, sample rate: 100%, sparse: 100%
Discovered harmful synapse from input-570 to 309f2ad5-64d6-4423-90c4-e0e703fbe12a, harming 24.7% more records than it helps (1047/4613)
Discovery e81c93ce analyze harmful time 1s 377ms found 1 candidates
Fine tuning increased fitness by 1.776453572022163e-7 to 0.9492636543556642 adjusted 1 weight 
Discovery e81c93ce analyze squashes time 1s 342ms found 0 candidates
Training 8990101a completed after 5s 816ms
Training 8990101a compacted
Compact 8990101a Score: 0.9491479954263139, Error: 0.050710046700152285 -> 0.05081945357596029, 👿 -0.000109
Trained 8990101a Score: 0.948519711842542, Error: 0.050710046700152285 -> 0.05144760715973559, 👿 -0.000738
Discovery c47d07f9 scheduled
Discovery c47d07f9 with 1 binary files, sample rate: 100%, batch size: 512
Discovery c47d07f9 initialize time 100ms
Discovery c47d07f9 processing .trainData-location_88/NONE/data.bin
Fine tuning increased fitness by 4.392132213482114e-10 to 0.9492636547948774 adjusted 1 weight 
Training d250c4b3 scheduled
Training d250c4b3 with 1 binary file, target error: 0.05, iterations: 1, sample rate: 100%, sparse: 100%
Discovery c47d07f9 read time 3ms for .trainData-location_88/NONE/data.bin with 4613 records
Discovery c47d07f9 scanning time 4s 503ms
Fine tuning increased fitness by 4.657474406144502e-10 to 0.9492636552606248 adjusted 1 weight 
Discovery c47d07f9 recorded time 5s 714ms
Training 51f41a5a completed after 6s 3ms
Training 51f41a5a compacted
Compact 51f41a5a Score: 0.9491543779745977, Error: 0.05070366464661343 -> 0.05081307102767651, 👿 -0.000109
Trained 51f41a5a Score: 0.88996029024431, Error: 0.05070366464661343 -> 0.11000702875796763, 👿 -0.0593
Training 109ef7e1 scheduled
Training 109ef7e1 with 1 binary file, target error: 0.05, iterations: 1, sample rate: 100%, sparse: 100%
Discovered beneficial synapse from input-1069 to 309f2ad5-64d6-4423-90c4-e0e703fbe12a with weight 1.0000, helping 28.6% more records than it harms (2275/4613)
Discovery c47d07f9 analyze time 9s 748ms found 1 candidates
Training d250c4b3 completed after 5s 837ms
Training d250c4b3 compacted
Discovered harmful synapse from input-570 to 309f2ad5-64d6-4423-90c4-e0e703fbe12a, harming 24.5% more records than it helps (1050/4613)
Discovery c47d07f9 analyze harmful time 1s 341ms found 1 candidates
Compact d250c4b3 Score: 0.9491543788763981, Error: 0.05070366374165282 -> 0.05081307012587611, 👿 -0.000109
Trained d250c4b3 Score: 0.8952275531531008, Error: 0.05070366374165282 -> 0.1047397658491769, 👿 -0.0540
Discovery c47d07f9 analyze squashes time 1s 366ms found 0 candidates
Training 109ef7e1 completed after 5s 621ms
Training 109ef7e1 compacted
Compact 109ef7e1 Score: 0.9491543786854855, Error: 0.05070366393301653 -> 0.05081307031678876, 👿 -0.000109
Trained 109ef7e1 Score: 0.948858544733089, Error: 0.05070366393301653 -> 0.05110877426918867, 👿 -0.000405
Generation 20 score 0.9492636552606248 (avg: 0.9258) error 0.05070366374165282 avg time 4s 218ms
Discovery 8f586409 scheduled
Training 8f586409 scheduled
Training 8f586409 with 1 binary file, target error: 0.05, iterations: 1, sample rate: 100%, sparse: 100%
Discovery 8f586409 with 1 binary files, sample rate: 100%, batch size: 512
Discovery 8f586409 initialize time 101ms
Discovery 8f586409 processing .trainData-location_88/NONE/data.bin
Fine tuning increased fitness by 1.0361069302522452e-7 to 0.9492637588713179 adjusted 1 weight 
Discovery 8f586409 read time 4ms for .trainData-location_88/NONE/data.bin with 4613 records
Discovery 8f586409 scanning time 4s 662ms
Fine tuning increased fitness by 2.014707135566951e-7 to 0.9492639603420314 adjusted 1 weight 
Discovery 8f586409 recorded time 5s 753ms
Training 8ad830d8 scheduled
Training 8ad830d8 with 1 binary file, target error: 0.05, iterations: 1, sample rate: 100%, sparse: 100%
Fine tuning increased fitness by 3.7967444521669336e-7 to 0.9492643400164766 adjusted 1 weight 
Training 8f586409 completed after 5s 679ms
Training 8f586409 compacted
Compact 8f586409 Score: 0.9490763815097639, Error: 0.05070355013096069 -> 0.050891057492511084, 👿 -0.000188
Trained 8f586409 Score: 0.880385473298474, Error: 0.05070355013096069 -> 0.11958183570380448, 👿 -0.0689
Fine tuning increased fitness by 6.171396847998167e-7 to 0.9492649571561614 adjusted 1 weight 
Discovered beneficial synapse from input-1069 to 309f2ad5-64d6-4423-90c4-e0e703fbe12a with weight 1.0000, helping 28.6% more records than it harms (2275/4613)
Discovery 8f586409 analyze time 9s 97ms found 1 candidates
Discovered harmful synapse from input-570 to 309f2ad5-64d6-4423-90c4-e0e703fbe12a, harming 24.5% more records than it helps (1050/4613)
Discovery 8f586409 analyze harmful time 1s 281ms found 1 candidates
Generation 30 score 0.9492649571561614 (avg: 0.9465) error 0.05070235184611718 avg time 4s 196ms
Discovery 8f586409 analyze squashes time 1s 353ms found 0 candidates
Discovery 957900e4 scheduled
Training 957900e4 scheduled
Training 957900e4 with 1 binary file, target error: 0.05, iterations: 1, sample rate: 100%, sparse: 100%
Discovery 957900e4 with 1 binary files, sample rate: 100%, batch size: 512
Discovery 957900e4 initialize time 98ms
Discovery 957900e4 processing .trainData-location_88/NONE/data.bin
Fine tuning increased fitness by 9.96201923730844e-7 to 0.9492659533580852 adjusted 1 weight 
Training 8ad830d8 completed after 5s 496ms
Training 8ad830d8 compacted
Discovery 957900e4 read time 7ms for .trainData-location_88/NONE/data.bin with 4613 records
Discovery 957900e4 scanning time 4s 697ms
Compact 8ad830d8 Score: 0.9491550636322498, Error: 0.050702968985801934 -> 0.05081237537002524, 👿 -0.000109
Trained 8ad830d8 Score: 0.9439416338706226, Error: 0.050702968985801934 -> 0.056025675131655975, 👿 -0.00532
Fine tuning increased fitness by 0.0000016634857187280971 to 0.9492676168438039 adjusted 1 weight 
Discovery 957900e4 recorded time 5s 713ms
Training 20f1836e scheduled
Training 20f1836e with 1 binary file, target error: 0.05, iterations: 1, sample rate: 100%, sparse: 100%
Fine tuning increased fitness by 0.000002236610958772367 to 0.9492698534547627 adjusted 1 weight 
Training 957900e4 completed after 5s 672ms
Training 957900e4 compacted
Compact 957900e4 Score: 0.9491566769738584, Error: 0.050701355644193376 -> 0.05081076202841667, 👿 -0.000109
Trained 957900e4 Score: 0.9487038483166514, Error: 0.050701355644193376 -> 0.0512634606856272, 👿 -0.000562
Discovered beneficial synapse from input-1069 to 309f2ad5-64d6-4423-90c4-e0e703fbe12a with weight 1.0000, helping 28.6% more records than it harms (2275/4613)
Discovery 957900e4 analyze time 9s 126ms found 1 candidates
Fine tuning increased fitness by 0.00000161878852800168 to 0.9492714722432907 adjusted 1 weight 
Discovered harmful synapse from input-570 to 309f2ad5-64d6-4423-90c4-e0e703fbe12a, harming 24.5% more records than it helps (1050/4613)
Discovery 957900e4 analyze harmful time 1s 281ms found 1 candidates
Discovery 957900e4 analyze squashes time 1s 215ms found 0 candidates
Discovery d8cdcbdf scheduled
Training d8cdcbdf scheduled
Training d8cdcbdf with 1 binary file, target error: 0.05, iterations: 1, sample rate: 100%, sparse: 100%
Discovery d8cdcbdf with 1 binary files, sample rate: 100%, batch size: 512
Discovery d8cdcbdf initialize time 100ms
Discovery d8cdcbdf processing .trainData-location_88/NONE/data.bin
Fine tuning increased fitness by 8.600531398172961e-9 to 0.9492714808438221 adjusted 1 weight 
Training 20f1836e completed after 5s 317ms
Training 20f1836e compacted
Discovery d8cdcbdf read time 5ms for .trainData-location_88/NONE/data.bin with 4613 records
Discovery d8cdcbdf scanning time 5s 9ms
Compact 20f1836e Score: 0.9491605770705359, Error: 0.05069745554751587 -> 0.05080686193173916, 👿 -0.000109
Trained 20f1836e Score: 0.948507896250453, Error: 0.05069745554751587 -> 0.05145941275182563, 👿 -0.000762
Discovery d8cdcbdf recorded time 6s 18ms
Training fe397f09 scheduled
Training fe397f09 with 1 binary file, target error: 0.05, iterations: 1, sample rate: 100%, sparse: 100%
Training d8cdcbdf completed after 5s 789ms
Training d8cdcbdf compacted
Discovered beneficial synapse from input-1069 to 309f2ad5-64d6-4423-90c4-e0e703fbe12a with weight 1.0000, helping 28.5% more records than it harms (2274/4613)
Discovery d8cdcbdf analyze time 9s 969ms found 1 candidates
Compact d8cdcbdf Score: 0.9490841034822681, Error: 0.05069582815845654 -> 0.05088333552000693, 👿 -0.000188
Trained d8cdcbdf Score: 0.8989018078380152, Error: 0.05069582815845654 -> 0.10106550116426337, 👿 -0.0504
Training 612a43ed scheduled
Training 612a43ed with 1 binary file, target error: 0.05, iterations: 1, sample rate: 100%, sparse: 100%
Discovered harmful synapse from input-570 to 309f2ad5-64d6-4423-90c4-e0e703fbe12a, harming 24.8% more records than it helps (1045/4613)
Discovery d8cdcbdf analyze harmful time 1s 462ms found 1 candidates
Fine tuning increased fitness by 2.2230090068742214e-7 to 0.9492717031447228 adjusted 2 weights 
Discovery d8cdcbdf analyze squashes time 1s 291ms found 0 candidates
Training fe397f09 completed after 5s 783ms
Training fe397f09 compacted
Compact fe397f09 Score: 0.9490841033119204, Error: 0.05069582832880429 -> 0.05088333569035467, 👿 -0.000188
Trained fe397f09 Score: 0.9091446369522967, Error: 0.05069582832880429 -> 0.09082267204998182, 👿 -0.0401
Discovery 16f5d0d2 scheduled
Training 16f5d0d2 scheduled
Training 16f5d0d2 with 1 binary file, target error: 0.05, iterations: 1, sample rate: 100%, sparse: 100%
Discovery 16f5d0d2 with 1 binary files, sample rate: 100%, batch size: 512
Discovery 16f5d0d2 initialize time 99ms
Discovery 16f5d0d2 processing .trainData-location_88/NONE/data.bin
Fine tuning increased fitness by 1.8455851136245371e-7 to 0.9492718877032341 adjusted 2 weights 
Discovery 16f5d0d2 read time 10ms for .trainData-location_88/NONE/data.bin with 4613 records
Discovery 16f5d0d2 scanning time 4s 939ms
Training 612a43ed completed after 5s 934ms
Training 612a43ed compacted
Discovery 16f5d0d2 recorded time 6s 391ms
Compact 612a43ed Score: 0.9490843340946113, Error: 0.05069560585755588 -> 0.05088310490766362, 👿 -0.000187
Trained 612a43ed Score: 0.8728267129506216, Error: 0.05069560585755588 -> 0.127140596051657, 👿 -0.0764
Training 6e436fdc scheduled
Training 6e436fdc with 1 binary file, target error: 0.05, iterations: 1, sample rate: 100%, sparse: 100%
Fine tuning increased fitness by 1.2956110850836922e-8 to 0.949271900659345 adjusted 2 weights 
Training 16f5d0d2 completed after 5s 532ms
Training 16f5d0d2 compacted
Generation 40 score 0.949271900659345 (avg: 0.8518) error 0.0506954083429336 avg time 5s 778ms
Compact 16f5d0d2 Score: 0.9491626114542355, Error: 0.050695421299044474 -> 0.0508048275480395, 👿 -0.000109
Trained 16f5d0d2 Score: 0.9476969192708695, Error: 0.050695421299044474 -> 0.05227038973140906, 👿 -0.00157
Training 753617af scheduled
Training 753617af with 1 binary file, target error: 0.05, iterations: 1, sample rate: 100%, sparse: 100%
Fine tuning increased fitness by 3.1783587983724715e-9 to 0.9492719038377038 adjusted 2 weights 
Discovered beneficial synapse from input-1069 to 309f2ad5-64d6-4423-90c4-e0e703fbe12a with weight 1.0000, helping 28.4% more records than it harms (2272/4613)
Discovery 16f5d0d2 analyze time 9s 349ms found 1 candidates
Discovered harmful synapse from input-570 to 309f2ad5-64d6-4423-90c4-e0e703fbe12a, harming 24.9% more records than it helps (1043/4613)
Discovery 16f5d0d2 analyze harmful time 1s 355ms found 1 candidates
Discovery 16f5d0d2 analyze squashes time 1s 246ms found 0 candidates
Training 6e436fdc completed after 5s 483ms
Training 6e436fdc compacted
Compact 6e436fdc Score: 0.9491626244135929, Error: 0.0506954083429336 -> 0.05080481458868216, 👿 -0.000109
Trained 6e436fdc Score: 0.9488565066298846, Error: 0.0506954083429336 -> 0.05111080237239395, 👿 -0.000415
Discovery 6a7bc655 scheduled
Training 6a7bc655 scheduled
Training 6a7bc655 with 1 binary file, target error: 0.05, iterations: 1, sample rate: 100%, sparse: 100%
Discovery 6a7bc655 with 1 binary files, sample rate: 100%, batch size: 512
Discovery 6a7bc655 initialize time 104ms
Discovery 6a7bc655 processing .trainData-location_88/NONE/data.bin
Training 753617af completed after 5s 711ms
Training 753617af compacted
Discovery 6a7bc655 read time 3ms for .trainData-location_88/NONE/data.bin with 4613 records
Discovery 6a7bc655 scanning time 4s 711ms
Discovery 6a7bc655 recorded time 6s 400ms
Compact 753617af Score: 0.9491626275956233, Error: 0.050695405164574776 -> 0.050804811406651704, 👿 -0.000109
Trained 753617af Score: 0.8917833098117882, Error: 0.050695405164574776 -> 0.10818399919049036, 👿 -0.0575
Fine tuning increased fitness by 3.249169822083786e-10 to 0.9492719070413546 adjusted 2 weights 
Remove neuron ff8af450-cfba-4a5b-adc1-fbb7dbdcbae0 as no longer connected
Training 6a7bc655 completed after 5s 801ms
Training 6a7bc655 compacted
Compact 6a7bc655 Score: 0.9490845364435115, Error: 0.05069540228584101 -> 0.05088290255876349, 👿 -0.000188
Trained 6a7bc655 Score: 0.9356364420720208, Error: 0.05069540228584101 -> 0.06433086693025783, 👿 -0.0136
Fine tuning increased fitness by 2.215969963081932e-9 to 0.9492719092573245 adjusted 2 weights 
Discovered beneficial synapse from input-1069 to 309f2ad5-64d6-4423-90c4-e0e703fbe12a with weight 1.0000, helping 28.4% more records than it harms (2272/4613)
Discovery 6a7bc655 analyze time 9s 115ms found 1 candidates
Discovered harmful synapse from input-570 to 309f2ad5-64d6-4423-90c4-e0e703fbe12a, harming 24.9% more records than it helps (1043/4613)
Discovery 6a7bc655 analyze harmful time 1s 417ms found 1 candidates
Discovery 6a7bc655 analyze squashes time 1s 395ms found 0 candidates
Fine tuning increased fitness by 1.3635930162791965e-9 to 0.9492719106209175 adjusted 2 weights 
Fine tuning increased fitness by 7.208228458566168e-10 to 0.9492719113417404 adjusted 2 weights 
Fine tuning increased fitness by 5.114171308662208e-10 to 0.9492719118531575 adjusted 2 weights 
Remove neuron 4f4cad30-dea6-4f16-a328-c92d2276049d as no longer connected
Generation 48 score 0.9492719118531575 (avg: 0.8951) error 0.050695397149121094 avg time 4s 890ms
{
  error: 0.050695397149121094,
  score: 0.9492719118531575,
  generation: 48,
  time: 243744,
  startScore: 0.9492423784028219
}
MN , score: 0.9578933129652555
process (poor score) MN , score: 0.9578933129652555 lvl: 2
loaded ../GRQ-portfolio/best/location/v1/MN.json
4 mutations, mutation rate 5.0%, elitism 6, mutation FFW, selection TOURNAMENT
Creature count: 50
Culling duplicate creature at 1 of 51
DeDuplication of 1 creatures to 50 in 242ms (previous experiment )
Discovery 87a54cad scheduled
Training 87a54cad scheduled
Training 87a54cad with 1 binary file, target error: 0.05, iterations: 1, sample rate: 100%, sparse: 100%
Discovery 87a54cad with 1 binary files, sample rate: 100%, batch size: 512
Discovery 87a54cad initialize time 96ms
Discovery 87a54cad processing .trainData-location_88/MN/data.bin
Generation 1 score 0.9578933129652555 (avg: 0.6884) error 0.04207313303481148 avg time 687ms
Set training/discovery clean up count to 2
Waiting for discovery to complete
Discovery 87a54cad read time 5ms for .trainData-location_88/MN/data.bin with 4613 records
Discovery 87a54cad scanning time 5s 112ms
Discovery 87a54cad recorded time 6s 289ms
Training 87a54cad completed after 5s 826ms
Training 87a54cad compacted
Generation 2 score 0.9579326396123814 (avg: -1.0818213739003219e+25) error 0.042033806387685634 avg time 578ms
Waiting for discovery to complete
Compact 87a54cad Score: 0.9578935424007404, Error: 0.04207313303481148 -> 0.04207302359932668, 👌 1.09e-7
Fine 87a54cad Score: 0.9576996406505136, Error: 0.04207313303481148 -> 0.04226680534955181, 👿 -0.000194, Variant: undershot
Fine 87a54cad Score: 0.9570222173507082, Error: 0.04207313303481148 -> 0.04294422864935693, 👿 -0.000871, Variant: overshot
Trained 87a54cad Score: 0.9565369681917497, Error: 0.04207313303481148 -> 0.04342947780957577, 👿 -0.00136
Generation 3 score 0.9579326396123814 (avg: -2480162033351666688.0000) error 0.042033806387685634 avg time 513ms
Waiting for discovery to complete
Generation 4 score 0.9579326396123814 (avg: 0.8578) error 0.042033806387685634 avg time 534ms
Waiting for discovery to complete
Generation 5 score 0.9579326463643266 (avg: 0.9179) error 0.04203378963574037 avg time 482ms
Waiting for discovery to complete
Fine tuning increased fitness by 2.352893480050966e-8 to 0.9579326698932614 adjusted 1 weight 
Generation 6 score 0.9579326698932614 (avg: 0.9566) error 0.04203376610680559 avg time 531ms
Waiting for discovery to complete
Discovered beneficial synapse from input-1672 to c30580db-ab56-414f-ac63-2c3f18df43ce with weight -1.0000, helping 36.4% more records than it harms (2858/4613)
Discovery 87a54cad analyze time 24s 672ms found 1 candidates
Fine tuning increased fitness by 4.036524869910352e-8 to 0.9579327102585101 adjusted 1 weight 
Discovered harmful synapse from input-1058 to c30580db-ab56-414f-ac63-2c3f18df43ce, harming 34.7% more records than it helps (1219/4613)
Discovery 87a54cad analyze harmful time 1s 553ms found 1 candidates
Generation 7 score 0.9579327102585101 (avg: 0.9572) error 0.04203372574155684 avg time 422ms
Waiting for discovery to complete
Discovery 87a54cad analyze squashes time 1s 693ms found 0 candidates
Fine tuning increased fitness by 7.362364173868485e-8 to 0.9579327838821519 adjusted 1 weight 
Generation 8 score 0.9579327838821519 (avg: 0.9579) error 0.04203365211791505 avg time 347ms
Waiting for training/discovery clean up 2
Fine tuning increased fitness by 2.9342149898692327e-7 to 0.9579330773036508 adjusted 1 weight 
Generation 9 score 0.9579330773036508 (avg: 0.9577) error 0.04203335869641609 avg time 356ms
Waiting for training/discovery clean up 1
Fine tuning increased fitness by 7.39144847328177e-7 to 0.9579338164484982 adjusted 1 weight 
Generation 10 score 0.9579338164484982 (avg: 0.9579) error 0.04203261955156875 avg time 339ms
{
  error: 0.04203261955156875,
  score: 0.9579338164484982,
  generation: 10,
  time: 48288,
  startScore: 0.9578933129652555
}
🧹 Cleaning up any inconsistent git state
✅ Git state cleanup completed
✅ Already on proper branch: Develop
From github.com:stSoftwareAU/GRQ-location
   bea426a..35aadca  Develop    -> origin/Develop
Created autostash: 69269be
error: The following untracked working tree files would be overwritten by checkout:
	v1/IN.json
Please move or remove them before you switch branches.
Aborting
Applied autostash.
error: could not detach HEAD
⚠️ git pull failed for other reasons
✅ Already on proper branch: Develop
📦 Changes detected — staging files and validating JSON
[0;32m🔍 Validating staged JSON files...[0m
[0;32m🔍 Validating: v1/IN.json[0m
[0;32m   ✅ PASSED: File is valid[0m
[0;32m🔍 Validating: v1/AL.json[0m
[0;32m   ✅ PASSED: File is valid[0m
[0;32m🔍 Validating: v1/AUSTRALIA.json[0m
[0;32m   ✅ PASSED: File is valid[0m
[0;32m🔍 Validating: v1/IRELAND.json[0m
[0;32m   ✅ PASSED: File is valid[0m
[0;32m🔍 Validating: v1/MN.json[0m
[0;32m   ✅ PASSED: File is valid[0m
[0;32m🔍 Validating: v1/NONE.json[0m
[0;32m   ✅ PASSED: File is valid[0m
[0;32m🔍 Validating: v1/NV.json[0m
[0;32m   ✅ PASSED: File is valid[0m
[0;32m🔍 Validating: v1/SWITZERLAND.json[0m
[0;32m   ✅ PASSED: File is valid[0m
[0;32m✅ All staged JSON files are valid[0m
✅ JSON validation passed — committing
✅ Already on proper branch: Develop
🔍 Pre-commit state:
🔍 Current Git State:
  Branch: Develop
  Commit: 1a3bfac8e50a627104b41486e3141946c8924a65
  Status:
M  v1/AL.json
M  v1/AUSTRALIA.json
A  v1/IN.json
M  v1/IRELAND.json
M  v1/MN.json
  Remote branches:
  origin/Develop
  origin/HEAD -> origin/Develop
[Develop ba97de5] ip-10-0-22-241 Improved location models
 8 files changed, 16236 insertions(+), 673 deletions(-)
 create mode 100644 v1/IN.json
🛡️ Preventing merge conflicts with aggressive strategy...
📦 Local commits detected (2 ahead) - using force push to prevent conflicts
To github.com:stSoftwareAU/GRQ-location.git
 + 35aadca...ba97de5 Develop -> Develop (forced update)
✅ Force push succeeded - conflicts prevented
✅ Conflict prevention succeeded
🧹 Performing final git cleanup on exit...
✅ Final cleanup completed
📥 Pulling GRQ-health with --ours strategy...
From github.com:stSoftwareAU/GRQ-health
   7d6e0a1..b1c7d56  Develop    -> origin/Develop
📦 No local changes or untracked files - checking remote state
🔄 Resetting to remote state (commit: b1c7d56f)
HEAD is now at b1c7d56 Update health status for ip-10-0-33-238 at Wed Aug  6 06:48:03 AM UTC 2025
✅ Successfully reset to remote state - all models updated by another machine
✅ GRQ-health pull succeeded in 8 seconds
Updating health information...
Updated health information for ip-10-0-22-241
