[log truncated by run.sh: showing the last 64 KB of 129 KB; the full log is on the host]
[samples] pick slot=top rank=2 score=0.41908627890320843 measured=local file=GRQ-18-1.json (#4375)
[samples] pick slot=top rank=3 score=0.41905473074409927 measured=local file=GRQ-24-1.json (#4375)
[samples] pick slot=top rank=4 score=0.4189197445470332 measured=local file=Mac-Ultra-M2-forests.json (#4375)
[samples] pick slot=top rank=5 score=0.4167582899592249 measured=local file=GRQ-24-forests.json (#4375)
[samples] pick slot=top rank=6 score=0.37456790035723775 measured=local file=GRQ-23-ockham.json (#4375)
[samples] pick slot=random rank=- score=0.37300060193681045 measured=local file=GRQ-3-lamarck.json (#4375)
[samples] pick slot=random rank=- score=0.37223229938127655 measured=local file=GRQ-18-forests.json (#4375)
[samples] seeded slots=8 of 8 top=6 random=2 considered=10 (#4677)
ℹ️ [creature-artefact] ../GRQ-portfolio/best/creature.json absent — reading legacy network.json (#4153 rollout window)
[creatures] copyNetworks: 33 creature file(s) in /Users/rocket/GRQ/.creatures (#4300)
[creatures] copyNetworks: 1.json 10.json 11.json 12.json 13.json 14.json 15.json 16.json 17.json 2.json 3.json 4.json 5.json 6.json 7.json 8.json 9.json GRQ-12-1.json GRQ-18-1.json GRQ-18-forests.json GRQ-23-ockham.json GRQ-24-1.json GRQ-24-forests.json GRQ-3-lamarck.json Mac-Ultra-M2-forests.json best.json cluster.json sampler-1.json sampler-2.json sampler-3.json sampler-4.json sampler-5.json worker.json 
2) Sample rate: 0.05, timeout: 4, costName: MSE
sampler-preflight: bounding corpus du with the bash watchdog (30s) — timeout/gtimeout is not on this host (#4744)
sampler-preflight: phase=slice-0.05 free_gb=88.2 corpus_gb=21.4 required_gb=1.3 decision=ok
[heap-grant] stage=Sampler | Heap: 4326 MB | Total RAM: 16 GB | Available: 13434 MB | Planning budget: 8192 MB | FFI/OS headroom: 1536 MB | Floor: 4096 MB | Cap: 24576 MB (default) | Clamp: 11898 MB (available)
🏭 .trainData-binary_116-sampler/sample-5.bin — 114329 of 2290119 records kept from 520 file(s), seed 9016011563052810426
📄 .trainData-binary_116-sampler/manifest.json — sha256 9374382eaa044f147182687fd37c4c1e026f2bfb55bf353928a207152bb7d325
2026-10-09T13:23:08.668Z [INFO] [Sampler] [pid-19501] 🏭 sampler implementation=refinery elapsed_ms=12780 records_read=2290119 records_written=114329 output=.trainData-binary_116-sampler/sample-5.bin
2026-10-09T13:23:08.670Z [INFO] [Sampler] [pid-19501] Total time taken: 12s 782ms
[scan-creatures] scanned=33 quarantined=0 repaired=0 reordered=0 duration=1131ms
👥 Population size (sampler loop 2): 40
[heap-grant] stage=SamplerLearn | Heap: 4326 MB | Total RAM: 16 GB | Available: 12451 MB | Planning budget: 8192 MB | FFI/OS headroom: 1536 MB | Floor: 4096 MB | Cap: 24576 MB (default) | Clamp: 10915 MB (available)
2026-10-09T13:23:10.457Z [INFO] [from-json-hook] [pid-19662] [from-json-hook] installed source=Learn
2026-10-09T13:23:10.458Z [INFO] [memoryProfile] [pid-19662] [memory-profile] host=GRQ-19 totalMB=4326 profile=low-memory popSize=20 activationCap=4
2026-10-09T13:23:10.818Z [INFO] [Learn] [pid-19662] WASM activation initialised for main thread and workers
[neat-ai] running version 7.0.51
2026-10-09T13:23:11.008Z [INFO] [Learn] [pid-19662] Julia Cox (Observations: 2,511, Neurons: 8,408, Synapses: 57,159 & Score: 0.421)
2026-10-09T13:23:11.120Z [INFO] [Learn] [pid-19662] [seed] loaded file=16.json score=none
2026-10-09T13:23:11.282Z [INFO] [Learn] [pid-19662] [seed] loaded file=GRQ-24-1.json score=0.419054734900722
2026-10-09T13:23:11.407Z [INFO] [Learn] [pid-19662] [seed] loaded file=GRQ-12-1.json score=0.41921087529230616
2026-10-09T13:23:11.508Z [INFO] [Learn] [pid-19662] [seed] loaded file=sampler-5.json score=0.4198110624041241
2026-10-09T13:23:11.651Z [INFO] [Learn] [pid-19662] [seed] loaded file=6.json score=none
2026-10-09T13:23:11.874Z [INFO] [Learn] [pid-19662] [seed] loaded file=GRQ-18-forests.json score=0.37223227914422374
2026-10-09T13:23:12.088Z [INFO] [Learn] [pid-19662] [seed] loaded file=7.json score=none
2026-10-09T13:23:12.293Z [INFO] [Learn] [pid-19662] [seed] loaded file=sampler-4.json score=0.4194060305074995
2026-10-09T13:23:12.498Z [INFO] [Learn] [pid-19662] [seed] loaded file=17.json score=0.4205803726979378
2026-10-09T13:23:12.592Z [INFO] [Learn] [pid-19662] [seed] loaded file=best.json score=0.40915305436761334
2026-10-09T13:23:12.770Z [INFO] [Learn] [pid-19662] [seed] loaded file=10.json score=none
2026-10-09T13:23:12.990Z [INFO] [Learn] [pid-19662] [seed] loaded file=GRQ-18-1.json score=0.4190862732605776
2026-10-09T13:23:13.194Z [INFO] [Learn] [pid-19662] [seed] loaded file=Mac-Ultra-M2-forests.json score=0.41891974336982785
2026-10-09T13:23:13.353Z [INFO] [Learn] [pid-19662] [seed] loaded file=sampler-3.json score=0.4194060305074995
2026-10-09T13:23:13.538Z [INFO] [Learn] [pid-19662] [seed] loaded file=1.json score=0.4205803726979378
2026-10-09T13:23:13.671Z [INFO] [Learn] [pid-19662] [seed] loaded file=sampler-2.json score=0.4194060305074995
2026-10-09T13:23:13.817Z [INFO] [Learn] [pid-19662] [seed] loaded file=worker.json score=0.43327734716614397
2026-10-09T13:23:13.967Z [INFO] [Learn] [pid-19662] [seed] loaded file=11.json score=none
2026-10-09T13:23:14.131Z [INFO] [Learn] [pid-19662] [seed] loaded file=GRQ-24-forests.json score=0.4167582899592249
2026-10-09T13:23:14.254Z [INFO] [Learn] [pid-19662] [seed] loaded file=2.json score=none
2026-10-09T13:23:14.397Z [INFO] [Learn] [pid-19662] [seed] loaded file=sampler-1.json score=0.4205803726979378
2026-10-09T13:23:14.520Z [INFO] [Learn] [pid-19662] [seed] loaded file=12.json score=none
2026-10-09T13:23:14.666Z [INFO] [Learn] [pid-19662] [seed] loaded file=GRQ-23-ockham.json score=0.43185442400469676
2026-10-09T13:23:14.817Z [INFO] [Learn] [pid-19662] [seed] loaded file=GRQ-3-lamarck.json score=0.37300058185061863
2026-10-09T13:23:14.957Z [INFO] [Learn] [pid-19662] [seed] loaded file=cluster.json score=0.43327734716614397
2026-10-09T13:23:15.079Z [INFO] [Learn] [pid-19662] [seed] loaded file=13.json score=none
2026-10-09T13:23:15.228Z [INFO] [Learn] [pid-19662] [seed] loaded file=3.json score=0.4205803726979378
2026-10-09T13:23:15.356Z [INFO] [Learn] [pid-19662] [seed] loaded file=8.json score=none
2026-10-09T13:23:15.562Z [INFO] [Learn] [pid-19662] [seed] loaded file=4.json score=0.4205803726979378
2026-10-09T13:23:15.690Z [INFO] [Learn] [pid-19662] [seed] loaded file=14.json score=none
2026-10-09T13:23:15.814Z [INFO] [Learn] [pid-19662] [seed] loaded file=15.json score=none
2026-10-09T13:23:15.946Z [INFO] [Learn] [pid-19662] [seed] loaded file=5.json score=0.4205803726979378
2026-10-09T13:23:16.065Z [INFO] [Learn] [pid-19662] [seed] loaded file=9.json score=none
2026-10-09T13:23:16.103Z [INFO] [Learn] [pid-19662] [seed] loaded=33 skipped=0 kept=33 dropped=0 populationSize=20 dir=.creatures (#4300)
2026-10-09T13:23:16.103Z [INFO] [Learn] [pid-19662] [seed] best=worker.json@0.43327734716614397 worst-kept=15.json@-Infinity best-dropped=none (#4300)
2026-10-09T13:23:16.137Z [INFO] [Learn] [pid-19662] [learn] skipTrainingAfterConsecutiveRegressions=3
2026-10-09T13:23:16.137Z [INFO] [Learn] [pid-19662] [learn] skipTrainingAfterPopulationRegressions=6
2026-10-09T13:23:16.137Z [INFO] [Learn] [pid-19662] [learn] skipTrainingAfterPopulationNoProgress=0
2026-10-09T13:23:16.137Z [INFO] [Learn] [pid-19662] [inline-discovery-memory] nativeBudgetBytes=11489037516
2026-10-09T13:23:16.137Z [INFO] [Learn] [pid-19662] elitism 1, timeout 4, PopSize 20, cost MSE, SAMPLER
2026-10-09T13:23:16.137Z [INFO] [Learn] [pid-19662] Initialized in 5s 681ms
[WasmWorkerInit] worker=worker-1 outcome=ok handshakeMs=225 cache=hit cacheDir=/Users/rocket/.cache/neat-ai/wasm bundleBytes=1042991 bundleLoadMs=2 glueImportMs=12 instantiateMs=2 wasmTotalMs=16 workerError=none
[WasmWorkerInit] worker=worker-2 outcome=ok handshakeMs=207 cache=hit cacheDir=/Users/rocket/.cache/neat-ai/wasm bundleBytes=1042991 bundleLoadMs=2 glueImportMs=12 instantiateMs=2 wasmTotalMs=16 workerError=none
[WasmWorkerInit] worker=worker-3 outcome=ok handshakeMs=206 cache=hit cacheDir=/Users/rocket/.cache/neat-ai/wasm bundleBytes=1042991 bundleLoadMs=2 glueImportMs=12 instantiateMs=2 wasmTotalMs=16 workerError=none
[WasmWorkerInit] worker=worker-4 outcome=ok handshakeMs=207 cache=hit cacheDir=/Users/rocket/.cache/neat-ai/wasm bundleBytes=1042991 bundleLoadMs=2 glueImportMs=12 instantiateMs=2 wasmTotalMs=16 workerError=none
[WasmWorkerInit] worker=worker-5 outcome=ok handshakeMs=212 cache=hit cacheDir=/Users/rocket/.cache/neat-ai/wasm bundleBytes=1042991 bundleLoadMs=2 glueImportMs=12 instantiateMs=2 wasmTotalMs=16 workerError=none
[WasmWorkerInit] worker=worker-6 outcome=ok handshakeMs=217 cache=hit cacheDir=/Users/rocket/.cache/neat-ai/wasm bundleBytes=1042991 bundleLoadMs=2 glueImportMs=12 instantiateMs=2 wasmTotalMs=16 workerError=none
[WasmWorkerInit] worker=worker-7 outcome=ok handshakeMs=208 cache=hit cacheDir=/Users/rocket/.cache/neat-ai/wasm bundleBytes=1042991 bundleLoadMs=2 glueImportMs=12 instantiateMs=2 wasmTotalMs=16 workerError=none
[WasmWorkerInit] worker=worker-8 outcome=ok handshakeMs=207 cache=hit cacheDir=/Users/rocket/.cache/neat-ai/wasm bundleBytes=1042991 bundleLoadMs=2 glueImportMs=12 instantiateMs=2 wasmTotalMs=16 workerError=none
[WasmWorkerInit] worker=worker-9 outcome=ok handshakeMs=225 cache=hit cacheDir=/Users/rocket/.cache/neat-ai/wasm bundleBytes=1042991 bundleLoadMs=2 glueImportMs=12 instantiateMs=2 wasmTotalMs=16 workerError=none
[WasmWorkerInit] worker=worker-10 outcome=ok handshakeMs=245 cache=hit cacheDir=/Users/rocket/.cache/neat-ai/wasm bundleBytes=1042991 bundleLoadMs=2 glueImportMs=12 instantiateMs=2 wasmTotalMs=16 workerError=none
[WasmWorkerInit] worker=worker-11 outcome=ok handshakeMs=274 cache=hit cacheDir=/Users/rocket/.cache/neat-ai/wasm bundleBytes=1042991 bundleLoadMs=2 glueImportMs=12 instantiateMs=2 wasmTotalMs=16 workerError=none
[WasmWorkerInit] worker=worker-12 outcome=ok handshakeMs=268 cache=hit cacheDir=/Users/rocket/.cache/neat-ai/wasm bundleBytes=1042991 bundleLoadMs=2 glueImportMs=12 instantiateMs=2 wasmTotalMs=16 workerError=none
DeDuplication of 6 creatures to 28 in 45ms (previous experiment 45ms)
[DynamicPool] 2 idle heavy worker(s) assisting fitness evaluation
[NEAT-AI] Batch scorer partition: 28 forwardOnly batched, 0 recurrent batched, 0 per-creature
Trained 7b150747 Score: 0.4216180630098879, Error: 0.579460263551702 -> 0.5783676090094002, 👌 0.00109
Training c6feaedf scheduled
Training 6d6b9ce2 scheduled
Training 8721ffb1 scheduled
Training 59d39259 scheduled
[neat-ai] running version 7.0.51
[neat-ai] running version 7.0.51
[neat-ai] running version 7.0.51
[neat-ai] running version 7.0.51
[NEAT-AI] trainDir FFI libneat_ai_backpropagation loaded from /Users/rocket/.cargo/lib/libneat_ai_backpropagation.dylib
[NEAT-AI] trainDir FFI libneat_ai_backpropagation loaded from /Users/rocket/.cargo/lib/libneat_ai_backpropagation.dylib
[NEAT-AI] trainDir using FFI libneat_ai_backpropagation
[neat-ai] running version 7.0.51
[NEAT-AI] trainDir using FFI libneat_ai_backpropagation
[neat-ai] running version 7.0.51
[neat-ai] running version 7.0.51
[neat-ai] running version 7.0.51
[neat-ai] running version 7.0.51
[neat-ai] running version 7.0.51
[neat-ai] running version 7.0.51
[WasmWorkerInit] worker=worker-13 outcome=ok handshakeMs=484 cache=hit cacheDir=/Users/rocket/.cache/neat-ai/wasm bundleBytes=1042991 bundleLoadMs=2 glueImportMs=12 instantiateMs=2 wasmTotalMs=16 workerError=none
[neat-ai] running version 7.0.51
[WasmWorkerInit] worker=worker-14 outcome=ok handshakeMs=238 cache=hit cacheDir=/Users/rocket/.cache/neat-ai/wasm bundleBytes=1042991 bundleLoadMs=2 glueImportMs=12 instantiateMs=2 wasmTotalMs=16 workerError=none
[WasmWorkerInit] worker=worker-15 outcome=ok handshakeMs=204 cache=hit cacheDir=/Users/rocket/.cache/neat-ai/wasm bundleBytes=1042991 bundleLoadMs=2 glueImportMs=12 instantiateMs=2 wasmTotalMs=16 workerError=none
[WasmWorkerInit] worker=worker-16 outcome=ok handshakeMs=201 cache=hit cacheDir=/Users/rocket/.cache/neat-ai/wasm bundleBytes=1042991 bundleLoadMs=2 glueImportMs=12 instantiateMs=2 wasmTotalMs=16 workerError=none
[WasmWorkerInit] worker=worker-17 outcome=ok handshakeMs=209 cache=hit cacheDir=/Users/rocket/.cache/neat-ai/wasm bundleBytes=1042991 bundleLoadMs=2 glueImportMs=12 instantiateMs=2 wasmTotalMs=16 workerError=none
[WasmWorkerInit] worker=worker-18 outcome=ok handshakeMs=223 cache=hit cacheDir=/Users/rocket/.cache/neat-ai/wasm bundleBytes=1042991 bundleLoadMs=2 glueImportMs=12 instantiateMs=2 wasmTotalMs=16 workerError=none
[WasmWorkerInit] worker=worker-19 outcome=ok handshakeMs=345 cache=hit cacheDir=/Users/rocket/.cache/neat-ai/wasm bundleBytes=1042991 bundleLoadMs=2 glueImportMs=12 instantiateMs=2 wasmTotalMs=16 workerError=none
[MCMC] Gen: temp=0.9751, acceptance=100.0% (smoothed=100.0%), proposed=5, accepted=5, rejected=0
[WasmWorkerInit] worker=worker-20 outcome=ok handshakeMs=9392 cache=hit cacheDir=/Users/rocket/.cache/neat-ai/wasm bundleBytes=1042991 bundleLoadMs=2 glueImportMs=12 instantiateMs=2 wasmTotalMs=16 workerError=none
[PreWarm] 8 new templates, 8 cached, 16 unique topologies (266ms)
[Timing] fitness=73436ms breeding=3587ms breedingWorker=3587ms mainThreadOverlap=0ms resultProcessing=0ms preWarm=266ms pipelineOverlap=272ms sort=0ms writeScores=18ms mutation=7777ms deduplication=639ms speciation=6ms total=91849ms
[Utilisation] fitness=0%fast/0%heavy breeding=0%fast/100%heavy overall=2%
[MutationOps] MOD_WEIGHT proposed=1 noChange=0 applied=1 reverted=0 evaluated=0 accepted=0 rejected=0 evalMs=0 depth[in=0 mid=0 out=0 ?=1] | MOD_BIAS proposed=4 noChange=0 applied=4 reverted=0 evaluated=0 accepted=0 rejected=0 evalMs=0 depth[in=0 mid=0 out=0 ?=4] || resolved=0 multiOperator=0 discarded=0 evalMs=0 mcmc=5/5
[Throughput] wall=91849ms nonFitness=18413ms gensPerHour=39.2 fast=busy23171ms/idle895319ms/depth28/wait7448ms heavy=busy0ms/idle183698ms/depth4/wait0ms scorer=159.7ms/scored28/batchScored28/perCreatureScored0/batchInvocations1/creaturesPerSec0.4 corruptParentSkips=0
[WasmWorkerInit] worker=worker-21 outcome=ok handshakeMs=197 cache=hit cacheDir=/Users/rocket/.cache/neat-ai/wasm bundleBytes=1042991 bundleLoadMs=2 glueImportMs=12 instantiateMs=2 wasmTotalMs=16 workerError=none
[NEAT-AI] Batch scorer partition: 16 forwardOnly batched, 0 recurrent batched, 0 per-creature
[WasmWorkerInit] worker=worker-22 outcome=ok handshakeMs=439 cache=hit cacheDir=/Users/rocket/.cache/neat-ai/wasm bundleBytes=1042991 bundleLoadMs=2 glueImportMs=12 instantiateMs=2 wasmTotalMs=16 workerError=none
[WasmWorkerInit] worker=worker-23 outcome=ok handshakeMs=190 cache=hit cacheDir=/Users/rocket/.cache/neat-ai/wasm bundleBytes=1042991 bundleLoadMs=2 glueImportMs=12 instantiateMs=2 wasmTotalMs=16 workerError=none
[WasmWorkerInit] worker=worker-24 outcome=ok handshakeMs=190 cache=hit cacheDir=/Users/rocket/.cache/neat-ai/wasm bundleBytes=1042991 bundleLoadMs=2 glueImportMs=12 instantiateMs=2 wasmTotalMs=16 workerError=none
[neat-ai] running version 7.0.51
[Neat] Discovery replay: no improvement found (evaluated: 0)
[MCMC] Gen: temp=0.9508, acceptance=100.0% (smoothed=100.0%), proposed=2, accepted=2, rejected=0
[PreWarm] 12 new templates, 5 cached, 17 unique topologies (662ms)
[Timing] fitness=79580ms breeding=8329ms breedingWorker=8329ms mainThreadOverlap=0ms resultProcessing=0ms preWarm=662ms pipelineOverlap=667ms sort=0ms writeScores=10ms mutation=4233ms deduplication=3430ms speciation=5ms total=102513ms
[Utilisation] fitness=0%fast/100%heavy breeding=0%fast/100%heavy overall=16%
[MutationOps] MOD_BIAS proposed=2 noChange=0 applied=2 reverted=0 evaluated=4 accepted=0 rejected=4 evalMs=19861 delta[n=3 min=-6.8182 med=-0.6182 max=-0.2862] depth[in=0 mid=0 out=0 ?=2] depthRejected[in=0 mid=0 out=0 ?=4] | MOD_WEIGHT proposed=0 noChange=0 applied=0 reverted=0 evaluated=1 accepted=0 rejected=1 evalMs=4965 depthRejected[in=0 mid=0 out=0 ?=1] || resolved=5 multiOperator=0 discarded=0 evalMs=24826 mcmc=2/2
[Throughput] wall=102513ms nonFitness=22933ms gensPerHour=35.1 fast=busy54976ms/idle970154ms/depth16/wait10308ms heavy=busy0ms/idle205026ms/depth4/wait0ms scorer=136.1ms/scored16/batchScored16/perCreatureScored0/batchInvocations1/creaturesPerSec0.2 corruptParentSkips=0
[NEAT-AI] Batch scorer partition: 17 forwardOnly batched, 0 recurrent batched, 0 per-creature
[MCMC] Gen: temp=0.9271, acceptance=100.0% (smoothed=100.0%), proposed=6, accepted=6, rejected=0
[PopulationBudget] Dropped 19 creature(s) to stay within the effective population size of 20 (elitists=1, trained=0, fineTuned=4, bred=33, dna=1)
[PreWarm] 12 new templates, 6 cached, 18 unique topologies (629ms)
[Timing] fitness=80398ms breeding=20827ms breedingWorker=20827ms mainThreadOverlap=0ms resultProcessing=0ms preWarm=629ms pipelineOverlap=633ms sort=0ms writeScores=9ms mutation=16770ms deduplication=3395ms speciation=4ms total=129075ms
[Utilisation] fitness=0%fast/100%heavy breeding=0%fast/100%heavy overall=16%
[MutationOps] SWAP_NODES proposed=1 noChange=0 applied=1 reverted=0 evaluated=0 accepted=0 rejected=0 evalMs=0 depth[in=0 mid=1 out=0 ?=0] | MOD_BIAS proposed=4 noChange=0 applied=4 reverted=0 evaluated=2 accepted=0 rejected=2 evalMs=9443 delta[n=2 min=-0.6230 med=-0.4473 max=-0.2716] depth[in=0 mid=0 out=0 ?=4] depthRejected[in=0 mid=0 out=0 ?=2] | MOD_WEIGHT proposed=2 noChange=0 applied=2 reverted=0 evaluated=0 accepted=0 rejected=0 evalMs=0 depth[in=0 mid=0 out=0 ?=2] || resolved=2 multiOperator=0 discarded=0 evalMs=9443 mcmc=6/6
[Throughput] wall=129075ms nonFitness=48677ms gensPerHour=27.9 fast=busy132760ms/idle1157990ms/depth32/wait45636ms heavy=busy0ms/idle258150ms/depth4/wait0ms scorer=134.0ms/scored17/batchScored17/perCreatureScored0/batchInvocations1/creaturesPerSec0.2 corruptParentSkips=0
Generation 3 score 0.4216341791362534 (avg: 0.1190) error 0.5783514926830942 avg time 32s 433ms
Set training/discovery clean up count to 2
[Neat] Stuck-task watchdog abandoning 4 training task(s) past per-task deadline: c6feaedf, 6d6b9ce2, 8721ffb1, 59d39259
Worker task 2 on worker-11 was cancelled after 251056ms without a response: training task c6feaedf passed its per-task deadline without returning a result (GRQ #4489)
[worker-11] quarantined — training task c6feaedf passed its per-task deadline without returning a result; it will not be given further work (GRQ #4489)
Worker task 3 on worker-11 was cancelled after 251000ms without a response: training task c6feaedf passed its per-task deadline without returning a result (GRQ #4489)
Worker task 4 on worker-11 was cancelled after 250952ms without a response: training task c6feaedf passed its per-task deadline without returning a result (GRQ #4489)
Worker task 2 on worker-12 was cancelled after 251028ms without a response: training task 6d6b9ce2 passed its per-task deadline without returning a result (GRQ #4489)
[worker-12] quarantined — training task 6d6b9ce2 passed its per-task deadline without returning a result; it will not be given further work (GRQ #4489)
Waiting for training/discovery clean up 2
[Neat] Training over-run: elapsed exceeded expected duration × 1 — stopping new generations and finishing with the evolved population
Waiting for training/discovery clean up 1
Training failed for creature c6feaedf: WorkerTaskCancelledError: Worker task 2 on worker-11 was cancelled after 251056ms without a response: training task c6feaedf passed its per-task deadline without returning a result (GRQ #4489)
    at WorkerHandler.cancelTask (https://jsr.io/@stsoftware/neat-ai/7.0.51/src/workers/WorkerHandlerBase.ts:682:19)
    at Neat.cancelTrainingWork (https://jsr.io/@stsoftware/neat-ai/7.0.51/src/NEAT/Neat.ts:912:37)
    at Neat.abandonStuckTrainingTasks (https://jsr.io/@stsoftware/neat-ai/7.0.51/src/NEAT/Neat.ts:875:14)
    at Neat.finishUp (https://jsr.io/@stsoftware/neat-ai/7.0.51/src/NEAT/Neat.ts:712:10)
    at Module.evolveDir (https://jsr.io/@stsoftware/neat-ai/7.0.51/src/creature/CreatureTraining.ts:748:16)
    at async runLearn (file:///Users/rocket/GRQ/src/Learn.ts:1036:14)
    at async file:///Users/rocket/GRQ/src/Learn.ts:1161:3 {
  taskID: 2,
  workerID: 11,
  elapsedMs: 251056,
  reason: "training task c6feaedf passed its per-task deadline without returning a result"
}
Training failed for creature 8721ffb1: WorkerTaskCancelledError: Worker task 3 on worker-11 was cancelled after 251000ms without a response: training task c6feaedf passed its per-task deadline without returning a result (GRQ #4489)
    at WorkerHandler.cancelTask (https://jsr.io/@stsoftware/neat-ai/7.0.51/src/workers/WorkerHandlerBase.ts:682:19)
    at WorkerHandler.cancelAllTasks (https://jsr.io/@stsoftware/neat-ai/7.0.51/src/workers/WorkerHandlerBase.ts:702:16)
    at WorkerHandler.quarantine (https://jsr.io/@stsoftware/neat-ai/7.0.51/src/workers/WorkerHandlerBase.ts:723:10)
    at Neat.cancelTrainingWork (https://jsr.io/@stsoftware/neat-ai/7.0.51/src/NEAT/Neat.ts:914:21)
    at Neat.abandonStuckTrainingTasks (https://jsr.io/@stsoftware/neat-ai/7.0.51/src/NEAT/Neat.ts:875:14)
    at Neat.finishUp (https://jsr.io/@stsoftware/neat-ai/7.0.51/src/NEAT/Neat.ts:712:10)
    at Module.evolveDir (https://jsr.io/@stsoftware/neat-ai/7.0.51/src/creature/CreatureTraining.ts:748:16)
    at async runLearn (file:///Users/rocket/GRQ/src/Learn.ts:1036:14)
    at async file:///Users/rocket/GRQ/src/Learn.ts:1161:3 {
  taskID: 3,
  workerID: 11,
  elapsedMs: 251000,
  reason: "training task c6feaedf passed its per-task deadline without returning a result"
}
Training failed for creature 59d39259: WorkerTaskCancelledError: Worker task 4 on worker-11 was cancelled after 250952ms without a response: training task c6feaedf passed its per-task deadline without returning a result (GRQ #4489)
    at WorkerHandler.cancelTask (https://jsr.io/@stsoftware/neat-ai/7.0.51/src/workers/WorkerHandlerBase.ts:682:19)
    at WorkerHandler.cancelAllTasks (https://jsr.io/@stsoftware/neat-ai/7.0.51/src/workers/WorkerHandlerBase.ts:702:16)
    at WorkerHandler.quarantine (https://jsr.io/@stsoftware/neat-ai/7.0.51/src/workers/WorkerHandlerBase.ts:723:10)
    at Neat.cancelTrainingWork (https://jsr.io/@stsoftware/neat-ai/7.0.51/src/NEAT/Neat.ts:914:21)
    at Neat.abandonStuckTrainingTasks (https://jsr.io/@stsoftware/neat-ai/7.0.51/src/NEAT/Neat.ts:875:14)
    at Neat.finishUp (https://jsr.io/@stsoftware/neat-ai/7.0.51/src/NEAT/Neat.ts:712:10)
    at Module.evolveDir (https://jsr.io/@stsoftware/neat-ai/7.0.51/src/creature/CreatureTraining.ts:748:16)
    at async runLearn (file:///Users/rocket/GRQ/src/Learn.ts:1036:14)
    at async file:///Users/rocket/GRQ/src/Learn.ts:1161:3 {
  taskID: 4,
  workerID: 11,
  elapsedMs: 250952,
  reason: "training task c6feaedf passed its per-task deadline without returning a result"
}
Training failed for creature 6d6b9ce2: WorkerTaskCancelledError: Worker task 2 on worker-12 was cancelled after 251028ms without a response: training task 6d6b9ce2 passed its per-task deadline without returning a result (GRQ #4489)
    at WorkerHandler.cancelTask (https://jsr.io/@stsoftware/neat-ai/7.0.51/src/workers/WorkerHandlerBase.ts:682:19)
    at Neat.cancelTrainingWork (https://jsr.io/@stsoftware/neat-ai/7.0.51/src/NEAT/Neat.ts:912:37)
    at Neat.abandonStuckTrainingTasks (https://jsr.io/@stsoftware/neat-ai/7.0.51/src/NEAT/Neat.ts:875:14)
    at Neat.finishUp (https://jsr.io/@stsoftware/neat-ai/7.0.51/src/NEAT/Neat.ts:712:10)
    at Module.evolveDir (https://jsr.io/@stsoftware/neat-ai/7.0.51/src/creature/CreatureTraining.ts:748:16)
    at async runLearn (file:///Users/rocket/GRQ/src/Learn.ts:1036:14)
    at async file:///Users/rocket/GRQ/src/Learn.ts:1161:3 {
  taskID: 2,
  workerID: 12,
  elapsedMs: 251028,
  reason: "training task 6d6b9ce2 passed its per-task deadline without returning a result"
}
[evolveDir] teardown complete: 12 worker(s) terminated, 0 detached; replay queue drained
[training-skip] summary skipped=0 populationSkipped=0 creatureSkipped=0 otherSkipped=0 improvements=0 regressions=0 noChange=0 neatSkipped=0 regressionRate=0 (#4713)
2026-10-09T13:28:47.647Z [INFO] [Learn] [pid-19662] Evolution of 3 generations in 5m 32s, averaging 1m 50s 502ms
2026-10-09T13:28:47.647Z [INFO] [Learn] [pid-19662] [seed] loaded=33 skipped=0 kept=33 dropped=0 populationSize=20 dir=.creatures (#4300)
2026-10-09T13:28:47.647Z [INFO] [Learn] [pid-19662] [seed] best=worker.json@0.43327734716614397 worst-kept=15.json@-Infinity best-dropped=none (#4300)
2026-10-09T13:28:47.648Z [WARN] [Learn] [pid-19662] model training over-run: elapsed 5m 31s vs expected 4m — stopping further generations; results committed (#4141)
2026-10-09T13:28:47.873Z [INFO] [saveValidatedCreatureExport] [pid-19662] [forward-only] saved file=.network-sampler.json
[checkin-reserve] overrun: loop 2 Learn ran 5m38s against --timeout=4 min (overran 1m38s); sized with 158m21s left, launched with 149m53s left (8m28s consumed before launch) (#4872)
[result-metadata] stamped .result-sampler.json with samplerBuildTimeMs=12782
Loop 3 of 5
⏭️  Loop 3: remaining budget too small (~1 min < floor) — skipping this loop's evolution to preserve the final loop + check-in reserve (#2598)
From github.com:stSoftwareAU/GRQ-cluster
 * branch              main       -> FETCH_HEAD
   6b0a8f58..69fe31a6  main       -> origin/main
Updating 6b0a8f58..69fe31a6
Updating files: 100% (2/2)Updating files: 100% (2/2), done.
Fast-forward
 performance.csv                         |  1 +
 statistics/GRQ-21/2026/10/09/13-20.json | 76 +++++++++++++++++++++++++++++++++
 2 files changed, 77 insertions(+)
 create mode 100644 statistics/GRQ-21/2026/10/09/13-20.json
ℹ️ [creature-artefact] ../GRQ-cluster/creature.json absent — reading legacy network.json (#4153 rollout window)
GIT-OP: [sampler-copyNetworks] git pull ok in 4s (attempt 1/3, timeout=600s)
From github.com:stSoftwareAU/GRQ-sampler
   e8e37e0..77f5b23  main       -> origin/main
Updating e8e37e0..77f5b23
Fast-forward
 performance.csv                 |      1 +
 samples/Enceladus-Terminal.json |  22846 ++-
 samples/Enceladus.json          |  21787 ++-
 samples/GRQ-21-1.json           | 371053 -------------------------------------
 4 files changed, 22165 insertions(+), 393522 deletions(-)
 delete mode 100644 samples/GRQ-21-1.json
[samples] pool shrunk to fit the run's soft budget scored=8 of considered=45 remaining=1449s share=20% secs_per_creature=47 — the rest are dropped at random this run, never by tag (#4671)
[samples] considered=8 dir=samples top=6 random=2 (#4300)
[samples] scoring pool=8 data=/Users/rocket/GRQ/.trainData-binary_116 — ranking on locally measured scores, stored score tags are never used (#4375)
[samples] scoring deadline=3600s/scorer-pass pool=8 secs_per_creature=47 slack=3x floor=3600s (#4615)
2026-10-09T13:29:00.149Z [INFO] [batchRustScore] [pid-22189] 🦀 Rust batch score: 8 creature(s) → /Users/rocket/.cargo/bin/rust_scorer
2026-10-09T13:37:23.403Z [INFO] [ScoreSeedPool] [pid-22189] measured 8 of 8 seed candidate(s) on /Users/rocket/GRQ/.trainData-binary_116
[samples] scoring pass ok rc=0 elapsed=505s pool=8 secs_per_creature=64 (#4494/#4498)
[samples] scored measured=8 unmeasured=0 of considered=8 (#4375)
[samples] random-pool eligible=8 quarantined=0 best=0.4167582899592249 floor=0.3125687175 limit=25% ranked-taken=6 available=2 (#4299, #4677)
[samples] pick slot=top rank=1 score=0.4167582899592249 measured=local file=GRQ-24-forests.json (#4375)
[samples] pick slot=top rank=2 score=0.4111276468567154 measured=local file=GRQ-3-forests.json (#4375)
[samples] pick slot=top rank=3 score=0.3731754598356676 measured=local file=GRQ-13-ockham.json (#4375)
[samples] pick slot=top rank=4 score=0.3731509579470211 measured=local file=GRQ-21-forests.json (#4375)
[samples] pick slot=top rank=5 score=0.3730814532554522 measured=local file=GRQ-19-forests.json (#4375)
[samples] pick slot=top rank=6 score=0.37305128857390885 measured=local file=GRQ-25-ockham.json (#4375)
[samples] pick slot=random rank=- score=0.3722616871974478 measured=local file=GRQ-18-ockham.json (#4375)
[samples] pick slot=random rank=- score=0.3728391533574776 measured=local file=GRQ-10-lamarck.json (#4375)
[samples] seeded slots=8 of 8 top=6 random=2 considered=8 (#4677)
ℹ️ [creature-artefact] ../GRQ-portfolio/best/creature.json absent — reading legacy network.json (#4153 rollout window)
[creatures] copyNetworks: 36 creature file(s) in /Users/rocket/GRQ/.creatures (#4300)
[creatures] copyNetworks: 1.json 10.json 11.json 12.json 13.json 14.json 15.json 16.json 17.json 18.json 19.json 2.json 20.json 3.json 4.json 5.json 6.json 7.json 8.json 9.json GRQ-10-lamarck.json GRQ-13-ockham.json GRQ-18-ockham.json GRQ-19-forests.json GRQ-21-forests.json GRQ-24-forests.json GRQ-25-ockham.json GRQ-3-forests.json best.json cluster.json sampler-1.json sampler-2.json sampler-3.json sampler-4.json sampler-5.json worker.json 
3) Sample rate: 0.39, timeout: 15, costName: MSE
sampler-preflight: bounding corpus du with the bash watchdog (30s) — timeout/gtimeout is not on this host (#4744)
sampler-preflight: phase=slice-0.39 free_gb=86.2 corpus_gb=21.4 required_gb=10.0 decision=ok
[heap-grant] stage=Sampler | Heap: 4326 MB | Total RAM: 16 GB | Available: 13598 MB | Planning budget: 8192 MB | FFI/OS headroom: 1536 MB | Floor: 4096 MB | Cap: 24576 MB (default) | Clamp: 12062 MB (available)
🏭 .trainData-binary_116-sampler/sample-39.bin — 893718 of 2290119 records kept from 520 file(s), seed 2752777052120721856
📄 .trainData-binary_116-sampler/manifest.json — sha256 70f1fe562b17f6a3c20b14beea1e5b2dcf4f111dcf6b3f30e07371a5729f6aee
2026-10-09T13:38:21.914Z [INFO] [Sampler] [pid-26456] 🏭 sampler implementation=refinery elapsed_ms=33169 records_read=2290119 records_written=893718 output=.trainData-binary_116-sampler/sample-39.bin
2026-10-09T13:38:21.917Z [INFO] [Sampler] [pid-26456] Total time taken: 33s 172ms
[scan-creatures] scanned=36 quarantined=0 repaired=0 reordered=0 duration=1279ms
⏭️  Skipped src/Learn.ts evolution for loop 3 — remaining budget below the floor (#2596)
Loop 4 of 5
⏭️  Loop 4: remaining budget too small (~0 min < floor) — skipping this loop's evolution to preserve the final loop + check-in reserve (#2598)
From github.com:stSoftwareAU/GRQ-cluster
 * branch              main       -> FETCH_HEAD
   69fe31a6..378d731e  main       -> origin/main
Updating 69fe31a6..378d731e
Updating files: 100% (2/2)Updating files: 100% (2/2), done.
Fast-forward
 performance.csv                         |   1 +
 statistics/GRQ-18/2026/10/09/13-29.json | 107 ++++++++++++++++++++++++++++++++
 2 files changed, 108 insertions(+)
 create mode 100644 statistics/GRQ-18/2026/10/09/13-29.json
ℹ️ [creature-artefact] ../GRQ-cluster/creature.json absent — reading legacy network.json (#4153 rollout window)
GIT-OP: [sampler-copyNetworks] git pull ok in 3s (attempt 1/3, timeout=600s)
From github.com:stSoftwareAU/GRQ-sampler
   77f5b23..f4ad3c2  main       -> origin/main
Updating 77f5b23..f4ad3c2
Fast-forward
 performance.csv       |     2 +
 samples/GRQ-10-1.json | 11534 +++++++++++++++++++++++++++---------------------
 samples/GRQ-18-1.json |   720 +--
 3 files changed, 6535 insertions(+), 5721 deletions(-)
[samples] pool shrunk to fit the run's soft budget scored=8 of considered=45 remaining=874s share=20% secs_per_creature=64 — the rest are dropped at random this run, never by tag (#4671)
[samples] considered=8 dir=samples top=6 random=2 (#4300)
[samples] scoring pool=8 data=/Users/rocket/GRQ/.trainData-binary_116 — ranking on locally measured scores, stored score tags are never used (#4375)
[samples] scoring deadline=3600s/scorer-pass pool=8 secs_per_creature=64 slack=3x floor=3600s (#4615)
2026-10-09T13:38:34.645Z [INFO] [batchRustScore] [pid-26958] 🦀 Rust batch score: 8 creature(s) → /Users/rocket/.cargo/bin/rust_scorer
2026-10-09T13:46:57.874Z [INFO] [ScoreSeedPool] [pid-26958] measured 8 of 8 seed candidate(s) on /Users/rocket/GRQ/.trainData-binary_116
[samples] scoring pass ok rc=0 elapsed=504s pool=8 secs_per_creature=63 (#4494/#4498)
[samples] scored measured=8 unmeasured=0 of considered=8 (#4375)
[samples] quarantined score=0.2639384976350582 file=Enceladus.json best=0.37339803442307085 floor=0.280049 drop=29.3% limit=25% (#4299)
[samples] random-pool eligible=7 quarantined=1 best=0.37339803442307085 floor=0.2800485258 limit=25% ranked-taken=6 available=1 (#4299, #4677)
[samples] pick slot=top rank=1 score=0.37339803442307085 measured=local file=GRQ-18-1.json (#4375)
[samples] pick slot=top rank=2 score=0.3731754598356676 measured=local file=GRQ-13-ockham.json (#4375)
[samples] pick slot=top rank=3 score=0.37316265939268695 measured=local file=GRQ-10-ockham.json (#4375)
[samples] pick slot=top rank=4 score=0.3731509579470211 measured=local file=GRQ-21-forests.json (#4375)
[samples] pick slot=top rank=5 score=0.373081450129962 measured=local file=GRQ-19-forests.json (#4375)
[samples] pick slot=top rank=6 score=0.37303680369924236 measured=local file=GRQ-22-ockham.json (#4375)
[samples] pick slot=random rank=- score=0.3723206013616745 measured=local file=Mac-Ultra-M2-lamarck.json (#4375)
[samples] seeded slots=7 of 8 top=6 random=1 considered=8 (#4677)
ℹ️ [creature-artefact] ../GRQ-portfolio/best/creature.json absent — reading legacy network.json (#4153 rollout window)
[creatures] copyNetworks: 40 creature file(s) in /Users/rocket/GRQ/.creatures (#4300)
[creatures] copyNetworks: 1.json 10.json 11.json 12.json 13.json 14.json 15.json 16.json 17.json 18.json 19.json 2.json 20.json 3.json 4.json 5.json 6.json 7.json 8.json 9.json GRQ-10-lamarck.json GRQ-10-ockham.json GRQ-13-ockham.json GRQ-18-1.json GRQ-18-ockham.json GRQ-19-forests.json GRQ-21-forests.json GRQ-22-ockham.json GRQ-24-forests.json GRQ-25-ockham.json GRQ-3-forests.json Mac-Ultra-M2-lamarck.json best.json cluster.json sampler-1.json sampler-2.json sampler-3.json sampler-4.json sampler-5.json worker.json 
4) Sample rate: 0.41, timeout: 20, costName: MSE
sampler-preflight: bounding corpus du with the bash watchdog (30s) — timeout/gtimeout is not on this host (#4744)
sampler-preflight: phase=slice-0.41 free_gb=78.9 corpus_gb=21.4 required_gb=10.5 decision=ok
[heap-grant] stage=Sampler | Heap: 4326 MB | Total RAM: 16 GB | Available: 13762 MB | Planning budget: 8192 MB | FFI/OS headroom: 1536 MB | Floor: 4096 MB | Cap: 24576 MB (default) | Clamp: 12226 MB (available)
🏭 .trainData-binary_116-sampler/sample-41.bin — 938492 of 2290119 records kept from 520 file(s), seed 13361710535577557868
📄 .trainData-binary_116-sampler/manifest.json — sha256 d3dcc9fac85d9e7501bc3bd6233bfdb3e8ad66c7820c80a6133d585742f94cbb
2026-10-09T13:48:18.197Z [INFO] [Sampler] [pid-31192] 🏭 sampler implementation=refinery elapsed_ms=47498 records_read=2290119 records_written=938492 output=.trainData-binary_116-sampler/sample-41.bin
2026-10-09T13:48:18.224Z [INFO] [Sampler] [pid-31192] Total time taken: 47s 524ms
[scan-creatures] scanned=40 quarantined=0 repaired=0 reordered=0 duration=1128ms
⏭️  Skipped src/Learn.ts evolution for loop 4 — remaining budget below the floor (#2596)
Loop 5 of 5
⏱️  Loop 5 (final, 100% eval): remaining budget below floor but this loop is mandatory — running with --timeout=3 min to preserve the comparable creature + single check-in (#2598)
⏱️  Loop 5 (final, 100% eval): raising --timeout 3 → 12 min (sacred final-loop allocation #2645)
From github.com:stSoftwareAU/GRQ-cluster
 * branch              main       -> FETCH_HEAD
   378d731e..c3c32ed6  main       -> origin/main
Updating 378d731e..c3c32ed6
Updating files: 100% (2/2)Updating files: 100% (2/2), done.
Fast-forward
 performance.csv                               |  1 +
 statistics/Mac-Ultra-M2/2026/10/09/13-46.json | 76 +++++++++++++++++++++++++++
 2 files changed, 77 insertions(+)
 create mode 100644 statistics/Mac-Ultra-M2/2026/10/09/13-46.json
ℹ️ [creature-artefact] ../GRQ-cluster/creature.json absent — reading legacy network.json (#4153 rollout window)
GIT-OP: [sampler-copyNetworks] git pull ok in 3s (attempt 1/3, timeout=600s)
From github.com:stSoftwareAU/GRQ-sampler
   f4ad3c2..87c6eea  main       -> origin/main
Updating f4ad3c2..87c6eea
Fast-forward
 samples/GRQ-24-1.json       |    6 +-
 samples/Mac-Ultra-M2-1.json | 5948 +++++++++++++++++--------------------------
 2 files changed, 2287 insertions(+), 3667 deletions(-)
[samples] pool shrunk to fit the run's soft budget scored=8 of considered=45 remaining=276s share=20% secs_per_creature=63 — the rest are dropped at random this run, never by tag (#4671)
[samples] considered=8 dir=samples top=6 random=2 (#4300)
[samples] scoring pool=8 data=/Users/rocket/GRQ/.trainData-binary_116 — ranking on locally measured scores, stored score tags are never used (#4375)
[samples] scoring deadline=3600s/scorer-pass pool=8 secs_per_creature=63 slack=3x floor=3600s (#4615)
2026-10-09T13:48:32.228Z [INFO] [batchRustScore] [pid-32134] 🦀 Rust batch score: 8 creature(s) → /Users/rocket/.cargo/bin/rust_scorer
2026-10-09T13:56:34.811Z [INFO] [ScoreSeedPool] [pid-32134] measured 8 of 8 seed candidate(s) on /Users/rocket/GRQ/.trainData-binary_116
[samples] scoring pass ok rc=0 elapsed=483s pool=8 secs_per_creature=61 (#4494/#4498)
[samples] scored measured=8 unmeasured=0 of considered=8 (#4375)
[samples] quarantined score=0.27696452582450143 file=Enceladus-Terminal.json best=0.41327037805455297 floor=0.309953 drop=33.0% limit=25% (#4299)
[samples] random-pool eligible=7 quarantined=1 best=0.41327037805455297 floor=0.3099527835 limit=25% ranked-taken=6 available=1 (#4299, #4677)
[samples] pick slot=top rank=1 score=0.41327037805455297 measured=local file=GRQ-13-forests.json (#4375)
[samples] pick slot=top rank=2 score=0.3780423093227812 measured=local file=GRQ-23-forests.json (#4375)
[samples] pick slot=top rank=3 score=0.37340352367223073 measured=local file=GRQ-13-lamarck.json (#4375)
[samples] pick slot=top rank=4 score=0.37314717224555793 measured=local file=GRQ-24-ockham.json (#4375)
[samples] pick slot=top rank=5 score=0.3730814532554522 measured=local file=GRQ-19-forests.json (#4375)
[samples] pick slot=top rank=6 score=0.37303680369924236 measured=local file=GRQ-22-ockham.json (#4375)
[samples] pick slot=random rank=- score=0.3728391533574776 measured=local file=GRQ-10-lamarck.json (#4375)
[samples] seeded slots=7 of 8 top=6 random=1 considered=8 (#4677)
[creatures] copyNetworks(short): 33 creature file(s) in /Users/rocket/GRQ/.creatures (#4300)
[creatures] copyNetworks(short): 1.json 2.json 3.json 4.json 5.json 6.json 7.json 8.json 9.json GRQ-10-lamarck.json GRQ-10-ockham.json GRQ-13-forests.json GRQ-13-lamarck.json GRQ-13-ockham.json GRQ-18-1.json GRQ-18-ockham.json GRQ-19-forests.json GRQ-21-forests.json GRQ-22-ockham.json GRQ-23-forests.json GRQ-24-forests.json GRQ-24-ockham.json GRQ-25-ockham.json GRQ-3-forests.json Mac-Ultra-M2-lamarck.json best.json cluster.json sampler-1.json sampler-2.json sampler-3.json sampler-4.json sampler-5.json worker.json 
5) Sample rate: 1, timeout: 12, costName: MSE
sampler-preflight: bounding corpus du with the bash watchdog (30s) — timeout/gtimeout is not on this host (#4744)
sampler-preflight: phase=slice-1 free_gb=76.8 corpus_gb=21.4 required_gb=25.7 decision=ok
[heap-grant] stage=Sampler | Heap: 4326 MB | Total RAM: 16 GB | Available: 13598 MB | Planning budget: 8192 MB | FFI/OS headroom: 1536 MB | Floor: 4096 MB | Cap: 24576 MB (default) | Clamp: 12062 MB (available)
🏭 .trainData-binary_116-sampler/sample-100.bin — 2290119 of 2290119 records kept from 520 file(s), seed 13531386395347259047
📄 .trainData-binary_116-sampler/manifest.json — sha256 b84a1699887848f3a8086f65dcc34df4534f09c60ed024e56c8070a31f8623fe
2026-10-09T13:58:53.757Z [INFO] [Sampler] [pid-36282] 🏭 sampler implementation=refinery elapsed_ms=112947 records_read=2290119 records_written=2290119 output=.trainData-binary_116-sampler/sample-100.bin
2026-10-09T13:58:53.761Z [INFO] [Sampler] [pid-36282] Total time taken: 1m 52s
[scan-creatures] scanned=33 quarantined=0 repaired=0 reordered=0 duration=933ms
👥 Population size (sampler loop 5): 20
[heap-grant] stage=SamplerLearn | Heap: 4326 MB | Total RAM: 16 GB | Available: 13762 MB | Planning budget: 8192 MB | FFI/OS headroom: 1536 MB | Floor: 4096 MB | Cap: 24576 MB (default) | Clamp: 12226 MB (available)
2026-10-09T13:58:55.558Z [INFO] [from-json-hook] [pid-37311] [from-json-hook] installed source=Learn
2026-10-09T13:58:55.559Z [INFO] [memoryProfile] [pid-37311] [memory-profile] host=GRQ-19 totalMB=4326 profile=low-memory popSize=20 activationCap=4
2026-10-09T13:58:55.960Z [INFO] [Learn] [pid-37311] WASM activation initialised for main thread and workers
[neat-ai] running version 7.0.51
2026-10-09T13:58:56.112Z [INFO] [Learn] [pid-37311] Grace Taylor (Observations: 2,511, Neurons: 8,411, Synapses: 57,164 & Score: 0.422)
2026-10-09T13:58:56.201Z [INFO] [Learn] [pid-37311] [seed] loaded file=sampler-5.json score=0.4198110624041241
2026-10-09T13:58:56.286Z [INFO] [Learn] [pid-37311] [seed] loaded file=6.json score=0.4216341791362534
2026-10-09T13:58:56.360Z [INFO] [Learn] [pid-37311] [seed] loaded file=7.json score=none
2026-10-09T13:58:56.448Z [INFO] [Learn] [pid-37311] [seed] loaded file=sampler-4.json score=0.4216341791362534
2026-10-09T13:58:56.538Z [INFO] [Learn] [pid-37311] [seed] loaded file=GRQ-19-forests.json score=0.37308144781034364
2026-10-09T13:58:56.644Z [INFO] [Learn] [pid-37311] [seed] loaded file=GRQ-22-ockham.json score=0.3730367993602472
2026-10-09T13:58:56.682Z [INFO] [Learn] [pid-37311] [seed] loaded file=best.json score=0.40915305436761334
2026-10-09T13:58:56.768Z [INFO] [Learn] [pid-37311] [seed] loaded file=GRQ-10-ockham.json score=0.37316264247624825
2026-10-09T13:58:56.860Z [INFO] [Learn] [pid-37311] [seed] loaded file=GRQ-13-ockham.json score=0.43269923134691657
2026-10-09T13:58:56.950Z [INFO] [Learn] [pid-37311] [seed] loaded file=GRQ-18-1.json score=0.37339803442307085
2026-10-09T13:58:57.040Z [INFO] [Learn] [pid-37311] [seed] loaded file=Mac-Ultra-M2-lamarck.json score=0.37232058112107286
2026-10-09T13:58:57.128Z [INFO] [Learn] [pid-37311] [seed] loaded file=sampler-3.json score=0.4216341791362534
2026-10-09T13:58:57.246Z [INFO] [Learn] [pid-37311] [seed] loaded file=GRQ-13-lamarck.json score=0.43224280760299283
2026-10-09T13:58:57.337Z [INFO] [Learn] [pid-37311] [seed] loaded file=GRQ-13-forests.json score=0.4132703857482834
2026-10-09T13:58:57.423Z [INFO] [Learn] [pid-37311] [seed] loaded file=1.json score=0.4216341791362534
2026-10-09T13:58:57.509Z [INFO] [Learn] [pid-37311] [seed] loaded file=sampler-2.json score=0.4216341791362534
2026-10-09T13:58:57.605Z [INFO] [Learn] [pid-37311] [seed] loaded file=worker.json score=0.43327734716614397
2026-10-09T13:58:57.691Z [INFO] [Learn] [pid-37311] [seed] loaded file=GRQ-23-forests.json score=0.4318227091795947
2026-10-09T13:58:57.784Z [INFO] [Learn] [pid-37311] [seed] loaded file=GRQ-24-forests.json score=0.4167582899592249
2026-10-09T13:58:57.876Z [INFO] [Learn] [pid-37311] [seed] loaded file=GRQ-24-ockham.json score=0.3731471580636323
2026-10-09T13:58:57.966Z [INFO] [Learn] [pid-37311] [seed] loaded file=GRQ-10-lamarck.json score=0.37283912108613376
2026-10-09T13:58:58.064Z [INFO] [Learn] [pid-37311] [seed] loaded file=2.json score=0.4216341791362534
2026-10-09T13:58:58.159Z [INFO] [Learn] [pid-37311] [seed] loaded file=sampler-1.json score=0.4205803726979378
2026-10-09T13:58:58.258Z [INFO] [Learn] [pid-37311] [seed] loaded file=GRQ-3-forests.json score=0.4111276440103852
2026-10-09T13:58:58.380Z [INFO] [Learn] [pid-37311] [seed] loaded file=GRQ-18-ockham.json score=0.37226166695997265
2026-10-09T13:58:58.479Z [INFO] [Learn] [pid-37311] [seed] loaded file=GRQ-21-forests.json score=0.37315096294836575
2026-10-09T13:58:58.573Z [INFO] [Learn] [pid-37311] [seed] loaded file=cluster.json score=0.43327734716614397
2026-10-09T13:58:58.661Z [INFO] [Learn] [pid-37311] [seed] loaded file=3.json score=none
2026-10-09T13:58:58.750Z [INFO] [Learn] [pid-37311] [seed] loaded file=8.json score=none
2026-10-09T13:58:58.843Z [INFO] [Learn] [pid-37311] [seed] loaded file=GRQ-25-ockham.json score=0.37305128017992856
2026-10-09T13:58:58.927Z [INFO] [Learn] [pid-37311] [seed] loaded file=4.json score=none
2026-10-09T13:58:59.028Z [INFO] [Learn] [pid-37311] [seed] loaded file=5.json score=0.22267369975568566
2026-10-09T13:58:59.117Z [INFO] [Learn] [pid-37311] [seed] loaded file=9.json score=none
2026-10-09T13:58:59.117Z [INFO] [Learn] [pid-37311] [seed] loaded=33 skipped=0 kept=33 dropped=0 populationSize=20 dir=.creatures (#4300)
2026-10-09T13:58:59.117Z [INFO] [Learn] [pid-37311] [seed] best=worker.json@0.43327734716614397 worst-kept=9.json@-Infinity best-dropped=none (#4300)
2026-10-09T13:58:59.128Z [INFO] [Learn] [pid-37311] [learn] skipTrainingAfterConsecutiveRegressions=3
2026-10-09T13:58:59.128Z [INFO] [Learn] [pid-37311] [learn] skipTrainingAfterPopulationRegressions=6
2026-10-09T13:58:59.128Z [INFO] [Learn] [pid-37311] [learn] skipTrainingAfterPopulationNoProgress=0
2026-10-09T13:58:59.128Z [INFO] [Learn] [pid-37311] [inline-discovery-memory] nativeBudgetBytes=11489037516
2026-10-09T13:58:59.129Z [INFO] [Learn] [pid-37311] elitism 1, timeout 12, PopSize 20, cost MSE, SAMPLER
2026-10-09T13:58:59.129Z [INFO] [Learn] [pid-37311] Initialized in 3s 571ms
[WasmWorkerInit] worker=worker-1 outcome=ok handshakeMs=147 cache=hit cacheDir=/Users/rocket/.cache/neat-ai/wasm bundleBytes=1042991 bundleLoadMs=2 glueImportMs=8 instantiateMs=1 wasmTotalMs=12 workerError=none
[WasmWorkerInit] worker=worker-2 outcome=ok handshakeMs=142 cache=hit cacheDir=/Users/rocket/.cache/neat-ai/wasm bundleBytes=1042991 bundleLoadMs=2 glueImportMs=8 instantiateMs=1 wasmTotalMs=12 workerError=none
[WasmWorkerInit] worker=worker-3 outcome=ok handshakeMs=139 cache=hit cacheDir=/Users/rocket/.cache/neat-ai/wasm bundleBytes=1042991 bundleLoadMs=2 glueImportMs=8 instantiateMs=1 wasmTotalMs=12 workerError=none
[WasmWorkerInit] worker=worker-4 outcome=ok handshakeMs=144 cache=hit cacheDir=/Users/rocket/.cache/neat-ai/wasm bundleBytes=1042991 bundleLoadMs=2 glueImportMs=8 instantiateMs=1 wasmTotalMs=12 workerError=none
[WasmWorkerInit] worker=worker-5 outcome=ok handshakeMs=145 cache=hit cacheDir=/Users/rocket/.cache/neat-ai/wasm bundleBytes=1042991 bundleLoadMs=2 glueImportMs=8 instantiateMs=1 wasmTotalMs=12 workerError=none
[WasmWorkerInit] worker=worker-6 outcome=ok handshakeMs=145 cache=hit cacheDir=/Users/rocket/.cache/neat-ai/wasm bundleBytes=1042991 bundleLoadMs=2 glueImportMs=8 instantiateMs=1 wasmTotalMs=12 workerError=none
[WasmWorkerInit] worker=worker-7 outcome=ok handshakeMs=146 cache=hit cacheDir=/Users/rocket/.cache/neat-ai/wasm bundleBytes=1042991 bundleLoadMs=2 glueImportMs=8 instantiateMs=1 wasmTotalMs=12 workerError=none
[WasmWorkerInit] worker=worker-8 outcome=ok handshakeMs=141 cache=hit cacheDir=/Users/rocket/.cache/neat-ai/wasm bundleBytes=1042991 bundleLoadMs=2 glueImportMs=8 instantiateMs=1 wasmTotalMs=12 workerError=none
[WasmWorkerInit] worker=worker-9 outcome=ok handshakeMs=144 cache=hit cacheDir=/Users/rocket/.cache/neat-ai/wasm bundleBytes=1042991 bundleLoadMs=2 glueImportMs=8 instantiateMs=1 wasmTotalMs=12 workerError=none
[WasmWorkerInit] worker=worker-10 outcome=ok handshakeMs=233 cache=hit cacheDir=/Users/rocket/.cache/neat-ai/wasm bundleBytes=1042991 bundleLoadMs=2 glueImportMs=8 instantiateMs=1 wasmTotalMs=12 workerError=none
[WasmWorkerInit] worker=worker-11 outcome=ok handshakeMs=198 cache=hit cacheDir=/Users/rocket/.cache/neat-ai/wasm bundleBytes=1042991 bundleLoadMs=2 glueImportMs=8 instantiateMs=1 wasmTotalMs=12 workerError=none
[WasmWorkerInit] worker=worker-12 outcome=ok handshakeMs=217 cache=hit cacheDir=/Users/rocket/.cache/neat-ai/wasm bundleBytes=1042991 bundleLoadMs=2 glueImportMs=8 instantiateMs=1 wasmTotalMs=12 workerError=none
DeDuplication of 5 creatures to 29 in 6ms (previous experiment 5ms)
[DynamicPool] 2 idle heavy worker(s) assisting fitness evaluation
[NEAT-AI] Batch scorer partition: 29 forwardOnly batched, 0 recurrent batched, 0 per-creature
[DynamicPool] 2 idle heavy worker(s) assisting breeding
[neat-ai] running version 7.0.51
[neat-ai] running version 7.0.51
[neat-ai] running version 7.0.51
[neat-ai] running version 7.0.51
[neat-ai] running version 7.0.51
[neat-ai] running version 7.0.51
[neat-ai] running version 7.0.51
[neat-ai] running version 7.0.51
[neat-ai] running version 7.0.51
[WasmWorkerInit] worker=worker-13 outcome=ok handshakeMs=1109 cache=hit cacheDir=/Users/rocket/.cache/neat-ai/wasm bundleBytes=1042991 bundleLoadMs=2 glueImportMs=8 instantiateMs=1 wasmTotalMs=12 workerError=none
[neat-ai] running version 7.0.51
[neat-ai] running version 7.0.51
[WasmWorkerInit] worker=worker-14 outcome=ok handshakeMs=970 cache=hit cacheDir=/Users/rocket/.cache/neat-ai/wasm bundleBytes=1042991 bundleLoadMs=2 glueImportMs=8 instantiateMs=1 wasmTotalMs=12 workerError=none
[WasmWorkerInit] worker=worker-15 outcome=ok handshakeMs=954 cache=hit cacheDir=/Users/rocket/.cache/neat-ai/wasm bundleBytes=1042991 bundleLoadMs=2 glueImportMs=8 instantiateMs=1 wasmTotalMs=12 workerError=none
[WasmWorkerInit] worker=worker-16 outcome=ok handshakeMs=727 cache=hit cacheDir=/Users/rocket/.cache/neat-ai/wasm bundleBytes=1042991 bundleLoadMs=2 glueImportMs=8 instantiateMs=1 wasmTotalMs=12 workerError=none
[WasmWorkerInit] worker=worker-17 outcome=ok handshakeMs=1316 cache=hit cacheDir=/Users/rocket/.cache/neat-ai/wasm bundleBytes=1042991 bundleLoadMs=2 glueImportMs=8 instantiateMs=1 wasmTotalMs=12 workerError=none
[MCMC] Gen: temp=0.9751, acceptance=100.0% (smoothed=100.0%), proposed=4, accepted=4, rejected=0
[WasmWorkerInit] worker=worker-18 outcome=ok handshakeMs=11226 cache=hit cacheDir=/Users/rocket/.cache/neat-ai/wasm bundleBytes=1042991 bundleLoadMs=2 glueImportMs=8 instantiateMs=1 wasmTotalMs=12 workerError=none
[PreWarm] 12 new templates, 5 cached, 17 unique topologies (503ms)
[Timing] fitness=1820041ms breeding=7822ms breedingWorker=7822ms mainThreadOverlap=1ms resultProcessing=0ms preWarm=503ms pipelineOverlap=533ms sort=0ms writeScores=115ms mutation=8853ms deduplication=1153ms speciation=30ms total=1857001ms
[Utilisation] fitness=0%fast/0%heavy breeding=0%fast/0%heavy overall=0%
[MutationOps] MOD_WEIGHT proposed=4 noChange=0 applied=4 reverted=0 evaluated=0 accepted=0 rejected=0 evalMs=0 depth[in=0 mid=0 out=0 ?=4] || resolved=0 multiOperator=0 discarded=0 evalMs=0 mcmc=4/4
[Throughput] wall=1857001ms nonFitness=36960ms gensPerHour=1.9 fast=busy48365ms/idle18521645ms/depth29/wait15844ms heavy=busy6094ms/idle3707908ms/depth0/wait0ms scorer=253.3ms/scored29/batchScored29/perCreatureScored0/batchInvocations1/creaturesPerSec0.0 corruptParentSkips=0
[WasmWorkerInit] worker=worker-19 outcome=ok handshakeMs=368 cache=hit cacheDir=/Users/rocket/.cache/neat-ai/wasm bundleBytes=1042991 bundleLoadMs=2 glueImportMs=8 instantiateMs=1 wasmTotalMs=12 workerError=none
Generation 1 score 0.4198833091707624 (avg: 0.2394) error 0.5786838727639941 time 30m 57s 22ms
[Neat] Hard deadline (timeoutMinutes + grace) exceeded — abandoning 0 in-flight task(s)
[WasmWorkerInit] worker=worker-20 outcome=ok handshakeMs=659 cache=hit cacheDir=/Users/rocket/.cache/neat-ai/wasm bundleBytes=1042991 bundleLoadMs=2 glueImportMs=8 instantiateMs=1 wasmTotalMs=12 workerError=none
[evolveDir] teardown complete: 12 worker(s) terminated, 0 detached; replay queue drained
[training-skip] summary skipped=0 populationSkipped=0 creatureSkipped=0 otherSkipped=0 improvements=0 regressions=0 noChange=0 neatSkipped=0 regressionRate=0 (#4713)
2026-10-09T14:30:02.137Z [INFO] [Learn] [pid-37311] Evolution of 1 generation in 31m 3s, averaging 31m 3s 7ms
2026-10-09T14:30:02.137Z [INFO] [Learn] [pid-37311] [seed] loaded=33 skipped=0 kept=33 dropped=0 populationSize=20 dir=.creatures (#4300)
2026-10-09T14:30:02.137Z [INFO] [Learn] [pid-37311] [seed] best=worker.json@0.43327734716614397 worst-kept=9.json@-Infinity best-dropped=none (#4300)
2026-10-09T14:30:02.137Z [WARN] [Learn] [pid-37311] model training over-run: elapsed 31m 3s vs expected 12m — stopping further generations; results committed (#4141)
[WasmWorkerInit] worker=worker-21 outcome=ok handshakeMs=431 cache=hit cacheDir=/Users/rocket/.cache/neat-ai/wasm bundleBytes=1042991 bundleLoadMs=2 glueImportMs=8 instantiateMs=1 wasmTotalMs=12 workerError=none
2026-10-09T14:30:02.311Z [INFO] [saveValidatedCreatureExport] [pid-37311] [forward-only] saved file=.network-sampler.json
[checkin-reserve] overrun: loop 5 Learn ran 31m07s against --timeout=12 min (overran 19m07s); sized with 124m42s left, launched with 114m07s left (10m35s consumed before launch) (#4872)
[result-metadata] stamped .result-sampler.json with samplerBuildTimeMs=112951
ℹ️ .trainData-binary_116: removal skipped — leased by pid 99585 (in-use lock held by a live producer/consumer, #3518)
📊 sampler.sh run complete: 97 min, 5 loops
[01:30:06] 📊 Performance recorded: 1 generations in 1863007ms, 520 training files, 8411 neurons, 57164 synapses, score 0.4198833091707624, NEAT-AI 7.0.51, CPUs 10, load 17.28/20.67/20.29, RAM 16GB, available 13762MB, ext 116, mode sampler-mcmc, pop 20 (requested 20), sampleRate 1, sparseRatio 0.075, fitnessSampleRate 1, prep 3982ms, samplerBuild 112951ms
📊 Sampler stats row: GRQ-19
[main 0bb065d] 📊 Sampler stats row: GRQ-19
 1 file changed, 1 insertion(+)
🔄 [cluster] Push rejected (attempt 1/12) - fetching and rebasing
! [rejected]        main -> main (fetch first)
error: failed to push some refs to 'github.com:stSoftwareAU/GRQ-sampler.git'
From github.com:stSoftwareAU/GRQ-sampler
   87c6eea..23c7743  main       -> origin/main
Rebasing (1/1)Successfully rebased and updated refs/heads/main.
⏳ [cluster] Retrying push in 7s...
GIT-OP: [sampler-stats] git push ok in 4s (attempt 1/3, timeout=600s)
To github.com:stSoftwareAU/GRQ-sampler.git
   23c7743..ab1667b  main -> main
[01:30:25] 📦 checkin-sample.sh on host GRQ-19 (via sampler.sh)
GIT-OP: [checkin-sample] git pull ok in 2s (attempt 1/3, timeout=600s)
Already up to date.
[01:30:28] 🧭 check-in provenance: caller=sampler.sh host=GRQ-19 since-previous=97m 56s
[scoring-provenance] host=GRQ-19 path=confirm data=trainData-binary_116 data_sha=6df6f4c5b82433163effbe651eafc9515b244223bf65f1934caf7da0dfc17fc7 scorer=native scorer_sha=b35d97780525983a4748d3c340d74611a5bbb89f9fb51adbf2228b89ff94276e neat_ai=7.0.51 core_sha=58b8842066d9a1b640c4ba9551074f4432fb891f core_dirty=no scorer_src_sha=f044b409b6cf1e12a1d457b73f9a1aa41f6c9005 scorer_src_dirty=no
[neat-ai] running version 7.0.51
2026-10-09T14:31:34.704Z [INFO] [ConfirmScore] [pid-49668] ✅ verified Score in 1m 5s 512ms
2026-10-09T14:31:34.706Z [INFO] [ConfirmScore] [pid-49668] [scorer-summary] program=IntelligentDesign.ConfirmScore rust=1 wasm=0 worker-pool-size=0 peak-concurrent=1 elapsed=66s
[checkin-confirm] host=GRQ-19 creature=/Users/rocket/GRQ/worker/../.creatures/1.json claimed=0.4198833091707624 confirmed=0.4198833091707624 delta=0 rel=0 budget=1800s bound=watchdog (#4372)
🧬 [provenance-tags] checkin-confirm: 1.json scoreVerified=confirm:0.4198833091707624 (#4374)
[01:31:37] [checkin-stage] caller=sampler.sh host=GRQ-19 creature=/Users/rocket/GRQ/worker/../.creatures/1.json score=0.4198833091707624 neurons=8411 synapses=57164 baseline=samples/GRQ-19-1.json previous=0.4198110624041241 (#4299)
[checkin-floor] accept baseline=samples/GRQ-19-1.json previous=0.4198110624041241 candidate=0.4198833091707624 max_drop=25% drop=-0.02% reason=within-floor (#4299)
[checkin-ceiling] accept baseline=samples/GRQ-19-1.json previous=0.4198110624041241 candidate=0.4198833091707624 max_gain=10% gain=0.02% reason=within-ceiling (#4373)
🧬 [provenance-tags] checkin-sample: GRQ-19-1.json stamped scorerSha=b35d97780525983a4748d3c340d74611a5bbb89f9fb51adbf2228b89ff94276e dataSha=6df6f4c5b82433163effbe651eafc9515b244223bf65f1934caf7da0dfc17fc7 neatAi=7.0.51 (#4374)
[01:31:50] ✅ Committing 🦠 GRQ-19 🎯, Score: 0.419883
[main 751c5ef] 🦠 GRQ-19 🎯, Score: 0.419883, Neurons: 8,411 & Synapses: 57,164
 1 file changed, 4742 insertions(+), 4572 deletions(-)
GIT-OP: [checkin-sample] git push ok in 4s (attempt 1/3, timeout=600s)
To github.com:stSoftwareAU/GRQ-sampler.git
   ab1667b..751c5ef  main -> main
[training-outcomes] tasks=20 scheduled=22 completed=14 timedOut=0 abandoned=5 aborted=0 rejected=1 inFlight=0 maxConsecutiveTimeouts=0 maxConsecutiveRegressions=2 maxConsecutiveNoProgress=2 threshold=3 regressionThreshold=3 improved=8 regressed=6 noChange=1 unknownImprovement=5 skipped=3 populationSkipped=3 skipSource=event-summary populationGate=6
[training-outcomes] task=59d39259 outcome=abandoned lastSampleError=unknown errorBefore=0.5795122018062365 errorAfter=0.5807069148915512 improvement=regressed delta=0.5807069148915512 reason=watchdog-abandoned
[training-outcomes] task=246f4331 outcome=completed lastSampleError=unknown errorBefore=0.5795122018062365 errorAfter=0.5795122018062365 improvement=no_change delta=0 reason=result-returned
[training-outcomes] task=bb885136 outcome=completed lastSampleError=unknown errorBefore=0.5796031055984375 errorAfter=0.5795669809486518 improvement=improved delta=0.0000361 reason=result-returned
[training-outcomes] task=963afb52 outcome=completed lastSampleError=unknown errorBefore=0.5796425910772568 errorAfter=0.5795562090304653 improvement=improved delta=0.0000864 reason=result-returned
[training-outcomes] task=1aa21317 outcome=completed lastSampleError=unknown errorBefore=0.5795122018062365 errorAfter=0.579460263551702 improvement=improved delta=0.0000519 reason=result-returned
[training-outcomes] task=cc2545d7 outcome=completed lastSampleError=unknown errorBefore=0.5795122021479057 errorAfter=0.5794998479880933 improvement=improved delta=0.0000124 reason=result-returned
[training-outcomes] task=b58ce0b0 outcome=completed lastSampleError=unknown errorBefore=0.5795122018062365 errorAfter=0.6706862919220377 improvement=regressed delta=-0.0912 reason=result-returned
[training-outcomes] task=e3b1b40e outcome=completed lastSampleError=unknown errorBefore=0.5795122018062365 errorAfter=0.6701496950507 improvement=regressed delta=-0.0906 reason=result-returned
[training-outcomes] task=4f0cf9c6 outcome=completed lastSampleError=unknown errorBefore=0.5795122019600124 errorAfter=0.5795089784706765 improvement=improved delta=0.00000322 reason=result-returned
[training-outcomes] task=53300910 outcome=completed lastSampleError=unknown errorBefore=unknown errorAfter=unknown improvement=unknown delta=unknown reason=result-returned
[training-outcomes] task=209fae82 outcome=completed lastSampleError=unknown errorBefore=0.579460263551702 errorAfter=0.5794604754037579 improvement=regressed delta=-2.12e-7 reason=result-returned
[training-outcomes] task=b31b9333 outcome=completed lastSampleError=unknown errorBefore=0.5794998479880933 errorAfter=0.57956863339609 improvement=regressed delta=-0.0000688 reason=result-returned
[training-outcomes] task=edd7df65 outcome=completed lastSampleError=unknown errorBefore=0.579460263551702 errorAfter=0.5794124649616611 improvement=improved delta=0.0000478 reason=result-returned
[training-outcomes] task=04b5d641 outcome=completed lastSampleError=unknown errorBefore=0.5795089784706765 errorAfter=0.5794769234279832 improvement=improved delta=0.0000321 reason=result-returned
[training-outcomes] task=7b150747 outcome=completed lastSampleError=unknown errorBefore=0.579460263551702 errorAfter=0.5783676090094002 improvement=improved delta=0.00109 reason=result-returned
[training-outcomes] task=550aece5 outcome=rejected lastSampleError=unknown errorBefore=0.5794602640084706 errorAfter=0.5853039675781437 improvement=regressed delta=0.5853039675781437 reason=higher-error-discarded
[training-outcomes] task=50ced881 outcome=abandoned lastSampleError=unknown errorBefore=unknown errorAfter=unknown improvement=unknown delta=unknown reason=worker-cancelled
[training-outcomes] task=6d6b9ce2 outcome=abandoned lastSampleError=unknown errorBefore=unknown errorAfter=unknown improvement=unknown delta=unknown reason=worker-cancelled
[training-outcomes] task=c6feaedf outcome=abandoned lastSampleError=unknown errorBefore=unknown errorAfter=unknown improvement=unknown delta=unknown reason=worker-cancelled
[training-outcomes] task=8721ffb1 outcome=abandoned lastSampleError=unknown errorBefore=unknown errorAfter=unknown improvement=unknown delta=unknown reason=watchdog-abandoned
[training-outcomes] cancelled task=50ced881 worker=worker-11 heldMs=114337 quarantined=yes — the worker never returned a result, so the request was cancelled instead of left in flight (#4489)
[training-outcomes] cancelled task=6d6b9ce2 worker=worker-12 heldMs=251028 quarantined=yes — the worker never returned a result, so the request was cancelled instead of left in flight (#4489)
[training-outcomes] cancelled task=c6feaedf worker=worker-11 heldMs=250952 quarantined=yes — the worker never returned a result, so the request was cancelled instead of left in flight (#4489)
[training-outcomes] WARNING abandoned=5 training task(s) hung and were force-abandoned after 5 watchdog event(s) — each returned NO result, so this is a failure, not a benign timeout; ids (×times abandoned): 59d39259×1, 50ced881×1, 6d6b9ce2×1, c6feaedf×1, 8721ffb1×1. cancelled=3 of them were cancelled at the worker — see the cancelled lines above for the worker and elapsed ms (#4489). Creature snapshots for offline repro: see the [training-hang] lines (#4289)
[training-hang] abandoned=5 events=5 captured=5 atSchedule=5 captureDir=/Users/rocket/logs/training-hangs (a force-abandoned task returned NO result — this is a failure, not a benign timeout) (#4289)
[training-hang] task=50ced881 abandonments=1 source=schedule-time creature=/Users/rocket/logs/training-hangs/in-flight/training-task-50ced881.json captured=/Users/rocket/logs/training-hangs/training-hang-50ced881.json memeticWeights=absent
[training-hang] task=c6feaedf abandonments=1 source=schedule-time creature=/Users/rocket/logs/training-hangs/in-flight/training-task-c6feaedf.json captured=/Users/rocket/logs/training-hangs/training-hang-c6feaedf.json memeticWeights=absent
[training-hang] task=6d6b9ce2 abandonments=1 source=schedule-time creature=/Users/rocket/logs/training-hangs/in-flight/training-task-6d6b9ce2.json captured=/Users/rocket/logs/training-hangs/training-hang-6d6b9ce2.json memeticWeights=absent
[training-hang] task=8721ffb1 abandonments=1 source=schedule-time creature=/Users/rocket/logs/training-hangs/in-flight/training-task-8721ffb1.json captured=/Users/rocket/logs/training-hangs/training-hang-8721ffb1.json memeticWeights=absent
[training-hang] task=59d39259 abandonments=1 source=schedule-time creature=/Users/rocket/logs/training-hangs/in-flight/training-task-59d39259.json captured=/Users/rocket/logs/training-hangs/training-hang-59d39259.json memeticWeights=absent
[training-hang] atSchedule=5 of 5 is NOT judged a regression: GRQ_TRAINING_HANG_CAPTURE_MIN_NEAT_AI is unset, so no release is claimed to KEEP a hung task's schedule-time capture — the running @stsoftware/neat-ai 7.0.51 writes one at schedule time (NEAT-AI #4022) and removes it when the task settles, and GRQ #4489 settles an abandoned task by cancelling it, so /Users/rocket/logs/training-hangs/in-flight is emptied for exactly the hung set. Set the floor to the release carrying NEAT-AI fix/grq-4794-capture-survives-cancellation and an empty capture turns the run red (GRQ #4802, #4794)
[scorer-engine-split] splits=0 firstReason=none
[stage-failure-health] failures=0 firstStage=none firstExitCode=0 firstHitLine=0
[diagnostics] dir=/Users/rocket/GRQ/worker/../.diagnostics files=1 (#4283)
[diagnostics] file=sampler-run-summary.txt bytes=88 mtime=2026-10-09T14:30:05Z head="sampler.sh run complete: 97 min, 5 loops host=GRQ-19 timestamp=2026-10-10 01:30:05 AEDT"
GIT-OP: [reset] git fetch ok in 3s (attempt 1/3, timeout=600s)
HEAD is now at 41e54c86 Inject a clock into runImproveSquashPass; fake-clock the #4029 per-pass test (#5199) (#5210)
[fetch-phase] GRQ-health phase=graded-self-heal duration_secs=0
[fetch-phase] GRQ-health phase=pre-fetch-cleanup duration_secs=0
[fetch-phase] GRQ-health phase=prefetch-staleness-check duration_secs=2
[fetch-phase] GRQ-health phase=fetch duration_secs=3
GIT-OP: [model_fetch GRQ-health] git fetch ok in 3s (attempt 1/6, timeout=none)
From github.com:stSoftwareAU/GRQ-health
   a6695b765..39c69fdbb  Develop    -> origin/Develop
HEAD is now at 39c69fdbb Feed completion: sentiment-tickers no-change for 20261009 on GRQ-3/scorer
branch 'Develop' set up to track 'origin/Develop'.
Your branch is up to date with 'origin/Develop'.
[fetch-phase] GRQ-health phase=reset-checkout duration_secs=3
📦 [feed-repo-size] repo=GRQ-health size-pack-kib=64879 head-tree-kib=unmeasured ratio=n/a threshold=3 promisor=true action=none
[fetch-phase] GRQ-health phase=compaction-size-measurement duration_secs=0
[fetch-phase] GRQ-health phase=shallow-history-reclaim duration_secs=0
✅ GRQ-health synced with remote (validation skipped)
[fetch-phase] GRQ-health phase=validation duration_secs=0
🩺 [health_sync] entry repo=/Users/rocket/GRQ-health branch=Develop local_ahead=0 behind=0
🩺 [health_sync] decision path=noop
🩺 [health_sync] result status=ok
Updating health information...
Already up to date.
Updated health information for GRQ-19
