================ Clean up START ================
Version 1.3.7
/Users/sloth/GRQ/worker
Disk usage:
Filesystem        Size    Used   Avail Capacity iused ifree %iused  Mounted on
/dev/disk3s1s1   228Gi    10Gi    70Gi    14%    426k  735M    0%   /
devfs            199Ki   199Ki     0Bi   100%     690     0  100%   /dev
/dev/disk3s6     228Gi   2.0Gi    70Gi     3%       2  735M    0%   /System/Volumes/VM
/dev/disk3s2     228Gi   6.7Gi    70Gi     9%    1.3k  735M    0%   /System/Volumes/Preboot
/dev/disk3s4     228Gi   2.7Mi    70Gi     1%      55  735M    0%   /System/Volumes/Update
/dev/disk1s2     500Mi   6.0Mi   483Mi     2%       1  4.9M    0%   /System/Volumes/xarts
/dev/disk1s1     500Mi   5.8Mi   483Mi     2%      34  4.9M    0%   /System/Volumes/iSCPreboot
/dev/disk1s3     500Mi   716Ki   483Mi     1%      80  4.9M    0%   /System/Volumes/Hardware
/dev/disk3s5     228Gi   138Gi    70Gi    67%    685k  735M    0%   /System/Volumes/Data
map auto_home      0Bi     0Bi     0Bi   100%       0     0     -   /System/Volumes/Data/home
Uptime:  5:29  up 15:36, 4 users, load averages: 14.23 15.06 15.23
USER    PID  PPID COMMAND
sloth 78713     1 /bin/bash /Users/sloth/GRQ/sloth.sh
sloth 78717 78713 /bin/bash ./run.sh --run-once
sloth 78735 78717 /bin/bash worker/node.sh
root  78745 78735 ps -U sloth -o user,pid,ppid,command
Host: GRQ-19
IP: 10.0.0.179
10.0.0.19
Number of CPUs: 10
Available Memory: 15G
================ Clean up ENDED ================
Use local deno
PATH: /Users/sloth/.deno/bin:/usr/bin:/bin:/usr/sbin:/sbin
deno 2.4.4 (stable, release, aarch64-apple-darwin)
v8 13.7.152.14-rusty
typescript 5.8.3
worker/node.sh: line 78: aws: command not found
Option: IntelligentDesign
🎯 Selected squash: Mish
Already up to date.
From github.com:stSoftwareAU/GRQ-cluster
   1a3c1c1..adcae9e  main       -> origin/main
HEAD is now at adcae9e Evolution score 0.4718 -> 0.4719 {diff 1} on GRQ-3
Reset branch 'main'
branch 'main' set up to track 'origin/main'.
Your branch is up to date with 'origin/main'.
✅ GRQ-cluster synced with remote (validation skipped)
From github.com:stSoftwareAU/GRQ-sampler
   522e3010..71b68469  main       -> origin/main
HEAD is now at 71b68469 🦠 GRQ-3 🎯, Score: 0.471876, Neurons: 491 & Synapses: 15,969
Reset branch 'main'
branch 'main' set up to track 'origin/main'.
Your branch is up to date with 'origin/main'.
✅ GRQ-sampler synced with remote (validation skipped)
HEAD is now at 4f49625 LEARNT 41.32% -> 41.46% Delta 0.138 cluster
Reset branch 'main'
branch 'main' set up to track 'origin/main'.
Your branch is up to date with 'origin/main'.
✅ GRQ-portfolio synced with remote (validation skipped)
Starting id... Sat Aug 23 05:30:01 AEST 2025
Intelligent Design mode
Fetching compressed training data: ../../.cache/trainData-binary_88/31e9f5b6b194f0898c5477723ba16ba3eb9cf9a45808a664650a6550003ec920.tgz...
Cleaning up old training data versions...
Decompressing training data...
🏆 Best score: 0.47187569819419867 from GRQ-3-1
✅ verified Score in 1m 47s 31ms
🕵️‍♀️ Found 5 neurons to check from the combined tacit knowledge.
📉 Regression for LeakyReLU@a0292ce5: 0.4718756162793683 of -8.19e-8
⏳ Progress: 20.0% | Elapsed: 2m 23s | ETA: 9m 33s
📉 Regression for LOGISTIC@e2e9db27: 0.471875154084545 of -5.44e-7
🎉 New best score for Softplus@75967a1f: 0.471876385337244, improved by 6.87e-7
📉 Regression for LeakyReLU@de6c7d3c: 0.4718755443902089 of -1.54e-7
🎉 New best score for LOGISTIC@c1c6a74b: 0.4718757299139635, improved by 3.17e-8
🏁 Completed in 4m 9s 993ms
[main 01695766] 💍  Tacit Knowledge, score: 0.471876 improved by 7.19e-7 of GRQ-3-1
 2 files changed, 17 insertions(+), 11 deletions(-)
To github.com:stSoftwareAU/GRQ-sampler.git
 ! [rejected]          main -> main (fetch first)
error: failed to push some refs to 'github.com:stSoftwareAU/GRQ-sampler.git'
hint: Updates were rejected because the remote contains work that you do
hint: not have locally. This is usually caused by another repository pushing
hint: to the same ref. You may want to first integrate the remote changes
hint: (e.g., 'git pull ...') before pushing again.
hint: See the 'Note about fast-forwards' in 'git push --help' for details.
⚠️ Git push failed — attempting conflict resolution
No local changes to save
From github.com:stSoftwareAU/GRQ-sampler
 * branch              main       -> FETCH_HEAD
   71b68469..b2a7f3db  main       -> origin/main
HEAD is now at b2a7f3db 🦠 Mac-Ultra-M2 🎯, Score: 0.471876, Neurons: 491 & Synapses: 15,972
Everything up-to-date
✅ Git push after conflict resolution succeeded.
🏆 Best score: 0.4718759920718909 from Mac-Ultra-M2-1
✅ verified Score in 1m 13s 190ms
🕵️‍♀️ Found 2 neurons to check from the combined tacit knowledge.
🎉 New best score for Softplus@75967a1f: 0.4718765866340604, improved by 5.95e-7
⏳ Progress: 50.0% | Elapsed: 1m 34s | ETA: 1m 34s
🎉 New best score for LOGISTIC@c1c6a74b: 0.47187601740471774, improved by 2.53e-8
🏁 Completed in 2m 57s 50ms
[main d7846447] 💍  Tacit Knowledge, score: 0.471877 improved by 6.20e-7 of Mac-Ultra-M2-1
 2 files changed, 14 insertions(+), 8 deletions(-)
To github.com:stSoftwareAU/GRQ-sampler.git
 ! [rejected]          main -> main (fetch first)
error: failed to push some refs to 'github.com:stSoftwareAU/GRQ-sampler.git'
hint: Updates were rejected because the remote contains work that you do
hint: not have locally. This is usually caused by another repository pushing
hint: to the same ref. You may want to first integrate the remote changes
hint: (e.g., 'git pull ...') before pushing again.
hint: See the 'Note about fast-forwards' in 'git push --help' for details.
⚠️ Git push failed — attempting conflict resolution
No local changes to save
From github.com:stSoftwareAU/GRQ-sampler
 * branch              main       -> FETCH_HEAD
   b2a7f3db..23deda4f  main       -> origin/main
HEAD is now at 23deda4f 🦠 GRQ-18 🎯, Score: 0.471876, Neurons: 491 & Synapses: 15,969
Everything up-to-date
✅ Git push after conflict resolution succeeded.
🏆 Best score: 0.4718759920718909 from Mac-Ultra-M2-1
✅ verified Score in 1m 35s 14ms
🕵️‍♀️ Found 2 neurons to check from the combined tacit knowledge.
🎉 New best score for LOGISTIC@c1c6a74b: 0.4718760174046823, improved by 2.53e-8
⏳ Progress: 50.0% | Elapsed: 2m 20s | ETA: 2m 20s
🎉 New best score for Softplus@75967a1f: 0.47187658663404053, improved by 5.95e-7
🏁 Completed in 3m 34s 98ms
[main 13d41cfa] 💍  Tacit Knowledge, score: 0.471877 improved by 6.20e-7 of Mac-Ultra-M2-1
 2 files changed, 14 insertions(+), 8 deletions(-)
To github.com:stSoftwareAU/GRQ-sampler.git
 ! [rejected]          main -> main (fetch first)
error: failed to push some refs to 'github.com:stSoftwareAU/GRQ-sampler.git'
hint: Updates were rejected because the remote contains work that you do
hint: not have locally. This is usually caused by another repository pushing
hint: to the same ref. You may want to first integrate the remote changes
hint: (e.g., 'git pull ...') before pushing again.
hint: See the 'Note about fast-forwards' in 'git push --help' for details.
⚠️ Git push failed — attempting conflict resolution
No local changes to save
From github.com:stSoftwareAU/GRQ-sampler
 * branch              main       -> FETCH_HEAD
   23deda4f..6b3d5efb  main       -> origin/main
HEAD is now at 6b3d5efb 🦠 GRQ-24 🎯, Score: 0.471876, Neurons: 491 & Synapses: 15,971
Everything up-to-date
✅ Git push after conflict resolution succeeded.
🛑 Throttling: waiting for some tasks to complete... pending: 20, max: 20, found: 0, scheduled: 20, completed: 0
⏳ Progress: 0.2% | Elapsed: 2m 1s | ETA: 16h 5m 17s
🛑 Throttling: waiting for some tasks to complete... pending: 20, max: 20, found: 0, scheduled: 21, completed: 1
⏳ Progress: 2.3% | Elapsed: 4m 2s | ETA: 2h 52m 16s
🛑 Throttling: waiting for some tasks to complete... pending: 20, max: 20, found: 0, scheduled: 31, completed: 11
⏳ Progress: 4.4% | Elapsed: 6m 10s | ETA: 2h 14m 48s
🛑 Throttling: waiting for some tasks to complete... pending: 20, max: 20, found: 0, scheduled: 41, completed: 21
⏳ Progress: 6.5% | Elapsed: 8m 31s | ETA: 2h 3m 25s
🛑 Throttling: waiting for some tasks to complete... pending: 20, max: 20, found: 0, scheduled: 51, completed: 31
🧬 Neuron d40badf9 LeakyReLU -> Mish, score: 0.471876 improved by 1.01e-8, completed 8.3%
⏳ Progress: 8.2% | Elapsed: 11m 2s | ETA: 2h 3m 4s
🛑 Throttling: waiting for some tasks to complete... pending: 36, max: 20, found: 1, scheduled: 77, completed: 41
🧬 Neuron fa8f5070 GELU -> Mish, score: 0.471876 improved by 8.57e-8, completed 8.8%
⏳ Progress: 9.9% | Elapsed: 14m 46s | ETA: 2h 14m 38s
🛑 Throttling: waiting for some tasks to complete... pending: 44, max: 20, found: 2, scheduled: 95, completed: 51
🌱 Neuron d40badf9 LeakyReLU -> GELU, score: 0.471877 improved by 5.56e-7, completed 11.3%
🛑 Throttling: waiting for some tasks to complete... pending: 34, max: 20, found: 2, scheduled: 95, completed: 61
🛑 Throttling: waiting for some tasks to complete... pending: 24, max: 20, found: 2, scheduled: 95, completed: 71
⏳ Progress: 18.2% | Elapsed: 22m 54s | ETA: 1h 42m 50s
🛑 Throttling: waiting for some tasks to complete... pending: 20, max: 20, found: 2, scheduled: 114, completed: 94
⏳ Progress: 18.8% | Elapsed: 25m 19s | ETA: 1h 49m 21s
🛑 Throttling: waiting for some tasks to complete... pending: 20, max: 20, found: 2, scheduled: 117, completed: 97
⏳ Progress: 20.7% | Elapsed: 27m 40s | ETA: 1h 45m 45s
🛑 Throttling: waiting for some tasks to complete... pending: 20, max: 20, found: 2, scheduled: 127, completed: 107
⏳ Progress: 22.7% | Elapsed: 30m 7s | ETA: 1h 42m 43s
🛑 Throttling: waiting for some tasks to complete... pending: 20, max: 20, found: 2, scheduled: 137, completed: 117
⏳ Progress: 24.6% | Elapsed: 32m 25s | ETA: 1h 39m 16s
🛑 Throttling: waiting for some tasks to complete... pending: 20, max: 20, found: 2, scheduled: 147, completed: 127
⏳ Progress: 26.6% | Elapsed: 34m 57s | ETA: 1h 36m 41s
🛑 Throttling: waiting for some tasks to complete... pending: 20, max: 20, found: 2, scheduled: 157, completed: 137
⏳ Progress: 27.9% | Elapsed: 35m 59s | ETA: 1h 32m 57s
🛑 Throttling: waiting for some tasks to complete... pending: 20, max: 20, found: 2, scheduled: 164, completed: 144
⏳ Progress: 28.5% | Elapsed: 38m 25s | ETA: 1h 36m 25s
🛑 Throttling: waiting for some tasks to complete... pending: 20, max: 20, found: 2, scheduled: 167, completed: 147
⏳ Progress: 30.4% | Elapsed: 41m 30s | ETA: 1h 34m 54s
🛑 Throttling: waiting for some tasks to complete... pending: 20, max: 20, found: 2, scheduled: 177, completed: 157
🧬 Neuron 68f8b332 LeakyReLU -> Mish, score: 0.471876 improved by 1.82e-7, completed 33.3%
⏳ Progress: 31.3% | Elapsed: 43m 53s | ETA: 1h 36m 27s
🛑 Throttling: waiting for some tasks to complete... pending: 30, max: 20, found: 3, scheduled: 197, completed: 167
⏳ Progress: 33.1% | Elapsed: 46m 5s | ETA: 1h 32m 58s
🛑 Throttling: waiting for some tasks to complete... pending: 20, max: 20, found: 3, scheduled: 197, completed: 177
⏳ Progress: 37.1% | Elapsed: 50m 28s | ETA: 1h 25m 39s
🛑 Throttling: waiting for some tasks to complete... pending: 20, max: 20, found: 3, scheduled: 218, completed: 198
🧬 Neuron 5fdbcb2b ABSOLUTE -> Mish, score: 0.471876 improved by 2.60e-7, completed 42.5%
⏳ Progress: 37.1% | Elapsed: 53m 11s | ETA: 1h 30m 2s
🛑 Throttling: waiting for some tasks to complete... pending: 36, max: 20, found: 4, scheduled: 241, completed: 205
🧬 Neuron 52f6ccdd ArcTan -> Mish, score: 0.471876 improved by 4.47e-7, completed 43.3%
⏳ Progress: 37.7% | Elapsed: 56m 2s | ETA: 1h 32m 31s
🛑 Throttling: waiting for some tasks to complete... pending: 44, max: 20, found: 5, scheduled: 259, completed: 215
🧬 Neuron 7bd776af ArcTan -> Mish, score: 0.471878 improved by 0.00000215, completed 46.5%
🌱 Neuron 5fdbcb2b ABSOLUTE -> HARD_TANH, score: 0.471877 improved by 5.47e-7, completed 46.9%
🛑 Throttling: waiting for some tasks to complete... pending: 52, max: 20, found: 6, scheduled: 277, completed: 225
🌱 Neuron 5fdbcb2b ABSOLUTE -> SELU, score: 0.471877 improved by 0.00000121, completed 47.3%
🛑 Throttling: waiting for some tasks to complete... pending: 42, max: 20, found: 6, scheduled: 277, completed: 235
🛑 Throttling: waiting for some tasks to complete... pending: 37, max: 20, found: 6, scheduled: 277, completed: 240
🌱 Neuron 52f6ccdd ArcTan -> Cosine, score: 0.471877 improved by 5.27e-7, completed 51.0%
🛑 Throttling: waiting for some tasks to complete... pending: 32, max: 20, found: 6, scheduled: 277, completed: 245
🌱 Neuron 52f6ccdd ArcTan -> SINE, score: 0.471877 improved by 9.18e-7, completed 52.1%
🛑 Throttling: waiting for some tasks to complete... pending: 27, max: 20, found: 6, scheduled: 277, completed: 250
🛑 Throttling: waiting for some tasks to complete... pending: 22, max: 20, found: 6, scheduled: 277, completed: 255
⏰ Timeout after: 1h 10m 45s 523ms
✨ Neuron scan done in 1h 14m 41s 913ms, found 6 neurons with improved squashes.
🧠 Final creature for Mish improved score by 0.00000403
📝 Updated tacit knowledge with improved neurons to .cheatSheet.json
🏁 Completed in 1h 15m 51s 839ms
From github.com:stSoftwareAU/GRQ-sampler
   6b3d5efb..a8007c40  main       -> origin/main
Updating 6b3d5efb..a8007c40
Fast-forward
 TacitKnowledge/hive.json                 |     4 +-
 samples/GRQ-11-1.json                    |  6700 +--
 samples/GRQ-12-1.json                    |  6691 +--
 samples/{GRQ-10-1.json => GRQ-13-1.json} |    35 +-
 samples/GRQ-15-1.json                    | 92593 -----------------------------
 samples/GRQ-18-1.json                    |  6683 +--
 samples/{GRQ-19-1.json => GRQ-23-1.json} |  1888 +-
 samples/GRQ-3-1.json                     |  4896 +-
 samples/Mac-Ultra-M2-1.json              |    46 +-
 samples/Tinas-MacBook-Air-1.json         | 87649 ---------------------------
 10 files changed, 3736 insertions(+), 203449 deletions(-)
 rename samples/{GRQ-10-1.json => GRQ-13-1.json} (99%)
 delete mode 100644 samples/GRQ-15-1.json
 rename samples/{GRQ-19-1.json => GRQ-23-1.json} (98%)
 delete mode 100644 samples/Tinas-MacBook-Air-1.json
⚠️ Score changed. skipping replace.
HEAD is now at 48754ce Update CostFX.ts to implement weighted MSE calculation for predictions, add default export, and modify EvolveApp.ts to include custom cost file path using current working directory.
From github.com:stSoftwareAU/GRQ-health
   368f4ab..ce524a4  Develop    -> origin/Develop
HEAD is now at ce524a4 Update health status for Mac-Ultra-M2 at Sat Aug 23 06:51:45 AEST 2025
Reset branch 'Develop'
branch 'Develop' set up to track 'origin/Develop'.
Your branch is up to date with 'origin/Develop'.
✅ GRQ-health synced with remote (validation skipped)
HEAD is now at ce524a4 Update health status for Mac-Ultra-M2 at Sat Aug 23 06:51:45 AEST 2025
Updating health information...
Already up to date.
Updated health information for GRQ-19
