================ Clean up START ================
Version 1.3.3
Disk usage:
Filesystem        Size  Used Avail Use% Mounted on
devtmpfs          4.0M     0  4.0M   0% /dev
tmpfs             7.7G     0  7.7G   0% /dev/shm
tmpfs             3.1G  448K  3.1G   1% /run
/dev/nvme0n1p1     40G  2.4G   38G   6% /
tmpfs             7.7G  4.0K  7.7G   1% /tmp
/dev/nvme0n1p128   10M  1.4M  8.7M  14% /boot/efi
/dev/nvme1n1      434G  102M  412G   1% /data
tmpfs             1.6G     0  1.6G   0% /run/user/1001
Uptime:  21:55:22 up 0 min,  0 users,  load average: 1.22, 0.35, 0.12
USER         PID    PPID COMMAND
GRQ        22037   21992 (sd-pam)
GRQ        22145   21769 /bin/bash /data/GRQ/run.sh --option=location
GRQ        26608   22145 /bin/bash ./check_spot_termination.sh
GRQ        26609   22145 /bin/bash ./run.sh --run-once
GRQ        26614   26608 sleep 5
GRQ        26629   26609 /bin/bash worker/node.sh
GRQ        26638   26629 ps -U GRQ -o user,pid,ppid,command
Host: ip-10-0-19-226
IP: 10.0.19.226
Number of CPUs: 8
Available Memory: 15Gi
================ Clean up ENDED ================
Use local deno
PATH: /data/GRQ/.deno/bin:/usr/local/sbin:/usr/local/bin:/usr/sbin:/usr/bin:/sbin:/bin:/var/lib/snapd/snap/bin
deno 2.4.3 (stable, release, aarch64-unknown-linux-gnu)
v8 13.7.152.14-rusty
typescript 5.8.3
aws-cli/2.23.11 Python/3.9.21 Linux/6.1.130-139.222.amzn2023.aarch64 source/aarch64.amzn.2023
Upgrading Deno to version v2.4.3...
Current Deno version: v2.4.3
Version 2.4.3 is already installed
Option: location
Starting Location... Tue Aug  5 09:55:23 PM UTC 2025
Already up to date.
📦 Cloning GRQ-location
Cloning into 'GRQ-location'...
Fetching S3 checksum file from: s3://grq-trainingdata/trainData-location_88/checksum.sha256
Checksum differs or not found locally. Downloading data file.
Decompressing S3 data file: ../../.cache/v2/trainData-location_88/data.tgz
S3 data successfully fetched and decompressed
🧹 Removing: trainData-location_*
📦 Cloning GRQ-portfolio
Cloning into 'GRQ-portfolio'...
Download https://jsr.io/@std/cli/meta.json
Download https://jsr.io/@std/fmt/meta.json
Download https://jsr.io/@std/fs/meta.json
Download https://jsr.io/@stsoftware/neat-ai/meta.json
Download https://jsr.io/@stsoftware/tags/meta.json
Download https://jsr.io/@std/assert/meta.json
Download https://jsr.io/@std/datetime/meta.json
Download https://jsr.io/@std/csv/meta.json
Download https://jsr.io/@std/cli/1.0.21_meta.json
Download https://jsr.io/@std/fmt/1.0.8_meta.json
Download https://jsr.io/@std/fs/1.0.19_meta.json
Download https://jsr.io/@stsoftware/neat-ai/0.181.0_meta.json
Download https://jsr.io/@stsoftware/tags/1.0.13_meta.json
Download https://jsr.io/@std/assert/1.0.13_meta.json
Download https://jsr.io/@std/datetime/0.225.5_meta.json
Download https://jsr.io/@std/csv/1.0.6_meta.json
Download https://jsr.io/@std/cli/1.0.21/_data.json
Download https://jsr.io/@std/path/meta.json
Download https://jsr.io/@std/internal/meta.json
Download https://jsr.io/@std/streams/meta.json
Download https://jsr.io/@std/bytes/meta.json
Download https://jsr.io/@std/crypto/meta.json
Download https://jsr.io/@std/path/1.1.1_meta.json
Download https://jsr.io/@std/internal/1.0.10_meta.json
Download https://jsr.io/@std/streams/1.0.10_meta.json
Download https://jsr.io/@std/bytes/1.0.6_meta.json
Download https://jsr.io/@std/crypto/1.0.5_meta.json
Download https://jsr.io/@std/cli/1.0.21/mod.ts
Download https://jsr.io/@std/fmt/1.0.8/colors.ts
Download https://jsr.io/@std/fs/1.0.19/mod.ts
Download https://jsr.io/@stsoftware/neat-ai/0.181.0/mod.ts
Download https://jsr.io/@stsoftware/tags/1.0.13/mod.ts
Download https://jsr.io/@std/assert/1.0.13/assert.ts
Download https://jsr.io/@std/datetime/0.225.5/mod.ts
Download https://jsr.io/@std/assert/1.0.13/mod.ts
Download https://jsr.io/@std/csv/1.0.6/mod.ts
Download https://jsr.io/@std/datetime/0.225.5/constants.ts
Download https://jsr.io/@std/fmt/1.0.8/duration.ts
Download https://jsr.io/@std/cli/1.0.21/parse_args.ts
Download https://jsr.io/@std/cli/1.0.21/prompt_secret.ts
Download https://jsr.io/@std/cli/1.0.21/unicode_width.ts
Download https://jsr.io/@std/fs/1.0.19/empty_dir.ts
Download https://jsr.io/@std/fs/1.0.19/ensure_dir.ts
Download https://jsr.io/@std/fs/1.0.19/ensure_file.ts
Download https://jsr.io/@std/fs/1.0.19/ensure_link.ts
Download https://jsr.io/@std/fs/1.0.19/ensure_symlink.ts
Download https://jsr.io/@std/fs/1.0.19/exists.ts
Download https://jsr.io/@std/fs/1.0.19/expand_glob.ts
Download https://jsr.io/@std/fs/1.0.19/move.ts
Download https://jsr.io/@std/fs/1.0.19/copy.ts
Download https://jsr.io/@std/fs/1.0.19/walk.ts
Download https://jsr.io/@std/fs/1.0.19/eol.ts
Download https://jsr.io/@stsoftware/neat-ai/0.181.0/src/Creature.ts
Download https://jsr.io/@stsoftware/neat-ai/0.181.0/src/architecture/CreatureUtils.ts
Download https://jsr.io/@stsoftware/neat-ai/0.181.0/src/methods/Selection.ts
Download https://jsr.io/@stsoftware/neat-ai/0.181.0/src/NEAT/Mutation.ts
Download https://jsr.io/@stsoftware/neat-ai/0.181.0/src/reconstruct/CRISPR.ts
Download https://jsr.io/@stsoftware/neat-ai/0.181.0/src/reconstruct/Upgrade.ts
Download https://jsr.io/@stsoftware/neat-ai/0.181.0/src/reconstruct/ConnectMissing.ts
Download https://jsr.io/@stsoftware/neat-ai/0.181.0/src/architecture/NeuronInterfaces.ts
Download https://jsr.io/@stsoftware/neat-ai/0.181.0/src/architecture/SynapseInterfaces.ts
Download https://jsr.io/@stsoftware/neat-ai/0.181.0/src/upgrade/UpgradeTwo.ts
Download https://jsr.io/@stsoftware/tags/1.0.13/src/TagAndRelease.ts
Download https://jsr.io/@stsoftware/tags/1.0.13/src/TagsInterface.ts
Download https://jsr.io/@std/assert/1.0.13/assertion_error.ts
Download https://jsr.io/@std/datetime/0.225.5/day_of_year.ts
Download https://jsr.io/@std/datetime/0.225.5/difference.ts
Download https://jsr.io/@std/datetime/0.225.5/format.ts
Download https://jsr.io/@std/datetime/0.225.5/is_leap.ts
Download https://jsr.io/@std/datetime/0.225.5/parse.ts
Download https://jsr.io/@std/datetime/0.225.5/week_of_year.ts
Download https://jsr.io/@std/assert/1.0.13/almost_equals.ts
Download https://jsr.io/@std/assert/1.0.13/array_includes.ts
Download https://jsr.io/@std/assert/1.0.13/equals.ts
Download https://jsr.io/@std/assert/1.0.13/exists.ts
Download https://jsr.io/@std/assert/1.0.13/false.ts
Download https://jsr.io/@std/assert/1.0.13/greater_or_equal.ts
Download https://jsr.io/@std/assert/1.0.13/greater.ts
Download https://jsr.io/@std/assert/1.0.13/instance_of.ts
Download https://jsr.io/@std/assert/1.0.13/is_error.ts
Download https://jsr.io/@std/assert/1.0.13/less_or_equal.ts
Download https://jsr.io/@std/assert/1.0.13/less.ts
Download https://jsr.io/@std/assert/1.0.13/match.ts
Download https://jsr.io/@std/assert/1.0.13/not_equals.ts
Download https://jsr.io/@std/assert/1.0.13/not_instance_of.ts
Download https://jsr.io/@std/assert/1.0.13/not_match.ts
Download https://jsr.io/@std/assert/1.0.13/not_strict_equals.ts
Download https://jsr.io/@std/assert/1.0.13/object_match.ts
Download https://jsr.io/@std/assert/1.0.13/rejects.ts
Download https://jsr.io/@std/assert/1.0.13/strict_equals.ts
Download https://jsr.io/@std/assert/1.0.13/string_includes.ts
Download https://jsr.io/@std/assert/1.0.13/throws.ts
Download https://jsr.io/@std/assert/1.0.13/equal.ts
Download https://jsr.io/@std/assert/1.0.13/fail.ts
Download https://jsr.io/@std/assert/1.0.13/unimplemented.ts
Download https://jsr.io/@std/assert/1.0.13/unreachable.ts
Download https://jsr.io/@std/csv/1.0.6/parse.ts
Download https://jsr.io/@std/csv/1.0.6/parse_stream.ts
Download https://jsr.io/@std/csv/1.0.6/stringify.ts
Download https://jsr.io/@std/csv/1.0.6/stringify_stream.ts
Download https://jsr.io/@std/cli/1.0.21/_run_length.ts
Download https://jsr.io/@std/fs/1.0.19/_to_path_string.ts
Download https://jsr.io/@std/fs/1.0.19/_get_file_info_type.ts
Download https://jsr.io/@std/fs/1.0.19/_create_walk_entry.ts
Download https://jsr.io/@std/fs/1.0.19/_is_subdir.ts
Download https://jsr.io/@std/fs/1.0.19/_is_same_path.ts
Download https://jsr.io/@stsoftware/neat-ai/0.181.0/src/architecture/CreatureState.ts
Download https://jsr.io/@stsoftware/neat-ai/0.181.0/src/architecture/CreatureValidate.ts
Download https://jsr.io/@stsoftware/neat-ai/0.181.0/src/architecture/DataSet.ts
Download https://jsr.io/@stsoftware/neat-ai/0.181.0/src/architecture/Neuron.ts
Download https://jsr.io/@stsoftware/neat-ai/0.181.0/src/architecture/Score.ts
Download https://jsr.io/@stsoftware/neat-ai/0.181.0/src/architecture/Synapse.ts
Download https://jsr.io/@stsoftware/neat-ai/0.181.0/src/architecture/Training.ts
Download https://jsr.io/@stsoftware/neat-ai/0.181.0/src/compact/CompactCreature.ts
Download https://jsr.io/@stsoftware/neat-ai/0.181.0/src/compact/CompactUtils.ts
Download https://jsr.io/@stsoftware/neat-ai/0.181.0/src/config/NeatConfig.ts
Download https://jsr.io/@stsoftware/neat-ai/0.181.0/src/Costs.ts
Download https://jsr.io/@stsoftware/neat-ai/0.181.0/src/methods/activations/Activations.ts
Download https://jsr.io/@stsoftware/neat-ai/0.181.0/src/multithreading/workers/WorkerHandler.ts
Download https://jsr.io/@stsoftware/neat-ai/0.181.0/src/NEAT/Neat.ts
Download https://jsr.io/@stsoftware/neat-ai/0.181.0/src/optimize/MakeCreatureActivationFunction.ts
Download https://jsr.io/@stsoftware/neat-ai/0.181.0/src/propagate/BackPropagation.ts
Download https://jsr.io/@stsoftware/neat-ai/0.181.0/src/propagate/sparse/SparseConfig.ts
Download https://jsr.io/@stsoftware/neat-ai/0.181.0/src/upgrade/UpgradeOne.ts
Download https://jsr.io/@stsoftware/neat-ai/0.181.0/src/utils/CreatureExportBuilder.ts
Download https://jsr.io/@stsoftware/neat-ai/0.181.0/src/architecture/SyncV5.ts
Download https://jsr.io/@stsoftware/neat-ai/0.181.0/src/mutate/AddConnection.ts
Download https://jsr.io/@stsoftware/neat-ai/0.181.0/src/methods/activations/types/IDENTITY.ts
Download https://jsr.io/@stsoftware/neat-ai/0.181.0/src/methods/activations/types/SQRT.ts
Download https://jsr.io/@stsoftware/neat-ai/0.181.0/src/methods/activations/types/SQUARE.ts
Download https://jsr.io/@std/datetime/0.225.5/_date_time_formatter.ts
Download https://jsr.io/@std/csv/1.0.6/_io.ts
Download https://jsr.io/@std/csv/1.0.6/_shared.ts
Download https://jsr.io/@stsoftware/neat-ai/0.181.0/src/propagate/SynapseState.ts
Download https://jsr.io/@stsoftware/neat-ai/0.181.0/src/errors/ValidationError.ts
Download https://jsr.io/@stsoftware/neat-ai/0.181.0/src/optimize/FunctionCache.ts
Download https://jsr.io/@stsoftware/neat-ai/0.181.0/src/propagate/Bias.ts
Download https://jsr.io/@stsoftware/neat-ai/0.181.0/src/propagate/Weight.ts
Download https://jsr.io/@stsoftware/neat-ai/0.181.0/src/architecture/NoChangePropagate.ts
Download https://jsr.io/@stsoftware/neat-ai/0.181.0/src/upgrade/Upgrade.ts
Download https://jsr.io/@stsoftware/neat-ai/0.181.0/src/compact/CompactUnused.ts
Download https://jsr.io/@stsoftware/neat-ai/0.181.0/src/methods/activations/types/LOGISTIC.ts
Download https://jsr.io/@stsoftware/neat-ai/0.181.0/src/costs/CrossEntropy.ts
Download https://jsr.io/@stsoftware/neat-ai/0.181.0/src/costs/HINGE.ts
Download https://jsr.io/@stsoftware/neat-ai/0.181.0/src/costs/MAE.ts
Download https://jsr.io/@stsoftware/neat-ai/0.181.0/src/costs/MAPE.ts
Download https://jsr.io/@stsoftware/neat-ai/0.181.0/src/costs/MSE.ts
Download https://jsr.io/@stsoftware/neat-ai/0.181.0/src/costs/MSLE.ts
Download https://jsr.io/@stsoftware/neat-ai/0.181.0/src/deprecated/MEAN.ts
Download https://jsr.io/@stsoftware/neat-ai/0.181.0/src/deprecated/HYPOT.ts
Download https://jsr.io/@stsoftware/neat-ai/0.181.0/src/deprecated/HYPOTv2.ts
Download https://jsr.io/@stsoftware/neat-ai/0.181.0/src/methods/activations/aggregate/IF.ts
Download https://jsr.io/@stsoftware/neat-ai/0.181.0/src/methods/activations/aggregate/MAXIMUM.ts
Download https://jsr.io/@stsoftware/neat-ai/0.181.0/src/methods/activations/aggregate/MINIMUM.ts
Download https://jsr.io/@stsoftware/neat-ai/0.181.0/src/methods/activations/types/ABSOLUTE.ts
Download https://jsr.io/@stsoftware/neat-ai/0.181.0/src/methods/activations/types/ArcTan.ts
Download https://jsr.io/@stsoftware/neat-ai/0.181.0/src/methods/activations/types/BENT_IDENTITY.ts
Download https://jsr.io/@stsoftware/neat-ai/0.181.0/src/methods/activations/types/BIPOLAR.ts
Download https://jsr.io/@stsoftware/neat-ai/0.181.0/src/methods/activations/types/BIPOLAR_SIGMOID.ts
Download https://jsr.io/@stsoftware/neat-ai/0.181.0/src/methods/activations/types/COMPLEMENT.ts
Download https://jsr.io/@stsoftware/neat-ai/0.181.0/src/methods/activations/types/Cosine.ts
Download https://jsr.io/@stsoftware/neat-ai/0.181.0/src/methods/activations/types/Cube.ts
Download https://jsr.io/@stsoftware/neat-ai/0.181.0/src/methods/activations/types/ELU.ts
Download https://jsr.io/@stsoftware/neat-ai/0.181.0/src/methods/activations/types/Exponential.ts
Download https://jsr.io/@stsoftware/neat-ai/0.181.0/src/methods/activations/types/GAUSSIAN.ts
Download https://jsr.io/@stsoftware/neat-ai/0.181.0/src/methods/activations/types/GELU.ts
Download https://jsr.io/@stsoftware/neat-ai/0.181.0/src/methods/activations/types/HARD_TANH.ts
Download https://jsr.io/@stsoftware/neat-ai/0.181.0/src/methods/activations/types/ISRU.ts
Download https://jsr.io/@stsoftware/neat-ai/0.181.0/src/methods/activations/types/LeakyReLU.ts
Download https://jsr.io/@stsoftware/neat-ai/0.181.0/src/methods/activations/types/LogSigmoid.ts
Download https://jsr.io/@stsoftware/neat-ai/0.181.0/src/methods/activations/types/Mish.ts
Download https://jsr.io/@stsoftware/neat-ai/0.181.0/src/methods/activations/types/ReLU.ts
Download https://jsr.io/@stsoftware/neat-ai/0.181.0/src/methods/activations/types/ReLU6.ts
Download https://jsr.io/@stsoftware/neat-ai/0.181.0/src/methods/activations/types/SELU.ts
Download https://jsr.io/@stsoftware/neat-ai/0.181.0/src/methods/activations/types/SINE.ts
Download https://jsr.io/@stsoftware/neat-ai/0.181.0/src/methods/activations/types/SOFTSIGN.ts
Download https://jsr.io/@stsoftware/neat-ai/0.181.0/src/methods/activations/types/STEP.ts
Download https://jsr.io/@stsoftware/neat-ai/0.181.0/src/methods/activations/types/Softplus.ts
Download https://jsr.io/@stsoftware/neat-ai/0.181.0/src/methods/activations/types/StdInverse.ts
Download https://jsr.io/@stsoftware/neat-ai/0.181.0/src/methods/activations/types/Swish.ts
Download https://jsr.io/@stsoftware/neat-ai/0.181.0/src/methods/activations/types/TAN.ts
Download https://jsr.io/@stsoftware/neat-ai/0.181.0/src/methods/activations/types/TANH.ts
Download https://jsr.io/@stsoftware/neat-ai/0.181.0/src/multithreading/workers/MockWorker.ts
Download https://jsr.io/@stsoftware/neat-ai/0.181.0/src/architecture/DeDuplicator.ts
Download https://jsr.io/@stsoftware/neat-ai/0.181.0/src/architecture/ElitismUtils.ts
Download https://jsr.io/@stsoftware/neat-ai/0.181.0/src/architecture/Fitness.ts
Download https://jsr.io/@stsoftware/neat-ai/0.181.0/src/blackbox/FineTune.ts
Download https://jsr.io/@stsoftware/neat-ai/0.181.0/src/blackbox/FineTunePopulation.ts
Download https://jsr.io/@stsoftware/neat-ai/0.181.0/src/breed/Breed.ts
Download https://jsr.io/@stsoftware/neat-ai/0.181.0/src/NEAT/Genus.ts
Download https://jsr.io/@stsoftware/neat-ai/0.181.0/src/NEAT/Mutator.ts
Download https://jsr.io/@stsoftware/neat-ai/0.181.0/src/optimize/Simplify.ts
Download https://jsr.io/@stsoftware/neat-ai/0.181.0/src/architecture/ErrorGuidedStructuralEvolution/DiscoverStructure.ts
Download https://jsr.io/@stsoftware/neat-ai/0.181.0/src/optimize/MakeNeuronActivation.ts
Download https://jsr.io/@stsoftware/neat-ai/0.181.0/src/propagate/sparse/CalculatePathsToOutput.ts
Download https://jsr.io/@stsoftware/neat-ai/0.181.0/src/propagate/sparse/ChooseNeurons.ts
Download https://jsr.io/@stsoftware/neat-ai/0.181.0/src/propagate/ActivationRange.ts
Download https://jsr.io/@stsoftware/neat-ai/0.181.0/src/propagate/ErrorHelper.ts
Download https://jsr.io/@stsoftware/neat-ai/0.181.0/src/methods/activations/AbstractActivationInterface.ts
Download https://jsr.io/@stsoftware/neat-ai/0.181.0/src/multithreading/workers/WorkerProcessor.ts
Download https://jsr.io/@stsoftware/neat-ai/0.181.0/src/NEAT/Species.ts
Download https://jsr.io/@stsoftware/neat-ai/0.181.0/src/NEAT/LogApproach.ts
Download https://jsr.io/@stsoftware/neat-ai/0.181.0/src/blackbox/RestoreSource.ts
Download https://jsr.io/@stsoftware/neat-ai/0.181.0/src/blackbox/Retry.ts
Download https://jsr.io/@stsoftware/neat-ai/0.181.0/src/architecture/Offspring.ts
Download https://jsr.io/@stsoftware/neat-ai/0.181.0/src/blackbox/Discover.ts
Download https://jsr.io/@stsoftware/neat-ai/0.181.0/src/breed/Father.ts
Download https://jsr.io/@stsoftware/neat-ai/0.181.0/src/blackbox/MemeticUpdate.ts
Download https://jsr.io/@stsoftware/neat-ai/0.181.0/src/mutate/AddNeuron.ts
Download https://jsr.io/@stsoftware/neat-ai/0.181.0/src/mutate/SubNeuron.ts
Download https://jsr.io/@stsoftware/neat-ai/0.181.0/src/mutate/SubConnection.ts
Download https://jsr.io/@stsoftware/neat-ai/0.181.0/src/mutate/ModWeight.ts
Download https://jsr.io/@stsoftware/neat-ai/0.181.0/src/mutate/ModBias.ts
Download https://jsr.io/@stsoftware/neat-ai/0.181.0/src/mutate/ModSquash.ts
Download https://jsr.io/@stsoftware/neat-ai/0.181.0/src/mutate/AddSelfCon.ts
Download https://jsr.io/@stsoftware/neat-ai/0.181.0/src/mutate/SubSelfCon.ts
Download https://jsr.io/@stsoftware/neat-ai/0.181.0/src/mutate/AddBackCon.ts
Download https://jsr.io/@stsoftware/neat-ai/0.181.0/src/mutate/SubBackCon.ts
Download https://jsr.io/@stsoftware/neat-ai/0.181.0/src/mutate/SwapNeurons.ts
Download https://jsr.io/@stsoftware/neat-ai/0.181.0/src/architecture/ErrorGuidedStructuralEvolution/DiscoverDirectory.ts
Download https://jsr.io/@stsoftware/neat-ai/0.181.0/src/breed/EditParentByIndex.ts
Download https://jsr.io/@stsoftware/neat-ai/0.181.0/src/breed/GeneticCompatibility.ts
Download https://jsr.io/@std/path/1.1.1/join.ts
Download https://jsr.io/@std/path/1.1.1/dirname.ts
Download https://jsr.io/@std/path/1.1.1/resolve.ts
Download https://jsr.io/@std/internal/1.0.10/os.ts
Download https://jsr.io/@std/path/1.1.1/glob_to_regexp.ts
Download https://jsr.io/@std/path/1.1.1/join_globs.ts
Download https://jsr.io/@std/path/1.1.1/is_glob.ts
Download https://jsr.io/@std/path/1.1.1/is_absolute.ts
Download https://jsr.io/@std/path/1.1.1/constants.ts
Download https://jsr.io/@std/path/1.1.1/basename.ts
Download https://jsr.io/@std/internal/1.0.10/format.ts
Download https://jsr.io/@std/internal/1.0.10/build_message.ts
Download https://jsr.io/@std/internal/1.0.10/diff.ts
Download https://jsr.io/@std/internal/1.0.10/diff_str.ts
Download https://jsr.io/@std/internal/1.0.10/styles.ts
Download https://jsr.io/@std/streams/1.0.10/text_delimiter_stream.ts
Download https://jsr.io/@std/path/1.1.1/from_file_url.ts
Download https://jsr.io/@std/path/1.1.1/normalize.ts
Download https://jsr.io/@std/bytes/1.0.6/mod.ts
Download https://jsr.io/@std/crypto/1.0.5/mod.ts
Download https://jsr.io/@std/path/1.1.1/posix/join.ts
Download https://jsr.io/@std/path/1.1.1/windows/join.ts
Download https://jsr.io/@std/path/1.1.1/posix/dirname.ts
Download https://jsr.io/@std/path/1.1.1/windows/dirname.ts
Download https://jsr.io/@std/path/1.1.1/posix/resolve.ts
Download https://jsr.io/@std/path/1.1.1/windows/resolve.ts
Download https://jsr.io/@std/internal/1.0.10/_os.ts
Download https://jsr.io/@std/path/1.1.1/posix/glob_to_regexp.ts
Download https://jsr.io/@std/path/1.1.1/windows/glob_to_regexp.ts
Download https://jsr.io/@std/path/1.1.1/posix/join_globs.ts
Download https://jsr.io/@std/path/1.1.1/windows/join_globs.ts
Download https://jsr.io/@std/path/1.1.1/posix/is_absolute.ts
Download https://jsr.io/@std/path/1.1.1/windows/is_absolute.ts
Download https://jsr.io/@std/path/1.1.1/posix/basename.ts
Download https://jsr.io/@std/path/1.1.1/windows/basename.ts
Download https://jsr.io/@std/streams/1.0.10/_common.ts
Download https://jsr.io/@std/path/1.1.1/posix/from_file_url.ts
Download https://jsr.io/@std/path/1.1.1/windows/from_file_url.ts
Download https://jsr.io/@std/path/1.1.1/posix/normalize.ts
Download https://jsr.io/@std/path/1.1.1/windows/normalize.ts
Download https://jsr.io/@std/bytes/1.0.6/concat.ts
Download https://jsr.io/@std/bytes/1.0.6/copy.ts
Download https://jsr.io/@std/bytes/1.0.6/ends_with.ts
Download https://jsr.io/@std/bytes/1.0.6/equals.ts
Download https://jsr.io/@std/bytes/1.0.6/includes_needle.ts
Download https://jsr.io/@std/bytes/1.0.6/index_of_needle.ts
Download https://jsr.io/@std/bytes/1.0.6/last_index_of_needle.ts
Download https://jsr.io/@std/bytes/1.0.6/repeat.ts
Download https://jsr.io/@std/bytes/1.0.6/starts_with.ts
Download https://jsr.io/@std/crypto/1.0.5/crypto.ts
Download https://jsr.io/@std/crypto/1.0.5/timing_safe_equal.ts
Download https://jsr.io/@std/path/1.1.1/_common/assert_path.ts
Download https://jsr.io/@std/path/1.1.1/windows/_util.ts
Download https://jsr.io/@std/path/1.1.1/_common/dirname.ts
Download https://jsr.io/@std/path/1.1.1/_common/strip_trailing_separators.ts
Download https://jsr.io/@std/path/1.1.1/posix/_util.ts
Download https://jsr.io/@std/path/1.1.1/_common/constants.ts
Download https://jsr.io/@std/path/1.1.1/_common/normalize_string.ts
Download https://jsr.io/@std/path/1.1.1/_common/glob_to_reg_exp.ts
Download https://jsr.io/@std/path/1.1.1/posix/constants.ts
Download https://jsr.io/@std/path/1.1.1/posix/normalize_glob.ts
Download https://jsr.io/@std/path/1.1.1/windows/constants.ts
Download https://jsr.io/@std/path/1.1.1/windows/normalize_glob.ts
Download https://jsr.io/@std/path/1.1.1/_common/basename.ts
Download https://jsr.io/@std/path/1.1.1/_common/from_file_url.ts
Download https://jsr.io/@std/path/1.1.1/_common/normalize.ts
Download https://jsr.io/@std/crypto/1.0.5/_wasm/mod.ts
Download https://jsr.io/@std/crypto/1.0.5/_wasm/lib/deno_std_wasm_crypto.mjs
Download https://jsr.io/@std/crypto/1.0.5/_wasm/lib/deno_std_wasm_crypto.internal.mjs
UT , score: 0.947506186130123
process (poor score) UT , score: 0.947506186130123 lvl: 2
loaded ../GRQ-portfolio/best/location/v1/UT.json
6 mutations, mutation rate 5.0%, elitism 9, mutation ALL, selection TOURNAMENT
Creature count: 50
Download https://jsr.io/@stsoftware/neat-ai/0.181.0/src/multithreading/workers/deno/worker.ts
Culling duplicate creature at 1 of 51
DeDuplication of 1 creatures to 50 in 215ms (previous experiment )
Discovery e767bdd6 scheduled
Training e767bdd6 scheduled
Training e767bdd6 with 1 binary file, target error: 0.05, iterations: 1, sample rate: 100%, sparse: 100%
Discovery e767bdd6 with 1 binary files, sample rate: 100%, batch size: 512
Discovery e767bdd6 initialize time 111ms
Discovery e767bdd6 processing .trainData-location_88/UT/data.bin
Discovery e767bdd6 read time 8ms for .trainData-location_88/UT/data.bin with 4613 records
Discovery e767bdd6 scanning time 9s 692ms
Discovery e767bdd6 recorded time 10s 994ms
Training 77dc6816 scheduled
Training 77dc6816 with 1 binary file, target error: 0.05, iterations: 1, sample rate: 100%, sparse: 100%
Training e767bdd6 completed after 18s 848ms
Training e767bdd6 compacted
Over populated 52, expected 50.
Compact e767bdd6 Score: 0.947506073882374, Error: 0.05243378386996687 -> 0.05243403611771593, 👿 -2.52e-7
Fine e767bdd6 Score: 0.9421068544181634, Error: 0.05243378386996687 -> 0.05783311558237488, 👿 -0.00540, Variant: overshot
Fine e767bdd6 Score: 0.9411646282308115, Error: 0.05243378386996687 -> 0.05877534176927304, 👿 -0.00634, Variant: undershot
Trained e767bdd6 Score: 0.9367111962475388, Error: 0.05243378386996687 -> 0.06322877375362625, 👿 -0.0108
Training 8bd3f034 scheduled
Training 8bd3f034 with 1 binary file, target error: 0.05, iterations: 1, sample rate: 100%, sparse: 100%
Training 77dc6816 completed after 18s 815ms
Training 77dc6816 compacted
Over populated 52, expected 50.
Compact 77dc6816 Score: 0.9475284266852059, Error: 0.052411663535910334 -> 0.052411663314884005, 👌 2.21e-10
Trained 77dc6816 Score: 0.9427649401787339, Error: 0.052411663535910334 -> 0.05717502982243128, 👿 -0.00476
Fine 77dc6816 Score: 0.9415964430185987, Error: 0.052411663535910334 -> 0.05834352698148745, 👿 -0.00593, Variant: overshot
Fine 77dc6816 Score: 0.9401178479999981, Error: 0.052411663535910334 -> 0.059822122000084195, 👿 -0.00741, Variant: undershot
Discovered beneficial synapse from input-1517 to 99283404-c7a9-4aab-a928-ad91eb065c19-961 with weight 1.0000, helping 53.8% more records than it harms (3501/4613)
Discovery e767bdd6 analyze time 48s 289ms found 1 candidates
Discovered harmful synapse from input-89 to 592f4b01-1708-48bb-9d99-1d5d5df89995, harming 36.9% more records than it helps (1409/4613)
Discovery e767bdd6 analyze harmful time 3s 244ms found 1 candidates
Discovery e767bdd6 analyze squashes time 3s 387ms found 0 candidates
Discovery 93e24168 scheduled
Training 93e24168 scheduled
Training 93e24168 with 1 binary file, target error: 0.05, iterations: 1, sample rate: 100%, sparse: 100%
Discovery 93e24168 with 1 binary files, sample rate: 100%, batch size: 512
Discovery 93e24168 initialize time 112ms
Discovery 93e24168 processing .trainData-location_88/UT/data.bin
Training 8bd3f034 completed after 17s 104ms
Training 8bd3f034 compacted
Over populated 54, expected 50.
Discovery 93e24168 read time 6ms for .trainData-location_88/UT/data.bin with 4613 records
Discovery 93e24168 scanning time 9s 725ms
Discovery 93e24168 recorded time 11s 307ms
Compact 8bd3f034 Score: 0.9475533338296153, Error: 0.05238650348623938 -> 0.05238677617047463, 👿 -2.73e-7
Fine 8bd3f034 Score: 0.9422434417869201, Error: 0.05238650348623938 -> 0.05769652821317216, 👿 -0.00531, Variant: overshot
Fine 8bd3f034 Score: 0.9408934403114501, Error: 0.05238650348623938 -> 0.059046529688632644, 👿 -0.00666, Variant: undershot
Trained 8bd3f034 Score: 0.9401171676974307, Error: 0.05238650348623938 -> 0.05982280230373446, 👿 -0.00744
Training d82631c0 scheduled
Training d82631c0 with 1 binary file, target error: 0.05, iterations: 1, sample rate: 100%, sparse: 100%
Fine tuning increased fitness by 0.000002291289348033132 to 0.9475640316647087 adjusted 92 weights, 4 biases 
Training 93e24168 completed after 16s 675ms
Training 93e24168 compacted
Compact 93e24168 Score: 0.9475607207454302, Error: 0.05237936942493093 -> 0.052379369254659705, 👌 1.70e-10
Fine 93e24168 Score: 0.9437370593468545, Error: 0.05237936942493093 -> 0.056202910653233205, 👿 -0.00382, Variant: overshot
Trained 93e24168 Score: 0.9429183061141485, Error: 0.05237936942493093 -> 0.057021663887016634, 👿 -0.00464
Fine 93e24168 Score: 0.9404283893407873, Error: 0.05237936942493093 -> 0.059511580659298007, 👿 -0.00713, Variant: undershot
Fine tuning increased fitness by 0.000005689707721412418 to 0.9475697213724301 adjusted 92 weights, 4 biases 
Generation 10 score 0.9475697213724301 (avg: 0.9473) error 0.05237011862765983 avg time 11s 305ms
Training cb5880a9 scheduled
Training cb5880a9 with 1 binary file, target error: 0.05, iterations: 1, sample rate: 100%, sparse: 100%
Training d82631c0 completed after 14s 454ms
Training d82631c0 compacted
Compact d82631c0 Score: 0.9475639354564149, Error: 0.05237580833538123 -> 0.052376044543675, 👿 -2.36e-7
Fine d82631c0 Score: 0.9436694295983717, Error: 0.05237580833538123 -> 0.05627041040171454, 👿 -0.00389, Variant: overshot
Trained d82631c0 Score: 0.9383898033724718, Error: 0.05237580833538123 -> 0.061550036628694425, 👿 -0.00917
Fine d82631c0 Score: 0.93708863442002, Error: 0.05237580833538123 -> 0.06285120558006434, 👿 -0.0105, Variant: undershot
Fine tuning increased fitness by 0.000005268003609781857 to 0.9475776359710348 adjusted 90 weights, 4 biases 
Training a6c3d34b scheduled
Training a6c3d34b with 1 binary file, target error: 0.05, iterations: 1, sample rate: 100%, sparse: 100%
Training cb5880a9 completed after 13s 397ms
Training cb5880a9 compacted
Compact cb5880a9 Score: 0.9475722769633016, Error: 0.05236747203266488 -> 0.05236770303678826, 👿 -2.31e-7
Fine cb5880a9 Score: 0.9412832848031453, Error: 0.05236747203266488 -> 0.05865655519740675, 👿 -0.00629, Variant: overshot
Trained cb5880a9 Score: 0.9395244234157795, Error: 0.05236747203266488 -> 0.06041541658538676, 👿 -0.00805
Fine cb5880a9 Score: 0.9382420442166557, Error: 0.05236747203266488 -> 0.061697795783428794, 👿 -0.00933, Variant: undershot
Discovered beneficial synapse from input-1520 to 592f4b01-1708-48bb-9d99-1d5d5df89995 with weight 1.0000, helping 56.9% more records than it harms (3574/4613)
Discovery 93e24168 analyze time 1m 16s 774ms found 1 candidates
Training bb6b36ee scheduled
Training bb6b36ee with 1 binary file, target error: 0.05, iterations: 1, sample rate: 100%, sparse: 100%
Fine tuning increased fitness by 1.1002993893782786e-7 to 0.9475778282036414 adjusted 9 weights, 1 bias 
Discovered harmful synapse from input-89 to 592f4b01-1708-48bb-9d99-1d5d5df89995, harming 37.0% more records than it helps (1408/4613)
Discovery 93e24168 analyze harmful time 3s 332ms found 1 candidates
Discovery 93e24168 analyze squashes time 3s 459ms found 0 candidates
Training a6c3d34b completed after 13s 748ms
Training a6c3d34b compacted
Compact a6c3d34b Score: 0.9475775386933618, Error: 0.05236220402905508 -> 0.05236244130672812, 👿 -2.37e-7
Fine a6c3d34b Score: 0.941525607321024, Error: 0.05236220402905508 -> 0.05841423267960496, 👿 -0.00605, Variant: overshot
Trained a6c3d34b Score: 0.9346175009697162, Error: 0.05236220402905508 -> 0.06532233903145006, 👿 -0.0130
Fine a6c3d34b Score: 0.9286705084967214, Error: 0.05236220402905508 -> 0.07126933150336176, 👿 -0.0189, Variant: undershot
Discovery 1541c94a scheduled
Discovery 1541c94a with 1 binary files, sample rate: 100%, batch size: 512
Discovery 1541c94a initialize time 107ms
Discovery 1541c94a processing .trainData-location_88/UT/data.bin
Discovery 1541c94a read time 6ms for .trainData-location_88/UT/data.bin with 4613 records
Discovery 1541c94a scanning time 7s 544ms
Discovery 1541c94a recorded time 9s 333ms
Training 89c41364 scheduled
Training 89c41364 with 1 binary file, target error: 0.05, iterations: 1, sample rate: 100%, sparse: 100%
Fine tuning increased fitness by 2.4355257588482004e-8 to 0.9475778624648539 adjusted 9 weights, 1 bias 
Training bb6b36ee completed after 12s 898ms
Training bb6b36ee compacted
Compact bb6b36ee Score: 0.9475779482774994, Error: 0.05236200179644842 -> 0.052362001722590576, 👌 7.39e-11
Fine bb6b36ee Score: 0.946993181027313, Error: 0.05236200179644842 -> 0.0529466489727748, 👿 -0.000585, Variant: overshot
Trained bb6b36ee Score: 0.9427869153966848, Error: 0.05236200179644842 -> 0.05715291460448167, 👿 -0.00479
Fine bb6b36ee Score: 0.9405438360451286, Error: 0.05236200179644842 -> 0.05939599395495548, 👿 -0.00703, Variant: undershot
Compacting increased fitness by 8.581264554496926e-8 to 0.9475779482774994 neurons: 189 was: 190 synapses: 4114 was: 4116
Training 5a237f8f scheduled
Training 5a237f8f with 1 binary file, target error: 0.05, iterations: 1, sample rate: 100%, sparse: 100%
Training 89c41364 completed after 13s 591ms
Training 89c41364 compacted
Compact 89c41364 Score: 0.9475779825196277, Error: 0.052361967535236045 -> 0.052361967480462276, 👌 5.48e-11
Fine 89c41364 Score: 0.9439213901465849, Error: 0.052361967535236045 -> 0.05601843985350801, 👿 -0.00366, Variant: overshot
Trained 89c41364 Score: 0.9432992964538988, Error: 0.052361967535236045 -> 0.05664053354726768, 👿 -0.00428
Fine 89c41364 Score: 0.9414365291064882, Error: 0.052361967535236045 -> 0.05850330089360349, 👿 -0.00614, Variant: undershot
Compacting increased fitness by 3.2766060309441514e-8 to 0.9475779825196277 neurons: 189 was: 190 synapses: 4114 was: 4116
Generation 20 score 0.9475779825196277 (avg: 0.9473) error 0.052361967480462276 avg time 11s 54ms
Fine tuning increased fitness by 3.991654606849693e-8 to 0.9475780224361737 adjusted 9 weights, 2 biases 
Discovered beneficial synapse from input-1520 to 592f4b01-1708-48bb-9d99-1d5d5df89995 with weight 1.0000, helping 56.9% more records than it harms (3574/4613)
Discovery 1541c94a analyze time 49s 680ms found 1 candidates
Training 5a237f8f completed after 13s 330ms
Training 5a237f8f compacted
Discovered harmful synapse from input-883 to 3b3f1e4f-f617-43a4-8b35-29de4b7e9dc5, harming 42.7% more records than it helps (811/4613)
Discovery 1541c94a analyze harmful time 3s 375ms found 1 candidates
Compact 5a237f8f Score: 0.9475778529588302, Error: 0.05236200024652255 -> 0.05236223704125966, 👿 -2.37e-7
Fine 5a237f8f Score: 0.9407265935704461, Error: 0.05236200024652255 -> 0.05921335642963999, 👿 -0.00685, Variant: overshot
Trained 5a237f8f Score: 0.9344167407488685, Error: 0.05236200024652255 -> 0.06552320925229718, 👿 -0.0132
Fine 5a237f8f Score: 0.9337732368001709, Error: 0.05236200024652255 -> 0.0661667131999165, 👿 -0.0138, Variant: undershot
Fine tuning increased fitness by 8.584580557524646e-8 to 0.9475781082819793 adjusted 9 weights, 2 biases 
Discovery 1541c94a analyze squashes time 4s 131ms found 0 candidates
Generation 22 score 0.9475781082819793 (avg: 0.9469) error 0.0523618417181107 avg time 2s 65ms
Set training/discovery clean up count to 2
Waiting for discovery to complete
Fine tuning increased fitness by 1.8195759210470897e-7 to 0.9475782902395714 adjusted 9 weights, 2 biases 
Generation 23 score 0.9475782902395714 (avg: 0.9474) error 0.0523616597605186 avg time 999ms
Waiting for training/discovery clean up 2
Generation 24 score 0.9475785095507032 (avg: 0.9475) error 0.05236144044938668 avg time 1s 81ms
Waiting for training/discovery clean up 1
Fine tuning increased fitness by 5.904001465495412e-8 to 0.9475785685907179 adjusted 8 weights, 2 biases 
Generation 25 score 0.9475785685907179 (avg: 0.9475) error 0.05236138140937204 avg time 996ms
{
  error: 0.05236138140937204,
  score: 0.9475785685907179,
  generation: 25,
  time: 275461,
  startScore: 0.947506186130123
}
CHINA , score: 0.9504239586270222
process (poor score) CHINA , score: 0.9504239586270222 lvl: 2
loaded ../GRQ-portfolio/best/location/v1/CHINA.json
3 mutations, mutation rate 7.1%, elitism 9, mutation ALL, selection POWER
Creature count: 50
Culling duplicate creature at 1 of 51
DeDuplication of 1 creatures to 50 in 187ms (previous experiment )
Discovery 2ef4b072 scheduled
Training 2ef4b072 scheduled
Training 2ef4b072 with 1 binary file, target error: 0.05, iterations: 1, sample rate: 100%, sparse: 100%
Discovery 2ef4b072 with 1 binary files, sample rate: 100%, batch size: 512
Discovery 2ef4b072 initialize time 103ms
Discovery 2ef4b072 processing .trainData-location_88/CHINA/data.bin
Generation 1 score 0.9504239586270222 (avg: 0.5794) error 0.049542330375688726 avg time 629ms
Set training/discovery clean up count to 2
Waiting for discovery to complete
Fine tuning increased fitness by 0.00002066230441244432 to 0.9504446209314347 adjusted 1 weight 
Discovery 2ef4b072 read time 5ms for .trainData-location_88/CHINA/data.bin with 4613 records
Discovery 2ef4b072 scanning time 6s 30ms
Discovery 2ef4b072 recorded time 6s 942ms
Generation 2 score 0.9504446209314347 (avg: -0.1858) error 0.049521668071276365 avg time 445ms
Waiting for discovery to complete
Fine tuning increased fitness by 0.00001375459345165364 to 0.9504583755248863 adjusted 1 weight 
Training 2ef4b072 completed after 5s 980ms
Training 2ef4b072 compacted
Generation 3 score 0.9504583755248863 (avg: 0.5859) error 0.04950791347782469 avg time 372ms
Waiting for discovery to complete
Compact 2ef4b072 Score: 0.9504233251885658, Error: 0.049542330375688726 -> 0.049543083814141964, 👿 -7.53e-7
Trained 2ef4b072 Score: 0.9499829354987768, Error: 0.049542330375688726 -> 0.04998335350393424, 👿 -0.000441
Generation 4 score 0.9504583755248863 (avg: 0.8027) error 0.04950791347782469 avg time 395ms
Waiting for discovery to complete
Fine tuning increased fitness by 6.386998413487888e-7 to 0.9504590142247277 adjusted 1 weight 
Generation 5 score 0.9504590142247277 (avg: 0.9313) error 0.049507274777983355 avg time 295ms
Waiting for discovery to complete
Fine tuning increased fitness by 1.176429880178631e-7 to 0.9504591318677157 adjusted 1 weight 
Generation 6 score 0.9504591318677157 (avg: 0.9505) error 0.04950715713499532 avg time 338ms
Waiting for discovery to complete
Fine tuning increased fitness by 2.349622385544592e-9 to 0.9504591342173381 adjusted 1 weight 
Generation 7 score 0.9504591342173381 (avg: 0.9504) error 0.049507154785372896 avg time 287ms
Waiting for discovery to complete
Fine tuning increased fitness by 6.41152131386491e-10 to 0.9504591348584902 adjusted 1 weight 
Generation 8 score 0.9504591348584902 (avg: 0.9505) error 0.04950715414422079 avg time 340ms
Waiting for discovery to complete
Fine tuning increased fitness by 1.4218515254071917e-11 to 0.9504591348727087 adjusted 1 weight 
Discovered beneficial synapse from input-1314 to 8ea7c2ec-f1b4-4190-b8c5-a6d49e54a9d5 with weight -1.0000, helping 27.6% more records than it harms (2618/4613)
Discovery 2ef4b072 analyze time 22s 51ms found 1 candidates
Generation 9 score 0.9504591348727087 (avg: 0.9505) error 0.049507154130002305 avg time 285ms
Waiting for discovery to complete
Discovered harmful synapse from input-74 to 8ea7c2ec-f1b4-4190-b8c5-a6d49e54a9d5, harming 25.9% more records than it helps (1369/4613)
Discovery 2ef4b072 analyze harmful time 1s 934ms found 1 candidates
Discovery 2ef4b072 analyze squashes time 1s 784ms found 1 candidate, Summary: 8ea7c2ec-f1b4-4190-b8c5-a6d49e54a9d5 Mish -> COMPLEMENT improved: 99.2% error: 4.397179891316164e+25 -> 3.5080440981653e+23
Generation 10 score 0.9504591348727087 (avg: 0.9505) error 0.049507154130002305 avg time 339ms
Waiting for discovery to complete
Generation 11 score 0.9504591348727087 (avg: 0.9504) error 0.049507154130002305 avg time 277ms
Waiting for training/discovery clean up 2
Generation 12 score 0.9504591348727087 (avg: 0.9427) error 0.049507154130002305 avg time 368ms
Waiting for training/discovery clean up 1
Generation 13 score 0.9504591348727087 (avg: 0.9504) error 0.049507154130002305 avg time 264ms
{
  error: 0.049507154130002305,
  score: 0.9504591348727087,
  generation: 13,
  time: 46685,
  startScore: 0.9504239586270222
}
SMALL_STATE , score: 0.9592452024655562
process (poor score) SMALL_STATE , score: 0.9592452024655562 lvl: 2
loaded ../GRQ-portfolio/best/location/v1/SMALL_STATE.json
9 mutations, mutation rate 5.0%, elitism 2, mutation FFW, selection FITNESS_PROPORTIONATE
Creature count: 50
Culling duplicate creature at 1 of 51
DeDuplication of 1 creatures to 50 in 365ms (previous experiment 1ms)
Discovery 004ccf0c scheduled
Training 004ccf0c scheduled
Training 004ccf0c with 1 binary file, target error: 0.05, iterations: 1, sample rate: 100%, sparse: 100%
Discovery 004ccf0c with 1 binary files, sample rate: 100%, batch size: 512
Discovery 004ccf0c initialize time 108ms
Discovery 004ccf0c processing .trainData-location_88/SMALL_STATE/data.bin
Generation 1 score 0.9592452024655562 (avg: -3697.8091) error 0.04071720753645296 avg time 758ms
Set training/discovery clean up count to 2
Waiting for discovery to complete
Discovery 004ccf0c read time 8ms for .trainData-location_88/SMALL_STATE/data.bin with 4613 records
Discovery 004ccf0c scanning time 4s 89ms
Discovery 004ccf0c recorded time 6s 9ms
Training 004ccf0c completed after 6s 539ms
Training 004ccf0c compacted
Generation 2 score 0.9592452024655562 (avg: 0.0627) error 0.04071720753645296 avg time 712ms
Waiting for discovery to complete
Compact 004ccf0c Score: 0.9591910653383572, Error: 0.04071720753645296 -> 0.04077147466364889, 👿 -0.0000543
Trained 004ccf0c Score: 0.9541286630904844, Error: 0.04071720753645296 -> 0.045833746911524795, 👿 -0.00512
Fine tuning increased fitness by 7.004937407906198e-9 to 0.9592452094704936 adjusted 122 weights, 6 biases 
Generation 3 score 0.9592452094704936 (avg: 0.5055) error 0.04071720053151547 avg time 723ms
Waiting for discovery to complete
Generation 4 score 0.9592452318939995 (avg: 0.6911) error 0.0407171781080097 avg time 709ms
Waiting for discovery to complete
Fine tuning increased fitness by 2.404564480862348e-8 to 0.9592452559396443 adjusted 121 weights, 6 biases 
Generation 5 score 0.9592452559396443 (avg: 0.8444) error 0.04071715406236491 avg time 660ms
Waiting for discovery to complete
Discovered beneficial synapse from dcf09a6a-5125-4eb4-a2a0-39acb02e6c6b to fbeffede-6037-4bf6-8434-d7e1af088a4b with weight 1.0000, helping 12.3% more records than it harms (2543/4613)
Discovery 004ccf0c analyze time 30s 169ms found 1 candidates
Discovery 004ccf0c analyze harmful time 1s 686ms found 0 candidates
Generation 6 score 0.9592458448859478 (avg: 0.8592) error 0.04071655511606205 avg time 639ms
Waiting for discovery to complete
Discovery 004ccf0c analyze squashes time 2s 160ms found 0 candidates
Fine tuning increased fitness by 5.260367985648884e-7 to 0.9592463709227463 adjusted 397 weights, 20 biases 
Generation 7 score 0.9592463709227463 (avg: 0.9424) error 0.04071602907926351 avg time 621ms
Waiting for training/discovery clean up 2
Fine tuning increased fitness by 0.0000012749955712321182 to 0.9592476459183176 adjusted 397 weights, 20 biases 
Generation 8 score 0.9592476459183176 (avg: 0.9576) error 0.04071475408369226 avg time 596ms
Waiting for training/discovery clean up 1
Generation 9 score 0.9592492637444529 (avg: 0.9573) error 0.040713146257556336 avg time 581ms
{
  error: 0.040713146257556336,
  score: 0.9592492637444529,
  generation: 9,
  time: 60524,
  startScore: 0.9592452024655562
}
AUSTRALIA , score: 0.7598693615734704
process (poor score) AUSTRALIA , score: 0.7598693615734704 lvl: 2
loaded ../GRQ-portfolio/best/location/v1/AUSTRALIA.json
1 mutation, mutation rate 50.0%, elitism 9, mutation FFW, selection TOURNAMENT
Creature count: 50
Culling duplicate creature at 1 of 51
DeDuplication of 1 creatures to 50 in 57ms (previous experiment )
Discovery 04169443 scheduled
Training 04169443 scheduled
Training 04169443 with 1 binary file, target error: 0.05, iterations: 1, sample rate: 100%, sparse: 100%
Discovery 04169443 with 1 binary files, sample rate: 100%, batch size: 512
Discovery 04169443 initialize time 107ms
Discovery 04169443 processing .trainData-location_88/AUSTRALIA/data.bin
Discovery 04169443 read time 5ms for .trainData-location_88/AUSTRALIA/data.bin with 4613 records
Discovery 04169443 scanning time 7s 307ms
Discovery 04169443 recorded time 8s 968ms
Training cea01f08 scheduled
Training cea01f08 with 1 binary file, target error: 0.05, iterations: 1, sample rate: 100%, sparse: 100%
Training 04169443 completed after 15s 492ms
Training 04169443 compacted
Over populated 52, expected 50.
Compact 04169443 Score: 0.7598665651671315, Error: 0.24007695242727056 -> 0.24008009883360656, 👿 -0.00000315
Fine 04169443 Score: 0.581768440773829, Error: 0.24007695242727056 -> 0.41817787322697897, 👿 -0.178, Variant: overshot
Fine 04169443 Score: 0.5714882377531452, Error: 0.24007695242727056 -> 0.42845807624771315, 👿 -0.188, Variant: undershot
Trained 04169443 Score: 0.5508431569952756, Error: 0.24007695242727056 -> 0.44910316700574127, 👿 -0.209
Fine tuning increased fitness by 0.0000046902426241723916 to 0.7598964471994387 adjusted 40 weights, 3 biases 
Discovered beneficial synapse from 06148af2-7c2f-41b0-8194-e55c9df5bbc0 to output-2 with weight -1.0000, helping 40.4% more records than it harms (3206/4613)
Discovery 04169443 analyze time 31s 105ms found 1 candidates
Training dfb9ce6f scheduled
Training dfb9ce6f with 1 binary file, target error: 0.05, iterations: 1, sample rate: 100%, sparse: 100%
Discovered harmful synapse from input-883 to 06148af2-7c2f-41b0-8194-e55c9df5bbc0, harming 48.6% more records than it helps (1175/4613)
Discovery 04169443 analyze harmful time 2s 688ms found 1 candidates
Discovery 04169443 analyze squashes time 3s 16ms found 1 candidate, Summary: c8965341-2782-4281-9d1a-e1b7be0903f4 Exponential -> ABSOLUTE improved: 25.0% error: 6.5013964657817e+26 -> 4.8790222979846314e+26
Training cea01f08 completed after 16s 165ms
Training cea01f08 compacted
Compact cea01f08 Score: 0.7592021374421306, Error: 0.24005455704392645 -> 0.24074432655860928, 👿 -0.000690
Fine cea01f08 Score: 0.7308242103061315, Error: 0.24005455704392645 -> 0.2691221036945592, 👿 -0.0291, Variant: overshot
Fine cea01f08 Score: 0.7253666825957495, Error: 0.24005455704392645 -> 0.2745796314043454, 👿 -0.0345, Variant: undershot
Trained cea01f08 Score: 0.7161924906147542, Error: 0.24005455704392645 -> 0.28375386638626204, 👿 -0.0437
Discovery 4825d99f scheduled
Discovery 4825d99f with 1 binary files, sample rate: 100%, batch size: 512
Discovery 4825d99f initialize time 104ms
Discovery 4825d99f processing .trainData-location_88/AUSTRALIA/data.bin
Fine tuning increased fitness by 0.00006202980263625424 to 0.7600479739635323 adjusted 2 weights 
Discovery 4825d99f read time 7ms for .trainData-location_88/AUSTRALIA/data.bin with 4613 records
Discovery 4825d99f scanning time 7s 279ms
Discovery 4825d99f recorded time 8s 771ms
Training 4825d99f scheduled
Training 4825d99f with 1 binary file, target error: 0.05, iterations: 1, sample rate: 100%, sparse: 100%
Training dfb9ce6f completed after 15s 173ms
Training dfb9ce6f compacted
Compact dfb9ce6f Score: 0.7592952045948794, Error: 0.23996035983984496 -> 0.24065124940586066, 👿 -0.000691
Fine dfb9ce6f Score: 0.7181017047310879, Error: 0.23996035983984496 -> 0.28184459926958016, 👿 -0.0419, Variant: overshot
Trained dfb9ce6f Score: 0.6896903617388007, Error: 0.23996035983984496 -> 0.3102559422622166, 👿 -0.0703
Fine dfb9ce6f Score: 0.669982834627699, Error: 0.23996035983984496 -> 0.3299634693728519, 👿 -0.0900, Variant: undershot
Training 3c3b6cec scheduled
Training 3c3b6cec with 1 binary file, target error: 0.05, iterations: 1, sample rate: 100%, sparse: 100%
Training 4825d99f completed after 14s 470ms
Training 4825d99f compacted
Fine 4825d99f Score: 0.7595790678716543, Error: 0.23989833003720873 -> 0.24036723612897934, 👿 -0.000469, Variant: overshot
Compact 4825d99f Score: 0.7593579982109999, Error: 0.23989833003720873 -> 0.24058845578974014, 👿 -0.000690
Fine 4825d99f Score: 0.7592988766226682, Error: 0.23989833003720873 -> 0.24064742737742653, 👿 -0.000749, Variant: undershot
Trained 4825d99f Score: 0.7592234815687727, Error: 0.23989833003720873 -> 0.2407228654322438, 👿 -0.000825
Generation 10 score 0.760092690617049 (avg: 0.7563) error 0.23985360338369216 avg time 10s 597ms
Training 2210f397 scheduled
Training 2210f397 with 1 binary file, target error: 0.05, iterations: 1, sample rate: 100%, sparse: 100%
Training 3c3b6cec completed after 15s 316ms
Training 3c3b6cec compacted
Discovered beneficial synapse from input-1530 to 06148af2-7c2f-41b0-8194-e55c9df5bbc0 with weight 1.0000, helping 46.5% more records than it harms (3367/4613)
Discovery 4825d99f analyze time 52s 273ms found 1 candidates
Compact 3c3b6cec Score: 0.7593989188683143, Error: 0.23985360338369216 -> 0.24054752513242594, 👿 -0.000694
Fine 3c3b6cec Score: 0.7202293647277919, Error: 0.23985360338369216 -> 0.2797169292731737, 👿 -0.0399, Variant: overshot
Fine 3c3b6cec Score: 0.7065390544001893, Error: 0.23985360338369216 -> 0.29340723960059395, 👿 -0.0536, Variant: undershot
Trained 3c3b6cec Score: 0.6928620930967399, Error: 0.23985360338369216 -> 0.30708420090427774, 👿 -0.0672
Discovered harmful synapse from input-883 to 06148af2-7c2f-41b0-8194-e55c9df5bbc0, harming 48.5% more records than it helps (1177/4613)
Discovery 4825d99f analyze harmful time 3s 870ms found 1 candidates
Discovery 4825d99f analyze squashes time 2s 902ms found 0 candidates
Discovery 4996c5f6 scheduled
Training 4996c5f6 scheduled
Training 4996c5f6 with 1 binary file, target error: 0.05, iterations: 1, sample rate: 100%, sparse: 100%
Discovery 4996c5f6 with 1 binary files, sample rate: 100%, batch size: 512
Discovery 4996c5f6 initialize time 104ms
Discovery 4996c5f6 processing .trainData-location_88/AUSTRALIA/data.bin
Fine tuning increased fitness by 0.000028503635696397467 to 0.7601440278813738 adjusted 3 weights 
Training 2210f397 completed after 15s 408ms
Training 2210f397 compacted
Discovery 4996c5f6 read time 7ms for .trainData-location_88/AUSTRALIA/data.bin with 4613 records
Discovery 4996c5f6 scanning time 6s 803ms
Discovery 4996c5f6 recorded time 8s 683ms
Compact 2210f397 Score: 0.7594048844143615, Error: 0.239846452812572 -> 0.24054155958637877, 👿 -0.000695
Trained 2210f397 Score: 0.4964271043622404, Error: 0.239846452812572 -> 0.5035191896387772, 👿 -0.264
Fine 2210f397 Score: 0.4570738319726717, Error: 0.239846452812572 -> 0.5428724620279451, 👿 -0.303, Variant: overshot
Fine 2210f397 Score: 0.35576134081268146, Error: 0.239846452812572 -> 0.6441849531881361, 👿 -0.404, Variant: undershot
Fine tuning increased fitness by 0.00001742531785131618 to 0.7601614531992251 adjusted 3 weights 
Training 1b659d3f scheduled
Training 1b659d3f with 1 binary file, target error: 0.05, iterations: 1, sample rate: 100%, sparse: 100%
Remove neuron dd9f5500-bbe9-4343-885b-57d2006bf0fb as no longer connected
Training 4996c5f6 completed after 14s 955ms
Training 4996c5f6 compacted
Compact 4996c5f6 Score: 0.7594437093967902, Error: 0.23980226611936742 -> 0.24050273460395005, 👿 -0.000700
Fine 4996c5f6 Score: 0.7411743290053409, Error: 0.23980226611936742 -> 0.2587719649956213, 👿 -0.0190, Variant: overshot
Fine 4996c5f6 Score: 0.7286635450695235, Error: 0.23980226611936742 -> 0.2712827489310308, 👿 -0.0315, Variant: undershot
Trained 4996c5f6 Score: 0.728585161276285, Error: 0.23980226611936742 -> 0.2713611327247326, 👿 -0.0316
Fine tuning increased fitness by 8.516972652694577e-7 to 0.7601623048964904 adjusted 3 weights 
Training 3b781e5f scheduled
Training 3b781e5f with 1 binary file, target error: 0.05, iterations: 1, sample rate: 100%, sparse: 100%
Training 1b659d3f completed after 14s 950ms
Training 1b659d3f compacted
Compact 1b659d3f Score: 0.7594550295440522, Error: 0.23978484080151605 -> 0.24049141445668798, 👿 -0.000707
Fine 1b659d3f Score: 0.7507957566731855, Error: 0.23978484080151605 -> 0.24915053732757295, 👿 -0.00937, Variant: overshot
Trained 1b659d3f Score: 0.7359015169483741, Error: 0.23978484080151605 -> 0.2640447870526432, 👿 -0.0243
Fine 1b659d3f Score: 0.7316075445884417, Error: 0.23978484080151605 -> 0.26833874941223945, 👿 -0.0286, Variant: undershot
Fine tuning increased fitness by 0.0000041653543144670735 to 0.7601810852736877 adjusted 4 weights 
Discovered beneficial synapse from input-1530 to 06148af2-7c2f-41b0-8194-e55c9df5bbc0 with weight 1.0000, helping 46.3% more records than it harms (3363/4613)
Discovery 4996c5f6 analyze time 52s 530ms found 1 candidates
Training 93f105a5 scheduled
Training 93f105a5 with 1 binary file, target error: 0.05, iterations: 1, sample rate: 100%, sparse: 100%
Discovered harmful synapse from 06148af2-7c2f-41b0-8194-e55c9df5bbc0 to dda7aa95-4c0b-429b-9757-974758f2c44c, harming 40.9% more records than it helps (1352/4613)
Discovery 4996c5f6 analyze harmful time 3s 230ms found 1 candidates
Discovery 4996c5f6 analyze squashes time 3s 30ms found 1 candidate, Summary: 52290c8e-797a-49cb-a845-46b34fdf2f59 SELU -> COMPLEMENT improved: 100.0% error: 3.0551283482675364e+26 -> 3.251726066734493e+21
Training 3b781e5f completed after 14s 353ms
Training 3b781e5f compacted
Culling duplicate creature at 43 of 51
DeDuplication of 1 creatures to 50 in 156ms (previous experiment )
Compact 3b781e5f Score: 0.7594721806468698, Error: 0.23976938408136783 -> 0.24047427335387028, 👿 -0.000705
Fine 3b781e5f Score: 0.757036918364994, Error: 0.23976938408136783 -> 0.24290938563563771, 👿 -0.00314, Variant: undershot
Fine 3b781e5f Score: 0.7550619155450707, Error: 0.23976938408136783 -> 0.24488438845556562, 👿 -0.00512, Variant: overshot
Trained 3b781e5f Score: 0.7535043312958704, Error: 0.23976938408136783 -> 0.24644197270514703, 👿 -0.00667
Discovery 8be75e50 scheduled
Discovery 8be75e50 with 1 binary files, sample rate: 100%, batch size: 512
Discovery 8be75e50 initialize time 103ms
Discovery 8be75e50 processing .trainData-location_88/AUSTRALIA/data.bin
Generation 20 score 0.7602096526955062 (avg: 0.7391) error 0.23973664130523503 avg time 10s 585ms
Discovery 8be75e50 read time 6ms for .trainData-location_88/AUSTRALIA/data.bin with 4613 records
Discovery 8be75e50 scanning time 6s 742ms
Discovery 8be75e50 recorded time 8s 576ms
Training 93f105a5 completed after 14s 747ms
Training 93f105a5 compacted
Compact 93f105a5 Score: 0.7595049404471189, Error: 0.23973864621057922 -> 0.2404415035536214, 👿 -0.000703
Fine 93f105a5 Score: 0.7546519304971604, Error: 0.23973864621057922 -> 0.24529436350337672, 👿 -0.00556, Variant: undershot
Fine 93f105a5 Score: 0.7544334223232171, Error: 0.23973864621057922 -> 0.24551287167750074, 👿 -0.00577, Variant: overshot
Trained 93f105a5 Score: 0.7461272238001265, Error: 0.23973864621057922 -> 0.2538190702008912, 👿 -0.0141
Fine tuning increased fitness by 0.000015391589717861365 to 0.760243300546662 adjusted 6 weights 
Generation 23 score 0.760243300546662 (avg: 0.7532) error 0.2397029834540793 avg time 3s 218ms
Set training/discovery clean up count to 2
Waiting for discovery to complete
Fine tuning increased fitness by 0.000024496319209976747 to 0.760267796865872 adjusted 6 weights 
Discovered beneficial synapse from 06148af2-7c2f-41b0-8194-e55c9df5bbc0 to output-2 with weight -1.0000, helping 40.2% more records than it harms (3202/4613)
Discovery 8be75e50 analyze time 40s 629ms found 1 candidates
Generation 24 score 0.760267796865872 (avg: 0.7551) error 0.2396784871348694 avg time 1s 90ms
Waiting for discovery to complete
Discovered harmful synapse from input-883 to 06148af2-7c2f-41b0-8194-e55c9df5bbc0, harming 48.3% more records than it helps (1181/4613)
Discovery 8be75e50 analyze harmful time 2s 984ms found 1 candidates
Discovery 8be75e50 analyze squashes time 3s 76ms found 1 candidate, Summary: 52290c8e-797a-49cb-a845-46b34fdf2f59 SELU -> ABSOLUTE improved: 100.0% error: 3.0551283482675364e+26 -> 3.251726066734493e+21
Generation 25 score 0.7603753721202138 (avg: 0.7601) error 0.2395709118805276 avg time 1s 94ms
Waiting for discovery to complete
Fine tuning increased fitness by 0.00006581595217103331 to 0.7604411880723848 adjusted 6 weights 
Over populated 53, expected 50.
Generation 26 score 0.7604411880723848 (avg: 0.7559) error 0.23950509592835653 avg time 999ms
Waiting for training/discovery clean up 2
Generation 27 score 0.7605929718294222 (avg: 0.7548) error 0.23935331217131922 avg time 1s 74ms
Waiting for training/discovery clean up 1
Generation 28 score 0.7606592508228283 (avg: 0.7576) error 0.2392870331779131 avg time 1s 10ms
{
  error: 0.2392870331779131,
  score: 0.7606592508228283,
  generation: 28,
  time: 296882,
  startScore: 0.7598693615734704
}
TX , score: 0.9550838287130247
process (poor score) TX , score: 0.9550838287130247 lvl: 2
loaded ../GRQ-portfolio/best/location/v1/TX.json
9 mutations, mutation rate 8.6%, elitism 6, mutation ALL, selection TOURNAMENT
Creature count: 50
Culling duplicate creature at 1 of 51
DeDuplication of 1 creatures to 50 in 247ms (previous experiment )
Discovery 6e4b958c scheduled
Training 6e4b958c scheduled
Training 6e4b958c with 1 binary file, target error: 0.05, iterations: 1, sample rate: 100%, sparse: 100%
Discovery 6e4b958c with 1 binary files, sample rate: 100%, batch size: 512
Discovery 6e4b958c initialize time 104ms
Discovery 6e4b958c processing .trainData-location_88/TX/data.bin
Generation 1 score 0.9550838287130247 (avg: 0.6860) error 0.04488803428704759 avg time 632ms
Set training/discovery clean up count to 2
Waiting for discovery to complete
Discovery 6e4b958c read time 3ms for .trainData-location_88/TX/data.bin with 4613 records
Discovery 6e4b958c scanning time 3s 785ms
Discovery 6e4b958c recorded time 4s 941ms
Training 6e4b958c completed after 4s 878ms
Training 6e4b958c compacted
Generation 2 score 0.9550838287130247 (avg: -1644338.6641) error 0.04488803428704759 avg time 455ms
Waiting for discovery to complete
Compact 6e4b958c Score: 0.9548956969209687, Error: 0.04488803428704759 -> 0.04507645607910351, 👿 -0.000188
Fine 6e4b958c Score: 0.951114992628876, Error: 0.04488803428704759 -> 0.0488568703711989, 👿 -0.00397, Variant: undershot
Fine 6e4b958c Score: 0.9506876281251022, Error: 0.04488803428704759 -> 0.04928423487496985, 👿 -0.00440, Variant: overshot
Trained 6e4b958c Score: 0.9492222839183738, Error: 0.04488803428704759 -> 0.050749579082784047, 👿 -0.00586
Generation 3 score 0.9550838287130247 (avg: -4.082772328287291e+21) error 0.04488803428704759 avg time 386ms
Waiting for discovery to complete
Generation 4 score 0.9550838287130247 (avg: 0.4452) error 0.04488803428704759 avg time 293ms
Waiting for discovery to complete
Generation 5 score 0.9550838287130247 (avg: 0.9329) error 0.04488803428704759 avg time 345ms
Waiting for discovery to complete
Generation 6 score 0.9550838287130247 (avg: 0.9387) error 0.04488803428704759 avg time 293ms
Waiting for discovery to complete
Generation 7 score 0.9550838287130247 (avg: 0.9551) error 0.04488803428704759 avg time 312ms
Waiting for discovery to complete
Fine tuning increased fitness by 1.4827350458546107e-10 to 0.9550838288612982 adjusted 1 weight 
Generation 8 score 0.9550838288612982 (avg: 0.9472) error 0.04488803413877408 avg time 285ms
Waiting for discovery to complete
Fine tuning increased fitness by 7.759770603854577e-11 to 0.9550838289388959 adjusted 1 weight 
Generation 9 score 0.9550838289388959 (avg: 0.9504) error 0.04488803406117636 avg time 265ms
Waiting for discovery to complete
Remove neuron 4a30d030-9129-4159-b324-168d4708cfaf as no longer connected
Generation 10 score 0.9550838289388959 (avg: 0.9447) error 0.04488803406117636 avg time 339ms
Waiting for discovery to complete
Generation 11 score 0.9550838289388959 (avg: 0.9444) error 0.04488803406117636 avg time 231ms
Waiting for discovery to complete
Generation 12 score 0.9550838289388959 (avg: 0.9551) error 0.04488803406117636 avg time 266ms
Waiting for discovery to complete
Discovered beneficial synapse from 19b7552c-d53b-4496-8b15-d6f1af22745f to dda7aa95-4c0b-429b-9757-974758f2c44c with weight -1.0000, helping 81.6% more records than it harms (4085/4613)
Discovery 6e4b958c analyze time 35s 107ms found 1 candidates
Generation 13 score 0.9550838289388959 (avg: 0.9551) error 0.04488803406117636 avg time 278ms
Waiting for discovery to complete
Discovered harmful synapse from 9dfbc678-178a-42ae-95cb-8dcc2fc3ee39 to 7df6c2e0-b6f9-4133-8af1-88f4b26723cc, harming 55.5% more records than it helps (901/4613)
Discovery 6e4b958c analyze harmful time 1s 659ms found 1 candidates
Discovery 6e4b958c analyze squashes time 1s 794ms found 0 candidates
Generation 14 score 0.9550838289388959 (avg: 0.9551) error 0.04488803406117636 avg time 345ms
Waiting for discovery to complete
Generation 15 score 0.9550838289388959 (avg: 0.9429) error 0.04488803406117636 avg time 237ms
Waiting for training/discovery clean up 2
Generation 16 score 0.9550838289388959 (avg: 0.9413) error 0.04488803406117636 avg time 306ms
Waiting for training/discovery clean up 1
Generation 17 score 0.9550838289388959 (avg: 0.9516) error 0.04488803406117636 avg time 245ms
{
  error: 0.04488803406117636,
  score: 0.9550838289388959,
  generation: 17,
  time: 55529,
  startScore: 0.9550838287130247
}
NE , score: 0.9499666470857396
process (poor score) NE , score: 0.9499666470857396 lvl: 2
loaded ../GRQ-portfolio/best/location/v1/NE.json
8 mutations, mutation rate 50.0%, elitism 6, mutation ALL, selection POWER
Creature count: 50
Culling duplicate creature at 1 of 51
DeDuplication of 1 creatures to 50 in 82ms (previous experiment )
Discovery 508b9607 scheduled
Training 508b9607 scheduled
Training 508b9607 with 1 binary file, target error: 0.05, iterations: 1, sample rate: 100%, sparse: 100%
Discovery 508b9607 with 1 binary files, sample rate: 100%, batch size: 512
Discovery 508b9607 initialize time 105ms
Discovery 508b9607 processing .trainData-location_88/NE/data.bin
Remove neuron 1680a7af-bef3-4f97-a311-125393740ac7 as no longer connected
Generation 1 score 0.9499666470857396 (avg: 0.6312) error 0.04998558191434274 avg time 951ms
Set training/discovery clean up count to 2
Waiting for discovery to complete
Discovery 508b9607 read time 9ms for .trainData-location_88/NE/data.bin with 4613 records
Discovery 508b9607 scanning time 7s 333ms
Discovery 508b9607 recorded time 8s 971ms
Constant neuron 7020dfe8-1972-4fd3-83dd-f744a79bcd63-1718 convert hidden to constant
Adjust neuron 7020dfe8-1972-4fd3-83dd-f744a79bcd63-1718 bias -19.0116157 to 361.4415315244865
Generation 2 score 0.9499683174277926 (avg: -17333.4741) error 0.04998391157228972 avg time 858ms
Waiting for discovery to complete
Fine tuning increased fitness by 1.2492903966876412e-7 to 0.9499684423568323 adjusted 1 weight 
Training 508b9607 completed after 10s 619ms
Training 508b9607 compacted
Generation 3 score 0.9499684423568323 (avg: -2.6540) error 0.049983786643250046 avg time 555ms
Waiting for discovery to complete
Compact 508b9607 Score: 0.949531326231603, Error: 0.04998558191434274 -> 0.05042111276847942, 👿 -0.000436
Fine 508b9607 Score: 0.9491570954304726, Error: 0.04998558191434274 -> 0.05079513356960757, 👿 -0.000810, Variant: overshot
Fine 508b9607 Score: 0.9463864367350658, Error: 0.04998558191434274 -> 0.053565792265010646, 👿 -0.00358, Variant: undershot
Trained 508b9607 Score: 0.9457162030272308, Error: 0.04998558191434274 -> 0.05423602597372442, 👿 -0.00425
Fine tuning increased fitness by 2.6982313605650177e-8 to 0.9499684693391459 adjusted 1 weight 
Generation 4 score 0.9499684693391459 (avg: -1.6817) error 0.049983759660936496 avg time 691ms
Waiting for discovery to complete
Fine tuning increased fitness by 2.452392733331976e-10 to 0.9499684695843852 adjusted 1 weight 
Generation 5 score 0.9499684695843852 (avg: 0.9351) error 0.049983759415697195 avg time 496ms
Waiting for discovery to complete
Remove neuron 75a0558c-5724-423d-b502-c847fd449e91 as no longer connected
Generation 6 score 0.9499684695843852 (avg: 0.9476) error 0.049983759415697195 avg time 750ms
Waiting for discovery to complete
Remove neuron 83284335-f824-4936-8139-acc8ba1344d3-1237 as no longer connected
Remove neuron c1d94b61-1539-4bc9-bed8-59dffdfc4ec9 as no longer connected
Generation 7 score 0.9499684695843852 (avg: 0.9217) error 0.049983759415697195 avg time 885ms
Waiting for discovery to complete
Discovered beneficial synapse from input-1600 to 2dbd27fd-9628-4135-ad2d-907baabd4147 with weight 1.0000, helping 48.3% more records than it harms (3397/4613)
Discovery 508b9607 analyze time 42s 118ms found 1 candidates
Discovered harmful synapse from input-17 to 2dbd27fd-9628-4135-ad2d-907baabd4147, harming 48.0% more records than it helps (1176/4613)
Discovery 508b9607 analyze harmful time 3s 307ms found 1 candidates
Remove neuron 7020dfe8-1972-4fd3-83dd-f744a79bcd63-2608 as no longer connected
Generation 8 score 0.9499684695843852 (avg: 0.8867) error 0.049983759415697195 avg time 874ms
Waiting for discovery to complete
Discovery 508b9607 analyze squashes time 2s 814ms found 0 candidates
Fine tuning increased fitness by 2.263741135655195e-7 to 0.9499686959584988 adjusted 2 weights 
Generation 9 score 0.9499686959584988 (avg: 0.9295) error 0.049983533041583685 avg time 737ms
Waiting for training/discovery clean up 2
Fine tuning increased fitness by 4.0824026859009876e-7 to 0.9499691041987673 adjusted 2 weights 
Generation 10 score 0.9499691041987673 (avg: 0.9312) error 0.04998312480131509 avg time 796ms
Waiting for training/discovery clean up 1
Fine tuning increased fitness by 5.280340831248509e-9 to 0.9499691094791082 adjusted 2 weights 
Constant neuron 5ac2d168-206d-4be0-8c0b-e5eca3e9010c convert hidden to constant
Adjust neuron 5ac2d168-206d-4be0-8c0b-e5eca3e9010c bias -0.007722832934248761 to -0.007722679404293191
Generation 11 score 0.9499691094791082 (avg: 0.8778) error 0.04998311952097423 avg time 794ms
{
  error: 0.04998311952097423,
  score: 0.9499691094791082,
  generation: 11,
  time: 84097,
  startScore: 0.9499666470857396
}
OK , score: 0.9509001195597436
process (poor score) OK , score: 0.9509001195597436 lvl: 2
loaded ../GRQ-portfolio/best/location/v1/OK.json
1 mutation, mutation rate 5.0%, elitism 10, mutation FFW, selection FITNESS_PROPORTIONATE
Creature count: 50
Culling duplicate creature at 1 of 51
DeDuplication of 1 creatures to 50 in 258ms (previous experiment )
Discovery 26565be1 scheduled
Training 26565be1 scheduled
Training 26565be1 with 1 binary file, target error: 0.05, iterations: 1, sample rate: 100%, sparse: 100%
Discovery 26565be1 with 1 binary files, sample rate: 100%, batch size: 512
Discovery 26565be1 initialize time 105ms
Discovery 26565be1 processing .trainData-location_88/OK/data.bin
Generation 1 score 0.9509001195597436 (avg: 0.6066) error 0.0490609264409774 avg time 629ms
Set training/discovery clean up count to 2
Waiting for discovery to complete
Discovery 26565be1 read time 6ms for .trainData-location_88/OK/data.bin with 4613 records
Discovery 26565be1 scanning time 4s 820ms
Discovery 26565be1 recorded time 5s 822ms
Generation 2 score 0.9509001195597436 (avg: -1102.8076) error 0.0490609264409774 avg time 495ms
Waiting for discovery to complete
Training 26565be1 completed after 7s 456ms
Training 26565be1 compacted
Generation 3 score 0.9509001195597436 (avg: -339.4007) error 0.0490609264409774 avg time 495ms
Waiting for discovery to complete
Compact 26565be1 Score: 0.9448993582940096, Error: 0.0490609264409774 -> 0.05506186770670912, 👿 -0.00600
Fine 26565be1 Score: 0.8779303042364801, Error: 0.0490609264409774 -> 0.12203074176412683, 👿 -0.0730, Variant: overshot
Trained 26565be1 Score: 0.8462413813069296, Error: 0.0490609264409774 -> 0.15371966469420648, 👿 -0.105
Fine 26565be1 Score: 0.8224680960895896, Error: 0.0490609264409774 -> 0.1774929499112602, 👿 -0.128, Variant: undershot
Discovered beneficial synapse from input-1068 to fdc68d09-2d04-4d11-9b4f-27f97e06aab7 with weight -1.0000, helping 82.0% more records than it harms (3782/4613)
Discovery 26565be1 analyze time 11s 344ms found 1 candidates
Generation 4 score 0.9509001195597436 (avg: -2.4398555435929127e+26) error 0.0490609264409774 avg time 490ms
Waiting for discovery to complete
Discovered harmful synapse from 448d591c-ecf0-4712-a1c1-58806e50a589 to fdc68d09-2d04-4d11-9b4f-27f97e06aab7, harming 82.0% more records than it helps (0/4613)
Discovery 26565be1 analyze harmful time 1s 793ms found 1 candidates
Discovery 26565be1 analyze squashes time 1s 853ms found 1 candidate, Summary: fdc68d09-2d04-4d11-9b4f-27f97e06aab7 ArcTan -> COMPLEMENT improved: 99.9% error: 1.0230986844313955e+27 -> 5.1669044607364594e+23
Generation 5 score 0.9509001493205032 (avg: 0.7361) error 0.04906088668021804 avg time 471ms
Waiting for discovery to complete
Fine tuning increased fitness by 7.59305081032835e-8 to 0.9509002252510113 adjusted 1 weight 
Generation 6 score 0.9509002252510113 (avg: 0.9177) error 0.049060810749709895 avg time 446ms
Waiting for training/discovery clean up 2
Fine tuning increased fitness by 1.4212242471778325e-7 to 0.950900367373436 adjusted 1 weight 
Generation 7 score 0.950900367373436 (avg: 0.8753) error 0.04906066862728521 avg time 475ms
Waiting for training/discovery clean up 1
Fine tuning increased fitness by 1.5067231728949082e-7 to 0.9509005180457533 adjusted 1 weight 
Generation 8 score 0.9509005180457533 (avg: 0.9497) error 0.04906051795496787 avg time 463ms
{
  error: 0.04906051795496787,
  score: 0.9509005180457533,
  generation: 8,
  time: 40046,
  startScore: 0.9509001195597436
}
CAYMAN_ISLANDS , score: 0.9037127289188677
process (poor score) CAYMAN_ISLANDS , score: 0.9037127289188677 lvl: 2
loaded ../GRQ-portfolio/best/location/v1/CAYMAN_ISLANDS.json
6 mutations, mutation rate 5.0%, elitism 2, mutation ALL, selection POWER
Creature count: 50
Culling duplicate creature at 1 of 51
DeDuplication of 1 creatures to 50 in 270ms (previous experiment )
Discovery f83a9891 scheduled
Training f83a9891 scheduled
Training f83a9891 with 1 binary file, target error: 0.05, iterations: 1, sample rate: 100%, sparse: 100%
Discovery f83a9891 with 1 binary files, sample rate: 100%, batch size: 512
Discovery f83a9891 initialize time 105ms
Discovery f83a9891 processing .trainData-location_88/CAYMAN_ISLANDS/data.bin
Discovery f83a9891 read time 7ms for .trainData-location_88/CAYMAN_ISLANDS/data.bin with 4613 records
Discovery f83a9891 scanning time 9s 261ms
Discovery f83a9891 recorded time 10s 609ms
Training eb890b85 scheduled
Training eb890b85 with 1 binary file, target error: 0.05, iterations: 1, sample rate: 100%, sparse: 100%
Training f83a9891 completed after 12s 861ms
Training f83a9891 compacted
Compact f83a9891 Score: 0.9036942732495384, Error: 0.09623084408290564 -> 0.09624945975223193, 👿 -0.0000186
Fine f83a9891 Score: 0.8986399528126792, Error: 0.09623084408290564 -> 0.10130362018909411, 👿 -0.00507, Variant: overshot
Fine f83a9891 Score: 0.892072521983933, Error: 0.09623084408290564 -> 0.10787105101784017, 👿 -0.0116, Variant: undershot
Trained f83a9891 Score: 0.8876055527018177, Error: 0.09623084408290564 -> 0.11233813029995464, 👿 -0.0161
Training 25b87af1 scheduled
Training 25b87af1 with 1 binary file, target error: 0.05, iterations: 1, sample rate: 100%, sparse: 100%
Fine tuning increased fitness by 9.602680781650719e-7 to 0.9037139466938712 adjusted 25 weights, 3 biases 
Training eb890b85 completed after 12s 105ms
Training eb890b85 compacted
Culling duplicate creature at 39 of 51
DeDuplication of 1 creatures to 50 in 56ms (previous experiment )
Compact eb890b85 Score: 0.9036944301298319, Error: 0.09623084378630334 -> 0.09624929287193892, 👿 -0.0000184
Fine eb890b85 Score: 0.8993690915254489, Error: 0.09623084378630334 -> 0.10057447147632483, 👿 -0.00434, Variant: overshot
Fine eb890b85 Score: 0.8970808596284787, Error: 0.09623084378630334 -> 0.10286270337329491, 👿 -0.00663, Variant: undershot
Trained eb890b85 Score: 0.8882212866512822, Error: 0.09623084378630334 -> 0.11172227635049163, 👿 -0.0155
Training c2b43264 scheduled
Training c2b43264 with 1 binary file, target error: 0.05, iterations: 1, sample rate: 100%, sparse: 100%
Training 25b87af1 completed after 12s 262ms
Training 25b87af1 compacted
Compact 25b87af1 Score: 0.9036952837300913, Error: 0.09622961630790246 -> 0.09624843927167938, 👿 -0.0000188
Trained 25b87af1 Score: 0.873388052526002, Error: 0.09622961630790246 -> 0.12655551047577157, 👿 -0.0303
Fine tuning increased fitness by 9.937277756222329e-8 to 0.9037141143095575 adjusted 1 weight, 1 bias 
Training 4c3df493 scheduled
Training 4c3df493 with 1 binary file, target error: 0.05, iterations: 1, sample rate: 100%, sparse: 100%
Discovered beneficial synapse from input-1394 to 35fb7b94-7ed4-4905-be85-b616591aa48b with weight -1.0000, helping 44.2% more records than it harms (3191/4613)
Discovery f83a9891 analyze time 1m 12s 170ms found 1 candidates
Training c2b43264 completed after 13s 277ms
Training c2b43264 compacted
Discovered harmful synapse from a79ea209-17a1-49bc-ad2a-7031ff0390c9 to 35fb7b94-7ed4-4905-be85-b616591aa48b, harming 42.5% more records than it helps (1191/4613)
Discovery f83a9891 analyze harmful time 3s 463ms found 1 candidates
Compact c2b43264 Score: 0.9036953666178591, Error: 0.09622954806499376 -> 0.09624835638391163, 👿 -0.0000188
Fine c2b43264 Score: 0.8925634080846993, Error: 0.09622954806499376 -> 0.10738015491707445, 👿 -0.0112, Variant: overshot
Fine c2b43264 Score: 0.8789203497840927, Error: 0.09622954806499376 -> 0.12102321321768092, 👿 -0.0248, Variant: undershot
Trained c2b43264 Score: 0.875435462599287, Error: 0.09622954806499376 -> 0.12450821040248583, 👿 -0.0283
Fine tuning increased fitness by 2.469023197004816e-8 to 0.9037142519761147 adjusted 1 bias 
Discovery f83a9891 analyze squashes time 3s 641ms found 2 candidates, Summary: 286dcc6c-4412-4563-874e-6015343c84bf ArcTan -> ABSOLUTE improved: 100.0% error: 1.5259516177909432e+27 -> 6.307479688082417e+22,35fb7b94-7ed4-4905-be85-b616591aa48b Mish -> COMPLEMENT improved: 96.2% error: 1.6824504828042965e+27 -> 6.45545945473522e+25
Discovery 57e95432 scheduled
Training 57e95432 scheduled
Training 57e95432 with 1 binary file, target error: 0.05, iterations: 1, sample rate: 100%, sparse: 100%
Discovery 57e95432 with 1 binary files, sample rate: 100%, batch size: 512
Discovery 57e95432 initialize time 110ms
Discovery 57e95432 processing .trainData-location_88/CAYMAN_ISLANDS/data.bin
Fine tuning increased fitness by 4.009972243146365e-9 to 0.9037142559860869 adjusted 1 bias 
Training 4c3df493 completed after 12s 243ms
Training 4c3df493 compacted
Generation 10 score 0.9037142559860869 (avg: 0.9037) error 0.09622930701568679 avg time 10s 478ms
Compact 4c3df493 Score: 0.9036957504215302, Error: 0.09622933571589101 -> 0.09624797258024054, 👿 -0.0000186
Fine 4c3df493 Score: 0.898950897541821, Error: 0.09622933571589101 -> 0.10099266545995271, 👿 -0.00476, Variant: overshot
Fine 4c3df493 Score: 0.8973571257210341, Error: 0.09622933571589101 -> 0.10258643728073959, 👿 -0.00636, Variant: undershot
Trained 4c3df493 Score: 0.8933823411219572, Error: 0.09622933571589101 -> 0.10656133187981555, 👿 -0.0103
Discovery 57e95432 read time 6ms for .trainData-location_88/CAYMAN_ISLANDS/data.bin with 4613 records
Discovery 57e95432 scanning time 9s 843ms
Fine tuning increased fitness by 1.6517087697565103e-10 to 0.9037142561512578 adjusted 1 bias 
Discovery 57e95432 recorded time 11s 10ms
Training f4998042 scheduled
Training f4998042 with 1 binary file, target error: 0.05, iterations: 1, sample rate: 100%, sparse: 100%
Fine tuning increased fitness by 2.3157258943751202e-7 to 0.9037144877238472 adjusted 1 bias 
Training 57e95432 completed after 12s 226ms
Training 57e95432 compacted
Compact 57e95432 Score: 0.9036958341072968, Error: 0.09622930701568679 -> 0.09624788889447385, 👿 -0.0000186
Trained 57e95432 Score: 0.9013467918850426, Error: 0.09622930701568679 -> 0.09859677111673103, 👿 -0.00237
Fine tuning increased fitness by 4.3181106168521666e-7 to 0.9037149195349089 adjusted 1 weight 
Training d4a6fdb7 scheduled
Training d4a6fdb7 with 1 binary file, target error: 0.05, iterations: 1, sample rate: 100%, sparse: 100%
Fine tuning increased fitness by 5.486711136537537e-7 to 0.9037154682060226 adjusted 1 weight 
Training f4998042 completed after 12s 134ms
Training f4998042 compacted
Compact f4998042 Score: 0.9036960707043965, Error: 0.09622906527792685 -> 0.09624764229737459, 👿 -0.0000186
Fine f4998042 Score: 0.9035257842239295, Error: 0.09622906527792685 -> 0.09641776877784457, 👿 -0.000189, Variant: overshot
Fine f4998042 Score: 0.9034374793970372, Error: 0.09622906527792685 -> 0.09650607360473683, 👿 -0.000277, Variant: undershot
Trained f4998042 Score: 0.9032612730517791, Error: 0.09622906527792685 -> 0.09668238994999423, 👿 -0.000453
Fine tuning increased fitness by 8.188497471195433e-7 to 0.9037162870557697 adjusted 1 weight 
Training f1ce41ca scheduled
Training f1ce41ca with 1 binary file, target error: 0.05, iterations: 1, sample rate: 100%, sparse: 100%
Fine tuning increased fitness by 1.9735488154815073e-7 to 0.9037164844106512 adjusted 1 weight 
Training d4a6fdb7 completed after 11s 432ms
Training d4a6fdb7 compacted
Discovered beneficial synapse from input-1394 to 35fb7b94-7ed4-4905-be85-b616591aa48b with weight -1.0000, helping 44.3% more records than it harms (3192/4613)
Discovery 57e95432 analyze time 50s 343ms found 1 candidates
Compact d4a6fdb7 Score: 0.9036970233215298, Error: 0.09622808479575148 -> 0.09624668968024126, 👿 -0.0000186
Trained d4a6fdb7 Score: 0.9005425860215512, Error: 0.09622808479575148 -> 0.0994009669802228, 👿 -0.00317
Fine tuning increased fitness by 1.3534806497794705e-8 to 0.9037164979454577 adjusted 1 weight 
Discovered harmful synapse from a79ea209-17a1-49bc-ad2a-7031ff0390c9 to 35fb7b94-7ed4-4905-be85-b616591aa48b, harming 42.5% more records than it helps (1189/4613)
Discovery 57e95432 analyze harmful time 3s 483ms found 1 candidates
Discovery 57e95432 analyze squashes time 3s 700ms found 2 candidates, Summary: 35fb7b94-7ed4-4905-be85-b616591aa48b Mish -> COMPLEMENT improved: 96.2% error: 1.68247524688242e+27 -> 6.455459192814209e+25,286dcc6c-4412-4563-874e-6015343c84bf ArcTan -> ABSOLUTE improved: 100.0% error: 1.52595167198561e+27 -> 6.312899154761885e+22
Discovery fab01213 scheduled
Training fab01213 scheduled
Training fab01213 with 1 binary file, target error: 0.05, iterations: 1, sample rate: 100%, sparse: 100%
Discovery fab01213 with 1 binary files, sample rate: 100%, batch size: 512
Discovery fab01213 initialize time 108ms
Discovery fab01213 processing .trainData-location_88/CAYMAN_ISLANDS/data.bin
Fine tuning increased fitness by 3.892787825421351e-8 to 0.903716536873336 adjusted 1 weight 
Training f1ce41ca completed after 11s 793ms
Training f1ce41ca compacted
Compact f1ce41ca Score: 0.9036981798437563, Error: 0.09622706859112284 -> 0.09624553315801473, 👿 -0.0000185
Fine f1ce41ca Score: 0.9034084572777452, Error: 0.09622706859112284 -> 0.09653509572402888, 👿 -0.000308, Variant: undershot
Fine f1ce41ca Score: 0.9032381022110214, Error: 0.09622706859112284 -> 0.09670545079075268, 👿 -0.000478, Variant: overshot
Trained f1ce41ca Score: 0.9028898503020769, Error: 0.09622706859112284 -> 0.09705382269969583, 👿 -0.000827
Discovery fab01213 read time 3ms for .trainData-location_88/CAYMAN_ISLANDS/data.bin with 4613 records
Discovery fab01213 scanning time 9s 790ms
Discovery fab01213 recorded time 10s 933ms
Training 2e2cb39e scheduled
Training 2e2cb39e with 1 binary file, target error: 0.05, iterations: 1, sample rate: 100%, sparse: 100%
Training fab01213 completed after 11s 858ms
Training fab01213 compacted
Generation 20 score 0.9037171837902684 (avg: -6853998341781.8574) error 0.09622635921150617 avg time 9s 748ms
Compact fab01213 Score: 0.9036982636945654, Error: 0.09622700612843858 -> 0.09624543930720617, 👿 -0.0000184
Fine fab01213 Score: 0.8868577618139732, Error: 0.09622700612843858 -> 0.11308578118780134, 👿 -0.0169, Variant: overshot
Fine fab01213 Score: 0.8780963476174504, Error: 0.09622700612843858 -> 0.12184719538432416, 👿 -0.0256, Variant: undershot
Trained fab01213 Score: 0.8759638776242986, Error: 0.09622700612843858 -> 0.12397977537747504, 👿 -0.0278
Fine tuning increased fitness by 2.3111328772973394e-7 to 0.9037174149035562 adjusted 2 weights 
Fine tuning increased fitness by 3.8733347840214094e-7 to 0.9037178022370346 adjusted 2 weights 
Training 2e2cb39e completed after 11s 872ms
Training 2e2cb39e compacted
Compact 2e2cb39e Score: 0.9036986800312451, Error: 0.09622635921150617 -> 0.09624502297052656, 👿 -0.0000187
Trained 2e2cb39e Score: 0.8849156876582359, Error: 0.09622635921150617 -> 0.11502785534353865, 👿 -0.0188
Fine tuning increased fitness by 7.381340120238278e-7 to 0.9037185403710466 adjusted 2 weights 
Discovered beneficial synapse from input-1394 to 35fb7b94-7ed4-4905-be85-b616591aa48b with weight -1.0000, helping 44.3% more records than it harms (3192/4613)
Discovery fab01213 analyze time 51s 60ms found 1 candidates
Discovered harmful synapse from 6eb8ffcf-50af-4d01-9d9e-ae1d889ee2ce to 286dcc6c-4412-4563-874e-6015343c84bf, harming 30.3% more records than it helps (1476/4613)
Discovery fab01213 analyze harmful time 2s 783ms found 1 candidates
Discovery fab01213 analyze squashes time 3s 660ms found 2 candidates, Summary: 35fb7b94-7ed4-4905-be85-b616591aa48b Mish -> COMPLEMENT improved: 96.2% error: 1.6824752389782234e+27 -> 6.455459192814209e+25,286dcc6c-4412-4563-874e-6015343c84bf ArcTan -> ABSOLUTE improved: 100.0% error: 1.52595167198561e+27 -> 6.3128991547618895e+22
Generation 24 score 0.9037208052645777 (avg: 0.9013) error 0.09622273773719686 avg time 4s 202ms
Set training/discovery clean up count to 2
Waiting for discovery to complete
Fine tuning increased fitness by 0.00000455655925279963 to 0.9037253618238305 adjusted 2 weights 
Generation 25 score 0.9037253618238305 (avg: 0.9037) error 0.09621818117794415 avg time 933ms
Waiting for training/discovery clean up 2
Generation 26 score 0.9037301808253194 (avg: 0.8616) error 0.09621336217645513 avg time 1s 88ms
Waiting for training/discovery clean up 1
Fine tuning increased fitness by 1.689105029178961e-7 to 0.9037303497358223 adjusted 1 weight 
Generation 27 score 0.9037303497358223 (avg: 0.8981) error 0.09621319326595222 avg time 734ms
{
  error: 0.09621319326595222,
  score: 0.9037303497358223,
  generation: 27,
  time: 272253,
  startScore: 0.9037127289188677
}
🧹 Cleaning up any inconsistent git state
✅ Git state cleanup completed
✅ Already on proper branch: Develop
From github.com:stSoftwareAU/GRQ-location
   19e5462..eb6cd92  Develop    -> origin/Develop
Updating 19e5462..eb6cd92
Created autostash: fb17fc0
Fast-forward
 v1/NE.json             |   10 +-
 v1/NETHERLANDS.json    |  878 ++++++++++++------------
 v1/NV.json             |  168 ++---
 v1/NY.json             | 1032 ++++++++++++++--------------
 v1/SC.json             | 1787 ++++++------------------------------------------
 v1/UNITED_KINGDOM.json |   16 +-
 v1/UT.json             |  196 +++---
 7 files changed, 1376 insertions(+), 2711 deletions(-)
Applying autostash resulted in conflicts.
Your changes are safe in the stash.
You can run "git stash pop" or "git stash drop" at any time.
✅ Already on proper branch: Develop
📦 Changes detected — staging files and validating JSON
[0;32m🔍 Validating staged JSON files...[0m
[0;32m🔍 Validating: v1/AUSTRALIA.json[0m
[0;32m   ✅ PASSED: File is valid[0m
[0;32m🔍 Validating: v1/CAYMAN_ISLANDS.json[0m
[0;32m   ✅ PASSED: File is valid[0m
[0;32m🔍 Validating: v1/CHINA.json[0m
[0;32m   ✅ PASSED: File is valid[0m
[0;32m🔍 Validating: v1/NE.json[0m
[0;31m🚨 MERGE CONFLICT DETECTED in: v1/NE.json[0m
[1;33m   This file contains unresolved merge conflict markers:[0m
3909:<<<<<<< Updated upstream
3911:=======
3913:>>>>>>> Stashed changes
4233:<<<<<<< Updated upstream
4235:=======
[0;31m   ❌ FAILED: Merge conflicts detected[0m
[0;32m🔍 Validating: v1/OK.json[0m
[0;32m   ✅ PASSED: File is valid[0m
[0;32m🔍 Validating: v1/SMALL_STATE.json[0m
[0;32m   ✅ PASSED: File is valid[0m
[0;32m🔍 Validating: v1/TX.json[0m
[0;32m   ✅ PASSED: File is valid[0m
[0;32m🔍 Validating: v1/UT.json[0m
[0;31m🚨 MERGE CONFLICT DETECTED in: v1/UT.json[0m
[1;33m   This file contains unresolved merge conflict markers:[0m
264:<<<<<<< Updated upstream
266:=======
268:>>>>>>> Stashed changes
274:<<<<<<< Updated upstream
276:=======
[0;31m   ❌ FAILED: Merge conflicts detected[0m

[0;31m❌ Commit blocked due to invalid JSON files[0m
❌ JSON validation failed — aborting commit
🧹 Cleaning up staged changes
Unstaged changes after reset:
M	v1/AUSTRALIA.json
M	v1/CAYMAN_ISLANDS.json
M	v1/CHINA.json
M	v1/NE.json
M	v1/OK.json
M	v1/SMALL_STATE.json
M	v1/TX.json
M	v1/UT.json
💥 Commit blocked due to invalid JSON files
🧹 Performing final git cleanup on exit...
✅ Final cleanup completed
Cloning into 'GRQ-logs'...
[Develop 068c171] ip-10-0-19-226 status 1
 1 file changed, 1204 insertions(+)
 create mode 100644 ip-10-0-19-226.log
To github.com:stSoftwareAU/GRQ-logs.git
   3f43a47..068c171  Develop -> Develop
📦 Cloning GRQ-health
Cloning into 'GRQ-health'...
Updating health information...
Updated health information for ip-10-0-19-226
