================ Clean up START ================
Version 1.3.3
Disk usage:
Filesystem        Size  Used Avail Use% Mounted on
devtmpfs          4.0M     0  4.0M   0% /dev
tmpfs             7.7G     0  7.7G   0% /dev/shm
tmpfs             3.1G  448K  3.1G   1% /run
/dev/nvme0n1p1     40G  2.4G   38G   6% /
tmpfs             7.7G  4.0K  7.7G   1% /tmp
/dev/nvme0n1p128   10M  1.4M  8.7M  14% /boot/efi
/dev/nvme1n1      434G  102M  412G   1% /data
tmpfs             1.6G     0  1.6G   0% /run/user/1001
Uptime:  21:55:21 up 0 min,  0 users,  load average: 0.86, 0.26, 0.09
USER         PID    PPID COMMAND
GRQ        22321   22274 (sd-pam)
GRQ        22422   22066 /bin/bash /data/GRQ/run.sh --option=location
GRQ        26604   22422 /bin/bash ./check_spot_termination.sh
GRQ        26605   22422 /bin/bash ./run.sh --run-once
GRQ        26620   26604 sleep 5
GRQ        26625   26605 /bin/bash worker/node.sh
GRQ        26634   26625 ps -U GRQ -o user,pid,ppid,command
Host: ip-10-0-30-170
IP: 10.0.30.170
Number of CPUs: 8
Available Memory: 15Gi
================ Clean up ENDED ================
Use local deno
PATH: /data/GRQ/.deno/bin:/usr/local/sbin:/usr/local/bin:/usr/sbin:/usr/bin:/sbin:/bin:/var/lib/snapd/snap/bin
deno 2.4.3 (stable, release, aarch64-unknown-linux-gnu)
v8 13.7.152.14-rusty
typescript 5.8.3
aws-cli/2.23.11 Python/3.9.21 Linux/6.1.130-139.222.amzn2023.aarch64 source/aarch64.amzn.2023
Upgrading Deno to version v2.4.3...
Current Deno version: v2.4.3
Version 2.4.3 is already installed
Option: location
Starting Location... Tue Aug  5 09:55:21 PM UTC 2025
Already up to date.
📦 Cloning GRQ-location
Cloning into 'GRQ-location'...
Fetching S3 checksum file from: s3://grq-trainingdata/trainData-location_88/checksum.sha256
Checksum differs or not found locally. Downloading data file.
Decompressing S3 data file: ../../.cache/v2/trainData-location_88/data.tgz
S3 data successfully fetched and decompressed
🧹 Removing: trainData-location_*
📦 Cloning GRQ-portfolio
Cloning into 'GRQ-portfolio'...
Download https://jsr.io/@std/cli/meta.json
Download https://jsr.io/@std/fmt/meta.json
Download https://jsr.io/@std/fs/meta.json
Download https://jsr.io/@stsoftware/neat-ai/meta.json
Download https://jsr.io/@stsoftware/tags/meta.json
Download https://jsr.io/@std/assert/meta.json
Download https://jsr.io/@std/datetime/meta.json
Download https://jsr.io/@std/csv/meta.json
Download https://jsr.io/@std/cli/1.0.21_meta.json
Download https://jsr.io/@std/fmt/1.0.8_meta.json
Download https://jsr.io/@std/fs/1.0.19_meta.json
Download https://jsr.io/@stsoftware/neat-ai/0.181.0_meta.json
Download https://jsr.io/@stsoftware/tags/1.0.13_meta.json
Download https://jsr.io/@std/assert/1.0.13_meta.json
Download https://jsr.io/@std/datetime/0.225.5_meta.json
Download https://jsr.io/@std/csv/1.0.6_meta.json
Download https://jsr.io/@std/cli/1.0.21/_data.json
Download https://jsr.io/@std/path/meta.json
Download https://jsr.io/@std/internal/meta.json
Download https://jsr.io/@std/streams/meta.json
Download https://jsr.io/@std/bytes/meta.json
Download https://jsr.io/@std/crypto/meta.json
Download https://jsr.io/@std/path/1.1.1_meta.json
Download https://jsr.io/@std/internal/1.0.10_meta.json
Download https://jsr.io/@std/streams/1.0.10_meta.json
Download https://jsr.io/@std/bytes/1.0.6_meta.json
Download https://jsr.io/@std/crypto/1.0.5_meta.json
Download https://jsr.io/@std/cli/1.0.21/mod.ts
Download https://jsr.io/@std/fmt/1.0.8/colors.ts
Download https://jsr.io/@std/fs/1.0.19/mod.ts
Download https://jsr.io/@stsoftware/neat-ai/0.181.0/mod.ts
Download https://jsr.io/@stsoftware/tags/1.0.13/mod.ts
Download https://jsr.io/@std/assert/1.0.13/assert.ts
Download https://jsr.io/@std/datetime/0.225.5/mod.ts
Download https://jsr.io/@std/assert/1.0.13/mod.ts
Download https://jsr.io/@std/csv/1.0.6/mod.ts
Download https://jsr.io/@std/datetime/0.225.5/constants.ts
Download https://jsr.io/@std/fmt/1.0.8/duration.ts
Download https://jsr.io/@std/cli/1.0.21/parse_args.ts
Download https://jsr.io/@std/cli/1.0.21/prompt_secret.ts
Download https://jsr.io/@std/cli/1.0.21/unicode_width.ts
Download https://jsr.io/@std/fs/1.0.19/empty_dir.ts
Download https://jsr.io/@std/fs/1.0.19/ensure_dir.ts
Download https://jsr.io/@std/fs/1.0.19/ensure_file.ts
Download https://jsr.io/@std/fs/1.0.19/ensure_link.ts
Download https://jsr.io/@std/fs/1.0.19/ensure_symlink.ts
Download https://jsr.io/@std/fs/1.0.19/exists.ts
Download https://jsr.io/@std/fs/1.0.19/expand_glob.ts
Download https://jsr.io/@std/fs/1.0.19/move.ts
Download https://jsr.io/@std/fs/1.0.19/copy.ts
Download https://jsr.io/@std/fs/1.0.19/walk.ts
Download https://jsr.io/@std/fs/1.0.19/eol.ts
Download https://jsr.io/@stsoftware/neat-ai/0.181.0/src/Creature.ts
Download https://jsr.io/@stsoftware/neat-ai/0.181.0/src/architecture/CreatureUtils.ts
Download https://jsr.io/@stsoftware/neat-ai/0.181.0/src/methods/Selection.ts
Download https://jsr.io/@stsoftware/neat-ai/0.181.0/src/NEAT/Mutation.ts
Download https://jsr.io/@stsoftware/neat-ai/0.181.0/src/reconstruct/CRISPR.ts
Download https://jsr.io/@stsoftware/neat-ai/0.181.0/src/reconstruct/Upgrade.ts
Download https://jsr.io/@stsoftware/neat-ai/0.181.0/src/reconstruct/ConnectMissing.ts
Download https://jsr.io/@stsoftware/neat-ai/0.181.0/src/architecture/NeuronInterfaces.ts
Download https://jsr.io/@stsoftware/neat-ai/0.181.0/src/architecture/SynapseInterfaces.ts
Download https://jsr.io/@stsoftware/neat-ai/0.181.0/src/upgrade/UpgradeTwo.ts
Download https://jsr.io/@stsoftware/tags/1.0.13/src/TagAndRelease.ts
Download https://jsr.io/@stsoftware/tags/1.0.13/src/TagsInterface.ts
Download https://jsr.io/@std/assert/1.0.13/assertion_error.ts
Download https://jsr.io/@std/datetime/0.225.5/day_of_year.ts
Download https://jsr.io/@std/datetime/0.225.5/difference.ts
Download https://jsr.io/@std/datetime/0.225.5/format.ts
Download https://jsr.io/@std/datetime/0.225.5/is_leap.ts
Download https://jsr.io/@std/datetime/0.225.5/parse.ts
Download https://jsr.io/@std/datetime/0.225.5/week_of_year.ts
Download https://jsr.io/@std/assert/1.0.13/almost_equals.ts
Download https://jsr.io/@std/assert/1.0.13/array_includes.ts
Download https://jsr.io/@std/assert/1.0.13/equals.ts
Download https://jsr.io/@std/assert/1.0.13/exists.ts
Download https://jsr.io/@std/assert/1.0.13/false.ts
Download https://jsr.io/@std/assert/1.0.13/greater_or_equal.ts
Download https://jsr.io/@std/assert/1.0.13/greater.ts
Download https://jsr.io/@std/assert/1.0.13/instance_of.ts
Download https://jsr.io/@std/assert/1.0.13/is_error.ts
Download https://jsr.io/@std/assert/1.0.13/less_or_equal.ts
Download https://jsr.io/@std/assert/1.0.13/less.ts
Download https://jsr.io/@std/assert/1.0.13/match.ts
Download https://jsr.io/@std/assert/1.0.13/not_equals.ts
Download https://jsr.io/@std/assert/1.0.13/not_instance_of.ts
Download https://jsr.io/@std/assert/1.0.13/not_match.ts
Download https://jsr.io/@std/assert/1.0.13/not_strict_equals.ts
Download https://jsr.io/@std/assert/1.0.13/object_match.ts
Download https://jsr.io/@std/assert/1.0.13/rejects.ts
Download https://jsr.io/@std/assert/1.0.13/strict_equals.ts
Download https://jsr.io/@std/assert/1.0.13/string_includes.ts
Download https://jsr.io/@std/assert/1.0.13/throws.ts
Download https://jsr.io/@std/assert/1.0.13/equal.ts
Download https://jsr.io/@std/assert/1.0.13/fail.ts
Download https://jsr.io/@std/assert/1.0.13/unimplemented.ts
Download https://jsr.io/@std/assert/1.0.13/unreachable.ts
Download https://jsr.io/@std/csv/1.0.6/parse.ts
Download https://jsr.io/@std/csv/1.0.6/parse_stream.ts
Download https://jsr.io/@std/csv/1.0.6/stringify.ts
Download https://jsr.io/@std/csv/1.0.6/stringify_stream.ts
Download https://jsr.io/@std/cli/1.0.21/_run_length.ts
Download https://jsr.io/@std/fs/1.0.19/_to_path_string.ts
Download https://jsr.io/@std/fs/1.0.19/_get_file_info_type.ts
Download https://jsr.io/@std/fs/1.0.19/_create_walk_entry.ts
Download https://jsr.io/@std/fs/1.0.19/_is_subdir.ts
Download https://jsr.io/@std/fs/1.0.19/_is_same_path.ts
Download https://jsr.io/@stsoftware/neat-ai/0.181.0/src/architecture/CreatureState.ts
Download https://jsr.io/@stsoftware/neat-ai/0.181.0/src/architecture/CreatureValidate.ts
Download https://jsr.io/@stsoftware/neat-ai/0.181.0/src/architecture/DataSet.ts
Download https://jsr.io/@stsoftware/neat-ai/0.181.0/src/architecture/Neuron.ts
Download https://jsr.io/@stsoftware/neat-ai/0.181.0/src/architecture/Score.ts
Download https://jsr.io/@stsoftware/neat-ai/0.181.0/src/architecture/Synapse.ts
Download https://jsr.io/@stsoftware/neat-ai/0.181.0/src/architecture/Training.ts
Download https://jsr.io/@stsoftware/neat-ai/0.181.0/src/compact/CompactCreature.ts
Download https://jsr.io/@stsoftware/neat-ai/0.181.0/src/compact/CompactUtils.ts
Download https://jsr.io/@stsoftware/neat-ai/0.181.0/src/config/NeatConfig.ts
Download https://jsr.io/@stsoftware/neat-ai/0.181.0/src/Costs.ts
Download https://jsr.io/@stsoftware/neat-ai/0.181.0/src/methods/activations/Activations.ts
Download https://jsr.io/@stsoftware/neat-ai/0.181.0/src/multithreading/workers/WorkerHandler.ts
Download https://jsr.io/@stsoftware/neat-ai/0.181.0/src/NEAT/Neat.ts
Download https://jsr.io/@stsoftware/neat-ai/0.181.0/src/optimize/MakeCreatureActivationFunction.ts
Download https://jsr.io/@stsoftware/neat-ai/0.181.0/src/propagate/BackPropagation.ts
Download https://jsr.io/@stsoftware/neat-ai/0.181.0/src/propagate/sparse/SparseConfig.ts
Download https://jsr.io/@stsoftware/neat-ai/0.181.0/src/upgrade/UpgradeOne.ts
Download https://jsr.io/@stsoftware/neat-ai/0.181.0/src/utils/CreatureExportBuilder.ts
Download https://jsr.io/@stsoftware/neat-ai/0.181.0/src/architecture/SyncV5.ts
Download https://jsr.io/@stsoftware/neat-ai/0.181.0/src/mutate/AddConnection.ts
Download https://jsr.io/@stsoftware/neat-ai/0.181.0/src/methods/activations/types/IDENTITY.ts
Download https://jsr.io/@stsoftware/neat-ai/0.181.0/src/methods/activations/types/SQRT.ts
Download https://jsr.io/@stsoftware/neat-ai/0.181.0/src/methods/activations/types/SQUARE.ts
Download https://jsr.io/@std/datetime/0.225.5/_date_time_formatter.ts
Download https://jsr.io/@std/csv/1.0.6/_io.ts
Download https://jsr.io/@std/csv/1.0.6/_shared.ts
Download https://jsr.io/@stsoftware/neat-ai/0.181.0/src/propagate/SynapseState.ts
Download https://jsr.io/@stsoftware/neat-ai/0.181.0/src/errors/ValidationError.ts
Download https://jsr.io/@stsoftware/neat-ai/0.181.0/src/optimize/FunctionCache.ts
Download https://jsr.io/@stsoftware/neat-ai/0.181.0/src/propagate/Bias.ts
Download https://jsr.io/@stsoftware/neat-ai/0.181.0/src/propagate/Weight.ts
Download https://jsr.io/@stsoftware/neat-ai/0.181.0/src/architecture/NoChangePropagate.ts
Download https://jsr.io/@stsoftware/neat-ai/0.181.0/src/upgrade/Upgrade.ts
Download https://jsr.io/@stsoftware/neat-ai/0.181.0/src/compact/CompactUnused.ts
Download https://jsr.io/@stsoftware/neat-ai/0.181.0/src/methods/activations/types/LOGISTIC.ts
Download https://jsr.io/@stsoftware/neat-ai/0.181.0/src/costs/CrossEntropy.ts
Download https://jsr.io/@stsoftware/neat-ai/0.181.0/src/costs/HINGE.ts
Download https://jsr.io/@stsoftware/neat-ai/0.181.0/src/costs/MAE.ts
Download https://jsr.io/@stsoftware/neat-ai/0.181.0/src/costs/MAPE.ts
Download https://jsr.io/@stsoftware/neat-ai/0.181.0/src/costs/MSE.ts
Download https://jsr.io/@stsoftware/neat-ai/0.181.0/src/costs/MSLE.ts
Download https://jsr.io/@stsoftware/neat-ai/0.181.0/src/deprecated/MEAN.ts
Download https://jsr.io/@stsoftware/neat-ai/0.181.0/src/deprecated/HYPOT.ts
Download https://jsr.io/@stsoftware/neat-ai/0.181.0/src/deprecated/HYPOTv2.ts
Download https://jsr.io/@stsoftware/neat-ai/0.181.0/src/methods/activations/aggregate/IF.ts
Download https://jsr.io/@stsoftware/neat-ai/0.181.0/src/methods/activations/aggregate/MAXIMUM.ts
Download https://jsr.io/@stsoftware/neat-ai/0.181.0/src/methods/activations/aggregate/MINIMUM.ts
Download https://jsr.io/@stsoftware/neat-ai/0.181.0/src/methods/activations/types/ABSOLUTE.ts
Download https://jsr.io/@stsoftware/neat-ai/0.181.0/src/methods/activations/types/ArcTan.ts
Download https://jsr.io/@stsoftware/neat-ai/0.181.0/src/methods/activations/types/BENT_IDENTITY.ts
Download https://jsr.io/@stsoftware/neat-ai/0.181.0/src/methods/activations/types/BIPOLAR.ts
Download https://jsr.io/@stsoftware/neat-ai/0.181.0/src/methods/activations/types/BIPOLAR_SIGMOID.ts
Download https://jsr.io/@stsoftware/neat-ai/0.181.0/src/methods/activations/types/COMPLEMENT.ts
Download https://jsr.io/@stsoftware/neat-ai/0.181.0/src/methods/activations/types/Cosine.ts
Download https://jsr.io/@stsoftware/neat-ai/0.181.0/src/methods/activations/types/Cube.ts
Download https://jsr.io/@stsoftware/neat-ai/0.181.0/src/methods/activations/types/ELU.ts
Download https://jsr.io/@stsoftware/neat-ai/0.181.0/src/methods/activations/types/Exponential.ts
Download https://jsr.io/@stsoftware/neat-ai/0.181.0/src/methods/activations/types/GAUSSIAN.ts
Download https://jsr.io/@stsoftware/neat-ai/0.181.0/src/methods/activations/types/GELU.ts
Download https://jsr.io/@stsoftware/neat-ai/0.181.0/src/methods/activations/types/HARD_TANH.ts
Download https://jsr.io/@stsoftware/neat-ai/0.181.0/src/methods/activations/types/ISRU.ts
Download https://jsr.io/@stsoftware/neat-ai/0.181.0/src/methods/activations/types/LeakyReLU.ts
Download https://jsr.io/@stsoftware/neat-ai/0.181.0/src/methods/activations/types/LogSigmoid.ts
Download https://jsr.io/@stsoftware/neat-ai/0.181.0/src/methods/activations/types/Mish.ts
Download https://jsr.io/@stsoftware/neat-ai/0.181.0/src/methods/activations/types/ReLU.ts
Download https://jsr.io/@stsoftware/neat-ai/0.181.0/src/methods/activations/types/ReLU6.ts
Download https://jsr.io/@stsoftware/neat-ai/0.181.0/src/methods/activations/types/SELU.ts
Download https://jsr.io/@stsoftware/neat-ai/0.181.0/src/methods/activations/types/SINE.ts
Download https://jsr.io/@stsoftware/neat-ai/0.181.0/src/methods/activations/types/SOFTSIGN.ts
Download https://jsr.io/@stsoftware/neat-ai/0.181.0/src/methods/activations/types/STEP.ts
Download https://jsr.io/@stsoftware/neat-ai/0.181.0/src/methods/activations/types/Softplus.ts
Download https://jsr.io/@stsoftware/neat-ai/0.181.0/src/methods/activations/types/StdInverse.ts
Download https://jsr.io/@stsoftware/neat-ai/0.181.0/src/methods/activations/types/Swish.ts
Download https://jsr.io/@stsoftware/neat-ai/0.181.0/src/methods/activations/types/TAN.ts
Download https://jsr.io/@stsoftware/neat-ai/0.181.0/src/methods/activations/types/TANH.ts
Download https://jsr.io/@stsoftware/neat-ai/0.181.0/src/multithreading/workers/MockWorker.ts
Download https://jsr.io/@stsoftware/neat-ai/0.181.0/src/architecture/DeDuplicator.ts
Download https://jsr.io/@stsoftware/neat-ai/0.181.0/src/architecture/ElitismUtils.ts
Download https://jsr.io/@stsoftware/neat-ai/0.181.0/src/architecture/Fitness.ts
Download https://jsr.io/@stsoftware/neat-ai/0.181.0/src/blackbox/FineTune.ts
Download https://jsr.io/@stsoftware/neat-ai/0.181.0/src/blackbox/FineTunePopulation.ts
Download https://jsr.io/@stsoftware/neat-ai/0.181.0/src/breed/Breed.ts
Download https://jsr.io/@stsoftware/neat-ai/0.181.0/src/NEAT/Genus.ts
Download https://jsr.io/@stsoftware/neat-ai/0.181.0/src/NEAT/Mutator.ts
Download https://jsr.io/@stsoftware/neat-ai/0.181.0/src/optimize/Simplify.ts
Download https://jsr.io/@stsoftware/neat-ai/0.181.0/src/architecture/ErrorGuidedStructuralEvolution/DiscoverStructure.ts
Download https://jsr.io/@stsoftware/neat-ai/0.181.0/src/optimize/MakeNeuronActivation.ts
Download https://jsr.io/@stsoftware/neat-ai/0.181.0/src/propagate/sparse/CalculatePathsToOutput.ts
Download https://jsr.io/@stsoftware/neat-ai/0.181.0/src/propagate/sparse/ChooseNeurons.ts
Download https://jsr.io/@stsoftware/neat-ai/0.181.0/src/propagate/ActivationRange.ts
Download https://jsr.io/@stsoftware/neat-ai/0.181.0/src/propagate/ErrorHelper.ts
Download https://jsr.io/@stsoftware/neat-ai/0.181.0/src/methods/activations/AbstractActivationInterface.ts
Download https://jsr.io/@stsoftware/neat-ai/0.181.0/src/multithreading/workers/WorkerProcessor.ts
Download https://jsr.io/@stsoftware/neat-ai/0.181.0/src/NEAT/Species.ts
Download https://jsr.io/@stsoftware/neat-ai/0.181.0/src/NEAT/LogApproach.ts
Download https://jsr.io/@stsoftware/neat-ai/0.181.0/src/blackbox/RestoreSource.ts
Download https://jsr.io/@stsoftware/neat-ai/0.181.0/src/blackbox/Retry.ts
Download https://jsr.io/@stsoftware/neat-ai/0.181.0/src/architecture/Offspring.ts
Download https://jsr.io/@stsoftware/neat-ai/0.181.0/src/blackbox/Discover.ts
Download https://jsr.io/@stsoftware/neat-ai/0.181.0/src/breed/Father.ts
Download https://jsr.io/@stsoftware/neat-ai/0.181.0/src/blackbox/MemeticUpdate.ts
Download https://jsr.io/@stsoftware/neat-ai/0.181.0/src/mutate/AddNeuron.ts
Download https://jsr.io/@stsoftware/neat-ai/0.181.0/src/mutate/SubNeuron.ts
Download https://jsr.io/@stsoftware/neat-ai/0.181.0/src/mutate/SubConnection.ts
Download https://jsr.io/@stsoftware/neat-ai/0.181.0/src/mutate/ModWeight.ts
Download https://jsr.io/@stsoftware/neat-ai/0.181.0/src/mutate/ModBias.ts
Download https://jsr.io/@stsoftware/neat-ai/0.181.0/src/mutate/ModSquash.ts
Download https://jsr.io/@stsoftware/neat-ai/0.181.0/src/mutate/AddSelfCon.ts
Download https://jsr.io/@stsoftware/neat-ai/0.181.0/src/mutate/SubSelfCon.ts
Download https://jsr.io/@stsoftware/neat-ai/0.181.0/src/mutate/AddBackCon.ts
Download https://jsr.io/@stsoftware/neat-ai/0.181.0/src/mutate/SubBackCon.ts
Download https://jsr.io/@stsoftware/neat-ai/0.181.0/src/mutate/SwapNeurons.ts
Download https://jsr.io/@stsoftware/neat-ai/0.181.0/src/architecture/ErrorGuidedStructuralEvolution/DiscoverDirectory.ts
Download https://jsr.io/@stsoftware/neat-ai/0.181.0/src/breed/EditParentByIndex.ts
Download https://jsr.io/@stsoftware/neat-ai/0.181.0/src/breed/GeneticCompatibility.ts
Download https://jsr.io/@std/path/1.1.1/join.ts
Download https://jsr.io/@std/path/1.1.1/dirname.ts
Download https://jsr.io/@std/path/1.1.1/resolve.ts
Download https://jsr.io/@std/internal/1.0.10/os.ts
Download https://jsr.io/@std/path/1.1.1/glob_to_regexp.ts
Download https://jsr.io/@std/path/1.1.1/join_globs.ts
Download https://jsr.io/@std/path/1.1.1/is_glob.ts
Download https://jsr.io/@std/path/1.1.1/is_absolute.ts
Download https://jsr.io/@std/path/1.1.1/constants.ts
Download https://jsr.io/@std/path/1.1.1/basename.ts
Download https://jsr.io/@std/internal/1.0.10/format.ts
Download https://jsr.io/@std/internal/1.0.10/build_message.ts
Download https://jsr.io/@std/internal/1.0.10/diff.ts
Download https://jsr.io/@std/internal/1.0.10/diff_str.ts
Download https://jsr.io/@std/internal/1.0.10/styles.ts
Download https://jsr.io/@std/streams/1.0.10/text_delimiter_stream.ts
Download https://jsr.io/@std/path/1.1.1/from_file_url.ts
Download https://jsr.io/@std/path/1.1.1/normalize.ts
Download https://jsr.io/@std/bytes/1.0.6/mod.ts
Download https://jsr.io/@std/crypto/1.0.5/mod.ts
Download https://jsr.io/@std/path/1.1.1/posix/join.ts
Download https://jsr.io/@std/path/1.1.1/windows/join.ts
Download https://jsr.io/@std/path/1.1.1/posix/dirname.ts
Download https://jsr.io/@std/path/1.1.1/windows/dirname.ts
Download https://jsr.io/@std/path/1.1.1/posix/resolve.ts
Download https://jsr.io/@std/path/1.1.1/windows/resolve.ts
Download https://jsr.io/@std/internal/1.0.10/_os.ts
Download https://jsr.io/@std/path/1.1.1/posix/glob_to_regexp.ts
Download https://jsr.io/@std/path/1.1.1/windows/glob_to_regexp.ts
Download https://jsr.io/@std/path/1.1.1/posix/join_globs.ts
Download https://jsr.io/@std/path/1.1.1/windows/join_globs.ts
Download https://jsr.io/@std/path/1.1.1/posix/is_absolute.ts
Download https://jsr.io/@std/path/1.1.1/windows/is_absolute.ts
Download https://jsr.io/@std/path/1.1.1/posix/basename.ts
Download https://jsr.io/@std/path/1.1.1/windows/basename.ts
Download https://jsr.io/@std/streams/1.0.10/_common.ts
Download https://jsr.io/@std/path/1.1.1/posix/from_file_url.ts
Download https://jsr.io/@std/path/1.1.1/windows/from_file_url.ts
Download https://jsr.io/@std/path/1.1.1/posix/normalize.ts
Download https://jsr.io/@std/path/1.1.1/windows/normalize.ts
Download https://jsr.io/@std/bytes/1.0.6/concat.ts
Download https://jsr.io/@std/bytes/1.0.6/copy.ts
Download https://jsr.io/@std/bytes/1.0.6/ends_with.ts
Download https://jsr.io/@std/bytes/1.0.6/equals.ts
Download https://jsr.io/@std/bytes/1.0.6/includes_needle.ts
Download https://jsr.io/@std/bytes/1.0.6/index_of_needle.ts
Download https://jsr.io/@std/bytes/1.0.6/last_index_of_needle.ts
Download https://jsr.io/@std/bytes/1.0.6/repeat.ts
Download https://jsr.io/@std/bytes/1.0.6/starts_with.ts
Download https://jsr.io/@std/crypto/1.0.5/crypto.ts
Download https://jsr.io/@std/crypto/1.0.5/timing_safe_equal.ts
Download https://jsr.io/@std/path/1.1.1/_common/assert_path.ts
Download https://jsr.io/@std/path/1.1.1/windows/_util.ts
Download https://jsr.io/@std/path/1.1.1/_common/dirname.ts
Download https://jsr.io/@std/path/1.1.1/_common/strip_trailing_separators.ts
Download https://jsr.io/@std/path/1.1.1/posix/_util.ts
Download https://jsr.io/@std/path/1.1.1/_common/constants.ts
Download https://jsr.io/@std/path/1.1.1/_common/normalize_string.ts
Download https://jsr.io/@std/path/1.1.1/_common/glob_to_reg_exp.ts
Download https://jsr.io/@std/path/1.1.1/posix/constants.ts
Download https://jsr.io/@std/path/1.1.1/posix/normalize_glob.ts
Download https://jsr.io/@std/path/1.1.1/windows/constants.ts
Download https://jsr.io/@std/path/1.1.1/windows/normalize_glob.ts
Download https://jsr.io/@std/path/1.1.1/_common/basename.ts
Download https://jsr.io/@std/path/1.1.1/_common/from_file_url.ts
Download https://jsr.io/@std/path/1.1.1/_common/normalize.ts
Download https://jsr.io/@std/crypto/1.0.5/_wasm/mod.ts
Download https://jsr.io/@std/crypto/1.0.5/_wasm/lib/deno_std_wasm_crypto.mjs
Download https://jsr.io/@std/crypto/1.0.5/_wasm/lib/deno_std_wasm_crypto.internal.mjs
GERMANY , score: 0.9042419816373247
process (poor score) GERMANY , score: 0.9042419816373247 lvl: 2
loaded ../GRQ-portfolio/best/location/v1/GERMANY.json
8 mutations, mutation rate 5.8%, elitism 7, mutation ALL, selection TOURNAMENT
Creature count: 50
Download https://jsr.io/@stsoftware/neat-ai/0.181.0/src/multithreading/workers/deno/worker.ts
Culling duplicate creature at 1 of 51
DeDuplication of 1 creatures to 50 in 156ms (previous experiment )
Discovery 6eda3bc5 scheduled
Training 6eda3bc5 scheduled
Training 6eda3bc5 with 1 binary file, target error: 0.05, iterations: 1, sample rate: 100%, sparse: 100%
Discovery 6eda3bc5 with 1 binary files, sample rate: 100%, batch size: 512
Discovery 6eda3bc5 initialize time 106ms
Discovery 6eda3bc5 processing .trainData-location_88/GERMANY/data.bin
Discovery 6eda3bc5 read time 8ms for .trainData-location_88/GERMANY/data.bin with 4613 records
Discovery 6eda3bc5 scanning time 11s 29ms
Discovery 6eda3bc5 recorded time 12s 122ms
Training 4e5037c8 scheduled
Training 4e5037c8 with 1 binary file, target error: 0.05, iterations: 1, sample rate: 100%, sparse: 100%
Training 6eda3bc5 completed after 15s 753ms
Training 6eda3bc5 compacted
Compact 6eda3bc5 Score: 0.9006574005720518, Error: 0.095700101362766 -> 0.09928484242803876, 👿 -0.00358
Fine 6eda3bc5 Score: 0.8998845824737093, Error: 0.095700101362766 -> 0.10005750052638498, 👿 -0.00436, Variant: overshot
Fine 6eda3bc5 Score: 0.8981148746257769, Error: 0.095700101362766 -> 0.10182720837484761, 👿 -0.00613, Variant: undershot
Trained 6eda3bc5 Score: 0.8978295929744401, Error: 0.095700101362766 -> 0.1021124900266471, 👿 -0.00641
Discovered beneficial synapse from cf4d6209-3723-48ed-869d-1a1d8c4afdff to bf251087-c021-497e-8cd5-b952d9a890f6 with weight 1.0000, helping 48.1% more records than it harms (2817/4613)
Discovery 6eda3bc5 analyze time 21s 5ms found 1 candidates
Discovered harmful synapse from input-1394 to bf251087-c021-497e-8cd5-b952d9a890f6, harming 46.3% more records than it helps (639/4613)
Discovery 6eda3bc5 analyze harmful time 2s 821ms found 1 candidates
Discovery 6eda3bc5 analyze squashes time 2s 865ms found 1 candidate, Summary: bf251087-c021-497e-8cd5-b952d9a890f6 ABSOLUTE -> SQRT improved: 100.0% error: 2.3376578323317693e+28 -> 1.4932776572645676e+23
Training 47ad1e7d scheduled
Training 47ad1e7d with 1 binary file, target error: 0.05, iterations: 1, sample rate: 100%, sparse: 100%
Training 4e5037c8 completed after 16s 39ms
Training 4e5037c8 compacted
Trained 4e5037c8 Score: 0.9037477125035062, Error: 0.095700101362766 -> 0.09619439049758047, 👿 -0.000494
Fine 4e5037c8 Score: 0.9036258441471031, Error: 0.095700101362766 -> 0.09631623885298408, 👿 -0.000616, Variant: overshot
Fine 4e5037c8 Score: 0.9033704574802187, Error: 0.095700101362766 -> 0.09657162551986599, 👿 -0.000872, Variant: undershot
Compact 4e5037c8 Score: 0.9001954613373933, Error: 0.095700101362766 -> 0.0997467816626974, 👿 -0.00405
Discovery f82e5346 scheduled
Discovery f82e5346 with 1 binary files, sample rate: 100%, batch size: 512
Discovery f82e5346 initialize time 104ms
Discovery f82e5346 processing .trainData-location_88/GERMANY/data.bin
Fine tuning increased fitness by 2.7013019598953747e-9 to 0.9042419843386267 adjusted 9 weights, 1 bias 
Training 7699de72 scheduled
Training 7699de72 with 1 binary file, target error: 0.05, iterations: 1, sample rate: 100%, sparse: 100%
Fine tuning increased fitness by 4.510117390665869e-9 to 0.9042419888487441 adjusted 9 weights, 1 bias 
Discovery f82e5346 read time 4ms for .trainData-location_88/GERMANY/data.bin with 4613 records
Discovery f82e5346 scanning time 10s 658ms
Discovery f82e5346 recorded time 11s 931ms
Training 47ad1e7d completed after 15s 643ms
Training 47ad1e7d compacted
Compact 47ad1e7d Score: 0.9017386657982824, Error: 0.095700101362766 -> 0.09820357720180813, 👿 -0.00250
Fine 47ad1e7d Score: 0.7997687837165451, Error: 0.095700101362766 -> 0.2001732992835436, 👿 -0.104, Variant: overshot
Trained 47ad1e7d Score: 0.790685142145906, Error: 0.095700101362766 -> 0.20925694085518115, 👿 -0.114
Fine 47ad1e7d Score: 0.7225781315486146, Error: 0.095700101362766 -> 0.27736395145147086, 👿 -0.182, Variant: undershot
Fine tuning increased fitness by 7.762198772631734e-9 to 0.9042419966109428 adjusted 9 weights, 1 bias 
Training 857d9ac5 scheduled
Training 857d9ac5 with 1 binary file, target error: 0.05, iterations: 1, sample rate: 100%, sparse: 100%
Fine tuning increased fitness by 1.4468749198748299e-8 to 0.904242011079692 adjusted 9 weights, 1 bias 
Training 7699de72 completed after 14s 786ms
Training 7699de72 compacted
Fine 7699de72 Score: 0.903307331498437, Error: 0.09570009415134663 -> 0.09663475150164955, 👿 -0.000935, Variant: overshot
Fine 7699de72 Score: 0.9019149549545201, Error: 0.09570009415134663 -> 0.09802712804556313, 👿 -0.00233, Variant: undershot
Compact 7699de72 Score: 0.900549610045932, Error: 0.09570009415134663 -> 0.09939263295415857, 👿 -0.00369
Trained 7699de72 Score: 0.8987437706660281, Error: 0.09570009415134663 -> 0.10119832233505892, 👿 -0.00550
Fine tuning increased fitness by 4.048257429278834e-8 to 0.9042420515622663 adjusted 9 weights, 1 bias 
Generation 10 score 0.9042420515622663 (avg: 0.9007) error 0.09570003143782432 avg time 10s 804ms
Discovered beneficial synapse from cf4d6209-3723-48ed-869d-1a1d8c4afdff to bf251087-c021-497e-8cd5-b952d9a890f6 with weight 1.0000, helping 48.1% more records than it harms (2817/4613)
Discovery f82e5346 analyze time 40s 338ms found 1 candidates
Training ba2036bf scheduled
Training ba2036bf with 1 binary file, target error: 0.05, iterations: 1, sample rate: 100%, sparse: 100%
Discovered harmful synapse from input-1394 to bf251087-c021-497e-8cd5-b952d9a890f6, harming 46.3% more records than it helps (639/4613)
Discovery f82e5346 analyze harmful time 3s 452ms found 1 candidates
Fine tuning increased fitness by 6.766142035541378e-8 to 0.9042421192236867 adjusted 9 weights, 1 bias 
Discovery f82e5346 analyze squashes time 2s 704ms found 1 candidate, Summary: bf251087-c021-497e-8cd5-b952d9a890f6 ABSOLUTE -> SQRT improved: 100.0% error: 2.3376578323317693e+28 -> 1.4932776572645676e+23
Training 857d9ac5 completed after 15s 703ms
Training 857d9ac5 compacted
Compact 857d9ac5 Score: 0.902009473190367, Error: 0.0957000719203986 -> 0.09793276980972367, 👿 -0.00223
Fine 857d9ac5 Score: 0.8658835695468284, Error: 0.0957000719203986 -> 0.1340585134532651, 👿 -0.0384, Variant: overshot
Trained 857d9ac5 Score: 0.7938701063429703, Error: 0.0957000719203986 -> 0.2060719866581166, 👿 -0.110
Fine 857d9ac5 Score: 0.7471065718887531, Error: 0.0957000719203986 -> 0.252835511111331, 👿 -0.157, Variant: undershot
Discovery 9caecd12 scheduled
Discovery 9caecd12 with 1 binary files, sample rate: 100%, batch size: 512
Discovery 9caecd12 initialize time 102ms
Discovery 9caecd12 processing .trainData-location_88/GERMANY/data.bin
Fine tuning increased fitness by 1.1703762226034087e-7 to 0.904242236261309 adjusted 9 weights, 1 bias 
Discovery 9caecd12 read time 3ms for .trainData-location_88/GERMANY/data.bin with 4613 records
Discovery 9caecd12 scanning time 10s 650ms
Training 0851b7ed scheduled
Training 0851b7ed with 1 binary file, target error: 0.05, iterations: 1, sample rate: 100%, sparse: 100%
Discovery 9caecd12 recorded time 12s 150ms
Fine tuning increased fitness by 2.393962039715092e-7 to 0.9042424756575129 adjusted 9 weights, 1 bias 
Training ba2036bf completed after 14s 788ms
Training ba2036bf compacted
Trained ba2036bf Score: 0.9037534084725607, Error: 0.09569996377640401 -> 0.09618868452852622, 👿 -0.000489
Fine ba2036bf Score: 0.9036960222274321, Error: 0.09569996377640401 -> 0.09624606077265394, 👿 -0.000546, Variant: undershot
Fine ba2036bf Score: 0.9035586726928051, Error: 0.09569996377640401 -> 0.09638341030728147, 👿 -0.000683, Variant: overshot
Compact ba2036bf Score: 0.9001954165946799, Error: 0.09569996377640401 -> 0.09974682640541065, 👿 -0.00405
Fine tuning increased fitness by 9.721374993887366e-8 to 0.9042425728712629 adjusted 9 weights, 1 bias 
Discovered beneficial synapse from cf4d6209-3723-48ed-869d-1a1d8c4afdff to bf251087-c021-497e-8cd5-b952d9a890f6 with weight 1.0000, helping 48.1% more records than it harms (2817/4613)
Discovery 9caecd12 analyze time 22s 379ms found 1 candidates
Training a998d32d scheduled
Training a998d32d with 1 binary file, target error: 0.05, iterations: 1, sample rate: 100%, sparse: 100%
Fine tuning increased fitness by 1.7988671074942175e-7 to 0.9042427527579736 adjusted 9 weights, 1 bias 
Discovered harmful synapse from input-1394 to bf251087-c021-497e-8cd5-b952d9a890f6, harming 46.3% more records than it helps (639/4613)
Discovery 9caecd12 analyze harmful time 3s 50ms found 1 candidates
Discovery 9caecd12 analyze squashes time 2s 742ms found 1 candidate, Summary: bf251087-c021-497e-8cd5-b952d9a890f6 ABSOLUTE -> SQRT improved: 100.0% error: 2.3376578323317693e+28 -> 1.4932776572645676e+23
Training 0851b7ed completed after 15s 778ms
Training 0851b7ed compacted
Compact 0851b7ed Score: 0.9015626615122145, Error: 0.0956996073425778 -> 0.09837958148787601, 👿 -0.00268
Fine 0851b7ed Score: 0.899786031198206, Error: 0.0956996073425778 -> 0.10015605180188732, 👿 -0.00446, Variant: overshot
Fine 0851b7ed Score: 0.8932907457606867, Error: 0.0956996073425778 -> 0.10665133723940805, 👿 -0.0110, Variant: undershot
Trained 0851b7ed Score: 0.8919095013285094, Error: 0.0956996073425778 -> 0.10803258167257779, 👿 -0.0123
Discovery d4fb6649 scheduled
Discovery d4fb6649 with 1 binary files, sample rate: 100%, batch size: 512
Discovery d4fb6649 initialize time 97ms
Discovery d4fb6649 processing .trainData-location_88/GERMANY/data.bin
Fine tuning increased fitness by 3.5325632208316193e-7 to 0.9042431060142957 adjusted 9 weights, 1 bias 
Discovery d4fb6649 read time 6ms for .trainData-location_88/GERMANY/data.bin with 4613 records
Discovery d4fb6649 scanning time 10s 110ms
Discovery d4fb6649 recorded time 11s 901ms
Training 66973de7 scheduled
Training 66973de7 with 1 binary file, target error: 0.05, iterations: 1, sample rate: 100%, sparse: 100%
Fine tuning increased fitness by 6.239774040794899e-7 to 0.9042437299916998 adjusted 9 weights, 1 bias 
Training a998d32d completed after 15s 154ms
Training a998d32d compacted
Compact a998d32d Score: 0.9009601384322619, Error: 0.09569933024211712 -> 0.09898210456782879, 👿 -0.00328
Fine a998d32d Score: 0.8755410243849339, Error: 0.09569933024211712 -> 0.12440105861515707, 👿 -0.0287, Variant: overshot
Fine a998d32d Score: 0.8496331621978774, Error: 0.09569933024211712 -> 0.15030892080220618, 👿 -0.0546, Variant: undershot
Trained a998d32d Score: 0.8436126196425427, Error: 0.09569933024211712 -> 0.15632947335854416, 👿 -0.0606
Fine tuning increased fitness by 7.746187269397353e-7 to 0.9042445046104267 adjusted 9 weights, 1 bias 
Training 1d21d19b scheduled
Training 1d21d19b with 1 binary file, target error: 0.05, iterations: 1, sample rate: 100%, sparse: 100%
Fine tuning increased fitness by 0.0000011277223931349667 to 0.9042456323328198 adjusted 9 weights, 1 bias 
Training 66973de7 completed after 15s 350ms
Training 66973de7 compacted
Compact 66973de7 Score: 0.9010061519537056, Error: 0.09569835300839095 -> 0.09893609104638504, 👿 -0.00324
Fine 66973de7 Score: 0.8611385191145604, Error: 0.09569835300839095 -> 0.13880356388553058, 👿 -0.0431, Variant: overshot
Trained 66973de7 Score: 0.8444375980217231, Error: 0.09569835300839095 -> 0.15550448497936403, 👿 -0.0598
Fine 66973de7 Score: 0.8440351969304193, Error: 0.09569835300839095 -> 0.15590688606967446, 👿 -0.0602, Variant: undershot
Fine tuning increased fitness by 0.0000018571337627726336 to 0.9042474894665826 adjusted 9 weights, 1 bias 
Generation 20 score 0.9042474894665826 (avg: 0.8997) error 0.0956945935335081 avg time 11s 428ms
Discovered beneficial synapse from cf4d6209-3723-48ed-869d-1a1d8c4afdff to bf251087-c021-497e-8cd5-b952d9a890f6 with weight 1.0000, helping 48.1% more records than it harms (2817/4613)
Discovery d4fb6649 analyze time 42s 506ms found 1 candidates
Discovered harmful synapse from input-1394 to bf251087-c021-497e-8cd5-b952d9a890f6, harming 46.3% more records than it helps (639/4613)
Discovery d4fb6649 analyze harmful time 3s 392ms found 1 candidates
Fine tuning increased fitness by 0.000001440919640049998 to 0.9042489303862227 adjusted 9 weights, 1 bias 
Discovery d4fb6649 analyze squashes time 2s 936ms found 2 candidates, Summary: bf251087-c021-497e-8cd5-b952d9a890f6 ABSOLUTE -> SQRT improved: 100.0% error: 2.3376578323317693e+28 -> 1.4932776572645676e+23,92f720e5-72ae-4008-89df-177d5b4e537b Cosine -> COMPLEMENT improved: 65.7% error: 1.632013407308386e+25 -> 5.603332317426119e+24
Training 1d21d19b completed after 15s 575ms
Training 1d21d19b compacted
Compact 1d21d19b Score: 0.9005507221433775, Error: 0.0956964506672709 -> 0.09939152085671314, 👿 -0.00370
Fine 1d21d19b Score: 0.9003640659293622, Error: 0.0956964506672709 -> 0.0995780170707274, 👿 -0.00388, Variant: overshot
Fine 1d21d19b Score: 0.8992693331286543, Error: 0.0956964506672709 -> 0.1006727498714299, 👿 -0.00498, Variant: undershot
Trained 1d21d19b Score: 0.8988188562115617, Error: 0.0956964506672709 -> 0.10112323678952531, 👿 -0.00543
Fine tuning increased fitness by 0.000008137295168020309 to 0.9042570676813907 adjusted 9 weights, 1 bias 
Generation 22 score 0.9042570676813907 (avg: 0.8942) error 0.09568501531869998 avg time 2s 122ms
Waiting for additional generation
Fine tuning increased fitness by 0.000002719080003710239 to 0.9042597867613944 adjusted 9 weights, 1 bias 
Generation 23 score 0.9042597867613944 (avg: 0.8559) error 0.09568229623869633 avg time 1s 124ms
{
  error: 0.09568229623869633,
  score: 0.9042597867613944,
  generation: 23,
  time: 255158,
  startScore: 0.9042419816373247
}
MA , score: 0.9562684816396811
process (poor score) MA , score: 0.9562684816396811 lvl: 2
loaded ../GRQ-portfolio/best/location/v1/MA.json
2 mutations, mutation rate 5.0%, elitism 3, mutation ALL, selection TOURNAMENT
Creature count: 50
Culling duplicate creature at 1 of 51
DeDuplication of 1 creatures to 50 in 78ms (previous experiment )
Discovery 25839a47 scheduled
Training 25839a47 scheduled
Training 25839a47 with 1 binary file, target error: 0.05, iterations: 1, sample rate: 100%, sparse: 100%
Discovery 25839a47 with 1 binary files, sample rate: 100%, batch size: 512
Discovery 25839a47 initialize time 105ms
Discovery 25839a47 processing .trainData-location_88/MA/data.bin
Discovery 25839a47 read time 2ms for .trainData-location_88/MA/data.bin with 4613 records
Discovery 25839a47 scanning time 2s 575ms
Generation 1 score 0.9562684816396811 (avg: 0.6760) error 0.043704491360404815 avg time 705ms
Set training/discovery clean up count to 2
Waiting for discovery to complete
Discovery 25839a47 recorded time 4s 31ms
Fine tuning increased fitness by 0.000008166448198121401 to 0.9562766480878793 adjusted 1 weight 
Training 25839a47 completed after 3s 976ms
Training 25839a47 compacted
Generation 2 score 0.9562766480878793 (avg: -38.5835) error 0.043696324912206604 avg time 395ms
Waiting for discovery to complete
Trained 25839a47 Score: 0.9562682672256227, Error: 0.043704491360404815 -> 0.04370470577446316, 👿 -2.14e-7
Compact 25839a47 Score: 0.9561883873820968, Error: 0.043704491360404815 -> 0.043784775617989144, 👿 -0.0000803
Fine tuning increased fitness by 0.000003608725776760302 to 0.956280256813656 adjusted 1 weight 
Generation 3 score 0.956280256813656 (avg: -2.0274) error 0.04369271618642992 avg time 284ms
Waiting for discovery to complete
Generation 4 score 0.956280256813656 (avg: 0.9086) error 0.04369271618642992 avg time 257ms
Waiting for discovery to complete
Generation 5 score 0.956280256813656 (avg: 0.9563) error 0.04369271618642992 avg time 239ms
Waiting for discovery to complete
Generation 6 score 0.956280256813656 (avg: 0.9563) error 0.04369271618642992 avg time 255ms
Waiting for discovery to complete
Generation 7 score 0.956280256813656 (avg: 0.9563) error 0.04369271618642992 avg time 237ms
Waiting for discovery to complete
Generation 8 score 0.956280256813656 (avg: 0.9563) error 0.04369271618642992 avg time 255ms
Waiting for discovery to complete
Fine tuning increased fitness by 1.3730803161138283e-9 to 0.9562802581867363 adjusted 1 weight 
Generation 9 score 0.9562802581867363 (avg: 0.9563) error 0.04369271481334962 avg time 240ms
Waiting for discovery to complete
Fine tuning increased fitness by 9.409328871612388e-10 to 0.9562802591276692 adjusted 1 weight 
Generation 10 score 0.9562802591276692 (avg: 0.9563) error 0.04369271387241666 avg time 263ms
Waiting for discovery to complete
Fine tuning increased fitness by 6.507509153763635e-8 to 0.9562803242027608 adjusted 1 weight 
Discovered beneficial synapse from input-1013 to 7bd76e94-5a17-4b35-94c2-6a21f618a827 with weight -1.0000, helping 16.4% more records than it harms (2595/4613)
Discovery 25839a47 analyze time 26s 127ms found 1 candidates
Discovered harmful synapse from input-1537 to c0f1703b-3f95-45c9-9ed0-4468710ae177, harming 30.2% more records than it helps (937/4613)
Discovery 25839a47 analyze harmful time 1s 59ms found 1 candidates
Generation 11 score 0.9562803242027608 (avg: 0.9563) error 0.043692638797325205 avg time 458ms
Waiting for discovery to complete
Discovery 25839a47 analyze squashes time 1s 621ms found 0 candidates
Fine tuning increased fitness by 1.488901418822408e-7 to 0.9562804730929026 adjusted 1 weight 
Generation 12 score 0.9562804730929026 (avg: 0.9559) error 0.04369248990718328 avg time 304ms
Waiting for discovery to complete
Fine tuning increased fitness by 3.4530752357486705e-7 to 0.9562808184004262 adjusted 1 weight 
Generation 13 score 0.9562808184004262 (avg: 0.9563) error 0.043692144599659796 avg time 200ms
Waiting for training/discovery clean up 2
Fine tuning increased fitness by 6.54939160904533e-7 to 0.9562814733395871 adjusted 1 weight 
Generation 14 score 0.9562814733395871 (avg: 0.9563) error 0.04369148966049887 avg time 297ms
Waiting for training/discovery clean up 1
Fine tuning increased fitness by 0.000001795816954364149 to 0.9562832691565415 adjusted 1 weight 
Generation 15 score 0.9562832691565415 (avg: 0.9563) error 0.04368969384354453 avg time 189ms
{
  error: 0.04368969384354453,
  score: 0.9562832691565415,
  generation: 15,
  time: 46003,
  startScore: 0.9562684816396811
}
ISRAEL , score: 0.9470360546831
process (poor score) ISRAEL , score: 0.9470360546831 lvl: 2
loaded ../GRQ-portfolio/best/location/v1/ISRAEL.json
3 mutations, mutation rate 5.0%, elitism 8, mutation ALL, selection POWER
Creature count: 50
Culling duplicate creature at 1 of 51
DeDuplication of 1 creatures to 50 in 91ms (previous experiment )
Discovery 477cbb91 scheduled
Training 477cbb91 scheduled
Training 477cbb91 with 1 binary file, target error: 0.05, iterations: 1, sample rate: 100%, sparse: 100%
Discovery 477cbb91 with 1 binary files, sample rate: 100%, batch size: 512
Discovery 477cbb91 initialize time 104ms
Discovery 477cbb91 processing .trainData-location_88/ISRAEL/data.bin
Discovery 477cbb91 read time 6ms for .trainData-location_88/ISRAEL/data.bin with 4613 records
Discovery 477cbb91 scanning time 5s 318ms
Discovery 477cbb91 recorded time 6s 955ms
Fine tuning increased fitness by 2.1328494526073882e-12 to 0.9470360546852329 adjusted 1 weight 
Training 1547f257 scheduled
Training 1547f257 with 1 binary file, target error: 0.05, iterations: 1, sample rate: 100%, sparse: 100%
Training 477cbb91 completed after 7s 436ms
Training 477cbb91 compacted
Compact 477cbb91 Score: 0.9469911231132626, Error: 0.05291743631822658 -> 0.052962487888062945, 👿 -0.0000451
Trained 477cbb91 Score: 0.9467746326879597, Error: 0.05291743631822658 -> 0.053178858313366904, 👿 -0.000261
Discovered beneficial synapse from 19b7552c-d53b-4496-8b15-d6f1af22745f to 4ef1164d-7183-4cad-9d98-a38898aae034 with weight 1.0000, helping 29.5% more records than it harms (2972/4613)
Discovery 477cbb91 analyze time 21s 357ms found 1 candidates
Discovered harmful synapse from input-1012 to 4ef1164d-7183-4cad-9d98-a38898aae034, harming 15.6% more records than it helps (1933/4613)
Discovery 477cbb91 analyze harmful time 2s 316ms found 1 candidates
Training f202f284 scheduled
Training f202f284 with 1 binary file, target error: 0.05, iterations: 1, sample rate: 100%, sparse: 100%
Discovery 477cbb91 analyze squashes time 2s 39ms found 0 candidates
Training 1547f257 completed after 7s 908ms
Training 1547f257 compacted
Compact 1547f257 Score: 0.9438837739866662, Error: 0.05291743631609369 -> 0.05606986701465807, 👿 -0.00315
Fine 1547f257 Score: 0.9258734918873693, Error: 0.05291743631609369 -> 0.07407999911395724, 👿 -0.0212, Variant: overshot
Fine 1547f257 Score: 0.9061366490985759, Error: 0.05291743631609369 -> 0.09381684190275061, 👿 -0.0409, Variant: undershot
Trained 1547f257 Score: 0.8773398427713011, Error: 0.05291743631609369 -> 0.12261364823002562, 👿 -0.0697
Discovery 4ba8d8b8 scheduled
Training 4ba8d8b8 scheduled
Training 4ba8d8b8 with 1 binary file, target error: 0.05, iterations: 1, sample rate: 100%, sparse: 100%
Discovery 4ba8d8b8 with 1 binary files, sample rate: 100%, batch size: 512
Discovery 4ba8d8b8 initialize time 104ms
Discovery 4ba8d8b8 processing .trainData-location_88/ISRAEL/data.bin
Fine tuning increased fitness by 1.298364870061519e-7 to 0.9470361845217199 adjusted 1 weight 
Training f202f284 completed after 7s 708ms
Training f202f284 compacted
Discovery 4ba8d8b8 read time 8ms for .trainData-location_88/ISRAEL/data.bin with 4613 records
Discovery 4ba8d8b8 scanning time 5s 137ms
Discovery 4ba8d8b8 recorded time 6s 887ms
Compact f202f284 Score: 0.9441863978535672, Error: 0.05291743631609369 -> 0.055767243147757106, 👿 -0.00285
Trained f202f284 Score: 0.8305430077988722, Error: 0.05291743631609369 -> 0.16941048320245428, 👿 -0.116
Training 88703b3b scheduled
Training 88703b3b with 1 binary file, target error: 0.05, iterations: 1, sample rate: 100%, sparse: 100%
Fine tuning increased fitness by 2.058897560219819e-7 to 0.9470363904114759 adjusted 1 weight 
Training 4ba8d8b8 completed after 8s 106ms
Training 4ba8d8b8 compacted
Compact 4ba8d8b8 Score: 0.9438776732782395, Error: 0.05291729647960711 -> 0.05607595772308528, 👿 -0.00316
Trained 4ba8d8b8 Score: 0.9082358677473304, Error: 0.05291729647960711 -> 0.09171761325399656, 👿 -0.0388
Fine tuning increased fitness by 4.4688782785407e-7 to 0.9470368372993038 adjusted 1 weight 
Training d4791652 scheduled
Training d4791652 with 1 binary file, target error: 0.05, iterations: 1, sample rate: 100%, sparse: 100%
Discovered beneficial synapse from 19b7552c-d53b-4496-8b15-d6f1af22745f to 4ef1164d-7183-4cad-9d98-a38898aae034 with weight 1.0000, helping 29.5% more records than it harms (2972/4613)
Discovery 4ba8d8b8 analyze time 13s 404ms found 1 candidates
Fine tuning increased fitness by 1.1304823444024947e-7 to 0.9470369503475382 adjusted 1 weight 
Discovered harmful synapse from input-1012 to 4ef1164d-7183-4cad-9d98-a38898aae034, harming 15.6% more records than it helps (1933/4613)
Discovery 4ba8d8b8 analyze harmful time 2s 224ms found 1 candidates
Training 88703b3b completed after 6s 830ms
Training 88703b3b compacted
Discovery 4ba8d8b8 analyze squashes time 1s 907ms found 0 candidates
Compact 88703b3b Score: 0.9470115153435265, Error: 0.052917090589851 -> 0.0529420856577995, 👿 -0.0000250
Trained 88703b3b Score: 0.946853613531512, Error: 0.052917090589851 -> 0.053099867469814974, 👿 -0.000183
Discovery c19ebfe0 scheduled
Discovery c19ebfe0 with 1 binary files, sample rate: 100%, batch size: 512
Discovery c19ebfe0 initialize time 100ms
Discovery c19ebfe0 processing .trainData-location_88/ISRAEL/data.bin
Fine tuning increased fitness by 8.57285686883813e-10 to 0.9470369512048239 adjusted 1 weight 
Generation 10 score 0.9470369512048239 (avg: 0.9469) error 0.05291652979650312 avg time 7s 407ms
Discovery c19ebfe0 read time 2ms for .trainData-location_88/ISRAEL/data.bin with 4613 records
Discovery c19ebfe0 scanning time 5s 306ms
Training c19ebfe0 scheduled
Training c19ebfe0 with 1 binary file, target error: 0.05, iterations: 1, sample rate: 100%, sparse: 100%
Discovery c19ebfe0 recorded time 6s 647ms
Training d4791652 completed after 6s 976ms
Training d4791652 compacted
Compact d4791652 Score: 0.9470120523294365, Error: 0.05291653065378876 -> 0.05294154867188939, 👿 -0.0000250
Trained d4791652 Score: 0.9468544258931836, Error: 0.05291653065378876 -> 0.05309905510814342, 👿 -0.000183
Training 9a7412b5 scheduled
Training 9a7412b5 with 1 binary file, target error: 0.05, iterations: 1, sample rate: 100%, sparse: 100%
Fine tuning increased fitness by 1.3172896107249699e-10 to 0.9470369513365529 adjusted 1 weight 
Training c19ebfe0 completed after 7s 19ms
Training c19ebfe0 compacted
Compact c19ebfe0 Score: 0.9469840605898883, Error: 0.05291652979650312 -> 0.05296954041143759, 👿 -0.0000530
Trained c19ebfe0 Score: 0.9462049802344555, Error: 0.05291652979650312 -> 0.0537485007668714, 👿 -0.000832
Fine tuning increased fitness by 6.309142097649101e-11 to 0.9470369513996443 adjusted 1 weight 
Discovered beneficial synapse from 19b7552c-d53b-4496-8b15-d6f1af22745f to 4ef1164d-7183-4cad-9d98-a38898aae034 with weight 1.0000, helping 29.3% more records than it harms (2968/4613)
Discovery c19ebfe0 analyze time 21s 489ms found 1 candidates
Discovered harmful synapse from input-1012 to 4ef1164d-7183-4cad-9d98-a38898aae034, harming 15.3% more records than it helps (1939/4613)
Discovery c19ebfe0 analyze harmful time 2s 190ms found 1 candidates
Discovery c19ebfe0 analyze squashes time 2s 42ms found 0 candidates
Training c3c30ec0 scheduled
Training c3c30ec0 with 1 binary file, target error: 0.05, iterations: 1, sample rate: 100%, sparse: 100%
Training 9a7412b5 completed after 6s 924ms
Training 9a7412b5 compacted
Compact 9a7412b5 Score: 0.9441864526077358, Error: 0.05291652966477409 -> 0.05576717839358891, 👿 -0.00285
Trained 9a7412b5 Score: 0.9438133352614323, Error: 0.05291652966477409 -> 0.056140145739894676, 👿 -0.00322
Training 9651ab74 scheduled
Training 9651ab74 with 1 binary file, target error: 0.05, iterations: 1, sample rate: 100%, sparse: 100%
Training c3c30ec0 completed after 7s 613ms
Training c3c30ec0 compacted
Can't deDuplicate creature at 23 of 25
Trained c3c30ec0 Score: 0.9461405399727055, Error: 0.05291652960168275 -> 0.05381294102862147, 👿 -0.000896
Compact c3c30ec0 Score: 0.9441864557976987, Error: 0.05291652960168275 -> 0.05576717520362604, 👿 -0.00285
Training 7a0f3837 scheduled
Training 7a0f3837 with 1 binary file, target error: 0.05, iterations: 1, sample rate: 100%, sparse: 100%
Training 9651ab74 completed after 7s 103ms
Training 9651ab74 compacted
Compact 9651ab74 Score: 0.9441864561979241, Error: 0.05291652967762442 -> 0.055767174803400675, 👿 -0.00285
Trained 9651ab74 Score: 0.9345274926319994, Error: 0.05291652967762442 -> 0.06542598836932761, 👿 -0.0125
Training e8889077 scheduled
Training e8889077 with 1 binary file, target error: 0.05, iterations: 1, sample rate: 100%, sparse: 100%
Training 7a0f3837 completed after 6s 822ms
Training 7a0f3837 compacted
Generation 20 score 0.9470369513996443 (avg: 0.9470) error 0.05291652960168275 avg time 7s 59ms
Compact 7a0f3837 Score: 0.9469840613973325, Error: 0.05291652969405889 -> 0.052969539603993386, 👿 -0.0000530
Trained 7a0f3837 Score: 0.9462955285560604, Error: 0.05291652969405889 -> 0.053657952445266575, 👿 -0.000741
Training 582a8007 scheduled
Training 582a8007 with 1 binary file, target error: 0.05, iterations: 1, sample rate: 100%, sparse: 100%
Training e8889077 completed after 6s 702ms
Training e8889077 compacted
Compact e8889077 Score: 0.9470120542274051, Error: 0.052916529707348094 -> 0.05294154677392078, 👿 -0.0000250
Trained e8889077 Score: 0.9469792649901317, Error: 0.052916529707348094 -> 0.05297421601119527, 👿 -0.0000577
Training ef455fed scheduled
Training ef455fed with 1 binary file, target error: 0.05, iterations: 1, sample rate: 100%, sparse: 100%
Training 582a8007 completed after 6s 959ms
Training 582a8007 compacted
Compact 582a8007 Score: 0.9469919357578805, Error: 0.05291652973212961 -> 0.052961665243445366, 👿 -0.0000451
Trained 582a8007 Score: 0.9466491541754884, Error: 0.05291652973212961 -> 0.05330432682583854, 👿 -0.000388
Discovery e1e5094c scheduled
Discovery e1e5094c with 1 binary files, sample rate: 100%, batch size: 512
Discovery e1e5094c initialize time 104ms
Discovery e1e5094c processing .trainData-location_88/ISRAEL/data.bin
Fine tuning increased fitness by 9.217804297634302e-11 to 0.9470369514918223 adjusted 1 weight 
Discovery e1e5094c read time 7ms for .trainData-location_88/ISRAEL/data.bin with 4613 records
Discovery e1e5094c scanning time 5s 120ms
Discovery e1e5094c recorded time 6s 357ms
Training e1e5094c scheduled
Training e1e5094c with 1 binary file, target error: 0.05, iterations: 1, sample rate: 100%, sparse: 100%
Training ef455fed completed after 7s 867ms
Training ef455fed compacted
Compact ef455fed Score: 0.9441864515006911, Error: 0.052916529739765586 -> 0.05576717950063356, 👿 -0.00285
Trained ef455fed Score: 0.927366514589774, Error: 0.052916529739765586 -> 0.07258696641155296, 👿 -0.0197
Fine tuning increased fitness by 3.2675072647592174e-9 to 0.9470369547593296 adjusted 1 weight 
Training 1486a0cb scheduled
Training 1486a0cb with 1 binary file, target error: 0.05, iterations: 1, sample rate: 100%, sparse: 100%
Fine tuning increased fitness by 1.851079245440701e-8 to 0.947036973270122 adjusted 1 weight 
Discovered beneficial synapse from 19b7552c-d53b-4496-8b15-d6f1af22745f to 4ef1164d-7183-4cad-9d98-a38898aae034 with weight 1.0000, helping 29.3% more records than it harms (2968/4613)
Discovery e1e5094c analyze time 21s 404ms found 1 candidates
Training e1e5094c completed after 7s 57ms
Training e1e5094c compacted
Discovered harmful synapse from input-1012 to 4ef1164d-7183-4cad-9d98-a38898aae034, harming 15.3% more records than it helps (1939/4613)
Discovery e1e5094c analyze harmful time 2s 182ms found 1 candidates
Discovery e1e5094c analyze squashes time 1s 998ms found 0 candidates
Compact e1e5094c Score: 0.9469919362884489, Error: 0.05291652950950467 -> 0.052961664712876964, 👿 -0.0000451
Trained e1e5094c Score: 0.9467534179572179, Error: 0.05291652950950467 -> 0.05320006304410903, 👿 -0.000284
Discovery d53f623d scheduled
Training d53f623d scheduled
Training d53f623d with 1 binary file, target error: 0.05, iterations: 1, sample rate: 100%, sparse: 100%
Discovery d53f623d with 1 binary files, sample rate: 100%, batch size: 512
Discovery d53f623d initialize time 103ms
Discovery d53f623d processing .trainData-location_88/ISRAEL/data.bin
Fine tuning increased fitness by 5.443764006241025e-8 to 0.9470370277077621 adjusted 1 weight 
Training 1486a0cb completed after 7s 83ms
Training 1486a0cb compacted
Discovery d53f623d read time 4ms for .trainData-location_88/ISRAEL/data.bin with 4613 records
Discovery d53f623d scanning time 5s 60ms
Compact 1486a0cb Score: 0.9469840784203419, Error: 0.05291649773120536 -> 0.05296951258098439, 👿 -0.0000530
Trained 1486a0cb Score: 0.9462127315527074, Error: 0.05291649773120536 -> 0.05374073944862003, 👿 -0.000824
Discovery d53f623d recorded time 6s 668ms
Fine tuning increased fitness by 9.349115936974073e-8 to 0.9470371211989215 adjusted 1 weight 
Generation 30 score 0.9470371211989215 (avg: 0.9459) error 0.05291634980240595 avg time 6s 918ms
Fine tuning increased fitness by 1.4565189720983085e-7 to 0.9470372668508187 adjusted 1 weight 
Training d53f623d completed after 7s 785ms
Training d53f623d compacted
Compact d53f623d Score: 0.9441864120603023, Error: 0.05291644329356529 -> 0.05576720894102288, 👿 -0.00285
Trained d53f623d Score: 0.9167283660895563, Error: 0.05291644329356529 -> 0.08322510491177108, 👿 -0.0303
Discovered beneficial synapse from 19b7552c-d53b-4496-8b15-d6f1af22745f to 4ef1164d-7183-4cad-9d98-a38898aae034 with weight 1.0000, helping 29.3% more records than it harms (2968/4613)
Discovery d53f623d analyze time 21s 429ms found 1 candidates
Discovered harmful synapse from input-1012 to 4ef1164d-7183-4cad-9d98-a38898aae034, harming 15.3% more records than it helps (1939/4613)
Discovery d53f623d analyze harmful time 2s 185ms found 1 candidates
Discovery d53f623d analyze squashes time 1s 713ms found 0 candidates
Generation 34 score 0.9470443483053929 (avg: 0.9468) error 0.05290912269593424 avg time 2s 975ms
Waiting for additional generation
Fine tuning increased fitness by 0.00000233546618555458 to 0.9470466837715784 adjusted 1 weight, 1 bias 
Generation 35 score 0.9470466837715784 (avg: 0.9464) error 0.05290678722974883 avg time 749ms
{
  error: 0.05290678722974883,
  score: 0.9470466837715784,
  generation: 35,
  time: 251330,
  startScore: 0.9470360546831
}
NC , score: 0.9519126010679421
process (poor score) NC , score: 0.9519126010679421 lvl: 2
loaded ../GRQ-portfolio/best/location/v1/NC.json
3 mutations, mutation rate 5.0%, elitism 2, mutation ALL, selection POWER
Creature count: 50
Culling duplicate creature at 1 of 51
DeDuplication of 1 creatures to 50 in 240ms (previous experiment )
Discovery 6f2f38a3 scheduled
Training 6f2f38a3 scheduled
Training 6f2f38a3 with 1 binary file, target error: 0.05, iterations: 1, sample rate: 100%, sparse: 100%
Discovery 6f2f38a3 with 1 binary files, sample rate: 100%, batch size: 512
Discovery 6f2f38a3 initialize time 101ms
Discovery 6f2f38a3 processing .trainData-location_88/NC/data.bin
Generation 1 score 0.9519126010679421 (avg: -14710.5106) error 0.04805712493354352 avg time 711ms
Set training/discovery clean up count to 2
Waiting for discovery to complete
Discovery 6f2f38a3 read time 8ms for .trainData-location_88/NC/data.bin with 4613 records
Discovery 6f2f38a3 scanning time 3s 885ms
compactUnused hidden neuron e2cbf45d has no outward connections
Discovery 6f2f38a3 recorded time 5s 405ms
Training 6f2f38a3 completed after 5s 24ms
Training 6f2f38a3 compacted
Generation 2 score 0.9519199397538662 (avg: -15034.4400) error 0.04804978624761936 avg time 499ms
Waiting for discovery to complete
Compact 6f2f38a3 Score: 0.9470678045635088, Error: 0.04805712493354352 -> 0.052903044437995456, 👿 -0.00485
Trained 6f2f38a3 Score: 0.9403607927317171, Error: 0.04805712493354352 -> 0.059608933269768516, 👿 -0.0116
Generation 3 score 0.9519274506921899 (avg: 0.9406) error 0.04804227530929572 avg time 398ms
Waiting for discovery to complete
Discovered beneficial synapse from input-50 to 581a41bc-69b1-4217-860e-2026eddbc924 with weight -1.0000, helping 49.5% more records than it harms (2304/4613)
Discovery 6f2f38a3 analyze time 9s 697ms found 1 candidates
Generation 4 score 0.9519274506921899 (avg: 0.9519) error 0.04804227530929572 avg time 388ms
Waiting for discovery to complete
Discovered harmful synapse from input-29 to 581a41bc-69b1-4217-860e-2026eddbc924, harming 49.5% more records than it helps (20/4613)
Discovery 6f2f38a3 analyze harmful time 1s 283ms found 1 candidates
Discovery 6f2f38a3 analyze squashes time 1s 351ms found 0 candidates
Generation 5 score 0.9519281789404604 (avg: 0.9339) error 0.04804154706102364 avg time 432ms
Waiting for discovery to complete
Generation 6 score 0.9519292987561244 (avg: 0.9492) error 0.04804042724536124 avg time 444ms
Waiting for training/discovery clean up 2
Fine tuning increased fitness by 0.0000013470000921333991 to 0.9519306457562166 adjusted 44 weights 
Generation 7 score 0.9519306457562166 (avg: 0.9497) error 0.04803908024527159 avg time 381ms
Waiting for training/discovery clean up 1
Fine tuning increased fitness by 1.4114684598887095e-7 to 0.9519307869030625 adjusted 44 weights 
Generation 8 score 0.9519307869030625 (avg: 0.9519) error 0.048038939098423994 avg time 363ms
{
  error: 0.048038939098423994,
  score: 0.9519307869030625,
  generation: 8,
  time: 36541,
  startScore: 0.9519126010679421
}
MALAYSIA , score: 0.9504293680655825
process (poor score) MALAYSIA , score: 0.9504293680655825 lvl: 2
loaded ../GRQ-portfolio/best/location/v1/MALAYSIA.json
8 mutations, mutation rate 5.0%, elitism 5, mutation ALL, selection TOURNAMENT
Creature count: 50
Culling duplicate creature at 1 of 51
DeDuplication of 1 creatures to 50 in 348ms (previous experiment )
Discovery 0fe963c5 scheduled
Training 0fe963c5 scheduled
Training 0fe963c5 with 1 binary file, target error: 0.05, iterations: 1, sample rate: 100%, sparse: 100%
Discovery 0fe963c5 with 1 binary files, sample rate: 100%, batch size: 512
Discovery 0fe963c5 initialize time 99ms
Discovery 0fe963c5 processing .trainData-location_88/MALAYSIA/data.bin
Discovery 0fe963c5 read time 8ms for .trainData-location_88/MALAYSIA/data.bin with 4613 records
Discovery 0fe963c5 scanning time 2s 670ms
Generation 1 score 0.9504293680655825 (avg: 0.1076) error 0.04954808093673217 avg time 731ms
Set training/discovery clean up count to 2
Waiting for discovery to complete
Discovery 0fe963c5 recorded time 4s 1ms
Training 0fe963c5 completed after 2s 635ms
Training 0fe963c5 compacted
Generation 2 score 0.9504293680655825 (avg: -568.7235) error 0.04954808093673217 avg time 533ms
Waiting for discovery to complete
Compact 0fe963c5 Score: 0.9504281089377805, Error: 0.04954808093673217 -> 0.04954946006453021, 👿 -0.00000138
Trained 0fe963c5 Score: 0.9501691146379891, Error: 0.04954808093673217 -> 0.049808334364325524, 👿 -0.000260
Generation 3 score 0.9504293680655825 (avg: -881.4067) error 0.04954808093673217 avg time 359ms
Waiting for discovery to complete
Generation 4 score 0.9504293680655825 (avg: -1317.1829) error 0.04954808093673217 avg time 229ms
Waiting for discovery to complete
Discovered beneficial synapse from input-1090 to 61125667-f8d6-4bdc-9ffd-f9a8560eeb5f with weight -1.0000, helping 48.2% more records than it harms (2786/4613)
Discovery 0fe963c5 analyze time 11s 728ms found 1 candidates
Discovered harmful synapse from input-1085 to 61125667-f8d6-4bdc-9ffd-f9a8560eeb5f, harming 47.6% more records than it helps (575/4613)
Discovery 0fe963c5 analyze harmful time 1s 456ms found 1 candidates
Generation 5 score 0.9504293680655825 (avg: -89.8522) error 0.04954808093673217 avg time 321ms
Waiting for discovery to complete
Discovery 0fe963c5 analyze squashes time 1s 297ms found 0 candidates
Generation 6 score 0.9504293680655825 (avg: 0.9462) error 0.04954808093673217 avg time 320ms
Waiting for discovery to complete
Generation 7 score 0.9504293680655825 (avg: 0.9504) error 0.04954808093673217 avg time 308ms
Waiting for training/discovery clean up 2
Generation 8 score 0.9504293680655825 (avg: 0.9462) error 0.04954808093673217 avg time 194ms
Waiting for training/discovery clean up 1
Generation 9 score 0.9504293680655825 (avg: 0.9504) error 0.04954808093673217 avg time 199ms
{
  error: 0.04954808093673217,
  score: 0.9504293680655825,
  generation: 9,
  time: 32449,
  startScore: 0.9504293680655825
}
DC , score: 0.9499694698571772
process (poor score) DC , score: 0.9499694698571772 lvl: 2
loaded ../GRQ-portfolio/best/location/v1/DC.json
5 mutations, mutation rate 10.1%, elitism 2, mutation FFW, selection FITNESS_PROPORTIONATE
Creature count: 50
Culling duplicate creature at 1 of 51
DeDuplication of 1 creatures to 50 in 119ms (previous experiment )
Discovery 13683d17 scheduled
Training 13683d17 scheduled
Training 13683d17 with 1 binary file, target error: 0.05, iterations: 1, sample rate: 100%, sparse: 100%
Discovery 13683d17 with 1 binary files, sample rate: 100%, batch size: 512
Discovery 13683d17 initialize time 103ms
Discovery 13683d17 processing .trainData-location_88/DC/data.bin
Generation 1 score 0.9499694698571772 (avg: 0.6531) error 0.04999148014458869 avg time 862ms
Set training/discovery clean up count to 2
Waiting for discovery to complete
Discovery 13683d17 read time 8ms for .trainData-location_88/DC/data.bin with 4613 records
Discovery 13683d17 scanning time 5s 285ms
Discovery 13683d17 recorded time 6s 902ms
compactUnused hidden neuron 7240dcf3 has no outward connections
Training 13683d17 completed after 7s 463ms
Training 13683d17 compacted
Generation 2 score 0.9499694698571772 (avg: -2.997704585357382e+27) error 0.04999148014458869 avg time 842ms
Waiting for discovery to complete
Compact 13683d17 Score: 0.9499607030216692, Error: 0.04999148014458869 -> 0.05000051698009171, 👿 -0.00000904
Fine 13683d17 Score: 0.9499000973761029, Error: 0.04999148014458869 -> 0.05006085262566298, 👿 -0.0000694, Variant: undershot
Fine 13683d17 Score: 0.9498792943156043, Error: 0.04999148014458869 -> 0.05008165568616176, 👿 -0.0000902, Variant: overshot
Trained 13683d17 Score: 0.9496600686124395, Error: 0.04999148014458869 -> 0.050300901389325366, 👿 -0.000309
Generation 3 score 0.9499694698571772 (avg: 0.1873) error 0.04999148014458869 avg time 840ms
Waiting for discovery to complete
Remove neuron 7f7b3967-68ef-4fc8-a360-3d0c9f196791 as no longer connected
Generation 4 score 0.9499694698571772 (avg: 0.6561) error 0.04999148014458869 avg time 881ms
Waiting for discovery to complete
Generation 5 score 0.9499715149085995 (avg: 0.8511) error 0.049989435093165745 avg time 842ms
Waiting for discovery to complete
Discovered beneficial synapse from input-1554 to fc36df80-a734-407f-81e5-f827ec562a1d with weight -1.0000, helping 35.6% more records than it harms (3067/4613)
Discovery 13683d17 analyze time 33s 227ms found 1 candidates
Discovered harmful synapse from input-533 to fc36df80-a734-407f-81e5-f827ec562a1d, harming 35.1% more records than it helps (1437/4613)
Discovery 13683d17 analyze harmful time 1s 612ms found 1 candidates
Fine tuning increased fitness by 0.0000026345955147499822 to 0.9499741495041143 adjusted 40 weights, 3 biases 
Discovery 13683d17 analyze squashes time 1s 606ms found 2 candidates, Summary: fc36df80-a734-407f-81e5-f827ec562a1d Swish -> BENT_IDENTITY improved: 74.0% error: 1.401862937289693e+26 -> 3.645502436708035e+25,716cebdd-481b-4fdf-8cf5-b65c71dbbade ArcTan -> Cube improved: 23.7% error: 4.189579547728863e+21 -> 3.194781792634692e+21
Generation 6 score 0.9499741495041143 (avg: 0.9194) error 0.04998680049765136 avg time 841ms
Waiting for discovery to complete
Fine tuning increased fitness by 0.000004789781157144013 to 0.9499789392852714 adjusted 40 weights, 3 biases 
Generation 7 score 0.9499789392852714 (avg: 0.9373) error 0.04998201071649441 avg time 829ms
Waiting for training/discovery clean up 2
Fine tuning increased fitness by 3.8691715664729287e-7 to 0.9499793262024281 adjusted 40 weights, 3 biases 
Remove neuron ecaf2620-3b2f-4df8-bdb4-2c13397ec6a2 as no longer connected
Generation 8 score 0.9499793262024281 (avg: 0.9343) error 0.04998162379933805 avg time 827ms
Waiting for training/discovery clean up 1
Remove neuron 02d0854c-e3c0-42ca-afe0-40bca5798c78 as no longer connected
Generation 9 score 0.9499811697022976 (avg: 0.9367) error 0.04997978029946862 avg time 781ms
{
  error: 0.04997978029946862,
  score: 0.9499811697022976,
  generation: 9,
  time: 75723,
  startScore: 0.9499694698571772
}
TAIWAN , score: 0.900158983157188
process (poor score) TAIWAN , score: 0.900158983157188 lvl: 2
loaded ../GRQ-portfolio/best/location/v1/TAIWAN.json
3 mutations, mutation rate 37.1%, elitism 3, mutation FFW, selection POWER
Creature count: 50
Culling duplicate creature at 1 of 51
DeDuplication of 1 creatures to 50 in 284ms (previous experiment )
Discovery 7891534d scheduled
Training 7891534d scheduled
Training 7891534d with 1 binary file, target error: 0.05, iterations: 1, sample rate: 100%, sparse: 100%
Discovery 7891534d with 1 binary files, sample rate: 100%, batch size: 512
Discovery 7891534d initialize time 105ms
Discovery 7891534d processing .trainData-location_88/TAIWAN/data.bin
Discovery 7891534d read time 6ms for .trainData-location_88/TAIWAN/data.bin with 4613 records
Discovery 7891534d scanning time 5s 864ms
Discovery 7891534d recorded time 7s 524ms
Discovery 7891534d analyze time 10s 891ms found 0 candidates
Discovery 7891534d analyze harmful time 2s 9ms found 0 candidates
Discovery 7891534d analyze squashes time 2s 294ms found 1 candidate, Summary: e1c014ed-8e1b-4646-8f01-6018e177c739 GELU -> COMPLEMENT improved: 7.6% error: 4.0726374880991293e+33 -> 3.76125979811183e+33
Discovery 6dec1f56 scheduled
Training 6dec1f56 scheduled
Training 6dec1f56 with 1 binary file, target error: 0.05, iterations: 1, sample rate: 100%, sparse: 100%
Discovery 6dec1f56 with 1 binary files, sample rate: 100%, batch size: 512
Discovery 6dec1f56 initialize time 104ms
Discovery 6dec1f56 processing .trainData-location_88/TAIWAN/data.bin
Discovery 6dec1f56 read time 7ms for .trainData-location_88/TAIWAN/data.bin with 4613 records
Discovery 6dec1f56 scanning time 6s 247ms
Discovery 6dec1f56 recorded time 7s 426ms
Training 7891534d completed after 13s 165ms
Training 7891534d compacted
Over populated 52, expected 50.
Max is too large 462050261633869800
Total is too large 462050261636504000
Fine 7891534d Score: 0.8975177959431874, Error: 0.09978792384360376 -> 0.1024291110576241, 👿 -0.00264, Variant: overshot
Fine 7891534d Score: 0.8962228556053334, Error: 0.09978792384360376 -> 0.10372405139552238, 👿 -0.00394, Variant: undershot
Trained 7891534d Score: 0.8896078089108563, Error: 0.09978792384360376 -> 0.11033909809054655, 👿 -0.0106
Compact 7891534d Score: 0.869154573739799, Error: 0.09978792384360376 -> 0.13079267326023128, 👿 -0.0310
Training 2e35728f scheduled
Training 2e35728f with 1 binary file, target error: 0.05, iterations: 1, sample rate: 100%, sparse: 100%
Fine tuning increased fitness by 0.000002901925254761295 to 0.9001685308098046 adjusted 2 weights, 8 biases 
Discovery 6dec1f56 analyze time 11s 700ms found 0 candidates
Discovery 6dec1f56 analyze harmful time 1s 908ms found 0 candidates
Training 6dec1f56 completed after 12s 715ms
Training 6dec1f56 compacted
Over populated 52, expected 50.
Discovery 6dec1f56 analyze squashes time 2s 101ms found 1 candidate, Summary: e1c014ed-8e1b-4646-8f01-6018e177c739 GELU -> COMPLEMENT improved: 7.6% error: 4.0726374880991293e+33 -> 3.76125979811183e+33
Fine 6dec1f56 Score: 0.8955761273855388, Error: 0.09978127811624199 -> 0.10437077961521228, 👿 -0.00459, Variant: overshot
Fine 6dec1f56 Score: 0.8946235390518278, Error: 0.09978127811624199 -> 0.10532336794883397, 👿 -0.00554, Variant: undershot
Trained 6dec1f56 Score: 0.8911435520903926, Error: 0.09978127811624199 -> 0.10880335491101024, 👿 -0.00902
Compact 6dec1f56 Score: 0.8820888298676327, Error: 0.09978127811624199 -> 0.11785852713315287, 👿 -0.0181
Discovery 19bb5d4f scheduled
Training 19bb5d4f scheduled
Training 19bb5d4f with 1 binary file, target error: 0.05, iterations: 1, sample rate: 100%, sparse: 100%
Discovery 19bb5d4f with 1 binary files, sample rate: 100%, batch size: 512
Discovery 19bb5d4f initialize time 99ms
Discovery 19bb5d4f processing .trainData-location_88/TAIWAN/data.bin
Fine tuning increased fitness by 0.0000013060473186277122 to 0.9001698368571233 adjusted 2 weights, 8 biases 
Discovery 19bb5d4f read time 4ms for .trainData-location_88/TAIWAN/data.bin with 4613 records
Discovery 19bb5d4f scanning time 5s 987ms
Discovery 19bb5d4f recorded time 7s 190ms
Training 2e35728f completed after 12s 708ms
Training 2e35728f compacted
Over populated 52, expected 50.
Fine 2e35728f Score: 0.8995021890104957, Error: 0.09977837619098714 -> 0.10044471799032369, 👿 -0.000666, Variant: overshot
Fine 2e35728f Score: 0.899080592788977, Error: 0.09977837619098714 -> 0.10086631421176682, 👿 -0.00109, Variant: undershot
Trained 2e35728f Score: 0.8910303671904338, Error: 0.09977837619098714 -> 0.108916539810969, 👿 -0.00914
Compact 2e35728f Score: 0.8822246847303589, Error: 0.09977837619098714 -> 0.11772267227042674, 👿 -0.0179
Training f30e366c scheduled
Training f30e366c with 1 binary file, target error: 0.05, iterations: 1, sample rate: 100%, sparse: 100%
Discovery 19bb5d4f analyze time 11s 656ms found 0 candidates
Discovery 19bb5d4f analyze harmful time 1s 946ms found 0 candidates
Training 19bb5d4f completed after 13s 240ms
Training 19bb5d4f compacted
Over populated 52, expected 50.
Discovery 19bb5d4f analyze squashes time 2s 50ms found 1 candidate, Summary: e1c014ed-8e1b-4646-8f01-6018e177c739 GELU -> COMPLEMENT improved: 7.6% error: 4.0726374880991293e+33 -> 3.76125979811183e+33
Max is too large 462050261633869800
Total is too large 462050261636504000
Fine 19bb5d4f Score: 0.8984963980089024, Error: 0.09977707014366856 -> 0.10145050899182056, 👿 -0.00167, Variant: undershot
Fine 19bb5d4f Score: 0.8953628650889884, Error: 0.09977707014366856 -> 0.10458404191199984, 👿 -0.00481, Variant: overshot
Trained 19bb5d4f Score: 0.8901524265664176, Error: 0.09977707014366856 -> 0.10979448043498535, 👿 -0.0100
Compact 19bb5d4f Score: 0.8691787181602689, Error: 0.09977707014366856 -> 0.13076852883976128, 👿 -0.0310
Discovery 18c7f469 scheduled
Training 18c7f469 scheduled
Training 18c7f469 with 1 binary file, target error: 0.05, iterations: 1, sample rate: 100%, sparse: 100%
Discovery 18c7f469 with 1 binary files, sample rate: 100%, batch size: 512
Discovery 18c7f469 initialize time 106ms
Discovery 18c7f469 processing .trainData-location_88/TAIWAN/data.bin
Discovery 18c7f469 read time 6ms for .trainData-location_88/TAIWAN/data.bin with 4613 records
Discovery 18c7f469 scanning time 5s 883ms
Discovery 18c7f469 recorded time 7s 216ms
Training f30e366c completed after 12s 323ms
Training f30e366c compacted
Over populated 52, expected 50.
Max is too large 462050261633869800
Total is too large 462050261636504000
Fine f30e366c Score: 0.8987044398300089, Error: 0.09977671930963392 -> 0.10124246717077756, 👿 -0.00147, Variant: overshot
Fine f30e366c Score: 0.8957552441877968, Error: 0.09977671930963392 -> 0.10419166281229755, 👿 -0.00441, Variant: undershot
Trained f30e366c Score: 0.8904014542263657, Error: 0.09977671930963392 -> 0.10954545277503709, 👿 -0.00977
Compact f30e366c Score: 0.8822223768342087, Error: 0.09977671930963392 -> 0.11772498016657701, 👿 -0.0179
Training 9372bf66 scheduled
Training 9372bf66 with 1 binary file, target error: 0.05, iterations: 1, sample rate: 100%, sparse: 100%
Fine tuning increased fitness by 0.000001485646907384286 to 0.9001731567989268 adjusted 2 weights, 8 biases 
Discovery 18c7f469 analyze time 11s 77ms found 0 candidates
Discovered harmful synapse from input-1444 to 0c68145f-e9c2-40d6-b8e3-c51e93db9e2c, harming 19.1% more records than it helps (1547/4613)
Discovery 18c7f469 analyze harmful time 2s 106ms found 1 candidates
Training 18c7f469 completed after 12s 354ms
Training 18c7f469 compacted
Over populated 52, expected 50.
Max is too large 462050261633869800
Total is too large 462050261636504000
Discovery 18c7f469 analyze squashes time 2s 168ms found 1 candidate, Summary: e1c014ed-8e1b-4646-8f01-6018e177c739 GELU -> COMPLEMENT improved: 7.6% error: 4.0726374880991293e+33 -> 3.76125979811183e+33
Max is too large 462050261633869800
Total is too large 462050261636504000
Fine 18c7f469 Score: 0.8896891978534799, Error: 0.09977523584877235 -> 0.11025770914751387, 👿 -0.0105, Variant: overshot
Fine 18c7f469 Score: 0.8822535164703273, Error: 0.09977523584877235 -> 0.11769339052976709, 👿 -0.0179, Variant: undershot
Compact 18c7f469 Score: 0.86920974542225, Error: 0.09977523584877235 -> 0.13073750157778022, 👿 -0.0310
Trained 18c7f469 Score: 0.8498594837452385, Error: 0.09977523584877235 -> 0.15008742325616437, 👿 -0.0503
Discovery 11baf172 scheduled
Training 11baf172 scheduled
Training 11baf172 with 1 binary file, target error: 0.05, iterations: 1, sample rate: 100%, sparse: 100%
Discovery 11baf172 with 1 binary files, sample rate: 100%, batch size: 512
Discovery 11baf172 initialize time 104ms
Discovery 11baf172 processing .trainData-location_88/TAIWAN/data.bin
Fine tuning increased fitness by 0.000002011296658332995 to 0.9001751680955852 adjusted 2 weights, 8 biases 
Discovery 11baf172 read time 3ms for .trainData-location_88/TAIWAN/data.bin with 4613 records
Discovery 11baf172 scanning time 5s 978ms
Discovery 11baf172 recorded time 7s 303ms
Training 9372bf66 completed after 12s 658ms
Training 9372bf66 compacted
Over populated 53, expected 50.
Max is too large 462050261633869800
Total is too large 462050261636504000
Fine 9372bf66 Score: 0.8973075062879681, Error: 0.09977375020186499 -> 0.10263940071284017, 👿 -0.00287, Variant: overshot
Fine 9372bf66 Score: 0.8970587531512257, Error: 0.09977375020186499 -> 0.10288815384939456, 👿 -0.00311, Variant: undershot
Trained 9372bf66 Score: 0.8883528002735438, Error: 0.09977375020186499 -> 0.11159410672785908, 👿 -0.0118
Compact 9372bf66 Score: 0.8692298640748878, Error: 0.09977375020186499 -> 0.13071738292514248, 👿 -0.0309
Training 689c132f scheduled
Training 689c132f with 1 binary file, target error: 0.05, iterations: 1, sample rate: 100%, sparse: 100%
Fine tuning increased fitness by 0.00000204673827930435 to 0.9001772148338645 adjusted 2 weights, 8 biases 
Discovery 11baf172 analyze time 10s 998ms found 0 candidates
Discovery 11baf172 analyze harmful time 1s 912ms found 0 candidates
Training 11baf172 completed after 12s 188ms
Training 11baf172 compacted
Generation 10 score 0.9001772148338645 (avg: -3.228315586640404e+26) error 0.09976969216692733 avg time 13s 354ms
Discovery 11baf172 analyze squashes time 2s 141ms found 1 candidate, Summary: e1c014ed-8e1b-4646-8f01-6018e177c739 GELU -> COMPLEMENT improved: 7.6% error: 4.0726374880991293e+33 -> 3.76125979811183e+33
Fine 11baf172 Score: 0.8999362510583478, Error: 0.09977173890520659 -> 0.10001065594234236, 👿 -0.000239, Variant: overshot
Fine 11baf172 Score: 0.8980088242598263, Error: 0.09977173890520659 -> 0.10193808274026785, 👿 -0.00217, Variant: undershot
Trained 11baf172 Score: 0.8910490149450441, Error: 0.09977173890520659 -> 0.10889789205635877, 👿 -0.00913
Compact 11baf172 Score: 0.8821727957860409, Error: 0.09977173890520659 -> 0.11777456121474472, 👿 -0.0180
Discovery cb62dad6 scheduled
Training cb62dad6 scheduled
Training cb62dad6 with 1 binary file, target error: 0.05, iterations: 1, sample rate: 100%, sparse: 100%
Discovery cb62dad6 with 1 binary files, sample rate: 100%, batch size: 512
Discovery cb62dad6 initialize time 107ms
Discovery cb62dad6 processing .trainData-location_88/TAIWAN/data.bin
Discovery cb62dad6 read time 9ms for .trainData-location_88/TAIWAN/data.bin with 4613 records
Discovery cb62dad6 scanning time 5s 833ms
Discovery cb62dad6 recorded time 7s 143ms
Training 689c132f completed after 12s 854ms
Training 689c132f compacted
Max is too large 462050261633869800
Total is too large 462050261636504000
Fine 689c132f Score: 0.8961402514834277, Error: 0.09976969216692733 -> 0.10380665551723721, 👿 -0.00404, Variant: undershot
Fine 689c132f Score: 0.8956386295906338, Error: 0.09976969216692733 -> 0.10430827740996641, 👿 -0.00454, Variant: overshot
Trained 689c132f Score: 0.8879810771125678, Error: 0.09976969216692733 -> 0.11196582988883509, 👿 -0.0122
Compact 689c132f Score: 0.8693423757192532, Error: 0.09976969216692733 -> 0.13060487128077702, 👿 -0.0308
Training c126f819 scheduled
Training c126f819 with 1 binary file, target error: 0.05, iterations: 1, sample rate: 100%, sparse: 100%
Discovery cb62dad6 analyze time 11s 649ms found 0 candidates
Discovery cb62dad6 analyze harmful time 1s 940ms found 0 candidates
Training cb62dad6 completed after 12s 869ms
Training cb62dad6 compacted
Culling duplicate creature at 41 of 51
DeDuplication of 1 creatures to 50 in 110ms (previous experiment )
Discovery cb62dad6 analyze squashes time 2s 223ms found 1 candidate, Summary: e1c014ed-8e1b-4646-8f01-6018e177c739 GELU -> COMPLEMENT improved: 7.6% error: 4.0726374880991293e+33 -> 3.76125979811183e+33
Fine cb62dad6 Score: 0.8983943217984757, Error: 0.09976932506093944 -> 0.10155258520215293, 👿 -0.00178, Variant: undershot
Fine cb62dad6 Score: 0.8980918262944788, Error: 0.09976932506093944 -> 0.10185508070624184, 👿 -0.00209, Variant: overshot
Trained cb62dad6 Score: 0.8904364008209793, Error: 0.09976932506093944 -> 0.1095105061804236, 👿 -0.00974
Compact cb62dad6 Score: 0.8820721916198367, Error: 0.09976932506093944 -> 0.11787516538094885, 👿 -0.0181
Discovery 9b777b7c scheduled
Training 9b777b7c scheduled
Training 9b777b7c with 1 binary file, target error: 0.05, iterations: 1, sample rate: 100%, sparse: 100%
Discovery 9b777b7c with 1 binary files, sample rate: 100%, batch size: 512
Discovery 9b777b7c initialize time 100ms
Discovery 9b777b7c processing .trainData-location_88/TAIWAN/data.bin
Fine tuning increased fitness by 0.0000030664419573556145 to 0.9001883118332981 adjusted 1 weight, 6 biases 
Discovery 9b777b7c read time 8ms for .trainData-location_88/TAIWAN/data.bin with 4613 records
Discovery 9b777b7c scanning time 6s 6ms
Training c126f819 completed after 12s 578ms
Training c126f819 compacted
Discovery 9b777b7c recorded time 7s 126ms
Max is too large 462050261633869800
Total is too large 462050261636504000
Fine c126f819 Score: 0.8966827558283661, Error: 0.0997615516094515 -> 0.10326404117230045, 👿 -0.00350, Variant: undershot
Fine c126f819 Score: 0.8963332471333293, Error: 0.0997615516094515 -> 0.10361354986761193, 👿 -0.00385, Variant: overshot
Trained c126f819 Score: 0.8884160403715625, Error: 0.0997615516094515 -> 0.11153075662984106, 👿 -0.0118
Compact c126f819 Score: 0.8693407841425744, Error: 0.0997615516094515 -> 0.1306063528574558, 👿 -0.0308
Training 67662e19 scheduled
Training 67662e19 with 1 binary file, target error: 0.05, iterations: 1, sample rate: 100%, sparse: 100%
Discovery 9b777b7c analyze time 11s 622ms found 0 candidates
Training 9b777b7c completed after 11s 860ms
Training 9b777b7c compacted
Discovery 9b777b7c analyze harmful time 1s 949ms found 0 candidates
Discovery 9b777b7c analyze squashes time 2s 233ms found 1 candidate, Summary: e1c014ed-8e1b-4646-8f01-6018e177c739 GELU -> COMPLEMENT improved: 7.6% error: 4.0726374880991293e+33 -> 3.76125979811183e+33
Fine 9b777b7c Score: 0.8989019548394899, Error: 0.09975847516749431 -> 0.10104483216142267, 👿 -0.00129, Variant: overshot
Fine 9b777b7c Score: 0.8984918141454176, Error: 0.09975847516749431 -> 0.1014549728551904, 👿 -0.00170, Variant: undershot
Trained 9b777b7c Score: 0.8910810517736922, Error: 0.09975847516749431 -> 0.10886573522771162, 👿 -0.00911
Compact 9b777b7c Score: 0.8821680279797843, Error: 0.09975847516749431 -> 0.11777920902100192, 👿 -0.0180
Discovery 098164a9 scheduled
Training 098164a9 scheduled
Training 098164a9 with 1 binary file, target error: 0.05, iterations: 1, sample rate: 100%, sparse: 100%
Discovery 098164a9 with 1 binary files, sample rate: 100%, batch size: 512
Discovery 098164a9 initialize time 102ms
Discovery 098164a9 processing .trainData-location_88/TAIWAN/data.bin
Fine tuning increased fitness by 2.0634471908920204e-8 to 0.9001892642483128 adjusted 4 biases 
Discovery 098164a9 read time 8ms for .trainData-location_88/TAIWAN/data.bin with 4613 records
Discovery 098164a9 scanning time 6s 38ms
Remove neuron 23099dde-834e-40b0-a7bf-e3c558b19434 as no longer connected
Training 67662e19 completed after 12s 437ms
Training 67662e19 compacted
Over populated 52, expected 50.
Culling duplicate creature at 43 of 52
DeDuplication of 1 creatures to 51 in 111ms (previous experiment )
Discovery 098164a9 recorded time 7s 352ms
Fine 67662e19 Score: 0.8975561944169054, Error: 0.09975754338695146 -> 0.1023905925839106, 👿 -0.00263, Variant: overshot
Fine 67662e19 Score: 0.8974652458815721, Error: 0.09975754338695146 -> 0.10248154111906982, 👿 -0.00272, Variant: undershot
Trained 67662e19 Score: 0.8899972684850757, Error: 0.09975754338695146 -> 0.10994951851632814, 👿 -0.0102
Compact 67662e19 Score: 0.8821523911174208, Error: 0.09975754338695146 -> 0.11779484588336546, 👿 -0.0180
Training 6880f0a4 scheduled
Training 6880f0a4 with 1 binary file, target error: 0.05, iterations: 1, sample rate: 100%, sparse: 100%
Discovery 098164a9 analyze time 11s 634ms found 0 candidates
Training 098164a9 completed after 13s 287ms
Training 098164a9 compacted
Discovery 098164a9 analyze harmful time 1s 918ms found 0 candidates
Discovery 098164a9 analyze squashes time 2s 184ms found 1 candidate, Summary: e1c014ed-8e1b-4646-8f01-6018e177c739 GELU -> COMPLEMENT improved: 7.6% error: 4.0726374880991293e+33 -> 3.76125979811183e+33
Fine 098164a9 Score: 0.898282588756625, Error: 0.09975752275247955 -> 0.10166419824417307, 👿 -0.00191, Variant: overshot
Fine 098164a9 Score: 0.892701673821568, Error: 0.09975752275247955 -> 0.10724511317943972, 👿 -0.00749, Variant: undershot
Trained 098164a9 Score: 0.88914718081856, Error: 0.09975752275247955 -> 0.11079960618284374, 👿 -0.0110
Compact 098164a9 Score: 0.8821458657881234, Error: 0.09975752275247955 -> 0.11780137121266289, 👿 -0.0180
Training 6880f0a4 completed after 13s 444ms
Training 6880f0a4 compacted
Fine 6880f0a4 Score: 0.8966553534725185, Error: 0.0997575115062372 -> 0.10329143352818267, 👿 -0.00353, Variant: overshot
Fine 6880f0a4 Score: 0.8963467360291885, Error: 0.0997575115062372 -> 0.10360005097136706, 👿 -0.00384, Variant: undershot
Trained 6880f0a4 Score: 0.8898388511481414, Error: 0.0997575115062372 -> 0.11010793585326241, 👿 -0.0104
Compact 6880f0a4 Score: 0.8821531473058495, Error: 0.0997575115062372 -> 0.11779408969493682, 👿 -0.0180
Fine tuning increased fitness by 7.024858472703954e-10 to 0.900189285776213 adjusted 2 biases 
Generation 19 score 0.900189285776213 (avg: 0.8908) error 0.0997575012245793 avg time 11s 632ms
{
  error: 0.0997575012245793,
  score: 0.900189285776213,
  generation: 19,
  time: 250307,
  startScore: 0.900158983157188
}
MEXICO , score: 0.925220171946906
process (poor score) MEXICO , score: 0.925220171946906 lvl: 2
loaded ../GRQ-portfolio/best/location/v1/MEXICO.json
9 mutations, mutation rate 5.0%, elitism 4, mutation ALL, selection POWER
Creature count: 50
Culling duplicate creature at 1 of 51
Constant neuron 19e705e1-3465-4e9c-832e-d52309e8519c convert hidden to constant
Adjust neuron 19e705e1-3465-4e9c-832e-d52309e8519c bias 0.014026799999999999 to 0.9999016260538278
DeDuplication of 1 creatures to 50 in 511ms (previous experiment )
Discovery 2a74c318 scheduled
Training 2a74c318 scheduled
Training 2a74c318 with 1 binary file, target error: 0.05, iterations: 1, sample rate: 100%, sparse: 100%
Discovery 2a74c318 with 1 binary files, sample rate: 100%, batch size: 512
Discovery 2a74c318 initialize time 109ms
Discovery 2a74c318 processing .trainData-location_88/MEXICO/data.bin
Discovery 2a74c318 read time 4ms for .trainData-location_88/MEXICO/data.bin with 4613 records
Discovery 2a74c318 scanning time 8s 307ms
Discovery 2a74c318 recorded time 9s 908ms
compactUnused: 29e7a285-9a21-4b07-b20c-22c13c3cb0c6 already connected to third-one
compactUnused: 29e7a285-9a21-4b07-b20c-22c13c3cb0c6 already connected to third-one with type positive required positive
Training 22158f96 scheduled
Training 22158f96 with 1 binary file, target error: 0.05, iterations: 1, sample rate: 100%, sparse: 100%
Fine tuning increased fitness by 0.0000033272142246909553 to 0.9252260708304091 adjusted 2 weights 
Training 2a74c318 completed after 16s 239ms
Fine 2a74c318 Score: 0.9235954378439931, Error: 0.07472216905390405 -> 0.07634690315677667, 👿 -0.00162, Variant: overshot
Trained 2a74c318 Score: 0.9227324629838662, Error: 0.07472216905390405 -> 0.07720987801740034, 👿 -0.00249
Fine 2a74c318 Score: 0.9154264603000392, Error: 0.07472216905390405 -> 0.08451588070055785, 👿 -0.00979, Variant: undershot
Fine tuning increased fitness by 0.0000033057566406480277 to 0.9252293765870497 adjusted 2 weights 
compactUnused: 29e7a285-9a21-4b07-b20c-22c13c3cb0c6 already connected to third-one
compactUnused: 29e7a285-9a21-4b07-b20c-22c13c3cb0c6 already connected to third-one with type positive required positive
Discovered beneficial synapse from 8702f88a-a956-4094-8bbd-a8b9e5e0ab57 to c711ecf1-ede3-4e2b-a2e3-7999802de812 with weight -1.0000, helping 47.0% more records than it harms (2583/4613)
Discovery 2a74c318 analyze time 36s 130ms found 1 candidates
Discovered harmful synapse from d2a2ffcd-5b10-443a-93f5-8ad66e888c73 to c711ecf1-ede3-4e2b-a2e3-7999802de812, harming 46.6% more records than it helps (424/4613)
Discovery 2a74c318 analyze harmful time 3s 879ms found 1 candidates
Training 7f07ab5e scheduled
Training 7f07ab5e with 1 binary file, target error: 0.05, iterations: 1, sample rate: 100%, sparse: 100%
Fine tuning increased fitness by 0.000002548200478957874 to 0.9252319247875287 adjusted 2 weights 
Discovery 2a74c318 analyze squashes time 3s 462ms found 1 candidate, Summary: bd01e390-8519-4b6f-b583-6352841c9bd1-2642 ArcTan -> Cube improved: 25.6% error: 6.636081649010191e+21 -> 4.936757692433576e+21
Training 22158f96 completed after 15s 864ms
Fine 22158f96 Score: 0.9251803531232173, Error: 0.07471627017040092 -> 0.07476198787755656, 👿 -0.0000457, Variant: overshot
Fine 22158f96 Score: 0.9239282008149587, Error: 0.07471627017040092 -> 0.07601414018571187, 👿 -0.00130, Variant: undershot
Trained 22158f96 Score: 0.9228815802945248, Error: 0.07471627017040092 -> 0.0770607607067417, 👿 -0.00234
Discovery 4eabd2c1 scheduled
Discovery 4eabd2c1 with 1 binary files, sample rate: 100%, batch size: 512
Discovery 4eabd2c1 initialize time 106ms
Discovery 4eabd2c1 processing .trainData-location_88/MEXICO/data.bin
compactUnused: 29e7a285-9a21-4b07-b20c-22c13c3cb0c6 already connected to third-one
compactUnused: 29e7a285-9a21-4b07-b20c-22c13c3cb0c6 already connected to third-one with type positive required positive
Discovery 4eabd2c1 read time 5ms for .trainData-location_88/MEXICO/data.bin with 4613 records
Discovery 4eabd2c1 scanning time 7s 685ms
Discovery 4eabd2c1 recorded time 9s 836ms
Training b702f8d8 scheduled
Training b702f8d8 with 1 binary file, target error: 0.05, iterations: 1, sample rate: 100%, sparse: 100%
Fine tuning increased fitness by 7.931473987587978e-7 to 0.9252331942337001 adjusted 1 weight 
Training 7f07ab5e completed after 15s 223ms
Fine 7f07ab5e Score: 0.869737720484404, Error: 0.0747104162132812 -> 0.13020462051656412, 👿 -0.0555, Variant: overshot
Fine 7f07ab5e Score: 0.7548472993441535, Error: 0.0747104162132812 -> 0.24509504165643373, 👿 -0.170, Variant: undershot
Trained 7f07ab5e Score: 0.2958536352148034, Error: 0.0747104162132812 -> 0.7040887157864628, 👿 -0.629
Fine tuning increased fitness by 0.0000010466026484357016 to 0.9252342408363485 adjusted 1 weight 
compactUnused: 29e7a285-9a21-4b07-b20c-22c13c3cb0c6 already connected to third-one
compactUnused: 29e7a285-9a21-4b07-b20c-22c13c3cb0c6 already connected to third-one with type positive required positive
Training 52d12378 scheduled
Training 52d12378 with 1 binary file, target error: 0.05, iterations: 1, sample rate: 100%, sparse: 100%
Fine tuning increased fitness by 1.7051690581748602e-7 to 0.9252344113532543 adjusted 1 weight 
Training b702f8d8 completed after 16s 293ms
Fine b702f8d8 Score: 0.9248380448061717, Error: 0.0747091467671097 -> 0.07510429619466881, 👿 -0.000395, Variant: overshot
Trained b702f8d8 Score: 0.9167246403209056, Error: 0.0747091467671097 -> 0.08321770068036037, 👿 -0.00851
Fine b702f8d8 Score: 0.9124239342409505, Error: 0.0747091467671097 -> 0.08751840675914484, 👿 -0.0128, Variant: undershot
compactUnused: 29e7a285-9a21-4b07-b20c-22c13c3cb0c6 already connected to third-one
compactUnused: 29e7a285-9a21-4b07-b20c-22c13c3cb0c6 already connected to third-one with type positive required positive
Generation 10 score 0.9252344113532543 (avg: 0.9201) error 0.07470792964755511 avg time 11s 264ms
Training b1c668fe scheduled
Training b1c668fe with 1 binary file, target error: 0.05, iterations: 1, sample rate: 100%, sparse: 100%
Discovered beneficial synapse from input-1164 to 0e650af2-df85-4a70-9d97-aa6df3797f0c with weight -1.0000, helping 52.9% more records than it harms (3433/4613)
Discovery 4eabd2c1 analyze time 47s 209ms found 1 candidates
Training 52d12378 completed after 15s 895ms
Discovered harmful synapse from d2a2ffcd-5b10-443a-93f5-8ad66e888c73 to c711ecf1-ede3-4e2b-a2e3-7999802de812, harming 46.8% more records than it helps (420/4613)
Discovery 4eabd2c1 analyze harmful time 3s 686ms found 1 candidates
Discovery 4eabd2c1 analyze squashes time 3s 633ms found 0 candidates
Fine 52d12378 Score: 0.9242983580367473, Error: 0.07470792964755511 -> 0.07564398296425981, 👿 -0.000936, Variant: overshot
Trained 52d12378 Score: 0.9227320557243668, Error: 0.07470792964755511 -> 0.07721028527689837, 👿 -0.00250
Fine 52d12378 Score: 0.9199601783333389, Error: 0.07470792964755511 -> 0.07998216266723673, 👿 -0.00527, Variant: undershot
Discovery 20beb2e4 scheduled
Discovery 20beb2e4 with 1 binary files, sample rate: 100%, batch size: 512
Discovery 20beb2e4 initialize time 104ms
Discovery 20beb2e4 processing .trainData-location_88/MEXICO/data.bin
compactUnused: 29e7a285-9a21-4b07-b20c-22c13c3cb0c6 already connected to third-one
compactUnused: 29e7a285-9a21-4b07-b20c-22c13c3cb0c6 already connected to third-one with type positive required positive
Discovery 20beb2e4 read time 5ms for .trainData-location_88/MEXICO/data.bin with 4613 records
Discovery 20beb2e4 scanning time 7s 480ms
Discovery 20beb2e4 recorded time 9s 395ms
Training e9f90a93 scheduled
Training e9f90a93 with 1 binary file, target error: 0.05, iterations: 1, sample rate: 100%, sparse: 100%
Fine tuning increased fitness by 9.727099925527227e-8 to 0.9252345799168756 adjusted 774 weights, 33 biases 
Training b1c668fe completed after 15s 759ms
Fine b1c668fe Score: 0.923358368323348, Error: 0.07470793195571625 -> 0.07658397267773889, 👿 -0.00188, Variant: overshot
Trained b1c668fe Score: 0.9222232987306082, Error: 0.07470793195571625 -> 0.077719042270657, 👿 -0.00301
Fine b1c668fe Score: 0.9172126599638055, Error: 0.07470793195571625 -> 0.08272968103679788, 👿 -0.00802, Variant: undershot
compactUnused: 29e7a285-9a21-4b07-b20c-22c13c3cb0c6 already connected to third-one
compactUnused: 29e7a285-9a21-4b07-b20c-22c13c3cb0c6 already connected to third-one with type positive required positive
Training 1e9b9dc2 scheduled
Training 1e9b9dc2 with 1 binary file, target error: 0.05, iterations: 1, sample rate: 100%, sparse: 100%
Training e9f90a93 completed after 16s 135ms
Fine e9f90a93 Score: 0.9171321860078652, Error: 0.0747077610839338 -> 0.08281015499281581, 👿 -0.00810, Variant: overshot
Fine e9f90a93 Score: 0.9132315588792385, Error: 0.0747077610839338 -> 0.08671078212085707, 👿 -0.0120, Variant: undershot
Trained e9f90a93 Score: 0.908226076779128, Error: 0.0747077610839338 -> 0.09171627422213682, 👿 -0.0170
Fine tuning increased fitness by 5.599118124699487e-8 to 0.9252347056751833 adjusted 108 weights, 6 biases 
Discovered beneficial synapse from 8702f88a-a956-4094-8bbd-a8b9e5e0ab57 to c711ecf1-ede3-4e2b-a2e3-7999802de812 with weight -1.0000, helping 47.2% more records than it harms (2588/4613)
Discovery 20beb2e4 analyze time 45s 839ms found 1 candidates
compactUnused: 29e7a285-9a21-4b07-b20c-22c13c3cb0c6 already connected to third-one
compactUnused: 29e7a285-9a21-4b07-b20c-22c13c3cb0c6 already connected to third-one with type positive required positive
Discovered harmful synapse from 7eac44c2-b4dd-4a2e-a615-aebcf0de832d to 738f25b0-971f-493f-a679-e5e7f8fc0903, harming 46.0% more records than it helps (1220/4613)
Discovery 20beb2e4 analyze harmful time 3s 118ms found 1 candidates
Discovery 20beb2e4 analyze squashes time 3s 395ms found 0 candidates
Discovery b6598924 scheduled
Training b6598924 scheduled
Training b6598924 with 1 binary file, target error: 0.05, iterations: 1, sample rate: 100%, sparse: 100%
Discovery b6598924 with 1 binary files, sample rate: 100%, batch size: 512
Discovery b6598924 initialize time 108ms
Discovery b6598924 processing .trainData-location_88/MEXICO/data.bin
Fine tuning increased fitness by 9.523436883540626e-8 to 0.9252348009095521 adjusted 108 weights, 6 biases 
Training 1e9b9dc2 completed after 16s 607ms
Over populated 53, expected 50.
Discovery b6598924 read time 5ms for .trainData-location_88/MEXICO/data.bin with 4613 records
Discovery b6598924 scanning time 7s 562ms
Discovery b6598924 recorded time 9s 515ms
Fine 1e9b9dc2 Score: 0.9186239735172761, Error: 0.07470769131680745 -> 0.08131836748352976, 👿 -0.00661, Variant: overshot
Fine 1e9b9dc2 Score: 0.9119852363390178, Error: 0.07470769131680745 -> 0.08795710466172978, 👿 -0.0132, Variant: undershot
Trained 1e9b9dc2 Score: 0.8982810577439834, Error: 0.07470769131680745 -> 0.10166129325728146, 👿 -0.0270
compactUnused: 29e7a285-9a21-4b07-b20c-22c13c3cb0c6 already connected to third-one
compactUnused: 29e7a285-9a21-4b07-b20c-22c13c3cb0c6 already connected to third-one with type positive required positive
Fine tuning increased fitness by 2.0257980337667902e-7 to 0.9252351399802631 adjusted 50 weights, 3 biases 
Training b6598924 completed after 16s 237ms
Fine b6598924 Score: 0.9245993695601535, Error: 0.07470754009125737 -> 0.07534297144066922, 👿 -0.000635, Variant: overshot
Fine b6598924 Score: 0.9240088606816309, Error: 0.07470754009125737 -> 0.07593348031919296, 👿 -0.00123, Variant: undershot
Trained b6598924 Score: 0.9187555437319913, Error: 0.07470754009125737 -> 0.08118679726927379, 👿 -0.00648
Fine tuning increased fitness by 1.0936794225813173e-7 to 0.9252352493482053 adjusted 50 weights, 3 biases 
Discovered beneficial synapse from 8702f88a-a956-4094-8bbd-a8b9e5e0ab57 to c711ecf1-ede3-4e2b-a2e3-7999802de812 with weight -1.0000, helping 47.2% more records than it harms (2587/4613)
Discovery b6598924 analyze time 36s 231ms found 1 candidates
Generation 20 score 0.9252352493482053 (avg: 0.9219) error 0.07470709165260418 avg time 13s 72ms
Set training/discovery clean up count to 2
Waiting for discovery to complete
Discovered harmful synapse from 7eac44c2-b4dd-4a2e-a615-aebcf0de832d to 738f25b0-971f-493f-a679-e5e7f8fc0903, harming 45.9% more records than it helps (1221/4613)
Discovery b6598924 analyze harmful time 3s 261ms found 1 candidates
Discovery b6598924 analyze squashes time 3s 699ms found 1 candidate, Summary: bd01e390-8519-4b6f-b583-6352841c9bd1-2642 ArcTan -> Cube improved: 25.4% error: 6.631657594577182e+21 -> 4.949843679312043e+21
Generation 21 score 0.9252352823796762 (avg: 0.9122) error 0.07470705862113321 avg time 1s 186ms
Waiting for discovery to complete
Fine tuning increased fitness by 2.0637039510607025e-7 to 0.9252354887500713 adjusted 239 weights, 15 biases 
Over populated 53, expected 50.
Generation 22 score 0.9252354887500713 (avg: 0.9233) error 0.07470685225073809 avg time 1s 187ms
Waiting for training/discovery clean up 2
Fine tuning increased fitness by 2.5472678621962785e-7 to 0.9252357434768576 adjusted 239 weights, 15 biases 
Generation 23 score 0.9252357434768576 (avg: 0.9217) error 0.07470659752395194 avg time 1s 299ms
Waiting for training/discovery clean up 1
Generation 24 score 0.9252360572894431 (avg: 0.9233) error 0.0747062837113663 avg time 1s 217ms
{
  error: 0.0747062837113663,
  score: 0.9252360572894431,
  generation: 24,
  time: 292925,
  startScore: 0.925220171946906
}
🧹 Cleaning up any inconsistent git state
✅ Git state cleanup completed
✅ Already on proper branch: Develop
From github.com:stSoftwareAU/GRQ-location
   19e5462..eb6cd92  Develop    -> origin/Develop
Updating 19e5462..eb6cd92
Created autostash: 43ee3ee
Fast-forward
 v1/NE.json             |   10 +-
 v1/NETHERLANDS.json    |  878 ++++++++++++------------
 v1/NV.json             |  168 ++---
 v1/NY.json             | 1032 ++++++++++++++--------------
 v1/SC.json             | 1787 ++++++------------------------------------------
 v1/UNITED_KINGDOM.json |   16 +-
 v1/UT.json             |  196 +++---
 7 files changed, 1376 insertions(+), 2711 deletions(-)
Applied autostash.
✅ Already on proper branch: Develop
📦 Changes detected — staging files and validating JSON
[0;32m🔍 Validating staged JSON files...[0m
[0;32m🔍 Validating: v1/DC.json[0m
[0;32m   ✅ PASSED: File is valid[0m
[0;32m🔍 Validating: v1/GERMANY.json[0m
[0;32m   ✅ PASSED: File is valid[0m
[0;32m🔍 Validating: v1/ISRAEL.json[0m
[0;32m   ✅ PASSED: File is valid[0m
[0;32m🔍 Validating: v1/MA.json[0m
[0;32m   ✅ PASSED: File is valid[0m
[0;32m🔍 Validating: v1/MEXICO.json[0m
[0;32m   ✅ PASSED: File is valid[0m
[0;32m🔍 Validating: v1/NC.json[0m
[0;32m   ✅ PASSED: File is valid[0m
[0;32m🔍 Validating: v1/TAIWAN.json[0m
[0;32m   ✅ PASSED: File is valid[0m
[0;32m✅ All staged JSON files are valid[0m
✅ JSON validation passed — committing
✅ Already on proper branch: Develop
🔍 Pre-commit state:
🔍 Current Git State:
  Branch: Develop
  Commit: eb6cd929dc540d627860c6509d0d6f1f08ffdc66
  Status:
M  v1/DC.json
M  v1/GERMANY.json
M  v1/ISRAEL.json
M  v1/MA.json
M  v1/MEXICO.json
  Remote branches:
  origin/Develop
  origin/HEAD -> origin/Develop
[Develop f7f8a2e] ip-10-0-30-170 Improved location models
 7 files changed, 2297 insertions(+), 3895 deletions(-)
🛡️ Preventing merge conflicts with aggressive strategy...
📦 Local commits detected (1 ahead) - using force push to prevent conflicts
To github.com:stSoftwareAU/GRQ-location.git
   eb6cd92..f7f8a2e  Develop -> Develop
✅ Force push succeeded - conflicts prevented
✅ Conflict prevention succeeded
🧹 Performing final git cleanup on exit...
✅ Final cleanup completed
📦 Cloning GRQ-health
Cloning into 'GRQ-health'...
Updating health information...
Updated health information for ip-10-0-30-170
