[log truncated by run.sh: showing the last 64 KB of 1014 KB; the full log is on the host]
2026-10-05T19:56:43.786Z [INFO] [EvolveApp] [pid-3040482] [EvolveApp:industry] pre-iteration flush: symbol=SPECIALTY-INDUSTRIAL-MACHINERY, heap 23->20/86 MB, rss 196->196 MB, external 1->1 MB, arrayBuffers 0->0 MB, cleared 36 caches, disposed 0 creatures, gc=yes, wasm=skip
2026-10-05T19:56:43.801Z [INFO] [EvolveApp] [pid-3040482] [EvolveApp:industry] pre-iteration flush: symbol=SEMICONDUCTOR-EQUIPMENT-MATERIALS, heap 23->20/86 MB, rss 196->196 MB, external 1->1 MB, arrayBuffers 0->0 MB, cleared 36 caches, disposed 0 creatures, gc=yes, wasm=skip
2026-10-05T19:56:43.816Z [INFO] [EvolveApp] [pid-3040482] [EvolveApp:industry] pre-iteration flush: symbol=OIL-GAS-EQUIPMENT-SERVICES, heap 23->20/86 MB, rss 196->196 MB, external 1->1 MB, arrayBuffers 0->0 MB, cleared 36 caches, disposed 0 creatures, gc=yes, wasm=skip
2026-10-05T19:56:43.828Z [INFO] [EvolveApp] [pid-3040482] [EvolveApp:industry] pre-iteration flush: symbol=STAFFING-EMPLOYMENT-SERVICES, heap 22->20/86 MB, rss 196->196 MB, external 1->1 MB, arrayBuffers 0->0 MB, cleared 36 caches, disposed 0 creatures, gc=yes, wasm=skip
2026-10-05T19:56:43.841Z [INFO] [EvolveApp] [pid-3040482] [EvolveApp:industry] pre-iteration flush: symbol=ENERGY_MINING_AGGREGATE, heap 22->20/85 MB, rss 196->196 MB, external 1->1 MB, arrayBuffers 0->0 MB, cleared 36 caches, disposed 0 creatures, gc=yes, wasm=skip
2026-10-05T19:56:43.854Z [INFO] [EvolveApp] [pid-3040482] [EvolveApp:industry] pre-iteration flush: symbol=OIL-GAS-INTEGRATED, heap 23->20/85 MB, rss 196->196 MB, external 1->1 MB, arrayBuffers 0->0 MB, cleared 36 caches, disposed 0 creatures, gc=yes, wasm=skip
2026-10-05T19:56:43.871Z [INFO] [EvolveApp] [pid-3040482] [EvolveApp:industry] pre-iteration flush: symbol=MEDICAL-INSTRUMENTS-SUPPLIES, heap 24->20/85 MB, rss 196->196 MB, external 1->1 MB, arrayBuffers 0->0 MB, cleared 36 caches, disposed 0 creatures, gc=yes, wasm=skip
2026-10-05T19:56:43.886Z [INFO] [EvolveApp] [pid-3040482] [EvolveApp:industry] pre-iteration flush: symbol=RESTAURANTS, heap 23->20/86 MB, rss 196->196 MB, external 1->1 MB, arrayBuffers 0->0 MB, cleared 36 caches, disposed 0 creatures, gc=yes, wasm=skip
2026-10-05T19:56:43.901Z [INFO] [EvolveApp] [pid-3040482] [EvolveApp:industry] pre-iteration flush: symbol=INTERNET-CONTENT-INFORMATION, heap 24->20/86 MB, rss 196->196 MB, external 1->1 MB, arrayBuffers 0->0 MB, cleared 36 caches, disposed 0 creatures, gc=yes, wasm=skip
2026-10-05T19:56:43.914Z [INFO] [EvolveApp] [pid-3040482] [EvolveApp:industry] pre-iteration flush: symbol=HOUSEHOLD-PERSONAL-PRODUCTS, heap 22->20/86 MB, rss 196->196 MB, external 1->1 MB, arrayBuffers 0->0 MB, cleared 36 caches, disposed 0 creatures, gc=yes, wasm=skip
2026-10-05T19:56:43.934Z [INFO] [EvolveApp] [pid-3040482] [EvolveApp:industry] pre-iteration flush: symbol=ELECTRICAL-EQUIPMENT-PARTS, heap 25->20/86 MB, rss 196->196 MB, external 1->1 MB, arrayBuffers 0->0 MB, cleared 36 caches, disposed 0 creatures, gc=yes, wasm=skip
2026-10-05T19:56:43.954Z [INFO] [EvolveApp] [pid-3040482] [EvolveApp:industry] pre-iteration flush: symbol=RENTAL-LEASING-SERVICES, heap 24->20/86 MB, rss 196->196 MB, external 1->1 MB, arrayBuffers 0->0 MB, cleared 36 caches, disposed 0 creatures, gc=yes, wasm=skip
2026-10-05T19:56:43.970Z [INFO] [EvolveApp] [pid-3040482] [EvolveApp:industry] pre-iteration flush: symbol=COMPUTER-HARDWARE, heap 23->20/86 MB, rss 196->196 MB, external 1->1 MB, arrayBuffers 0->0 MB, cleared 36 caches, disposed 0 creatures, gc=yes, wasm=skip
2026-10-05T19:56:43.987Z [INFO] [EvolveApp] [pid-3040482] [EvolveApp:industry] pre-iteration flush: symbol=FURNISHINGS-FIXTURES-APPLIANCES, heap 23->20/86 MB, rss 196->196 MB, external 1->1 MB, arrayBuffers 0->0 MB, cleared 36 caches, disposed 0 creatures, gc=yes, wasm=skip
2026-10-05T19:56:44.001Z [INFO] [EvolveApp] [pid-3040482] [EvolveApp:industry] pre-iteration flush: symbol=ASSET-MANAGEMENT, heap 23->20/86 MB, rss 196->196 MB, external 1->1 MB, arrayBuffers 0->0 MB, cleared 36 caches, disposed 0 creatures, gc=yes, wasm=skip
2026-10-05T19:56:44.017Z [INFO] [EvolveApp] [pid-3040482] [EvolveApp:industry] pre-iteration flush: symbol=STATE-COMMERCIAL-BANKS, heap 24->20/86 MB, rss 196->196 MB, external 1->1 MB, arrayBuffers 0->0 MB, cleared 36 caches, disposed 0 creatures, gc=yes, wasm=skip
2026-10-05T19:56:44.033Z [INFO] [EvolveApp] [pid-3040482] [EvolveApp:industry] pre-iteration flush: symbol=CAPITAL-MARKETS, heap 23->20/86 MB, rss 196->196 MB, external 1->1 MB, arrayBuffers 0->0 MB, cleared 36 caches, disposed 0 creatures, gc=yes, wasm=skip
2026-10-05T19:56:44.049Z [INFO] [EvolveApp] [pid-3040482] [EvolveApp:industry] pre-iteration flush: symbol=SHELL-COMPANIES, heap 23->20/86 MB, rss 196->196 MB, external 1->1 MB, arrayBuffers 0->0 MB, cleared 36 caches, disposed 0 creatures, gc=yes, wasm=skip
2026-10-05T19:56:44.059Z [INFO] [EvolveApp] [pid-3040482] [EvolveApp:industry] pre-iteration flush: symbol=SPECIALTY-BUSINESS-SERVICES, heap 22->20/86 MB, rss 196->196 MB, external 1->1 MB, arrayBuffers 0->0 MB, cleared 36 caches, disposed 0 creatures, gc=yes, wasm=skip
2026-10-05T19:56:44.072Z [INFO] [EvolveApp] [pid-3040482] [EvolveApp:industry] pre-iteration flush: symbol=OIL-GAS-EP, heap 23->20/86 MB, rss 196->196 MB, external 1->1 MB, arrayBuffers 0->0 MB, cleared 36 caches, disposed 0 creatures, gc=yes, wasm=skip
2026-10-05T19:56:44.086Z [INFO] [EvolveApp] [pid-3040482] [EvolveApp:industry] pre-iteration flush: symbol=APPAREL-RETAIL, heap 23->20/86 MB, rss 196->196 MB, external 1->1 MB, arrayBuffers 0->0 MB, cleared 36 caches, disposed 0 creatures, gc=yes, wasm=skip
2026-10-05T19:56:44.104Z [INFO] [EvolveApp] [pid-3040482] [EvolveApp:industry] pre-iteration flush: symbol=AUTO-TRUCK-DEALERSHIPS, heap 25->20/86 MB, rss 196->196 MB, external 1->1 MB, arrayBuffers 0->0 MB, cleared 36 caches, disposed 0 creatures, gc=yes, wasm=skip
2026-10-05T19:56:44.121Z [INFO] [EvolveApp] [pid-3040482] [EvolveApp:industry] pre-iteration flush: symbol=OTHER-INDUSTRIAL-METALS-MINING, heap 24->20/86 MB, rss 196->196 MB, external 1->1 MB, arrayBuffers 0->0 MB, cleared 36 caches, disposed 0 creatures, gc=yes, wasm=skip
2026-10-05T19:56:44.138Z [INFO] [EvolveApp] [pid-3040482] [EvolveApp:industry] pre-iteration flush: symbol=ENTERTAINMENT_AGGREGATE, heap 24->20/86 MB, rss 196->196 MB, external 1->1 MB, arrayBuffers 0->0 MB, cleared 36 caches, disposed 0 creatures, gc=yes, wasm=skip
2026-10-05T19:56:44.155Z [INFO] [EvolveApp] [pid-3040482] [EvolveApp:industry] pre-iteration flush: symbol=SERVICES_AGGREGATE, heap 24->20/86 MB, rss 196->196 MB, external 1->1 MB, arrayBuffers 0->0 MB, cleared 36 caches, disposed 0 creatures, gc=yes, wasm=skip
2026-10-05T19:56:44.168Z [INFO] [EvolveApp] [pid-3040482] [EvolveApp:industry] pre-iteration flush: symbol=PACKAGED-FOODS, heap 22->20/86 MB, rss 196->196 MB, external 1->1 MB, arrayBuffers 0->0 MB, cleared 36 caches, disposed 0 creatures, gc=yes, wasm=skip
2026-10-05T19:56:44.181Z [INFO] [EvolveApp] [pid-3040482] [EvolveApp:industry] pre-iteration flush: symbol=AEROSPACE-DEFENSE, heap 22->20/86 MB, rss 196->196 MB, external 1->1 MB, arrayBuffers 0->0 MB, cleared 36 caches, disposed 0 creatures, gc=yes, wasm=skip
2026-10-05T19:56:44.196Z [INFO] [EvolveApp] [pid-3040482] [EvolveApp:industry] pre-iteration flush: symbol=DIAGNOSTICS-RESEARCH, heap 23->20/86 MB, rss 196->196 MB, external 1->1 MB, arrayBuffers 0->0 MB, cleared 36 caches, disposed 0 creatures, gc=yes, wasm=skip
2026-10-05T19:56:44.212Z [INFO] [EvolveApp] [pid-3040482] [EvolveApp:industry] pre-iteration flush: symbol=SURGICAL-MEDICAL-INSTRUMENTS-APPARATUS, heap 23->20/86 MB, rss 196->196 MB, external 1->1 MB, arrayBuffers 0->0 MB, cleared 36 caches, disposed 0 creatures, gc=yes, wasm=skip
2026-10-05T19:56:44.226Z [INFO] [EvolveApp] [pid-3040482] [EvolveApp:industry] pre-iteration flush: symbol=SECURITY-PROTECTION-SERVICES, heap 23->20/86 MB, rss 196->196 MB, external 1->1 MB, arrayBuffers 0->0 MB, cleared 36 caches, disposed 0 creatures, gc=yes, wasm=skip
2026-10-05T19:56:44.236Z [INFO] [EvolveApp] [pid-3040482] SECURITY-PROTECTION-SERVICES , score: 0.8980687226841273
2026-10-05T19:56:44.236Z [INFO] [EvolveApp] [pid-3040482] process (poor score) SECURITY-PROTECTION-SERVICES , score: 0.8980687226841273 lvl: 2
2026-10-05T19:56:47.066Z [INFO] [capPopulationLoader] [pid-3040482] [capPopulationLoader:industry:SECURITY-PROTECTION-SERVICES] skipped 12 overflowing-weight and 0 unreadable creature(s)
2026-10-05T19:56:47.081Z [INFO] [saveValidatedCreatureExport] [pid-3040482] [forward-only] saved file=../GRQ-portfolio/best/industry/v6/RESIDENTIAL-COMMERCIAL_REITS.json
2026-10-05T19:56:47.090Z [INFO] [saveValidatedCreatureExport] [pid-3040482] [forward-only] saved file=../GRQ-portfolio/best/industry/v6/INVESTMENT_HOLDING_COMPANIES.json
2026-10-05T19:56:47.098Z [INFO] [saveValidatedCreatureExport] [pid-3040482] [forward-only] saved file=../GRQ-portfolio/best/industry/v6/SERVICES-HOSPITALS.json
2026-10-05T19:56:47.106Z [INFO] [saveValidatedCreatureExport] [pid-3040482] [forward-only] saved file=../GRQ-portfolio/best/industry/v6/X-RAY_APPARATUS-TUBES-RELATED_IRRADIATION_APPARATUS.json
2026-10-05T19:56:47.114Z [INFO] [saveValidatedCreatureExport] [pid-3040482] [forward-only] saved file=../GRQ-portfolio/best/industry/v6/BANKING_SERVICES.json
2026-10-05T19:56:47.124Z [INFO] [saveValidatedCreatureExport] [pid-3040482] [forward-only] saved file=../GRQ-portfolio/best/industry/v6/HEALTH_CARE_PLANS.json
2026-10-05T19:56:47.131Z [INFO] [saveValidatedCreatureExport] [pid-3040482] [forward-only] saved file=../GRQ-portfolio/best/industry/v6/AUTOMOBILES-AUTO_PARTS.json
2026-10-05T19:56:47.136Z [INFO] [saveValidatedCreatureExport] [pid-3040482] [forward-only] saved file=../GRQ-portfolio/best/industry/v6/SOFTWARE-IT_SERVICES.json
2026-10-05T19:56:47.142Z [INFO] [saveValidatedCreatureExport] [pid-3040482] [forward-only] saved file=../GRQ-portfolio/best/industry/v6/FEDERAL-FEDERALLY-SPONSORED_CREDIT_AGENCIES.json
2026-10-05T19:56:47.147Z [INFO] [saveValidatedCreatureExport] [pid-3040482] [forward-only] saved file=../GRQ-portfolio/best/industry/v6/REAL_ESTATE_MANAGEMENT-DEVELOPMENT.json
2026-10-05T19:56:47.152Z [INFO] [saveValidatedCreatureExport] [pid-3040482] [forward-only] saved file=../GRQ-portfolio/best/industry/v6/COGENERATION_SERVICES-SMALL_POWER_PRODUCERS.json
2026-10-05T19:56:47.161Z [INFO] [saveValidatedCreatureExport] [pid-3040482] [forward-only] saved file=../GRQ-portfolio/best/industry/v6/WHOLESALE-ELECTRICAL_APPARATUS-EQUIPMENT_WIRING_SUPPLIES.json
2026-10-05T19:56:47.166Z [INFO] [saveValidatedCreatureExport] [pid-3040482] [forward-only] saved file=../GRQ-portfolio/best/industry/v6/SPECIALTY_FINANCE.json
2026-10-05T19:56:47.171Z [INFO] [saveValidatedCreatureExport] [pid-3040482] [forward-only] saved file=../GRQ-portfolio/best/industry/v6/GENERAL_BLDG_CONTRACTORS-NONRESIDENTIAL_BLDGS.json
2026-10-05T19:56:47.193Z [INFO] [saveValidatedCreatureExport] [pid-3040482] [forward-only] saved file=../GRQ-portfolio/best/industry/v6/BALL-ROLLER_BEARINGS.json
2026-10-05T19:56:47.204Z [INFO] [saveValidatedCreatureExport] [pid-3040482] [forward-only] saved file=../GRQ-portfolio/best/industry/v6/COMPUTER_STORAGE_DEVICES.json
2026-10-05T19:56:47.211Z [INFO] [saveValidatedCreatureExport] [pid-3040482] [forward-only] saved file=../GRQ-portfolio/best/industry/v6/ACCIDENT-HEALTH_INSURANCE.json
2026-10-05T19:56:47.218Z [INFO] [saveValidatedCreatureExport] [pid-3040482] [forward-only] saved file=../GRQ-portfolio/best/industry/v6/SERVICES-ADVERTISING_AGENCIES.json
2026-10-05T19:56:47.225Z [INFO] [saveValidatedCreatureExport] [pid-3040482] [forward-only] saved file=../GRQ-portfolio/best/industry/v6/SURETY_INSURANCE.json
2026-10-05T19:56:47.233Z [INFO] [saveValidatedCreatureExport] [pid-3040482] [forward-only] saved file=../GRQ-portfolio/best/industry/v6/HOTELS_ROOMING_HOUSES_CAMPS-OTHER_LODGING_PLACES.json
2026-10-05T19:56:47.244Z [INFO] [saveValidatedCreatureExport] [pid-3040482] [forward-only] saved file=../GRQ-portfolio/best/industry/v6/POWER_DISTRIBUTION-SPECIALTY_TRANSFORMERS.json
2026-10-05T19:56:47.252Z [INFO] [saveValidatedCreatureExport] [pid-3040482] [forward-only] saved file=../GRQ-portfolio/best/industry/v6/INFORMATION_TECHNOLOGY.json
2026-10-05T19:56:47.259Z [INFO] [saveValidatedCreatureExport] [pid-3040482] [forward-only] saved file=../GRQ-portfolio/best/industry/v6/LAND_SUBDIVIDERS-DEVELOPERS_NO_CEMETERIES.json
2026-10-05T19:56:47.262Z [INFO] [EvolveApp] [pid-3040482] 5 mutations, mutation rate 5.0%, elitism 8, mutation ALL, selection POWER
2026-10-05T19:56:47.262Z [INFO] [EvolveApp] [pid-3040482] Creature count: 50
[WasmWorkerInit] worker=worker-1 outcome=ok handshakeMs=58 cache=hit cacheDir=/home/nigel/.cache/neat-ai/wasm bundleBytes=1039872 bundleLoadMs=5 glueImportMs=31 instantiateMs=5 wasmTotalMs=42 workerError=none
[WasmWorkerInit] worker=worker-2 outcome=ok handshakeMs=279 cache=hit cacheDir=/home/nigel/.cache/neat-ai/wasm bundleBytes=1039872 bundleLoadMs=5 glueImportMs=31 instantiateMs=5 wasmTotalMs=42 workerError=none
[WasmWorkerInit] worker=worker-3 outcome=ok handshakeMs=282 cache=hit cacheDir=/home/nigel/.cache/neat-ai/wasm bundleBytes=1039872 bundleLoadMs=5 glueImportMs=31 instantiateMs=5 wasmTotalMs=42 workerError=none
[WasmWorkerInit] worker=worker-4 outcome=ok handshakeMs=280 cache=hit cacheDir=/home/nigel/.cache/neat-ai/wasm bundleBytes=1039872 bundleLoadMs=5 glueImportMs=31 instantiateMs=5 wasmTotalMs=42 workerError=none
[WasmWorkerInit] worker=worker-5 outcome=ok handshakeMs=280 cache=hit cacheDir=/home/nigel/.cache/neat-ai/wasm bundleBytes=1039872 bundleLoadMs=5 glueImportMs=31 instantiateMs=5 wasmTotalMs=42 workerError=none
[WasmWorkerInit] worker=worker-6 outcome=ok handshakeMs=282 cache=hit cacheDir=/home/nigel/.cache/neat-ai/wasm bundleBytes=1039872 bundleLoadMs=5 glueImportMs=31 instantiateMs=5 wasmTotalMs=42 workerError=none
DeDuplication of 1 creatures to 50 in 632ms (previous experiment 1ms)
[NEAT-AI] Batch scorer partition: 50 forwardOnly batched, 0 recurrent batched, 0 per-creature
*** MESA_GLSL_CACHE_DISABLE is deprecated; use MESA_SHADER_CACHE_DISABLE instead ***
✅ GPU acceleration enabled via Vulkan.
[WorkerHandler] Posting discovery request to worker (taskID: 2)
[neat-ai] running version 7.0.49
[neat-ai] running version 7.0.49
[neat-ai] running version 7.0.49
[WasmWorkerInit] worker=worker-7 outcome=ok handshakeMs=70 cache=hit cacheDir=/home/nigel/.cache/neat-ai/wasm bundleBytes=1039872 bundleLoadMs=5 glueImportMs=31 instantiateMs=5 wasmTotalMs=42 workerError=none
[neat-ai] running version 7.0.49
[neat-ai] running version 7.0.49
[NEAT-AI] trainDir FFI libneat_ai_backpropagation loaded from /home/nigel/.cargo/lib/libneat_ai_backpropagation.so
[NEAT-AI] trainDir using FFI libneat_ai_backpropagation
[neat-ai] running version 7.0.49
[Worker] Starting discovery for creature (taskID: 2)...
*** MESA_GLSL_CACHE_DISABLE is deprecated; use MESA_SHADER_CACHE_DISABLE instead ***
✅ GPU acceleration enabled via Vulkan.
[WasmWorkerInit] worker=worker-8 outcome=ok handshakeMs=1315 cache=hit cacheDir=/home/nigel/.cache/neat-ai/wasm bundleBytes=1039872 bundleLoadMs=5 glueImportMs=31 instantiateMs=5 wasmTotalMs=42 workerError=none
[NEAT-AI] trainDir FFI libneat_ai_backpropagation loaded from /home/nigel/.cargo/lib/libneat_ai_backpropagation.so
[NEAT-AI] trainDir using FFI libneat_ai_backpropagation
[NEAT-AI] Batch scorer partition: 26 forwardOnly batched, 0 recurrent batched, 0 per-creature
[WasmWorkerInit] worker=worker-9 outcome=ok handshakeMs=738 cache=hit cacheDir=/home/nigel/.cache/neat-ai/wasm bundleBytes=1039872 bundleLoadMs=5 glueImportMs=31 instantiateMs=5 wasmTotalMs=42 workerError=none
Fine tuning increased fitness by 1.2534010662701434e-7 to 0.8980688479306305 adjusted 1 weight 
[WasmWorkerInit] worker=worker-10 outcome=ok handshakeMs=2221 cache=hit cacheDir=/home/nigel/.cache/neat-ai/wasm bundleBytes=1039872 bundleLoadMs=5 glueImportMs=31 instantiateMs=5 wasmTotalMs=42 workerError=none
[NEAT-AI] Batch scorer partition: 24 forwardOnly batched, 0 recurrent batched, 0 per-creature
[WasmWorkerInit] worker=worker-11 outcome=ok handshakeMs=689 cache=hit cacheDir=/home/nigel/.cache/neat-ai/wasm bundleBytes=1039872 bundleLoadMs=5 glueImportMs=31 instantiateMs=5 wasmTotalMs=42 workerError=none
[WasmWorkerInit] worker=worker-12 outcome=ok handshakeMs=459 cache=hit cacheDir=/home/nigel/.cache/neat-ai/wasm bundleBytes=1039872 bundleLoadMs=5 glueImportMs=31 instantiateMs=5 wasmTotalMs=42 workerError=none
[neat-ai] running version 7.0.49
Fine tuning increased fitness by 2.375652432551334e-7 to 0.8980690854958737 adjusted 1 weight 
[NEAT-AI] Batch scorer partition: 26 forwardOnly batched, 0 recurrent batched, 0 per-creature
[WasmWorkerInit] worker=worker-13 outcome=ok handshakeMs=951 cache=hit cacheDir=/home/nigel/.cache/neat-ai/wasm bundleBytes=1039872 bundleLoadMs=5 glueImportMs=31 instantiateMs=5 wasmTotalMs=42 workerError=none
[WasmWorkerInit] worker=worker-14 outcome=ok handshakeMs=548 cache=hit cacheDir=/home/nigel/.cache/neat-ai/wasm bundleBytes=1039872 bundleLoadMs=5 glueImportMs=31 instantiateMs=5 wasmTotalMs=42 workerError=none
Fine tuning increased fitness by 4.609440589220526e-7 to 0.8980695464399326 adjusted 1 weight 
[Neat] Discovery replay: no improvement found (evaluated: 0)
[WasmWorkerInit] worker=worker-15 outcome=ok handshakeMs=1440 cache=hit cacheDir=/home/nigel/.cache/neat-ai/wasm bundleBytes=1039872 bundleLoadMs=5 glueImportMs=31 instantiateMs=5 wasmTotalMs=42 workerError=none
[NEAT-AI] Batch scorer partition: 23 forwardOnly batched, 0 recurrent batched, 0 per-creature
[WasmWorkerInit] worker=worker-16 outcome=ok handshakeMs=604 cache=hit cacheDir=/home/nigel/.cache/neat-ai/wasm bundleBytes=1039872 bundleLoadMs=5 glueImportMs=31 instantiateMs=5 wasmTotalMs=42 workerError=none
Fine tuning increased fitness by 9.341845013111083e-7 to 0.898070480624434 adjusted 1 weight 
[WasmWorkerInit] worker=worker-17 outcome=ok handshakeMs=1450 cache=hit cacheDir=/home/nigel/.cache/neat-ai/wasm bundleBytes=1039872 bundleLoadMs=5 glueImportMs=31 instantiateMs=5 wasmTotalMs=42 workerError=none
[NEAT-AI] Batch scorer partition: 24 forwardOnly batched, 0 recurrent batched, 0 per-creature
[WasmWorkerInit] worker=worker-18 outcome=ok handshakeMs=740 cache=hit cacheDir=/home/nigel/.cache/neat-ai/wasm bundleBytes=1039872 bundleLoadMs=5 glueImportMs=31 instantiateMs=5 wasmTotalMs=42 workerError=none
[neat-ai] running version 7.0.49
Fine tuning increased fitness by 0.0000020501529817140707 to 0.8980725307774157 adjusted 1 weight 
[Neat] Discovery replay: no improvement found (evaluated: 0)
[WasmWorkerInit] worker=worker-19 outcome=ok handshakeMs=1658 cache=hit cacheDir=/home/nigel/.cache/neat-ai/wasm bundleBytes=1039872 bundleLoadMs=5 glueImportMs=31 instantiateMs=5 wasmTotalMs=42 workerError=none
[NEAT-AI] Batch scorer partition: 23 forwardOnly batched, 0 recurrent batched, 0 per-creature
[WasmWorkerInit] worker=worker-20 outcome=ok handshakeMs=681 cache=hit cacheDir=/home/nigel/.cache/neat-ai/wasm bundleBytes=1039872 bundleLoadMs=5 glueImportMs=31 instantiateMs=5 wasmTotalMs=42 workerError=none
Fine tuning increased fitness by 0.000004688742182401562 to 0.8980772195195981 adjusted 1 weight 
[WasmWorkerInit] worker=worker-21 outcome=ok handshakeMs=1254 cache=hit cacheDir=/home/nigel/.cache/neat-ai/wasm bundleBytes=1039872 bundleLoadMs=5 glueImportMs=31 instantiateMs=5 wasmTotalMs=42 workerError=none
[NEAT-AI] Batch scorer partition: 25 forwardOnly batched, 0 recurrent batched, 0 per-creature
[WasmWorkerInit] worker=worker-22 outcome=ok handshakeMs=736 cache=hit cacheDir=/home/nigel/.cache/neat-ai/wasm bundleBytes=1039872 bundleLoadMs=5 glueImportMs=31 instantiateMs=5 wasmTotalMs=42 workerError=none
Fine tuning increased fitness by 0.0000017942222430011867 to 0.8980790137418411 adjusted 1 weight 
[WasmWorkerInit] worker=worker-23 outcome=ok handshakeMs=1721 cache=hit cacheDir=/home/nigel/.cache/neat-ai/wasm bundleBytes=1039872 bundleLoadMs=5 glueImportMs=31 instantiateMs=5 wasmTotalMs=42 workerError=none
[NEAT-AI] Batch scorer partition: 28 forwardOnly batched, 0 recurrent batched, 0 per-creature
[WasmWorkerInit] worker=worker-24 outcome=ok handshakeMs=733 cache=hit cacheDir=/home/nigel/.cache/neat-ai/wasm bundleBytes=1039872 bundleLoadMs=5 glueImportMs=31 instantiateMs=5 wasmTotalMs=42 workerError=none
[neat-ai] running version 7.0.49
[Neat] Discovery replay: no improvement found (evaluated: 0)
[WasmWorkerInit] worker=worker-25 outcome=ok handshakeMs=1205 cache=hit cacheDir=/home/nigel/.cache/neat-ai/wasm bundleBytes=1039872 bundleLoadMs=5 glueImportMs=31 instantiateMs=5 wasmTotalMs=42 workerError=none
[NEAT-AI] Batch scorer partition: 25 forwardOnly batched, 0 recurrent batched, 0 per-creature
[WasmWorkerInit] worker=worker-26 outcome=ok handshakeMs=846 cache=hit cacheDir=/home/nigel/.cache/neat-ai/wasm bundleBytes=1039872 bundleLoadMs=5 glueImportMs=31 instantiateMs=5 wasmTotalMs=42 workerError=none
[WasmWorkerInit] worker=worker-27 outcome=ok handshakeMs=1850 cache=hit cacheDir=/home/nigel/.cache/neat-ai/wasm bundleBytes=1039872 bundleLoadMs=5 glueImportMs=31 instantiateMs=5 wasmTotalMs=42 workerError=none
[WasmWorkerInit] worker=worker-28 outcome=ok handshakeMs=571 cache=hit cacheDir=/home/nigel/.cache/neat-ai/wasm bundleBytes=1039872 bundleLoadMs=5 glueImportMs=31 instantiateMs=5 wasmTotalMs=42 workerError=none
Generation 10 score 0.8980790137418411 (avg: 0.8217) error 0.101874221461215 avg time 2s 655ms
[NEAT-AI] Batch scorer partition: 21 forwardOnly batched, 0 recurrent batched, 0 per-creature
[WasmWorkerInit] worker=worker-29 outcome=ok handshakeMs=682 cache=hit cacheDir=/home/nigel/.cache/neat-ai/wasm bundleBytes=1039872 bundleLoadMs=5 glueImportMs=31 instantiateMs=5 wasmTotalMs=42 workerError=none
[WasmWorkerInit] worker=worker-30 outcome=ok handshakeMs=1132 cache=hit cacheDir=/home/nigel/.cache/neat-ai/wasm bundleBytes=1039872 bundleLoadMs=5 glueImportMs=31 instantiateMs=5 wasmTotalMs=42 workerError=none
[neat-ai] running version 7.0.49
[NEAT-AI] Batch scorer partition: 19 forwardOnly batched, 0 recurrent batched, 0 per-creature
[Neat] Discovery replay: no improvement found (evaluated: 0)
[NEAT-AI] Batch scorer partition: 18 forwardOnly batched, 0 recurrent batched, 0 per-creature
[NEAT-AI] Batch scorer partition: 18 forwardOnly batched, 0 recurrent batched, 0 per-creature
[WasmWorkerInit] worker=worker-31 outcome=ok handshakeMs=93 cache=hit cacheDir=/home/nigel/.cache/neat-ai/wasm bundleBytes=1039872 bundleLoadMs=5 glueImportMs=31 instantiateMs=5 wasmTotalMs=42 workerError=none
[WasmWorkerInit] worker=worker-32 outcome=ok handshakeMs=683 cache=hit cacheDir=/home/nigel/.cache/neat-ai/wasm bundleBytes=1039872 bundleLoadMs=5 glueImportMs=31 instantiateMs=5 wasmTotalMs=42 workerError=none
[NEAT-AI] Batch scorer partition: 33 forwardOnly batched, 0 recurrent batched, 0 per-creature
[WasmWorkerInit] worker=worker-33 outcome=ok handshakeMs=722 cache=hit cacheDir=/home/nigel/.cache/neat-ai/wasm bundleBytes=1039872 bundleLoadMs=5 glueImportMs=31 instantiateMs=5 wasmTotalMs=42 workerError=none
[WasmWorkerInit] worker=worker-34 outcome=ok handshakeMs=421 cache=hit cacheDir=/home/nigel/.cache/neat-ai/wasm bundleBytes=1039872 bundleLoadMs=5 glueImportMs=31 instantiateMs=5 wasmTotalMs=42 workerError=none
Fine tuning increased fitness by 2.627725241843848e-7 to 0.8980795624400025 adjusted 3 weights 
[WasmWorkerInit] worker=worker-35 outcome=ok handshakeMs=1273 cache=hit cacheDir=/home/nigel/.cache/neat-ai/wasm bundleBytes=1039872 bundleLoadMs=5 glueImportMs=31 instantiateMs=5 wasmTotalMs=42 workerError=none
[WasmWorkerInit] worker=worker-36 outcome=ok handshakeMs=805 cache=hit cacheDir=/home/nigel/.cache/neat-ai/wasm bundleBytes=1039872 bundleLoadMs=5 glueImportMs=31 instantiateMs=5 wasmTotalMs=42 workerError=none
[neat-ai] running version 7.0.49
[NEAT-AI] Batch scorer partition: 36 forwardOnly batched, 0 recurrent batched, 0 per-creature
[WasmWorkerInit] worker=worker-37 outcome=ok handshakeMs=650 cache=hit cacheDir=/home/nigel/.cache/neat-ai/wasm bundleBytes=1039872 bundleLoadMs=5 glueImportMs=31 instantiateMs=5 wasmTotalMs=42 workerError=none
[WasmWorkerInit] worker=worker-38 outcome=ok handshakeMs=893 cache=hit cacheDir=/home/nigel/.cache/neat-ai/wasm bundleBytes=1039872 bundleLoadMs=5 glueImportMs=31 instantiateMs=5 wasmTotalMs=42 workerError=none
[Neat] Discovery replay: no improvement found (evaluated: 0)
[WasmWorkerInit] worker=worker-39 outcome=ok handshakeMs=883 cache=hit cacheDir=/home/nigel/.cache/neat-ai/wasm bundleBytes=1039872 bundleLoadMs=5 glueImportMs=31 instantiateMs=5 wasmTotalMs=42 workerError=none
[WasmWorkerInit] worker=worker-40 outcome=ok handshakeMs=836 cache=hit cacheDir=/home/nigel/.cache/neat-ai/wasm bundleBytes=1039872 bundleLoadMs=5 glueImportMs=31 instantiateMs=5 wasmTotalMs=42 workerError=none
[WasmWorkerInit] worker=worker-41 outcome=ok handshakeMs=664 cache=hit cacheDir=/home/nigel/.cache/neat-ai/wasm bundleBytes=1039872 bundleLoadMs=5 glueImportMs=31 instantiateMs=5 wasmTotalMs=42 workerError=none
[NEAT-AI] Batch scorer partition: 34 forwardOnly batched, 0 recurrent batched, 0 per-creature
[WasmWorkerInit] worker=worker-42 outcome=ok handshakeMs=508 cache=hit cacheDir=/home/nigel/.cache/neat-ai/wasm bundleBytes=1039872 bundleLoadMs=5 glueImportMs=31 instantiateMs=5 wasmTotalMs=42 workerError=none
[neat-ai] running version 7.0.49
[Neat] Discovery replay: no improvement found (evaluated: 0)
[WasmWorkerInit] worker=worker-43 outcome=ok handshakeMs=1345 cache=hit cacheDir=/home/nigel/.cache/neat-ai/wasm bundleBytes=1039872 bundleLoadMs=5 glueImportMs=31 instantiateMs=5 wasmTotalMs=42 workerError=none
[WasmWorkerInit] worker=worker-44 outcome=ok handshakeMs=704 cache=hit cacheDir=/home/nigel/.cache/neat-ai/wasm bundleBytes=1039872 bundleLoadMs=5 glueImportMs=31 instantiateMs=5 wasmTotalMs=42 workerError=none
[NEAT-AI] Batch scorer partition: 21 forwardOnly batched, 0 recurrent batched, 0 per-creature
[WasmWorkerInit] worker=worker-45 outcome=ok handshakeMs=584 cache=hit cacheDir=/home/nigel/.cache/neat-ai/wasm bundleBytes=1039872 bundleLoadMs=5 glueImportMs=31 instantiateMs=5 wasmTotalMs=42 workerError=none
Fine tuning increased fitness by 2.77247640401157e-8 to 0.8980798469026857 adjusted 1 weight 
[WasmWorkerInit] worker=worker-46 outcome=ok handshakeMs=1055 cache=hit cacheDir=/home/nigel/.cache/neat-ai/wasm bundleBytes=1039872 bundleLoadMs=5 glueImportMs=31 instantiateMs=5 wasmTotalMs=42 workerError=none
[WasmWorkerInit] worker=worker-47 outcome=ok handshakeMs=760 cache=hit cacheDir=/home/nigel/.cache/neat-ai/wasm bundleBytes=1039872 bundleLoadMs=5 glueImportMs=31 instantiateMs=5 wasmTotalMs=42 workerError=none
[NEAT-AI] Batch scorer partition: 23 forwardOnly batched, 0 recurrent batched, 0 per-creature
[WasmWorkerInit] worker=worker-48 outcome=ok handshakeMs=696 cache=hit cacheDir=/home/nigel/.cache/neat-ai/wasm bundleBytes=1039872 bundleLoadMs=5 glueImportMs=31 instantiateMs=5 wasmTotalMs=42 workerError=none
[neat-ai] running version 7.0.49
[Neat] Discovery replay: no improvement found (evaluated: 0)
[WasmWorkerInit] worker=worker-49 outcome=ok handshakeMs=1374 cache=hit cacheDir=/home/nigel/.cache/neat-ai/wasm bundleBytes=1039872 bundleLoadMs=5 glueImportMs=31 instantiateMs=5 wasmTotalMs=42 workerError=none
[WasmWorkerInit] worker=worker-50 outcome=ok handshakeMs=783 cache=hit cacheDir=/home/nigel/.cache/neat-ai/wasm bundleBytes=1039872 bundleLoadMs=5 glueImportMs=31 instantiateMs=5 wasmTotalMs=42 workerError=none
[NEAT-AI] Batch scorer partition: 15 forwardOnly batched, 0 recurrent batched, 0 per-creature
[WasmWorkerInit] worker=worker-51 outcome=ok handshakeMs=413 cache=hit cacheDir=/home/nigel/.cache/neat-ai/wasm bundleBytes=1039872 bundleLoadMs=5 glueImportMs=31 instantiateMs=5 wasmTotalMs=42 workerError=none
Fine tuning increased fitness by 0.000008092407801529866 to 0.8980879960678979 adjusted 1 weight 
[WasmWorkerInit] worker=worker-52 outcome=ok handshakeMs=1038 cache=hit cacheDir=/home/nigel/.cache/neat-ai/wasm bundleBytes=1039872 bundleLoadMs=5 glueImportMs=31 instantiateMs=5 wasmTotalMs=42 workerError=none
[WasmWorkerInit] worker=worker-53 outcome=ok handshakeMs=799 cache=hit cacheDir=/home/nigel/.cache/neat-ai/wasm bundleBytes=1039872 bundleLoadMs=5 glueImportMs=31 instantiateMs=5 wasmTotalMs=42 workerError=none
Generation 20 score 0.8980879960678979 (avg: 0.8958) error 0.10186523895430494 avg time 2s 815ms
[NEAT-AI] Batch scorer partition: 25 forwardOnly batched, 0 recurrent batched, 0 per-creature
[WasmWorkerInit] worker=worker-54 outcome=ok handshakeMs=586 cache=hit cacheDir=/home/nigel/.cache/neat-ai/wasm bundleBytes=1039872 bundleLoadMs=5 glueImportMs=31 instantiateMs=5 wasmTotalMs=42 workerError=none
[neat-ai] running version 7.0.49
Fine tuning increased fitness by 0.00001257987378644465 to 0.8981005759416844 adjusted 1 weight 
[Neat] Discovery replay: no improvement found (evaluated: 0)
[WasmWorkerInit] worker=worker-55 outcome=ok handshakeMs=1301 cache=hit cacheDir=/home/nigel/.cache/neat-ai/wasm bundleBytes=1039872 bundleLoadMs=5 glueImportMs=31 instantiateMs=5 wasmTotalMs=42 workerError=none
[WasmWorkerInit] worker=worker-56 outcome=ok handshakeMs=656 cache=hit cacheDir=/home/nigel/.cache/neat-ai/wasm bundleBytes=1039872 bundleLoadMs=5 glueImportMs=31 instantiateMs=5 wasmTotalMs=42 workerError=none
[NEAT-AI] Batch scorer partition: 18 forwardOnly batched, 0 recurrent batched, 0 per-creature
[WasmWorkerInit] worker=worker-57 outcome=ok handshakeMs=615 cache=hit cacheDir=/home/nigel/.cache/neat-ai/wasm bundleBytes=1039872 bundleLoadMs=5 glueImportMs=31 instantiateMs=5 wasmTotalMs=42 workerError=none
Fine tuning increased fitness by 0.000001828438273787647 to 0.8981024043799581 adjusted 1 weight 
[WasmWorkerInit] worker=worker-58 outcome=ok handshakeMs=1189 cache=hit cacheDir=/home/nigel/.cache/neat-ai/wasm bundleBytes=1039872 bundleLoadMs=5 glueImportMs=31 instantiateMs=5 wasmTotalMs=42 workerError=none
[NEAT-AI] Batch scorer partition: 19 forwardOnly batched, 0 recurrent batched, 0 per-creature
[WasmWorkerInit] worker=worker-59 outcome=ok handshakeMs=883 cache=hit cacheDir=/home/nigel/.cache/neat-ai/wasm bundleBytes=1039872 bundleLoadMs=5 glueImportMs=31 instantiateMs=5 wasmTotalMs=42 workerError=none
[WasmWorkerInit] worker=worker-60 outcome=ok handshakeMs=1818 cache=hit cacheDir=/home/nigel/.cache/neat-ai/wasm bundleBytes=1039872 bundleLoadMs=5 glueImportMs=31 instantiateMs=5 wasmTotalMs=42 workerError=none
[neat-ai] running version 7.0.49
[WasmWorkerInit] worker=worker-61 outcome=ok handshakeMs=640 cache=hit cacheDir=/home/nigel/.cache/neat-ai/wasm bundleBytes=1039872 bundleLoadMs=5 glueImportMs=31 instantiateMs=5 wasmTotalMs=42 workerError=none
[NEAT-AI] Batch scorer partition: 33 forwardOnly batched, 0 recurrent batched, 0 per-creature
[WasmWorkerInit] worker=worker-62 outcome=ok handshakeMs=540 cache=hit cacheDir=/home/nigel/.cache/neat-ai/wasm bundleBytes=1039872 bundleLoadMs=5 glueImportMs=31 instantiateMs=5 wasmTotalMs=42 workerError=none
Fine tuning increased fitness by 6.58831459388054e-8 to 0.8981024702631041 adjusted 1 weight 
[Neat] Discovery replay: no improvement found (evaluated: 0)
[WasmWorkerInit] worker=worker-63 outcome=ok handshakeMs=1187 cache=hit cacheDir=/home/nigel/.cache/neat-ai/wasm bundleBytes=1039872 bundleLoadMs=5 glueImportMs=31 instantiateMs=5 wasmTotalMs=42 workerError=none
[WasmWorkerInit] worker=worker-64 outcome=ok handshakeMs=877 cache=hit cacheDir=/home/nigel/.cache/neat-ai/wasm bundleBytes=1039872 bundleLoadMs=5 glueImportMs=31 instantiateMs=5 wasmTotalMs=42 workerError=none
[NEAT-AI] Batch scorer partition: 23 forwardOnly batched, 0 recurrent batched, 0 per-creature
[WasmWorkerInit] worker=worker-65 outcome=ok handshakeMs=1038 cache=hit cacheDir=/home/nigel/.cache/neat-ai/wasm bundleBytes=1039872 bundleLoadMs=5 glueImportMs=31 instantiateMs=5 wasmTotalMs=42 workerError=none
[WasmWorkerInit] worker=worker-66 outcome=ok handshakeMs=583 cache=hit cacheDir=/home/nigel/.cache/neat-ai/wasm bundleBytes=1039872 bundleLoadMs=5 glueImportMs=31 instantiateMs=5 wasmTotalMs=42 workerError=none
[neat-ai] running version 7.0.49
Fine tuning increased fitness by 1.9805906914527327e-8 to 0.898102490069011 adjusted 1 weight 
[NEAT-AI] Batch scorer partition: 23 forwardOnly batched, 0 recurrent batched, 0 per-creature
[WasmWorkerInit] worker=worker-67 outcome=ok handshakeMs=951 cache=hit cacheDir=/home/nigel/.cache/neat-ai/wasm bundleBytes=1039872 bundleLoadMs=5 glueImportMs=31 instantiateMs=5 wasmTotalMs=42 workerError=none
Fine tuning increased fitness by 1.087125500731645e-9 to 0.8981024911561365 adjusted 1 weight 
[Neat] Discovery replay: no improvement found (evaluated: 0)
[WasmWorkerInit] worker=worker-68 outcome=ok handshakeMs=1889 cache=hit cacheDir=/home/nigel/.cache/neat-ai/wasm bundleBytes=1039872 bundleLoadMs=5 glueImportMs=31 instantiateMs=5 wasmTotalMs=42 workerError=none
[NEAT-AI] Batch scorer partition: 19 forwardOnly batched, 0 recurrent batched, 0 per-creature
[WasmWorkerInit] worker=worker-69 outcome=ok handshakeMs=703 cache=hit cacheDir=/home/nigel/.cache/neat-ai/wasm bundleBytes=1039872 bundleLoadMs=5 glueImportMs=31 instantiateMs=5 wasmTotalMs=42 workerError=none
[WasmWorkerInit] worker=worker-70 outcome=ok handshakeMs=1291 cache=hit cacheDir=/home/nigel/.cache/neat-ai/wasm bundleBytes=1039872 bundleLoadMs=5 glueImportMs=31 instantiateMs=5 wasmTotalMs=42 workerError=none
[WasmWorkerInit] worker=worker-71 outcome=ok handshakeMs=897 cache=hit cacheDir=/home/nigel/.cache/neat-ai/wasm bundleBytes=1039872 bundleLoadMs=5 glueImportMs=31 instantiateMs=5 wasmTotalMs=42 workerError=none
[NEAT-AI] Batch scorer partition: 32 forwardOnly batched, 0 recurrent batched, 0 per-creature
[WasmWorkerInit] worker=worker-72 outcome=ok handshakeMs=628 cache=hit cacheDir=/home/nigel/.cache/neat-ai/wasm bundleBytes=1039872 bundleLoadMs=5 glueImportMs=31 instantiateMs=5 wasmTotalMs=42 workerError=none
[neat-ai] running version 7.0.49
[Neat] Discovery replay: no improvement found (evaluated: 0)
[WasmWorkerInit] worker=worker-73 outcome=ok handshakeMs=1669 cache=hit cacheDir=/home/nigel/.cache/neat-ai/wasm bundleBytes=1039872 bundleLoadMs=5 glueImportMs=31 instantiateMs=5 wasmTotalMs=42 workerError=none
[WasmWorkerInit] worker=worker-74 outcome=ok handshakeMs=599 cache=hit cacheDir=/home/nigel/.cache/neat-ai/wasm bundleBytes=1039872 bundleLoadMs=5 glueImportMs=31 instantiateMs=5 wasmTotalMs=42 workerError=none
[NEAT-AI] Batch scorer partition: 35 forwardOnly batched, 0 recurrent batched, 0 per-creature
[WasmWorkerInit] worker=worker-75 outcome=ok handshakeMs=808 cache=hit cacheDir=/home/nigel/.cache/neat-ai/wasm bundleBytes=1039872 bundleLoadMs=5 glueImportMs=31 instantiateMs=5 wasmTotalMs=42 workerError=none
[WasmWorkerInit] worker=worker-76 outcome=ok handshakeMs=531 cache=hit cacheDir=/home/nigel/.cache/neat-ai/wasm bundleBytes=1039872 bundleLoadMs=5 glueImportMs=31 instantiateMs=5 wasmTotalMs=42 workerError=none
[WasmWorkerInit] worker=worker-77 outcome=ok handshakeMs=1050 cache=hit cacheDir=/home/nigel/.cache/neat-ai/wasm bundleBytes=1039872 bundleLoadMs=5 glueImportMs=31 instantiateMs=5 wasmTotalMs=42 workerError=none
[WasmWorkerInit] worker=worker-78 outcome=ok handshakeMs=817 cache=hit cacheDir=/home/nigel/.cache/neat-ai/wasm bundleBytes=1039872 bundleLoadMs=5 glueImportMs=31 instantiateMs=5 wasmTotalMs=42 workerError=none
[neat-ai] running version 7.0.49
[NEAT-AI] Batch scorer partition: 36 forwardOnly batched, 0 recurrent batched, 0 per-creature
Fine tuning increased fitness by 1.0631495683810499e-10 to 0.8981024912624515 adjusted 1 weight 
[Neat] Discovery replay: no improvement found (evaluated: 0)
[WasmWorkerInit] worker=worker-79 outcome=ok handshakeMs=249 cache=hit cacheDir=/home/nigel/.cache/neat-ai/wasm bundleBytes=1039872 bundleLoadMs=5 glueImportMs=31 instantiateMs=5 wasmTotalMs=42 workerError=none
[WasmWorkerInit] worker=worker-80 outcome=ok handshakeMs=642 cache=hit cacheDir=/home/nigel/.cache/neat-ai/wasm bundleBytes=1039872 bundleLoadMs=5 glueImportMs=31 instantiateMs=5 wasmTotalMs=42 workerError=none
Generation 30 score 0.8981024912624515 (avg: 0.8955) error 0.10185074368213215 avg time 2s 971ms
[NEAT-AI] Batch scorer partition: 24 forwardOnly batched, 0 recurrent batched, 0 per-creature
[WasmWorkerInit] worker=worker-81 outcome=ok handshakeMs=589 cache=hit cacheDir=/home/nigel/.cache/neat-ai/wasm bundleBytes=1039872 bundleLoadMs=5 glueImportMs=31 instantiateMs=5 wasmTotalMs=42 workerError=none
[WasmWorkerInit] worker=worker-82 outcome=ok handshakeMs=779 cache=hit cacheDir=/home/nigel/.cache/neat-ai/wasm bundleBytes=1039872 bundleLoadMs=5 glueImportMs=31 instantiateMs=5 wasmTotalMs=42 workerError=none
[WasmWorkerInit] worker=worker-83 outcome=ok handshakeMs=788 cache=hit cacheDir=/home/nigel/.cache/neat-ai/wasm bundleBytes=1039872 bundleLoadMs=5 glueImportMs=31 instantiateMs=5 wasmTotalMs=42 workerError=none
[NEAT-AI] Batch scorer partition: 32 forwardOnly batched, 0 recurrent batched, 0 per-creature
[WasmWorkerInit] worker=worker-84 outcome=ok handshakeMs=979 cache=hit cacheDir=/home/nigel/.cache/neat-ai/wasm bundleBytes=1039872 bundleLoadMs=5 glueImportMs=31 instantiateMs=5 wasmTotalMs=42 workerError=none
[neat-ai] running version 7.0.49
[Neat] Discovery replay: no improvement found (evaluated: 0)
[NEAT-AI] Batch scorer partition: 31 forwardOnly batched, 0 recurrent batched, 0 per-creature
[NEAT-AI] Batch scorer partition: 29 forwardOnly batched, 0 recurrent batched, 0 per-creature
[NEAT-AI] Batch scorer partition: 29 forwardOnly batched, 0 recurrent batched, 0 per-creature
[WasmWorkerInit] worker=worker-85 outcome=ok handshakeMs=388 cache=hit cacheDir=/home/nigel/.cache/neat-ai/wasm bundleBytes=1039872 bundleLoadMs=5 glueImportMs=31 instantiateMs=5 wasmTotalMs=42 workerError=none
[WasmWorkerInit] worker=worker-86 outcome=ok handshakeMs=875 cache=hit cacheDir=/home/nigel/.cache/neat-ai/wasm bundleBytes=1039872 bundleLoadMs=5 glueImportMs=31 instantiateMs=5 wasmTotalMs=42 workerError=none
[NEAT-AI] Batch scorer partition: 32 forwardOnly batched, 0 recurrent batched, 0 per-creature
[WasmWorkerInit] worker=worker-87 outcome=ok handshakeMs=1364 cache=hit cacheDir=/home/nigel/.cache/neat-ai/wasm bundleBytes=1039872 bundleLoadMs=5 glueImportMs=31 instantiateMs=5 wasmTotalMs=42 workerError=none
[WasmWorkerInit] worker=worker-88 outcome=ok handshakeMs=461 cache=hit cacheDir=/home/nigel/.cache/neat-ai/wasm bundleBytes=1039872 bundleLoadMs=5 glueImportMs=31 instantiateMs=5 wasmTotalMs=42 workerError=none
[WasmWorkerInit] worker=worker-89 outcome=ok handshakeMs=988 cache=hit cacheDir=/home/nigel/.cache/neat-ai/wasm bundleBytes=1039872 bundleLoadMs=5 glueImportMs=31 instantiateMs=5 wasmTotalMs=42 workerError=none
[WasmWorkerInit] worker=worker-90 outcome=ok handshakeMs=703 cache=hit cacheDir=/home/nigel/.cache/neat-ai/wasm bundleBytes=1039872 bundleLoadMs=5 glueImportMs=31 instantiateMs=5 wasmTotalMs=42 workerError=none
[neat-ai] running version 7.0.49
[NEAT-AI] Batch scorer partition: 25 forwardOnly batched, 0 recurrent batched, 0 per-creature
[WasmWorkerInit] worker=worker-91 outcome=ok handshakeMs=1506 cache=hit cacheDir=/home/nigel/.cache/neat-ai/wasm bundleBytes=1039872 bundleLoadMs=5 glueImportMs=31 instantiateMs=5 wasmTotalMs=42 workerError=none
[WasmWorkerInit] worker=worker-92 outcome=ok handshakeMs=532 cache=hit cacheDir=/home/nigel/.cache/neat-ai/wasm bundleBytes=1039872 bundleLoadMs=5 glueImportMs=31 instantiateMs=5 wasmTotalMs=42 workerError=none
[Neat] Discovery replay: no improvement found (evaluated: 0)
[WasmWorkerInit] worker=worker-93 outcome=ok handshakeMs=761 cache=hit cacheDir=/home/nigel/.cache/neat-ai/wasm bundleBytes=1039872 bundleLoadMs=5 glueImportMs=31 instantiateMs=5 wasmTotalMs=42 workerError=none
[WasmWorkerInit] worker=worker-94 outcome=ok handshakeMs=712 cache=hit cacheDir=/home/nigel/.cache/neat-ai/wasm bundleBytes=1039872 bundleLoadMs=5 glueImportMs=31 instantiateMs=5 wasmTotalMs=42 workerError=none
[NEAT-AI] Batch scorer partition: 17 forwardOnly batched, 0 recurrent batched, 0 per-creature
[WasmWorkerInit] worker=worker-95 outcome=ok handshakeMs=938 cache=hit cacheDir=/home/nigel/.cache/neat-ai/wasm bundleBytes=1039872 bundleLoadMs=5 glueImportMs=31 instantiateMs=5 wasmTotalMs=42 workerError=none
[WasmWorkerInit] worker=worker-96 outcome=ok handshakeMs=1730 cache=hit cacheDir=/home/nigel/.cache/neat-ai/wasm bundleBytes=1039872 bundleLoadMs=5 glueImportMs=31 instantiateMs=5 wasmTotalMs=42 workerError=none
[neat-ai] running version 7.0.49
[WasmWorkerInit] worker=worker-97 outcome=ok handshakeMs=816 cache=hit cacheDir=/home/nigel/.cache/neat-ai/wasm bundleBytes=1039872 bundleLoadMs=5 glueImportMs=31 instantiateMs=5 wasmTotalMs=42 workerError=none
[NEAT-AI] Batch scorer partition: 34 forwardOnly batched, 0 recurrent batched, 0 per-creature
[WasmWorkerInit] worker=worker-98 outcome=ok handshakeMs=637 cache=hit cacheDir=/home/nigel/.cache/neat-ai/wasm bundleBytes=1039872 bundleLoadMs=5 glueImportMs=31 instantiateMs=5 wasmTotalMs=42 workerError=none
[WasmWorkerInit] worker=worker-99 outcome=ok handshakeMs=596 cache=hit cacheDir=/home/nigel/.cache/neat-ai/wasm bundleBytes=1039872 bundleLoadMs=5 glueImportMs=31 instantiateMs=5 wasmTotalMs=42 workerError=none
[Neat] Discovery replay: no improvement found (evaluated: 0)
[WasmWorkerInit] worker=worker-100 outcome=ok handshakeMs=846 cache=hit cacheDir=/home/nigel/.cache/neat-ai/wasm bundleBytes=1039872 bundleLoadMs=5 glueImportMs=31 instantiateMs=5 wasmTotalMs=42 workerError=none
[WasmWorkerInit] worker=worker-101 outcome=ok handshakeMs=705 cache=hit cacheDir=/home/nigel/.cache/neat-ai/wasm bundleBytes=1039872 bundleLoadMs=5 glueImportMs=31 instantiateMs=5 wasmTotalMs=42 workerError=none
[WasmWorkerInit] worker=worker-102 outcome=ok handshakeMs=823 cache=hit cacheDir=/home/nigel/.cache/neat-ai/wasm bundleBytes=1039872 bundleLoadMs=5 glueImportMs=31 instantiateMs=5 wasmTotalMs=42 workerError=none
[neat-ai] running version 7.0.49
[NEAT-AI] Batch scorer partition: 32 forwardOnly batched, 0 recurrent batched, 0 per-creature
[Neat] Discovery replay: no improvement found (evaluated: 0)
[WasmWorkerInit] worker=worker-103 outcome=ok handshakeMs=70 cache=hit cacheDir=/home/nigel/.cache/neat-ai/wasm bundleBytes=1039872 bundleLoadMs=5 glueImportMs=31 instantiateMs=5 wasmTotalMs=42 workerError=none
[WasmWorkerInit] worker=worker-104 outcome=ok handshakeMs=875 cache=hit cacheDir=/home/nigel/.cache/neat-ai/wasm bundleBytes=1039872 bundleLoadMs=5 glueImportMs=31 instantiateMs=5 wasmTotalMs=42 workerError=none
Generation 40 score 0.8981025715018379 (avg: 0.8945) error 0.1018506535484013 avg time 3s 490ms
[NEAT-AI] Batch scorer partition: 23 forwardOnly batched, 0 recurrent batched, 0 per-creature
[WasmWorkerInit] worker=worker-105 outcome=ok handshakeMs=1823 cache=hit cacheDir=/home/nigel/.cache/neat-ai/wasm bundleBytes=1039872 bundleLoadMs=5 glueImportMs=31 instantiateMs=5 wasmTotalMs=42 workerError=none
[WasmWorkerInit] worker=worker-106 outcome=ok handshakeMs=406 cache=hit cacheDir=/home/nigel/.cache/neat-ai/wasm bundleBytes=1039872 bundleLoadMs=5 glueImportMs=31 instantiateMs=5 wasmTotalMs=42 workerError=none
Fine tuning increased fitness by 1.6050249007637518e-7 to 0.898102732004328 adjusted 1 weight 
[WasmWorkerInit] worker=worker-107 outcome=ok handshakeMs=1175 cache=hit cacheDir=/home/nigel/.cache/neat-ai/wasm bundleBytes=1039872 bundleLoadMs=5 glueImportMs=31 instantiateMs=5 wasmTotalMs=42 workerError=none
[WasmWorkerInit] worker=worker-108 outcome=ok handshakeMs=920 cache=hit cacheDir=/home/nigel/.cache/neat-ai/wasm bundleBytes=1039872 bundleLoadMs=5 glueImportMs=31 instantiateMs=5 wasmTotalMs=42 workerError=none
[neat-ai] running version 7.0.49
[NEAT-AI] Batch scorer partition: 15 forwardOnly batched, 0 recurrent batched, 0 per-creature
Fine tuning increased fitness by 3.1994135896162845e-7 to 0.898103051945687 adjusted 1 weight 
[Neat] Discovery replay: no improvement found (evaluated: 0)
[WasmWorkerInit] worker=worker-109 outcome=ok handshakeMs=1670 cache=hit cacheDir=/home/nigel/.cache/neat-ai/wasm bundleBytes=1039872 bundleLoadMs=5 glueImportMs=31 instantiateMs=5 wasmTotalMs=42 workerError=none
[WasmWorkerInit] worker=worker-110 outcome=ok handshakeMs=706 cache=hit cacheDir=/home/nigel/.cache/neat-ai/wasm bundleBytes=1039872 bundleLoadMs=5 glueImportMs=31 instantiateMs=5 wasmTotalMs=42 workerError=none
[NEAT-AI] Batch scorer partition: 32 forwardOnly batched, 0 recurrent batched, 0 per-creature
[WasmWorkerInit] worker=worker-111 outcome=ok handshakeMs=425 cache=hit cacheDir=/home/nigel/.cache/neat-ai/wasm bundleBytes=1039872 bundleLoadMs=5 glueImportMs=31 instantiateMs=5 wasmTotalMs=42 workerError=none
[WasmWorkerInit] worker=worker-112 outcome=ok handshakeMs=476 cache=hit cacheDir=/home/nigel/.cache/neat-ai/wasm bundleBytes=1039872 bundleLoadMs=5 glueImportMs=31 instantiateMs=5 wasmTotalMs=42 workerError=none
Fine tuning increased fitness by 1.9643538451408205e-7 to 0.8981032483810715 adjusted 1 weight 
[WasmWorkerInit] worker=worker-113 outcome=ok handshakeMs=895 cache=hit cacheDir=/home/nigel/.cache/neat-ai/wasm bundleBytes=1039872 bundleLoadMs=5 glueImportMs=31 instantiateMs=5 wasmTotalMs=42 workerError=none
[WasmWorkerInit] worker=worker-114 outcome=ok handshakeMs=1040 cache=hit cacheDir=/home/nigel/.cache/neat-ai/wasm bundleBytes=1039872 bundleLoadMs=5 glueImportMs=31 instantiateMs=5 wasmTotalMs=42 workerError=none
[neat-ai] running version 7.0.49
[NEAT-AI] Batch scorer partition: 28 forwardOnly batched, 0 recurrent batched, 0 per-creature
[WasmWorkerInit] worker=worker-115 outcome=ok handshakeMs=796 cache=hit cacheDir=/home/nigel/.cache/neat-ai/wasm bundleBytes=1039872 bundleLoadMs=5 glueImportMs=31 instantiateMs=5 wasmTotalMs=42 workerError=none
Fine tuning increased fitness by 1.400660998296388e-8 to 0.8981032623876815 adjusted 1 weight 
[Neat] Discovery replay: no improvement found (evaluated: 0)
[WasmWorkerInit] worker=worker-116 outcome=ok handshakeMs=953 cache=hit cacheDir=/home/nigel/.cache/neat-ai/wasm bundleBytes=1039872 bundleLoadMs=5 glueImportMs=31 instantiateMs=5 wasmTotalMs=42 workerError=none
[WasmWorkerInit] worker=worker-117 outcome=ok handshakeMs=935 cache=hit cacheDir=/home/nigel/.cache/neat-ai/wasm bundleBytes=1039872 bundleLoadMs=5 glueImportMs=31 instantiateMs=5 wasmTotalMs=42 workerError=none
[NEAT-AI] Batch scorer partition: 28 forwardOnly batched, 0 recurrent batched, 0 per-creature
[WasmWorkerInit] worker=worker-118 outcome=ok handshakeMs=746 cache=hit cacheDir=/home/nigel/.cache/neat-ai/wasm bundleBytes=1039872 bundleLoadMs=5 glueImportMs=31 instantiateMs=5 wasmTotalMs=42 workerError=none
[WasmWorkerInit] worker=worker-119 outcome=ok handshakeMs=804 cache=hit cacheDir=/home/nigel/.cache/neat-ai/wasm bundleBytes=1039872 bundleLoadMs=5 glueImportMs=31 instantiateMs=5 wasmTotalMs=42 workerError=none
Fine tuning increased fitness by 9.209716322899908e-10 to 0.8981032633086531 adjusted 1 weight 
[WasmWorkerInit] worker=worker-120 outcome=ok handshakeMs=999 cache=hit cacheDir=/home/nigel/.cache/neat-ai/wasm bundleBytes=1039872 bundleLoadMs=5 glueImportMs=31 instantiateMs=5 wasmTotalMs=42 workerError=none
[neat-ai] running version 7.0.49
[NEAT-AI] Batch scorer partition: 27 forwardOnly batched, 0 recurrent batched, 0 per-creature
[WasmWorkerInit] worker=worker-121 outcome=ok handshakeMs=1841 cache=hit cacheDir=/home/nigel/.cache/neat-ai/wasm bundleBytes=1039872 bundleLoadMs=5 glueImportMs=31 instantiateMs=5 wasmTotalMs=42 workerError=none
[WasmWorkerInit] worker=worker-122 outcome=ok handshakeMs=449 cache=hit cacheDir=/home/nigel/.cache/neat-ai/wasm bundleBytes=1039872 bundleLoadMs=5 glueImportMs=31 instantiateMs=5 wasmTotalMs=42 workerError=none
Fine tuning increased fitness by 2.99999469710599e-10 to 0.8981032636086526 adjusted 1 weight 
[Neat] Discovery replay: no improvement found (evaluated: 0)
[WasmWorkerInit] worker=worker-123 outcome=ok handshakeMs=1089 cache=hit cacheDir=/home/nigel/.cache/neat-ai/wasm bundleBytes=1039872 bundleLoadMs=5 glueImportMs=31 instantiateMs=5 wasmTotalMs=42 workerError=none
[WasmWorkerInit] worker=worker-124 outcome=ok handshakeMs=955 cache=hit cacheDir=/home/nigel/.cache/neat-ai/wasm bundleBytes=1039872 bundleLoadMs=5 glueImportMs=31 instantiateMs=5 wasmTotalMs=42 workerError=none
[NEAT-AI] Batch scorer partition: 32 forwardOnly batched, 0 recurrent batched, 0 per-creature
[WasmWorkerInit] worker=worker-125 outcome=ok handshakeMs=543 cache=hit cacheDir=/home/nigel/.cache/neat-ai/wasm bundleBytes=1039872 bundleLoadMs=5 glueImportMs=31 instantiateMs=5 wasmTotalMs=42 workerError=none
[WasmWorkerInit] worker=worker-126 outcome=ok handshakeMs=971 cache=hit cacheDir=/home/nigel/.cache/neat-ai/wasm bundleBytes=1039872 bundleLoadMs=5 glueImportMs=31 instantiateMs=5 wasmTotalMs=42 workerError=none
[neat-ai] running version 7.0.49
[WasmWorkerInit] worker=worker-127 outcome=ok handshakeMs=868 cache=hit cacheDir=/home/nigel/.cache/neat-ai/wasm bundleBytes=1039872 bundleLoadMs=5 glueImportMs=31 instantiateMs=5 wasmTotalMs=42 workerError=none
[NEAT-AI] Batch scorer partition: 32 forwardOnly batched, 0 recurrent batched, 0 per-creature
[WasmWorkerInit] worker=worker-128 outcome=ok handshakeMs=1305 cache=hit cacheDir=/home/nigel/.cache/neat-ai/wasm bundleBytes=1039872 bundleLoadMs=5 glueImportMs=31 instantiateMs=5 wasmTotalMs=42 workerError=none
[WasmWorkerInit] worker=worker-129 outcome=ok handshakeMs=504 cache=hit cacheDir=/home/nigel/.cache/neat-ai/wasm bundleBytes=1039872 bundleLoadMs=5 glueImportMs=31 instantiateMs=5 wasmTotalMs=42 workerError=none
[Neat] Discovery replay: no improvement found (evaluated: 0)
[WasmWorkerInit] worker=worker-130 outcome=ok handshakeMs=1085 cache=hit cacheDir=/home/nigel/.cache/neat-ai/wasm bundleBytes=1039872 bundleLoadMs=5 glueImportMs=31 instantiateMs=5 wasmTotalMs=42 workerError=none
[WasmWorkerInit] worker=worker-131 outcome=ok handshakeMs=1000 cache=hit cacheDir=/home/nigel/.cache/neat-ai/wasm bundleBytes=1039872 bundleLoadMs=5 glueImportMs=31 instantiateMs=5 wasmTotalMs=42 workerError=none
[NEAT-AI] Batch scorer partition: 32 forwardOnly batched, 0 recurrent batched, 0 per-creature
[WasmWorkerInit] worker=worker-132 outcome=ok handshakeMs=1819 cache=hit cacheDir=/home/nigel/.cache/neat-ai/wasm bundleBytes=1039872 bundleLoadMs=5 glueImportMs=31 instantiateMs=5 wasmTotalMs=42 workerError=none
[neat-ai] running version 7.0.49
[Neat] Discovery replay: no improvement found (evaluated: 0)
[NEAT-AI] Batch scorer partition: 31 forwardOnly batched, 0 recurrent batched, 0 per-creature
Generation 50 score 0.8981032636086526 (avg: 0.8892) error 0.10184996144158667 avg time 3s 532ms
[NEAT-AI] Batch scorer partition: 35 forwardOnly batched, 0 recurrent batched, 0 per-creature
[NEAT-AI] Batch scorer partition: 33 forwardOnly batched, 0 recurrent batched, 0 per-creature
[WasmWorkerInit] worker=worker-133 outcome=ok handshakeMs=111 cache=hit cacheDir=/home/nigel/.cache/neat-ai/wasm bundleBytes=1039872 bundleLoadMs=5 glueImportMs=31 instantiateMs=5 wasmTotalMs=42 workerError=none
[WasmWorkerInit] worker=worker-134 outcome=ok handshakeMs=801 cache=hit cacheDir=/home/nigel/.cache/neat-ai/wasm bundleBytes=1039872 bundleLoadMs=5 glueImportMs=31 instantiateMs=5 wasmTotalMs=42 workerError=none
[NEAT-AI] Batch scorer partition: 36 forwardOnly batched, 0 recurrent batched, 0 per-creature
[WasmWorkerInit] worker=worker-135 outcome=ok handshakeMs=1143 cache=hit cacheDir=/home/nigel/.cache/neat-ai/wasm bundleBytes=1039872 bundleLoadMs=5 glueImportMs=31 instantiateMs=5 wasmTotalMs=42 workerError=none
[WasmWorkerInit] worker=worker-136 outcome=ok handshakeMs=760 cache=hit cacheDir=/home/nigel/.cache/neat-ai/wasm bundleBytes=1039872 bundleLoadMs=5 glueImportMs=31 instantiateMs=5 wasmTotalMs=42 workerError=none
Fine tuning increased fitness by 0.000003922191153526988 to 0.8981274817905587 adjusted 3 weights 
[WasmWorkerInit] worker=worker-137 outcome=ok handshakeMs=862 cache=hit cacheDir=/home/nigel/.cache/neat-ai/wasm bundleBytes=1039872 bundleLoadMs=5 glueImportMs=31 instantiateMs=5 wasmTotalMs=42 workerError=none
[WasmWorkerInit] worker=worker-138 outcome=ok handshakeMs=923 cache=hit cacheDir=/home/nigel/.cache/neat-ai/wasm bundleBytes=1039872 bundleLoadMs=5 glueImportMs=31 instantiateMs=5 wasmTotalMs=42 workerError=none
[neat-ai] running version 7.0.49
[NEAT-AI] Batch scorer partition: 34 forwardOnly batched, 0 recurrent batched, 0 per-creature
[WasmWorkerInit] worker=worker-139 outcome=ok handshakeMs=580 cache=hit cacheDir=/home/nigel/.cache/neat-ai/wasm bundleBytes=1039872 bundleLoadMs=5 glueImportMs=31 instantiateMs=5 wasmTotalMs=42 workerError=none
[WasmWorkerInit] worker=worker-140 outcome=ok handshakeMs=837 cache=hit cacheDir=/home/nigel/.cache/neat-ai/wasm bundleBytes=1039872 bundleLoadMs=5 glueImportMs=31 instantiateMs=5 wasmTotalMs=42 workerError=none
[Neat] Discovery replay: no improvement found (evaluated: 0)
[WasmWorkerInit] worker=worker-141 outcome=ok handshakeMs=1081 cache=hit cacheDir=/home/nigel/.cache/neat-ai/wasm bundleBytes=1039872 bundleLoadMs=5 glueImportMs=31 instantiateMs=5 wasmTotalMs=42 workerError=none
[WasmWorkerInit] worker=worker-142 outcome=ok handshakeMs=886 cache=hit cacheDir=/home/nigel/.cache/neat-ai/wasm bundleBytes=1039872 bundleLoadMs=5 glueImportMs=31 instantiateMs=5 wasmTotalMs=42 workerError=none
[NEAT-AI] Batch scorer partition: 33 forwardOnly batched, 0 recurrent batched, 0 per-creature
[WasmWorkerInit] worker=worker-143 outcome=ok handshakeMs=1086 cache=hit cacheDir=/home/nigel/.cache/neat-ai/wasm bundleBytes=1039872 bundleLoadMs=5 glueImportMs=31 instantiateMs=5 wasmTotalMs=42 workerError=none
[WasmWorkerInit] worker=worker-144 outcome=ok handshakeMs=694 cache=hit cacheDir=/home/nigel/.cache/neat-ai/wasm bundleBytes=1039872 bundleLoadMs=5 glueImportMs=31 instantiateMs=5 wasmTotalMs=42 workerError=none
[neat-ai] running version 7.0.49
[NEAT-AI] Batch scorer partition: 38 forwardOnly batched, 0 recurrent batched, 0 per-creature
Fine tuning increased fitness by 1.1262664023625746e-8 to 0.8981274930532227 adjusted 1 weight 
[Neat] Discovery replay: no improvement found (evaluated: 0)
[WasmWorkerInit] worker=worker-145 outcome=ok handshakeMs=52 cache=hit cacheDir=/home/nigel/.cache/neat-ai/wasm bundleBytes=1039872 bundleLoadMs=5 glueImportMs=31 instantiateMs=5 wasmTotalMs=42 workerError=none
[WasmWorkerInit] worker=worker-146 outcome=ok handshakeMs=867 cache=hit cacheDir=/home/nigel/.cache/neat-ai/wasm bundleBytes=1039872 bundleLoadMs=5 glueImportMs=31 instantiateMs=5 wasmTotalMs=42 workerError=none
[NEAT-AI] Batch scorer partition: 30 forwardOnly batched, 0 recurrent batched, 0 per-creature
[WasmWorkerInit] worker=worker-147 outcome=ok handshakeMs=1054 cache=hit cacheDir=/home/nigel/.cache/neat-ai/wasm bundleBytes=1039872 bundleLoadMs=5 glueImportMs=31 instantiateMs=5 wasmTotalMs=42 workerError=none
[WasmWorkerInit] worker=worker-148 outcome=ok handshakeMs=810 cache=hit cacheDir=/home/nigel/.cache/neat-ai/wasm bundleBytes=1039872 bundleLoadMs=5 glueImportMs=31 instantiateMs=5 wasmTotalMs=42 workerError=none
[WasmWorkerInit] worker=worker-149 outcome=ok handshakeMs=800 cache=hit cacheDir=/home/nigel/.cache/neat-ai/wasm bundleBytes=1039872 bundleLoadMs=5 glueImportMs=31 instantiateMs=5 wasmTotalMs=42 workerError=none
[WasmWorkerInit] worker=worker-150 outcome=ok handshakeMs=1105 cache=hit cacheDir=/home/nigel/.cache/neat-ai/wasm bundleBytes=1039872 bundleLoadMs=5 glueImportMs=31 instantiateMs=5 wasmTotalMs=42 workerError=none
[neat-ai] running version 7.0.49
[NEAT-AI] Batch scorer partition: 33 forwardOnly batched, 0 recurrent batched, 0 per-creature
[WasmWorkerInit] worker=worker-151 outcome=ok handshakeMs=635 cache=hit cacheDir=/home/nigel/.cache/neat-ai/wasm bundleBytes=1039872 bundleLoadMs=5 glueImportMs=31 instantiateMs=5 wasmTotalMs=42 workerError=none
[WasmWorkerInit] worker=worker-152 outcome=ok handshakeMs=722 cache=hit cacheDir=/home/nigel/.cache/neat-ai/wasm bundleBytes=1039872 bundleLoadMs=5 glueImportMs=31 instantiateMs=5 wasmTotalMs=42 workerError=none
Fine tuning increased fitness by 0.000021548150499151042 to 0.8981629005269497 adjusted 2 weights 
[Neat] Discovery replay: no improvement found (evaluated: 0)
[WasmWorkerInit] worker=worker-153 outcome=ok handshakeMs=1004 cache=hit cacheDir=/home/nigel/.cache/neat-ai/wasm bundleBytes=1039872 bundleLoadMs=5 glueImportMs=31 instantiateMs=5 wasmTotalMs=42 workerError=none
[WasmWorkerInit] worker=worker-154 outcome=ok handshakeMs=958 cache=hit cacheDir=/home/nigel/.cache/neat-ai/wasm bundleBytes=1039872 bundleLoadMs=5 glueImportMs=31 instantiateMs=5 wasmTotalMs=42 workerError=none
[NEAT-AI] Batch scorer partition: 32 forwardOnly batched, 0 recurrent batched, 0 per-creature
[WasmWorkerInit] worker=worker-155 outcome=ok handshakeMs=764 cache=hit cacheDir=/home/nigel/.cache/neat-ai/wasm bundleBytes=1039872 bundleLoadMs=5 glueImportMs=31 instantiateMs=5 wasmTotalMs=42 workerError=none
[WasmWorkerInit] worker=worker-156 outcome=ok handshakeMs=907 cache=hit cacheDir=/home/nigel/.cache/neat-ai/wasm bundleBytes=1039872 bundleLoadMs=5 glueImportMs=31 instantiateMs=5 wasmTotalMs=42 workerError=none
[neat-ai] running version 7.0.49
Fine tuning increased fitness by 0.00001937170080124062 to 0.8981822722277509 adjusted 2 weights 
[WasmWorkerInit] worker=worker-157 outcome=ok handshakeMs=982 cache=hit cacheDir=/home/nigel/.cache/neat-ai/wasm bundleBytes=1039872 bundleLoadMs=5 glueImportMs=31 instantiateMs=5 wasmTotalMs=42 workerError=none
[NEAT-AI] Batch scorer partition: 33 forwardOnly batched, 0 recurrent batched, 0 per-creature
[WasmWorkerInit] worker=worker-158 outcome=ok handshakeMs=765 cache=hit cacheDir=/home/nigel/.cache/neat-ai/wasm bundleBytes=1039872 bundleLoadMs=5 glueImportMs=31 instantiateMs=5 wasmTotalMs=42 workerError=none
[WasmWorkerInit] worker=worker-159 outcome=ok handshakeMs=943 cache=hit cacheDir=/home/nigel/.cache/neat-ai/wasm bundleBytes=1039872 bundleLoadMs=5 glueImportMs=31 instantiateMs=5 wasmTotalMs=42 workerError=none
[Neat] Discovery replay: no improvement found (evaluated: 0)
[WasmWorkerInit] worker=worker-160 outcome=ok handshakeMs=975 cache=hit cacheDir=/home/nigel/.cache/neat-ai/wasm bundleBytes=1039872 bundleLoadMs=5 glueImportMs=31 instantiateMs=5 wasmTotalMs=42 workerError=none
[WasmWorkerInit] worker=worker-161 outcome=ok handshakeMs=958 cache=hit cacheDir=/home/nigel/.cache/neat-ai/wasm bundleBytes=1039872 bundleLoadMs=5 glueImportMs=31 instantiateMs=5 wasmTotalMs=42 workerError=none
Generation 60 score 0.8981855166401106 (avg: 0.8945) error 0.10176770848896399 avg time 3s 722ms
[NEAT-AI] Batch scorer partition: 28 forwardOnly batched, 0 recurrent batched, 0 per-creature
[WasmWorkerInit] worker=worker-162 outcome=ok handshakeMs=764 cache=hit cacheDir=/home/nigel/.cache/neat-ai/wasm bundleBytes=1039872 bundleLoadMs=5 glueImportMs=31 instantiateMs=5 wasmTotalMs=42 workerError=none
[neat-ai] running version 7.0.49
Fine tuning increased fitness by 2.1253440529722667e-7 to 0.8981857291745159 adjusted 2 weights 
[Neat] Discovery replay: no improvement found (evaluated: 0)
[WasmWorkerInit] worker=worker-163 outcome=ok handshakeMs=1495 cache=hit cacheDir=/home/nigel/.cache/neat-ai/wasm bundleBytes=1039872 bundleLoadMs=5 glueImportMs=31 instantiateMs=5 wasmTotalMs=42 workerError=none
[WasmWorkerInit] worker=worker-164 outcome=ok handshakeMs=941 cache=hit cacheDir=/home/nigel/.cache/neat-ai/wasm bundleBytes=1039872 bundleLoadMs=5 glueImportMs=31 instantiateMs=5 wasmTotalMs=42 workerError=none
[NEAT-AI] Batch scorer partition: 32 forwardOnly batched, 0 recurrent batched, 0 per-creature
[WasmWorkerInit] worker=worker-165 outcome=ok handshakeMs=994 cache=hit cacheDir=/home/nigel/.cache/neat-ai/wasm bundleBytes=1039872 bundleLoadMs=5 glueImportMs=31 instantiateMs=5 wasmTotalMs=42 workerError=none
[WasmWorkerInit] worker=worker-166 outcome=ok handshakeMs=680 cache=hit cacheDir=/home/nigel/.cache/neat-ai/wasm bundleBytes=1039872 bundleLoadMs=5 glueImportMs=31 instantiateMs=5 wasmTotalMs=42 workerError=none
Fine tuning increased fitness by 3.958065446507675e-7 to 0.8981861249810605 adjusted 2 weights 
[WasmWorkerInit] worker=worker-167 outcome=ok handshakeMs=1181 cache=hit cacheDir=/home/nigel/.cache/neat-ai/wasm bundleBytes=1039872 bundleLoadMs=5 glueImportMs=31 instantiateMs=5 wasmTotalMs=42 workerError=none
[WasmWorkerInit] worker=worker-168 outcome=ok handshakeMs=830 cache=hit cacheDir=/home/nigel/.cache/neat-ai/wasm bundleBytes=1039872 bundleLoadMs=5 glueImportMs=31 instantiateMs=5 wasmTotalMs=42 workerError=none
[neat-ai] running version 7.0.49
[NEAT-AI] Batch scorer partition: 32 forwardOnly batched, 0 recurrent batched, 0 per-creature
[WasmWorkerInit] worker=worker-169 outcome=ok handshakeMs=587 cache=hit cacheDir=/home/nigel/.cache/neat-ai/wasm bundleBytes=1039872 bundleLoadMs=5 glueImportMs=31 instantiateMs=5 wasmTotalMs=42 workerError=none
Fine tuning increased fitness by 7.449478273136023e-7 to 0.8981868699288879 adjusted 2 weights 
[Neat] Discovery replay: no improvement found (evaluated: 0)
[WasmWorkerInit] worker=worker-170 outcome=ok handshakeMs=1496 cache=hit cacheDir=/home/nigel/.cache/neat-ai/wasm bundleBytes=1039872 bundleLoadMs=5 glueImportMs=31 instantiateMs=5 wasmTotalMs=42 workerError=none
[WasmWorkerInit] worker=worker-171 outcome=ok handshakeMs=646 cache=hit cacheDir=/home/nigel/.cache/neat-ai/wasm bundleBytes=1039872 bundleLoadMs=5 glueImportMs=31 instantiateMs=5 wasmTotalMs=42 workerError=none
[NEAT-AI] Batch scorer partition: 35 forwardOnly batched, 0 recurrent batched, 0 per-creature
[WasmWorkerInit] worker=worker-172 outcome=ok handshakeMs=609 cache=hit cacheDir=/home/nigel/.cache/neat-ai/wasm bundleBytes=1039872 bundleLoadMs=5 glueImportMs=31 instantiateMs=5 wasmTotalMs=42 workerError=none
[WasmWorkerInit] worker=worker-173 outcome=ok handshakeMs=401 cache=hit cacheDir=/home/nigel/.cache/neat-ai/wasm bundleBytes=1039872 bundleLoadMs=5 glueImportMs=31 instantiateMs=5 wasmTotalMs=42 workerError=none
Fine tuning increased fitness by 0.0000014523498217400288 to 0.8981883222787096 adjusted 2 weights 
[WasmWorkerInit] worker=worker-174 outcome=ok handshakeMs=1323 cache=hit cacheDir=/home/nigel/.cache/neat-ai/wasm bundleBytes=1039872 bundleLoadMs=5 glueImportMs=31 instantiateMs=5 wasmTotalMs=42 workerError=none
[neat-ai] running version 7.0.49
[NEAT-AI] Batch scorer partition: 37 forwardOnly batched, 0 recurrent batched, 0 per-creature
[WasmWorkerInit] worker=worker-175 outcome=ok handshakeMs=1372 cache=hit cacheDir=/home/nigel/.cache/neat-ai/wasm bundleBytes=1039872 bundleLoadMs=5 glueImportMs=31 instantiateMs=5 wasmTotalMs=42 workerError=none
[WasmWorkerInit] worker=worker-176 outcome=ok handshakeMs=693 cache=hit cacheDir=/home/nigel/.cache/neat-ai/wasm bundleBytes=1039872 bundleLoadMs=5 glueImportMs=31 instantiateMs=5 wasmTotalMs=42 workerError=none
Fine tuning increased fitness by 1.9955440400121205e-7 to 0.8981885218331136 adjusted 2 weights 
[Neat] Discovery replay: no improvement found (evaluated: 0)
[WasmWorkerInit] worker=worker-177 outcome=ok handshakeMs=1017 cache=hit cacheDir=/home/nigel/.cache/neat-ai/wasm bundleBytes=1039872 bundleLoadMs=5 glueImportMs=31 instantiateMs=5 wasmTotalMs=42 workerError=none
[WasmWorkerInit] worker=worker-178 outcome=ok handshakeMs=725 cache=hit cacheDir=/home/nigel/.cache/neat-ai/wasm bundleBytes=1039872 bundleLoadMs=5 glueImportMs=31 instantiateMs=5 wasmTotalMs=42 workerError=none
[NEAT-AI] Batch scorer partition: 34 forwardOnly batched, 0 recurrent batched, 0 per-creature
[WasmWorkerInit] worker=worker-179 outcome=ok handshakeMs=628 cache=hit cacheDir=/home/nigel/.cache/neat-ai/wasm bundleBytes=1039872 bundleLoadMs=5 glueImportMs=31 instantiateMs=5 wasmTotalMs=42 workerError=none
Fine tuning increased fitness by 3.347719623736367e-7 to 0.898188856605076 adjusted 1 weight 
Terminated
[easy] industry.sh stopped at its 503s share of the sequence budget (timeout); keeping the 3 script(s) that ran (#4242)
[easy] sequence complete; ran=3 of 4
[wasm-activation-health] failures=0 firstUuid=none firstStage=none
[discovery-worker-fallback] fallbacks=0 firstError=none
[stage-failure-health] failures=0 firstStage=none firstExitCode=0 firstHitLine=0
GIT-OP: [reset] git fetch ok in 3s (attempt 1/3, timeout=600s)
HEAD is now at 8332bd35 🟡 Test/lint workflow triggers on push to `Develop` (`.github/workflows/markdown-lint.yml`) (Issue #4926) (#5164)
GIT-OP: [model_fetch GRQ-health] git fetch ok in 3s (attempt 1/6, timeout=none)
From github.com:stSoftwareAU/GRQ-health
   0a3f430d96..fe056edbba  Develop    -> origin/Develop
HEAD is now at fe056edbba Update repo health: Vibe Coder:GRQ-23
Branch 'Develop' set up to track remote branch 'Develop' from 'origin'.
Your branch is up to date with 'origin/Develop'.
📦 [feed-repo-size] repo=GRQ-health size-pack-kib=1048624 head-tree-kib=unmeasured ratio=n/a threshold=3 promisor=false action=none
✅ GRQ-health synced with remote (validation skipped)
🩺 [health_sync] entry repo=/home/nigel/src/GRQ-health branch=Develop local_ahead=0 behind=0
🩺 [health_sync] decision path=noop
🩺 [health_sync] result status=ok
Updating health information...
Already up to date.
Updated health information for GRQ-7
