================ Clean up START ================
Version 1.3.7
/Users/sloth/GRQ/worker
Disk usage:
Filesystem        Size    Used   Avail Capacity iused ifree %iused  Mounted on
/dev/disk3s1s1   926Gi    10Gi   829Gi     2%    426k  4.3G    0%   /
devfs            198Ki   198Ki     0Bi   100%     686     0  100%   /dev
/dev/disk3s6     926Gi   2.0Gi   829Gi     1%       2  8.7G    0%   /System/Volumes/VM
/dev/disk3s2     926Gi   6.6Gi   829Gi     1%    1.2k  8.7G    0%   /System/Volumes/Preboot
/dev/disk3s4     926Gi   1.3Mi   829Gi     1%      59  8.7G    0%   /System/Volumes/Update
/dev/disk1s2     500Mi   6.0Mi   481Mi     2%       1  4.9M    0%   /System/Volumes/xarts
/dev/disk1s1     500Mi   5.4Mi   481Mi     2%      32  4.9M    0%   /System/Volumes/iSCPreboot
/dev/disk1s3     500Mi   2.7Mi   481Mi     1%      52  4.9M    0%   /System/Volumes/Hardware
/dev/disk3s5     926Gi    77Gi   829Gi     9%    314k  8.7G    0%   /System/Volumes/Data
map auto_home      0Bi     0Bi     0Bi   100%       0     0     -   /System/Volumes/Data/home
Uptime: 12:10  up 5 days, 14:27, 2 users, load averages: 12.08 12.01 12.70
USER    PID  PPID COMMAND
sloth 17504     1 /bin/bash /Users/sloth/GRQ/sloth.sh
sloth 17508 17504 /bin/bash ./run.sh --run-once
sloth 17525 17508 /bin/bash worker/node.sh
root  17535 17525 ps -U sloth -o user,pid,ppid,command
Host: GRQ-3
IP: 10.0.0.3
Number of CPUs: 10
Available Memory: 12G
================ Clean up ENDED ================
Use local deno
PATH: /Users/sloth/.deno/bin:/usr/bin:/bin:/usr/sbin:/sbin
deno 2.5.0 (stable, release, aarch64-apple-darwin)
v8 14.0.365.4-rusty
typescript 5.9.2
worker/node.sh: line 78: aws: command not found
Option: industry
Starting Industry... Fri Sep 19 12:10:04 AEST 2025
Already up to date.
From github.com:stSoftwareAU/GRQ-industryV2
   f8d203ab..2845a61e  main       -> origin/main
HEAD is now at 2845a61e GRQ-16 Improved Industry models (GRQ-16)
Reset branch 'main'
branch 'main' set up to track 'origin/main'.
Your branch is up to date with 'origin/main'.
✅ GRQ-industryV2 synced with remote (validation skipped)
🔄 Rsync attempt 1 of 3: nigel@10.0.0.89:Training/trainData-industry_88.tgz ../../.cache/trainData-industry_88.tgz
Decompressing training data...
HEAD is now at 701c24b6 REJECTED 40.66% -> 10.23% Delta -30.432
Reset branch 'main'
branch 'main' set up to track 'origin/main'.
Your branch is up to date with 'origin/main'.
✅ GRQ-portfolio synced with remote (validation skipped)
CONFECTIONERS , score: 0.7111630953981638
Skipping (good score) CONFECTIONERS , score: 0.711
RESIDENTIAL_CONSTRUCTION , score: 0.8532543387628359
Skipping (good score) RESIDENTIAL_CONSTRUCTION , score: 0.853
OIL-GAS_REFINING-MARKETING , score: 0.8311193362714139
Skipping (good score) OIL-GAS_REFINING-MARKETING , score: 0.831
RETAIL-APPAREL-ACCESSORY_STORES , score: 0.7464821180045028
Skipping (good score) RETAIL-APPAREL-ACCESSORY_STORES , score: 0.746
COMMERCIAL_BANKS_NEC , score: 0.7384937485800285
Skipping (good score) COMMERCIAL_BANKS_NEC , score: 0.738
GOLD , score: 0.8267116121285889
Skipping (good score) GOLD , score: 0.827
FABRICATED_STRUCTURAL_METAL_PRODUCTS , score: 0.700014792486573
Skipping (good score) FABRICATED_STRUCTURAL_METAL_PRODUCTS , score: 0.700
GROCERY_STORES , score: 0.7409428177170742
Skipping (good score) GROCERY_STORES , score: 0.741
WATER_SUPPLY , score: 0.5525511884391487
process (poor score) WATER_SUPPLY , score: 0.5525511884391487 lvl: 2
2 mutations, mutation rate 12.7%, elitism 3, mutation ALL, selection POWER
Creature count: 404
Over populated 405, expected 50.
Culling duplicate creature at 1 of 405
Culling duplicate creature at 1 of 404
DeDuplication of 2 creatures to 403 in 1ms (previous experiment )
Max is too large 1.1559466326634707e+195
Total is too large 1.1559466326634707e+195
Training adbdf655 with 1 binary file, target error: 0.05, iterations: 1, sample rate: 100%, sparse: 100%
Discovery adbdf655 with 1 binary files, sample rate: 100%, batch size: 512
Discovery adbdf655 initialize time 163ms
Discovery adbdf655 processing .trainData-industry_88/WATER_SUPPLY/data.bin
Replacing HYPOT neuron 7f328ea8-04b1-48f0-b63f-cb59a924a69b
Replacing HYPOT neuron 9cbb3816-0d3a-4c75-9405-18ab76aa0818
Discovery adbdf655 read time 11ms for .trainData-industry_88/WATER_SUPPLY/data.bin with 4645 records
Discovery adbdf655 scanning time 7s 287ms
Discovery adbdf655 recorded time 8s 889ms
Training 202515a0 with 1 binary file, target error: 0.05, iterations: 1, sample rate: 100%, sparse: 100%
Compacting increased fitness by 1.7021755771562397e-7 to 0.5525513614079124 neurons: 75 was: 76 synapses: 2468 was: 2470
Training 470c073f with 1 binary file, target error: 0.05, iterations: 1, sample rate: 100%, sparse: 100%
Fine tuning increased fitness by 2.615782035420011e-10 to 0.5525870548553746 adjusted 5 weights 
Discovered beneficial synapse from 6f1d1426-8dbe-44b1-b2dc-3f1c2d94caa4 to 0b3b7c5e-c9fb-4ce1-95fc-2384a5834bc0 with weight -1.0000, helping 44.7% more records than it harms (3021/4645)
Discovery adbdf655 analyze time 46s 753ms found 1 candidates
Discovered harmful synapse from input-1522 to 0b3b7c5e-c9fb-4ce1-95fc-2384a5834bc0, harming 36.1% more records than it helps (1144/4645)
Discovery adbdf655 analyze harmful time 4s 438ms found 1 candidates
Training f8859d73 with 1 binary file, target error: 0.05, iterations: 1, sample rate: 100%, sparse: 100%
Discovery adbdf655 analyze squashes time 2s 616ms found 1 candidate, Summary: 59fe0d45-1f99-4c8f-8775-9025f06876bd SINE -> COMPLEMENT improved: 100.0% error: 1.392882269233981e+27 -> 2.152810622768263e+21
Fine tuning increased fitness by 6.336174918075699e-10 to 0.5525870558269317 adjusted 2 weights 
Compacting increased fitness by 2.206325806497489e-7 to 0.5525872764595123 neurons: 76 was: 77 synapses: 2464 was: 2472
Discovery b545c001 with 1 binary files, sample rate: 100%, batch size: 512
Discovery b545c001 initialize time 576ms
Discovery b545c001 processing .trainData-industry_88/WATER_SUPPLY/data.bin
Discovery adbdf655 beneficial increased fitness by 3.747300526546482e-7 to 0.552587651189565
Discovery b545c001 read time 9ms for .trainData-industry_88/WATER_SUPPLY/data.bin with 4645 records
Discovery b545c001 scanning time 10s 505ms
Generation 10 score 0.552587651189565  error 0.44738009781160776 avg time 12s 325ms
Training 1c023892 with 1 binary file, target error: 0.05, iterations: 1, sample rate: 100%, sparse: 100%
Discovery b545c001 recorded time 14s 603ms
Training 12b1f094 with 1 binary file, target error: 0.05, iterations: 1, sample rate: 100%, sparse: 100%
Fine tuning increased fitness by 0.0000012144591291507467 to 0.5526111893853775 adjusted 4 weights, 1 bias 
Fine tuning increased fitness by 0.000003677781131083968 to 0.5526148671665085 adjusted 4 weights, 1 bias 
Training 02a7d237 with 1 binary file, target error: 0.05, iterations: 1, sample rate: 100%, sparse: 100%
Fine tuning increased fitness by 3.664773629008522e-7 to 0.5526152336438983 adjusted 4 weights, 1 bias 
Training f2130182 with 1 binary file, target error: 0.05, iterations: 1, sample rate: 100%, sparse: 100%
Discovered beneficial synapse from input-90 to a3239c41-115a-48a1-bb4f-ea6a5de8cf6a with weight 1.0000, helping 41.2% more records than it harms (3167/4645)
Discovery b545c001 analyze time 57s 164ms found 1 candidates
Discovered harmful synapse from input-1522 to 0b3b7c5e-c9fb-4ce1-95fc-2384a5834bc0, harming 36.1% more records than it helps (1143/4645)
Discovery b545c001 analyze harmful time 6s 502ms found 1 candidates
Fine tuning increased fitness by 6.475656566529153e-7 to 0.5526245589799386 adjusted 1 weight 
Discovery b545c001 analyze squashes time 2s 775ms found 0 candidates
Fine tuning increased fitness by 6.531104623785922e-7 to 0.5526252120904009 adjusted 1 weight 
Discovery 63ee5b1e with 1 binary files, sample rate: 100%, batch size: 512
Discovery 63ee5b1e initialize time 191ms
Discovery 63ee5b1e processing .trainData-industry_88/WATER_SUPPLY/data.bin
Generation 20 score 0.5526252120904009  error 0.4473421669107762 avg time 8s 109ms
Training 63ee5b1e with 1 binary file, target error: 0.05, iterations: 1, sample rate: 100%, sparse: 100%
Discovery 63ee5b1e read time 12ms for .trainData-industry_88/WATER_SUPPLY/data.bin with 4645 records
Discovery 63ee5b1e scanning time 6s 850ms
Discovery 63ee5b1e recorded time 10s 391ms
Fine tuning increased fitness by 1.3728500114496e-8 to 0.5526252258189011 adjusted 1 weight 
Fine tuning increased fitness by 2.7842119387777586e-8 to 0.5526252536610204 adjusted 1 weight 
Training 56f6a43e with 1 binary file, target error: 0.05, iterations: 1, sample rate: 100%, sparse: 100%
Fine tuning increased fitness by 4.754940108320227e-9 to 0.5526252584159606 adjusted 1 weight 
Compacting increased fitness by 1.0028216357316211e-7 to 0.5526253586981241 neurons: 78 was: 79 synapses: 2470 was: 2472
Fine tuning increased fitness by 0.000004345158619356582 to 0.5526297038567435 adjusted 1 weight, 1 bias 
Training 20799987 with 1 binary file, target error: 0.05, iterations: 1, sample rate: 100%, sparse: 100%
Fine tuning increased fitness by 4.714438123221143e-7 to 0.5526301753005558 adjusted 1 weight, 1 bias 
Fine tuning increased fitness by 3.96216353060197e-8 to 0.5526302149221911 adjusted 1 weight, 1 bias 
Fine tuning increased fitness by 1.5086788485163538e-9 to 0.55263021643087 adjusted 1 weight, 1 bias 
Training 708703a3 with 1 binary file, target error: 0.05, iterations: 1, sample rate: 100%, sparse: 100%
Fine tuning increased fitness by 1.624219003737437e-8 to 0.55263023267306 adjusted 1 weight, 1 bias 
Generation 30 score 0.55263023267306  error 0.4473372563281163 avg time 7s 30ms
Discovered beneficial synapse from input-90 to a3239c41-115a-48a1-bb4f-ea6a5de8cf6a with weight 1.0000, helping 40.9% more records than it harms (3161/4645)
Discovery 63ee5b1e analyze time 1m 2s 876ms found 1 candidates
Compacting increased fitness by 1.7818750142062356e-8 to 0.5526302504918101 neurons: 77 was: 78 synapses: 2468 was: 2471
Discovered harmful synapse from input-1522 to 0b3b7c5e-c9fb-4ce1-95fc-2384a5834bc0, harming 35.4% more records than it helps (1159/4645)
Discovery 63ee5b1e analyze harmful time 6s 444ms found 1 candidates
Discovery 63ee5b1e analyze squashes time 3s 547ms found 1 candidate, Summary: 59fe0d45-1f99-4c8f-8775-9025f06876bd SINE -> COMPLEMENT improved: 100.0% error: 1.3928822692343377e+27 -> 2.152810622768263e+21
Fine tuning increased fitness by 0.000002490776617958268 to 0.5526327412684281 adjusted 1 weight, 2 biases 
Discovery cec75a24 with 1 binary files, sample rate: 100%, batch size: 512
Discovery cec75a24 initialize time 166ms
Discovery cec75a24 processing .trainData-industry_88/WATER_SUPPLY/data.bin
Training eaead558 with 1 binary file, target error: 0.05, iterations: 1, sample rate: 100%, sparse: 100%
Discovery cec75a24 read time 9ms for .trainData-industry_88/WATER_SUPPLY/data.bin with 4645 records
Discovery cec75a24 scanning time 5s 784ms
Discovery cec75a24 recorded time 7s 749ms
Training 3e5fa66c with 1 binary file, target error: 0.05, iterations: 1, sample rate: 100%, sparse: 100%
Fine tuning increased fitness by 0.00008234049695898804 to 0.5528341955282795 adjusted 1 weight, 3 biases 
Fine tuning increased fitness by 0.0002427802087516806 to 0.5531082107705638 adjusted 2 weights, 1 bias 
Discovered beneficial synapse from input-1603 to a3239c41-115a-48a1-bb4f-ea6a5de8cf6a with weight -1.0000, helping 40.3% more records than it harms (3148/4645)
Discovery cec75a24 analyze time 50s 992ms found 1 candidates
Discovered harmful synapse from input-90 to a3239c41-115a-48a1-bb4f-ea6a5de8cf6a, harming 41.0% more records than it helps (1259/4645)
Discovery cec75a24 analyze harmful time 2s 841ms found 1 candidates
Generation 40 score 0.5532316928183105  error 0.4467357961828658 avg time 7s 878ms
Discovery cec75a24 analyze squashes time 1s 782ms found 1 candidate, Summary: 59fe0d45-1f99-4c8f-8775-9025f06876bd SINE -> COMPLEMENT improved: 100.0% error: 1.3928822692343377e+27 -> 2.152810622768263e+21
Fine tuning increased fitness by 0.00008182634790432353 to 0.5533135191662149 adjusted 1 weight, 1 bias 
Generation 42 score 0.5533151609864437  error 0.4466523280147326 avg time 1s 44ms
{
  error: 0.4466523280147326,
  score: 0.5533151609864437,
  generation: 42,
  time: 364603,
  startScore: 0.5525511884391487
}
ENTERTAINMENT , score: 0.8058964791461399
Skipping (good score) ENTERTAINMENT , score: 0.806
RETAIL-FAMILY_CLOTHING_STORES , score: 0.7019522901034108
Skipping (good score) RETAIL-FAMILY_CLOTHING_STORES , score: 0.702
GENERAL_BLDG_CONTRACTORS-RESIDENTIAL_BLDGS , score: 0.7894902224866835
Skipping (good score) GENERAL_BLDG_CONTRACTORS-RESIDENTIAL_BLDGS , score: 0.789
SERVICES-AUTO_RENTAL-LEASING_NO_DRIVERS , score: 0.49832734411242724
process (poor score) SERVICES-AUTO_RENTAL-LEASING_NO_DRIVERS , score: 0.49832734411242724 lvl: 2
4 mutations, mutation rate 15.4%, elitism 9, mutation ALL, selection POWER
Creature count: 404
Over populated 405, expected 50.
Culling duplicate creature at 1 of 405
Culling duplicate creature at 1 of 404
DeDuplication of 2 creatures to 403 in 1ms (previous experiment 1ms)
Max is too large 1.1559466326634707e+195
Total is too large 1.1559466326634707e+195
Training 1e801006 with 1 binary file, target error: 0.05, iterations: 1, sample rate: 100%, sparse: 100%
Discovery 1e801006 with 1 binary files, sample rate: 100%, batch size: 512
Discovery 1e801006 initialize time 5s 773ms
Discovery 1e801006 processing .trainData-industry_88/SERVICES-AUTO_RENTAL-LEASING_NO_DRIVERS/data.bin
Training aed9ace1 with 1 binary file, target error: 0.05, iterations: 1, sample rate: 100%, sparse: 100%
Fine tuning increased fitness by 0.000011154208614083672 to 0.498343839192213 adjusted 220 weights, 12 biases 
Discovery 1e801006 read time 14ms for .trainData-industry_88/SERVICES-AUTO_RENTAL-LEASING_NO_DRIVERS/data.bin with 4645 records
Discovery 1e801006 scanning time 19s 357ms
Over populated 52, expected 50.
Discovery 1e801006 recorded time 25s 329ms
Training 9460f48a with 1 binary file, target error: 0.05, iterations: 1, sample rate: 100%, sparse: 100%
Over populated 52, expected 50.
Training 60b7fcef with 1 binary file, target error: 0.05, iterations: 1, sample rate: 100%, sparse: 100%
Over populated 52, expected 50.
Fine tuning increased fitness by 0.0000022621360341590346 to 0.4985555209297615 adjusted 71 weights, 5 biases 
Discovered beneficial synapse from input-1605 to 0adc16fa-ae3b-446b-8b7c-51c997862454 with weight -1.0000, helping 21.3% more records than it harms (2286/4645)
Discovery 1e801006 analyze time 34s 335ms found 1 candidates
Training 3eb3bb32 with 1 binary file, target error: 0.05, iterations: 1, sample rate: 100%, sparse: 100%
Discovered harmful synapse from input-534 to 26f8ed4d-e858-4941-b48b-ef2bcd6b56c2, harming 28.5% more records than it helps (567/4645)
Discovery 1e801006 analyze harmful time 3s 932ms found 1 candidates
Discovery 1e801006 analyze squashes time 4s 922ms found 1 candidate, Summary: d4840dc1-34f5-41a2-aab2-f6dbbb825c8e ArcTan -> Cube improved: 1.1% error: 1.3970218758892127e+23 -> 1.3821360542841986e+23
Fine tuning increased fitness by 0.0000028312450730538785 to 0.4985605010091908 adjusted 56 weights, 3 biases 
Discovery 59db8c27 with 1 binary files, sample rate: 100%, batch size: 512
Generation 10 score 0.4985605010091908  error 0.5014004379908553 avg time 11s 456ms
Discovery 59db8c27 initialize time 5s 274ms
Discovery 59db8c27 processing .trainData-industry_88/SERVICES-AUTO_RENTAL-LEASING_NO_DRIVERS/data.bin
Training 9d8201ae with 1 binary file, target error: 0.05, iterations: 1, sample rate: 100%, sparse: 100%
Fine tuning increased fitness by 0.000004933012527463809 to 0.49856543402171827 adjusted 56 weights, 3 biases 
Fine tuning increased fitness by 0.00000839908811511858 to 0.4985738331098334 adjusted 56 weights, 3 biases 
Discovery 59db8c27 read time 11ms for .trainData-industry_88/SERVICES-AUTO_RENTAL-LEASING_NO_DRIVERS/data.bin with 4645 records
Discovery 59db8c27 scanning time 16s 192ms
Discovery 59db8c27 recorded time 17s 592ms
Training 0ab6cf3c with 1 binary file, target error: 0.05, iterations: 1, sample rate: 100%, sparse: 100%
Fine tuning increased fitness by 0.000024924417872329574 to 0.49862467485432826 adjusted 55 weights, 3 biases 
Remove neuron 1eae2d36-53ac-44da-8b53-da4a7a1c20ec-561 as no longer connected
Training 1411dafe with 1 binary file, target error: 0.05, iterations: 1, sample rate: 100%, sparse: 100%
Fine tuning increased fitness by 0.00001898710380121571 to 0.4986621257737833 adjusted 2 weights 
Training 08d6d98b with 1 binary file, target error: 0.05, iterations: 1, sample rate: 100%, sparse: 100%
Discovered beneficial synapse from input-1394 to 26f8ed4d-e858-4941-b48b-ef2bcd6b56c2 with weight -1.0000, helping 28.5% more records than it harms (1902/4645)
Discovery 59db8c27 analyze time 37s 402ms found 1 candidates
Discovered harmful synapse from input-534 to 26f8ed4d-e858-4941-b48b-ef2bcd6b56c2, harming 28.1% more records than it helps (586/4645)
Discovery 59db8c27 analyze harmful time 4s 574ms found 1 candidates
Discovery 59db8c27 analyze squashes time 4s 480ms found 1 candidate, Summary: d4840dc1-34f5-41a2-aab2-f6dbbb825c8e ArcTan -> Cube improved: 1.1% error: 1.3956464423399389e+23 -> 1.3809515219129063e+23
Training cb2c1651 with 1 binary file, target error: 0.05, iterations: 1, sample rate: 100%, sparse: 100%
Discovery cb2c1651 with 1 binary files, sample rate: 100%, batch size: 512
Discovery cb2c1651 initialize time 2s 25ms
Discovery cb2c1651 processing .trainData-industry_88/SERVICES-AUTO_RENTAL-LEASING_NO_DRIVERS/data.bin
Generation 20 score 0.4989547093393689  error 0.5010062296606772 avg time 7s 546ms
Discovery cb2c1651 read time 10ms for .trainData-industry_88/SERVICES-AUTO_RENTAL-LEASING_NO_DRIVERS/data.bin with 4645 records
Discovery cb2c1651 scanning time 8s 15ms
Discovery cb2c1651 recorded time 10s 482ms
Training 768a6533 with 1 binary file, target error: 0.05, iterations: 1, sample rate: 100%, sparse: 100%
Training c635d479 with 1 binary file, target error: 0.05, iterations: 1, sample rate: 100%, sparse: 100%
Fine tuning increased fitness by 0.0000028568317264610066 to 0.49896344470080367 adjusted 2 weights 
Fine tuning increased fitness by 0.000005865976109076243 to 0.49896931067691275 adjusted 2 weights 
Fine tuning increased fitness by 0.00001328206579731539 to 0.49898259274271006 adjusted 2 weights 
Training bc6f1450 with 1 binary file, target error: 0.05, iterations: 1, sample rate: 100%, sparse: 100%
Fine tuning increased fitness by 0.00003785031475422862 to 0.4990204430574643 adjusted 2 weights 
Remove neuron c86afc2f-65c3-46ee-adf1-31816d40b6c6 as no longer connected
Fine tuning increased fitness by 0.000047378304388057124 to 0.49906782136185235 adjusted 2 weights 
Training 39dbe2eb with 1 binary file, target error: 0.05, iterations: 1, sample rate: 100%, sparse: 100%
Fine tuning increased fitness by 0.000023871201333403036 to 0.49909169256318575 adjusted 2 weights 
Discovered beneficial synapse from input-1394 to 26f8ed4d-e858-4941-b48b-ef2bcd6b56c2 with weight -1.0000, helping 28.5% more records than it harms (1901/4645)
Discovery cb2c1651 analyze time 37s 998ms found 1 candidates
Discovered harmful synapse from input-1063 to 0adc16fa-ae3b-446b-8b7c-51c997862454, harming 19.6% more records than it helps (1332/4645)
Discovery cb2c1651 analyze harmful time 2s 754ms found 1 candidates
Generation 30 score 0.49909241654697767  error 0.5008685224530685 avg time 4s 946ms
Discovery cb2c1651 analyze squashes time 2s 385ms found 1 candidate, Summary: d4840dc1-34f5-41a2-aab2-f6dbbb825c8e ArcTan -> Cube improved: 1.1% error: 1.3950484277532792e+23 -> 1.380345299674572e+23
Training 5caffd55 with 1 binary file, target error: 0.05, iterations: 1, sample rate: 100%, sparse: 100%
Discovery 345daba0 with 1 binary files, sample rate: 100%, batch size: 512
Discovery 345daba0 initialize time 175ms
Discovery 345daba0 processing .trainData-industry_88/SERVICES-AUTO_RENTAL-LEASING_NO_DRIVERS/data.bin
Training 86eea939 with 1 binary file, target error: 0.05, iterations: 1, sample rate: 100%, sparse: 100%
Discovery 345daba0 read time 6ms for .trainData-industry_88/SERVICES-AUTO_RENTAL-LEASING_NO_DRIVERS/data.bin with 4645 records
Discovery 345daba0 scanning time 5s 442ms
Discovery 345daba0 recorded time 8s 38ms
Training 2e0ab2d9 with 1 binary file, target error: 0.05, iterations: 1, sample rate: 100%, sparse: 100%
Fine tuning increased fitness by 5.313443907084547e-9 to 0.499092699733429 adjusted 1 weight 
Training 2c08e8a5 with 1 binary file, target error: 0.05, iterations: 1, sample rate: 100%, sparse: 100%
Fine tuning increased fitness by 3.383365337894517e-8 to 0.4990927335670824 adjusted 1 weight 
Fine tuning increased fitness by 7.864573847715661e-8 to 0.49909281221282087 adjusted 1 weight 
Generation 40 score 0.49909281221282087  error 0.5008682367872253 avg time 5s 335ms
Fine tuning increased fitness by 1.5089709537452478e-7 to 0.49909296310991624 adjusted 1 weight 
Training 2aa77315 with 1 binary file, target error: 0.05, iterations: 1, sample rate: 100%, sparse: 100%
Fine tuning increased fitness by 2.9823017444474686e-7 to 0.4990932613400907 adjusted 1 weight 
Discovered beneficial synapse from input-1394 to 26f8ed4d-e858-4941-b48b-ef2bcd6b56c2 with weight -1.0000, helping 28.5% more records than it harms (1902/4645)
Discovery 345daba0 analyze time 43s 757ms found 1 candidates
Discovered harmful synapse from input-534 to 26f8ed4d-e858-4941-b48b-ef2bcd6b56c2, harming 28.1% more records than it helps (587/4645)
Discovery 345daba0 analyze harmful time 6s 352ms found 1 candidates
Fine tuning increased fitness by 7.287234836672596e-7 to 0.49909399006357436 adjusted 1 weight 
Discovery 345daba0 analyze squashes time 3s 623ms found 2 candidates, Summary: 26f8ed4d-e858-4941-b48b-ef2bcd6b56c2 ArcTan -> ABSOLUTE improved: 43.4% error: 4.568562147946924e+23 -> 2.5870980044052353e+23,d4840dc1-34f5-41a2-aab2-f6dbbb825c8e ArcTan -> Cube improved: 1.1% error: 1.390922127105345e+23 -> 1.3762254354450058e+23
Fine tuning increased fitness by 0.0000012743815962501515 to 0.4990952644451706 adjusted 1 weight 
Discovery 7a6e8c73 with 1 binary files, sample rate: 100%, batch size: 512
Discovery 7a6e8c73 initialize time 1s 491ms
Discovery 7a6e8c73 processing .trainData-industry_88/SERVICES-AUTO_RENTAL-LEASING_NO_DRIVERS/data.bin
Training 25641a4b with 1 binary file, target error: 0.05, iterations: 1, sample rate: 100%, sparse: 100%
Fine tuning increased fitness by 0.00000208129975443061 to 0.49909734574492504 adjusted 1 weight 
Fine tuning increased fitness by 0.0000037027509769416156 to 0.499101048495902 adjusted 1 weight 
Discovery 7a6e8c73 read time 19ms for .trainData-industry_88/SERVICES-AUTO_RENTAL-LEASING_NO_DRIVERS/data.bin with 4645 records
Discovery 7a6e8c73 scanning time 15s 837ms
Fine tuning increased fitness by 0.000006948919390903363 to 0.4991079974152929 adjusted 1 weight 
Fine tuning increased fitness by 0.000012961819760515247 to 0.4991209592350534 adjusted 1 weight 
Fine tuning increased fitness by 0.000020000001477171736 to 0.49914095923653057 adjusted 1 weight 
Fine tuning increased fitness by 0.0000688151312420171 to 0.4992097743677726 adjusted 1 weight 
Generation 50 score 0.4992097743677726  error 0.5007512746322735 avg time 7s 46ms
Set training/discovery clean up count to 2
Waiting for discovery to complete
Fine tuning increased fitness by 0.00006067550540600486 to 0.4992704498731786 adjusted 1 weight 
Generation 51 score 0.4992704498731786  error 0.5006905991268675 avg time 631ms
Waiting for discovery to complete
Fine tuning increased fitness by 0.00004798041259967967 to 0.49931843028577827 adjusted 1 weight 
Generation 52 score 0.49931843028577827  error 0.5006426187142679 avg time 572ms
Waiting for discovery to complete
Fine tuning increased fitness by 0.000002868023401436659 to 0.4993212983091797 adjusted 1 weight 
Generation 53 score 0.4993212983091797  error 0.5006397506908664 avg time 563ms
Waiting for discovery to complete
Discovery 7a6e8c73 recorded time 58s 284ms
Generation 54 score 0.4993212983091797  error 0.5006397506908664 avg time 652ms
Waiting for discovery to complete
Fine tuning increased fitness by 5.618573162280427e-9 to 0.49932130392775287 adjusted 227 weights, 7 biases 
Generation 55 score 0.49932130392775287  error 0.5006397450722914 avg time 566ms
Waiting for discovery to complete
Fine tuning increased fitness by 4.878228188065492e-8 to 0.49932135271003475 adjusted 222 weights, 7 biases 
Generation 56 score 0.49932135271003475  error 0.500639696290011 avg time 1s 1ms
Waiting for discovery to complete
Generation 57 score 0.49932614660976565  error 0.5006349123902786 avg time 965ms
Waiting for discovery to complete
Discovered beneficial synapse from input-1394 to 26f8ed4d-e858-4941-b48b-ef2bcd6b56c2 with weight -1.0000, helping 28.5% more records than it harms (1902/4645)
Discovery 7a6e8c73 analyze time 40s 769ms found 1 candidates
Generation 58 score 0.49933324310124516  error 0.5006278058988005 avg time 1s 7ms
Waiting for discovery to complete
Discovered harmful synapse from input-534 to 26f8ed4d-e858-4941-b48b-ef2bcd6b56c2, harming 28.1% more records than it helps (588/4645)
Discovery 7a6e8c73 analyze harmful time 6s 391ms found 1 candidates
Discovery 7a6e8c73 analyze squashes time 3s 241ms found 1 candidate, Summary: 26f8ed4d-e858-4941-b48b-ef2bcd6b56c2 ArcTan -> ABSOLUTE improved: 43.4% error: 4.5685621478763786e+23 -> 2.5870980043346908e+23
Remove neuron 33ae0e0c-df08-401d-b31b-a9e06a69b39f as no longer connected
Generation 59 score 0.499338161871008  error 0.5006228871290438 avg time 1s 28ms
Waiting for discovery to complete
Fine tuning increased fitness by 0.0000012791673040246643 to 0.499339441038312 adjusted 224 weights, 7 biases 
Over populated 53, expected 50.
Generation 60 score 0.499339441038312  error 0.5006216079617389 avg time 847ms
Waiting for training/discovery clean up 2
Fine tuning increased fitness by 2.386860643577293e-7 to 0.4993396797243764 adjusted 224 weights, 7 biases 
Remove neuron 1966ccab-ae97-425c-abda-3416d44d3d99 as no longer connected
Generation 61 score 0.4993396797243764  error 0.5006213692756739 avg time 942ms
Waiting for training/discovery clean up 1
Fine tuning increased fitness by 6.838584837298711e-8 to 0.49933974811022475 adjusted 224 weights, 7 biases 
Generation 62 score 0.49933974811022475  error 0.5006213008898248 avg time 877ms
{
  error: 0.5006213008898248,
  score: 0.49933974811022475,
  generation: 62,
  time: 460154,
  startScore: 0.49832734411242724
}
OIL-GAS_MIDSTREAM , score: 0.8545699998711088
Skipping (good score) OIL-GAS_MIDSTREAM , score: 0.855
ENGINEERING-CONSTRUCTION , score: 0.8123716194875288
Skipping (good score) ENGINEERING-CONSTRUCTION , score: 0.812
INTEGRATED_FREIGHT-LOGISTICS , score: 0.8155948826012182
Skipping (good score) INTEGRATED_FREIGHT-LOGISTICS , score: 0.816
HAZARDOUS_WASTE_MANAGEMENT , score: 0.7037110708847091
Skipping (good score) HAZARDOUS_WASTE_MANAGEMENT , score: 0.704
ELECTROMEDICAL-ELECTROTHERAPEUTIC_APPARATUS , score: 0.5635120729898428
process (poor score) ELECTROMEDICAL-ELECTROTHERAPEUTIC_APPARATUS , score: 0.5635120729898428 lvl: 2
9 mutations, mutation rate 5.0%, elitism 9, mutation ALL, selection POWER
Creature count: 404
Over populated 405, expected 50.
Culling duplicate creature at 1 of 405
Culling duplicate creature at 1 of 404
DeDuplication of 2 creatures to 403 in 1ms (previous experiment )
Max is too large 1.1559466326634707e+195
Total is too large 1.1559466326634707e+195
Training 6531dee4 with 1 binary file, target error: 0.05, iterations: 1, sample rate: 100%, sparse: 100%
Discovery 6531dee4 with 1 binary files, sample rate: 100%, batch size: 512
Fine tuning increased fitness by 5.198785202331635e-8 to 0.5635121236231915 adjusted 1 weight 
Discovery 6531dee4 initialize time 6s 189ms
Discovery 6531dee4 processing .trainData-industry_88/ELECTROMEDICAL-ELECTROTHERAPEUTIC_APPARATUS/data.bin
Training 307981a0 with 1 binary file, target error: 0.05, iterations: 1, sample rate: 100%, sparse: 100%
Fine tuning increased fitness by 1.0191167465478657e-7 to 0.5635122255348661 adjusted 1 weight 
Fine tuning increased fitness by 3.496652899448449e-7 to 0.5635125752001561 adjusted 1 weight 
Fine tuning increased fitness by 9.17608983241891e-7 to 0.5635134928091393 adjusted 1 weight 
Fine tuning increased fitness by 0.000001520421154754814 to 0.5635150132302941 adjusted 1 weight 
Discovery 6531dee4 read time 8ms for .trainData-industry_88/ELECTROMEDICAL-ELECTROTHERAPEUTIC_APPARATUS/data.bin with 4645 records
Discovery 6531dee4 scanning time 16s 279ms
Training cf00b905 with 1 binary file, target error: 0.05, iterations: 1, sample rate: 100%, sparse: 100%
Fine tuning increased fitness by 0.0000011379827110635787 to 0.5635161512130051 adjusted 1 weight 
Fine tuning increased fitness by 3.9123844497446214e-8 to 0.5635161903368496 adjusted 1 weight 
Fine tuning increased fitness by 2.8177460364986473e-13 to 0.5635161903371314 adjusted 1 weight 
Generation 10 score 0.5635161903371314  error 0.4364582786629422 avg time 7s 721ms
Training 6755e67b with 1 binary file, target error: 0.05, iterations: 1, sample rate: 100%, sparse: 100%
Fine tuning increased fitness by 1.5522549912105887e-10 to 0.5635161904923569 adjusted 1 weight 
Compacting increased fitness by 7.907443611010478e-8 to 0.563516269566793 neurons: 91 was: 92 synapses: 1631 was: 1633
Training a683cd25 with 1 binary file, target error: 0.05, iterations: 1, sample rate: 100%, sparse: 100%
Fine tuning increased fitness by 5.921352852489292e-9 to 0.5635163196589491 adjusted 1 weight, 1 bias 
Training 1093ca36 with 1 binary file, target error: 0.05, iterations: 1, sample rate: 100%, sparse: 100%
Discovery 6531dee4 recorded time 47s 624ms
Fine tuning increased fitness by 4.931612196390489e-8 to 0.5635164024774658 adjusted 1 weight, 1 bias 
Fine tuning increased fitness by 1.3624316264060354e-7 to 0.5635165387206285 adjusted 1 weight, 1 bias 
Training 3308a81a with 1 binary file, target error: 0.05, iterations: 1, sample rate: 100%, sparse: 100%
Fine tuning increased fitness by 3.7585449996768716e-7 to 0.5635169145751284 adjusted 1 weight, 1 bias 
Generation 20 score 0.5635169145751284  error 0.43645767442494504 avg time 2s 876ms
Fine tuning increased fitness by 6.976924729062972e-7 to 0.5635176122676013 adjusted 1 weight, 1 bias 
Fine tuning increased fitness by 0.0000010903255296401682 to 0.563518702593131 adjusted 1 weight, 1 bias 
Training e2414177 with 1 binary file, target error: 0.05, iterations: 1, sample rate: 100%, sparse: 100%
Fine tuning increased fitness by 6.2796280220212e-7 to 0.5635193305559332 adjusted 1 weight, 1 bias 
Fine tuning increased fitness by 2.7765520993483506e-9 to 0.5635193333324853 adjusted 1 weight, 1 bias 
Fine tuning increased fitness by 3.777301360585739e-9 to 0.5635193371097866 adjusted 1 weight, 1 bias 
Training b07103a4 with 1 binary file, target error: 0.05, iterations: 1, sample rate: 100%, sparse: 100%
Compacting increased fitness by 9.133520240123261e-8 to 0.5635194316235081 neurons: 90 was: 91 synapses: 1629 was: 1631
Fine tuning increased fitness by 2.1421618467964976e-7 to 0.5635196458396928 adjusted 1 weight, 2 biases 
Training 7d4a330f with 1 binary file, target error: 0.05, iterations: 1, sample rate: 100%, sparse: 100%
Fine tuning increased fitness by 1.1413695455431139e-7 to 0.5635197599766474 adjusted 1 weight, 2 biases 
Discovered beneficial synapse from input-1237 to 56e44801-dd24-4cec-8ea8-320d1c61178e with weight 1.0000, helping 54.4% more records than it harms (3586/4645)
Discovery 6531dee4 analyze time 25s 516ms found 1 candidates
Discovered harmful synapse from input-1486 to ea2e6695-a45a-4893-a543-0454a0a0ca46, harming 51.5% more records than it helps (1126/4645)
Discovery 6531dee4 analyze harmful time 1s 339ms found 1 candidates
Discovery 6531dee4 analyze squashes time 1s 59ms found 0 candidates
Generation 30 score 0.5635199924677156  error 0.43645471653235807 avg time 2s 93ms
Discovery c53c7242 with 1 binary files, sample rate: 100%, batch size: 512
Training ac9dc7e9 with 1 binary file, target error: 0.05, iterations: 1, sample rate: 100%, sparse: 100%
Discovery c53c7242 initialize time 275ms
Discovery c53c7242 processing .trainData-industry_88/ELECTROMEDICAL-ELECTROTHERAPEUTIC_APPARATUS/data.bin
Fine tuning increased fitness by 5.369971528557116e-7 to 0.5635207934980261 adjusted 1 weight 
Fine tuning increased fitness by 0.0000010650428817760016 to 0.5635218585409079 adjusted 1 weight 
Discovery c53c7242 read time 7ms for .trainData-industry_88/ELECTROMEDICAL-ELECTROTHERAPEUTIC_APPARATUS/data.bin with 4645 records
Discovery c53c7242 scanning time 2s 342ms
Fine tuning increased fitness by 0.0000019891946669847727 to 0.5635238477355748 adjusted 1 weight 
Discovery c53c7242 recorded time 3s 675ms
Training 2291f2fe with 1 binary file, target error: 0.05, iterations: 1, sample rate: 100%, sparse: 100%
Fine tuning increased fitness by 0.000005108975906442659 to 0.5635289567114813 adjusted 1 weight 
Fine tuning increased fitness by 0.000005055690822985959 to 0.5635340124023043 adjusted 1 weight 
Fine tuning increased fitness by 0.0000029312434639550133 to 0.5635369436457682 adjusted 1 weight 
Training 71293132 with 1 binary file, target error: 0.05, iterations: 1, sample rate: 100%, sparse: 100%
Fine tuning increased fitness by 1.225472295862673e-7 to 0.5635370661929978 adjusted 1 weight 
Generation 40 score 0.5635370661929978  error 0.43643762280707576 avg time 1s 701ms
Fine tuning increased fitness by 2.549597015732985e-7 to 0.5635373211526994 adjusted 1 weight 
Training 0c412cd5 with 1 binary file, target error: 0.05, iterations: 1, sample rate: 100%, sparse: 100%
Fine tuning increased fitness by 6.572832572659948e-7 to 0.5635379784359567 adjusted 1 weight 
Fine tuning increased fitness by 4.3967346430306975e-7 to 0.563538418109421 adjusted 1 weight 
Discovered beneficial synapse from input-1480 to ea2e6695-a45a-4893-a543-0454a0a0ca46 with weight 1.0000, helping 55.4% more records than it harms (3609/4645)
Discovery c53c7242 analyze time 16s 563ms found 1 candidates
Training 2dfd8d9a with 1 binary file, target error: 0.05, iterations: 1, sample rate: 100%, sparse: 100%
Fine tuning increased fitness by 7.510065939131394e-7 to 0.5635391691160149 adjusted 1 weight 
Discovered harmful synapse from input-1235 to 56e44801-dd24-4cec-8ea8-320d1c61178e, harming 52.6% more records than it helps (1100/4645)
Discovery c53c7242 analyze harmful time 1s 584ms found 1 candidates
Discovery c53c7242 analyze squashes time 1s 338ms found 0 candidates
Fine tuning increased fitness by 0.00000984250881475024 to 0.5635598303261087 adjusted 315 weights, 20 biases 
Discovery 37a749a9 with 1 binary files, sample rate: 100%, batch size: 512
Discovery 37a749a9 initialize time 148ms
Discovery 37a749a9 processing .trainData-industry_88/ELECTROMEDICAL-ELECTROTHERAPEUTIC_APPARATUS/data.bin
Training d7efcf7b with 1 binary file, target error: 0.05, iterations: 1, sample rate: 100%, sparse: 100%
Fine tuning increased fitness by 0.00000739116303549725 to 0.5635672214891442 adjusted 315 weights, 20 biases 
Discovery 37a749a9 read time 7ms for .trainData-industry_88/ELECTROMEDICAL-ELECTROTHERAPEUTIC_APPARATUS/data.bin with 4645 records
Discovery 37a749a9 scanning time 2s 212ms
Remove neuron 5db560ac-792f-49d3-9f80-811427bba124 as no longer connected
Over populated 52, expected 50.
Fine tuning increased fitness by 0.000005888831680955775 to 0.5635731103208251 adjusted 315 weights, 20 biases 
Discovery 37a749a9 recorded time 3s 908ms
Training 05312c3d with 1 binary file, target error: 0.05, iterations: 1, sample rate: 100%, sparse: 100%
Over populated 52, expected 50.
Generation 50 score 0.5635780059802049  error 0.4363966830198728 avg time 2s 149ms
Fine tuning increased fitness by 9.28836100033692e-7 to 0.5635806362953796 adjusted 186 weights, 7 biases 
Training b99a24a3 with 1 binary file, target error: 0.05, iterations: 1, sample rate: 100%, sparse: 100%
Fine tuning increased fitness by 0.0000010901365361526416 to 0.5635817264319157 adjusted 186 weights, 7 biases 
Over populated 52, expected 50.
Training 49d7b548 with 1 binary file, target error: 0.05, iterations: 1, sample rate: 100%, sparse: 100%
Training 53741a81 with 1 binary file, target error: 0.05, iterations: 1, sample rate: 100%, sparse: 100%
Generation 60 score 0.5636170069896919  error 0.4363575720103859 avg time 2s 182ms
Training 820b3a35 with 1 binary file, target error: 0.05, iterations: 1, sample rate: 100%, sparse: 100%
Fine tuning increased fitness by 0.0000018890699157170232 to 0.5636203826554645 adjusted 10 weights, 1 bias 
Fine tuning increased fitness by 0.000003763930551237138 to 0.5636241465860158 adjusted 10 weights, 1 bias 
Discovered beneficial synapse from input-1480 to ea2e6695-a45a-4893-a543-0454a0a0ca46 with weight 1.0000, helping 55.4% more records than it harms (3609/4645)
Discovery 37a749a9 analyze time 31s 838ms found 1 candidates
Fine tuning increased fitness by 0.0000067382712123365 to 0.5636308848572281 adjusted 86 weights, 2 biases 
Discovered harmful synapse from input-1486 to ea2e6695-a45a-4893-a543-0454a0a0ca46, harming 51.5% more records than it helps (1126/4645)
Discovery 37a749a9 analyze harmful time 1s 306ms found 1 candidates
Discovery 37a749a9 analyze squashes time 1s 94ms found 0 candidates
Training cbf73dce with 1 binary file, target error: 0.05, iterations: 1, sample rate: 100%, sparse: 100%
Fine tuning increased fitness by 0.000008175269289312226 to 0.5636390601265174 adjusted 86 weights, 2 biases 
Remove neuron b49bb590-7b6c-4186-9e05-cc6822b5d2c6 as no longer connected
Over populated 53, expected 50.
Discovery cbf73dce with 1 binary files, sample rate: 100%, batch size: 512
Discovery cbf73dce initialize time 542ms
Discovery cbf73dce processing .trainData-industry_88/ELECTROMEDICAL-ELECTROTHERAPEUTIC_APPARATUS/data.bin
Discovery cbf73dce read time 10ms for .trainData-industry_88/ELECTROMEDICAL-ELECTROTHERAPEUTIC_APPARATUS/data.bin with 4645 records
Discovery cbf73dce scanning time 2s 752ms
Fine tuning increased fitness by 0.000013058241361552092 to 0.5636613063655603 adjusted 85 weights, 2 biases 
Training 897eccff with 1 binary file, target error: 0.05, iterations: 1, sample rate: 100%, sparse: 100%
Fine tuning increased fitness by 0.000011679210695669795 to 0.5636959215353952 adjusted 84 weights, 2 biases 
Discovery cbf73dce recorded time 11s 114ms
Fine tuning increased fitness by 0.000016175005689733624 to 0.5637120965410849 adjusted 86 weights, 2 biases 
Generation 70 score 0.5637120965410849  error 0.4362624824589928 avg time 2s 542ms
Training e09bd4ae with 1 binary file, target error: 0.05, iterations: 1, sample rate: 100%, sparse: 100%
Fine tuning increased fitness by 0.000024206398738235713 to 0.563776028905518 adjusted 10 weights, 1 bias 
Training 3da5d2ec with 1 binary file, target error: 0.05, iterations: 1, sample rate: 100%, sparse: 100%
Training ebe925ba with 1 binary file, target error: 0.05, iterations: 1, sample rate: 100%, sparse: 100%
Training 11218e5d with 1 binary file, target error: 0.05, iterations: 1, sample rate: 100%, sparse: 100%
Generation 80 score 0.5637995513606834  error 0.43617502763939436 avg time 3s 648ms
Discovered beneficial synapse from input-1480 to ea2e6695-a45a-4893-a543-0454a0a0ca46 with weight 1.0000, helping 55.4% more records than it harms (3610/4645)
Discovery cbf73dce analyze time 42s 325ms found 1 candidates
Discovered harmful synapse from input-1235 to 56e44801-dd24-4cec-8ea8-320d1c61178e, harming 52.7% more records than it helps (1099/4645)
Discovery cbf73dce analyze harmful time 2s 498ms found 1 candidates
Discovery cbf73dce analyze squashes time 2s 99ms found 0 candidates
Training d678ea1a with 1 binary file, target error: 0.05, iterations: 1, sample rate: 100%, sparse: 100%
Fine tuning increased fitness by 0.000006766053161744168 to 0.5638118347008428 adjusted 64 weights, 1 bias 
Discovery d678ea1a with 1 binary files, sample rate: 100%, batch size: 512
Discovery d678ea1a initialize time 5s 558ms
Discovery d678ea1a processing .trainData-industry_88/ELECTROMEDICAL-ELECTROTHERAPEUTIC_APPARATUS/data.bin
Training 95bc3636 with 1 binary file, target error: 0.05, iterations: 1, sample rate: 100%, sparse: 100%
Fine tuning increased fitness by 0.000006680069128850441 to 0.5638367266245543 adjusted 65 weights, 1 bias 
Discovery d678ea1a read time 15ms for .trainData-industry_88/ELECTROMEDICAL-ELECTROTHERAPEUTIC_APPARATUS/data.bin with 4645 records
Discovery d678ea1a scanning time 15s 914ms
Training 3a2c970c with 1 binary file, target error: 0.05, iterations: 1, sample rate: 100%, sparse: 100%
Fine tuning increased fitness by 3.606970944147747e-9 to 0.5638423676519172 adjusted 1 weight 
Fine tuning increased fitness by 4.203783765532876e-9 to 0.563842371855701 adjusted 1 weight 
Generation 90 score 0.563842371855701  error 0.4361322071443768 avg time 3s 463ms
Training 237f7e52 with 1 binary file, target error: 0.05, iterations: 1, sample rate: 100%, sparse: 100%
Fine tuning increased fitness by 0.0000010842030142566017 to 0.563844011503554 adjusted 551 weights, 34 biases 
Over populated 52, expected 50.
Fine tuning increased fitness by 0.0000024758396001134386 to 0.5638464873431541 adjusted 542 weights, 34 biases 
Training a03554b0 with 1 binary file, target error: 0.05, iterations: 1, sample rate: 100%, sparse: 100%
Fine tuning increased fitness by 0.0000032090290094100027 to 0.5638520691248093 adjusted 543 weights, 34 biases 
Over populated 52, expected 50.
Fine tuning increased fitness by 0.0000033488567172668127 to 0.5638579514360665 adjusted 238 weights, 15 biases 
Training face0f92 with 1 binary file, target error: 0.05, iterations: 1, sample rate: 100%, sparse: 100%
Over populated 52, expected 50.
Fine tuning increased fitness by 0.0000080447558781227 to 0.563872158453759 adjusted 238 weights, 15 biases 
Discovery d678ea1a recorded time 54s 902ms
Generation 100 score 0.5638722896651998  error 0.43610228933487794 avg time 3s 727ms
Training b86470e0 with 1 binary file, target error: 0.05, iterations: 1, sample rate: 100%, sparse: 100%
Fine tuning increased fitness by 1.75971651250606e-7 to 0.5638725950136039 adjusted 102 weights, 6 biases 
Fine tuning increased fitness by 2.6521714291405374e-7 to 0.5638728602307468 adjusted 102 weights, 6 biases 
Over populated 52, expected 50.
Fine tuning increased fitness by 5.068325200641155e-7 to 0.5638733670632669 adjusted 102 weights, 6 biases 
Fine tuning increased fitness by 8.27828622540494e-7 to 0.5638741948918894 adjusted 102 weights, 6 biases 
Fine tuning increased fitness by 0.0000015898169574146692 to 0.5638757847088468 adjusted 102 weights, 6 biases 
Fine tuning increased fitness by 0.0000012848752006799913 to 0.5638770695840475 adjusted 102 weights, 6 biases 
Fine tuning increased fitness by 0.0000023472014204495295 to 0.5638794167854679 adjusted 102 weights, 6 biases 
Fine tuning increased fitness by 0.000003845666569968209 to 0.5638832624520379 adjusted 102 weights, 6 biases 
Generation 110 score 0.5638832624520379  error 0.43609131654803984 avg time 3s 901ms
Set training/discovery clean up count to 2
Waiting for discovery to complete
Generation 111 score 0.563889827328238  error 0.4360847516718397 avg time 371ms
Waiting for discovery to complete
Fine tuning increased fitness by 0.0000069587257961467586 to 0.5638967860540341 adjusted 102 weights, 6 biases 
Generation 112 score 0.5638967860540341  error 0.4360777929460436 avg time 373ms
Waiting for discovery to complete
Fine tuning increased fitness by 0.000006194681493765231 to 0.5639029807355279 adjusted 102 weights, 6 biases 
Generation 113 score 0.5639029807355279  error 0.4360715982645498 avg time 338ms
Waiting for discovery to complete
Discovered beneficial synapse from input-1237 to 56e44801-dd24-4cec-8ea8-320d1c61178e with weight 1.0000, helping 54.4% more records than it harms (3587/4645)
Discovery d678ea1a analyze time 56s 59ms found 1 candidates
Discovered harmful synapse from input-1235 to 56e44801-dd24-4cec-8ea8-320d1c61178e, harming 52.7% more records than it helps (1099/4645)
Discovery d678ea1a analyze harmful time 1s 340ms found 1 candidates
Generation 114 score 0.5639044002482057  error 0.43607017875187204 avg time 270ms
Waiting for discovery to complete
Fine tuning increased fitness by 1.3145914068424247e-7 to 0.5639045317073463 adjusted 13 weights, 2 biases 
Discovery d678ea1a analyze squashes time 1s 556ms found 0 candidates
Generation 115 score 0.5639045317073463  error 0.43607004729273136 avg time 216ms
Waiting for discovery to complete
Fine tuning increased fitness by 3.8365299048770396e-8 to 0.5639045700726454 adjusted 13 weights, 2 biases 
Generation 116 score 0.5639045700726454  error 0.4360699989274324 avg time 233ms
Waiting for training/discovery clean up 2
Fine tuning increased fitness by 9.169305759115787e-8 to 0.563904661765703 adjusted 1 weight 
Generation 117 score 0.563904661765703  error 0.43606990723437483 avg time 193ms
Waiting for training/discovery clean up 1
Fine tuning increased fitness by 1.7108122518649793e-7 to 0.5639048328469282 adjusted 1 weight 
Generation 118 score 0.5639048328469282  error 0.43606973615314965 avg time 148ms
{
  error: 0.43606973615314965,
  score: 0.5639048328469282,
  generation: 118,
  time: 381962,
  startScore: 0.5635120729898428
}
LUMBER-WOOD_PRODUCTS_NO_FURNITURE , score: 0.7829082965653085
Skipping (good score) LUMBER-WOOD_PRODUCTS_NO_FURNITURE , score: 0.783
STEEL , score: 0.8068055268779802
Skipping (good score) STEEL , score: 0.807
BOTTLED-CANNED_SOFT_DRINKS-CARBONATED_WATERS , score: 0.5594032081614153
process (poor score) BOTTLED-CANNED_SOFT_DRINKS-CARBONATED_WATERS , score: 0.5594032081614153 lvl: 2
7 mutations, mutation rate 9.4%, elitism 8, mutation ALL, selection TOURNAMENT
Creature count: 404
Over populated 405, expected 50.
Culling duplicate creature at 1 of 405
Culling duplicate creature at 1 of 404
DeDuplication of 2 creatures to 403 in  (previous experiment )
Max is too large 1.1559466326634707e+195
Total is too large 1.1559466326634707e+195
Training 7d126d9a with 1 binary file, target error: 0.05, iterations: 1, sample rate: 100%, sparse: 100%
Discovery 7d126d9a with 1 binary files, sample rate: 100%, batch size: 512
Replacing HYPOT neuron 8c8fc085-89dd-472e-ae08-42f0f73e04e5
Remove neuron e25a8c8a-605e-4d12-9d12-26193cf4a8e7 as no longer connected
Discovery 7d126d9a initialize time 6s 432ms
Discovery 7d126d9a processing .trainData-industry_88/BOTTLED-CANNED_SOFT_DRINKS-CARBONATED_WATERS/data.bin
Discovery 7d126d9a read time 3ms for .trainData-industry_88/BOTTLED-CANNED_SOFT_DRINKS-CARBONATED_WATERS/data.bin with 4645 records
Discovery 7d126d9a scanning time 23s 186ms
Training f5a8e15d with 1 binary file, target error: 0.05, iterations: 1, sample rate: 100%, sparse: 100%
Discovery 7d126d9a recorded time 27s 898ms
Over populated 52, expected 50.
Training ee2f343d with 1 binary file, target error: 0.05, iterations: 1, sample rate: 100%, sparse: 100%
Over populated 52, expected 50.
Remove neuron 124adb89-927b-44da-beeb-f680b63005ec as no longer connected
Training 841d76be with 1 binary file, target error: 0.05, iterations: 1, sample rate: 100%, sparse: 100%
Discovered beneficial synapse from 9b992e9f-93f5-437b-a88f-761ec1c1507f to 5fb31b39-0938-4e08-846a-cb4a4967f4c4 with weight -1.0000, helping 64.7% more records than it harms (3824/4645)
Discovery 7d126d9a analyze time 51s 739ms found 1 candidates
Generation 10 score 0.5594047382778714  error 0.44055557072216933 avg time 12s 624ms
Discovered harmful synapse from input-1263 to 5fb31b39-0938-4e08-846a-cb4a4967f4c4, harming 61.5% more records than it helps (895/4645)
Discovery 7d126d9a analyze harmful time 5s 724ms found 1 candidates
Discovery 7d126d9a analyze squashes time 4s 921ms found 0 candidates
Fine tuning increased fitness by 0.000007615868178656449 to 0.559419872702583 adjusted 140 weights, 5 biases 
Discovery 6f9b798a with 1 binary files, sample rate: 100%, batch size: 512
Training e4cf26df with 1 binary file, target error: 0.05, iterations: 1, sample rate: 100%, sparse: 100%
Fine tuning increased fitness by 0.000013480625305262173 to 0.5594333533278882 adjusted 140 weights, 5 biases 
Discovery 6f9b798a initialize time 8s 220ms
Discovery 6f9b798a processing .trainData-industry_88/BOTTLED-CANNED_SOFT_DRINKS-CARBONATED_WATERS/data.bin
Remove neuron 93118740-5afb-481e-8c27-a30ab36cf086 as no longer connected
Over populated 52, expected 50.
Fine tuning increased fitness by 0.000011235940447940074 to 0.5594445892683362 adjusted 140 weights, 5 biases 
Fine tuning increased fitness by 0.0000064367056374914355 to 0.5594510259739737 adjusted 140 weights, 5 biases 
Discovery 6f9b798a read time 9ms for .trainData-industry_88/BOTTLED-CANNED_SOFT_DRINKS-CARBONATED_WATERS/data.bin with 4645 records
Discovery 6f9b798a scanning time 32s 270ms
Training 38398f0b with 1 binary file, target error: 0.05, iterations: 1, sample rate: 100%, sparse: 100%
Fine tuning increased fitness by 1.5903508288062085e-8 to 0.559451041877482 adjusted 140 weights, 5 biases 
Fine tuning increased fitness by 4.555260646466053e-8 to 0.5594510874300884 adjusted 1 weight 
Training 0baa902f with 1 binary file, target error: 0.05, iterations: 1, sample rate: 100%, sparse: 100%
Over populated 52, expected 50.
Discovery 6f9b798a recorded time 1m 16s 563ms
Fine tuning increased fitness by 9.087332534241099e-7 to 0.5594529153183531 adjusted 84 weights, 5 biases 
Generation 20 score 0.5594529153183531  error 0.4405073736816877 avg time 10s 432ms
Remove neuron 27f1533a-97cb-4975-b0d1-66e12ea484f9 as no longer connected
Training 0f2d7485 with 1 binary file, target error: 0.05, iterations: 1, sample rate: 100%, sparse: 100%
Fine tuning increased fitness by 0.000003309376649052176 to 0.5594581808956515 adjusted 84 weights, 5 biases 
Over populated 52, expected 50.
Fine tuning increased fitness by 1.1840000513352322e-7 to 0.5594631219786786 adjusted 85 weights, 5 biases 
Training 4fc41ac5 with 1 binary file, target error: 0.05, iterations: 1, sample rate: 100%, sparse: 100%
Over populated 52, expected 50.
Fine tuning increased fitness by 2.8960178233283784e-7 to 0.5594636978652853 adjusted 84 weights, 5 biases 
Fine tuning increased fitness by 9.890641666787658e-7 to 0.559464686929452 adjusted 83 weights, 5 biases 
Training d53dd56c with 1 binary file, target error: 0.05, iterations: 1, sample rate: 100%, sparse: 100%
Over populated 52, expected 50.
Fine tuning increased fitness by 0.000001224611472006032 to 0.5594675762861577 adjusted 84 weights, 5 biases 
Remove neuron 9f0b4119-5092-4a5e-8937-948243097a45 as no longer connected
Discovered beneficial synapse from input-1263 to 950689c9-9643-435f-b0c8-565f6a909d06 with weight 1.0000, helping 62.1% more records than it harms (3765/4645)
Discovery 6f9b798a analyze time 1m 51s 967ms found 1 candidates
Generation 30 score 0.5594687405384543  error 0.4404915384615864 avg time 10s 358ms
Discovered harmful synapse from input-1263 to 5fb31b39-0938-4e08-846a-cb4a4967f4c4, harming 61.4% more records than it helps (897/4645)
Discovery 6f9b798a analyze harmful time 4s 895ms found 1 candidates
Fine tuning increased fitness by 0.0000012617126059488726 to 0.5594700022510602 adjusted 84 weights, 5 biases 
Remove neuron 19dff2a4-b2af-45eb-803c-7e3e1509bf42 as no longer connected
Over populated 52, expected 50.
Discovery 6f9b798a analyze squashes time 4s 34ms found 0 candidates
Fine tuning increased fitness by 0.0000013793391211436301 to 0.5594713815901814 adjusted 84 weights, 5 biases 
Fine tuning increased fitness by 0.00000849739377117853 to 0.5594798789839526 adjusted 84 weights, 5 biases 
Fine tuning increased fitness by 0.000008298677518170372 to 0.5594881776614707 adjusted 84 weights, 5 biases 
Generation 34 score 0.5594881776614707  error 0.44047210133856995 avg time 3s 111ms
{
  error: 0.44047210133856995,
  score: 0.5594881776614707,
  generation: 34,
  time: 365596,
  startScore: 0.5594032081614153
}
SERVICES-MANAGEMENT_CONSULTING_SERVICES , score: 0.8364026975375027
Skipping (good score) SERVICES-MANAGEMENT_CONSULTING_SERVICES , score: 0.836
MEDICAL_INSTRUMENTS-SUPPLIES , score: 0.8926416125311006
Skipping (good score) MEDICAL_INSTRUMENTS-SUPPLIES , score: 0.893
OIL-GAS_E-P , score: 0.8796320956833109
Skipping (good score) OIL-GAS_E-P , score: 0.880
WHOLESALE-MACHINERY_EQUIPMENT-SUPPLIES , score: 0.6108071437984658
process (poor score) WHOLESALE-MACHINERY_EQUIPMENT-SUPPLIES , score: 0.6108071437984658 lvl: 2
5 mutations, mutation rate 37.4%, elitism 8, mutation ALL, selection FITNESS_PROPORTIONATE
Creature count: 404
Over populated 405, expected 50.
Culling duplicate creature at 1 of 405
Culling duplicate creature at 1 of 404
DeDuplication of 2 creatures to 403 in  (previous experiment )
Max is too large 1.1559466326634707e+195
Total is too large 1.1559466326634707e+195
Training 8dcc1830 with 1 binary file, target error: 0.05, iterations: 1, sample rate: 100%, sparse: 100%
Discovery 8dcc1830 with 1 binary files, sample rate: 100%, batch size: 512
Discovery 8dcc1830 initialize time 363ms
Discovery 8dcc1830 processing .trainData-industry_88/WHOLESALE-MACHINERY_EQUIPMENT-SUPPLIES/data.bin
Max is too large 1.1559466326634707e+195
Total is too large 1.1559466326634707e+195
Discovery 8dcc1830 read time 22ms for .trainData-industry_88/WHOLESALE-MACHINERY_EQUIPMENT-SUPPLIES/data.bin with 4645 records
Discovery 8dcc1830 scanning time 11s 224ms
Discovery 8dcc1830 recorded time 13s 666ms
Training 1aba080c with 1 binary file, target error: 0.05, iterations: 1, sample rate: 100%, sparse: 100%
Over populated 52, expected 50.
Fine tuning increased fitness by 0.000018466631773739195 to 0.6109269583792467 adjusted 283 weights, 17 biases 
Discovered beneficial synapse from input-636 to 4edf104f-8e25-497b-9ea0-cb89d1c5a79e with weight -1.0000, helping 47.0% more records than it harms (3393/4645)
Discovery 8dcc1830 analyze time 42s 781ms found 1 candidates
Fine tuning increased fitness by 0.00003357468990972112 to 0.6109605330691564 adjusted 283 weights, 17 biases 
Discovered harmful synapse from input-1591 to 5ce97c84-32ac-4b69-9851-2b0a85420383, harming 30.1% more records than it helps (313/4645)
Discovery 8dcc1830 analyze harmful time 4s 499ms found 1 candidates
Discovery 8dcc1830 analyze squashes time 4s 936ms found 1 candidate, Summary: 5ce97c84-32ac-4b69-9851-2b0a85420383 SELU -> COMPLEMENT improved: 100.0% error: 3.0745991437773934e+26 -> 33969813.6938
Training 4ecb4e6d with 1 binary file, target error: 0.05, iterations: 1, sample rate: 100%, sparse: 100%
Discovery 4ecb4e6d with 1 binary files, sample rate: 100%, batch size: 512
Discovery 4ecb4e6d initialize time 1s 919ms
Discovery 4ecb4e6d processing .trainData-industry_88/WHOLESALE-MACHINERY_EQUIPMENT-SUPPLIES/data.bin
Over populated 56, expected 50.
Discovery 4ecb4e6d read time 13ms for .trainData-industry_88/WHOLESALE-MACHINERY_EQUIPMENT-SUPPLIES/data.bin with 4645 records
Discovery 4ecb4e6d scanning time 19s 865ms
Training c82aa966 with 1 binary file, target error: 0.05, iterations: 1, sample rate: 100%, sparse: 100%
Fine tuning increased fitness by 0.000039913880898079235 to 0.6112062013655307 adjusted 440 weights, 22 biases 
Discovery 4ecb4e6d recorded time 47s 583ms
Over populated 52, expected 50.
Generation 10 score 0.6112062013655307  error 0.3887531076345561 avg time 17s 323ms
Training 9712af38 with 1 binary file, target error: 0.05, iterations: 1, sample rate: 100%, sparse: 100%
Fine tuning increased fitness by 0.000031127238045214334 to 0.6119449221210947 adjusted 128 weights, 12 biases 
Training 47ff4559 with 1 binary file, target error: 0.05, iterations: 1, sample rate: 100%, sparse: 100%
Fine tuning increased fitness by 0.00003921839089149337 to 0.6119841405119862 adjusted 128 weights, 12 biases 
Over populated 52, expected 50.
Fine tuning increased fitness by 0.00007390769215009918 to 0.6120580482041363 adjusted 128 weights, 12 biases 
Discovered beneficial synapse from input-636 to 4edf104f-8e25-497b-9ea0-cb89d1c5a79e with weight -1.0000, helping 47.9% more records than it harms (3410/4645)
Discovery 4ecb4e6d analyze time 1m 30s 546ms found 1 candidates
Discovered harmful synapse from input-1591 to 5ce97c84-32ac-4b69-9851-2b0a85420383, harming 30.1% more records than it helps (313/4645)
Discovery 4ecb4e6d analyze harmful time 5s 912ms found 1 candidates
Fine tuning increased fitness by 0.00017429751188069442 to 0.612232345716017 adjusted 128 weights, 12 biases 
Discovery 4ecb4e6d analyze squashes time 3s 6ms found 1 candidate, Summary: 5ce97c84-32ac-4b69-9851-2b0a85420383 SELU -> COMPLEMENT improved: 100.0% error: 3.0745991437773934e+26 -> 34622016.1611
Remove neuron 101a6c7a-88ac-4009-9502-ce97f6594768 as no longer connected
Training 6f020364 with 1 binary file, target error: 0.05, iterations: 1, sample rate: 100%, sparse: 100%
Fine tuning increased fitness by 0.00009265302846384049 to 0.6123249987444809 adjusted 128 weights, 12 biases 
Discovery 6f020364 with 1 binary files, sample rate: 100%, batch size: 512
Discovery 6f020364 initialize time 383ms
Discovery 6f020364 processing .trainData-industry_88/WHOLESALE-MACHINERY_EQUIPMENT-SUPPLIES/data.bin
Over populated 56, expected 50.
Discovery 6f020364 read time 15ms for .trainData-industry_88/WHOLESALE-MACHINERY_EQUIPMENT-SUPPLIES/data.bin with 4645 records
Discovery 6f020364 scanning time 11s 240ms
Discovery 6f020364 recorded time 13s 188ms
Fine tuning increased fitness by 0.000027120076051323494 to 0.6123521188205322 adjusted 127 weights, 12 biases 
Generation 20 score 0.6123521188205322  error 0.38760707017955465 avg time 13s 15ms
Training 5bafa0c8 with 1 binary file, target error: 0.05, iterations: 1, sample rate: 100%, sparse: 100%
Over populated 52, expected 50.
Fine tuning increased fitness by 0.0000022171168807538777 to 0.6124973202408973 adjusted 77 weights, 6 biases 
Training 527ccfd8 with 1 binary file, target error: 0.05, iterations: 1, sample rate: 100%, sparse: 100%
Fine tuning increased fitness by 0.0000013170651357308216 to 0.612498637306033 adjusted 77 weights, 6 biases 
Over populated 52, expected 50.
Discovered beneficial synapse from input-636 to 4edf104f-8e25-497b-9ea0-cb89d1c5a79e with weight -1.0000, helping 46.3% more records than it harms (3370/4645)
Discovery 6f020364 analyze time 1m 2s 612ms found 1 candidates
Discovered harmful synapse from input-1603 to daad6dc8-a71c-4529-be75-49a542e64422, harming 16.5% more records than it helps (883/4645)
Discovery 6f020364 analyze harmful time 4s 790ms found 1 candidates
Discovery 6f020364 analyze squashes time 4s 888ms found 1 candidate, Summary: daad6dc8-a71c-4529-be75-49a542e64422 BENT_IDENTITY -> ReLU improved: 62.5% error: 3.290387905274662e+27 -> 1.23359808146735e+27
Fine tuning increased fitness by 0.000042004984583399185 to 0.6127252675713774 adjusted 73 weights, 6 biases 
Over populated 52, expected 50.
Generation 26 score 0.6127252675713774  error 0.38723392142870955 avg time 6s 602ms
Set training/discovery clean up count to 2
Waiting for discovery to complete
Over populated 53, expected 50.
Generation 27 score 0.612727651190088  error 0.38723153780999886 avg time 1s 108ms
Waiting for training/discovery clean up 2
Generation 28 score 0.6128598592241481  error 0.38709933977594757 avg time 940ms
Waiting for training/discovery clean up 1
Generation 29 score 0.6128598592241481  error 0.38709933977594757 avg time 874ms
{
  error: 0.38709933977594757,
  score: 0.6128598592241481,
  generation: 29,
  time: 399258,
  startScore: 0.6108071437984658
}
🔍 [model_checkin 1.1.10] Checking for merge conflict markers in JSON model files
✅ [validate_json 1.0.1] All JSON files are valid in GRQ-industryV2 (took 6s)
✅ [validate_json 1.0.1] All JSON files are valid in GRQ-industryV2 (took 5s)
📋 [model_checkin 1.1.10] Local models to be committed:
  • v6/BOTTLED-CANNED_SOFT_DRINKS-CARBONATED_WATERS.json
  • v6/ELECTROMEDICAL-ELECTROTHERAPEUTIC_APPARATUS.json
  • v6/SERVICES-AUTO_RENTAL-LEASING_NO_DRIVERS.json
  • v6/WATER_SUPPLY.json
  • v6/WHOLESALE-MACHINERY_EQUIPMENT-SUPPLIES.json
From github.com:stSoftwareAU/GRQ-industryV2
   2845a61e..cfe08f6c  main       -> origin/main
✅ [validate_json 1.0.1] All JSON files are valid in GRQ-industryV2 (took 4s)
🔁 [model_checkin 1.1.10] Remote has changed - using stash strategy to prevent conflicts
⬇️ [model_checkin 1.1.10] Pulling remote changes with NEVER-MERGE rebase strategy
🛡️  JSON model files will be replaced completely, never merged
From github.com:stSoftwareAU/GRQ-industryV2
 * branch              main       -> FETCH_HEAD
Updating 2845a61e..cfe08f6c
Created autostash: 80604eba
Fast-forward
 v6/AIR_COURIER_SERVICES.json                       |  445 +-
 v6/COMPUTER_COMMUNICATIONS_EQUIPMENT.json          | 3360 ++++++++++-----
 v6/COPPER.json                                     | 4404 ++++++++++++++++----
 ...EDERAL-FEDERALLY-SPONSORED_CREDIT_AGENCIES.json |   14 +-
 v6/GOLD_AND_SILVER_ORES.json                       | 3341 ++++++++++++---
 v6/INTEGRATED_FREIGHT-LOGISTICS.json               | 1741 ++++----
 v6/LABORATORY_APPARATUS-FURNITURE.json             | 1812 +-------
 v6/MOTOR_VEHICLES-PASSENGER_CAR_BODIES.json        | 3566 +++++++++++++---
 v6/MOTOR_VEHICLE_PARTS-ACCESSORIES.json            |  857 ++--
 v6/PAPER_MILLS.json                                | 2796 +++++++++----
 v6/PERSONAL_CREDIT_INSTITUTIONS.json               | 1261 ++----
 v6/RETAIL-EATING_PLACES.json                       |  229 +-
 v6/SERVICES-HOME_HEALTH_CARE_SERVICES.json         |  415 +-
 v6/SHELL_COMPANIES.json                            | 1712 ++++++--
 ...KS_BLAST_FURNACES-ROLLING_MILLS_COKE_OVENS.json |  613 ++-
 15 files changed, 17934 insertions(+), 8632 deletions(-)
Applied autostash.
✅ [model_checkin 1.1.10] Rebase completed successfully - linear history maintained
🔍 [model_checkin 1.1.10] Final safety check before commit
[main 02597850] GRQ-3 Improved Industry models (GRQ-3)
 5 files changed, 4189 insertions(+), 12989 deletions(-)
🔍 [model_checkin 1.1.10] Final safety check for JSON model corruption
✅ [validate_json 1.0.1] All JSON files are valid in GRQ-industryV2 (took 6s)
To github.com:stSoftwareAU/GRQ-industryV2.git
   cfe08f6c..02597850  main -> main
✅ Successfully committed and pushed model changes
🛡️  JSON model files were protected from corruption - no merges occurred
HEAD is now at e4f5866 chore: apply deno fmt and lint fixes
From github.com:stSoftwareAU/GRQ-health
   caf2838..1b1ccab  Develop    -> origin/Develop
HEAD is now at 1b1ccab Update health status for GRQ-21 at Fri Sep 19 12:34:24 AEST 2025
Reset branch 'Develop'
branch 'Develop' set up to track 'origin/Develop'.
Your branch is up to date with 'origin/Develop'.
✅ GRQ-health synced with remote (validation skipped)
From github.com:stSoftwareAU/GRQ-health
   1b1ccab..e7db944  Develop    -> origin/Develop
HEAD is now at e7db944 Update health status for GRQ-24 at Fri Sep 19 12:45:05 AEST 2025
Updating health information...
Already up to date.
Updated health information for GRQ-3
ok Pro'
