[log truncated by run.sh: showing the last 64 KB of 79 KB; the full log is on the host]
✅ NEAT-AI-scorer synced with remote (validation skipped)
[fetch-phase] NEAT-AI-scorer phase=validation duration_secs=0
🔧 scorer: syncing sibling checkout NEAT-AI-scorer with remote (#4757)
[fetch-phase] NEAT-AI-scorer phase=graded-self-heal duration_secs=0
[fetch-phase] NEAT-AI-scorer phase=pre-fetch-cleanup duration_secs=1
✅ NEAT-AI-scorer: HEAD f044b40 matches origin/Develop (ls-remote pre-check) — skipping git fetch (#2063)
[fetch-phase] NEAT-AI-scorer phase=prefetch-staleness-check duration_secs=3
✅ NEAT-AI-scorer: already at origin/Develop (f044b40) — skipping reset/clean/checkout
[fetch-phase] NEAT-AI-scorer phase=reset-checkout duration_secs=0
📦 [feed-repo-size] repo=NEAT-AI-scorer size-pack-kib=4197 head-tree-kib=unmeasured ratio=n/a threshold=3 promisor=false action=none
[fetch-phase] NEAT-AI-scorer phase=compaction-size-measurement duration_secs=0
[fetch-phase] NEAT-AI-scorer phase=shallow-history-reclaim duration_secs=0
✅ NEAT-AI-scorer synced with remote (validation skipped)
[fetch-phase] NEAT-AI-scorer phase=validation duration_secs=0
[rust_scorer] already installed v1.1.97
[native-scorer] enabled path=/Users/rocket/.cargo/bin/rust_scorer core_sha=58b8842066d9a1b640c4ba9551074f4432fb891f core_dirty=no scorer_src_sha=f044b409b6cf1e12a1d457b73f9a1aa41f6c9005 scorer_src_dirty=no
🔧 backprop: syncing sibling checkout NEAT-AI-Backpropagation with remote (#4757)
[fetch-phase] NEAT-AI-Backpropagation phase=graded-self-heal duration_secs=1
[fetch-phase] NEAT-AI-Backpropagation phase=pre-fetch-cleanup duration_secs=0
✅ NEAT-AI-Backpropagation: HEAD 144e873 matches origin/Develop (ls-remote pre-check) — skipping git fetch (#2063)
[fetch-phase] NEAT-AI-Backpropagation phase=prefetch-staleness-check duration_secs=3
✅ NEAT-AI-Backpropagation: already at origin/Develop (144e873) — skipping reset/clean/checkout
[fetch-phase] NEAT-AI-Backpropagation phase=reset-checkout duration_secs=0
📦 [feed-repo-size] repo=NEAT-AI-Backpropagation size-pack-kib=1977 head-tree-kib=unmeasured ratio=n/a threshold=3 promisor=true action=none
[fetch-phase] NEAT-AI-Backpropagation phase=compaction-size-measurement duration_secs=1
[fetch-phase] NEAT-AI-Backpropagation phase=shallow-history-reclaim duration_secs=0
✅ NEAT-AI-Backpropagation synced with remote (validation skipped)
[fetch-phase] NEAT-AI-Backpropagation phase=validation duration_secs=0
[neat_ai_backpropagation] already installed v0.1.46
🌀 backprop: using neat_ai_backpropagation 0.1.46 (/Users/rocket/.cargo/bin/neat_ai_backpropagation) (#3991)
[neat-ai-backprop] enabled binary=/Users/rocket/.cargo/bin/neat_ai_backpropagation lib=/Users/rocket/.cargo/lib/libneat_ai_backpropagation.dylib
[neat-ai-refinery] enabled binary=/Users/rocket/.cargo/bin/neat_ai_refinery (pinned)
🏭 [refinery-sampler] enabled binary=/Users/rocket/.cargo/bin/neat_ai_refinery
[training-hang] armed schedule-time capture dir=/Users/rocket/logs/training-hangs/in-flight — NEAT-AI writes the creature it hands to each training task here and deletes it when the task returns, so whatever survives is exactly the hung set (#4490)
sampler-preflight: phase=run-start free_gb=259.9 corpus_gb=21.6 required_gb=64.8 decision=ok
Loop 1 of 5
⏱️  Loop 1: --timeout sized to 7 min from remaining budget (5 loop(s) left)
From github.com:stSoftwareAU/GRQ-cluster
 * branch              main       -> FETCH_HEAD
Already up to date.
ℹ️ [creature-artefact] ../GRQ-cluster/creature.json absent — reading legacy network.json (#4153 rollout window)
GIT-OP: [sampler-copyNetworks] git pull ok in 3s (attempt 1/3, timeout=600s)
Already up to date.
[samples] pool shrunk to fit the run's soft budget scored=8 of considered=46 remaining=3383s share=20% secs_per_creature=124 — the rest are dropped at random this run, never by tag (#4671)
[samples] considered=8 dir=samples top=6 random=2 (#4300)
[samples] scoring pool=8 data=/Users/rocket/GRQ/.trainData-binary_116 — ranking on locally measured scores, stored score tags are never used (#4375)
[samples] scoring deadline=3600s/scorer-pass pool=8 secs_per_creature=124 slack=3x floor=3600s (#4615)
2026-10-07T12:22:43.243Z [INFO] [batchRustScore] [pid-45742] 🦀 Rust batch score: 8 creature(s) → /Users/rocket/.cargo/bin/rust_scorer
2026-10-07T12:56:36.023Z [INFO] [ScoreSeedPool] [pid-45742] measured 8 of 8 seed candidate(s) on /Users/rocket/GRQ/.trainData-binary_116
[samples] scoring pass ok rc=0 elapsed=2041s pool=8 secs_per_creature=256 (#4494/#4498)
[samples] scored measured=8 unmeasured=0 of considered=8 (#4375)
[samples] random-pool eligible=8 quarantined=0 best=0.43293120267466007 floor=0.3246984020 limit=25% ranked-taken=6 available=2 (#4299, #4677)
[samples] pick slot=top rank=1 score=0.43293120267466007 measured=local file=GRQ-10-lamarck.json (#4375)
[samples] pick slot=top rank=2 score=0.4329266836336115 measured=local file=Mac-Ultra-M2-1.json (#4375)
[samples] pick slot=top rank=3 score=0.43292060740159977 measured=local file=GRQ-22-forests.json (#4375)
[samples] pick slot=top rank=4 score=0.4329013906696181 measured=local file=GRQ-25-lamarck.json (#4375)
[samples] pick slot=top rank=5 score=0.43284515030352727 measured=local file=Mac-Ultra-M2-ockham.json (#4375)
[samples] pick slot=top rank=6 score=0.43283545639190885 measured=local file=GRQ-22-ockham.json (#4375)
[samples] pick slot=random rank=- score=0.43273601113552307 measured=local file=GRQ-10-forests.json (#4375)
[samples] pick slot=random rank=- score=0.43282267136042746 measured=local file=GRQ-25-forests.json (#4375)
[samples] seeded slots=8 of 8 top=6 random=2 considered=8 (#4677)
ℹ️ [creature-artefact] ../GRQ-portfolio/best/creature.json absent — reading legacy network.json (#4153 rollout window)
[creatures] copyNetworks: 38 creature file(s) in /Users/rocket/GRQ/.creatures (#4300)
[creatures] copyNetworks: 1.json 2.json 3.json 4.json 5.json 6.json 7.json 8.json 9.json Enceladus.json GRQ-10-1.json GRQ-10-forests.json GRQ-10-lamarck.json GRQ-11-1.json GRQ-12-1.json GRQ-13-ockham.json GRQ-18-1.json GRQ-21-forests.json GRQ-21-lamarck.json GRQ-22-1.json GRQ-22-forests.json GRQ-22-ockham.json GRQ-24-ockham.json GRQ-25-forests.json GRQ-25-lamarck.json GRQ-25-ockham.json GRQ-3-1.json GRQ-3-ockham.json Mac-Ultra-M2-1.json Mac-Ultra-M2-ockham.json best.json cluster.json sampler-1.json sampler-2.json sampler-3.json sampler-4.json sampler-5.json worker.json 
1) Sample rate: 0.01, timeout: 7, costName: MSE
sampler-preflight: phase=slice-0.01 free_gb=279.4 corpus_gb=21.6 required_gb=0.3 decision=ok
[heap-grant] stage=Sampler | Heap: 4326 MB | Total RAM: 16 GB | Available: 10321 MB | Planning budget: 8192 MB | FFI/OS headroom: 1536 MB | Floor: 4096 MB | Cap: 24576 MB (default) | Clamp: 8785 MB (available)
🏭 .trainData-binary_116-sampler/sample-1.bin — 22743 of 2287083 records kept from 520 file(s), seed 2754242316315310358
📄 .trainData-binary_116-sampler/manifest.json — sha256 2e02f851d76f9f514664c623174d075dd6101e36b9791077615702d543acd23c
2026-10-07T12:58:04.761Z [INFO] [Sampler] [pid-71524] 🏭 sampler implementation=refinery elapsed_ms=6552 records_read=2287083 records_written=22743 output=.trainData-binary_116-sampler/sample-1.bin
2026-10-07T12:58:04.769Z [INFO] [Sampler] [pid-71524] Total time taken: 6s 560ms
[scan-creatures] scanned=38 quarantined=0 repaired=0 reordered=0 duration=4032ms
👥 Population size (sampler loop 1): 50
[heap-grant] stage=SamplerLearn | Heap: 4326 MB | Total RAM: 16 GB | Available: 10158 MB | Planning budget: 8192 MB | FFI/OS headroom: 1536 MB | Floor: 4096 MB | Cap: 24576 MB (default) | Clamp: 8622 MB (available)
2026-10-07T12:58:09.984Z [INFO] [from-json-hook] [pid-71756] [from-json-hook] installed source=Learn
2026-10-07T12:58:09.985Z [INFO] [memoryProfile] [pid-71756] [memory-profile] host=GRQ-3 totalMB=4326 profile=low-memory popSize=20 activationCap=4
2026-10-07T12:58:10.497Z [INFO] [Learn] [pid-71756] WASM activation initialised for main thread and workers
[neat-ai] running version 7.0.50
2026-10-07T12:58:11.045Z [INFO] [Learn] [pid-71756] Kyle Roberts (Observations: 2,511, Neurons: 8,357, Synapses: 56,921 & Score: 0.44)
2026-10-07T12:58:11.178Z [INFO] [Learn] [pid-71756] [seed] loaded file=Enceladus.json score=0.3328729461972409
2026-10-07T12:58:11.494Z [INFO] [Learn] [pid-71756] [seed] loaded file=GRQ-12-1.json score=0.43289929366140134
2026-10-07T12:58:11.845Z [INFO] [Learn] [pid-71756] [seed] loaded file=sampler-5.json score=0.4328992931593084
2026-10-07T12:58:12.144Z [INFO] [Learn] [pid-71756] [seed] loaded file=6.json score=none
2026-10-07T12:58:12.428Z [INFO] [Learn] [pid-71756] [seed] loaded file=7.json score=none
2026-10-07T12:58:12.733Z [INFO] [Learn] [pid-71756] [seed] loaded file=sampler-4.json score=0.43467115923147037
2026-10-07T12:58:13.060Z [INFO] [Learn] [pid-71756] [seed] loaded file=GRQ-10-1.json score=0.43290204359016415
2026-10-07T12:58:13.443Z [INFO] [Learn] [pid-71756] [seed] loaded file=GRQ-22-ockham.json score=0.43283544401242585
2026-10-07T12:58:13.883Z [INFO] [Learn] [pid-71756] [seed] loaded file=GRQ-3-1.json score=0.4328992931593084
2026-10-07T12:58:14.051Z [INFO] [Learn] [pid-71756] [seed] loaded file=best.json score=0.40915305436761334
2026-10-07T12:58:14.533Z [INFO] [Learn] [pid-71756] [seed] loaded file=GRQ-13-ockham.json score=0.43269923134691657
2026-10-07T12:58:14.907Z [INFO] [Learn] [pid-71756] [seed] loaded file=GRQ-18-1.json score=0.4329020479565715
2026-10-07T12:58:15.213Z [INFO] [Learn] [pid-71756] [seed] loaded file=sampler-3.json score=0.4375445249296892
2026-10-07T12:58:15.546Z [INFO] [Learn] [pid-71756] [seed] loaded file=GRQ-22-1.json score=0.4329154797004586
2026-10-07T12:58:16.039Z [INFO] [Learn] [pid-71756] [seed] loaded file=GRQ-25-forests.json score=0.43282265567925465
2026-10-07T12:58:16.377Z [INFO] [Learn] [pid-71756] [seed] loaded file=GRQ-25-lamarck.json score=0.4329013906696181
2026-10-07T12:58:16.822Z [INFO] [Learn] [pid-71756] [seed] loaded file=GRQ-22-forests.json score=0.43292060740159977
2026-10-07T12:58:17.260Z [INFO] [Learn] [pid-71756] [seed] loaded file=1.json score=0.43278442772563314
2026-10-07T12:58:17.696Z [INFO] [Learn] [pid-71756] [seed] loaded file=sampler-2.json score=0.44044732130009595
2026-10-07T12:58:18.115Z [INFO] [Learn] [pid-71756] [seed] loaded file=Mac-Ultra-M2-1.json score=0.4329266890825611
2026-10-07T12:58:18.478Z [INFO] [Learn] [pid-71756] [seed] loaded file=worker.json score=0.4328566117491457
2026-10-07T12:58:18.805Z [INFO] [Learn] [pid-71756] [seed] loaded file=Mac-Ultra-M2-ockham.json score=0.4328451452867597
2026-10-07T12:58:19.178Z [INFO] [Learn] [pid-71756] [seed] loaded file=GRQ-24-ockham.json score=0.4328566112892984
2026-10-07T12:58:19.576Z [INFO] [Learn] [pid-71756] [seed] loaded file=GRQ-10-lamarck.json score=0.43293120139294977
2026-10-07T12:58:19.944Z [INFO] [Learn] [pid-71756] [seed] loaded file=GRQ-10-forests.json score=0.4327360065221626
2026-10-07T12:58:20.226Z [INFO] [Learn] [pid-71756] [seed] loaded file=2.json score=0.44044732130009595
2026-10-07T12:58:20.549Z [INFO] [Learn] [pid-71756] [seed] loaded file=sampler-1.json score=0.44044732130009595
2026-10-07T12:58:20.931Z [INFO] [Learn] [pid-71756] [seed] loaded file=GRQ-21-lamarck.json score=0.43287303050708653
2026-10-07T12:58:21.265Z [INFO] [Learn] [pid-71756] [seed] loaded file=GRQ-21-forests.json score=0.43274798061320213
2026-10-07T12:58:21.795Z [INFO] [Learn] [pid-71756] [seed] loaded file=cluster.json score=0.4328566117491457
2026-10-07T12:58:22.202Z [INFO] [Learn] [pid-71756] [seed] loaded file=GRQ-11-1.json score=0.43290158131648016
2026-10-07T12:58:22.560Z [INFO] [Learn] [pid-71756] [seed] loaded file=3.json score=0.44044732130009595
2026-10-07T12:58:22.899Z [INFO] [Learn] [pid-71756] [seed] loaded file=8.json score=-396.18881798455584
2026-10-07T12:58:23.281Z [INFO] [Learn] [pid-71756] [seed] loaded file=GRQ-25-ockham.json score=0.43271620268170613
2026-10-07T12:58:23.659Z [INFO] [Learn] [pid-71756] [seed] loaded file=GRQ-3-ockham.json score=0.4323082762388011
2026-10-07T12:58:23.988Z [INFO] [Learn] [pid-71756] [seed] loaded file=4.json score=0.44044732130009595
2026-10-07T12:58:24.380Z [INFO] [Learn] [pid-71756] [seed] loaded file=5.json score=0.44044732130009595
2026-10-07T12:58:24.721Z [INFO] [Learn] [pid-71756] [seed] loaded file=9.json score=0.44044732130009595
2026-10-07T12:58:24.828Z [INFO] [Learn] [pid-71756] [seed] loaded=38 skipped=0 kept=38 dropped=0 populationSize=20 dir=.creatures (#4300)
2026-10-07T12:58:24.828Z [INFO] [Learn] [pid-71756] [seed] best=sampler-2.json@0.44044732130009595 worst-kept=7.json@-Infinity best-dropped=none (#4300)
2026-10-07T12:58:24.828Z [INFO] [Learn] [pid-71756] [learn] skipTrainingAfterConsecutiveRegressions=3
2026-10-07T12:58:24.828Z [INFO] [Learn] [pid-71756] [learn] skipTrainingAfterPopulationRegressions=6
2026-10-07T12:58:24.828Z [INFO] [Learn] [pid-71756] [learn] skipTrainingAfterPopulationNoProgress=0
2026-10-07T12:58:24.829Z [INFO] [Learn] [pid-71756] [inline-discovery-memory] nativeBudgetBytes=11489037516
2026-10-07T12:58:24.830Z [INFO] [Learn] [pid-71756] elitism 1, timeout 7, PopSize 20, cost MSE, SAMPLER
2026-10-07T12:58:24.830Z [INFO] [Learn] [pid-71756] Initialized in 14s 847ms
[WasmWorkerInit] worker=worker-1 outcome=ok handshakeMs=604 cache=hit cacheDir=/Users/rocket/.cache/neat-ai/wasm bundleBytes=1042991 bundleLoadMs=4 glueImportMs=26 instantiateMs=11 wasmTotalMs=42 workerError=none
[WasmWorkerInit] worker=worker-2 outcome=ok handshakeMs=524 cache=hit cacheDir=/Users/rocket/.cache/neat-ai/wasm bundleBytes=1042991 bundleLoadMs=4 glueImportMs=26 instantiateMs=11 wasmTotalMs=42 workerError=none
[WasmWorkerInit] worker=worker-3 outcome=ok handshakeMs=512 cache=hit cacheDir=/Users/rocket/.cache/neat-ai/wasm bundleBytes=1042991 bundleLoadMs=4 glueImportMs=26 instantiateMs=11 wasmTotalMs=42 workerError=none
[WasmWorkerInit] worker=worker-4 outcome=ok handshakeMs=553 cache=hit cacheDir=/Users/rocket/.cache/neat-ai/wasm bundleBytes=1042991 bundleLoadMs=4 glueImportMs=26 instantiateMs=11 wasmTotalMs=42 workerError=none
[WasmWorkerInit] worker=worker-5 outcome=ok handshakeMs=576 cache=hit cacheDir=/Users/rocket/.cache/neat-ai/wasm bundleBytes=1042991 bundleLoadMs=4 glueImportMs=26 instantiateMs=11 wasmTotalMs=42 workerError=none
[WasmWorkerInit] worker=worker-6 outcome=ok handshakeMs=522 cache=hit cacheDir=/Users/rocket/.cache/neat-ai/wasm bundleBytes=1042991 bundleLoadMs=4 glueImportMs=26 instantiateMs=11 wasmTotalMs=42 workerError=none
[WasmWorkerInit] worker=worker-7 outcome=ok handshakeMs=633 cache=hit cacheDir=/Users/rocket/.cache/neat-ai/wasm bundleBytes=1042991 bundleLoadMs=4 glueImportMs=26 instantiateMs=11 wasmTotalMs=42 workerError=none
[WasmWorkerInit] worker=worker-8 outcome=ok handshakeMs=461 cache=hit cacheDir=/Users/rocket/.cache/neat-ai/wasm bundleBytes=1042991 bundleLoadMs=4 glueImportMs=26 instantiateMs=11 wasmTotalMs=42 workerError=none
[WasmWorkerInit] worker=worker-9 outcome=ok handshakeMs=498 cache=hit cacheDir=/Users/rocket/.cache/neat-ai/wasm bundleBytes=1042991 bundleLoadMs=4 glueImportMs=26 instantiateMs=11 wasmTotalMs=42 workerError=none
[WasmWorkerInit] worker=worker-10 outcome=ok handshakeMs=526 cache=hit cacheDir=/Users/rocket/.cache/neat-ai/wasm bundleBytes=1042991 bundleLoadMs=4 glueImportMs=26 instantiateMs=11 wasmTotalMs=42 workerError=none
[WasmWorkerInit] worker=worker-11 outcome=ok handshakeMs=537 cache=hit cacheDir=/Users/rocket/.cache/neat-ai/wasm bundleBytes=1042991 bundleLoadMs=4 glueImportMs=26 instantiateMs=11 wasmTotalMs=42 workerError=none
[WasmWorkerInit] worker=worker-12 outcome=ok handshakeMs=522 cache=hit cacheDir=/Users/rocket/.cache/neat-ai/wasm bundleBytes=1042991 bundleLoadMs=4 glueImportMs=26 instantiateMs=11 wasmTotalMs=42 workerError=none
DeDuplication of 8 creatures to 31 in 6ms (previous experiment 5ms)
[DynamicPool] 2 idle heavy worker(s) assisting fitness evaluation
[NEAT-AI] Batch scorer partition: 31 forwardOnly batched, 0 recurrent batched, 0 per-creature
Training 67fb815d scheduled
Training 501ff7c9 scheduled
Training aa058400 scheduled
Training cfcd314a scheduled
[neat-ai] running version 7.0.50
[neat-ai] running version 7.0.50
[neat-ai] running version 7.0.50
[neat-ai] running version 7.0.50
[neat-ai] running version 7.0.50
[neat-ai] running version 7.0.50
[neat-ai] running version 7.0.50
[WasmWorkerInit] worker=worker-13 outcome=ok handshakeMs=2391 cache=hit cacheDir=/Users/rocket/.cache/neat-ai/wasm bundleBytes=1042991 bundleLoadMs=4 glueImportMs=26 instantiateMs=11 wasmTotalMs=42 workerError=none
[neat-ai] running version 7.0.50
[neat-ai] running version 7.0.50
[neat-ai] running version 7.0.50
[WasmWorkerInit] worker=worker-14 outcome=ok handshakeMs=2194 cache=hit cacheDir=/Users/rocket/.cache/neat-ai/wasm bundleBytes=1042991 bundleLoadMs=4 glueImportMs=26 instantiateMs=11 wasmTotalMs=42 workerError=none
[WasmWorkerInit] worker=worker-15 outcome=ok handshakeMs=3200 cache=hit cacheDir=/Users/rocket/.cache/neat-ai/wasm bundleBytes=1042991 bundleLoadMs=4 glueImportMs=26 instantiateMs=11 wasmTotalMs=42 workerError=none
[WasmWorkerInit] worker=worker-16 outcome=ok handshakeMs=3325 cache=hit cacheDir=/Users/rocket/.cache/neat-ai/wasm bundleBytes=1042991 bundleLoadMs=4 glueImportMs=26 instantiateMs=11 wasmTotalMs=42 workerError=none
[WasmWorkerInit] worker=worker-17 outcome=ok handshakeMs=2603 cache=hit cacheDir=/Users/rocket/.cache/neat-ai/wasm bundleBytes=1042991 bundleLoadMs=4 glueImportMs=26 instantiateMs=11 wasmTotalMs=42 workerError=none
[WasmWorkerInit] worker=worker-18 outcome=ok handshakeMs=2794 cache=hit cacheDir=/Users/rocket/.cache/neat-ai/wasm bundleBytes=1042991 bundleLoadMs=4 glueImportMs=26 instantiateMs=11 wasmTotalMs=42 workerError=none
[WasmWorkerInit] worker=worker-19 outcome=ok handshakeMs=3517 cache=hit cacheDir=/Users/rocket/.cache/neat-ai/wasm bundleBytes=1042991 bundleLoadMs=4 glueImportMs=26 instantiateMs=11 wasmTotalMs=42 workerError=none
[WasmWorkerInit] worker=worker-20 outcome=ok handshakeMs=1017 cache=hit cacheDir=/Users/rocket/.cache/neat-ai/wasm bundleBytes=1042991 bundleLoadMs=4 glueImportMs=26 instantiateMs=11 wasmTotalMs=42 workerError=none
[WasmWorkerInit] worker=worker-21 outcome=ok handshakeMs=871 cache=hit cacheDir=/Users/rocket/.cache/neat-ai/wasm bundleBytes=1042991 bundleLoadMs=4 glueImportMs=26 instantiateMs=11 wasmTotalMs=42 workerError=none
[WasmWorkerInit] worker=worker-22 outcome=ok handshakeMs=918 cache=hit cacheDir=/Users/rocket/.cache/neat-ai/wasm bundleBytes=1042991 bundleLoadMs=4 glueImportMs=26 instantiateMs=11 wasmTotalMs=42 workerError=none
[WasmWorkerInit] worker=worker-23 outcome=ok handshakeMs=1223 cache=hit cacheDir=/Users/rocket/.cache/neat-ai/wasm bundleBytes=1042991 bundleLoadMs=4 glueImportMs=26 instantiateMs=11 wasmTotalMs=42 workerError=none
[WasmWorkerInit] worker=worker-24 outcome=ok handshakeMs=824 cache=hit cacheDir=/Users/rocket/.cache/neat-ai/wasm bundleBytes=1042991 bundleLoadMs=4 glueImportMs=26 instantiateMs=11 wasmTotalMs=42 workerError=none
[neat-ai] running version 7.0.50
[MCMC] Temperature: 1.000000 → 1.000000
[PreWarm] 14 new templates, 1 cached, 15 unique topologies (3110ms)
[Timing] fitness=71459ms breeding=27822ms breedingWorker=27822ms mainThreadOverlap=1ms resultProcessing=1ms memoryEviction=1ms preWarm=3110ms pipelineOverlap=3116ms sort=0ms writeScores=167ms mutation=0ms deduplication=5219ms speciation=5ms total=127930ms
[Utilisation] fitness=0%fast/0%heavy breeding=0%fast/100%heavy overall=5%
[Throughput] wall=127930ms nonFitness=56471ms gensPerHour=28.1 fast=busy145029ms/idle1134271ms/depth31/wait49123ms heavy=busy0ms/idle255860ms/depth4/wait0ms scorer=554.4ms/scored31/batchScored31/perCreatureScored0/batchInvocations1/creaturesPerSec0.4 corruptParentSkips=0
Generation 1 score 0.43468729561371594 (avg: -190.1140) error 0.5653055836275781 time 2m 8s 1ms
[NEAT-AI] Batch scorer partition: 15 forwardOnly batched, 0 recurrent batched, 0 per-creature
CRISPR Industry Model Score: 0.43468729561371594, Error: 0.5653055836275781 -> 0.5653055836275781 neutral
[Neat] Discovery replay: no improvement found (evaluated: 0)
[neat-ai] running version 7.0.50
[neat-ai] running version 7.0.50
[MCMC] Gen: temp=0.9751, acceptance=100.0% (smoothed=50.0%), proposed=2, accepted=2, rejected=0
[PreWarm] 15 new templates, 2 cached, 17 unique topologies (1260ms)
[Timing] fitness=51523ms breeding=22921ms breedingWorker=22921ms mainThreadOverlap=1ms resultProcessing=1ms preWarm=1260ms pipelineOverlap=1271ms sort=0ms writeScores=50ms mutation=13152ms deduplication=2702ms speciation=10ms total=146813ms
[Utilisation] fitness=0%fast/100%heavy breeding=0%fast/100%heavy overall=10%
[MutationOps] MOD_WEIGHT proposed=1 noChange=0 applied=1 reverted=0 evaluated=0 accepted=0 rejected=0 evalMs=0 depth[in=0 mid=0 out=0 ?=1] | MOD_BIAS proposed=1 noChange=0 applied=1 reverted=0 evaluated=0 accepted=0 rejected=0 evalMs=0 depth[in=0 mid=0 out=0 ?=1] || resolved=0 multiOperator=0 discarded=0 evalMs=0 mcmc=2/2
[Throughput] wall=146813ms nonFitness=95290ms gensPerHour=24.5 fast=busy149222ms/idle1318908ms/depth15/wait24870ms heavy=busy0ms/idle293626ms/depth4/wait0ms scorer=220.6ms/scored15/batchScored15/perCreatureScored0/batchInvocations1/creaturesPerSec0.3 corruptParentSkips=0
Generation 2 score 0.43468729561371594 (avg: -22.4388) error 0.5653055836275781 time 2m 28s 46ms
[NEAT-AI] Batch scorer partition: 17 forwardOnly batched, 0 recurrent batched, 0 per-creature
CRISPR Insider-Bullish-7-v1 Score: 0.43468729561371594, Error: 0.5653055836275781 -> 0.5653055836275781 neutral
Skipping discovery: insufficient time (1m remaining, 2m estimated)
[WasmWorkerInit] worker=worker-25 outcome=ok handshakeMs=1926 cache=hit cacheDir=/Users/rocket/.cache/neat-ai/wasm bundleBytes=1042991 bundleLoadMs=4 glueImportMs=26 instantiateMs=11 wasmTotalMs=42 workerError=none
[WasmWorkerInit] worker=worker-26 outcome=ok handshakeMs=3458 cache=hit cacheDir=/Users/rocket/.cache/neat-ai/wasm bundleBytes=1042991 bundleLoadMs=4 glueImportMs=26 instantiateMs=11 wasmTotalMs=42 workerError=none
[WasmWorkerInit] worker=worker-27 outcome=ok handshakeMs=3590 cache=hit cacheDir=/Users/rocket/.cache/neat-ai/wasm bundleBytes=1042991 bundleLoadMs=4 glueImportMs=26 instantiateMs=11 wasmTotalMs=42 workerError=none
[WasmWorkerInit] worker=worker-28 outcome=ok handshakeMs=3263 cache=hit cacheDir=/Users/rocket/.cache/neat-ai/wasm bundleBytes=1042991 bundleLoadMs=4 glueImportMs=26 instantiateMs=11 wasmTotalMs=42 workerError=none
[WasmWorkerInit] worker=worker-29 outcome=ok handshakeMs=4948 cache=hit cacheDir=/Users/rocket/.cache/neat-ai/wasm bundleBytes=1042991 bundleLoadMs=4 glueImportMs=26 instantiateMs=11 wasmTotalMs=42 workerError=none
[WasmWorkerInit] worker=worker-30 outcome=ok handshakeMs=2592 cache=hit cacheDir=/Users/rocket/.cache/neat-ai/wasm bundleBytes=1042991 bundleLoadMs=4 glueImportMs=26 instantiateMs=11 wasmTotalMs=42 workerError=none
[WasmWorkerInit] worker=worker-31 outcome=ok handshakeMs=1007 cache=hit cacheDir=/Users/rocket/.cache/neat-ai/wasm bundleBytes=1042991 bundleLoadMs=4 glueImportMs=26 instantiateMs=11 wasmTotalMs=42 workerError=none
[WasmWorkerInit] worker=worker-32 outcome=ok handshakeMs=1257 cache=hit cacheDir=/Users/rocket/.cache/neat-ai/wasm bundleBytes=1042991 bundleLoadMs=4 glueImportMs=26 instantiateMs=11 wasmTotalMs=42 workerError=none
[WasmWorkerInit] worker=worker-33 outcome=ok handshakeMs=936 cache=hit cacheDir=/Users/rocket/.cache/neat-ai/wasm bundleBytes=1042991 bundleLoadMs=4 glueImportMs=26 instantiateMs=11 wasmTotalMs=42 workerError=none
[WasmWorkerInit] worker=worker-34 outcome=ok handshakeMs=1345 cache=hit cacheDir=/Users/rocket/.cache/neat-ai/wasm bundleBytes=1042991 bundleLoadMs=4 glueImportMs=26 instantiateMs=11 wasmTotalMs=42 workerError=none
[WasmWorkerInit] worker=worker-35 outcome=ok handshakeMs=1439 cache=hit cacheDir=/Users/rocket/.cache/neat-ai/wasm bundleBytes=1042991 bundleLoadMs=4 glueImportMs=26 instantiateMs=11 wasmTotalMs=42 workerError=none
[WasmWorkerInit] worker=worker-36 outcome=ok handshakeMs=1141 cache=hit cacheDir=/Users/rocket/.cache/neat-ai/wasm bundleBytes=1042991 bundleLoadMs=4 glueImportMs=26 instantiateMs=11 wasmTotalMs=42 workerError=none
[MCMC] Gen: temp=0.9508, acceptance=100.0% (smoothed=66.7%), proposed=2, accepted=2, rejected=0
[PreWarm] 11 new templates, 5 cached, 16 unique topologies (1137ms)
[Timing] fitness=62777ms breeding=33347ms breedingWorker=33347ms mainThreadOverlap=0ms resultProcessing=0ms preWarm=1137ms pipelineOverlap=1148ms sort=0ms writeScores=22ms mutation=10096ms deduplication=1894ms speciation=11ms total=140944ms
[Utilisation] fitness=0%fast/100%heavy breeding=0%fast/100%heavy overall=13%
[MutationOps] MOD_BIAS proposed=2 noChange=0 applied=2 reverted=0 evaluated=1 accepted=0 rejected=1 evalMs=3677 delta[n=1 min=-0.9748 med=-0.9748 max=-0.9748] depth[in=0 mid=0 out=0 ?=2] depthRejected[in=0 mid=0 out=0 ?=1] | MOD_WEIGHT proposed=0 noChange=0 applied=0 reverted=0 evaluated=1 accepted=0 rejected=1 evalMs=3677 depthRejected[in=0 mid=0 out=0 ?=1] || resolved=2 multiOperator=0 discarded=0 evalMs=7354 mcmc=2/2
[Throughput] wall=140944ms nonFitness=78167ms gensPerHour=25.5 fast=busy169574ms/idle1239866ms/depth17/wait34912ms heavy=busy0ms/idle281888ms/depth4/wait0ms scorer=265.4ms/scored17/batchScored17/perCreatureScored0/batchInvocations1/creaturesPerSec0.3 corruptParentSkips=0
Generation 3 score 0.43468730489154145 (avg: -7370160950186396.0000) error 0.5653055742997635 time 2m 22s 380ms
Set training/discovery clean up count to 2
[Neat] Stuck-task watchdog abandoning 4 training task(s) past per-task deadline: 67fb815d, 501ff7c9, aa058400, cfcd314a
Worker task 2 on worker-11 was cancelled after 347586ms without a response: training task 67fb815d passed its per-task deadline without returning a result (GRQ #4489)
[worker-11] quarantined — training task 67fb815d passed its per-task deadline without returning a result; it will not be given further work (GRQ #4489)
Worker task 3 on worker-11 was cancelled after 347386ms without a response: training task 67fb815d passed its per-task deadline without returning a result (GRQ #4489)
Worker task 4 on worker-11 was cancelled after 347289ms without a response: training task 67fb815d passed its per-task deadline without returning a result (GRQ #4489)
Worker task 2 on worker-12 was cancelled after 347475ms without a response: training task 501ff7c9 passed its per-task deadline without returning a result (GRQ #4489)
[worker-12] quarantined — training task 501ff7c9 passed its per-task deadline without returning a result; it will not be given further work (GRQ #4489)
Waiting for training/discovery clean up 2
[Neat] Training over-run: elapsed exceeded expected duration × 1 — stopping new generations and finishing with the evolved population
Waiting for training/discovery clean up 1
Training failed for creature 67fb815d: WorkerTaskCancelledError: Worker task 2 on worker-11 was cancelled after 347586ms without a response: training task 67fb815d passed its per-task deadline without returning a result (GRQ #4489)
    at WorkerHandler.cancelTask (https://jsr.io/@stsoftware/neat-ai/7.0.50/src/workers/WorkerHandlerBase.ts:682:19)
    at Neat.cancelTrainingWork (https://jsr.io/@stsoftware/neat-ai/7.0.50/src/NEAT/Neat.ts:912:37)
    at Neat.abandonStuckTrainingTasks (https://jsr.io/@stsoftware/neat-ai/7.0.50/src/NEAT/Neat.ts:875:14)
    at Neat.finishUp (https://jsr.io/@stsoftware/neat-ai/7.0.50/src/NEAT/Neat.ts:712:10)
    at Module.evolveDir (https://jsr.io/@stsoftware/neat-ai/7.0.50/src/creature/CreatureTraining.ts:748:16)
    at async runLearn (file:///Users/rocket/GRQ/src/Learn.ts:1036:14)
    at async file:///Users/rocket/GRQ/src/Learn.ts:1161:3 {
  taskID: 2,
  workerID: 11,
  elapsedMs: 347586,
  reason: "training task 67fb815d passed its per-task deadline without returning a result"
}
Training failed for creature aa058400: WorkerTaskCancelledError: Worker task 3 on worker-11 was cancelled after 347386ms without a response: training task 67fb815d passed its per-task deadline without returning a result (GRQ #4489)
    at WorkerHandler.cancelTask (https://jsr.io/@stsoftware/neat-ai/7.0.50/src/workers/WorkerHandlerBase.ts:682:19)
    at WorkerHandler.cancelAllTasks (https://jsr.io/@stsoftware/neat-ai/7.0.50/src/workers/WorkerHandlerBase.ts:702:16)
    at WorkerHandler.quarantine (https://jsr.io/@stsoftware/neat-ai/7.0.50/src/workers/WorkerHandlerBase.ts:723:10)
    at Neat.cancelTrainingWork (https://jsr.io/@stsoftware/neat-ai/7.0.50/src/NEAT/Neat.ts:914:21)
    at Neat.abandonStuckTrainingTasks (https://jsr.io/@stsoftware/neat-ai/7.0.50/src/NEAT/Neat.ts:875:14)
    at Neat.finishUp (https://jsr.io/@stsoftware/neat-ai/7.0.50/src/NEAT/Neat.ts:712:10)
    at Module.evolveDir (https://jsr.io/@stsoftware/neat-ai/7.0.50/src/creature/CreatureTraining.ts:748:16)
    at async runLearn (file:///Users/rocket/GRQ/src/Learn.ts:1036:14)
    at async file:///Users/rocket/GRQ/src/Learn.ts:1161:3 {
  taskID: 3,
  workerID: 11,
  elapsedMs: 347386,
  reason: "training task 67fb815d passed its per-task deadline without returning a result"
}
Training failed for creature cfcd314a: WorkerTaskCancelledError: Worker task 4 on worker-11 was cancelled after 347289ms without a response: training task 67fb815d passed its per-task deadline without returning a result (GRQ #4489)
    at WorkerHandler.cancelTask (https://jsr.io/@stsoftware/neat-ai/7.0.50/src/workers/WorkerHandlerBase.ts:682:19)
    at WorkerHandler.cancelAllTasks (https://jsr.io/@stsoftware/neat-ai/7.0.50/src/workers/WorkerHandlerBase.ts:702:16)
    at WorkerHandler.quarantine (https://jsr.io/@stsoftware/neat-ai/7.0.50/src/workers/WorkerHandlerBase.ts:723:10)
    at Neat.cancelTrainingWork (https://jsr.io/@stsoftware/neat-ai/7.0.50/src/NEAT/Neat.ts:914:21)
    at Neat.abandonStuckTrainingTasks (https://jsr.io/@stsoftware/neat-ai/7.0.50/src/NEAT/Neat.ts:875:14)
    at Neat.finishUp (https://jsr.io/@stsoftware/neat-ai/7.0.50/src/NEAT/Neat.ts:712:10)
    at Module.evolveDir (https://jsr.io/@stsoftware/neat-ai/7.0.50/src/creature/CreatureTraining.ts:748:16)
    at async runLearn (file:///Users/rocket/GRQ/src/Learn.ts:1036:14)
    at async file:///Users/rocket/GRQ/src/Learn.ts:1161:3 {
  taskID: 4,
  workerID: 11,
  elapsedMs: 347289,
  reason: "training task 67fb815d passed its per-task deadline without returning a result"
}
Training failed for creature 501ff7c9: WorkerTaskCancelledError: Worker task 2 on worker-12 was cancelled after 347475ms without a response: training task 501ff7c9 passed its per-task deadline without returning a result (GRQ #4489)
    at WorkerHandler.cancelTask (https://jsr.io/@stsoftware/neat-ai/7.0.50/src/workers/WorkerHandlerBase.ts:682:19)
    at Neat.cancelTrainingWork (https://jsr.io/@stsoftware/neat-ai/7.0.50/src/NEAT/Neat.ts:912:37)
    at Neat.abandonStuckTrainingTasks (https://jsr.io/@stsoftware/neat-ai/7.0.50/src/NEAT/Neat.ts:875:14)
    at Neat.finishUp (https://jsr.io/@stsoftware/neat-ai/7.0.50/src/NEAT/Neat.ts:712:10)
    at Module.evolveDir (https://jsr.io/@stsoftware/neat-ai/7.0.50/src/creature/CreatureTraining.ts:748:16)
    at async runLearn (file:///Users/rocket/GRQ/src/Learn.ts:1036:14)
    at async file:///Users/rocket/GRQ/src/Learn.ts:1161:3 {
  taskID: 2,
  workerID: 12,
  elapsedMs: 347475,
  reason: "training task 501ff7c9 passed its per-task deadline without returning a result"
}
[evolveDir] teardown complete: 12 worker(s) terminated, 0 detached; replay queue drained
[training-skip] summary skipped=0 populationSkipped=0 creatureSkipped=0 otherSkipped=0 improvements=0 regressions=0 noChange=0 neatSkipped=0 regressionRate=0 (#4713)
2026-10-07T13:05:39.933Z [INFO] [Learn] [pid-71756] Evolution of 3 generations in 7m 15s, averaging 2m 25s 33ms
2026-10-07T13:05:39.933Z [INFO] [Learn] [pid-71756] [seed] loaded=38 skipped=0 kept=38 dropped=0 populationSize=20 dir=.creatures (#4300)
2026-10-07T13:05:39.933Z [INFO] [Learn] [pid-71756] [seed] best=sampler-2.json@0.44044732130009595 worst-kept=7.json@-Infinity best-dropped=none (#4300)
2026-10-07T13:05:39.933Z [WARN] [Learn] [pid-71756] model training over-run: elapsed 7m 15s vs expected 7m — stopping further generations; results committed (#4141)
2026-10-07T13:05:40.423Z [INFO] [saveValidatedCreatureExport] [pid-71756] [forward-only] saved file=.network-sampler.json
[checkin-reserve] overrun: loop 1 Learn ran 7m31s against --timeout=7 min (overran 0m31s); sized with 176m12s left, launched with 140m31s left (35m41s consumed before launch) (#4872)
[result-metadata] stamped .result-sampler.json with samplerBuildTimeMs=6560
Loop 2 of 5
⏭️  Loop 2: remaining budget too small (~0 min < floor) — skipping this loop's evolution to preserve the final loop + check-in reserve (#2598)
From github.com:stSoftwareAU/GRQ-cluster
 * branch              main       -> FETCH_HEAD
   a2b27d66..b66e909c  main       -> origin/main
Updating a2b27d66..b66e909c
Updating files:  50% (1/2)Updating files: 100% (2/2)Updating files: 100% (2/2), done.
Fast-forward
 performance.csv                               |  1 +
 statistics/Mac-Ultra-M2/2026/10/07/12-22.json | 76 +++++++++++++++++++++++++++
 2 files changed, 77 insertions(+)
 create mode 100644 statistics/Mac-Ultra-M2/2026/10/07/12-22.json
ℹ️ [creature-artefact] ../GRQ-cluster/creature.json absent — reading legacy network.json (#4153 rollout window)
GIT-OP: [sampler-copyNetworks] git pull ok in 8s (attempt 1/3, timeout=600s)
From github.com:stSoftwareAU/GRQ-sampler
   50e2739..9f3f848  main       -> origin/main
Updating 50e2739..9f3f848
Updating files:  20% (1/5)Updating files:  40% (2/5)Updating files:  60% (3/5)Updating files:  80% (4/5)Updating files: 100% (5/5)Updating files: 100% (5/5), done.
Fast-forward
 performance.csv                   |    2 +
 samples/GRQ-10-1.json             |  266 ++++++-
 samples/GRQ-18-1.json             |  146 ++--
 samples/GRQ-3-1.json              |  617 ++++-----------
 samples/Mac-Ultra-M2-lamarck.json | 1565 ++++++++++++++++++++++++++++++++-----
 5 files changed, 1888 insertions(+), 708 deletions(-)
[samples] pool shrunk to fit the run's soft budget scored=8 of considered=46 remaining=782s share=20% secs_per_creature=256 — the rest are dropped at random this run, never by tag (#4671)
[samples] considered=8 dir=samples top=6 random=2 (#4300)
[samples] scoring pool=8 data=/Users/rocket/GRQ/.trainData-binary_116 — ranking on locally measured scores, stored score tags are never used (#4375)
[samples] scoring deadline=6144s/scorer-pass pool=8 secs_per_creature=256 slack=3x floor=3600s (#4615)
2026-10-07T13:05:59.706Z [INFO] [batchRustScore] [pid-77297] 🦀 Rust batch score: 8 creature(s) → /Users/rocket/.cargo/bin/rust_scorer
2026-10-07T13:29:56.942Z [INFO] [ScoreSeedPool] [pid-77297] measured 8 of 8 seed candidate(s) on /Users/rocket/GRQ/.trainData-binary_116
[samples] scoring pass ok rc=0 elapsed=1440s pool=8 secs_per_creature=180 (#4494/#4498)
[samples] scored measured=8 unmeasured=0 of considered=8 (#4375)
[samples] random-pool eligible=8 quarantined=0 best=0.43293701782524935 floor=0.3247027634 limit=25% ranked-taken=6 available=2 (#4299, #4677)
[samples] pick slot=top rank=1 score=0.43293701782524935 measured=local file=GRQ-10-1.json (#4375)
[samples] pick slot=top rank=2 score=0.4329154767743434 measured=local file=GRQ-11-1.json (#4375)
[samples] pick slot=top rank=3 score=0.4329020479565715 measured=local file=GRQ-24-lamarck.json (#4375)
[samples] pick slot=top rank=4 score=0.43287303050708653 measured=local file=GRQ-21-lamarck.json (#4375)
[samples] pick slot=top rank=5 score=0.43283545639190885 measured=local file=GRQ-22-ockham.json (#4375)
[samples] pick slot=top rank=6 score=0.43283545639190885 measured=local file=GRQ-19-ockham.json (#4375)
[samples] pick slot=random rank=- score=0.3328725834573965 measured=local file=Enceladus-Terminal.json (#4375)
[samples] pick slot=random rank=- score=0.4318544620632414 measured=local file=GRQ-23-ockham.json (#4375)
[samples] seeded slots=8 of 8 top=6 random=2 considered=8 (#4677)
ℹ️ [creature-artefact] ../GRQ-portfolio/best/creature.json absent — reading legacy network.json (#4153 rollout window)
[creatures] copyNetworks: 34 creature file(s) in /Users/rocket/GRQ/.creatures (#4300)
[creatures] copyNetworks: 1.json 10.json 11.json 12.json 13.json 14.json 15.json 16.json 17.json 18.json 2.json 3.json 4.json 5.json 6.json 7.json 8.json 9.json Enceladus-Terminal.json GRQ-10-1.json GRQ-11-1.json GRQ-19-ockham.json GRQ-21-lamarck.json GRQ-22-ockham.json GRQ-23-ockham.json GRQ-24-lamarck.json best.json cluster.json sampler-1.json sampler-2.json sampler-3.json sampler-4.json sampler-5.json worker.json 
2) Sample rate: 0.05, timeout: 6, costName: MSE
sampler-preflight: phase=slice-0.05 free_gb=279.7 corpus_gb=21.6 required_gb=1.3 decision=ok
[heap-grant] stage=Sampler | Heap: 4326 MB | Total RAM: 16 GB | Available: 11141 MB | Planning budget: 8192 MB | FFI/OS headroom: 1536 MB | Floor: 4096 MB | Cap: 24576 MB (default) | Clamp: 9605 MB (available)
🏭 .trainData-binary_116-sampler/sample-5.bin — 113976 of 2287083 records kept from 520 file(s), seed 2005871486998716988
📄 .trainData-binary_116-sampler/manifest.json — sha256 ffd522c9e3ff068adbf6ae5d3898dda3b5018e31392cc94a59914b809ffc6959
2026-10-07T13:31:00.726Z [INFO] [Sampler] [pid-94523] 🏭 sampler implementation=refinery elapsed_ms=8526 records_read=2287083 records_written=113976 output=.trainData-binary_116-sampler/sample-5.bin
2026-10-07T13:31:00.733Z [INFO] [Sampler] [pid-94523] Total time taken: 8s 533ms
[scan-creatures] scanned=34 quarantined=0 repaired=0 reordered=0 duration=3351ms
⏭️  Skipped src/Learn.ts evolution for loop 2 — remaining budget below the floor (#2596)
Loop 3 of 5
⏭️  Loop 3: less than the final-loop allocation (12 min) remains of the ~60-min loop target — skipping to protect the final 100% loop (#2645)
Loop 4 of 5
⏭️  Loop 4: less than the final-loop allocation (12 min) remains of the ~60-min loop target — skipping to protect the final 100% loop (#2645)
Loop 5 of 5
⏱️  Loop 5 (final, 100% eval): remaining budget below floor but this loop is mandatory — running with --timeout=3 min to preserve the comparable creature + single check-in (#2598)
⏱️  Loop 5 (final, 100% eval): raising --timeout 3 → 12 min (sacred final-loop allocation #2645)
From github.com:stSoftwareAU/GRQ-cluster
 * branch              main       -> FETCH_HEAD
   b66e909c..e96d2137  main       -> origin/main
Updating b66e909c..e96d2137
Updating files:  33% (1/3)Updating files:  66% (2/3)Updating files: 100% (3/3)Updating files: 100% (3/3), done.
Fast-forward
 performance.csv                         |   2 +
 statistics/GRQ-22/2026/10/07/13-15.json | 105 ++++++++++++++++++++++++++++++++
 statistics/GRQ-24/2026/10/07/13-14.json |  75 +++++++++++++++++++++++
 3 files changed, 182 insertions(+)
 create mode 100644 statistics/GRQ-22/2026/10/07/13-15.json
 create mode 100644 statistics/GRQ-24/2026/10/07/13-14.json
ℹ️ [creature-artefact] ../GRQ-cluster/creature.json absent — reading legacy network.json (#4153 rollout window)
GIT-OP: [sampler-copyNetworks] git pull ok in 9s (attempt 1/3, timeout=600s)
From github.com:stSoftwareAU/GRQ-sampler
   9f3f848..206a046  main       -> origin/main
Updating 9f3f848..206a046
Updating files:  14% (1/7)Updating files:  28% (2/7)Updating files:  42% (3/7)Updating files:  57% (4/7)Updating files:  71% (5/7)Updating files:  85% (6/7)Updating files: 100% (7/7)Updating files: 100% (7/7), done.
Fast-forward
 performance.csv            |   5 +
 samples/GRQ-11-1.json      | 238 ++++++++++++-
 samples/GRQ-13-1.json      |  38 +-
 samples/GRQ-22-1.json      | 750 +++++++++++++++++-----------------------
 samples/GRQ-22-ockham.json | 842 ++++++++++++++++++++++++++++++++++++---------
 samples/GRQ-24-1.json      | 180 ++++++----
 samples/GRQ-25-1.json      | 268 +++++++++++++--
 7 files changed, 1622 insertions(+), 699 deletions(-)
[samples] pool shrunk to fit the run's soft budget scored=8 of considered=46 remaining=0s share=20% secs_per_creature=180 — the rest are dropped at random this run, never by tag (#4671)
[samples] considered=8 dir=samples top=6 random=2 (#4300)
[samples] scoring pool=8 data=/Users/rocket/GRQ/.trainData-binary_116 — ranking on locally measured scores, stored score tags are never used (#4375)
[samples] scoring deadline=4320s/scorer-pass pool=8 secs_per_creature=180 slack=3x floor=3600s (#4615)
2026-10-07T13:31:24.443Z [INFO] [batchRustScore] [pid-95099] 🦀 Rust batch score: 8 creature(s) → /Users/rocket/.cargo/bin/rust_scorer
2026-10-07T13:56:41.066Z [INFO] [ScoreSeedPool] [pid-95099] measured 8 of 8 seed candidate(s) on /Users/rocket/GRQ/.trainData-binary_116
[samples] scoring pass ok rc=0 elapsed=1520s pool=8 secs_per_creature=190 (#4494/#4498)
[samples] scored measured=8 unmeasured=0 of considered=8 (#4375)
[samples] random-pool eligible=8 quarantined=0 best=0.43293989211364975 floor=0.3247049191 limit=25% ranked-taken=6 available=2 (#4299, #4677)
[samples] pick slot=top rank=1 score=0.43293989211364975 measured=local file=Mac-Ultra-M2-lamarck.json (#4375)
[samples] pick slot=top rank=2 score=0.4329266836336115 measured=local file=Mac-Ultra-M2-1.json (#4375)
[samples] pick slot=top rank=3 score=0.43292060740159977 measured=local file=GRQ-22-forests.json (#4375)
[samples] pick slot=top rank=4 score=0.4328992937130659 measured=local file=GRQ-18-ockham.json (#4375)
[samples] pick slot=top rank=5 score=0.43287302659980925 measured=local file=GRQ-21-lamarck.json (#4375)
[samples] pick slot=top rank=6 score=0.4328242369901795 measured=local file=GRQ-3-forests.json (#4375)
[samples] pick slot=random rank=- score=0.43282267136042746 measured=local file=GRQ-25-forests.json (#4375)
[samples] pick slot=random rank=- score=0.4323083022764789 measured=local file=GRQ-3-ockham.json (#4375)
[samples] seeded slots=8 of 8 top=6 random=2 considered=8 (#4677)
[creatures] copyNetworks(short): 32 creature file(s) in /Users/rocket/GRQ/.creatures (#4300)
[creatures] copyNetworks(short): 1.json 2.json 3.json 4.json 5.json 6.json 7.json 8.json 9.json Enceladus-Terminal.json GRQ-10-1.json GRQ-11-1.json GRQ-18-ockham.json GRQ-19-ockham.json GRQ-21-lamarck.json GRQ-22-forests.json GRQ-22-ockham.json GRQ-23-ockham.json GRQ-24-lamarck.json GRQ-25-forests.json GRQ-3-forests.json GRQ-3-ockham.json Mac-Ultra-M2-1.json Mac-Ultra-M2-lamarck.json best.json cluster.json sampler-1.json sampler-2.json sampler-3.json sampler-4.json sampler-5.json worker.json 
5) Sample rate: 1, timeout: 12, costName: MSE
sampler-preflight: phase=slice-1 free_gb=319.3 corpus_gb=21.6 required_gb=25.9 decision=ok
[heap-grant] stage=Sampler | Heap: 4326 MB | Total RAM: 16 GB | Available: 14090 MB | Planning budget: 8192 MB | FFI/OS headroom: 1536 MB | Floor: 4096 MB | Cap: 24576 MB (default) | Clamp: 12554 MB (available)
🏭 .trainData-binary_116-sampler/sample-100.bin — 2287083 of 2287083 records kept from 520 file(s), seed 8743847057483470607
📄 .trainData-binary_116-sampler/manifest.json — sha256 32037178fc76fc3f6a8722ef88a88134ff1fdd98d979580e99109cd2d04bba37
2026-10-07T13:57:45.199Z [INFO] [Sampler] [pid-13696] 🏭 sampler implementation=refinery elapsed_ms=37032 records_read=2287083 records_written=2287083 output=.trainData-binary_116-sampler/sample-100.bin
2026-10-07T13:57:45.206Z [INFO] [Sampler] [pid-13696] Total time taken: 37s 39ms
[scan-creatures] scanned=32 quarantined=0 repaired=0 reordered=0 duration=1198ms
👥 Population size (sampler loop 5): 20
[heap-grant] stage=SamplerLearn | Heap: 4326 MB | Total RAM: 16 GB | Available: 14254 MB | Planning budget: 8192 MB | FFI/OS headroom: 1536 MB | Floor: 4096 MB | Cap: 24576 MB (default) | Clamp: 12554 MB (available)
2026-10-07T13:57:47.168Z [INFO] [from-json-hook] [pid-14254] [from-json-hook] installed source=Learn
2026-10-07T13:57:47.169Z [INFO] [memoryProfile] [pid-14254] [memory-profile] host=GRQ-3 totalMB=4326 profile=low-memory popSize=20 activationCap=4
2026-10-07T13:57:47.396Z [INFO] [Learn] [pid-14254] WASM activation initialised for main thread and workers
[neat-ai] running version 7.0.50
2026-10-07T13:57:47.606Z [INFO] [Learn] [pid-14254] Ryan Hernandez (Observations: 2,511, Neurons: 8,353, Synapses: 56,893 & Score: 0.435)
2026-10-07T13:57:47.780Z [INFO] [Learn] [pid-14254] [seed] loaded file=sampler-5.json score=0.4328992931593084
2026-10-07T13:57:47.915Z [INFO] [Learn] [pid-14254] [seed] loaded file=6.json score=-0.09521497890506486
2026-10-07T13:57:48.040Z [INFO] [Learn] [pid-14254] [seed] loaded file=7.json score=-0.09521497890506486
2026-10-07T13:57:48.185Z [INFO] [Learn] [pid-14254] [seed] loaded file=sampler-4.json score=0.43467115923147037
2026-10-07T13:57:48.353Z [INFO] [Learn] [pid-14254] [seed] loaded file=GRQ-19-ockham.json score=0.43283544401242585
2026-10-07T13:57:48.500Z [INFO] [Learn] [pid-14254] [seed] loaded file=GRQ-10-1.json score=0.43293702089434566
2026-10-07T13:57:48.642Z [INFO] [Learn] [pid-14254] [seed] loaded file=GRQ-22-ockham.json score=0.43283544401242585
2026-10-07T13:57:48.699Z [INFO] [Learn] [pid-14254] [seed] loaded file=best.json score=0.40915305436761334
2026-10-07T13:57:48.848Z [INFO] [Learn] [pid-14254] [seed] loaded file=Mac-Ultra-M2-lamarck.json score=0.4329399224070936
2026-10-07T13:57:48.994Z [INFO] [Learn] [pid-14254] [seed] loaded file=sampler-3.json score=0.4375445249296892
2026-10-07T13:57:49.144Z [INFO] [Learn] [pid-14254] [seed] loaded file=GRQ-25-forests.json score=0.43282265567925465
2026-10-07T13:57:49.293Z [INFO] [Learn] [pid-14254] [seed] loaded file=GRQ-22-forests.json score=0.43292060740159977
2026-10-07T13:57:49.427Z [INFO] [Learn] [pid-14254] [seed] loaded file=1.json score=0.43468730489154145
2026-10-07T13:57:49.579Z [INFO] [Learn] [pid-14254] [seed] loaded file=sampler-2.json score=0.43468730489154145
2026-10-07T13:57:49.725Z [INFO] [Learn] [pid-14254] [seed] loaded file=Mac-Ultra-M2-1.json score=0.4329266890825611
2026-10-07T13:57:49.865Z [INFO] [Learn] [pid-14254] [seed] loaded file=worker.json score=0.4328566117491457
2026-10-07T13:57:50.015Z [INFO] [Learn] [pid-14254] [seed] loaded file=GRQ-24-lamarck.json score=0.4329020479565715
2026-10-07T13:57:50.146Z [INFO] [Learn] [pid-14254] [seed] loaded file=2.json score=0.43468730489154145
2026-10-07T13:57:50.288Z [INFO] [Learn] [pid-14254] [seed] loaded file=sampler-1.json score=0.43468730489154145
2026-10-07T13:57:50.432Z [INFO] [Learn] [pid-14254] [seed] loaded file=GRQ-23-ockham.json score=0.43185442400469676
2026-10-07T13:57:50.582Z [INFO] [Learn] [pid-14254] [seed] loaded file=GRQ-3-forests.json score=0.432824210794393
2026-10-07T13:57:50.723Z [INFO] [Learn] [pid-14254] [seed] loaded file=GRQ-18-ockham.json score=0.43289928144026235
2026-10-07T13:57:50.867Z [INFO] [Learn] [pid-14254] [seed] loaded file=GRQ-21-lamarck.json score=0.43287303050708653
2026-10-07T13:57:51.003Z [INFO] [Learn] [pid-14254] [seed] loaded file=cluster.json score=0.4328566117491457
2026-10-07T13:57:51.051Z [INFO] [Learn] [pid-14254] [seed] loaded file=Enceladus-Terminal.json score=0.33287258346486676
2026-10-07T13:57:51.218Z [INFO] [Learn] [pid-14254] [seed] loaded file=GRQ-11-1.json score=0.43291547384388607
2026-10-07T13:57:51.350Z [INFO] [Learn] [pid-14254] [seed] loaded file=3.json score=0.43468730489154145
2026-10-07T13:57:51.494Z [INFO] [Learn] [pid-14254] [seed] loaded file=8.json score=-0.09521497890506486
2026-10-07T13:57:51.646Z [INFO] [Learn] [pid-14254] [seed] loaded file=GRQ-3-ockham.json score=0.4323082762388011
2026-10-07T13:57:51.773Z [INFO] [Learn] [pid-14254] [seed] loaded file=4.json score=0.43468730489154145
2026-10-07T13:57:51.920Z [INFO] [Learn] [pid-14254] [seed] loaded file=5.json score=0.43468730489154145
2026-10-07T13:57:52.058Z [INFO] [Learn] [pid-14254] [seed] loaded file=9.json score=0.43468730489154145
2026-10-07T13:57:52.058Z [INFO] [Learn] [pid-14254] [seed] loaded=32 skipped=0 kept=32 dropped=0 populationSize=20 dir=.creatures (#4300)
2026-10-07T13:57:52.058Z [INFO] [Learn] [pid-14254] [seed] best=sampler-3.json@0.4375445249296892 worst-kept=8.json@-0.09521497890506486 best-dropped=none (#4300)
2026-10-07T13:57:52.072Z [INFO] [Learn] [pid-14254] [learn] skipTrainingAfterConsecutiveRegressions=3
2026-10-07T13:57:52.072Z [INFO] [Learn] [pid-14254] [learn] skipTrainingAfterPopulationRegressions=6
2026-10-07T13:57:52.072Z [INFO] [Learn] [pid-14254] [learn] skipTrainingAfterPopulationNoProgress=0
2026-10-07T13:57:52.073Z [INFO] [Learn] [pid-14254] [inline-discovery-memory] nativeBudgetBytes=11489037516
2026-10-07T13:57:52.073Z [INFO] [Learn] [pid-14254] elitism 1, timeout 12, PopSize 20, cost MSE, SAMPLER
2026-10-07T13:57:52.073Z [INFO] [Learn] [pid-14254] Initialized in 4s 905ms
[WasmWorkerInit] worker=worker-1 outcome=ok handshakeMs=248 cache=hit cacheDir=/Users/rocket/.cache/neat-ai/wasm bundleBytes=1042991 bundleLoadMs=3 glueImportMs=13 instantiateMs=2 wasmTotalMs=17 workerError=none
[WasmWorkerInit] worker=worker-2 outcome=ok handshakeMs=248 cache=hit cacheDir=/Users/rocket/.cache/neat-ai/wasm bundleBytes=1042991 bundleLoadMs=3 glueImportMs=13 instantiateMs=2 wasmTotalMs=17 workerError=none
[WasmWorkerInit] worker=worker-3 outcome=ok handshakeMs=235 cache=hit cacheDir=/Users/rocket/.cache/neat-ai/wasm bundleBytes=1042991 bundleLoadMs=3 glueImportMs=13 instantiateMs=2 wasmTotalMs=17 workerError=none
[WasmWorkerInit] worker=worker-4 outcome=ok handshakeMs=232 cache=hit cacheDir=/Users/rocket/.cache/neat-ai/wasm bundleBytes=1042991 bundleLoadMs=3 glueImportMs=13 instantiateMs=2 wasmTotalMs=17 workerError=none
[WasmWorkerInit] worker=worker-5 outcome=ok handshakeMs=234 cache=hit cacheDir=/Users/rocket/.cache/neat-ai/wasm bundleBytes=1042991 bundleLoadMs=3 glueImportMs=13 instantiateMs=2 wasmTotalMs=17 workerError=none
[WasmWorkerInit] worker=worker-6 outcome=ok handshakeMs=231 cache=hit cacheDir=/Users/rocket/.cache/neat-ai/wasm bundleBytes=1042991 bundleLoadMs=3 glueImportMs=13 instantiateMs=2 wasmTotalMs=17 workerError=none
[WasmWorkerInit] worker=worker-7 outcome=ok handshakeMs=228 cache=hit cacheDir=/Users/rocket/.cache/neat-ai/wasm bundleBytes=1042991 bundleLoadMs=3 glueImportMs=13 instantiateMs=2 wasmTotalMs=17 workerError=none
[WasmWorkerInit] worker=worker-8 outcome=ok handshakeMs=229 cache=hit cacheDir=/Users/rocket/.cache/neat-ai/wasm bundleBytes=1042991 bundleLoadMs=3 glueImportMs=13 instantiateMs=2 wasmTotalMs=17 workerError=none
[WasmWorkerInit] worker=worker-9 outcome=ok handshakeMs=226 cache=hit cacheDir=/Users/rocket/.cache/neat-ai/wasm bundleBytes=1042991 bundleLoadMs=3 glueImportMs=13 instantiateMs=2 wasmTotalMs=17 workerError=none
[WasmWorkerInit] worker=worker-10 outcome=ok handshakeMs=229 cache=hit cacheDir=/Users/rocket/.cache/neat-ai/wasm bundleBytes=1042991 bundleLoadMs=3 glueImportMs=13 instantiateMs=2 wasmTotalMs=17 workerError=none
[WasmWorkerInit] worker=worker-11 outcome=ok handshakeMs=228 cache=hit cacheDir=/Users/rocket/.cache/neat-ai/wasm bundleBytes=1042991 bundleLoadMs=3 glueImportMs=13 instantiateMs=2 wasmTotalMs=17 workerError=none
[WasmWorkerInit] worker=worker-12 outcome=ok handshakeMs=227 cache=hit cacheDir=/Users/rocket/.cache/neat-ai/wasm bundleBytes=1042991 bundleLoadMs=3 glueImportMs=13 instantiateMs=2 wasmTotalMs=17 workerError=none
DeDuplication of 6 creatures to 27 in 2ms (previous experiment 1ms)
[DynamicPool] 2 idle heavy worker(s) assisting fitness evaluation
[NEAT-AI] Batch scorer partition: 27 forwardOnly batched, 0 recurrent batched, 0 per-creature
[DynamicPool] 2 idle heavy worker(s) assisting breeding
[neat-ai] running version 7.0.50
[neat-ai] running version 7.0.50
[neat-ai] running version 7.0.50
[neat-ai] running version 7.0.50
[neat-ai] running version 7.0.50
[WasmWorkerInit] worker=worker-13 outcome=ok handshakeMs=363 cache=hit cacheDir=/Users/rocket/.cache/neat-ai/wasm bundleBytes=1042991 bundleLoadMs=3 glueImportMs=13 instantiateMs=2 wasmTotalMs=17 workerError=none
[neat-ai] running version 7.0.50
[neat-ai] running version 7.0.50
[neat-ai] running version 7.0.50
[neat-ai] running version 7.0.50
[WasmWorkerInit] worker=worker-14 outcome=ok handshakeMs=679 cache=hit cacheDir=/Users/rocket/.cache/neat-ai/wasm bundleBytes=1042991 bundleLoadMs=3 glueImportMs=13 instantiateMs=2 wasmTotalMs=17 workerError=none
[WasmWorkerInit] worker=worker-15 outcome=ok handshakeMs=605 cache=hit cacheDir=/Users/rocket/.cache/neat-ai/wasm bundleBytes=1042991 bundleLoadMs=3 glueImportMs=13 instantiateMs=2 wasmTotalMs=17 workerError=none
[WasmWorkerInit] worker=worker-16 outcome=ok handshakeMs=625 cache=hit cacheDir=/Users/rocket/.cache/neat-ai/wasm bundleBytes=1042991 bundleLoadMs=3 glueImportMs=13 instantiateMs=2 wasmTotalMs=17 workerError=none
[MCMC] Gen: temp=0.9751, acceptance=100.0% (smoothed=100.0%), proposed=4, accepted=4, rejected=0
[PreWarm] 9 new templates, 6 cached, 15 unique topologies (277ms)
[Timing] fitness=3126099ms breeding=3832ms breedingWorker=3832ms mainThreadOverlap=1ms resultProcessing=1ms preWarm=277ms pipelineOverlap=301ms sort=0ms writeScores=33ms mutation=7108ms deduplication=576ms speciation=23ms total=3146723ms
[Utilisation] fitness=0%fast/0%heavy breeding=0%fast/0%heavy overall=0%
[MutationOps] MOD_WEIGHT proposed=1 noChange=0 applied=1 reverted=0 evaluated=0 accepted=0 rejected=0 evalMs=0 depth[in=0 mid=0 out=0 ?=1] | MOD_BIAS proposed=3 noChange=0 applied=3 reverted=0 evaluated=0 accepted=0 rejected=0 evalMs=0 depth[in=0 mid=0 out=0 ?=3] || resolved=0 multiOperator=0 discarded=0 evalMs=0 mcmc=4/4
[Throughput] wall=3146723ms nonFitness=20624ms gensPerHour=1.1 fast=busy19894ms/idle31447336ms/depth27/wait6263ms heavy=busy0ms/idle6293446ms/depth0/wait0ms scorer=220.4ms/scored27/batchScored27/perCreatureScored0/batchInvocations1/creaturesPerSec0.0 corruptParentSkips=0
[WasmWorkerInit] worker=worker-17 outcome=ok handshakeMs=8610 cache=hit cacheDir=/Users/rocket/.cache/neat-ai/wasm bundleBytes=1042991 bundleLoadMs=3 glueImportMs=13 instantiateMs=2 wasmTotalMs=17 workerError=none
[WasmWorkerInit] worker=worker-18 outcome=ok handshakeMs=373 cache=hit cacheDir=/Users/rocket/.cache/neat-ai/wasm bundleBytes=1042991 bundleLoadMs=3 glueImportMs=13 instantiateMs=2 wasmTotalMs=17 workerError=none
Generation 1 score 0.4329398983114498 (avg: -0.5852) error 0.565633016181117 time 52m 26s 736ms
[Neat] Hard deadline (timeoutMinutes + grace) exceeded — abandoning 0 in-flight task(s)
[WasmWorkerInit] worker=worker-19 outcome=ok handshakeMs=249 cache=hit cacheDir=/Users/rocket/.cache/neat-ai/wasm bundleBytes=1042991 bundleLoadMs=3 glueImportMs=13 instantiateMs=2 wasmTotalMs=17 workerError=none
[evolveDir] teardown complete: 12 worker(s) terminated, 0 detached; replay queue drained
[training-skip] summary skipped=0 populationSkipped=0 creatureSkipped=0 otherSkipped=0 improvements=0 regressions=0 noChange=0 neatSkipped=0 regressionRate=0 (#4713)
2026-10-07T14:50:24.870Z [INFO] [Learn] [pid-14254] Evolution of 1 generation in 52m 33s, averaging 52m 32s 795ms
2026-10-07T14:50:24.872Z [INFO] [Learn] [pid-14254] [seed] loaded=32 skipped=0 kept=32 dropped=0 populationSize=20 dir=.creatures (#4300)
2026-10-07T14:50:24.872Z [INFO] [Learn] [pid-14254] [seed] best=sampler-3.json@0.4375445249296892 worst-kept=8.json@-0.09521497890506486 best-dropped=none (#4300)
2026-10-07T14:50:24.872Z [WARN] [Learn] [pid-14254] model training over-run: elapsed 52m 32s vs expected 12m — stopping further generations; results committed (#4141)
[WasmWorkerInit] worker=worker-20 outcome=ok handshakeMs=357 cache=hit cacheDir=/Users/rocket/.cache/neat-ai/wasm bundleBytes=1042991 bundleLoadMs=3 glueImportMs=13 instantiateMs=2 wasmTotalMs=17 workerError=none
2026-10-07T14:50:25.010Z [INFO] [saveValidatedCreatureExport] [pid-14254] [forward-only] saved file=.network-sampler.json
[checkin-reserve] overrun: loop 5 Learn ran 52m39s against --timeout=12 min (overran 40m39s); sized with 107m36s left, launched with 80m54s left (26m42s consumed before launch) (#4872)
[result-metadata] stamped .result-sampler.json with samplerBuildTimeMs=37039
ℹ️ .trainData-binary_116: removal skipped — leased by pid 40095 (in-use lock held by a live producer/consumer, #3518)
📊 sampler.sh run complete: 151 min, 3 loops
[01:50:26] 📊 Performance recorded: 1 generations in 3152795ms, 520 training files, 8372 neurons, 56990 synapses, score 0.4329398983114498, NEAT-AI 7.0.50, CPUs 10, load 14.64/20.94/25.11, RAM 16GB, available 7864MB, ext 116, mode sampler-mcmc, pop 20 (requested 20), sampleRate 1, sparseRatio 0.075, fitnessSampleRate 1, prep 5438ms, samplerBuild 37039ms
📊 Sampler stats row: GRQ-3
[main af2354d] 📊 Sampler stats row: GRQ-3
 1 file changed, 1 insertion(+)
🔄 [cluster] Push rejected (attempt 1/12) - fetching and rebasing
From github.com:stSoftwareAU/GRQ-sampler
   206a046..f7457fc  main       -> origin/main
Rebasing (1/1)Successfully rebased and updated refs/heads/main.
⏳ [cluster] Retrying push in 15s...
GIT-OP: [sampler-stats] git push ok in 3s (attempt 1/3, timeout=600s)
To github.com:stSoftwareAU/GRQ-sampler.git
   f7457fc..5f83324  main -> main
[01:51:17] 📦 checkin-sample.sh on host GRQ-3 (via sampler.sh)
GIT-OP: [checkin-sample] git pull ok in 3s (attempt 1/3, timeout=600s)
Already up to date.
[01:51:20] 🧭 check-in provenance: caller=sampler.sh host=GRQ-3 since-previous=140m 27s
[scoring-provenance] host=GRQ-3 path=confirm data=trainData-binary_116 data_sha=65f218b20159d74c02962ef5aaa7bc94d21148a28aa772e41d6144d0a48c2a12 scorer=native scorer_sha=cf168d5d6e848c8ee974e2b3826db8a8075822b21911cf42b09be433e005a58e neat_ai=7.0.50 core_sha=58b8842066d9a1b640c4ba9551074f4432fb891f core_dirty=no scorer_src_sha=f044b409b6cf1e12a1d457b73f9a1aa41f6c9005 scorer_src_dirty=no
[neat-ai] running version 7.0.50
2026-10-07T14:52:12.781Z [INFO] [ConfirmScore] [pid-60194] ✅ verified Score in 51s 36ms
2026-10-07T14:52:12.781Z [INFO] [ConfirmScore] [pid-60194] [scorer-summary] program=IntelligentDesign.ConfirmScore rust=1 wasm=0 worker-pool-size=0 peak-concurrent=1 elapsed=51s
[checkin-confirm] host=GRQ-3 creature=/Users/rocket/GRQ/worker/../.creatures/1.json claimed=0.4329398983114498 confirmed=0.4329398983114498 delta=0 rel=0 budget=1800s bound=timeout (#4372)
🧬 [provenance-tags] checkin-confirm: 1.json scoreVerified=confirm:0.4329398983114498 (#4374)
[01:52:14] [checkin-stage] caller=sampler.sh host=GRQ-3 creature=/Users/rocket/GRQ/worker/../.creatures/1.json score=0.4329398983114498 neurons=8372 synapses=56990 baseline=samples/GRQ-3-1.json previous=0.4328329242854073 (#4299)
[checkin-floor] accept baseline=samples/GRQ-3-1.json previous=0.4328329242854073 candidate=0.4329398983114498 max_drop=25% drop=-0.02% reason=within-floor (#4299)
[checkin-ceiling] accept baseline=samples/GRQ-3-1.json previous=0.4328329242854073 candidate=0.4329398983114498 max_gain=10% gain=0.02% reason=within-ceiling (#4373)
🧬 [provenance-tags] checkin-sample: GRQ-3-1.json stamped scorerSha=cf168d5d6e848c8ee974e2b3826db8a8075822b21911cf42b09be433e005a58e dataSha=65f218b20159d74c02962ef5aaa7bc94d21148a28aa772e41d6144d0a48c2a12 neatAi=7.0.50 (#4374)
[01:52:22] ✅ Committing 🦠 GRQ-3 🎯, Score: 0.432940
[main be3299b] 🦠 GRQ-3 🎯, Score: 0.432940, Neurons: 8,372 & Synapses: 56,990
 1 file changed, 1098 insertions(+), 252 deletions(-)
GIT-OP: [checkin-sample] git push ok in 4s (attempt 1/3, timeout=600s)
To github.com:stSoftwareAU/GRQ-sampler.git
   5f83324..be3299b  main -> main
[training-outcomes] tasks=4 scheduled=4 completed=0 timedOut=0 abandoned=4 aborted=0 rejected=0 inFlight=0 maxConsecutiveTimeouts=0 maxConsecutiveRegressions=0 maxConsecutiveNoProgress=0 threshold=3 regressionThreshold=3 improved=0 regressed=0 noChange=0 unknownImprovement=4 skipped=0 populationSkipped=0 skipSource=event-summary populationGate=6
[training-outcomes] task=67fb815d outcome=abandoned lastSampleError=unknown errorBefore=unknown errorAfter=unknown improvement=unknown delta=unknown reason=worker-cancelled
[training-outcomes] task=501ff7c9 outcome=abandoned lastSampleError=unknown errorBefore=unknown errorAfter=unknown improvement=unknown delta=unknown reason=worker-cancelled
[training-outcomes] task=aa058400 outcome=abandoned lastSampleError=unknown errorBefore=unknown errorAfter=unknown improvement=unknown delta=unknown reason=watchdog-abandoned
[training-outcomes] task=cfcd314a outcome=abandoned lastSampleError=unknown errorBefore=unknown errorAfter=unknown improvement=unknown delta=unknown reason=watchdog-abandoned
[training-outcomes] cancelled task=67fb815d worker=worker-11 heldMs=347289 quarantined=yes — the worker never returned a result, so the request was cancelled instead of left in flight (#4489)
[training-outcomes] cancelled task=501ff7c9 worker=worker-12 heldMs=347475 quarantined=yes — the worker never returned a result, so the request was cancelled instead of left in flight (#4489)
[training-outcomes] WARNING abandoned=4 training task(s) hung and were force-abandoned after 4 watchdog event(s) — each returned NO result, so this is a failure, not a benign timeout; ids (×times abandoned): 67fb815d×1, 501ff7c9×1, aa058400×1, cfcd314a×1. cancelled=2 of them were cancelled at the worker — see the cancelled lines above for the worker and elapsed ms (#4489). Creature snapshots for offline repro: see the [training-hang] lines (#4289)
[training-outcomes] WARNING scheduled=4 completed=0 — not one scheduled training task returned a result this run (abandoned=4 aborted=0 inFlight=0); every task hung past its per-task deadline and was force-abandoned; see the abandoned WARNING above for the ids and repeat counts (#4289). Every task carries its own reason= on the task lines above (#4141/#4289/#4406)
[training-hang] abandoned=4 events=4 captured=4 atSchedule=4 captureDir=/Users/rocket/logs/training-hangs (a force-abandoned task returned NO result — this is a failure, not a benign timeout) (#4289)
[training-hang] task=67fb815d abandonments=1 source=schedule-time creature=/Users/rocket/logs/training-hangs/in-flight/training-task-67fb815d.json captured=/Users/rocket/logs/training-hangs/training-hang-67fb815d.json memeticWeights=absent
[training-hang] task=501ff7c9 abandonments=1 source=schedule-time creature=/Users/rocket/logs/training-hangs/in-flight/training-task-501ff7c9.json captured=/Users/rocket/logs/training-hangs/training-hang-501ff7c9.json memeticWeights=absent
[training-hang] task=aa058400 abandonments=1 source=schedule-time creature=/Users/rocket/logs/training-hangs/in-flight/training-task-aa058400.json captured=/Users/rocket/logs/training-hangs/training-hang-aa058400.json memeticWeights=absent
[training-hang] task=cfcd314a abandonments=1 source=schedule-time creature=/Users/rocket/logs/training-hangs/in-flight/training-task-cfcd314a.json captured=/Users/rocket/logs/training-hangs/training-hang-cfcd314a.json memeticWeights=absent
[training-hang] atSchedule=4 of 4 is NOT judged a regression: GRQ_TRAINING_HANG_CAPTURE_MIN_NEAT_AI is unset, so no release is claimed to KEEP a hung task's schedule-time capture — the running @stsoftware/neat-ai 7.0.50 writes one at schedule time (NEAT-AI #4022) and removes it when the task settles, and GRQ #4489 settles an abandoned task by cancelling it, so /Users/rocket/logs/training-hangs/in-flight is emptied for exactly the hung set. Set the floor to the release carrying NEAT-AI fix/grq-4794-capture-survives-cancellation and an empty capture turns the run red (GRQ #4802, #4794)
[scorer-engine-split] splits=0 firstReason=none
[stage-failure-health] failures=0 firstStage=none firstExitCode=0 firstHitLine=0
[diagnostics] dir=/Users/rocket/GRQ/worker/../.diagnostics files=1 (#4283)
[diagnostics] file=sampler-run-summary.txt bytes=88 mtime=2026-10-07T14:50:26Z head="sampler.sh run complete: 151 min, 3 loops host=GRQ-3 timestamp=2026-10-08 01:50:26 AEDT"
GIT-OP: [reset] git fetch ok in 3s (attempt 1/3, timeout=600s)
From github.com:stSoftwareAU/GRQ
   4acf776c..aeb42783  Develop    -> origin/Develop
HEAD is now at aeb42783 Chore(deps): bump taiki-e/install-action from 2.87.19 to 2.87.22 (#5192)
[fetch-phase] GRQ-health phase=graded-self-heal duration_secs=5
[fetch-phase] GRQ-health phase=pre-fetch-cleanup duration_secs=0
[fetch-phase] GRQ-health phase=prefetch-staleness-check duration_secs=2
[fetch-phase] GRQ-health phase=fetch duration_secs=3
GIT-OP: [model_fetch GRQ-health] git fetch ok in 3s (attempt 1/6, timeout=none)
From github.com:stSoftwareAU/GRQ-health
   9b6e45566..0f02a59f8  Develop    -> origin/Develop
HEAD is now at 0f02a59f8 Update health status for GRQ-13 at Thu Oct  8 01:44:53 AEDT 2026
branch 'Develop' set up to track 'origin/Develop'.
Your branch is up to date with 'origin/Develop'.
[fetch-phase] GRQ-health phase=reset-checkout duration_secs=3
📦 [feed-repo-size] repo=GRQ-health size-pack-kib=70985 head-tree-kib=unmeasured ratio=n/a threshold=3 promisor=true action=none
[fetch-phase] GRQ-health phase=compaction-size-measurement duration_secs=0
[fetch-phase] GRQ-health phase=shallow-history-reclaim duration_secs=0
✅ GRQ-health synced with remote (validation skipped)
[fetch-phase] GRQ-health phase=validation duration_secs=0
🩺 [health_sync] entry repo=/Users/rocket/GRQ-health branch=Develop local_ahead=0 behind=0
🩺 [health_sync] decision path=noop
🩺 [health_sync] result status=ok
Updating health information...
Already up to date.
Updated health information for GRQ-3
