[log truncated by run.sh: showing the last 64 KB of 88 KB; the full log is on the host]
2026-10-10T05:20:56.739Z [INFO] [Learn] [pid-25861] [seed] loaded file=best.json score=0.40915305436761334
2026-10-10T05:20:57.081Z [INFO] [Learn] [pid-25861] [seed] loaded file=10.json score=0.4200810988747748
2026-10-10T05:20:57.406Z [INFO] [Learn] [pid-25861] [seed] loaded file=sampler-3.json score=0.43508457959219854
2026-10-10T05:20:57.792Z [INFO] [Learn] [pid-25861] [seed] loaded file=GRQ-22-lamarck.json score=0.4200993663897907
2026-10-10T05:20:58.071Z [INFO] [Learn] [pid-25861] [seed] loaded file=GRQ-25-lamarck.json score=0.3726548782885285
2026-10-10T05:20:58.330Z [INFO] [Learn] [pid-25861] [seed] loaded file=1.json score=0.4200810988747748
2026-10-10T05:20:58.567Z [INFO] [Learn] [pid-25861] [seed] loaded file=sampler-2.json score=0.41976706001745867
2026-10-10T05:20:58.635Z [INFO] [Learn] [pid-25861] [seed] loaded file=worker.json score=0.30891344782743924
2026-10-10T05:20:58.935Z [INFO] [Learn] [pid-25861] [seed] loaded file=Mac-Ultra-M2-ockham.json score=0.3726843649607907
2026-10-10T05:20:59.187Z [INFO] [Learn] [pid-25861] [seed] loaded file=11.json score=none
2026-10-10T05:20:59.493Z [INFO] [Learn] [pid-25861] [seed] loaded file=GRQ-10-forests.json score=0.4120422133423082
2026-10-10T05:20:59.797Z [INFO] [Learn] [pid-25861] [seed] loaded file=2.json score=0.42008108887659606
2026-10-10T05:21:00.123Z [INFO] [Learn] [pid-25861] [seed] loaded file=sampler-1.json score=0.4174655047889856
2026-10-10T05:21:00.438Z [INFO] [Learn] [pid-25861] [seed] loaded file=12.json score=none
2026-10-10T05:21:00.734Z [INFO] [Learn] [pid-25861] [seed] loaded file=GRQ-25-1.json score=0.41868660622616577
2026-10-10T05:21:00.997Z [INFO] [Learn] [pid-25861] [seed] loaded file=GRQ-3-forests.json score=0.4111276440103852
2026-10-10T05:21:01.298Z [INFO] [Learn] [pid-25861] [seed] loaded file=cluster.json score=0.41867235997404534
2026-10-10T05:21:01.561Z [INFO] [Learn] [pid-25861] [seed] loaded file=13.json score=none
2026-10-10T05:21:01.863Z [INFO] [Learn] [pid-25861] [seed] loaded file=3.json score=0.4200810988747748
2026-10-10T05:21:01.935Z [INFO] [Learn] [pid-25861] [seed] loaded file=8.json score=0.3089134476812688
2026-10-10T05:21:02.006Z [INFO] [Learn] [pid-25861] [seed] loaded file=18.json score=none
2026-10-10T05:21:02.322Z [INFO] [Learn] [pid-25861] [seed] loaded file=4.json score=0.4200810988747748
2026-10-10T05:21:02.578Z [INFO] [Learn] [pid-25861] [seed] loaded file=14.json score=none
2026-10-10T05:21:02.838Z [INFO] [Learn] [pid-25861] [seed] loaded file=15.json score=none
2026-10-10T05:21:03.114Z [INFO] [Learn] [pid-25861] [seed] loaded file=5.json score=0.4200810988747748
2026-10-10T05:21:03.172Z [INFO] [Learn] [pid-25861] [seed] loaded file=9.json score=0.3089134476812688
2026-10-10T05:21:03.234Z [INFO] [Learn] [pid-25861] [seed] loaded=33 skipped=0 kept=33 dropped=0 populationSize=20 dir=.creatures (#4300)
2026-10-10T05:21:03.234Z [INFO] [Learn] [pid-25861] [seed] best=sampler-3.json@0.43508457959219854 worst-kept=15.json@-Infinity best-dropped=none (#4300)
2026-10-10T05:21:03.241Z [INFO] [Learn] [pid-25861] [learn] skipTrainingAfterConsecutiveRegressions=3
2026-10-10T05:21:03.241Z [INFO] [Learn] [pid-25861] [learn] skipTrainingAfterPopulationRegressions=6
2026-10-10T05:21:03.241Z [INFO] [Learn] [pid-25861] [learn] skipTrainingAfterPopulationNoProgress=0
2026-10-10T05:21:03.241Z [INFO] [Learn] [pid-25861] [inline-discovery-memory] nativeBudgetBytes=11489037516
2026-10-10T05:21:03.242Z [INFO] [Learn] [pid-25861] elitism 1, timeout 6, PopSize 20, cost MSE, SAMPLER
2026-10-10T05:21:03.242Z [INFO] [Learn] [pid-25861] Initialized in 9s 76ms
[WasmWorkerInit] worker=worker-1 outcome=ok handshakeMs=492 cache=hit cacheDir=/Users/sloth/.cache/neat-ai/wasm bundleBytes=1042991 bundleLoadMs=62 glueImportMs=33 instantiateMs=4 wasmTotalMs=100 workerError=none
[WasmWorkerInit] worker=worker-2 outcome=ok handshakeMs=482 cache=hit cacheDir=/Users/sloth/.cache/neat-ai/wasm bundleBytes=1042991 bundleLoadMs=62 glueImportMs=33 instantiateMs=4 wasmTotalMs=100 workerError=none
[WasmWorkerInit] worker=worker-3 outcome=ok handshakeMs=465 cache=hit cacheDir=/Users/sloth/.cache/neat-ai/wasm bundleBytes=1042991 bundleLoadMs=62 glueImportMs=33 instantiateMs=4 wasmTotalMs=100 workerError=none
[WasmWorkerInit] worker=worker-4 outcome=ok handshakeMs=395 cache=hit cacheDir=/Users/sloth/.cache/neat-ai/wasm bundleBytes=1042991 bundleLoadMs=62 glueImportMs=33 instantiateMs=4 wasmTotalMs=100 workerError=none
[WasmWorkerInit] worker=worker-5 outcome=ok handshakeMs=389 cache=hit cacheDir=/Users/sloth/.cache/neat-ai/wasm bundleBytes=1042991 bundleLoadMs=62 glueImportMs=33 instantiateMs=4 wasmTotalMs=100 workerError=none
[WasmWorkerInit] worker=worker-6 outcome=ok handshakeMs=440 cache=hit cacheDir=/Users/sloth/.cache/neat-ai/wasm bundleBytes=1042991 bundleLoadMs=62 glueImportMs=33 instantiateMs=4 wasmTotalMs=100 workerError=none
[WasmWorkerInit] worker=worker-7 outcome=ok handshakeMs=465 cache=hit cacheDir=/Users/sloth/.cache/neat-ai/wasm bundleBytes=1042991 bundleLoadMs=62 glueImportMs=33 instantiateMs=4 wasmTotalMs=100 workerError=none
[WasmWorkerInit] worker=worker-8 outcome=ok handshakeMs=487 cache=hit cacheDir=/Users/sloth/.cache/neat-ai/wasm bundleBytes=1042991 bundleLoadMs=62 glueImportMs=33 instantiateMs=4 wasmTotalMs=100 workerError=none
[WasmWorkerInit] worker=worker-9 outcome=ok handshakeMs=433 cache=hit cacheDir=/Users/sloth/.cache/neat-ai/wasm bundleBytes=1042991 bundleLoadMs=62 glueImportMs=33 instantiateMs=4 wasmTotalMs=100 workerError=none
[WasmWorkerInit] worker=worker-10 outcome=ok handshakeMs=407 cache=hit cacheDir=/Users/sloth/.cache/neat-ai/wasm bundleBytes=1042991 bundleLoadMs=62 glueImportMs=33 instantiateMs=4 wasmTotalMs=100 workerError=none
[WasmWorkerInit] worker=worker-11 outcome=ok handshakeMs=447 cache=hit cacheDir=/Users/sloth/.cache/neat-ai/wasm bundleBytes=1042991 bundleLoadMs=62 glueImportMs=33 instantiateMs=4 wasmTotalMs=100 workerError=none
[WasmWorkerInit] worker=worker-12 outcome=ok handshakeMs=450 cache=hit cacheDir=/Users/sloth/.cache/neat-ai/wasm bundleBytes=1042991 bundleLoadMs=62 glueImportMs=33 instantiateMs=4 wasmTotalMs=100 workerError=none
DeDuplication of 3 creatures to 31 in 9ms (previous experiment 8ms)
[DynamicPool] 2 idle heavy worker(s) assisting fitness evaluation
[NEAT-AI] Batch scorer partition: 31 forwardOnly batched, 0 recurrent batched, 0 per-creature
Training 8f944b87 scheduled
Training 46d8ae90 scheduled
Training 32ee6b2e scheduled
Training aadd868a scheduled
Training f7778963 increased fitness by 0.000013181055144362297 to 0.42364398567487926
[neat-ai] running version 7.0.51
[neat-ai] running version 7.0.51
[neat-ai] running version 7.0.51
[neat-ai] running version 7.0.51
[NEAT-AI] trainDir FFI libneat_ai_backpropagation loaded from /Users/sloth/.cargo/lib/libneat_ai_backpropagation.dylib
[NEAT-AI] trainDir FFI libneat_ai_backpropagation loaded from /Users/sloth/.cargo/lib/libneat_ai_backpropagation.dylib
[neat-ai] running version 7.0.51
[NEAT-AI] trainDir using FFI libneat_ai_backpropagation
[NEAT-AI] trainDir using FFI libneat_ai_backpropagation
[neat-ai] running version 7.0.51
[neat-ai] running version 7.0.51
[neat-ai] running version 7.0.51
[neat-ai] running version 7.0.51
[WasmWorkerInit] worker=worker-13 outcome=ok handshakeMs=1357 cache=hit cacheDir=/Users/sloth/.cache/neat-ai/wasm bundleBytes=1042991 bundleLoadMs=62 glueImportMs=33 instantiateMs=4 wasmTotalMs=100 workerError=none
[neat-ai] running version 7.0.51
[neat-ai] running version 7.0.51
[WasmWorkerInit] worker=worker-14 outcome=ok handshakeMs=1267 cache=hit cacheDir=/Users/sloth/.cache/neat-ai/wasm bundleBytes=1042991 bundleLoadMs=62 glueImportMs=33 instantiateMs=4 wasmTotalMs=100 workerError=none
[WasmWorkerInit] worker=worker-15 outcome=ok handshakeMs=858 cache=hit cacheDir=/Users/sloth/.cache/neat-ai/wasm bundleBytes=1042991 bundleLoadMs=62 glueImportMs=33 instantiateMs=4 wasmTotalMs=100 workerError=none
[WasmWorkerInit] worker=worker-16 outcome=ok handshakeMs=1126 cache=hit cacheDir=/Users/sloth/.cache/neat-ai/wasm bundleBytes=1042991 bundleLoadMs=62 glueImportMs=33 instantiateMs=4 wasmTotalMs=100 workerError=none
[WasmWorkerInit] worker=worker-17 outcome=ok handshakeMs=1504 cache=hit cacheDir=/Users/sloth/.cache/neat-ai/wasm bundleBytes=1042991 bundleLoadMs=62 glueImportMs=33 instantiateMs=4 wasmTotalMs=100 workerError=none
[WasmWorkerInit] worker=worker-18 outcome=ok handshakeMs=614 cache=hit cacheDir=/Users/sloth/.cache/neat-ai/wasm bundleBytes=1042991 bundleLoadMs=62 glueImportMs=33 instantiateMs=4 wasmTotalMs=100 workerError=none
[WasmWorkerInit] worker=worker-19 outcome=ok handshakeMs=565 cache=hit cacheDir=/Users/sloth/.cache/neat-ai/wasm bundleBytes=1042991 bundleLoadMs=62 glueImportMs=33 instantiateMs=4 wasmTotalMs=100 workerError=none
[WasmWorkerInit] worker=worker-20 outcome=ok handshakeMs=603 cache=hit cacheDir=/Users/sloth/.cache/neat-ai/wasm bundleBytes=1042991 bundleLoadMs=62 glueImportMs=33 instantiateMs=4 wasmTotalMs=100 workerError=none
[WasmWorkerInit] worker=worker-21 outcome=ok handshakeMs=636 cache=hit cacheDir=/Users/sloth/.cache/neat-ai/wasm bundleBytes=1042991 bundleLoadMs=62 glueImportMs=33 instantiateMs=4 wasmTotalMs=100 workerError=none
[WasmWorkerInit] worker=worker-22 outcome=ok handshakeMs=599 cache=hit cacheDir=/Users/sloth/.cache/neat-ai/wasm bundleBytes=1042991 bundleLoadMs=62 glueImportMs=33 instantiateMs=4 wasmTotalMs=100 workerError=none
[WasmWorkerInit] worker=worker-23 outcome=ok handshakeMs=478 cache=hit cacheDir=/Users/sloth/.cache/neat-ai/wasm bundleBytes=1042991 bundleLoadMs=62 glueImportMs=33 instantiateMs=4 wasmTotalMs=100 workerError=none
[WasmWorkerInit] worker=worker-24 outcome=ok handshakeMs=580 cache=hit cacheDir=/Users/sloth/.cache/neat-ai/wasm bundleBytes=1042991 bundleLoadMs=62 glueImportMs=33 instantiateMs=4 wasmTotalMs=100 workerError=none
[neat-ai] running version 7.0.51
[MCMC] Gen: temp=0.9751, acceptance=100.0% (smoothed=100.0%), proposed=1, accepted=1, rejected=0
[PreWarm] 13 new templates, 2 cached, 15 unique topologies (742ms)
[Timing] fitness=31594ms breeding=12849ms breedingWorker=12849ms mainThreadOverlap=1ms resultProcessing=1ms preWarm=742ms pipelineOverlap=752ms sort=0ms writeScores=234ms mutation=4103ms deduplication=1403ms speciation=9ms total=69564ms
[Utilisation] fitness=0%fast/0%heavy breeding=0%fast/100%heavy overall=5%
[MutationOps] MOD_BIAS proposed=1 noChange=0 applied=1 reverted=0 evaluated=0 accepted=0 rejected=0 evalMs=0 depth[in=0 mid=0 out=0 ?=1] || resolved=0 multiOperator=0 discarded=0 evalMs=0 mcmc=1/1
[Throughput] wall=69564ms nonFitness=37970ms gensPerHour=51.8 fast=busy56630ms/idle639010ms/depth31/wait19181ms heavy=busy0ms/idle139128ms/depth4/wait0ms scorer=317.8ms/scored31/batchScored31/perCreatureScored0/batchInvocations1/creaturesPerSec1.0 corruptParentSkips=0
Generation 1 score 0.42364398567487926 (avg: 0.1908) error 0.5763488538146223 time 1m 9s 597ms
[NEAT-AI] Batch scorer partition: 16 forwardOnly batched, 0 recurrent batched, 0 per-creature
Training f7778963 increased fitness by 6.9046990347487736e-12 to 0.42364398568178396
[Neat] Discovery replay: no improvement found (evaluated: 0)
[WasmWorkerInit] worker=worker-25 outcome=ok handshakeMs=934 cache=hit cacheDir=/Users/sloth/.cache/neat-ai/wasm bundleBytes=1042991 bundleLoadMs=62 glueImportMs=33 instantiateMs=4 wasmTotalMs=100 workerError=none
[neat-ai] running version 7.0.51
[WasmWorkerInit] worker=worker-26 outcome=ok handshakeMs=1479 cache=hit cacheDir=/Users/sloth/.cache/neat-ai/wasm bundleBytes=1042991 bundleLoadMs=62 glueImportMs=33 instantiateMs=4 wasmTotalMs=100 workerError=none
[WasmWorkerInit] worker=worker-27 outcome=ok handshakeMs=922 cache=hit cacheDir=/Users/sloth/.cache/neat-ai/wasm bundleBytes=1042991 bundleLoadMs=62 glueImportMs=33 instantiateMs=4 wasmTotalMs=100 workerError=none
[WasmWorkerInit] worker=worker-28 outcome=ok handshakeMs=1135 cache=hit cacheDir=/Users/sloth/.cache/neat-ai/wasm bundleBytes=1042991 bundleLoadMs=62 glueImportMs=33 instantiateMs=4 wasmTotalMs=100 workerError=none
[WasmWorkerInit] worker=worker-29 outcome=ok handshakeMs=1016 cache=hit cacheDir=/Users/sloth/.cache/neat-ai/wasm bundleBytes=1042991 bundleLoadMs=62 glueImportMs=33 instantiateMs=4 wasmTotalMs=100 workerError=none
[WasmWorkerInit] worker=worker-30 outcome=ok handshakeMs=2063 cache=hit cacheDir=/Users/sloth/.cache/neat-ai/wasm bundleBytes=1042991 bundleLoadMs=62 glueImportMs=33 instantiateMs=4 wasmTotalMs=100 workerError=none
[WasmWorkerInit] worker=worker-31 outcome=ok handshakeMs=509 cache=hit cacheDir=/Users/sloth/.cache/neat-ai/wasm bundleBytes=1042991 bundleLoadMs=62 glueImportMs=33 instantiateMs=4 wasmTotalMs=100 workerError=none
[WasmWorkerInit] worker=worker-32 outcome=ok handshakeMs=496 cache=hit cacheDir=/Users/sloth/.cache/neat-ai/wasm bundleBytes=1042991 bundleLoadMs=62 glueImportMs=33 instantiateMs=4 wasmTotalMs=100 workerError=none
[WasmWorkerInit] worker=worker-33 outcome=ok handshakeMs=500 cache=hit cacheDir=/Users/sloth/.cache/neat-ai/wasm bundleBytes=1042991 bundleLoadMs=62 glueImportMs=33 instantiateMs=4 wasmTotalMs=100 workerError=none
[WasmWorkerInit] worker=worker-34 outcome=ok handshakeMs=504 cache=hit cacheDir=/Users/sloth/.cache/neat-ai/wasm bundleBytes=1042991 bundleLoadMs=62 glueImportMs=33 instantiateMs=4 wasmTotalMs=100 workerError=none
[WasmWorkerInit] worker=worker-35 outcome=ok handshakeMs=574 cache=hit cacheDir=/Users/sloth/.cache/neat-ai/wasm bundleBytes=1042991 bundleLoadMs=62 glueImportMs=33 instantiateMs=4 wasmTotalMs=100 workerError=none
[WasmWorkerInit] worker=worker-36 outcome=ok handshakeMs=525 cache=hit cacheDir=/Users/sloth/.cache/neat-ai/wasm bundleBytes=1042991 bundleLoadMs=62 glueImportMs=33 instantiateMs=4 wasmTotalMs=100 workerError=none
[neat-ai] running version 7.0.51
[MCMC] Gen: temp=0.9508, acceptance=100.0% (smoothed=100.0%), proposed=6, accepted=6, rejected=0
[PreWarm] 8 new templates, 7 cached, 15 unique topologies (505ms)
[Timing] fitness=15312ms breeding=13250ms breedingWorker=13250ms mainThreadOverlap=1ms resultProcessing=1ms preWarm=505ms pipelineOverlap=523ms sort=0ms writeScores=114ms mutation=18612ms deduplication=29403ms speciation=17ms total=87021ms
[Utilisation] fitness=0%fast/100%heavy breeding=0%fast/100%heavy overall=12%
[MutationOps] MOD_WEIGHT proposed=2 noChange=0 applied=2 reverted=0 evaluated=0 accepted=0 rejected=0 evalMs=0 depth[in=0 mid=0 out=0 ?=2] | MOD_BIAS proposed=4 noChange=0 applied=4 reverted=0 evaluated=1 accepted=0 rejected=1 evalMs=946 delta[n=1 min=-2.4667 med=-2.4667 max=-2.4667] depth[in=0 mid=0 out=0 ?=4] depthRejected[in=0 mid=0 out=0 ?=1] || resolved=1 multiOperator=0 discarded=0 evalMs=946 mcmc=6/6
[Throughput] wall=87021ms nonFitness=71709ms gensPerHour=41.4 fast=busy62174ms/idle808036ms/depth16/wait11658ms heavy=busy96887ms/idle77155ms/depth4/wait24222ms scorer=169.0ms/scored16/batchScored16/perCreatureScored0/batchInvocations1/creaturesPerSec1.0 corruptParentSkips=0
Generation 2 score 0.42364398568178396 (avg: -0.0600) error 0.5763488537577284 time 1m 27s 805ms
[DynamicPool] 1 idle heavy worker(s) assisting fitness evaluation
[NEAT-AI] Batch scorer partition: 17 forwardOnly batched, 0 recurrent batched, 0 per-creature
Training 31299b61 scheduled
Training b034ea64 scheduled
Training 97dc23f2 scheduled
Training 32ee6b2e completed after 36s 412ms
Training 32ee6b2e compacted
Training 8f944b87 completed after 1m 7s 746ms
Training 46d8ae90 completed after 1m 7s 552ms
[Neat] Discovery replay: no improvement found (evaluated: 0)
[MCMC] Gen: temp=0.9271, acceptance=100.0% (smoothed=100.0%), proposed=5, accepted=5, rejected=0
[PopulationBudget] Dropped 3 creature(s) to stay within the effective population size of 20 (elitists=1, trained=8, fineTuned=3, bred=10, dna=1)
[PreWarm] 10 new templates, 6 cached, 16 unique topologies (830ms)
[Timing] fitness=19727ms breeding=14096ms breedingWorker=14096ms mainThreadOverlap=710ms resultProcessing=710ms memoryEviction=1ms preWarm=830ms pipelineOverlap=1552ms sort=0ms writeScores=30ms mutation=15448ms deduplication=2205ms speciation=12ms total=60256ms
[Utilisation] fitness=0%fast/50%heavy breeding=0%fast/100%heavy overall=12%
[MutationOps] MOD_WEIGHT proposed=1 noChange=0 applied=1 reverted=0 evaluated=2 accepted=0 rejected=2 evalMs=2301 delta[n=1 min=0.4661 med=0.4661 max=0.4661] depth[in=0 mid=0 out=0 ?=1] depthRejected[in=0 mid=0 out=0 ?=2] | MOD_BIAS proposed=4 noChange=0 applied=4 reverted=0 evaluated=4 accepted=0 rejected=4 evalMs=4603 delta[n=4 min=-0.7690 med=-0.6684 max=-0.4041] depth[in=0 mid=0 out=0 ?=4] depthRejected[in=0 mid=0 out=0 ?=4] || resolved=6 multiOperator=0 discarded=0 evalMs=6904 mcmc=5/5
[Throughput] wall=60256ms nonFitness=40529ms gensPerHour=59.7 fast=busy59305ms/idle543255ms/depth17/wait12210ms heavy=busy0ms/idle120512ms/depth4/wait0ms scorer=165.1ms/scored17/batchScored17/perCreatureScored0/batchInvocations1/creaturesPerSec0.9 corruptParentSkips=0
Generation 3 score 0.42364398568178396 (avg: 0.0450) error 0.5763488537577284 time 1m 1s 513ms
[NEAT-AI] Batch scorer partition: 18 forwardOnly batched, 0 recurrent batched, 0 per-creature
Training aadd868a caused a higher error of 0.5808339425266517 from 0.5763803826367491
Training aadd868a caused a higher error of 0.5808339425266517 from 0.5763803826367491 and no tuning
Training 31299b61 caused a higher error of 0.5803488564192527 from 0.5763488537577284
Training 31299b61 caused a higher error of 0.5803488564192527 from 0.5763488537577284 and no tuning
Trained 8f944b87 Score: 0.423643187327007, Error: 0.5763488538146223 -> 0.5763496521624938, 👿 -7.98e-7
Trained 46d8ae90 Score: 0.42363668392794157, Error: 0.5763620349197559 -> 0.5763561556115486, 👌 0.00000588
Compact 32ee6b2e Score: 0.42354757910227037, Error: 0.5763657196423091 -> 0.5764452603872755, 👿 -0.0000795
Trained 32ee6b2e Score: 0.4235475790911423, Error: 0.5763657196423091 -> 0.5764452603983561, 👿 -0.0000795
Training 72f3aa29 scheduled
Training 3ff16365 scheduled

<--- Last few GCs --->

[25861:0x77d5c80000]   370229 ms: Scavenge (during sweeping) 4238.6 (4265.1) -> 4230.2 (4265.5) MB, pooled: 0.0 MB, 12.07 / 0.00 ms (average mu = 0.309, current mu = 0.280) allocation failure; 
[25861:0x77d5c80000]   373120 ms: Incremental Mark-Compact (reduce) 4236.2 (4268.8) -> 4198.8 (4221.9) MB, pooled: 0.0 MB, 2679.62 / 0.00 ms (+ 161.1 ms in 37 steps since start of marking, biggest step 8.1 ms, walltime since start of marking 2887 ms) (ave


#
# Fatal JavaScript out of memory: Ineffective mark-compacts near heap limit
#
==== C stack trace ===============================

    0   deno                                0x00000001048ef2cc uv_unref + 14133364
    1   deno                                0x00000001048f093c uv_unref + 14139108
    2   deno                                0x00000001048ecf68 uv_unref + 14124304
    3   deno                                0x0000000104947b64 uv_unref + 14496012
    4   deno                                0x0000000104a590a8 uv_unref + 15615568
    5   deno                                0x000000010302c2e4 uv_mutex_destroy + 9790128
    6   deno                                0x0000000102ccc470 uv_mutex_destroy + 6251580
    7   deno                                0x0000000102bc00a4 uv_mutex_destroy + 5152880
    8   deno                                0x0000000102bc0044 uv_mutex_destroy + 5152784
    9   deno                                0x00000001028db88c uv_mutex_destroy + 2119768
    10  deno                                0x000000010289d338 uv_mutex_destroy + 1864452
    11  ???                                 0x00000001147e6c48 0x0 + 4638796872
    12  ???                                 0x000000011485c564 0x0 + 4639278436
    13  ???                                 0x00000001148c75ec 0x0 + 4639716844
    14  ???                                 0x000000011487e9d0 0x0 + 4639418832
    15  ???                                 0x0000000114c12674 0x0 + 4643169908
    16  ???                                 0x0000000114c146f8 0x0 + 4643178232
    17  deno                                0x0000000102835644 uv_mutex_destroy + 1439248
    18  ???                                 0x0000000114c3108c 0x0 + 4643295372
    19  deno                                0x0000000102874ac4 uv_mutex_destroy + 1698448
    20  deno                                0x0000000102962738 uv_mutex_destroy + 2672388
    21  deno                                0x00000001028636cc uv_mutex_destroy + 1627800
    22  deno                                0x0000000102832878 uv_mutex_destroy + 1427524
    23  deno                                0x0000000102827424 uv_mutex_destroy + 1381360
    24  deno                                0x0000000102b0ffc0 uv_mutex_destroy + 4431756
    25  deno                                0x0000000102b11438 uv_mutex_destroy + 4436996
    26  deno                                0x0000000102b111f4 uv_mutex_destroy + 4436416
    27  deno                                0x0000000102b1112c uv_mutex_destroy + 4436216
    28  deno                                0x0000000102b19b74 uv_mutex_destroy + 4471616
    29  deno                                0x0000000102b18554 uv_mutex_destroy + 4465952
    30  deno                                0x0000000102b1846c uv_mutex_destroy + 4465720
    31  deno                                0x0000000102b18404 uv_mutex_destroy + 4465616
    32  deno                                0x0000000102b0e0a0 uv_mutex_destroy + 4423788
    33  deno                                0x0000000102a94854 uv_mutex_destroy + 3926048
    34  deno                                0x0000000102a93e08 uv_mutex_destroy + 3923412
    35  deno                                0x0000000102714444 uv_mutex_destroy + 254992
    36  deno                                0x0000000102713334 uv_mutex_destroy + 250624
    37  deno                                0x0000000102712da0 uv_mutex_destroy + 249196
    38  deno                                0x000000010269ad00 uv_idle_stop + 26316
    39  deno                                0x0000000102699d6c uv_idle_stop + 22328
    40  deno                                0x0000000102699d58 uv_idle_stop + 22308
    41  deno                                0x0000000102698c1c uv_idle_stop + 17896
    42  dyld                                0x000000018a6fbe80 start + 6688
/Users/sloth/GRQ/worker/shared/bounded_run.sh: line 152: 25860 Trace/BPT trap: 5       "${kind}" -k "${GRQ_BOUNDED_RUN_KILL_AFTER_SECS}" "${secs}" "$@"
[checkin-reserve] overrun: loop 1 Learn ran 6m13s against --timeout=6 min (overran 0m13s); sized with 172m45s left, launched with 158m33s left (14m12s consumed before launch) (#4872)
[heap-clamp] OOM-RETRY: Learn.ts exited 133 (V8 fatal heap-limit abort) in a sampler loop — every remaining loop runs at a reduced footprint | Learn heap grant 4326 → 2163 MB (floor 2048 MB; GRQ_SAMPLER_HEAP_BUDGET_MB moves with it, so the memory-profile picker re-sizes the working set — read the effective popSize off the [memory-profile] line, not off --populationSize) | slice-build grant unchanged at 4326 MB — it is not what OOM'd | training workers → 1 (--threads=1 --heavyTaskWorkerCount=1; src/Learn.ts clamps both with Math.max(1, …), so no concurrent training worker at all is not expressible) | population and training sample rate are halved per loop below (#4707)
⚠️ Learn.ts hit the V8 heap cap (exit 133, OOM) in loop 1 — first OOM this run; containing: skipping this loop and continuing at the reduced footprint above (state checkpointed per loop, #3467/#4707)
Loop 2 of 5
⏱️  Loop 2: --timeout sized to 3 min from remaining budget (4 loop(s) left)
From github.com:stSoftwareAU/GRQ-cluster
 * branch                main       -> FETCH_HEAD
Already up to date.
ℹ️ [creature-artefact] ../GRQ-cluster/creature.json absent — reading legacy network.json (#4153 rollout window)
GIT-OP: [sampler-copyNetworks] git pull ok in 4s (attempt 1/3, timeout=600s)
From github.com:stSoftwareAU/GRQ-sampler
   30b1b044e..4f839b920  main       -> origin/main
Updating 30b1b044e..4f839b920
Fast-forward
 performance.csv                 |      2 +
 samples/Enceladus-Terminal.json |  16058 ++-
 samples/GRQ-19-1.json           |     42 +-
 samples/GRQ-22-ockham.json      | 278968 ++++++++++++++++++-------------------
 samples/GRQ-3-1.json            |    179 +-
 5 files changed, 147436 insertions(+), 147813 deletions(-)
[samples] pool shrunk to fit the run's soft budget scored=8 of considered=47 remaining=1942s share=20% secs_per_creature=100 — the rest are dropped at random this run, never by tag (#4671)
[samples] considered=8 dir=samples top=6 random=2 (#4300)
[samples] scoring pool=8 data=/Users/sloth/GRQ/.trainData-binary_116 — ranking on locally measured scores, stored score tags are never used (#4375)
[samples] scoring deadline=3600s/scorer-pass pool=8 secs_per_creature=100 slack=3x floor=3600s (#4615)
2026-10-10T05:27:18.130Z [INFO] [batchRustScore] [pid-32833] 🦀 Rust batch score: 8 creature(s) → /Users/sloth/.cargo/bin/rust_scorer
2026-10-10T05:40:56.905Z [INFO] [ScoreSeedPool] [pid-32833] measured 8 of 8 seed candidate(s) on /Users/sloth/GRQ/.trainData-binary_116
[samples] scoring pass ok rc=0 elapsed=821s pool=8 secs_per_creature=103 (#4494/#4498)
[samples] scored measured=8 unmeasured=0 of considered=8 (#4375)
[samples] random-pool eligible=8 quarantined=0 best=0.41867235997404534 floor=0.3140042700 limit=25% ranked-taken=6 available=2 (#4299, #4677)
[samples] pick slot=top rank=1 score=0.41867235997404534 measured=local file=GRQ-3-1.json (#4375)
[samples] pick slot=top rank=2 score=0.41867235997404534 measured=local file=GRQ-12-1.json (#4375)
[samples] pick slot=top rank=3 score=0.4162517812759188 measured=local file=GRQ-22-forests.json (#4375)
[samples] pick slot=top rank=4 score=0.4103302174818855 measured=local file=GRQ-10-forests.json (#4375)
[samples] pick slot=top rank=5 score=0.37541200882257403 measured=local file=GRQ-23-lamarck.json (#4375)
[samples] pick slot=top rank=6 score=0.37514466252168427 measured=local file=GRQ-23-forests.json (#4375)
[samples] pick slot=random rank=- score=0.36996296687430547 measured=local file=GRQ-21-ockham.json (#4375)
[samples] pick slot=random rank=- score=0.31462533434252643 measured=local file=Enceladus.json (#4375)
[samples] seeded slots=8 of 8 top=6 random=2 considered=8 (#4677)
ℹ️ [creature-artefact] ../GRQ-portfolio/best/creature.json absent — reading legacy network.json (#4153 rollout window)
[creatures] copyNetworks: 35 creature file(s) in /Users/sloth/GRQ/.creatures (#4300)
[creatures] copyNetworks: 1.json 10.json 11.json 12.json 13.json 14.json 15.json 16.json 17.json 18.json 19.json 2.json 20.json 3.json 4.json 5.json 6.json 7.json 8.json 9.json Enceladus.json GRQ-10-forests.json GRQ-12-1.json GRQ-21-ockham.json GRQ-22-forests.json GRQ-23-forests.json GRQ-23-lamarck.json GRQ-3-1.json best.json cluster.json sampler-1.json sampler-2.json sampler-3.json sampler-5.json worker.json 
2) Sample rate: 0.05, timeout: 3, costName: MSE
sampler-preflight: phase=slice-0.05 free_gb=323.6 corpus_gb=21.5 required_gb=1.3 decision=ok
[heap-grant] stage=Sampler | Heap: 4326 MB | Total RAM: 16 GB | Available: 11468 MB | Planning budget: 8192 MB | FFI/OS headroom: 1536 MB | Floor: 4096 MB | Cap: 24576 MB (default) | Clamp: 9932 MB (available)
🏭 .trainData-binary_116-sampler/sample-5.bin — 114647 of 2293877 records kept from 520 file(s), seed 1037123014699061466
📄 .trainData-binary_116-sampler/manifest.json — sha256 e42a605142b2a08a11fc6ab14bc3bf5f1fae4f2ea26f0dfb41cbf149e380dfee
2026-10-10T05:41:47.740Z [INFO] [Sampler] [pid-49607] 🏭 sampler implementation=refinery elapsed_ms=7483 records_read=2293877 records_written=114647 output=.trainData-binary_116-sampler/sample-5.bin
2026-10-10T05:41:47.753Z [INFO] [Sampler] [pid-49607] Total time taken: 7s 495ms
[scan-creatures] scanned=35 quarantined=0 repaired=0 reordered=0 duration=2506ms
ℹ️  [heap-clamp] OOM-RETRY sizing applied: sampler loop 2 runs reduced — population 40 → 20 (floor 20; the memory profile may cap it lower still) | training sample rate 0.3 → 0.15 | Learn heap grant 2163 MB (#4707)
👥 Population size (sampler loop 2): 20
[heap-grant] stage=SamplerLearn | Heap: 2163 MB | Total RAM: 16 GB | Available: 11468 MB | Planning budget: 8192 MB | FFI/OS headroom: 1536 MB | Floor: 4096 MB | Cap: 24576 MB (default) | Clamp: 9932 MB (available)
2026-10-10T05:41:51.579Z [INFO] [from-json-hook] [pid-49845] [from-json-hook] installed source=Learn
2026-10-10T05:41:51.581Z [INFO] [memoryProfile] [pid-49845] [memory-profile] host=GRQ-3 totalMB=2163 profile=minimal popSize=5 activationCap=1
2026-10-10T05:41:51.972Z [INFO] [Learn] [pid-49845] WASM activation initialised for main thread and workers
[neat-ai] running version 7.0.51
2026-10-10T05:41:52.370Z [INFO] [Learn] [pid-49845] Yara Martin (Observations: 2,511, Neurons: 8,405, Synapses: 57,152 & Score: 0.42)
2026-10-10T05:41:52.719Z [INFO] [Learn] [pid-49845] [seed] loaded file=20.json score=0.42364398568178396
2026-10-10T05:41:52.836Z [INFO] [Learn] [pid-49845] [seed] loaded file=Enceladus.json score=0.31462533432776424
2026-10-10T05:41:53.144Z [INFO] [Learn] [pid-49845] [seed] loaded file=16.json score=none
2026-10-10T05:41:53.465Z [INFO] [Learn] [pid-49845] [seed] loaded file=GRQ-12-1.json score=0.4186723608650715
2026-10-10T05:41:53.769Z [INFO] [Learn] [pid-49845] [seed] loaded file=sampler-5.json score=0.4200810988747748
2026-10-10T05:41:54.118Z [INFO] [Learn] [pid-49845] [seed] loaded file=6.json score=0.42364398567487926
2026-10-10T05:41:54.405Z [INFO] [Learn] [pid-49845] [seed] loaded file=7.json score=none
2026-10-10T05:41:54.749Z [INFO] [Learn] [pid-49845] [seed] loaded file=17.json score=none
2026-10-10T05:41:55.114Z [INFO] [Learn] [pid-49845] [seed] loaded file=GRQ-3-1.json score=0.4186723607352045
2026-10-10T05:41:55.272Z [INFO] [Learn] [pid-49845] [seed] loaded file=best.json score=0.40915305436761334
2026-10-10T05:41:55.638Z [INFO] [Learn] [pid-49845] [seed] loaded file=10.json score=0.42364398568178396
2026-10-10T05:41:55.969Z [INFO] [Learn] [pid-49845] [seed] loaded file=GRQ-21-ockham.json score=0.3729458037466394
2026-10-10T05:41:56.292Z [INFO] [Learn] [pid-49845] [seed] loaded file=sampler-3.json score=0.43508457959219854
2026-10-10T05:41:56.554Z [INFO] [Learn] [pid-49845] [seed] loaded file=GRQ-22-forests.json score=0.4180259803113282
2026-10-10T05:41:56.845Z [INFO] [Learn] [pid-49845] [seed] loaded file=1.json score=0.42364398568178396
2026-10-10T05:41:57.142Z [INFO] [Learn] [pid-49845] [seed] loaded file=sampler-2.json score=0.41976706001745867
2026-10-10T05:41:57.213Z [INFO] [Learn] [pid-49845] [seed] loaded file=worker.json score=0.30891344782743924
2026-10-10T05:41:57.544Z [INFO] [Learn] [pid-49845] [seed] loaded file=GRQ-23-forests.json score=0.3780423138358118
2026-10-10T05:41:57.619Z [INFO] [Learn] [pid-49845] [seed] loaded file=11.json score=0.3129746502316966
2026-10-10T05:41:57.933Z [INFO] [Learn] [pid-49845] [seed] loaded file=GRQ-23-lamarck.json score=0.37831820067057037
2026-10-10T05:41:58.261Z [INFO] [Learn] [pid-49845] [seed] loaded file=GRQ-10-forests.json score=0.4120422133423082
2026-10-10T05:41:58.514Z [INFO] [Learn] [pid-49845] [seed] loaded file=2.json score=none
2026-10-10T05:41:58.768Z [INFO] [Learn] [pid-49845] [seed] loaded file=sampler-1.json score=0.4174655047889856
2026-10-10T05:41:58.822Z [INFO] [Learn] [pid-49845] [seed] loaded file=12.json score=0.3129746502316966
2026-10-10T05:41:59.105Z [INFO] [Learn] [pid-49845] [seed] loaded file=cluster.json score=0.41867235997404534
2026-10-10T05:41:59.414Z [INFO] [Learn] [pid-49845] [seed] loaded file=13.json score=0.42364398568178396
2026-10-10T05:41:59.774Z [INFO] [Learn] [pid-49845] [seed] loaded file=3.json score=none
2026-10-10T05:42:00.136Z [INFO] [Learn] [pid-49845] [seed] loaded file=8.json score=0.4236308046197349
2026-10-10T05:42:00.415Z [INFO] [Learn] [pid-49845] [seed] loaded file=18.json score=none
2026-10-10T05:42:00.645Z [INFO] [Learn] [pid-49845] [seed] loaded file=4.json score=none
2026-10-10T05:42:00.878Z [INFO] [Learn] [pid-49845] [seed] loaded file=14.json score=none
2026-10-10T05:42:01.167Z [INFO] [Learn] [pid-49845] [seed] loaded file=15.json score=none
2026-10-10T05:42:01.498Z [INFO] [Learn] [pid-49845] [seed] loaded file=5.json score=0.42364398567487926
2026-10-10T05:42:01.614Z [INFO] [Learn] [pid-49845] [seed] loaded file=19.json score=none
2026-10-10T05:42:01.941Z [INFO] [Learn] [pid-49845] [seed] loaded file=9.json score=0.4236308046197349
2026-10-10T05:42:02.032Z [INFO] [Learn] [pid-49845] [seed] loaded=35 skipped=0 kept=35 dropped=0 populationSize=5 dir=.creatures (#4300)
2026-10-10T05:42:02.032Z [INFO] [Learn] [pid-49845] [seed] best=sampler-3.json@0.43508457959219854 worst-kept=19.json@-Infinity best-dropped=none (#4300)
2026-10-10T05:42:02.074Z [INFO] [Learn] [pid-49845] [learn] skipTrainingAfterConsecutiveRegressions=3
2026-10-10T05:42:02.074Z [INFO] [Learn] [pid-49845] [learn] skipTrainingAfterPopulationRegressions=6
2026-10-10T05:42:02.074Z [INFO] [Learn] [pid-49845] [learn] skipTrainingAfterPopulationNoProgress=0
2026-10-10T05:42:02.074Z [INFO] [Learn] [pid-49845] [inline-discovery-memory] nativeBudgetBytes=11489037516
2026-10-10T05:42:02.075Z [INFO] [Learn] [pid-49845] elitism 1, timeout 3, PopSize 5, cost MSE, heavyWorkers 1, threads 1, SAMPLER
2026-10-10T05:42:02.075Z [INFO] [Learn] [pid-49845] Initialized in 10s 497ms
[WasmWorkerInit] worker=worker-1 outcome=ok handshakeMs=2 cache=hit cacheDir=/Users/sloth/.cache/neat-ai/wasm bundleBytes=1042991 bundleLoadMs=3 glueImportMs=18 instantiateMs=6 wasmTotalMs=27 workerError=none
DeDuplication of 4 creatures to 32 in 15ms (previous experiment 15ms)
[NEAT-AI] Batch scorer partition: 32 forwardOnly batched, 0 recurrent batched, 0 per-creature
Trained 8f944b87 Score: 0.42071806212881785, Error: 0.5763488538146223 -> 0.5792676168501838, 👿 -0.00292
Trained 46d8ae90 Score: 0.4206891716768777, Error: 0.5763620349197559 -> 0.5792965074021027, 👿 -0.00293
Trained 32ee6b2e Score: 0.4206555563033377, Error: 0.5763657196423091 -> 0.5793301226756592, 👿 -0.00296
Compact 32ee6b2e Score: 0.42065555628835916, Error: 0.5763657196423091 -> 0.5793301226907326, 👿 -0.00296
Training f7778963 increased fitness by 8.026502795743795e-9 to 0.4207268313144015
[MCMC] Temperature: 1.000000 → 1.000000
[PopulationBudget] Dropped 4 creature(s) to stay within the effective population size of 5 (elitists=3, trained=0, fineTuned=4, bred=1, dna=1)
[WasmWorkerInit] worker=worker-2 outcome=ok handshakeMs=105 cache=hit cacheDir=/Users/sloth/.cache/neat-ai/wasm bundleBytes=1042991 bundleLoadMs=3 glueImportMs=18 instantiateMs=6 wasmTotalMs=27 workerError=none
[PreWarm] 1 new templates, 1 cached, 2 unique topologies (101ms)
[Timing] fitness=160335ms breeding=1ms breedingWorker=1ms mainThreadOverlap=1ms resultProcessing=0ms preWarm=101ms pipelineOverlap=169ms sort=0ms writeScores=230ms mutation=0ms deduplication=226ms speciation=68ms total=170741ms
[Utilisation] fitness=0%fast/0%heavy breeding=0%fast/0%heavy overall=0%
[Throughput] wall=170741ms nonFitness=10406ms gensPerHour=21.1 fast=busy0ms/idle170741ms/depth32/wait0ms heavy=busy0ms/idle170741ms/depth0/wait0ms scorer=376.4ms/scored32/batchScored32/perCreatureScored0/batchInvocations1/creaturesPerSec0.2 corruptParentSkips=0
[NEAT-AI] Batch scorer partition: 2 forwardOnly batched, 0 recurrent batched, 0 per-creature
[Neat] Discovery replay: no improvement found (evaluated: 0)
[MCMC] Gen: temp=0.9800, acceptance=100.0% (smoothed=50.0%), proposed=1, accepted=1, rejected=0
[PopulationBudget] Dropped 2 creature(s) to stay within the effective population size of 5 (elitists=1, trained=0, fineTuned=4, bred=1, dna=1)
[PreWarm] 2 new templates, 1 cached, 3 unique topologies (143ms)
[Timing] fitness=27717ms breeding=0ms breedingWorker=0ms mainThreadOverlap=0ms resultProcessing=0ms memoryEviction=1ms preWarm=143ms pipelineOverlap=154ms sort=0ms writeScores=16ms mutation=5306ms deduplication=145ms speciation=11ms total=43747ms
[Utilisation] fitness=0%fast/0%heavy breeding=0%fast/0%heavy overall=0%
[MutationOps] MOD_BIAS proposed=1 noChange=0 applied=1 reverted=0 evaluated=0 accepted=0 rejected=0 evalMs=0 depth[in=0 mid=0 out=0 ?=1] || resolved=0 multiOperator=0 discarded=0 evalMs=0 mcmc=1/1
[Throughput] wall=43747ms nonFitness=16030ms gensPerHour=82.3 fast=busy0ms/idle43747ms/depth2/wait0ms heavy=busy0ms/idle43747ms/depth0/wait0ms scorer=38.3ms/scored2/batchScored2/perCreatureScored0/batchInvocations1/creaturesPerSec0.1 corruptParentSkips=0
Generation 2 score 0.4207268313144015 (avg: 0.3254) error 0.5792588475646232 avg time 21s 555ms
[evolveDir] teardown complete: 1 worker(s) terminated, 0 detached; replay queue drained
[training-skip] summary skipped=0 populationSkipped=0 creatureSkipped=0 otherSkipped=0 improvements=0 regressions=0 noChange=0 neatSkipped=0 regressionRate=0 (#4713)
2026-10-10T05:45:42.601Z [INFO] [Learn] [pid-49845] Evolution of 2 generations in 3m 41s, averaging 1m 50s 261ms
2026-10-10T05:45:42.601Z [INFO] [Learn] [pid-49845] [seed] loaded=35 skipped=0 kept=35 dropped=0 populationSize=5 dir=.creatures (#4300)
2026-10-10T05:45:42.601Z [INFO] [Learn] [pid-49845] [seed] best=sampler-3.json@0.43508457959219854 worst-kept=19.json@-Infinity best-dropped=none (#4300)
2026-10-10T05:45:42.601Z [WARN] [Learn] [pid-49845] model training over-run: elapsed 3m 40s vs expected 3m — stopping further generations; results committed (#4141)
2026-10-10T05:45:42.887Z [INFO] [saveValidatedCreatureExport] [pid-49845] [forward-only] saved file=.network-sampler.json
[checkin-reserve] overrun: loop 2 Learn ran 3m52s against --timeout=3 min (overran 0m52s); sized with 152m20s left, launched with 137m36s left (14m44s consumed before launch) (#4872)
[result-metadata] stamped .result-sampler.json with samplerBuildTimeMs=7495
Loop 3 of 5
⏭️  Loop 3: remaining budget too small (~0 min < floor) — skipping this loop's evolution to preserve the final loop + check-in reserve (#2598)
From github.com:stSoftwareAU/GRQ-cluster
 * branch                main       -> FETCH_HEAD
   b7d2aabdf..8dd74fd68  main       -> origin/main
Updating b7d2aabdf..8dd74fd68
Fast-forward
 performance.csv                               |   3 +
 statistics/GRQ-10/2026/10/10/05-41.json       |  76 +++++++++++++++++++
 statistics/Mac-Ultra-M2/2026/10/10/05-37.json | 105 ++++++++++++++++++++++++++
 statistics/Mac-Ultra-M2/2026/10/10/05-44.json | 105 ++++++++++++++++++++++++++
 4 files changed, 289 insertions(+)
 create mode 100644 statistics/GRQ-10/2026/10/10/05-41.json
 create mode 100644 statistics/Mac-Ultra-M2/2026/10/10/05-37.json
 create mode 100644 statistics/Mac-Ultra-M2/2026/10/10/05-44.json
ℹ️ [creature-artefact] ../GRQ-cluster/creature.json absent — reading legacy network.json (#4153 rollout window)
GIT-OP: [sampler-copyNetworks] git pull ok in 4s (attempt 1/3, timeout=600s)
From github.com:stSoftwareAU/GRQ-sampler
   4f839b920..c03fbb7d8  main       -> origin/main
Updating 4f839b920..c03fbb7d8
Fast-forward
 performance.csv             |   2 +
 samples/GRQ-10-1.json       |  65 +++++++++-------
 samples/GRQ-24-1.json       | 184 ++++++++++++++++++++++++++++++++++++--------
 samples/Mac-Ultra-M2-1.json |  64 +++++----------
 4 files changed, 208 insertions(+), 107 deletions(-)
[samples] pool shrunk to fit the run's soft budget scored=8 of considered=47 remaining=826s share=20% secs_per_creature=103 — the rest are dropped at random this run, never by tag (#4671)
[samples] considered=8 dir=samples top=6 random=2 (#4300)
[samples] scoring pool=8 data=/Users/sloth/GRQ/.trainData-binary_116 — ranking on locally measured scores, stored score tags are never used (#4375)
[samples] scoring deadline=3600s/scorer-pass pool=8 secs_per_creature=103 slack=3x floor=3600s (#4615)
2026-10-10T05:45:54.382Z [INFO] [batchRustScore] [pid-52920] 🦀 Rust batch score: 8 creature(s) → /Users/sloth/.cargo/bin/rust_scorer
2026-10-10T06:01:48.338Z [INFO] [ScoreSeedPool] [pid-52920] measured 8 of 8 seed candidate(s) on /Users/sloth/GRQ/.trainData-binary_116
[samples] scoring pass ok rc=0 elapsed=957s pool=8 secs_per_creature=120 (#4494/#4498)
[samples] scored measured=8 unmeasured=0 of considered=8 (#4375)
[samples] random-pool eligible=8 quarantined=0 best=0.4187063660014475 floor=0.3140297745 limit=25% ranked-taken=6 available=2 (#4299, #4677)
[samples] pick slot=top rank=1 score=0.4187063660014475 measured=local file=GRQ-24-1.json (#4375)
[samples] pick slot=top rank=2 score=0.4098529197679665 measured=local file=GRQ-3-forests.json (#4375)
[samples] pick slot=top rank=3 score=0.37514466252168427 measured=local file=GRQ-23-forests.json (#4375)
[samples] pick slot=top rank=4 score=0.37031490242798704 measured=local file=GRQ-13-lamarck.json (#4375)
[samples] pick slot=top rank=5 score=0.37014814085354925 measured=local file=GRQ-19-ockham.json (#4375)
[samples] pick slot=top rank=6 score=0.37007498488625606 measured=local file=GRQ-19-forests.json (#4375)
[samples] pick slot=random rank=- score=0.36925324403770243 measured=local file=GRQ-18-ockham.json (#4375)
[samples] pick slot=random rank=- score=0.3146249713858553 measured=local file=Enceladus-Terminal.json (#4375)
[samples] seeded slots=8 of 8 top=6 random=2 considered=8 (#4677)
ℹ️ [creature-artefact] ../GRQ-portfolio/best/creature.json absent — reading legacy network.json (#4153 rollout window)
[creatures] copyNetworks: 20 creature file(s) in /Users/sloth/GRQ/.creatures (#4300)
[creatures] copyNetworks: 1.json 2.json 3.json 4.json 5.json Enceladus-Terminal.json GRQ-13-lamarck.json GRQ-18-ockham.json GRQ-19-forests.json GRQ-19-ockham.json GRQ-23-forests.json GRQ-24-1.json GRQ-3-forests.json best.json cluster.json sampler-1.json sampler-2.json sampler-3.json sampler-5.json worker.json 
3) Sample rate: 0.36, timeout: 19, costName: MSE
sampler-preflight: phase=slice-0.36 free_gb=315.3 corpus_gb=21.5 required_gb=9.3 decision=ok
[heap-grant] stage=Sampler | Heap: 4326 MB | Total RAM: 16 GB | Available: 11632 MB | Planning budget: 8192 MB | FFI/OS headroom: 1536 MB | Floor: 4096 MB | Cap: 24576 MB (default) | Clamp: 7450 MB (ledger)
🏭 .trainData-binary_116-sampler/sample-36.bin — 825571 of 2293877 records kept from 520 file(s), seed 16571022642392786515
📄 .trainData-binary_116-sampler/manifest.json — sha256 44dd0aaa8fe13dff3c437ffb416cf94182a8f1585229447f09b6d3e4764c47d9
2026-10-10T06:02:34.787Z [INFO] [Sampler] [pid-70438] 🏭 sampler implementation=refinery elapsed_ms=20914 records_read=2293877 records_written=825571 output=.trainData-binary_116-sampler/sample-36.bin
2026-10-10T06:02:34.790Z [INFO] [Sampler] [pid-70438] Total time taken: 20s 918ms
[scan-creatures] scanned=20 quarantined=0 repaired=0 reordered=0 duration=1494ms
⏭️  Skipped src/Learn.ts evolution for loop 3 — remaining budget below the floor (#2596)
Loop 4 of 5
⏭️  Loop 4: less than the final-loop allocation (12 min) remains of the ~60-min loop target — skipping to protect the final 100% loop (#2645)
Loop 5 of 5
⏱️  Loop 5 (final, 100% eval): remaining budget below floor but this loop is mandatory — running with --timeout=3 min to preserve the comparable creature + single check-in (#2598)
⏱️  Loop 5 (final, 100% eval): raising --timeout 3 → 12 min (sacred final-loop allocation #2645)
From github.com:stSoftwareAU/GRQ-cluster
 * branch                main       -> FETCH_HEAD
Already up to date.
ℹ️ [creature-artefact] ../GRQ-cluster/creature.json absent — reading legacy network.json (#4153 rollout window)
GIT-OP: [sampler-copyNetworks] git pull ok in 3s (attempt 1/3, timeout=600s)
From github.com:stSoftwareAU/GRQ-sampler
   c03fbb7d8..ca5aa8fbe  main       -> origin/main
Updating c03fbb7d8..ca5aa8fbe
Fast-forward
 performance.csv        |    2 +
 samples/Enceladus.json |   20 +-
 samples/GRQ-18-1.json  | 4612 ++++++++++++++++++++++++------------------------
 samples/GRQ-22-1.json  | 4604 ++++++++++++++++++++++++-----------------------
 4 files changed, 4632 insertions(+), 4606 deletions(-)
[samples] pool shrunk to fit the run's soft budget scored=8 of considered=47 remaining=0s share=20% secs_per_creature=120 — the rest are dropped at random this run, never by tag (#4671)
[samples] considered=8 dir=samples top=6 random=2 (#4300)
[samples] scoring pool=8 data=/Users/sloth/GRQ/.trainData-binary_116 — ranking on locally measured scores, stored score tags are never used (#4375)
[samples] scoring deadline=3600s/scorer-pass pool=8 secs_per_creature=120 slack=3x floor=3600s (#4615)
2026-10-10T06:02:47.538Z [INFO] [batchRustScore] [pid-71371] 🦀 Rust batch score: 8 creature(s) → /Users/sloth/.cargo/bin/rust_scorer
2026-10-10T06:19:10.131Z [INFO] [ScoreSeedPool] [pid-71371] measured 8 of 8 seed candidate(s) on /Users/sloth/GRQ/.trainData-binary_116
[samples] scoring pass ok rc=0 elapsed=986s pool=8 secs_per_creature=124 (#4494/#4498)
[samples] scored measured=8 unmeasured=0 of considered=8 (#4375)
[samples] random-pool eligible=8 quarantined=0 best=0.4186866126529701 floor=0.3140149595 limit=25% ranked-taken=6 available=2 (#4299, #4677)
[samples] pick slot=top rank=1 score=0.4186866126529701 measured=local file=Mac-Ultra-M2-lamarck.json (#4375)
[samples] pick slot=top rank=2 score=0.4185661721356395 measured=local file=GRQ-19-backprop.json (#4375)
[samples] pick slot=top rank=3 score=0.4162517798365254 measured=local file=GRQ-22-forests.json (#4375)
[samples] pick slot=top rank=4 score=0.4118365230755629 measured=local file=GRQ-13-forests.json (#4375)
[samples] pick slot=top rank=5 score=0.4103302179350471 measured=local file=GRQ-10-forests.json (#4375)
[samples] pick slot=top rank=6 score=0.3715084706376637 measured=local file=GRQ-23-ockham.json (#4375)
[samples] pick slot=random rank=- score=0.3696789825408401 measured=local file=Mac-Ultra-M2-ockham.json (#4375)
[samples] pick slot=random rank=- score=0.3146249714114765 measured=local file=Enceladus-Terminal.json (#4375)
[samples] seeded slots=8 of 8 top=6 random=2 considered=8 (#4677)
[creatures] copyNetworks(short): 27 creature file(s) in /Users/sloth/GRQ/.creatures (#4300)
[creatures] copyNetworks(short): 1.json 2.json 3.json 4.json 5.json Enceladus-Terminal.json GRQ-10-forests.json GRQ-13-forests.json GRQ-13-lamarck.json GRQ-18-ockham.json GRQ-19-backprop.json GRQ-19-forests.json GRQ-19-ockham.json GRQ-22-forests.json GRQ-23-forests.json GRQ-23-ockham.json GRQ-24-1.json GRQ-3-forests.json Mac-Ultra-M2-lamarck.json Mac-Ultra-M2-ockham.json best.json cluster.json sampler-1.json sampler-2.json sampler-3.json sampler-5.json worker.json 
5) Sample rate: 1, timeout: 12, costName: MSE
sampler-preflight: phase=slice-1 free_gb=302.3 corpus_gb=21.5 required_gb=25.8 decision=ok
[heap-grant] stage=Sampler | Heap: 4326 MB | Total RAM: 16 GB | Available: 8519 MB | Planning budget: 8192 MB | FFI/OS headroom: 1536 MB | Floor: 4096 MB | Cap: 24576 MB (default) | Clamp: 6983 MB (available)
🏭 .trainData-binary_116-sampler/sample-100.bin — 2293877 of 2293877 records kept from 520 file(s), seed 13031390279928576479
📄 .trainData-binary_116-sampler/manifest.json — sha256 174340f196fe5e203861ad5bd302813f16a8a4b0acf4a971e972875fda485d3b
2026-10-10T06:20:55.621Z [INFO] [Sampler] [pid-86631] 🏭 sampler implementation=refinery elapsed_ms=56240 records_read=2293877 records_written=2293877 output=.trainData-binary_116-sampler/sample-100.bin
2026-10-10T06:20:55.630Z [INFO] [Sampler] [pid-86631] Total time taken: 56s 250ms
[scan-creatures] scanned=27 quarantined=0 repaired=0 reordered=0 duration=2648ms
ℹ️  [heap-clamp] OOM-RETRY sizing applied: sampler loop 5 runs reduced — population 20 → 20 (floor 20; the memory profile may cap it lower still) | training sample rate 1 → 0.5 | Learn heap grant 2163 MB (#4707)
👥 Population size (sampler loop 5): 20
[heap-grant] stage=SamplerLearn | Heap: 2163 MB | Total RAM: 16 GB | Available: 7045 MB | Planning budget: 8192 MB | FFI/OS headroom: 1536 MB | Floor: 4096 MB | Cap: 24576 MB (default) | Clamp: 5509 MB (available)
2026-10-10T06:20:59.929Z [INFO] [from-json-hook] [pid-87471] [from-json-hook] installed source=Learn
2026-10-10T06:20:59.934Z [INFO] [memoryProfile] [pid-87471] [memory-profile] host=GRQ-3 totalMB=2163 profile=minimal popSize=5 activationCap=1
2026-10-10T06:21:00.302Z [INFO] [Learn] [pid-87471] WASM activation initialised for main thread and workers
[neat-ai] running version 7.0.51
2026-10-10T06:21:00.791Z [INFO] [Learn] [pid-87471] Pam Young (Observations: 2,511, Neurons: 8,405, Synapses: 57,154 & Score: 0.421)
2026-10-10T06:21:01.365Z [INFO] [Learn] [pid-87471] [seed] loaded file=GRQ-24-1.json score=0.41870636964799923
2026-10-10T06:21:01.792Z [INFO] [Learn] [pid-87471] [seed] loaded file=sampler-5.json score=0.4200810988747748
2026-10-10T06:21:02.194Z [INFO] [Learn] [pid-87471] [seed] loaded file=GRQ-19-ockham.json score=0.3731320722166564
2026-10-10T06:21:02.614Z [INFO] [Learn] [pid-87471] [seed] loaded file=GRQ-19-forests.json score=0.37308144781034364
2026-10-10T06:21:02.793Z [INFO] [Learn] [pid-87471] [seed] loaded file=best.json score=0.40915305436761334
2026-10-10T06:21:03.183Z [INFO] [Learn] [pid-87471] [seed] loaded file=Mac-Ultra-M2-lamarck.json score=0.4186866125657462
2026-10-10T06:21:03.546Z [INFO] [Learn] [pid-87471] [seed] loaded file=sampler-3.json score=0.4207268313144015
2026-10-10T06:21:03.943Z [INFO] [Learn] [pid-87471] [seed] loaded file=GRQ-13-lamarck.json score=0.373403530961816
2026-10-10T06:21:04.443Z [INFO] [Learn] [pid-87471] [seed] loaded file=GRQ-13-forests.json score=0.4132703857482834
2026-10-10T06:21:04.804Z [INFO] [Learn] [pid-87471] [seed] loaded file=GRQ-22-forests.json score=0.4180259803113282
2026-10-10T06:21:05.048Z [INFO] [Learn] [pid-87471] [seed] loaded file=1.json score=0.4207268313144015
2026-10-10T06:21:05.386Z [INFO] [Learn] [pid-87471] [seed] loaded file=sampler-2.json score=0.4207268313144015
2026-10-10T06:21:05.505Z [INFO] [Learn] [pid-87471] [seed] loaded file=worker.json score=0.30891344782743924
2026-10-10T06:21:05.855Z [INFO] [Learn] [pid-87471] [seed] loaded file=GRQ-23-forests.json score=0.3780423138358118
2026-10-10T06:21:06.190Z [INFO] [Learn] [pid-87471] [seed] loaded file=Mac-Ultra-M2-ockham.json score=0.3726843649607907
2026-10-10T06:21:06.460Z [INFO] [Learn] [pid-87471] [seed] loaded file=GRQ-10-forests.json score=0.4120422133423082
2026-10-10T06:21:06.688Z [INFO] [Learn] [pid-87471] [seed] loaded file=2.json score=0.4207268313144015
2026-10-10T06:21:07.039Z [INFO] [Learn] [pid-87471] [seed] loaded file=sampler-1.json score=0.4174655047889856
2026-10-10T06:21:07.482Z [INFO] [Learn] [pid-87471] [seed] loaded file=GRQ-23-ockham.json score=0.37456790507039395
2026-10-10T06:21:07.829Z [INFO] [Learn] [pid-87471] [seed] loaded file=GRQ-19-backprop.json score=0.4199768738968087
2026-10-10T06:21:08.220Z [INFO] [Learn] [pid-87471] [seed] loaded file=GRQ-3-forests.json score=0.4111276440103852
2026-10-10T06:21:08.544Z [INFO] [Learn] [pid-87471] [seed] loaded file=GRQ-18-ockham.json score=0.37226166695997265
2026-10-10T06:21:08.872Z [INFO] [Learn] [pid-87471] [seed] loaded file=cluster.json score=0.41867235997404534
2026-10-10T06:21:09.007Z [INFO] [Learn] [pid-87471] [seed] loaded file=Enceladus-Terminal.json score=0.3146249713733994
2026-10-10T06:21:09.355Z [INFO] [Learn] [pid-87471] [seed] loaded file=3.json score=-0.05596409815383207
2026-10-10T06:21:09.700Z [INFO] [Learn] [pid-87471] [seed] loaded file=4.json score=-0.05596409815383207
2026-10-10T06:21:09.965Z [INFO] [Learn] [pid-87471] [seed] loaded file=5.json score=0.4207268313144015
2026-10-10T06:21:09.965Z [INFO] [Learn] [pid-87471] [seed] loaded=27 skipped=0 kept=27 dropped=0 populationSize=5 dir=.creatures (#4300)
2026-10-10T06:21:09.966Z [INFO] [Learn] [pid-87471] [seed] best=sampler-3.json@0.4207268313144015 worst-kept=4.json@-0.05596409815383207 best-dropped=none (#4300)
2026-10-10T06:21:09.980Z [INFO] [Learn] [pid-87471] [learn] skipTrainingAfterConsecutiveRegressions=3
2026-10-10T06:21:09.980Z [INFO] [Learn] [pid-87471] [learn] skipTrainingAfterPopulationRegressions=6
2026-10-10T06:21:09.980Z [INFO] [Learn] [pid-87471] [learn] skipTrainingAfterPopulationNoProgress=0
2026-10-10T06:21:09.980Z [INFO] [Learn] [pid-87471] [inline-discovery-memory] nativeBudgetBytes=11489037516
2026-10-10T06:21:09.981Z [INFO] [Learn] [pid-87471] elitism 1, timeout 12, PopSize 5, cost MSE, heavyWorkers 1, threads 1, SAMPLER
2026-10-10T06:21:09.982Z [INFO] [Learn] [pid-87471] Initialized in 10s 54ms
[WasmWorkerInit] worker=worker-1 outcome=ok handshakeMs=2 cache=hit cacheDir=/Users/sloth/.cache/neat-ai/wasm bundleBytes=1042991 bundleLoadMs=13 glueImportMs=31 instantiateMs=4 wasmTotalMs=47 workerError=none
DeDuplication of 4 creatures to 24 in 76ms (previous experiment 74ms)
[NEAT-AI] Batch scorer partition: 24 forwardOnly batched, 0 recurrent batched, 0 per-creature
Training f7778963 increased fitness by 0.00001975434947637522 to 0.41870636312962894
[MCMC] Temperature: 1.000000 → 1.000000
[PopulationBudget] Dropped 4 creature(s) to stay within the effective population size of 5 (elitists=3, trained=0, fineTuned=5, bred=1, dna=0)
[WasmWorkerInit] worker=worker-2 outcome=ok handshakeMs=95 cache=hit cacheDir=/Users/sloth/.cache/neat-ai/wasm bundleBytes=1042991 bundleLoadMs=13 glueImportMs=31 instantiateMs=4 wasmTotalMs=47 workerError=none
[PreWarm] 2 new templates, 1 cached, 3 unique topologies (90ms)
[Timing] fitness=4479344ms breeding=3ms breedingWorker=3ms mainThreadOverlap=1ms resultProcessing=0ms memoryEviction=5ms preWarm=90ms pipelineOverlap=100ms sort=0ms writeScores=77ms mutation=1ms deduplication=171ms speciation=10ms total=4500278ms
[Utilisation] fitness=0%fast/0%heavy breeding=0%fast/0%heavy overall=0%
[Throughput] wall=4500278ms nonFitness=20934ms gensPerHour=0.8 fast=busy0ms/idle4500278ms/depth24/wait0ms heavy=busy0ms/idle4500278ms/depth0/wait0ms scorer=1268.8ms/scored24/batchScored24/perCreatureScored0/batchInvocations1/creaturesPerSec0.0 corruptParentSkips=0
Generation 1 score 0.41870636312962894 (avg: 0.3262) error 0.5798615407706877 time 1h 15m 300ms
[Neat] Hard deadline (timeoutMinutes + grace) exceeded — abandoning 0 in-flight task(s)
[evolveDir] teardown complete: 1 worker(s) terminated, 0 detached; replay queue drained
[training-skip] summary skipped=0 populationSkipped=0 creatureSkipped=0 otherSkipped=0 improvements=0 regressions=0 noChange=0 neatSkipped=0 regressionRate=0 (#4713)
2026-10-10T07:36:15.665Z [INFO] [Learn] [pid-87471] Evolution of 1 generation in 1h 15m 6s, averaging 1h 15m 5s 678ms
2026-10-10T07:36:15.668Z [INFO] [Learn] [pid-87471] [seed] loaded=27 skipped=0 kept=27 dropped=0 populationSize=5 dir=.creatures (#4300)
2026-10-10T07:36:15.668Z [INFO] [Learn] [pid-87471] [seed] best=sampler-3.json@0.4207268313144015 worst-kept=4.json@-0.05596409815383207 best-dropped=none (#4300)
2026-10-10T07:36:15.668Z [WARN] [Learn] [pid-87471] model training over-run: elapsed 1h 15m vs expected 12m — stopping further generations; results committed (#4141)
2026-10-10T07:36:16.216Z [INFO] [saveValidatedCreatureExport] [pid-87471] [forward-only] saved file=.network-sampler.json
[checkin-reserve] overrun: loop 5 Learn ran 75m18s against --timeout=12 min (overran 63m18s); sized with 116m50s left, launched with 98m28s left (18m22s consumed before launch) (#4872)
[result-metadata] stamped .result-sampler.json with samplerBuildTimeMs=56250
ℹ️ .trainData-binary_116: removal skipped — leased by pid 97682 (in-use lock held by a live producer/consumer, #3518)
📊 sampler.sh run complete: 157 min, 4 loops
[18:36:20] 📊 Performance recorded: 1 generations in 4505678ms, 520 training files, 8405 neurons, 57153 synapses, score 0.41870636312962894, NEAT-AI 7.0.51, CPUs 10, load 24.46/31.16/37.65, RAM 16GB, available 9502MB, ext 116, mode sampler-mcmc, pop 5 (requested 20), sampleRate 0.5, sparseRatio 0.075, fitnessSampleRate 1, prep 11000ms, samplerBuild 56250ms
📊 Sampler stats row: GRQ-3
[main 6c066a5f9] 📊 Sampler stats row: GRQ-3
 1 file changed, 1 insertion(+)
🔄 [cluster] Push rejected (attempt 1/12) - fetching and rebasing
! [rejected]            main -> main (fetch first)
error: failed to push some refs to 'github.com:stSoftwareAU/GRQ-sampler.git'
From github.com:stSoftwareAU/GRQ-sampler
   ca5aa8fbe..be31276a7  main       -> origin/main
Rebasing (1/1)Successfully rebased and updated refs/heads/main.
⏳ [cluster] Retrying push in 28s...
GIT-OP: [sampler-stats] git push ok in 3s (attempt 1/3, timeout=600s)
To github.com:stSoftwareAU/GRQ-sampler.git
   be31276a7..f5f228b3e  main -> main
[18:37:09] 📦 checkin-sample.sh on host GRQ-3 (via sampler.sh)
GIT-OP: [checkin-sample] git pull ok in 3s (attempt 1/3, timeout=600s)
Already up to date.
[18:37:13] 🧭 check-in provenance: caller=sampler.sh host=GRQ-3 since-previous=19m 35s
[scoring-provenance] host=GRQ-3 path=confirm data=trainData-binary_116 data_sha=4ce80c7a117ea8087a56ab1f64ba33c72f50aa3507039f25a6810769672aca7d scorer=native scorer_sha=0d08376c793ce4477dccabac3b5a0c6ee784092671ac6c1a27ade4a0601b83bf neat_ai=7.0.51 core_sha=58b8842066d9a1b640c4ba9551074f4432fb891f core_dirty=no scorer_src_sha=f044b409b6cf1e12a1d457b73f9a1aa41f6c9005 scorer_src_dirty=no
[neat-ai] running version 7.0.51
2026-10-10T07:39:57.315Z [INFO] [ConfirmScore] [pid-62776] ✅ verified Score in 2m 40s 321ms
2026-10-10T07:39:57.319Z [INFO] [ConfirmScore] [pid-62776] [scorer-summary] program=IntelligentDesign.ConfirmScore rust=1 wasm=0 worker-pool-size=0 peak-concurrent=1 elapsed=160s
[checkin-confirm] host=GRQ-3 creature=/Users/sloth/GRQ/worker/../.creatures/1.json claimed=0.41870636312962894 confirmed=0.41870636312962894 delta=0 rel=0 budget=1800s bound=timeout (#4372)
🧬 [provenance-tags] checkin-confirm: 1.json scoreVerified=confirm:0.41870636312962894 (#4374)
[18:40:00] [checkin-stage] caller=sampler.sh host=GRQ-3 creature=/Users/sloth/GRQ/worker/../.creatures/1.json score=0.41870636312962894 neurons=8405 synapses=57153 baseline=samples/GRQ-3-1.json previous=0.4187063660014475 (#4299)
[checkin-floor] accept baseline=samples/GRQ-3-1.json previous=0.4187063660014475 candidate=0.41870636312962894 max_drop=25% drop=0.00% reason=within-floor (#4299)
[checkin-ceiling] accept baseline=samples/GRQ-3-1.json previous=0.4187063660014475 candidate=0.41870636312962894 max_gain=10% gain=-0.00% reason=within-ceiling (#4373)
🧬 [provenance-tags] checkin-sample: GRQ-3-1.json stamped scorerSha=0d08376c793ce4477dccabac3b5a0c6ee784092671ac6c1a27ade4a0601b83bf dataSha=4ce80c7a117ea8087a56ab1f64ba33c72f50aa3507039f25a6810769672aca7d neatAi=7.0.51 (#4374)
[18:40:19] ✅ Committing 🦠 GRQ-3 🎯, Score: 0.418706
[main 9651f4014] 🦠 GRQ-3 🎯, Score: 0.418706, Neurons: 8,405 & Synapses: 57,153
 1 file changed, 6 insertions(+), 6 deletions(-)
To github.com:stSoftwareAU/GRQ-sampler.git
 ! [rejected]            main -> main (fetch first)
error: failed to push some refs to 'github.com:stSoftwareAU/GRQ-sampler.git'
hint: Updates were rejected because the remote contains work that you do not
hint: have locally. This is usually caused by another repository pushing to
hint: the same ref. If you want to integrate the remote changes, use
hint: 'git pull' before pushing again.
hint: See the 'Note about fast-forwards' in 'git push --help' for details.
[18:40:32] 🔁 Attempt 1/12 — stash, pull, and reapply
GIT-OP: [checkin-sample] git pull ok in 3s (attempt 1/3, timeout=600s)
From github.com:stSoftwareAU/GRQ-sampler
   f5f228b3e..062d27b70  main       -> origin/main
Rebasing (1/1)Successfully rebased and updated refs/heads/main.
🧮 [checkin-sample] Reconciling 1 unpushed commit(s) into one (soft reset to origin/main) (#2616)
[main e8eac9c2b] 🦠 GRQ-3 🎯, Score: 0.418706, Retry 1, Neurons: 8,405 & Synapses: 57,153
 1 file changed, 6 insertions(+), 6 deletions(-)
GIT-OP: [checkin-sample] git push ok in 4s (attempt 1/3, timeout=600s)
To github.com:stSoftwareAU/GRQ-sampler.git
   062d27b70..e8eac9c2b  main -> main
[training-outcomes] tasks=9 scheduled=9 completed=3 timedOut=0 abandoned=0 aborted=0 rejected=2 inFlight=4 maxConsecutiveTimeouts=0 maxConsecutiveRegressions=2 maxConsecutiveNoProgress=5 threshold=3 regressionThreshold=3 improved=0 regressed=5 noChange=0 unknownImprovement=4 skipped=0 populationSkipped=0 skipSource=event-summary populationGate=6
[training-outcomes] task=8f944b87 outcome=completed lastSampleError=unknown errorBefore=0.5763488538146223 errorAfter=0.5792676168501838 improvement=regressed delta=-0.00292 reason=result-returned
[training-outcomes] task=46d8ae90 outcome=completed lastSampleError=unknown errorBefore=0.5763620349197559 errorAfter=0.5792965074021027 improvement=regressed delta=-0.00293 reason=result-returned
[training-outcomes] task=32ee6b2e outcome=completed lastSampleError=unknown errorBefore=0.5763657196423091 errorAfter=0.5793301226756592 improvement=regressed delta=-0.00296 reason=result-returned
[training-outcomes] task=aadd868a outcome=rejected lastSampleError=unknown errorBefore=0.5763803826367491 errorAfter=0.5808339425266517 improvement=regressed delta=0.5808339425266517 reason=higher-error-discarded
[training-outcomes] task=31299b61 outcome=rejected lastSampleError=unknown errorBefore=0.5763488537577284 errorAfter=0.5803488564192527 improvement=regressed delta=0.5803488564192527 reason=higher-error-discarded
[training-outcomes] task=b034ea64 outcome=in_flight lastSampleError=unknown errorBefore=unknown errorAfter=unknown improvement=unknown delta=unknown reason=log-ended
[training-outcomes] task=97dc23f2 outcome=in_flight lastSampleError=unknown errorBefore=unknown errorAfter=unknown improvement=unknown delta=unknown reason=log-ended
[training-outcomes] task=72f3aa29 outcome=in_flight lastSampleError=unknown errorBefore=unknown errorAfter=unknown improvement=unknown delta=unknown reason=log-ended
[training-outcomes] task=3ff16365 outcome=in_flight lastSampleError=unknown errorBefore=unknown errorAfter=unknown improvement=unknown delta=unknown reason=log-ended
[training-outcomes] WARNING maxConsecutiveNoProgress=5 exceeds threshold=3 — 5 consecutive training tasks regressed or made no progress (target error 0.002 is unreachable by design and is NOT the success condition; do not raise the target or the per-task budget). The population-wide dispatch gate did NOT engage (populationSkipped=0, measured from the NEAT-AI training_skipped events) and could not have: the streak it acts on peaked at maxConsecutiveRegressions=2, below populationGate=6. Streaks in the 4..5 band warn and still dispatch by design — the fleet tolerates them (#4717). Check the population/sample rate and NEAT-AI training-regression skip (#4064/#4082)
[training-hang] WARNING abandoned=0 but inFlight=4 training task(s) never returned a result — no watchdog line named them, so only their schedule-time captures in /Users/sloth/logs/training-hangs/in-flight record they existed (#4490)
[training-hang] WARNING task=72f3aa29 abandonments=0 — never settled, never abandoned; creature captured at schedule time (#4490)
[training-hang] WARNING task=97dc23f2 abandonments=0 — never settled, never abandoned; creature captured at schedule time (#4490)
[training-hang] WARNING task=b034ea64 abandonments=0 — never settled, never abandoned; creature captured at schedule time (#4490)
[training-hang] WARNING task=3ff16365 abandonments=0 — never settled, never abandoned; creature captured at schedule time (#4490)
[scorer-engine-split] splits=0 firstReason=none
[stage-failure-health] failures=0 firstStage=none firstExitCode=0 firstHitLine=0
[diagnostics] dir=/Users/sloth/GRQ/worker/../.diagnostics files=1 (#4283)
[diagnostics] file=sampler-run-summary.txt bytes=88 mtime=2026-10-10T07:36:18Z head="sampler.sh run complete: 157 min, 4 loops host=GRQ-3 timestamp=2026-10-10 18:36:18 AEDT"
GIT-OP: [reset] git fetch ok in 3s (attempt 1/3, timeout=600s)
HEAD is now at 41e54c86 Inject a clock into runImproveSquashPass; fake-clock the #4029 per-pass test (#5199) (#5210)
[fetch-phase] GRQ-health phase=graded-self-heal duration_secs=0
[fetch-phase] GRQ-health phase=pre-fetch-cleanup duration_secs=0
[fetch-phase] GRQ-health phase=prefetch-staleness-check duration_secs=3
[fetch-phase] GRQ-health phase=fetch duration_secs=3
GIT-OP: [model_fetch GRQ-health] git fetch ok in 3s (attempt 1/6, timeout=none)
From github.com:stSoftwareAU/GRQ-health
   8efe1f2616..c27f5d7ec6  Develop    -> origin/Develop
HEAD is now at c27f5d7ec6 Update health status for GRQ-18 at Sat Oct 10 18:37:42 AEDT 2026
branch 'Develop' set up to track 'origin/Develop'.
Your branch is up to date with 'origin/Develop'.
[fetch-phase] GRQ-health phase=reset-checkout duration_secs=1
📦 [feed-repo-size] repo=GRQ-health size-pack-kib=983636 head-tree-kib=unmeasured ratio=n/a threshold=3 promisor=false action=none
[fetch-phase] GRQ-health phase=compaction-size-measurement duration_secs=0
[fetch-phase] GRQ-health phase=shallow-history-reclaim duration_secs=0
✅ GRQ-health synced with remote (validation skipped)
[fetch-phase] GRQ-health phase=validation duration_secs=0
🩺 [health_sync] entry repo=/Users/sloth/GRQ-health branch=Develop local_ahead=0 behind=0
🩺 [health_sync] decision path=noop
🩺 [health_sync] result status=ok
Updating health information...
Already up to date.
Updated health information for GRQ-3
