[log truncated by run.sh: showing the last 64 KB of 142 KB; the full log is on the host]
2026-10-10T16:01:02.930Z [WARN] [DividendValidator] [pid-97958] STRS: Non-finite dividend value null — rejecting
2026-10-10T16:01:02.930Z [WARN] [DividendValidator] [pid-97958] STRS: Non-finite dividend value null — rejecting
2026-10-10T16:01:02.930Z [WARN] [DividendValidator] [pid-97958] STRS: Non-finite dividend value null — rejecting
2026-10-10T16:01:02.930Z [WARN] [DividendValidator] [pid-97958] GAP: Non-positive dividend value 0 cents — rejecting
2026-10-10T16:01:02.930Z [WARN] [DividendValidator] [pid-97958] GAP: Non-positive dividend value 0 cents — rejecting
2026-10-10T16:01:02.930Z [WARN] [Portfolio] [pid-97958] Duplicate dividend skipped for GAP on 2026-10-07
2026-10-10T16:01:02.930Z [WARN] [DividendValidator] [pid-97958] GAP: Non-positive dividend value 0 cents — rejecting
2026-10-10T16:01:02.930Z [WARN] [DividendValidator] [pid-97958] GAP: Non-positive dividend value 0 cents — rejecting
2026-10-10T16:01:02.930Z [WARN] [DividendValidator] [pid-97958] GAP: Non-finite dividend value null — rejecting
2026-10-10T16:01:02.930Z [WARN] [DividendValidator] [pid-97958] GAP: Non-finite dividend value null — rejecting
2026-10-10T16:01:02.930Z [WARN] [DividendValidator] [pid-97958] GAP: Non-positive dividend value 0 cents — rejecting
2026-10-10T16:01:02.930Z [WARN] [DividendValidator] [pid-97958] GAP: Non-positive dividend value 0 cents — rejecting
2026-10-10T16:01:02.930Z [WARN] [DividendValidator] [pid-97958] GAP: Non-positive dividend value 0 cents — rejecting
2026-10-10T16:01:02.930Z [WARN] [DividendValidator] [pid-97958] GAP: Non-positive dividend value 0 cents — rejecting
2026-10-10T16:01:02.930Z [WARN] [DividendValidator] [pid-97958] GAP: Non-positive dividend value 0 cents — rejecting
2026-10-10T16:01:02.930Z [WARN] [DividendValidator] [pid-97958] GAP: Non-finite dividend value null — rejecting
2026-10-10T16:01:02.930Z [WARN] [DividendValidator] [pid-97958] GAP: Non-finite dividend value null — rejecting
2026-10-10T16:01:02.930Z [WARN] [DividendValidator] [pid-97958] GAP: Non-positive dividend value 0 cents — rejecting
2026-10-10T16:01:02.930Z [WARN] [DividendValidator] [pid-97958] GAP: Non-positive dividend value 0 cents — rejecting
2026-10-10T16:01:02.930Z [WARN] [DividendValidator] [pid-97958] GAP: Non-positive dividend value 0 cents — rejecting
2026-10-10T16:01:02.930Z [WARN] [DividendValidator] [pid-97958] GAP: Non-positive dividend value 0 cents — rejecting
2026-10-10T16:01:02.930Z [WARN] [DividendValidator] [pid-97958] GAP: Non-positive dividend value 0 cents — rejecting
2026-10-10T16:01:02.930Z [WARN] [DividendValidator] [pid-97958] GAP: Non-finite dividend value null — rejecting
2026-10-10T16:01:02.930Z [WARN] [DividendValidator] [pid-97958] GAP: Non-finite dividend value null — rejecting
2026-10-10T16:01:02.930Z [WARN] [DividendValidator] [pid-97958] GAP: Non-positive dividend value 0 cents — rejecting
2026-10-10T16:01:02.930Z [WARN] [DividendValidator] [pid-97958] GAP: Non-positive dividend value 0 cents — rejecting
2026-10-10T16:01:02.930Z [WARN] [DividendValidator] [pid-97958] GAP: Non-positive dividend value 0 cents — rejecting
2026-10-10T16:01:02.930Z [WARN] [DividendValidator] [pid-97958] GAP: Non-positive dividend value 0 cents — rejecting
2026-10-10T16:01:02.930Z [WARN] [DividendValidator] [pid-97958] GAP: Non-positive dividend value 0 cents — rejecting
2026-10-10T16:01:02.930Z [WARN] [DividendValidator] [pid-97958] GAP: Non-finite dividend value null — rejecting
2026-10-10T16:01:02.930Z [WARN] [DividendValidator] [pid-97958] GAP: Non-finite dividend value null — rejecting
2026-10-10T16:01:02.930Z [WARN] [DividendValidator] [pid-97958] GAP: Non-positive dividend value 0 cents — rejecting
2026-10-10T16:01:02.930Z [WARN] [DividendValidator] [pid-97958] GAP: Non-positive dividend value 0 cents — rejecting
2026-10-10T16:01:02.930Z [INFO] [StopLost] [pid-97958] GAP Can't SELL it has been only held for 30 days of 49 ( recommendation -0.87 )
2026-10-10T16:01:02.930Z [WARN] [DividendValidator] [pid-97958] AD: Non-positive dividend value 0 cents — rejecting
2026-10-10T16:01:02.930Z [WARN] [DividendValidator] [pid-97958] AD: Non-positive dividend value 0 cents — rejecting
2026-10-10T16:01:02.930Z [WARN] [DividendValidator] [pid-97958] AD: Non-positive dividend value 0 cents — rejecting
2026-10-10T16:01:02.930Z [WARN] [DividendValidator] [pid-97958] AD: Non-positive dividend value 0 cents — rejecting
2026-10-10T16:01:02.930Z [WARN] [DividendValidator] [pid-97958] AD: Non-positive dividend value 0 cents — rejecting
2026-10-10T16:01:02.930Z [WARN] [DividendValidator] [pid-97958] AD: Non-finite dividend value null — rejecting
2026-10-10T16:01:02.930Z [WARN] [DividendValidator] [pid-97958] AD: Non-finite dividend value null — rejecting
2026-10-10T16:01:02.930Z [WARN] [DividendValidator] [pid-97958] AD: Non-positive dividend value 0 cents — rejecting
2026-10-10T16:01:02.930Z [WARN] [DividendValidator] [pid-97958] AD: Non-positive dividend value 0 cents — rejecting
2026-10-10T16:01:02.930Z [WARN] [DividendValidator] [pid-97958] AD: Non-positive dividend value 0 cents — rejecting
2026-10-10T16:01:02.930Z [WARN] [DividendValidator] [pid-97958] AD: Non-positive dividend value 0 cents — rejecting
2026-10-10T16:01:02.930Z [WARN] [DividendValidator] [pid-97958] AD: Non-positive dividend value 0 cents — rejecting
2026-10-10T16:01:02.930Z [WARN] [DividendValidator] [pid-97958] AD: Non-finite dividend value null — rejecting
2026-10-10T16:01:02.930Z [WARN] [DividendValidator] [pid-97958] AD: Non-finite dividend value null — rejecting
2026-10-10T16:01:02.930Z [WARN] [DividendValidator] [pid-97958] AD: Non-positive dividend value 0 cents — rejecting
2026-10-10T16:01:02.930Z [WARN] [DividendValidator] [pid-97958] AD: Non-positive dividend value 0 cents — rejecting
2026-10-10T16:01:02.930Z [WARN] [DividendValidator] [pid-97958] AD: Non-positive dividend value 0 cents — rejecting
2026-10-10T16:01:02.930Z [WARN] [DividendValidator] [pid-97958] AD: Non-positive dividend value 0 cents — rejecting
2026-10-10T16:01:02.930Z [WARN] [DividendValidator] [pid-97958] AD: Non-positive dividend value 0 cents — rejecting
2026-10-10T16:01:02.930Z [WARN] [DividendValidator] [pid-97958] AD: Non-finite dividend value null — rejecting
2026-10-10T16:01:02.931Z [WARN] [DividendValidator] [pid-97958] AD: Non-finite dividend value null — rejecting
2026-10-10T16:01:02.931Z [WARN] [DividendValidator] [pid-97958] AD: Non-positive dividend value 0 cents — rejecting
2026-10-10T16:01:02.931Z [WARN] [DividendValidator] [pid-97958] AD: Non-positive dividend value 0 cents — rejecting
2026-10-10T16:01:02.931Z [WARN] [DividendValidator] [pid-97958] AD: Non-positive dividend value 0 cents — rejecting
2026-10-10T16:01:02.931Z [WARN] [DividendValidator] [pid-97958] AD: Non-positive dividend value 0 cents — rejecting
2026-10-10T16:01:02.931Z [WARN] [DividendValidator] [pid-97958] AD: Non-positive dividend value 0 cents — rejecting
2026-10-10T16:01:02.931Z [WARN] [DividendValidator] [pid-97958] AD: Non-finite dividend value null — rejecting
2026-10-10T16:01:02.931Z [WARN] [DividendValidator] [pid-97958] AD: Non-finite dividend value null — rejecting
2026-10-10T16:01:02.931Z [WARN] [DividendValidator] [pid-97958] AD: Non-positive dividend value 0 cents — rejecting
2026-10-10T16:01:02.931Z [WARN] [DividendValidator] [pid-97958] AD: Non-positive dividend value 0 cents — rejecting
2026-10-10T16:01:02.931Z [WARN] [DividendValidator] [pid-97958] T: Non-positive dividend value 0 cents — rejecting
2026-10-10T16:01:02.931Z [WARN] [DividendValidator] [pid-97958] T: Non-positive dividend value 0 cents — rejecting
2026-10-10T16:01:02.931Z [WARN] [DividendValidator] [pid-97958] T: Non-positive dividend value 0 cents — rejecting
2026-10-10T16:01:02.931Z [WARN] [DividendValidator] [pid-97958] T: Non-positive dividend value 0 cents — rejecting
2026-10-10T16:01:02.931Z [WARN] [DividendValidator] [pid-97958] T: Non-positive dividend value 0 cents — rejecting
2026-10-10T16:01:02.931Z [WARN] [DividendValidator] [pid-97958] T: Non-finite dividend value null — rejecting
2026-10-10T16:01:02.931Z [WARN] [DividendValidator] [pid-97958] T: Non-finite dividend value null — rejecting
2026-10-10T16:01:02.931Z [WARN] [DividendValidator] [pid-97958] T: Non-positive dividend value 0 cents — rejecting
2026-10-10T16:01:02.931Z [WARN] [DividendValidator] [pid-97958] T: Non-positive dividend value 0 cents — rejecting
2026-10-10T16:01:02.931Z [WARN] [DividendValidator] [pid-97958] T: Non-positive dividend value 0 cents — rejecting
2026-10-10T16:01:02.931Z [WARN] [DividendValidator] [pid-97958] T: Non-positive dividend value 0 cents — rejecting
2026-10-10T16:01:02.931Z [WARN] [DividendValidator] [pid-97958] T: Non-positive dividend value 0 cents — rejecting
2026-10-10T16:01:02.931Z [WARN] [DividendValidator] [pid-97958] T: Non-finite dividend value null — rejecting
2026-10-10T16:01:02.931Z [WARN] [DividendValidator] [pid-97958] T: Non-finite dividend value null — rejecting
2026-10-10T16:01:02.931Z [WARN] [DividendValidator] [pid-97958] T: Non-positive dividend value 0 cents — rejecting
2026-10-10T16:01:02.931Z [WARN] [DividendValidator] [pid-97958] T: Non-positive dividend value 0 cents — rejecting
2026-10-10T16:01:02.931Z [WARN] [DividendValidator] [pid-97958] T: Non-positive dividend value 0 cents — rejecting
2026-10-10T16:01:02.931Z [WARN] [DividendValidator] [pid-97958] T: Non-positive dividend value 0 cents — rejecting
2026-10-10T16:01:02.931Z [WARN] [DividendValidator] [pid-97958] T: Non-positive dividend value 0 cents — rejecting
2026-10-10T16:01:02.931Z [WARN] [DividendValidator] [pid-97958] T: Non-finite dividend value null — rejecting
2026-10-10T16:01:02.931Z [WARN] [DividendValidator] [pid-97958] T: Non-finite dividend value null — rejecting
2026-10-10T16:01:02.931Z [WARN] [DividendValidator] [pid-97958] T: Non-positive dividend value 0 cents — rejecting
2026-10-10T16:01:02.931Z [WARN] [DividendValidator] [pid-97958] T: Non-positive dividend value 0 cents — rejecting
2026-10-10T16:01:02.931Z [WARN] [DividendValidator] [pid-97958] T: Non-positive dividend value 0 cents — rejecting
2026-10-10T16:01:02.931Z [WARN] [DividendValidator] [pid-97958] T: Non-positive dividend value 0 cents — rejecting
2026-10-10T16:01:02.931Z [WARN] [DividendValidator] [pid-97958] T: Non-positive dividend value 0 cents — rejecting
2026-10-10T16:01:02.931Z [WARN] [DividendValidator] [pid-97958] T: Non-finite dividend value null — rejecting
2026-10-10T16:01:02.931Z [WARN] [DividendValidator] [pid-97958] T: Non-finite dividend value null — rejecting
2026-10-10T16:01:02.931Z [WARN] [DividendValidator] [pid-97958] T: Non-positive dividend value 0 cents — rejecting
2026-10-10T16:01:02.931Z [WARN] [DividendValidator] [pid-97958] T: Non-positive dividend value 0 cents — rejecting
2026-10-10T16:01:02.931Z [INFO] [StopLost] [pid-97958] T Can't SELL it has been only held for 30 days of 49 ( recommendation -0.86 )
2026-10-10T16:01:02.931Z [WARN] [DividendValidator] [pid-97958] JCAP: Non-positive dividend value 0 cents — rejecting
2026-10-10T16:01:02.931Z [WARN] [DividendValidator] [pid-97958] JCAP: Non-positive dividend value 0 cents — rejecting
2026-10-10T16:01:02.931Z [WARN] [DividendValidator] [pid-97958] JCAP: Non-positive dividend value 0 cents — rejecting
2026-10-10T16:01:02.931Z [WARN] [DividendValidator] [pid-97958] JCAP: Non-positive dividend value 0 cents — rejecting
2026-10-10T16:01:02.931Z [WARN] [DividendValidator] [pid-97958] JCAP: Non-positive dividend value 0 cents — rejecting
2026-10-10T16:01:02.931Z [WARN] [DividendValidator] [pid-97958] JCAP: Non-finite dividend value null — rejecting
2026-10-10T16:01:02.931Z [WARN] [DividendValidator] [pid-97958] JCAP: Non-finite dividend value null — rejecting
2026-10-10T16:01:02.931Z [WARN] [DividendValidator] [pid-97958] JCAP: Non-positive dividend value 0 cents — rejecting
2026-10-10T16:01:02.931Z [WARN] [DividendValidator] [pid-97958] JCAP: Non-positive dividend value 0 cents — rejecting
2026-10-10T16:01:02.931Z [WARN] [DividendValidator] [pid-97958] JCAP: Non-positive dividend value 0 cents — rejecting
2026-10-10T16:01:02.931Z [WARN] [DividendValidator] [pid-97958] JCAP: Non-positive dividend value 0 cents — rejecting
2026-10-10T16:01:02.931Z [WARN] [DividendValidator] [pid-97958] JCAP: Non-positive dividend value 0 cents — rejecting
2026-10-10T16:01:02.931Z [WARN] [DividendValidator] [pid-97958] JCAP: Non-finite dividend value null — rejecting
2026-10-10T16:01:02.931Z [WARN] [DividendValidator] [pid-97958] JCAP: Non-finite dividend value null — rejecting
2026-10-10T16:01:02.931Z [WARN] [DividendValidator] [pid-97958] JCAP: Non-positive dividend value 0 cents — rejecting
2026-10-10T16:01:02.931Z [WARN] [DividendValidator] [pid-97958] JCAP: Non-positive dividend value 0 cents — rejecting
2026-10-10T16:01:02.931Z [WARN] [DividendValidator] [pid-97958] JCAP: Non-positive dividend value 0 cents — rejecting
2026-10-10T16:01:02.931Z [WARN] [DividendValidator] [pid-97958] JCAP: Non-positive dividend value 0 cents — rejecting
2026-10-10T16:01:02.931Z [WARN] [DividendValidator] [pid-97958] JCAP: Non-positive dividend value 0 cents — rejecting
2026-10-10T16:01:02.931Z [WARN] [DividendValidator] [pid-97958] JCAP: Non-finite dividend value null — rejecting
2026-10-10T16:01:02.931Z [WARN] [DividendValidator] [pid-97958] JCAP: Non-finite dividend value null — rejecting
2026-10-10T16:01:02.931Z [WARN] [DividendValidator] [pid-97958] JCAP: Non-positive dividend value 0 cents — rejecting
2026-10-10T16:01:02.931Z [WARN] [DividendValidator] [pid-97958] JCAP: Non-positive dividend value 0 cents — rejecting
2026-10-10T16:01:02.931Z [WARN] [DividendValidator] [pid-97958] JCAP: Non-positive dividend value 0 cents — rejecting
2026-10-10T16:01:02.931Z [WARN] [DividendValidator] [pid-97958] JCAP: Non-positive dividend value 0 cents — rejecting
2026-10-10T16:01:02.931Z [WARN] [DividendValidator] [pid-97958] JCAP: Non-positive dividend value 0 cents — rejecting
2026-10-10T16:01:02.931Z [WARN] [DividendValidator] [pid-97958] JCAP: Non-finite dividend value null — rejecting
2026-10-10T16:01:02.931Z [WARN] [DividendValidator] [pid-97958] JCAP: Non-finite dividend value null — rejecting
2026-10-10T16:01:02.931Z [WARN] [DividendValidator] [pid-97958] JCAP: Non-positive dividend value 0 cents — rejecting
2026-10-10T16:01:02.931Z [WARN] [DividendValidator] [pid-97958] JCAP: Non-positive dividend value 0 cents — rejecting
2026-10-10T16:01:02.931Z [INFO] [StopLost] [pid-97958] JCAP Can't SELL it has been only held for 30 days of 49 ( recommendation -0.88 )
2026-10-10T16:01:02.931Z [WARN] [DividendValidator] [pid-97958] SNY: Non-positive dividend value 0 cents — rejecting
2026-10-10T16:01:02.931Z [WARN] [DividendValidator] [pid-97958] SNY: Non-positive dividend value 0 cents — rejecting
2026-10-10T16:01:02.931Z [WARN] [DividendValidator] [pid-97958] SNY: Non-positive dividend value 0 cents — rejecting
2026-10-10T16:01:02.931Z [WARN] [DividendValidator] [pid-97958] SNY: Non-positive dividend value 0 cents — rejecting
2026-10-10T16:01:02.931Z [WARN] [DividendValidator] [pid-97958] SNY: Non-positive dividend value 0 cents — rejecting
2026-10-10T16:01:02.931Z [WARN] [DividendValidator] [pid-97958] SNY: Non-finite dividend value null — rejecting
2026-10-10T16:01:02.931Z [WARN] [DividendValidator] [pid-97958] SNY: Non-finite dividend value null — rejecting
2026-10-10T16:01:02.931Z [WARN] [DividendValidator] [pid-97958] SNY: Non-positive dividend value 0 cents — rejecting
2026-10-10T16:01:02.931Z [WARN] [DividendValidator] [pid-97958] SNY: Non-positive dividend value 0 cents — rejecting
2026-10-10T16:01:02.931Z [WARN] [DividendValidator] [pid-97958] SNY: Non-positive dividend value 0 cents — rejecting
2026-10-10T16:01:02.931Z [WARN] [DividendValidator] [pid-97958] SNY: Non-positive dividend value 0 cents — rejecting
2026-10-10T16:01:02.931Z [WARN] [DividendValidator] [pid-97958] SNY: Non-positive dividend value 0 cents — rejecting
2026-10-10T16:01:02.931Z [WARN] [DividendValidator] [pid-97958] SNY: Non-finite dividend value null — rejecting
2026-10-10T16:01:02.931Z [WARN] [DividendValidator] [pid-97958] SNY: Non-finite dividend value null — rejecting
2026-10-10T16:01:02.931Z [WARN] [DividendValidator] [pid-97958] SNY: Non-positive dividend value 0 cents — rejecting
2026-10-10T16:01:02.931Z [WARN] [DividendValidator] [pid-97958] SNY: Non-positive dividend value 0 cents — rejecting
2026-10-10T16:01:02.931Z [WARN] [DividendValidator] [pid-97958] SNY: Non-positive dividend value 0 cents — rejecting
2026-10-10T16:01:02.931Z [WARN] [DividendValidator] [pid-97958] SNY: Non-positive dividend value 0 cents — rejecting
2026-10-10T16:01:02.931Z [WARN] [DividendValidator] [pid-97958] SNY: Non-positive dividend value 0 cents — rejecting
2026-10-10T16:01:02.931Z [WARN] [DividendValidator] [pid-97958] SNY: Non-finite dividend value null — rejecting
2026-10-10T16:01:02.931Z [WARN] [DividendValidator] [pid-97958] SNY: Non-finite dividend value null — rejecting
2026-10-10T16:01:02.931Z [WARN] [DividendValidator] [pid-97958] SNY: Non-positive dividend value 0 cents — rejecting
2026-10-10T16:01:02.931Z [WARN] [DividendValidator] [pid-97958] SNY: Non-positive dividend value 0 cents — rejecting
2026-10-10T16:01:02.931Z [WARN] [DividendValidator] [pid-97958] SNY: Non-positive dividend value 0 cents — rejecting
2026-10-10T16:01:02.931Z [WARN] [DividendValidator] [pid-97958] SNY: Non-positive dividend value 0 cents — rejecting
2026-10-10T16:01:02.931Z [WARN] [DividendValidator] [pid-97958] SNY: Non-positive dividend value 0 cents — rejecting
2026-10-10T16:01:02.931Z [WARN] [DividendValidator] [pid-97958] SNY: Non-finite dividend value null — rejecting
2026-10-10T16:01:02.931Z [WARN] [DividendValidator] [pid-97958] SNY: Non-finite dividend value null — rejecting
2026-10-10T16:01:02.931Z [WARN] [DividendValidator] [pid-97958] SNY: Non-positive dividend value 0 cents — rejecting
2026-10-10T16:01:02.931Z [WARN] [DividendValidator] [pid-97958] SNY: Non-positive dividend value 0 cents — rejecting
2026-10-10T16:01:02.932Z [WARN] [DividendValidator] [pid-97958] SLM: Non-positive dividend value 0 cents — rejecting
2026-10-10T16:01:02.932Z [WARN] [DividendValidator] [pid-97958] SLM: Non-positive dividend value 0 cents — rejecting
2026-10-10T16:01:02.932Z [WARN] [DividendValidator] [pid-97958] SLM: Non-positive dividend value 0 cents — rejecting
2026-10-10T16:01:02.932Z [WARN] [DividendValidator] [pid-97958] SLM: Non-positive dividend value 0 cents — rejecting
2026-10-10T16:01:02.932Z [WARN] [DividendValidator] [pid-97958] SLM: Non-positive dividend value 0 cents — rejecting
2026-10-10T16:01:02.932Z [WARN] [DividendValidator] [pid-97958] SLM: Non-finite dividend value null — rejecting
2026-10-10T16:01:02.932Z [WARN] [DividendValidator] [pid-97958] SLM: Non-finite dividend value null — rejecting
2026-10-10T16:01:02.932Z [WARN] [DividendValidator] [pid-97958] SLM: Non-positive dividend value 0 cents — rejecting
2026-10-10T16:01:02.932Z [WARN] [DividendValidator] [pid-97958] SLM: Non-positive dividend value 0 cents — rejecting
2026-10-10T16:01:02.932Z [WARN] [DividendValidator] [pid-97958] SLM: Non-positive dividend value 0 cents — rejecting
2026-10-10T16:01:02.932Z [WARN] [DividendValidator] [pid-97958] SLM: Non-positive dividend value 0 cents — rejecting
2026-10-10T16:01:02.932Z [WARN] [DividendValidator] [pid-97958] SLM: Non-positive dividend value 0 cents — rejecting
2026-10-10T16:01:02.932Z [WARN] [DividendValidator] [pid-97958] SLM: Non-finite dividend value null — rejecting
2026-10-10T16:01:02.932Z [WARN] [DividendValidator] [pid-97958] SLM: Non-finite dividend value null — rejecting
2026-10-10T16:01:02.932Z [WARN] [DividendValidator] [pid-97958] SLM: Non-positive dividend value 0 cents — rejecting
2026-10-10T16:01:02.932Z [WARN] [DividendValidator] [pid-97958] SLM: Non-positive dividend value 0 cents — rejecting
2026-10-10T16:01:02.932Z [WARN] [DividendValidator] [pid-97958] SLM: Non-positive dividend value 0 cents — rejecting
2026-10-10T16:01:02.932Z [WARN] [DividendValidator] [pid-97958] SLM: Non-positive dividend value 0 cents — rejecting
2026-10-10T16:01:02.932Z [WARN] [DividendValidator] [pid-97958] SLM: Non-positive dividend value 0 cents — rejecting
2026-10-10T16:01:02.932Z [WARN] [DividendValidator] [pid-97958] SLM: Non-finite dividend value null — rejecting
2026-10-10T16:01:02.932Z [WARN] [DividendValidator] [pid-97958] SLM: Non-finite dividend value null — rejecting
2026-10-10T16:01:02.932Z [WARN] [DividendValidator] [pid-97958] SLM: Non-positive dividend value 0 cents — rejecting
2026-10-10T16:01:02.932Z [WARN] [DividendValidator] [pid-97958] SLM: Non-positive dividend value 0 cents — rejecting
2026-10-10T16:01:02.932Z [WARN] [DividendValidator] [pid-97958] SLM: Non-positive dividend value 0 cents — rejecting
2026-10-10T16:01:02.932Z [WARN] [DividendValidator] [pid-97958] SLM: Non-positive dividend value 0 cents — rejecting
2026-10-10T16:01:02.932Z [WARN] [DividendValidator] [pid-97958] SLM: Non-positive dividend value 0 cents — rejecting
2026-10-10T16:01:02.932Z [WARN] [DividendValidator] [pid-97958] SLM: Non-finite dividend value null — rejecting
2026-10-10T16:01:02.932Z [WARN] [DividendValidator] [pid-97958] SLM: Non-finite dividend value null — rejecting
2026-10-10T16:01:02.932Z [WARN] [DividendValidator] [pid-97958] SLM: Non-positive dividend value 0 cents — rejecting
2026-10-10T16:01:02.932Z [WARN] [DividendValidator] [pid-97958] SLM: Non-positive dividend value 0 cents — rejecting
2026-10-10T16:01:02.932Z [WARN] [DividendValidator] [pid-97958] AVNW: Non-positive dividend value 0 cents — rejecting
2026-10-10T16:01:02.932Z [WARN] [DividendValidator] [pid-97958] AVNW: Non-positive dividend value 0 cents — rejecting
2026-10-10T16:01:02.932Z [WARN] [DividendValidator] [pid-97958] AVNW: Non-positive dividend value 0 cents — rejecting
2026-10-10T16:01:02.932Z [WARN] [DividendValidator] [pid-97958] AVNW: Non-positive dividend value 0 cents — rejecting
2026-10-10T16:01:02.932Z [WARN] [DividendValidator] [pid-97958] AVNW: Non-positive dividend value 0 cents — rejecting
2026-10-10T16:01:02.932Z [WARN] [DividendValidator] [pid-97958] AVNW: Non-finite dividend value null — rejecting
2026-10-10T16:01:02.932Z [WARN] [DividendValidator] [pid-97958] AVNW: Non-finite dividend value null — rejecting
2026-10-10T16:01:02.932Z [WARN] [DividendValidator] [pid-97958] AVNW: Non-positive dividend value 0 cents — rejecting
2026-10-10T16:01:02.932Z [WARN] [DividendValidator] [pid-97958] AVNW: Non-positive dividend value 0 cents — rejecting
2026-10-10T16:01:02.932Z [WARN] [DividendValidator] [pid-97958] AVNW: Non-positive dividend value 0 cents — rejecting
2026-10-10T16:01:02.932Z [WARN] [DividendValidator] [pid-97958] AVNW: Non-positive dividend value 0 cents — rejecting
2026-10-10T16:01:02.932Z [WARN] [DividendValidator] [pid-97958] AVNW: Non-positive dividend value 0 cents — rejecting
2026-10-10T16:01:02.932Z [WARN] [DividendValidator] [pid-97958] AVNW: Non-finite dividend value null — rejecting
2026-10-10T16:01:02.932Z [WARN] [DividendValidator] [pid-97958] AVNW: Non-finite dividend value null — rejecting
2026-10-10T16:01:02.932Z [WARN] [DividendValidator] [pid-97958] AVNW: Non-positive dividend value 0 cents — rejecting
2026-10-10T16:01:02.932Z [WARN] [DividendValidator] [pid-97958] AVNW: Non-positive dividend value 0 cents — rejecting
2026-10-10T16:01:02.932Z [WARN] [DividendValidator] [pid-97958] AVNW: Non-positive dividend value 0 cents — rejecting
2026-10-10T16:01:02.932Z [WARN] [DividendValidator] [pid-97958] AVNW: Non-positive dividend value 0 cents — rejecting
2026-10-10T16:01:02.932Z [WARN] [DividendValidator] [pid-97958] AVNW: Non-positive dividend value 0 cents — rejecting
2026-10-10T16:01:02.932Z [WARN] [DividendValidator] [pid-97958] AVNW: Non-finite dividend value null — rejecting
2026-10-10T16:01:02.932Z [WARN] [DividendValidator] [pid-97958] AVNW: Non-finite dividend value null — rejecting
2026-10-10T16:01:02.932Z [WARN] [DividendValidator] [pid-97958] AVNW: Non-positive dividend value 0 cents — rejecting
2026-10-10T16:01:02.932Z [WARN] [DividendValidator] [pid-97958] AVNW: Non-positive dividend value 0 cents — rejecting
2026-10-10T16:01:02.932Z [WARN] [DividendValidator] [pid-97958] AVNW: Non-positive dividend value 0 cents — rejecting
2026-10-10T16:01:02.932Z [WARN] [DividendValidator] [pid-97958] AVNW: Non-positive dividend value 0 cents — rejecting
2026-10-10T16:01:02.932Z [WARN] [DividendValidator] [pid-97958] AVNW: Non-positive dividend value 0 cents — rejecting
2026-10-10T16:01:02.932Z [WARN] [DividendValidator] [pid-97958] AVNW: Non-finite dividend value null — rejecting
2026-10-10T16:01:02.932Z [WARN] [DividendValidator] [pid-97958] AVNW: Non-finite dividend value null — rejecting
2026-10-10T16:01:02.932Z [WARN] [DividendValidator] [pid-97958] AVNW: Non-positive dividend value 0 cents — rejecting
2026-10-10T16:01:02.932Z [WARN] [DividendValidator] [pid-97958] AVNW: Non-positive dividend value 0 cents — rejecting
2026-10-10T16:01:02.932Z [WARN] [DividendValidator] [pid-97958] VISN: Non-positive dividend value 0 cents — rejecting
2026-10-10T16:01:02.932Z [WARN] [DividendValidator] [pid-97958] VISN: Non-positive dividend value 0 cents — rejecting
2026-10-10T16:01:02.932Z [WARN] [DividendValidator] [pid-97958] VISN: Non-positive dividend value 0 cents — rejecting
2026-10-10T16:01:02.932Z [WARN] [DividendValidator] [pid-97958] VISN: Non-positive dividend value 0 cents — rejecting
2026-10-10T16:01:02.932Z [WARN] [DividendValidator] [pid-97958] VISN: Non-positive dividend value 0 cents — rejecting
2026-10-10T16:01:02.932Z [WARN] [DividendValidator] [pid-97958] VISN: Non-finite dividend value null — rejecting
2026-10-10T16:01:02.932Z [WARN] [DividendValidator] [pid-97958] VISN: Non-finite dividend value null — rejecting
2026-10-10T16:01:02.932Z [WARN] [DividendValidator] [pid-97958] VISN: Non-positive dividend value 0 cents — rejecting
2026-10-10T16:01:02.932Z [WARN] [DividendValidator] [pid-97958] VISN: Non-positive dividend value 0 cents — rejecting
2026-10-10T16:01:02.932Z [WARN] [DividendValidator] [pid-97958] VISN: Non-positive dividend value 0 cents — rejecting
2026-10-10T16:01:02.932Z [WARN] [DividendValidator] [pid-97958] VISN: Non-positive dividend value 0 cents — rejecting
2026-10-10T16:01:02.932Z [WARN] [DividendValidator] [pid-97958] VISN: Non-positive dividend value 0 cents — rejecting
2026-10-10T16:01:02.932Z [WARN] [DividendValidator] [pid-97958] VISN: Non-finite dividend value null — rejecting
2026-10-10T16:01:02.932Z [WARN] [DividendValidator] [pid-97958] VISN: Non-finite dividend value null — rejecting
2026-10-10T16:01:02.932Z [WARN] [DividendValidator] [pid-97958] VISN: Non-positive dividend value 0 cents — rejecting
2026-10-10T16:01:02.932Z [WARN] [DividendValidator] [pid-97958] VISN: Non-positive dividend value 0 cents — rejecting
2026-10-10T16:01:02.932Z [WARN] [DividendValidator] [pid-97958] VISN: Non-positive dividend value 0 cents — rejecting
2026-10-10T16:01:02.932Z [WARN] [DividendValidator] [pid-97958] VISN: Non-positive dividend value 0 cents — rejecting
2026-10-10T16:01:02.932Z [WARN] [DividendValidator] [pid-97958] VISN: Non-positive dividend value 0 cents — rejecting
2026-10-10T16:01:02.932Z [WARN] [DividendValidator] [pid-97958] VISN: Non-finite dividend value null — rejecting
2026-10-10T16:01:02.932Z [WARN] [DividendValidator] [pid-97958] VISN: Non-finite dividend value null — rejecting
2026-10-10T16:01:02.932Z [WARN] [DividendValidator] [pid-97958] VISN: Non-positive dividend value 0 cents — rejecting
2026-10-10T16:01:02.932Z [WARN] [DividendValidator] [pid-97958] VISN: Non-positive dividend value 0 cents — rejecting
2026-10-10T16:01:02.932Z [WARN] [DividendValidator] [pid-97958] VISN: Non-positive dividend value 0 cents — rejecting
2026-10-10T16:01:02.932Z [WARN] [DividendValidator] [pid-97958] VISN: Non-positive dividend value 0 cents — rejecting
2026-10-10T16:01:02.932Z [WARN] [DividendValidator] [pid-97958] VISN: Non-positive dividend value 0 cents — rejecting
2026-10-10T16:01:02.932Z [WARN] [DividendValidator] [pid-97958] VISN: Non-finite dividend value null — rejecting
2026-10-10T16:01:02.932Z [WARN] [DividendValidator] [pid-97958] VISN: Non-finite dividend value null — rejecting
2026-10-10T16:01:02.932Z [WARN] [DividendValidator] [pid-97958] VISN: Non-positive dividend value 0 cents — rejecting
2026-10-10T16:01:02.932Z [WARN] [DividendValidator] [pid-97958] VISN: Non-positive dividend value 0 cents — rejecting
2026-10-10T16:01:02.932Z [WARN] [DividendValidator] [pid-97958] CENTA: Non-positive dividend value 0 cents — rejecting
2026-10-10T16:01:02.932Z [WARN] [DividendValidator] [pid-97958] CENTA: Non-positive dividend value 0 cents — rejecting
2026-10-10T16:01:02.932Z [WARN] [DividendValidator] [pid-97958] CENTA: Non-positive dividend value 0 cents — rejecting
2026-10-10T16:01:02.932Z [WARN] [DividendValidator] [pid-97958] CENTA: Non-positive dividend value 0 cents — rejecting
2026-10-10T16:01:02.932Z [WARN] [DividendValidator] [pid-97958] CENTA: Non-positive dividend value 0 cents — rejecting
2026-10-10T16:01:02.932Z [WARN] [DividendValidator] [pid-97958] CENTA: Non-finite dividend value null — rejecting
2026-10-10T16:01:02.932Z [WARN] [DividendValidator] [pid-97958] CENTA: Non-finite dividend value null — rejecting
2026-10-10T16:01:02.932Z [WARN] [DividendValidator] [pid-97958] CENTA: Non-positive dividend value 0 cents — rejecting
2026-10-10T16:01:02.932Z [WARN] [DividendValidator] [pid-97958] CENTA: Non-positive dividend value 0 cents — rejecting
2026-10-10T16:01:02.932Z [WARN] [DividendValidator] [pid-97958] CENTA: Non-positive dividend value 0 cents — rejecting
2026-10-10T16:01:02.932Z [WARN] [DividendValidator] [pid-97958] CENTA: Non-positive dividend value 0 cents — rejecting
2026-10-10T16:01:02.932Z [WARN] [DividendValidator] [pid-97958] CENTA: Non-positive dividend value 0 cents — rejecting
2026-10-10T16:01:02.932Z [WARN] [DividendValidator] [pid-97958] CENTA: Non-finite dividend value null — rejecting
2026-10-10T16:01:02.932Z [WARN] [DividendValidator] [pid-97958] CENTA: Non-finite dividend value null — rejecting
2026-10-10T16:01:02.932Z [WARN] [DividendValidator] [pid-97958] CENTA: Non-positive dividend value 0 cents — rejecting
2026-10-10T16:01:02.932Z [WARN] [DividendValidator] [pid-97958] CENTA: Non-positive dividend value 0 cents — rejecting
2026-10-10T16:01:02.932Z [WARN] [DividendValidator] [pid-97958] CENTA: Non-positive dividend value 0 cents — rejecting
2026-10-10T16:01:02.932Z [WARN] [DividendValidator] [pid-97958] CENTA: Non-positive dividend value 0 cents — rejecting
2026-10-10T16:01:02.932Z [WARN] [DividendValidator] [pid-97958] CENTA: Non-positive dividend value 0 cents — rejecting
2026-10-10T16:01:02.932Z [WARN] [DividendValidator] [pid-97958] CENTA: Non-finite dividend value null — rejecting
2026-10-10T16:01:02.932Z [WARN] [DividendValidator] [pid-97958] CENTA: Non-finite dividend value null — rejecting
2026-10-10T16:01:02.932Z [WARN] [DividendValidator] [pid-97958] CENTA: Non-positive dividend value 0 cents — rejecting
2026-10-10T16:01:02.932Z [WARN] [DividendValidator] [pid-97958] CENTA: Non-positive dividend value 0 cents — rejecting
2026-10-10T16:01:02.932Z [WARN] [DividendValidator] [pid-97958] CENTA: Non-positive dividend value 0 cents — rejecting
2026-10-10T16:01:02.933Z [WARN] [DividendValidator] [pid-97958] CENTA: Non-positive dividend value 0 cents — rejecting
2026-10-10T16:01:02.933Z [WARN] [DividendValidator] [pid-97958] CENTA: Non-positive dividend value 0 cents — rejecting
2026-10-10T16:01:02.933Z [WARN] [DividendValidator] [pid-97958] CENTA: Non-finite dividend value null — rejecting
2026-10-10T16:01:02.933Z [WARN] [DividendValidator] [pid-97958] CENTA: Non-finite dividend value null — rejecting
2026-10-10T16:01:02.933Z [WARN] [DividendValidator] [pid-97958] CENTA: Non-positive dividend value 0 cents — rejecting
2026-10-10T16:01:02.933Z [WARN] [DividendValidator] [pid-97958] CENTA: Non-positive dividend value 0 cents — rejecting
2026-10-10T16:01:02.933Z [WARN] [DividendValidator] [pid-97958] SHOE: Non-positive dividend value 0 cents — rejecting
2026-10-10T16:01:02.933Z [WARN] [DividendValidator] [pid-97958] SHOE: Non-positive dividend value 0 cents — rejecting
2026-10-10T16:01:02.933Z [WARN] [DividendValidator] [pid-97958] SHOE: Non-positive dividend value 0 cents — rejecting
2026-10-10T16:01:02.933Z [WARN] [Portfolio] [pid-97958] Duplicate dividend skipped for SHOE on 2026-10-06
2026-10-10T16:01:02.933Z [WARN] [DividendValidator] [pid-97958] SHOE: Non-positive dividend value 0 cents — rejecting
2026-10-10T16:01:02.933Z [WARN] [DividendValidator] [pid-97958] SHOE: Non-finite dividend value null — rejecting
2026-10-10T16:01:02.933Z [WARN] [DividendValidator] [pid-97958] SHOE: Non-finite dividend value null — rejecting
2026-10-10T16:01:02.933Z [WARN] [DividendValidator] [pid-97958] SHOE: Non-positive dividend value 0 cents — rejecting
2026-10-10T16:01:02.933Z [WARN] [DividendValidator] [pid-97958] SHOE: Non-positive dividend value 0 cents — rejecting
2026-10-10T16:01:02.933Z [WARN] [DividendValidator] [pid-97958] SHOE: Non-positive dividend value 0 cents — rejecting
2026-10-10T16:01:02.933Z [WARN] [DividendValidator] [pid-97958] SHOE: Non-positive dividend value 0 cents — rejecting
2026-10-10T16:01:02.933Z [WARN] [DividendValidator] [pid-97958] SHOE: Non-positive dividend value 0 cents — rejecting
2026-10-10T16:01:02.933Z [WARN] [DividendValidator] [pid-97958] SHOE: Non-finite dividend value null — rejecting
2026-10-10T16:01:02.933Z [WARN] [DividendValidator] [pid-97958] SHOE: Non-finite dividend value null — rejecting
2026-10-10T16:01:02.933Z [WARN] [DividendValidator] [pid-97958] SHOE: Non-positive dividend value 0 cents — rejecting
2026-10-10T16:01:02.933Z [WARN] [DividendValidator] [pid-97958] SHOE: Non-positive dividend value 0 cents — rejecting
2026-10-10T16:01:02.933Z [WARN] [DividendValidator] [pid-97958] SHOE: Non-positive dividend value 0 cents — rejecting
2026-10-10T16:01:02.933Z [WARN] [DividendValidator] [pid-97958] SHOE: Non-positive dividend value 0 cents — rejecting
2026-10-10T16:01:02.933Z [WARN] [DividendValidator] [pid-97958] SHOE: Non-positive dividend value 0 cents — rejecting
2026-10-10T16:01:02.933Z [WARN] [DividendValidator] [pid-97958] SHOE: Non-finite dividend value null — rejecting
2026-10-10T16:01:02.933Z [WARN] [DividendValidator] [pid-97958] SHOE: Non-finite dividend value null — rejecting
2026-10-10T16:01:02.933Z [WARN] [DividendValidator] [pid-97958] SHOE: Non-positive dividend value 0 cents — rejecting
2026-10-10T16:01:02.933Z [WARN] [DividendValidator] [pid-97958] SHOE: Non-positive dividend value 0 cents — rejecting
2026-10-10T16:01:02.933Z [WARN] [DividendValidator] [pid-97958] SHOE: Non-positive dividend value 0 cents — rejecting
2026-10-10T16:01:02.933Z [WARN] [DividendValidator] [pid-97958] SHOE: Non-positive dividend value 0 cents — rejecting
2026-10-10T16:01:02.933Z [WARN] [DividendValidator] [pid-97958] SHOE: Non-positive dividend value 0 cents — rejecting
2026-10-10T16:01:02.933Z [WARN] [DividendValidator] [pid-97958] SHOE: Non-finite dividend value null — rejecting
2026-10-10T16:01:02.933Z [WARN] [DividendValidator] [pid-97958] SHOE: Non-finite dividend value null — rejecting
2026-10-10T16:01:02.933Z [WARN] [DividendValidator] [pid-97958] SHOE: Non-positive dividend value 0 cents — rejecting
2026-10-10T16:01:02.933Z [WARN] [DividendValidator] [pid-97958] SHOE: Non-positive dividend value 0 cents — rejecting
2026-10-10T16:01:02.934Z [WARN] [Buyer] [pid-97958] DD Can't BUY as would result in over max Concentration 0.03
2026-10-10T16:01:02.934Z [WARN] [Buyer] [pid-97958] DD Can't BUY $3.00 worth as it would result in under min buy of $800.00
2026-10-10T16:01:02.934Z [INFO] [Buyer] [pid-97958] HTO Recommend: 0.530, buy: 170@ $58.86 { cost: $10,006.20}
2026-10-10T16:01:02.934Z [INFO] [Buyer] [pid-97958] NNE Recommend: 0.499, buy: 489@ $15.46 { cost: $7,559.94}
2026-10-10T16:01:02.934Z [INFO] [LimitOrderCreator] [pid-97958] Total Value is $338,192
2026-10-10T16:01:02.935Z [INFO] [LimitOrderCreator] [pid-97958] Skipping profit-taking for SHOE: position is at a loss (unrealizedGainCents=-352846)
2026-10-10T16:01:02.937Z [INFO] [LimitOrderCreator] [pid-97958] Skipping profit-taking for VISN: position is at a loss (unrealizedGainCents=-1059580)
2026-10-10T16:01:02.937Z [INFO] [LimitOrderCreator] [pid-97958] Skipping profit-taking for SLM: position is at a loss (unrealizedGainCents=-43202)
2026-10-10T16:01:02.937Z [INFO] [LimitOrderCreator] [pid-97958] Skipping profit-taking for SNY: position is at a loss (unrealizedGainCents=-107661)
2026-10-10T16:01:02.937Z [INFO] [LimitOrderCreator] [pid-97958] Skipping profit-taking for T: position is at a loss (unrealizedGainCents=-35812)
2026-10-10T16:01:02.938Z [INFO] [LimitOrderCreator] [pid-97958] Skipping profit-taking for AD: position is at a loss (unrealizedGainCents=-156590)
2026-10-10T16:01:02.938Z [INFO] [LimitOrderCreator] [pid-97958] Skipping profit-taking for STRS: position is at a loss (unrealizedGainCents=-393276)
2026-10-10T16:01:02.938Z [INFO] [LimitOrderCreator] [pid-97958] Skipping profit-taking for AIV: position is at a loss (unrealizedGainCents=-969818)
2026-10-10T16:01:02.938Z [INFO] [LimitOrderCreator] [pid-97958] Skipping profit-taking for GNTX: position is at a loss (unrealizedGainCents=-128682)
2026-10-10T16:01:02.938Z [INFO] [LimitOrderCreator] [pid-97958] Skipping profit-taking for MFA: position is at a loss (unrealizedGainCents=-382109)
2026-10-10T16:01:02.938Z [INFO] [LimitOrderCreator] [pid-97958] Skipping profit-taking for DD: position is at a loss (unrealizedGainCents=-142854)
2026-10-10T16:01:02.938Z [INFO] [LimitOrderCreator] [pid-97958] Skipping profit-taking for NLOP: position is at a loss (unrealizedGainCents=-251532)
2026-10-10T16:01:02.938Z [INFO] [LimitOrderCreator] [pid-97958] Skipping profit-taking for QFIN: position is at a loss (unrealizedGainCents=-582842)
2026-10-10T16:01:02.938Z [INFO] [LimitOrderCreator] [pid-97958] Skipping profit-taking for FNF: position is at a loss (unrealizedGainCents=-173468)
2026-10-10T16:01:02.938Z [INFO] [LimitOrderCreator] [pid-97958] Skipping profit-taking for AMSF: position is at a loss (unrealizedGainCents=-34014)
2026-10-10T16:01:02.938Z [INFO] [LimitOrderCreator] [pid-97958] Skipping profit-taking for SQM: position is at a loss (unrealizedGainCents=-123978)
2026-10-10T16:01:02.938Z [INFO] [LimitOrderCreator] [pid-97958] Skipping profit-taking for ETOR: position is at a loss (unrealizedGainCents=-196475)
2026-10-10T16:01:02.938Z [INFO] [LimitOrderCreator] [pid-97958] Skipping profit-taking for HTO: position is at a loss (unrealizedGainCents=-1)
2026-10-10T16:01:02.939Z [INFO] [LimitOrderCreator] [pid-97958] Skipping profit-taking for NNE: position is at a loss (unrealizedGainCents=-1)
2026-10-10T16:01:02.959Z [INFO] [ScoreApp] [pid-97958] Completed trade
2026-10-10T16:01:04.268Z [INFO] [ScoreApp] [pid-97958] Scored 3883 symbols: 3883 cache hits, 0 cache misses, 0 overrides, 0 archived predictions
2026-10-10T16:01:04.335Z [INFO] [ScoreApp] [pid-97958] DD GTC: delete
2026-10-10T16:01:04.600Z [INFO] [ScoreApp] [pid-97958] HTO Buy 170 at $58.86 ~= $10,006
2026-10-10T16:01:04.729Z [INFO] [ScoreApp] [pid-97958] NNE Buy 489 at $15.46 ~= $7,560
2026-10-10T16:01:04.732Z [INFO] [ScoreApp] [pid-97958] NLOP GTC: delete
2026-10-10T16:01:04.748Z [INFO] [ScoreApp] [pid-97958] ARLP Withholding Tax: 10%
2026-10-10T16:01:04.751Z [INFO] [ScoreApp] [pid-97958] BMA ADR
2026-10-10T16:01:04.962Z [INFO] [ScoreApp] [pid-97958] INFY ADR
2026-10-10T16:01:04.969Z [INFO] [ScoreApp] [pid-97958] BBAR ADR
2026-10-10T16:01:05.039Z [INFO] [ScoreApp] [pid-97958] BCH ADR
2026-10-10T16:01:05.073Z [INFO] [ScoreApp] [pid-97958] ETOR GTC: $52.93
2026-10-10T16:01:05.197Z [INFO] [ScoreApp] [pid-97958] LEGN ADR
2026-10-10T16:01:05.323Z [INFO] [ScoreApp] [pid-97958] PSNY ADR
2026-10-10T16:01:05.335Z [INFO] [ScoreApp] [pid-97958] TEO ADR
2026-10-10T16:01:05.345Z [INFO] [ScoreApp] [pid-97958] CDLR ADR
2026-10-10T16:01:05.354Z [INFO] [ScoreApp] [pid-97958] FMX ADR
2026-10-10T16:01:05.469Z [INFO] [ScoreApp] [pid-97958] NVO ADR
2026-10-10T16:01:05.554Z [INFO] [ScoreApp] [pid-97958] CIB ADR
2026-10-10T16:01:05.596Z [INFO] [ScoreApp] [pid-97958] DDI ADR
2026-10-10T16:01:05.767Z [INFO] [ScoreApp] [pid-97958] SQM ADR
2026-10-10T16:01:05.774Z [INFO] [ScoreApp] [pid-97958] IPX ADR
2026-10-10T16:01:05.799Z [INFO] [ScoreApp] [pid-97958] NGL Withholding Tax: 10%
2026-10-10T16:01:05.804Z [INFO] [ScoreApp] [pid-97958] KT ADR
2026-10-10T16:01:05.819Z [INFO] [ScoreApp] [pid-97958] BSM Withholding Tax: 10%
2026-10-10T16:01:05.888Z [INFO] [ScoreApp] [pid-97958] RDY ADR
2026-10-10T16:01:06.006Z [INFO] [ScoreApp] [pid-97958] WF ADR
2026-10-10T16:01:06.086Z [INFO] [ScoreApp] [pid-97958] ASR ADR
2026-10-10T16:01:06.123Z [INFO] [ScoreApp] [pid-97958] DBVT ADR
2026-10-10T16:01:06.144Z [INFO] [ScoreApp] [pid-97958] MTLS ADR
2026-10-10T16:01:06.196Z [INFO] [ScoreApp] [pid-97958] ENIC ADR
2026-10-10T16:01:06.225Z [INFO] [ScoreApp] [pid-97958] SNY ADR
2026-10-10T16:01:06.345Z [INFO] [ScoreApp] [pid-97958] ET Withholding Tax: 10%
2026-10-10T16:01:06.416Z [INFO] [ScoreApp] [pid-97958] NWG ADR
2026-10-10T16:01:06.435Z [INFO] [ScoreApp] [pid-97958] SHOE GTC: $19.70
2026-10-10T16:01:06.477Z [INFO] [ScoreApp] [pid-97958] OPRA ADR
2026-10-10T16:01:06.542Z [INFO] [ScoreApp] [pid-97958] YPF ADR
2026-10-10T16:01:06.592Z [INFO] [ScoreApp] [pid-97958] CMPS ADR
2026-10-10T16:01:06.610Z [INFO] [ScoreApp] [pid-97958] OMAB ADR
2026-10-10T16:01:06.749Z [INFO] [ScoreApp] [pid-97958] CRESY ADR
2026-10-10T16:01:06.776Z [INFO] [ScoreApp] [pid-97958] CRTO ADR
2026-10-10T16:01:06.789Z [INFO] [ScoreApp] [pid-97958] MOMO ADR
2026-10-10T16:01:06.810Z [INFO] [ScoreApp] [pid-97958] NBTX ADR
2026-10-10T16:01:06.963Z [INFO] [ScoreApp] [pid-97958] SBS ADR
2026-10-10T16:01:07.059Z [INFO] [ScoreApp] [pid-97958] SPH Withholding Tax: 10%
2026-10-10T16:01:07.063Z [INFO] [ScoreApp] [pid-97958] E ADR
2026-10-10T16:01:07.153Z [INFO] [ScoreApp] [pid-97958] CIG ADR
2026-10-10T16:01:07.169Z [INFO] [ScoreApp] [pid-97958] PAA Withholding Tax: 10%
2026-10-10T16:01:07.234Z [INFO] [ScoreApp] [pid-97958] DQ ADR
2026-10-10T16:01:07.250Z [INFO] [ScoreApp] [pid-97958] TS ADR
2026-10-10T16:01:07.271Z [INFO] [ScoreApp] [pid-97958] SE ADR
2026-10-10T16:01:07.293Z [INFO] [ScoreApp] [pid-97958] RLX ADR
2026-10-10T16:01:07.326Z [INFO] [ScoreApp] [pid-97958] OTLY ADR
2026-10-10T16:01:07.342Z [INFO] [ScoreApp] [pid-97958] BSAC ADR
2026-10-10T16:01:07.352Z [INFO] [ScoreApp] [pid-97958] GRFS ADR
2026-10-10T16:01:07.391Z [INFO] [ScoreApp] [pid-97958] IVA ADR
2026-10-10T16:01:07.435Z [INFO] [ScoreApp] [pid-97958] MESO ADR
2026-10-10T16:01:07.444Z [INFO] [ScoreApp] [pid-97958] AB Withholding Tax: 10%
2026-10-10T16:01:07.475Z [INFO] [ScoreApp] [pid-97958] HSBC ADR
2026-10-10T16:01:07.504Z [INFO] [ScoreApp] [pid-97958] EQNR ADR
2026-10-10T16:01:07.527Z [INFO] [ScoreApp] [pid-97958] ASND ADR
2026-10-10T16:01:07.562Z [INFO] [ScoreApp] [pid-97958] QFIN ADR
2026-10-10T16:01:07.575Z [INFO] [ScoreApp] [pid-97958] ERIC ADR
2026-10-10T16:01:07.593Z [INFO] [ScoreApp] [pid-97958] MT ADR
2026-10-10T16:01:07.611Z [INFO] [ScoreApp] [pid-97958] BP ADR
2026-10-10T16:01:07.628Z [INFO] [ScoreApp] [pid-97958] FMS ADR
2026-10-10T16:01:07.641Z [INFO] [ScoreApp] [pid-97958] ARGX ADR
2026-10-10T16:01:07.645Z [INFO] [ScoreApp] [pid-97958] FINV ADR
2026-10-10T16:01:07.683Z [INFO] [ScoreApp] [pid-97958] BWAY ADR
2026-10-10T16:01:07.699Z [INFO] [ScoreApp] [pid-97958] NICE ADR
2026-10-10T16:01:07.709Z [INFO] [ScoreApp] [pid-97958] DKL Withholding Tax: 10%
2026-10-10T16:01:07.773Z [INFO] [ScoreApp] [pid-97958] AUTL ADR
2026-10-10T16:01:07.783Z [INFO] [ScoreApp] [pid-97958] MLCO ADR
2026-10-10T16:01:07.846Z [INFO] [ScoreApp] [pid-97958] GGAL ADR
2026-10-10T16:01:08.004Z [INFO] [ScoreApp] [pid-97958] XPEV ADR
2026-10-10T16:01:08.035Z [INFO] [ScoreApp] [pid-97958] TTE ADR
2026-10-10T16:01:08.087Z [INFO] [ScoreApp] [pid-97958] IEP Withholding Tax: 10%
2026-10-10T16:01:08.121Z [INFO] [ScoreApp] [pid-97958] GSK ADR
2026-10-10T16:01:08.125Z [INFO] [ScoreApp] [pid-97958] TCOM ADR
2026-10-10T16:01:08.125Z [INFO] [ScoreApp] [pid-97958] LI ADR
2026-10-10T16:01:08.129Z [INFO] [ScoreApp] [pid-97958] ASML ADR
2026-10-10T16:01:08.259Z [INFO] [ScoreApp] [pid-97958] GPCR ADR
2026-10-10T16:01:08.272Z [INFO] [ScoreApp] [pid-97958] VALE ADR
2026-10-10T16:01:08.307Z [INFO] [ScoreApp] [pid-97958] AMRN ADR
2026-10-10T16:01:08.311Z [INFO] [ScoreApp] [pid-97958] NCNA ADR
2026-10-10T16:01:08.318Z [INFO] [ScoreApp] [pid-97958] ASX ADR
2026-10-10T16:01:08.331Z [INFO] [ScoreApp] [pid-97958] TX ADR
2026-10-10T16:01:08.347Z [INFO] [ScoreApp] [pid-97958] DMLP Withholding Tax: 10%
2026-10-10T16:01:08.351Z [INFO] [ScoreApp] [pid-97958] GDS ADR
2026-10-10T16:01:08.394Z [INFO] [ScoreApp] [pid-97958] RYAAY ADR
2026-10-10T16:01:08.401Z [INFO] [ScoreApp] [pid-97958] BUD ADR
2026-10-10T16:01:08.402Z [INFO] [ScoreApp] [pid-97958] NIO ADR
2026-10-10T16:01:08.405Z [INFO] [ScoreApp] [pid-97958] CQP Withholding Tax: 10%
2026-10-10T16:01:08.436Z [INFO] [ScoreApp] [pid-97958] BZ ADR
2026-10-10T16:01:08.438Z [INFO] [ScoreApp] [pid-97958] MFG ADR
2026-10-10T16:01:08.492Z [INFO] [ScoreApp] [pid-97958] BLTE ADR
2026-10-10T16:01:08.495Z [INFO] [ScoreApp] [pid-97958] STM ADR
2026-10-10T16:01:08.528Z [INFO] [ScoreApp] [pid-97958] USAC Withholding Tax: 10%
2026-10-10T16:01:08.543Z [INFO] [ScoreApp] [pid-97958] IMCR ADR
2026-10-10T16:01:08.567Z [INFO] [ScoreApp] [pid-97958] PKX ADR
2026-10-10T16:01:08.664Z [INFO] [ScoreApp] [pid-97958] BBVA ADR
2026-10-10T16:01:08.667Z [INFO] [ScoreApp] [pid-97958] PDD ADR
2026-10-10T16:01:08.715Z [INFO] [ScoreApp] [pid-97958] ZTO ADR
2026-10-10T16:01:08.734Z [INFO] [ScoreApp] [pid-97958] KEP ADR
2026-10-10T16:01:08.741Z [INFO] [ScoreApp] [pid-97958] ZH ADR
2026-10-10T16:01:08.758Z [INFO] [ScoreApp] [pid-97958] SHG ADR
2026-10-10T16:01:08.775Z [INFO] [ScoreApp] [pid-97958] EDN ADR
2026-10-10T16:01:08.829Z [INFO] [ScoreApp] [pid-97958] IBN ADR
2026-10-10T16:01:08.878Z [INFO] [ScoreApp] [pid-97958] VLRS ADR
2026-10-10T16:01:08.942Z [INFO] [ScoreApp] [pid-97958] GLP Withholding Tax: 10%
2026-10-10T16:01:08.949Z [INFO] [ScoreApp] [pid-97958] BIDU ADR
2026-10-10T16:01:08.957Z [INFO] [ScoreApp] [pid-97958] RERE ADR
2026-10-10T16:01:08.977Z [INFO] [ScoreApp] [pid-97958] GRVY ADR
2026-10-10T16:01:09.012Z [INFO] [ScoreApp] [pid-97958] SUZ ADR
2026-10-10T16:01:09.015Z [INFO] [ScoreApp] [pid-97958] EPD Withholding Tax: 10%
2026-10-10T16:01:09.023Z [INFO] [ScoreApp] [pid-97958] NOK ADR
2026-10-10T16:01:09.041Z [INFO] [ScoreApp] [pid-97958] MPLX Withholding Tax: 10%
2026-10-10T16:01:09.073Z [INFO] [ScoreApp] [pid-97958] LTM ADR
2026-10-10T16:01:09.081Z [INFO] [ScoreApp] [pid-97958] JHX ADR
2026-10-10T16:01:09.118Z [INFO] [ScoreApp] [pid-97958] NRP Withholding Tax: 10%
2026-10-10T16:01:09.158Z [INFO] [ScoreApp] [pid-97958] IQ ADR
2026-10-10T16:01:09.159Z [INFO] [ScoreApp] [pid-97958] VIST ADR
2026-10-10T16:01:09.177Z [INFO] [ScoreApp] [pid-97958] BSBR ADR
2026-10-10T16:01:09.209Z [INFO] [ScoreApp] [pid-97958] GEL Withholding Tax: 10%
2026-10-10T16:01:09.316Z [INFO] [ScoreApp] [pid-97958] YALA ADR
2026-10-10T16:01:09.318Z [INFO] [ScoreApp] [pid-97958] TXO Withholding Tax: 10%
2026-10-10T16:01:09.338Z [INFO] [ScoreApp] [pid-97958] AZN ADR
2026-10-10T16:01:09.342Z [INFO] [ScoreApp] [pid-97958] EC ADR
2026-10-10T16:01:09.360Z [INFO] [ScoreApp] [pid-97958] ARM ADR
2026-10-10T16:01:09.370Z [INFO] [ScoreApp] [pid-97958] HSAI ADR
2026-10-10T16:01:09.400Z [INFO] [ScoreApp] [pid-97958] NVS ADR
2026-10-10T16:01:09.401Z [INFO] [ScoreApp] [pid-97958] VTMX ADR
2026-10-10T16:01:09.422Z [INFO] [ScoreApp] [pid-97958] TKC ADR
2026-10-10T16:01:09.437Z [INFO] [ScoreApp] [pid-97958] WB ADR
2026-10-10T16:01:09.507Z [INFO] [ScoreApp] [pid-97958] BILI ADR
2026-10-10T16:01:09.532Z [INFO] [ScoreApp] [pid-97958] VNET ADR
2026-10-10T16:01:09.533Z [INFO] [ScoreApp] [pid-97958] PAC ADR
2026-10-10T16:01:09.581Z [INFO] [ScoreApp] [pid-97958] PONY ADR
2026-10-10T16:01:09.595Z [INFO] [ScoreApp] [pid-97958] UMC ADR
2026-10-10T16:01:09.596Z [INFO] [ScoreApp] [pid-97958] BEKE ADR
2026-10-10T16:01:09.628Z [INFO] [ScoreApp] [pid-97958] BZUN ADR
2026-10-10T16:01:09.629Z [INFO] [ScoreApp] [pid-97958] TGS ADR
2026-10-10T16:01:09.678Z [INFO] [ScoreApp] [pid-97958] IRS ADR
2026-10-10T16:01:09.693Z [INFO] [ScoreApp] [pid-97958] GOTU ADR
2026-10-10T16:01:09.694Z [INFO] [ScoreApp] [pid-97958] ELPC ADR
2026-10-10T16:01:09.712Z [INFO] [ScoreApp] [pid-97958] VEON ADR
2026-10-10T16:01:09.734Z [INFO] [ScoreApp] [pid-97958] YMM ADR
2026-10-10T16:01:09.744Z [INFO] [ScoreApp] [pid-97958] EH ADR
2026-10-10T16:01:09.745Z [INFO] [ScoreApp] [pid-97958] UAN Withholding Tax: 10%
2026-10-10T16:01:09.771Z [INFO] [ScoreApp] [pid-97958] HMC ADR
2026-10-10T16:01:09.854Z [INFO] [ScoreApp] [pid-97958] CNTB ADR
2026-10-10T16:01:09.896Z [INFO] [ScoreApp] [pid-97958] WDS ADR
2026-10-10T16:01:09.927Z [INFO] [ScoreApp] [pid-97958] TLK ADR
2026-10-10T16:01:09.976Z [INFO] [ScoreApp] [pid-97958] GMAB ADR
2026-10-10T16:01:09.982Z [INFO] [ScoreApp] [pid-97958] CX ADR
2026-10-10T16:01:09.988Z [INFO] [ScoreApp] [pid-97958] CHT ADR
2026-10-10T16:01:09.998Z [INFO] [ScoreApp] [pid-97958] JD ADR
2026-10-10T16:01:10.009Z [INFO] [ScoreApp] [pid-97958] ATHM ADR
2026-10-10T16:01:10.038Z [INFO] [ScoreApp] [pid-97958] ATAT ADR
2026-10-10T16:01:10.081Z [INFO] [ScoreApp] [pid-97958] KOF ADR
2026-10-10T16:01:10.098Z [INFO] [ScoreApp] [pid-97958] IX ADR
2026-10-10T16:01:10.115Z [INFO] [ScoreApp] [pid-97958] NTES ADR
2026-10-10T16:01:10.123Z [INFO] [ScoreApp] [pid-97958] BNTX ADR
2026-10-10T16:01:10.138Z [INFO] [ScoreApp] [pid-97958] SID ADR
2026-10-10T16:01:10.149Z [INFO] [ScoreApp] [pid-97958] GGB ADR
2026-10-10T16:01:10.182Z [INFO] [ScoreApp] [pid-97958] ING ADR
2026-10-10T16:01:10.191Z [INFO] [ScoreApp] [pid-97958] BABA ADR
2026-10-10T16:01:10.199Z [INFO] [ScoreApp] [pid-97958] SMFG ADR
2026-10-10T16:01:10.239Z [INFO] [ScoreApp] [pid-97958] PBR ADR
2026-10-10T16:01:10.265Z [INFO] [ScoreApp] [pid-97958] WES Withholding Tax: 10%
2026-10-10T16:01:10.269Z [INFO] [ScoreApp] [pid-97958] ABEV ADR
2026-10-10T16:01:10.278Z [INFO] [ScoreApp] [pid-97958] NNDM ADR
2026-10-10T16:01:10.287Z [INFO] [ScoreApp] [pid-97958] SAP ADR
2026-10-10T16:01:10.330Z [INFO] [ScoreApp] [pid-97958] WIT ADR
2026-10-10T16:01:10.388Z [INFO] [ScoreApp] [pid-97958] TM ADR
2026-10-10T16:01:10.397Z [INFO] [ScoreApp] [pid-97958] ONC ADR
2026-10-10T16:01:10.411Z [INFO] [ScoreApp] [pid-97958] BCYC ADR
2026-10-10T16:01:10.417Z [INFO] [ScoreApp] [pid-97958] KC ADR
2026-10-10T16:01:10.423Z [INFO] [ScoreApp] [pid-97958] CCU ADR
2026-10-10T16:01:10.452Z [INFO] [ScoreApp] [pid-97958] MUFG ADR
2026-10-10T16:01:10.485Z [INFO] [ScoreApp] [pid-97958] T GTC: $38.12
2026-10-10T16:01:10.512Z [INFO] [ScoreApp] [pid-97958] SHEL ADR
2026-10-10T16:01:10.521Z [INFO] [ScoreApp] [pid-97958] SSL ADR
2026-10-10T16:01:10.531Z [INFO] [ScoreApp] [pid-97958] EDU ADR
2026-10-10T16:01:10.533Z [INFO] [ScoreApp] [pid-97958] NEXN ADR
2026-10-10T16:01:10.536Z [INFO] [ScoreApp] [pid-97958] AMX ADR
2026-10-10T16:01:10.545Z [INFO] [ScoreApp] [pid-97958] CAN ADR
2026-10-10T16:01:10.559Z [INFO] [ScoreApp] [pid-97958] TSM ADR
2026-10-10T16:01:10.572Z [INFO] [ScoreApp] [pid-97958] LPL ADR
2026-10-10T16:01:10.579Z [INFO] [ScoreApp] [pid-97958] BCS ADR
2026-10-10T16:01:10.580Z [INFO] [ScoreApp] [pid-97958] TIGR ADR
2026-10-10T16:01:10.590Z [INFO] [ScoreApp] [pid-97958] BAK ADR
2026-10-10T16:01:10.600Z [INFO] [ScoreApp] [pid-97958] TIMB ADR
2026-10-10T16:01:10.621Z [INFO] [ScoreApp] [pid-97958] UBS ADR
2026-10-10T16:01:10.623Z [INFO] [ScoreApp] [pid-97958] ADAG ADR
2026-10-10T16:01:10.629Z [INFO] [ScoreApp] [pid-97958] SIMO ADR
2026-10-10T16:01:10.642Z [INFO] [ScoreApp] [pid-97958] TRVG ADR
2026-10-10T16:01:10.646Z [INFO] [ScoreApp] [pid-97958] VIPS ADR
2026-10-10T16:01:10.658Z [INFO] [ScoreApp] [pid-97958] HUYA ADR
2026-10-10T16:01:10.660Z [INFO] [ScoreApp] [pid-97958] XNET ADR
2026-10-10T16:01:10.661Z [INFO] [ScoreApp] [pid-97958] NOAH ADR
2026-10-10T16:01:10.671Z [INFO] [ScoreApp] [pid-97958] KB ADR
2026-10-10T16:01:10.709Z [INFO] [ScoreApp] [pid-97958] ZLAB ADR
2026-10-10T16:01:10.715Z [INFO] [ScoreApp] [pid-97958] MNR Withholding Tax: 10%
2026-10-10T16:01:10.721Z [INFO] [ScoreApp] [pid-97958] LOMA ADR
2026-10-10T16:01:10.725Z [INFO] [ScoreApp] [pid-97958] LX ADR
2026-10-10T16:01:10.730Z [INFO] [ScoreApp] [pid-97958] PHG ADR
2026-10-10T16:01:10.755Z [INFO] [ScoreApp] [pid-97958] TAL ADR
2026-10-10T16:01:10.765Z [INFO] [ScoreApp] [pid-97958] TLX ADR
2026-10-10T16:01:10.808Z [INFO] [ScoreApp] [pid-97958] EFC Sell
2026-10-10T16:01:10.820Z [INFO] [ScoreApp] [pid-97958] TAK ADR
2026-10-10T16:01:10.821Z [INFO] [ScoreApp] [pid-97958] FUTU ADR
2026-10-10T16:01:10.840Z [INFO] [ScoreApp] [pid-97958] HIMX ADR
2026-10-10T16:01:10.850Z [INFO] [ScoreApp] [pid-97958] SKM ADR
2026-10-10T16:01:10.851Z [INFO] [ScoreApp] [pid-97958] MNSO ADR
2026-10-10T16:01:10.908Z [INFO] [ScoreApp] [pid-97958] LYG ADR
2026-10-10T16:01:10.921Z [INFO] [ScoreApp] [pid-97958] LU ADR
2026-10-10T16:01:10.929Z [INFO] [ScoreApp] [pid-97958] IMOS ADR
2026-10-10T16:01:10.933Z [INFO] [ScoreApp] [pid-97958] UGP ADR
2026-10-10T16:01:10.950Z [INFO] [ScoreApp] [pid-97958] VIV ADR
2026-10-10T16:01:10.953Z [INFO] [ScoreApp] [pid-97958] WRD ADR
2026-10-10T16:01:10.954Z [INFO] [ScoreApp] [pid-97958] KSPI ADR
2026-10-10T16:01:10.967Z [INFO] [ScoreApp] [pid-97958] SAN ADR
2026-10-10T16:01:10.977Z [INFO] [ScoreApp] [pid-97958] JMIA ADR
2026-10-10T16:01:10.985Z [INFO] [ScoreApp] [pid-97958] BBD ADR
2026-10-10T16:01:10.992Z [INFO] [ScoreApp] [pid-97958] BVN ADR
2026-10-10T16:01:10.993Z [INFO] [ScoreApp] [pid-97958] HDB ADR
2026-10-10T16:01:11.000Z [INFO] [ScoreApp] [pid-97958] PHI ADR
2026-10-10T16:01:11.005Z [INFO] [ScoreApp] [pid-97958] JKS ADR
2026-10-10T16:01:11.017Z [INFO] [ScoreApp] [pid-97958] SLN ADR
2026-10-10T16:01:11.033Z [INFO] [ScoreApp] [pid-97958] PBR-A ADR
2026-10-10T16:01:11.037Z [INFO] [ScoreApp] [pid-97958] ABVX ADR
2026-10-10T16:01:11.038Z [INFO] [ScoreApp] [pid-97958] CANG ADR
2026-10-10T16:01:11.043Z [INFO] [ScoreApp] [pid-97958] SUPV ADR
2026-10-10T16:01:11.046Z [INFO] [ScoreApp] [pid-97958] NMR ADR
2026-10-10T16:01:11.052Z [INFO] [ScoreApp] [pid-97958] TEVA ADR
2026-10-10T16:01:11.061Z [INFO] [ScoreApp] [pid-97958] TME ADR
2026-10-10T16:01:11.076Z [INFO] [ScoreApp] [pid-97958] ITUB ADR
2026-10-10T16:01:11.086Z [INFO] [ScoreApp] [pid-97958] TV ADR
2026-10-10T16:01:11.090Z [INFO] [ScoreApp] [pid-97958] ANL ADR
2026-10-10T16:01:11.100Z [INFO] [ScoreApp] [pid-97958] HTHT ADR
2026-10-10T16:01:11.122Z [INFO] [ScoreApp] [pid-97958] SONY ADR
2026-10-10T16:01:11.127Z [INFO] [ScoreApp] [pid-97958] CEPU ADR
2026-10-10T16:01:11.183Z [INFO] [ScoreApp] [pid-97958] CSAN ADR
2026-10-10T16:01:11.191Z [INFO] [ScoreApp] [pid-97958] BRNS ADR
2026-10-10T16:01:11.229Z [INFO] [ScoreApp] [pid-97958] BRFS ADR
2026-10-10T16:01:11.247Z [INFO] [ScoreApp] [pid-97958] Completed writing scores
2026-10-10T16:01:11.249Z [INFO] [ScoreApp] [pid-97958] Scores completed
[phase] ✔ END   ScoreApp.ts (market load + scoring) duration=30s (30s)
[phase] ▶ START score/writer.sh @ 2026-10-11T03:01:11+1100
Translating scores TSV from Alpha Advantage to Google Finance...
[INFO ] Translation completed successfully
Running score-writer...
[INFO ] UUID and last refresh date match, no update needed
Using credentials: ../../.service-connection.json
Running transaction-writer...
[INFO ] No missing dividends to process
[phase] ✔ END   score/writer.sh duration=4s (4s)
[phase] ▶ START archive_private_scores @ 2026-10-11T03:01:15+1100
[phase] ✔ END   archive_private_scores duration=0s (0s)
✅ GRQ-scores: 2026/October/10.tsv already archived; skipping
[phase] ▶ START publish_scores_to_s3 @ 2026-10-11T03:01:15+1100
ℹ️  [score-publish] endpoint https://96nvte4np1.execute-api.ap-southeast-2.amazonaws.com (/Users/scorer/.config/grq/score-publisher.env); token file /Users/scorer/.config/grq/score-publisher.token (/Users/scorer/.config/grq/score-publisher.env)
✅ [score-publish] unchanged — nothing to publish: model 1dc0f0b5-11fc-51e2-9883-3b35daa010f6 (version grq-score-v116) on market data of 2026-10-09 was already published as run scores-2026-10-12-20261010T123714Z
[phase] ✔ END   publish_scores_to_s3 duration=1s (1s)
✅ Score publication: unchanged — nothing to publish (model and market data already published)
[phase] ▶ START promote_embargoed_scores @ 2026-10-11T03:01:16+1100
[phase] ✔ END   promote_embargoed_scores duration=4s (4s)
✅ GRQ-validation: promoted=0 skipped=102 held=0
[phase] ▶ START check-score-data @ 2026-10-11T03:01:20+1100
Task check-score-data deno run --allow-read scripts/check_score_data_pairing.ts
check_score_data_pairing: market data paired for 428 committed prediction dates
[phase] ✔ END   check-score-data duration=1s (1s)
[phase] ▶ START deno task refresh-indices @ 2026-10-11T03:01:21+1100
Task refresh-indices deno run --allow-net --allow-read --allow-write scripts/refresh_market_indices.ts
Fetching ^GSPC (sp500)...
  696 trading days
Fetching ^IXIC (nasdaq)...
  696 trading days
Fetching ^RUT (russell2000)...
  696 trading days
docs/market-indices.json already up to date; skipping write.
refresh_market_indices: index refresh succeeded
[phase] ✔ END   deno task refresh-indices duration=2s (2s)
[phase] ▶ START model_checkin GRQ-validation @ 2026-10-11T03:01:23+1100
🔄 [model_checkin 1.1.32] Fetching latest remote state before recovery checks
GIT-OP: [[model_checkin 1.1.32]] git fetch ok in 2s (attempt 1/3, timeout=none)
🔍 [model_checkin 1.1.32] Skipping early modified-JSON replacement (never merge policy)
📦 [model_checkin 1.1.32] Staging all local changes before sync
📋 [model_checkin 1.1.32] No local JSON models to commit
GIT-OP: [[model_checkin 1.1.32]] git fetch ok in 2s (attempt 1/3, timeout=none)
✅ [validate_json 1.0.6] No JSON files to validate in GRQ-validation (took 0s)
✅ [model_checkin 1.1.32] Remote unchanged - no pull needed
📦 [model_checkin 1.1.32] Staging local changes
reconciled=0
📭 [model_checkin 1.1.32] No local changes to commit
🔍 [model_checkin 1.1.32] Final safety check for JSON model corruption
✅ [validate_json 1.0.6] No JSON files to validate in GRQ-validation (took 0s)
📭 [model_checkin 1.1.32] Nothing to push — HEAD matches origin/main (#2056)
✅ Successfully committed and pushed model changes
🛡️  JSON model files were protected from corruption - no merges occurred
💾 Maximum training preservation achieved through per-file conflict resolution
[phase] ✔ END   model_checkin GRQ-validation duration=19s (19s)
Checking in GRQ-ATO...
[phase] ▶ START model_checkin GRQ-ATO @ 2026-10-11T03:01:42+1100
🔄 [model_checkin 1.1.32] Fetching latest remote state before recovery checks
GIT-OP: [[model_checkin 1.1.32]] git fetch ok in 2s (attempt 1/3, timeout=none)
🔍 [model_checkin 1.1.32] Skipping early modified-JSON replacement (never merge policy)
📦 [model_checkin 1.1.32] Staging all local changes before sync
📋 [model_checkin 1.1.32] No local JSON models to commit
GIT-OP: [[model_checkin 1.1.32]] git fetch ok in 3s (attempt 1/3, timeout=none)
✅ [validate_json 1.0.6] No JSON files to validate in GRQ-ATO (took 0s)
✅ [model_checkin 1.1.32] Remote unchanged - no pull needed
📦 [model_checkin 1.1.32] Staging local changes
reconciled=0
📭 [model_checkin 1.1.32] No local changes to commit
🔍 [model_checkin 1.1.32] Final safety check for JSON model corruption
✅ [validate_json 1.0.6] No JSON files to validate in GRQ-ATO (took 0s)
📭 [model_checkin 1.1.32] Nothing to push — HEAD matches origin/Develop (#2056)
✅ Successfully committed and pushed model changes
🛡️  JSON model files were protected from corruption - no merges occurred
💾 Maximum training preservation achieved through per-file conflict resolution
[phase] ✔ END   model_checkin GRQ-ATO duration=8s (8s)
✅ GRQ-ATO check-in completed
Processing GRQ-actual-validation...
From github.com:stSoftwareAU/GRQ-actual-validation
 * branch              Develop    -> FETCH_HEAD
✅ GRQ-actual-validation: analysis file already exists (10-analysis.csv)
[timing] ===== score.sh stage summary (longest first) =====
[timing]   1m 40s         (100s)    score/reader.sh
[timing]   30s            (30s)     ScoreApp.ts (market load + scoring)
[timing]   19s            (19s)     model_checkin GRQ-validation
[timing]   10s            (10s)     model_fetch GRQ-FX-models
[timing]   8s             (8s)      model_checkin GRQ-ATO
[timing]   5s             (5s)      model_fetch GRQ-shareprices2026Q2
[timing]   5s             (5s)      model_fetch GRQ-dividends
[timing]   5s             (5s)      model_fetch GRQ-ATO
[timing]   4s             (4s)      score/writer.sh
[timing]   4s             (4s)      promote_embargoed_scores
[timing]   4s             (4s)      model_fetch GRQ-validation
[timing]   3s             (3s)      model_fetch GRQ-actual-validation
[timing]   2s             (2s)      deno task refresh-indices
[timing]   1s             (1s)      publish_scores_to_s3
[timing]   1s             (1s)      check-score-data
[timing]   0s             (0s)      model_fetch GRQ-scores
[timing]   0s             (0s)      model_fetch GRQ-actual
[timing]   0s             (0s)      archive_private_scores
[timing] ----- score.sh total=3m 24s (204s) stages=18 attributed=3m 21s (201s, 98%) unattributed=3s (3s)
[phase] ✔ END   score.sh --skip-repos duration=3m 24s (204s)
[phase] ▶ START update_health_repo Scorer @ 2026-10-11T03:01:53+1100
🩺 [update_health_repo] step=fetch category=Scorer
[fetch-phase] GRQ-health phase=graded-self-heal duration_secs=0
[fetch-phase] GRQ-health phase=pre-fetch-cleanup duration_secs=0
[fetch-phase] GRQ-health phase=prefetch-staleness-check duration_secs=3
[fetch-phase] GRQ-health phase=fetch duration_secs=3
GIT-OP: [model_fetch GRQ-health] git fetch ok in 3s (attempt 1/6, timeout=none)
From github.com:stSoftwareAU/GRQ-health
   29a7a8cfc..f09b17dc7  Develop    -> origin/Develop
HEAD is now at f09b17dc7 Update repo health: Vibe Coder:GRQ-25
branch 'Develop' set up to track 'origin/Develop'.
Your branch is up to date with 'origin/Develop'.
[fetch-phase] GRQ-health phase=reset-checkout duration_secs=3
📦 [feed-repo-size] repo=GRQ-health size-pack-kib=90781 head-tree-kib=unmeasured ratio=n/a threshold=3 promisor=true action=none
[fetch-phase] GRQ-health phase=compaction-size-measurement duration_secs=0
[fetch-phase] GRQ-health phase=shallow-history-reclaim duration_secs=0
✅ GRQ-health synced with remote (validation skipped)
[fetch-phase] GRQ-health phase=validation duration_secs=0
🩺 [update_health_repo] step=sync category=Scorer
🩺 [health_sync] entry repo=/Users/scorer/GRQ-health branch=Develop local_ahead=0 behind=0
🩺 [health_sync] decision path=noop
🩺 [health_sync] result status=ok
🩺 [update_health_repo] step=repos category=Scorer
Updated repo 'Scorer' with timestamp 1791648124
repos.sh status=updated reason=success name='Scorer'
[phase] ✔ END   update_health_repo Scorer duration=17s (17s)
[timing] ===== scorer/task.sh stage summary (longest first) =====
[timing]   26m 13s        (1573s)   repos.sh --require-market-data --detach-share-prices
[timing]   3m 24s         (204s)    score.sh --skip-repos
[timing]   17s            (17s)     update_health_repo Scorer
[timing] ----- scorer/task.sh total=29m 55s (1795s) stages=3 attributed=29m 54s (1794s, 99%) unattributed=1s (1s)
[stage-failure-health] failures=0 firstStage=none firstExitCode=0 firstHitLine=0
GIT-OP: [reset] git fetch ok in 3s (attempt 1/3, timeout=600s)
HEAD is now at 3d676d68 Sandbox bench/score_tail.sh so it cannot publish or write live state (#5202) (#5212)
[fetch-phase] GRQ-health phase=graded-self-heal duration_secs=0
[fetch-phase] GRQ-health phase=pre-fetch-cleanup duration_secs=1
✅ GRQ-health: HEAD 5f654ea matches origin/Develop (ls-remote pre-check) — skipping git fetch (#2063)
[fetch-phase] GRQ-health phase=prefetch-staleness-check duration_secs=2
✅ GRQ-health: already at origin/Develop (5f654ea) — skipping reset/clean/checkout
[fetch-phase] GRQ-health phase=reset-checkout duration_secs=1
📦 [feed-repo-size] repo=GRQ-health size-pack-kib=90797 head-tree-kib=unmeasured ratio=n/a threshold=3 promisor=true action=none
[fetch-phase] GRQ-health phase=compaction-size-measurement duration_secs=0
[fetch-phase] GRQ-health phase=shallow-history-reclaim duration_secs=0
✅ GRQ-health synced with remote (validation skipped)
[fetch-phase] GRQ-health phase=validation duration_secs=0
🩺 [health_sync] entry repo=/Users/scorer/GRQ-health branch=Develop local_ahead=0 behind=0
🩺 [health_sync] decision path=noop
🩺 [health_sync] result status=ok
Updating health information...
Already up to date.
Updated health information for GRQ-3
