[log truncated during the Issue #211 history prune: showing the last 64 KB; the full log is on the host]
[NEAT-AI] Batch scorer partition: 13 forwardOnly batched, 0 recurrent per-creature
Training e8674595 samples 57,931 ( rate 20.0% ) error 0.677 time average: 4ms 143µs 601ns total: 4m 43ms
Training 010d82b5 samples 13,628 ( rate 20.0% ) error 0.672 time average: 4ms 403µs 140ns total: 1m 6ms
Fine tuning increased fitness by 4.508949069670365e-8 to 0.3445020009051686 adjusted 2 weights, 1 bias 
[WasmWorkerInit] worker=worker-885 outcome=ok handshakeMs=152 cache=hit cacheDir=/Users/nigelleck/.cache/neat-ai/wasm bundleBytes=469624 bundleLoadMs=1 glueImportMs=12 instantiateMs=2 wasmTotalMs=15 workerError=none
[WasmWorkerInit] worker=worker-886 outcome=ok handshakeMs=319 cache=hit cacheDir=/Users/nigelleck/.cache/neat-ai/wasm bundleBytes=469624 bundleLoadMs=1 glueImportMs=12 instantiateMs=2 wasmTotalMs=15 workerError=none
[WasmWorkerInit] worker=worker-887 outcome=ok handshakeMs=1049 cache=hit cacheDir=/Users/nigelleck/.cache/neat-ai/wasm bundleBytes=469624 bundleLoadMs=1 glueImportMs=12 instantiateMs=2 wasmTotalMs=15 workerError=none
[Timing] fitness=81269ms breeding=1256ms breedingWorker=1256ms mainThreadOverlap=0ms resultProcessing=0ms preWarm=56ms pipelineOverlap=57ms sort=0ms writeScores=13ms mutation=431ms deduplication=190ms speciation=1ms total=84125ms
[Utilisation] fitness=0%fast/100%heavy breeding=0%fast/100%heavy overall=8%
[Throughput] wall=84125ms nonFitness=2856ms gensPerHour=42.8 fast=busy6470ms/idle2012530ms/depth13/wait0ms heavy=busy0ms/idle168250ms/depth3/wait0ms scorer=8.8ms/scored13/batchScored13/perCreatureScored0/batchInvocations1/batchFallback0/creaturesPerSec0.2 corruptParentSkips=0
Generation 52 score 0.3445020009051686 (avg: 0.3445) error 0.655120363094907 time 1m 24s 344ms
[NEAT-AI] Batch scorer partition: 12 forwardOnly batched, 0 recurrent per-creature
[WasmWorkerInit] worker=worker-888 outcome=ok handshakeMs=386 cache=hit cacheDir=/Users/nigelleck/.cache/neat-ai/wasm bundleBytes=469624 bundleLoadMs=1 glueImportMs=12 instantiateMs=2 wasmTotalMs=15 workerError=none
[WasmWorkerInit] worker=worker-889 outcome=ok handshakeMs=237 cache=hit cacheDir=/Users/nigelleck/.cache/neat-ai/wasm bundleBytes=469624 bundleLoadMs=1 glueImportMs=12 instantiateMs=2 wasmTotalMs=15 workerError=none
[WasmWorkerInit] worker=worker-890 outcome=ok handshakeMs=314 cache=hit cacheDir=/Users/nigelleck/.cache/neat-ai/wasm bundleBytes=469624 bundleLoadMs=1 glueImportMs=12 instantiateMs=2 wasmTotalMs=15 workerError=none
[WasmWorkerInit] worker=worker-891 outcome=ok handshakeMs=438 cache=hit cacheDir=/Users/nigelleck/.cache/neat-ai/wasm bundleBytes=469624 bundleLoadMs=1 glueImportMs=12 instantiateMs=2 wasmTotalMs=15 workerError=none
[WasmWorkerInit] worker=worker-892 outcome=ok handshakeMs=383 cache=hit cacheDir=/Users/nigelleck/.cache/neat-ai/wasm bundleBytes=469624 bundleLoadMs=1 glueImportMs=12 instantiateMs=2 wasmTotalMs=15 workerError=none
[WasmWorkerInit] worker=worker-893 outcome=ok handshakeMs=315 cache=hit cacheDir=/Users/nigelleck/.cache/neat-ai/wasm bundleBytes=469624 bundleLoadMs=1 glueImportMs=12 instantiateMs=2 wasmTotalMs=15 workerError=none
[WasmWorkerInit] worker=worker-894 outcome=ok handshakeMs=365 cache=hit cacheDir=/Users/nigelleck/.cache/neat-ai/wasm bundleBytes=469624 bundleLoadMs=1 glueImportMs=12 instantiateMs=2 wasmTotalMs=15 workerError=none
[WasmWorkerInit] worker=worker-895 outcome=ok handshakeMs=315 cache=hit cacheDir=/Users/nigelleck/.cache/neat-ai/wasm bundleBytes=469624 bundleLoadMs=1 glueImportMs=12 instantiateMs=2 wasmTotalMs=15 workerError=none
[WasmWorkerInit] worker=worker-896 outcome=ok handshakeMs=528 cache=hit cacheDir=/Users/nigelleck/.cache/neat-ai/wasm bundleBytes=469624 bundleLoadMs=1 glueImportMs=12 instantiateMs=2 wasmTotalMs=15 workerError=none
[WasmWorkerInit] worker=worker-897 outcome=ok handshakeMs=332 cache=hit cacheDir=/Users/nigelleck/.cache/neat-ai/wasm bundleBytes=469624 bundleLoadMs=1 glueImportMs=12 instantiateMs=2 wasmTotalMs=15 workerError=none
[WasmWorkerInit] worker=worker-898 outcome=ok handshakeMs=494 cache=hit cacheDir=/Users/nigelleck/.cache/neat-ai/wasm bundleBytes=469624 bundleLoadMs=1 glueImportMs=12 instantiateMs=2 wasmTotalMs=15 workerError=none
[WasmWorkerInit] worker=worker-899 outcome=ok handshakeMs=374 cache=hit cacheDir=/Users/nigelleck/.cache/neat-ai/wasm bundleBytes=469624 bundleLoadMs=1 glueImportMs=12 instantiateMs=2 wasmTotalMs=15 workerError=none
[WasmWorkerInit] worker=worker-900 outcome=ok handshakeMs=504 cache=hit cacheDir=/Users/nigelleck/.cache/neat-ai/wasm bundleBytes=469624 bundleLoadMs=1 glueImportMs=12 instantiateMs=2 wasmTotalMs=15 workerError=none
[WasmWorkerInit] worker=worker-901 outcome=ok handshakeMs=350 cache=hit cacheDir=/Users/nigelleck/.cache/neat-ai/wasm bundleBytes=469624 bundleLoadMs=1 glueImportMs=12 instantiateMs=2 wasmTotalMs=15 workerError=none
[WasmWorkerInit] worker=worker-902 outcome=ok handshakeMs=316 cache=hit cacheDir=/Users/nigelleck/.cache/neat-ai/wasm bundleBytes=469624 bundleLoadMs=1 glueImportMs=12 instantiateMs=2 wasmTotalMs=15 workerError=none
[WasmWorkerInit] worker=worker-903 outcome=ok handshakeMs=518 cache=hit cacheDir=/Users/nigelleck/.cache/neat-ai/wasm bundleBytes=469624 bundleLoadMs=1 glueImportMs=12 instantiateMs=2 wasmTotalMs=15 workerError=none
[WasmWorkerInit] worker=worker-904 outcome=ok handshakeMs=572 cache=hit cacheDir=/Users/nigelleck/.cache/neat-ai/wasm bundleBytes=469624 bundleLoadMs=1 glueImportMs=12 instantiateMs=2 wasmTotalMs=15 workerError=none
[WasmWorkerInit] worker=worker-905 outcome=ok handshakeMs=440 cache=hit cacheDir=/Users/nigelleck/.cache/neat-ai/wasm bundleBytes=469624 bundleLoadMs=1 glueImportMs=12 instantiateMs=2 wasmTotalMs=15 workerError=none
[WasmWorkerInit] worker=worker-906 outcome=ok handshakeMs=370 cache=hit cacheDir=/Users/nigelleck/.cache/neat-ai/wasm bundleBytes=469624 bundleLoadMs=1 glueImportMs=12 instantiateMs=2 wasmTotalMs=15 workerError=none
[WasmWorkerInit] worker=worker-907 outcome=ok handshakeMs=475 cache=hit cacheDir=/Users/nigelleck/.cache/neat-ai/wasm bundleBytes=469624 bundleLoadMs=1 glueImportMs=12 instantiateMs=2 wasmTotalMs=15 workerError=none
[WasmWorkerInit] worker=worker-908 outcome=ok handshakeMs=373 cache=hit cacheDir=/Users/nigelleck/.cache/neat-ai/wasm bundleBytes=469624 bundleLoadMs=1 glueImportMs=12 instantiateMs=2 wasmTotalMs=15 workerError=none
[WasmWorkerInit] worker=worker-909 outcome=ok handshakeMs=590 cache=hit cacheDir=/Users/nigelleck/.cache/neat-ai/wasm bundleBytes=469624 bundleLoadMs=1 glueImportMs=12 instantiateMs=2 wasmTotalMs=15 workerError=none
[WasmWorkerInit] worker=worker-910 outcome=ok handshakeMs=321 cache=hit cacheDir=/Users/nigelleck/.cache/neat-ai/wasm bundleBytes=469624 bundleLoadMs=1 glueImportMs=12 instantiateMs=2 wasmTotalMs=15 workerError=none
[neat-ai] running version 6.2.11
Training e8674595 timed out after 5m 4ms
Training e8674595 caused a higher error of 0.675737934393252 from 0.6551204337873422
Training e8674595 caused a higher error of 0.675737934393252 from 0.6551204337873422 and no tuning
Training 11c3b9dd with 520 binary files, target error: 0.002, iterations: 1, sample rate: 20.0%, sparse: 2.0%
Training 010d82b5 samples 26,326 ( rate 20.0% ) error 0.670 time average: 4ms 558µs 535ns total: 2m 8ms
Training eca9e9cc scheduled
Training e8674595 completed after 5m 436ms
[Neat] Discovery replay: no improvement found (evaluated: 0)
[WasmWorkerInit] worker=worker-911 outcome=ok handshakeMs=176 cache=hit cacheDir=/Users/nigelleck/.cache/neat-ai/wasm bundleBytes=469624 bundleLoadMs=1 glueImportMs=12 instantiateMs=2 wasmTotalMs=15 workerError=none
[WasmWorkerInit] worker=worker-912 outcome=ok handshakeMs=292 cache=hit cacheDir=/Users/nigelleck/.cache/neat-ai/wasm bundleBytes=469624 bundleLoadMs=1 glueImportMs=12 instantiateMs=2 wasmTotalMs=15 workerError=none
[WasmWorkerInit] worker=worker-913 outcome=ok handshakeMs=687 cache=hit cacheDir=/Users/nigelleck/.cache/neat-ai/wasm bundleBytes=469624 bundleLoadMs=1 glueImportMs=12 instantiateMs=2 wasmTotalMs=15 workerError=none
[Timing] fitness=66293ms breeding=1118ms breedingWorker=1118ms mainThreadOverlap=13ms resultProcessing=13ms preWarm=68ms pipelineOverlap=82ms sort=0ms writeScores=64ms mutation=217ms deduplication=445ms speciation=1ms total=69066ms
[Utilisation] fitness=0%fast/100%heavy breeding=0%fast/100%heavy overall=8%
[Throughput] wall=69066ms nonFitness=2773ms gensPerHour=52.1 fast=busy4734ms/idle1652850ms/depth12/wait0ms heavy=busy0ms/idle138132ms/depth3/wait0ms scorer=8.5ms/scored12/batchScored12/perCreatureScored0/batchInvocations1/batchFallback0/creaturesPerSec0.2 corruptParentSkips=0
Generation 53 score 0.3445020309205129 (avg: 0.3438) error 0.6551203330795626 time 1m 9s 272ms
[NEAT-AI] Batch scorer partition: 10 forwardOnly batched, 0 recurrent per-creature
[WasmWorkerInit] worker=worker-914 outcome=ok handshakeMs=345 cache=hit cacheDir=/Users/nigelleck/.cache/neat-ai/wasm bundleBytes=469624 bundleLoadMs=1 glueImportMs=12 instantiateMs=2 wasmTotalMs=15 workerError=none
[WasmWorkerInit] worker=worker-915 outcome=ok handshakeMs=266 cache=hit cacheDir=/Users/nigelleck/.cache/neat-ai/wasm bundleBytes=469624 bundleLoadMs=1 glueImportMs=12 instantiateMs=2 wasmTotalMs=15 workerError=none
[WasmWorkerInit] worker=worker-916 outcome=ok handshakeMs=298 cache=hit cacheDir=/Users/nigelleck/.cache/neat-ai/wasm bundleBytes=469624 bundleLoadMs=1 glueImportMs=12 instantiateMs=2 wasmTotalMs=15 workerError=none
[WasmWorkerInit] worker=worker-917 outcome=ok handshakeMs=395 cache=hit cacheDir=/Users/nigelleck/.cache/neat-ai/wasm bundleBytes=469624 bundleLoadMs=1 glueImportMs=12 instantiateMs=2 wasmTotalMs=15 workerError=none
[WasmWorkerInit] worker=worker-918 outcome=ok handshakeMs=293 cache=hit cacheDir=/Users/nigelleck/.cache/neat-ai/wasm bundleBytes=469624 bundleLoadMs=1 glueImportMs=12 instantiateMs=2 wasmTotalMs=15 workerError=none
[WasmWorkerInit] worker=worker-919 outcome=ok handshakeMs=393 cache=hit cacheDir=/Users/nigelleck/.cache/neat-ai/wasm bundleBytes=469624 bundleLoadMs=1 glueImportMs=12 instantiateMs=2 wasmTotalMs=15 workerError=none
[WasmWorkerInit] worker=worker-920 outcome=ok handshakeMs=571 cache=hit cacheDir=/Users/nigelleck/.cache/neat-ai/wasm bundleBytes=469624 bundleLoadMs=1 glueImportMs=12 instantiateMs=2 wasmTotalMs=15 workerError=none
[WasmWorkerInit] worker=worker-921 outcome=ok handshakeMs=310 cache=hit cacheDir=/Users/nigelleck/.cache/neat-ai/wasm bundleBytes=469624 bundleLoadMs=1 glueImportMs=12 instantiateMs=2 wasmTotalMs=15 workerError=none
[WasmWorkerInit] worker=worker-922 outcome=ok handshakeMs=341 cache=hit cacheDir=/Users/nigelleck/.cache/neat-ai/wasm bundleBytes=469624 bundleLoadMs=1 glueImportMs=12 instantiateMs=2 wasmTotalMs=15 workerError=none
[WasmWorkerInit] worker=worker-923 outcome=ok handshakeMs=308 cache=hit cacheDir=/Users/nigelleck/.cache/neat-ai/wasm bundleBytes=469624 bundleLoadMs=1 glueImportMs=12 instantiateMs=2 wasmTotalMs=15 workerError=none
[WasmWorkerInit] worker=worker-924 outcome=ok handshakeMs=306 cache=hit cacheDir=/Users/nigelleck/.cache/neat-ai/wasm bundleBytes=469624 bundleLoadMs=1 glueImportMs=12 instantiateMs=2 wasmTotalMs=15 workerError=none
[WasmWorkerInit] worker=worker-925 outcome=ok handshakeMs=375 cache=hit cacheDir=/Users/nigelleck/.cache/neat-ai/wasm bundleBytes=469624 bundleLoadMs=1 glueImportMs=12 instantiateMs=2 wasmTotalMs=15 workerError=none
[WasmWorkerInit] worker=worker-926 outcome=ok handshakeMs=341 cache=hit cacheDir=/Users/nigelleck/.cache/neat-ai/wasm bundleBytes=469624 bundleLoadMs=1 glueImportMs=12 instantiateMs=2 wasmTotalMs=15 workerError=none
[WasmWorkerInit] worker=worker-927 outcome=ok handshakeMs=377 cache=hit cacheDir=/Users/nigelleck/.cache/neat-ai/wasm bundleBytes=469624 bundleLoadMs=1 glueImportMs=12 instantiateMs=2 wasmTotalMs=15 workerError=none
[WasmWorkerInit] worker=worker-928 outcome=ok handshakeMs=379 cache=hit cacheDir=/Users/nigelleck/.cache/neat-ai/wasm bundleBytes=469624 bundleLoadMs=1 glueImportMs=12 instantiateMs=2 wasmTotalMs=15 workerError=none
[WasmWorkerInit] worker=worker-929 outcome=ok handshakeMs=328 cache=hit cacheDir=/Users/nigelleck/.cache/neat-ai/wasm bundleBytes=469624 bundleLoadMs=1 glueImportMs=12 instantiateMs=2 wasmTotalMs=15 workerError=none
[WasmWorkerInit] worker=worker-930 outcome=ok handshakeMs=295 cache=hit cacheDir=/Users/nigelleck/.cache/neat-ai/wasm bundleBytes=469624 bundleLoadMs=1 glueImportMs=12 instantiateMs=2 wasmTotalMs=15 workerError=none
[WasmWorkerInit] worker=worker-931 outcome=ok handshakeMs=297 cache=hit cacheDir=/Users/nigelleck/.cache/neat-ai/wasm bundleBytes=469624 bundleLoadMs=1 glueImportMs=12 instantiateMs=2 wasmTotalMs=15 workerError=none
[WasmWorkerInit] worker=worker-932 outcome=ok handshakeMs=528 cache=hit cacheDir=/Users/nigelleck/.cache/neat-ai/wasm bundleBytes=469624 bundleLoadMs=1 glueImportMs=12 instantiateMs=2 wasmTotalMs=15 workerError=none
[WasmWorkerInit] worker=worker-933 outcome=ok handshakeMs=301 cache=hit cacheDir=/Users/nigelleck/.cache/neat-ai/wasm bundleBytes=469624 bundleLoadMs=1 glueImportMs=12 instantiateMs=2 wasmTotalMs=15 workerError=none
[WasmWorkerInit] worker=worker-934 outcome=ok handshakeMs=357 cache=hit cacheDir=/Users/nigelleck/.cache/neat-ai/wasm bundleBytes=469624 bundleLoadMs=1 glueImportMs=12 instantiateMs=2 wasmTotalMs=15 workerError=none
[WasmWorkerInit] worker=worker-935 outcome=ok handshakeMs=363 cache=hit cacheDir=/Users/nigelleck/.cache/neat-ai/wasm bundleBytes=469624 bundleLoadMs=1 glueImportMs=12 instantiateMs=2 wasmTotalMs=15 workerError=none
[WasmWorkerInit] worker=worker-936 outcome=ok handshakeMs=309 cache=hit cacheDir=/Users/nigelleck/.cache/neat-ai/wasm bundleBytes=469624 bundleLoadMs=1 glueImportMs=12 instantiateMs=2 wasmTotalMs=15 workerError=none
[neat-ai] running version 6.2.11
Training 11c3b9dd samples 13,792 ( rate 20.0% ) error 0.663 time average: 4ms 350µs 565ns total: 1m 3ms
Training 010d82b5 samples 38,701 ( rate 20.0% ) error 0.661 time average: 4ms 651µs 456ns total: 3m 16ms
Fine tuning increased fitness by 9.636856868056043e-10 to 0.3445020318841986 adjusted 1 weight, 1 bias 
[Neat] Discovery replay: no improvement found (evaluated: 0)
[WasmWorkerInit] worker=worker-937 outcome=ok handshakeMs=99 cache=hit cacheDir=/Users/nigelleck/.cache/neat-ai/wasm bundleBytes=469624 bundleLoadMs=1 glueImportMs=12 instantiateMs=2 wasmTotalMs=15 workerError=none
[WasmWorkerInit] worker=worker-938 outcome=ok handshakeMs=202 cache=hit cacheDir=/Users/nigelleck/.cache/neat-ai/wasm bundleBytes=469624 bundleLoadMs=1 glueImportMs=12 instantiateMs=2 wasmTotalMs=15 workerError=none
[WasmWorkerInit] worker=worker-939 outcome=ok handshakeMs=885 cache=hit cacheDir=/Users/nigelleck/.cache/neat-ai/wasm bundleBytes=469624 bundleLoadMs=1 glueImportMs=12 instantiateMs=2 wasmTotalMs=15 workerError=none
[PreWarm] 2 new templates, 2 cached, 4 unique topologies (74ms)
[Timing] fitness=43633ms breeding=720ms breedingWorker=720ms mainThreadOverlap=1ms resultProcessing=1ms preWarm=74ms pipelineOverlap=77ms sort=0ms writeScores=4ms mutation=67ms deduplication=627ms speciation=2ms total=45774ms
[Utilisation] fitness=0%fast/100%heavy breeding=0%fast/100%heavy overall=8%
[Throughput] wall=45774ms nonFitness=2141ms gensPerHour=78.6 fast=busy3047ms/idle1095529ms/depth10/wait0ms heavy=busy0ms/idle91548ms/depth3/wait0ms scorer=5.8ms/scored10/batchScored10/perCreatureScored0/batchInvocations1/batchFallback0/creaturesPerSec0.2 corruptParentSkips=0
Generation 54 score 0.3445020318841986 (avg: 0.3434) error 0.655120332115877 time 45s 948ms
[NEAT-AI] Batch scorer partition: 13 forwardOnly batched, 0 recurrent per-creature
[WasmWorkerInit] worker=worker-940 outcome=ok handshakeMs=284 cache=hit cacheDir=/Users/nigelleck/.cache/neat-ai/wasm bundleBytes=469624 bundleLoadMs=1 glueImportMs=12 instantiateMs=2 wasmTotalMs=15 workerError=none
[WasmWorkerInit] worker=worker-941 outcome=ok handshakeMs=213 cache=hit cacheDir=/Users/nigelleck/.cache/neat-ai/wasm bundleBytes=469624 bundleLoadMs=1 glueImportMs=12 instantiateMs=2 wasmTotalMs=15 workerError=none
[WasmWorkerInit] worker=worker-942 outcome=ok handshakeMs=235 cache=hit cacheDir=/Users/nigelleck/.cache/neat-ai/wasm bundleBytes=469624 bundleLoadMs=1 glueImportMs=12 instantiateMs=2 wasmTotalMs=15 workerError=none
[WasmWorkerInit] worker=worker-943 outcome=ok handshakeMs=214 cache=hit cacheDir=/Users/nigelleck/.cache/neat-ai/wasm bundleBytes=469624 bundleLoadMs=1 glueImportMs=12 instantiateMs=2 wasmTotalMs=15 workerError=none
[WasmWorkerInit] worker=worker-944 outcome=ok handshakeMs=214 cache=hit cacheDir=/Users/nigelleck/.cache/neat-ai/wasm bundleBytes=469624 bundleLoadMs=1 glueImportMs=12 instantiateMs=2 wasmTotalMs=15 workerError=none
[WasmWorkerInit] worker=worker-945 outcome=ok handshakeMs=243 cache=hit cacheDir=/Users/nigelleck/.cache/neat-ai/wasm bundleBytes=469624 bundleLoadMs=1 glueImportMs=12 instantiateMs=2 wasmTotalMs=15 workerError=none
[WasmWorkerInit] worker=worker-946 outcome=ok handshakeMs=249 cache=hit cacheDir=/Users/nigelleck/.cache/neat-ai/wasm bundleBytes=469624 bundleLoadMs=1 glueImportMs=12 instantiateMs=2 wasmTotalMs=15 workerError=none
[WasmWorkerInit] worker=worker-947 outcome=ok handshakeMs=199 cache=hit cacheDir=/Users/nigelleck/.cache/neat-ai/wasm bundleBytes=469624 bundleLoadMs=1 glueImportMs=12 instantiateMs=2 wasmTotalMs=15 workerError=none
[WasmWorkerInit] worker=worker-948 outcome=ok handshakeMs=239 cache=hit cacheDir=/Users/nigelleck/.cache/neat-ai/wasm bundleBytes=469624 bundleLoadMs=1 glueImportMs=12 instantiateMs=2 wasmTotalMs=15 workerError=none
[WasmWorkerInit] worker=worker-949 outcome=ok handshakeMs=208 cache=hit cacheDir=/Users/nigelleck/.cache/neat-ai/wasm bundleBytes=469624 bundleLoadMs=1 glueImportMs=12 instantiateMs=2 wasmTotalMs=15 workerError=none
[WasmWorkerInit] worker=worker-950 outcome=ok handshakeMs=209 cache=hit cacheDir=/Users/nigelleck/.cache/neat-ai/wasm bundleBytes=469624 bundleLoadMs=1 glueImportMs=12 instantiateMs=2 wasmTotalMs=15 workerError=none
[WasmWorkerInit] worker=worker-951 outcome=ok handshakeMs=186 cache=hit cacheDir=/Users/nigelleck/.cache/neat-ai/wasm bundleBytes=469624 bundleLoadMs=1 glueImportMs=12 instantiateMs=2 wasmTotalMs=15 workerError=none
[WasmWorkerInit] worker=worker-952 outcome=ok handshakeMs=190 cache=hit cacheDir=/Users/nigelleck/.cache/neat-ai/wasm bundleBytes=469624 bundleLoadMs=1 glueImportMs=12 instantiateMs=2 wasmTotalMs=15 workerError=none
[WasmWorkerInit] worker=worker-953 outcome=ok handshakeMs=208 cache=hit cacheDir=/Users/nigelleck/.cache/neat-ai/wasm bundleBytes=469624 bundleLoadMs=1 glueImportMs=12 instantiateMs=2 wasmTotalMs=15 workerError=none
[WasmWorkerInit] worker=worker-954 outcome=ok handshakeMs=240 cache=hit cacheDir=/Users/nigelleck/.cache/neat-ai/wasm bundleBytes=469624 bundleLoadMs=1 glueImportMs=12 instantiateMs=2 wasmTotalMs=15 workerError=none
[WasmWorkerInit] worker=worker-955 outcome=ok handshakeMs=240 cache=hit cacheDir=/Users/nigelleck/.cache/neat-ai/wasm bundleBytes=469624 bundleLoadMs=1 glueImportMs=12 instantiateMs=2 wasmTotalMs=15 workerError=none
[WasmWorkerInit] worker=worker-956 outcome=ok handshakeMs=192 cache=hit cacheDir=/Users/nigelleck/.cache/neat-ai/wasm bundleBytes=469624 bundleLoadMs=1 glueImportMs=12 instantiateMs=2 wasmTotalMs=15 workerError=none
[WasmWorkerInit] worker=worker-957 outcome=ok handshakeMs=195 cache=hit cacheDir=/Users/nigelleck/.cache/neat-ai/wasm bundleBytes=469624 bundleLoadMs=1 glueImportMs=12 instantiateMs=2 wasmTotalMs=15 workerError=none
[WasmWorkerInit] worker=worker-958 outcome=ok handshakeMs=213 cache=hit cacheDir=/Users/nigelleck/.cache/neat-ai/wasm bundleBytes=469624 bundleLoadMs=1 glueImportMs=12 instantiateMs=2 wasmTotalMs=15 workerError=none
[WasmWorkerInit] worker=worker-959 outcome=ok handshakeMs=250 cache=hit cacheDir=/Users/nigelleck/.cache/neat-ai/wasm bundleBytes=469624 bundleLoadMs=1 glueImportMs=12 instantiateMs=2 wasmTotalMs=15 workerError=none
[WasmWorkerInit] worker=worker-960 outcome=ok handshakeMs=239 cache=hit cacheDir=/Users/nigelleck/.cache/neat-ai/wasm bundleBytes=469624 bundleLoadMs=1 glueImportMs=12 instantiateMs=2 wasmTotalMs=15 workerError=none
[WasmWorkerInit] worker=worker-961 outcome=ok handshakeMs=230 cache=hit cacheDir=/Users/nigelleck/.cache/neat-ai/wasm bundleBytes=469624 bundleLoadMs=1 glueImportMs=12 instantiateMs=2 wasmTotalMs=15 workerError=none
[WasmWorkerInit] worker=worker-962 outcome=ok handshakeMs=234 cache=hit cacheDir=/Users/nigelleck/.cache/neat-ai/wasm bundleBytes=469624 bundleLoadMs=1 glueImportMs=12 instantiateMs=2 wasmTotalMs=15 workerError=none
[neat-ai] running version 6.2.11
Training 11c3b9dd samples 34,198 ( rate 20.0% ) error 0.664 time average: 3ms 509µs 123ns total: 2m 5ms
Skipping discovery: insufficient time (1m remaining, 2m estimated)
Fine tuning increased fitness by 4.884125326398703e-10 to 0.3445020323726111 adjusted 1 weight, 1 bias 
[Neat] Discovery replay: no improvement found (evaluated: 0)
Training 010d82b5 samples 59,043 ( rate 20.0% ) error 0.656 time average: 4ms 65µs 122ns total: 4m 17ms
[WasmWorkerInit] worker=worker-963 outcome=ok handshakeMs=98 cache=hit cacheDir=/Users/nigelleck/.cache/neat-ai/wasm bundleBytes=469624 bundleLoadMs=1 glueImportMs=12 instantiateMs=2 wasmTotalMs=15 workerError=none
[WasmWorkerInit] worker=worker-964 outcome=ok handshakeMs=191 cache=hit cacheDir=/Users/nigelleck/.cache/neat-ai/wasm bundleBytes=469624 bundleLoadMs=1 glueImportMs=12 instantiateMs=2 wasmTotalMs=15 workerError=none
[WasmWorkerInit] worker=worker-965 outcome=ok handshakeMs=642 cache=hit cacheDir=/Users/nigelleck/.cache/neat-ai/wasm bundleBytes=469624 bundleLoadMs=1 glueImportMs=12 instantiateMs=2 wasmTotalMs=15 workerError=none
[WasmWorkerInit] worker=worker-966 outcome=ok handshakeMs=606 cache=hit cacheDir=/Users/nigelleck/.cache/neat-ai/wasm bundleBytes=469624 bundleLoadMs=1 glueImportMs=12 instantiateMs=2 wasmTotalMs=15 workerError=none
[PreWarm] 1 new templates, 2 cached, 3 unique topologies (59ms)
[Timing] fitness=37151ms breeding=673ms breedingWorker=673ms mainThreadOverlap=0ms resultProcessing=0ms preWarm=59ms pipelineOverlap=64ms sort=0ms writeScores=6ms mutation=182ms deduplication=906ms speciation=5ms total=39646ms
[Utilisation] fitness=0%fast/100%heavy breeding=0%fast/100%heavy overall=8%
[Throughput] wall=39646ms nonFitness=2495ms gensPerHour=90.8 fast=busy2679ms/idle948825ms/depth13/wait0ms heavy=busy0ms/idle79292ms/depth3/wait0ms scorer=8.0ms/scored13/batchScored13/perCreatureScored0/batchInvocations1/batchFallback0/creaturesPerSec0.3 corruptParentSkips=0
Generation 55 score 0.3445020323726111 (avg: 0.3439) error 0.6551203316274644 time 39s 794ms
[NEAT-AI] Batch scorer partition: 11 forwardOnly batched, 0 recurrent per-creature
[WasmWorkerInit] worker=worker-967 outcome=ok handshakeMs=258 cache=hit cacheDir=/Users/nigelleck/.cache/neat-ai/wasm bundleBytes=469624 bundleLoadMs=1 glueImportMs=12 instantiateMs=2 wasmTotalMs=15 workerError=none
[WasmWorkerInit] worker=worker-968 outcome=ok handshakeMs=199 cache=hit cacheDir=/Users/nigelleck/.cache/neat-ai/wasm bundleBytes=469624 bundleLoadMs=1 glueImportMs=12 instantiateMs=2 wasmTotalMs=15 workerError=none
[WasmWorkerInit] worker=worker-969 outcome=ok handshakeMs=210 cache=hit cacheDir=/Users/nigelleck/.cache/neat-ai/wasm bundleBytes=469624 bundleLoadMs=1 glueImportMs=12 instantiateMs=2 wasmTotalMs=15 workerError=none
[WasmWorkerInit] worker=worker-970 outcome=ok handshakeMs=218 cache=hit cacheDir=/Users/nigelleck/.cache/neat-ai/wasm bundleBytes=469624 bundleLoadMs=1 glueImportMs=12 instantiateMs=2 wasmTotalMs=15 workerError=none
[WasmWorkerInit] worker=worker-971 outcome=ok handshakeMs=258 cache=hit cacheDir=/Users/nigelleck/.cache/neat-ai/wasm bundleBytes=469624 bundleLoadMs=1 glueImportMs=12 instantiateMs=2 wasmTotalMs=15 workerError=none
[WasmWorkerInit] worker=worker-972 outcome=ok handshakeMs=216 cache=hit cacheDir=/Users/nigelleck/.cache/neat-ai/wasm bundleBytes=469624 bundleLoadMs=1 glueImportMs=12 instantiateMs=2 wasmTotalMs=15 workerError=none
[WasmWorkerInit] worker=worker-973 outcome=ok handshakeMs=194 cache=hit cacheDir=/Users/nigelleck/.cache/neat-ai/wasm bundleBytes=469624 bundleLoadMs=1 glueImportMs=12 instantiateMs=2 wasmTotalMs=15 workerError=none
[WasmWorkerInit] worker=worker-974 outcome=ok handshakeMs=264 cache=hit cacheDir=/Users/nigelleck/.cache/neat-ai/wasm bundleBytes=469624 bundleLoadMs=1 glueImportMs=12 instantiateMs=2 wasmTotalMs=15 workerError=none
[WasmWorkerInit] worker=worker-975 outcome=ok handshakeMs=235 cache=hit cacheDir=/Users/nigelleck/.cache/neat-ai/wasm bundleBytes=469624 bundleLoadMs=1 glueImportMs=12 instantiateMs=2 wasmTotalMs=15 workerError=none
[WasmWorkerInit] worker=worker-976 outcome=ok handshakeMs=225 cache=hit cacheDir=/Users/nigelleck/.cache/neat-ai/wasm bundleBytes=469624 bundleLoadMs=1 glueImportMs=12 instantiateMs=2 wasmTotalMs=15 workerError=none
[WasmWorkerInit] worker=worker-977 outcome=ok handshakeMs=240 cache=hit cacheDir=/Users/nigelleck/.cache/neat-ai/wasm bundleBytes=469624 bundleLoadMs=1 glueImportMs=12 instantiateMs=2 wasmTotalMs=15 workerError=none
[WasmWorkerInit] worker=worker-978 outcome=ok handshakeMs=214 cache=hit cacheDir=/Users/nigelleck/.cache/neat-ai/wasm bundleBytes=469624 bundleLoadMs=1 glueImportMs=12 instantiateMs=2 wasmTotalMs=15 workerError=none
[WasmWorkerInit] worker=worker-979 outcome=ok handshakeMs=218 cache=hit cacheDir=/Users/nigelleck/.cache/neat-ai/wasm bundleBytes=469624 bundleLoadMs=1 glueImportMs=12 instantiateMs=2 wasmTotalMs=15 workerError=none
[WasmWorkerInit] worker=worker-980 outcome=ok handshakeMs=241 cache=hit cacheDir=/Users/nigelleck/.cache/neat-ai/wasm bundleBytes=469624 bundleLoadMs=1 glueImportMs=12 instantiateMs=2 wasmTotalMs=15 workerError=none
[WasmWorkerInit] worker=worker-981 outcome=ok handshakeMs=227 cache=hit cacheDir=/Users/nigelleck/.cache/neat-ai/wasm bundleBytes=469624 bundleLoadMs=1 glueImportMs=12 instantiateMs=2 wasmTotalMs=15 workerError=none
[WasmWorkerInit] worker=worker-982 outcome=ok handshakeMs=206 cache=hit cacheDir=/Users/nigelleck/.cache/neat-ai/wasm bundleBytes=469624 bundleLoadMs=1 glueImportMs=12 instantiateMs=2 wasmTotalMs=15 workerError=none
[WasmWorkerInit] worker=worker-983 outcome=ok handshakeMs=240 cache=hit cacheDir=/Users/nigelleck/.cache/neat-ai/wasm bundleBytes=469624 bundleLoadMs=1 glueImportMs=12 instantiateMs=2 wasmTotalMs=15 workerError=none
[WasmWorkerInit] worker=worker-984 outcome=ok handshakeMs=224 cache=hit cacheDir=/Users/nigelleck/.cache/neat-ai/wasm bundleBytes=469624 bundleLoadMs=1 glueImportMs=12 instantiateMs=2 wasmTotalMs=15 workerError=none
[WasmWorkerInit] worker=worker-985 outcome=ok handshakeMs=230 cache=hit cacheDir=/Users/nigelleck/.cache/neat-ai/wasm bundleBytes=469624 bundleLoadMs=1 glueImportMs=12 instantiateMs=2 wasmTotalMs=15 workerError=none
[WasmWorkerInit] worker=worker-986 outcome=ok handshakeMs=215 cache=hit cacheDir=/Users/nigelleck/.cache/neat-ai/wasm bundleBytes=469624 bundleLoadMs=1 glueImportMs=12 instantiateMs=2 wasmTotalMs=15 workerError=none
[WasmWorkerInit] worker=worker-987 outcome=ok handshakeMs=208 cache=hit cacheDir=/Users/nigelleck/.cache/neat-ai/wasm bundleBytes=469624 bundleLoadMs=1 glueImportMs=12 instantiateMs=2 wasmTotalMs=15 workerError=none
[WasmWorkerInit] worker=worker-988 outcome=ok handshakeMs=223 cache=hit cacheDir=/Users/nigelleck/.cache/neat-ai/wasm bundleBytes=469624 bundleLoadMs=1 glueImportMs=12 instantiateMs=2 wasmTotalMs=15 workerError=none
[neat-ai] running version 6.2.11
Skipping discovery: insufficient time (1m remaining, 2m estimated)
[Neat] Discovery replay: no improvement found (evaluated: 0)
[WasmWorkerInit] worker=worker-989 outcome=ok handshakeMs=95 cache=hit cacheDir=/Users/nigelleck/.cache/neat-ai/wasm bundleBytes=469624 bundleLoadMs=1 glueImportMs=12 instantiateMs=2 wasmTotalMs=15 workerError=none
[WasmWorkerInit] worker=worker-990 outcome=ok handshakeMs=207 cache=hit cacheDir=/Users/nigelleck/.cache/neat-ai/wasm bundleBytes=469624 bundleLoadMs=1 glueImportMs=12 instantiateMs=2 wasmTotalMs=15 workerError=none
[WasmWorkerInit] worker=worker-991 outcome=ok handshakeMs=484 cache=hit cacheDir=/Users/nigelleck/.cache/neat-ai/wasm bundleBytes=469624 bundleLoadMs=1 glueImportMs=12 instantiateMs=2 wasmTotalMs=15 workerError=none
[PreWarm] 1 new templates, 3 cached, 4 unique topologies (68ms)
[Timing] fitness=25706ms breeding=671ms breedingWorker=671ms mainThreadOverlap=0ms resultProcessing=0ms preWarm=68ms pipelineOverlap=71ms sort=0ms writeScores=4ms mutation=0ms deduplication=333ms speciation=3ms total=27464ms
[Utilisation] fitness=0%fast/100%heavy breeding=0%fast/100%heavy overall=8%
[Throughput] wall=27464ms nonFitness=1758ms gensPerHour=131.1 fast=busy2724ms/idle656412ms/depth11/wait0ms heavy=busy0ms/idle54928ms/depth3/wait0ms scorer=6.0ms/scored11/batchScored11/perCreatureScored0/batchInvocations1/batchFallback0/creaturesPerSec0.4 corruptParentSkips=0
Generation 56 score 0.344502034853194 (avg: 0.3438) error 0.6551203291468816 time 27s 600ms
[NEAT-AI] Batch scorer partition: 11 forwardOnly batched, 0 recurrent per-creature
[WasmWorkerInit] worker=worker-992 outcome=ok handshakeMs=243 cache=hit cacheDir=/Users/nigelleck/.cache/neat-ai/wasm bundleBytes=469624 bundleLoadMs=1 glueImportMs=12 instantiateMs=2 wasmTotalMs=15 workerError=none
[WasmWorkerInit] worker=worker-993 outcome=ok handshakeMs=204 cache=hit cacheDir=/Users/nigelleck/.cache/neat-ai/wasm bundleBytes=469624 bundleLoadMs=1 glueImportMs=12 instantiateMs=2 wasmTotalMs=15 workerError=none
[WasmWorkerInit] worker=worker-994 outcome=ok handshakeMs=275 cache=hit cacheDir=/Users/nigelleck/.cache/neat-ai/wasm bundleBytes=469624 bundleLoadMs=1 glueImportMs=12 instantiateMs=2 wasmTotalMs=15 workerError=none
[WasmWorkerInit] worker=worker-995 outcome=ok handshakeMs=232 cache=hit cacheDir=/Users/nigelleck/.cache/neat-ai/wasm bundleBytes=469624 bundleLoadMs=1 glueImportMs=12 instantiateMs=2 wasmTotalMs=15 workerError=none
[WasmWorkerInit] worker=worker-996 outcome=ok handshakeMs=215 cache=hit cacheDir=/Users/nigelleck/.cache/neat-ai/wasm bundleBytes=469624 bundleLoadMs=1 glueImportMs=12 instantiateMs=2 wasmTotalMs=15 workerError=none
[WasmWorkerInit] worker=worker-997 outcome=ok handshakeMs=223 cache=hit cacheDir=/Users/nigelleck/.cache/neat-ai/wasm bundleBytes=469624 bundleLoadMs=1 glueImportMs=12 instantiateMs=2 wasmTotalMs=15 workerError=none
[WasmWorkerInit] worker=worker-998 outcome=ok handshakeMs=211 cache=hit cacheDir=/Users/nigelleck/.cache/neat-ai/wasm bundleBytes=469624 bundleLoadMs=1 glueImportMs=12 instantiateMs=2 wasmTotalMs=15 workerError=none
[WasmWorkerInit] worker=worker-999 outcome=ok handshakeMs=214 cache=hit cacheDir=/Users/nigelleck/.cache/neat-ai/wasm bundleBytes=469624 bundleLoadMs=1 glueImportMs=12 instantiateMs=2 wasmTotalMs=15 workerError=none
[WasmWorkerInit] worker=worker-1000 outcome=ok handshakeMs=210 cache=hit cacheDir=/Users/nigelleck/.cache/neat-ai/wasm bundleBytes=469624 bundleLoadMs=1 glueImportMs=12 instantiateMs=2 wasmTotalMs=15 workerError=none
[WasmWorkerInit] worker=worker-1001 outcome=ok handshakeMs=222 cache=hit cacheDir=/Users/nigelleck/.cache/neat-ai/wasm bundleBytes=469624 bundleLoadMs=1 glueImportMs=12 instantiateMs=2 wasmTotalMs=15 workerError=none
[WasmWorkerInit] worker=worker-1002 outcome=ok handshakeMs=217 cache=hit cacheDir=/Users/nigelleck/.cache/neat-ai/wasm bundleBytes=469624 bundleLoadMs=1 glueImportMs=12 instantiateMs=2 wasmTotalMs=15 workerError=none
[WasmWorkerInit] worker=worker-1003 outcome=ok handshakeMs=242 cache=hit cacheDir=/Users/nigelleck/.cache/neat-ai/wasm bundleBytes=469624 bundleLoadMs=1 glueImportMs=12 instantiateMs=2 wasmTotalMs=15 workerError=none
[WasmWorkerInit] worker=worker-1004 outcome=ok handshakeMs=221 cache=hit cacheDir=/Users/nigelleck/.cache/neat-ai/wasm bundleBytes=469624 bundleLoadMs=1 glueImportMs=12 instantiateMs=2 wasmTotalMs=15 workerError=none
[WasmWorkerInit] worker=worker-1005 outcome=ok handshakeMs=268 cache=hit cacheDir=/Users/nigelleck/.cache/neat-ai/wasm bundleBytes=469624 bundleLoadMs=1 glueImportMs=12 instantiateMs=2 wasmTotalMs=15 workerError=none
[WasmWorkerInit] worker=worker-1006 outcome=ok handshakeMs=223 cache=hit cacheDir=/Users/nigelleck/.cache/neat-ai/wasm bundleBytes=469624 bundleLoadMs=1 glueImportMs=12 instantiateMs=2 wasmTotalMs=15 workerError=none
[WasmWorkerInit] worker=worker-1007 outcome=ok handshakeMs=208 cache=hit cacheDir=/Users/nigelleck/.cache/neat-ai/wasm bundleBytes=469624 bundleLoadMs=1 glueImportMs=12 instantiateMs=2 wasmTotalMs=15 workerError=none
[WasmWorkerInit] worker=worker-1008 outcome=ok handshakeMs=208 cache=hit cacheDir=/Users/nigelleck/.cache/neat-ai/wasm bundleBytes=469624 bundleLoadMs=1 glueImportMs=12 instantiateMs=2 wasmTotalMs=15 workerError=none
[WasmWorkerInit] worker=worker-1009 outcome=ok handshakeMs=224 cache=hit cacheDir=/Users/nigelleck/.cache/neat-ai/wasm bundleBytes=469624 bundleLoadMs=1 glueImportMs=12 instantiateMs=2 wasmTotalMs=15 workerError=none
[WasmWorkerInit] worker=worker-1010 outcome=ok handshakeMs=262 cache=hit cacheDir=/Users/nigelleck/.cache/neat-ai/wasm bundleBytes=469624 bundleLoadMs=1 glueImportMs=12 instantiateMs=2 wasmTotalMs=15 workerError=none
[WasmWorkerInit] worker=worker-1011 outcome=ok handshakeMs=221 cache=hit cacheDir=/Users/nigelleck/.cache/neat-ai/wasm bundleBytes=469624 bundleLoadMs=1 glueImportMs=12 instantiateMs=2 wasmTotalMs=15 workerError=none
[WasmWorkerInit] worker=worker-1012 outcome=ok handshakeMs=198 cache=hit cacheDir=/Users/nigelleck/.cache/neat-ai/wasm bundleBytes=469624 bundleLoadMs=1 glueImportMs=12 instantiateMs=2 wasmTotalMs=15 workerError=none
[WasmWorkerInit] worker=worker-1013 outcome=ok handshakeMs=222 cache=hit cacheDir=/Users/nigelleck/.cache/neat-ai/wasm bundleBytes=469624 bundleLoadMs=1 glueImportMs=12 instantiateMs=2 wasmTotalMs=15 workerError=none
[WasmWorkerInit] worker=worker-1014 outcome=ok handshakeMs=225 cache=hit cacheDir=/Users/nigelleck/.cache/neat-ai/wasm bundleBytes=469624 bundleLoadMs=1 glueImportMs=12 instantiateMs=2 wasmTotalMs=15 workerError=none
[neat-ai] running version 6.2.11
Training 11c3b9dd samples 57,405 ( rate 20.0% ) error 0.651 time average: 3ms 135µs 737ns total: 3m 7ms
Skipping discovery: insufficient time (1m remaining, 2m estimated)
[Neat] Discovery replay: no improvement found (evaluated: 0)
[WasmWorkerInit] worker=worker-1015 outcome=ok handshakeMs=102 cache=hit cacheDir=/Users/nigelleck/.cache/neat-ai/wasm bundleBytes=469624 bundleLoadMs=1 glueImportMs=12 instantiateMs=2 wasmTotalMs=15 workerError=none
[WasmWorkerInit] worker=worker-1016 outcome=ok handshakeMs=197 cache=hit cacheDir=/Users/nigelleck/.cache/neat-ai/wasm bundleBytes=469624 bundleLoadMs=1 glueImportMs=12 instantiateMs=2 wasmTotalMs=15 workerError=none
[WasmWorkerInit] worker=worker-1017 outcome=ok handshakeMs=720 cache=hit cacheDir=/Users/nigelleck/.cache/neat-ai/wasm bundleBytes=469624 bundleLoadMs=1 glueImportMs=12 instantiateMs=2 wasmTotalMs=15 workerError=none
[PreWarm] 1 new templates, 2 cached, 3 unique topologies (52ms)
[Timing] fitness=25669ms breeding=681ms breedingWorker=681ms mainThreadOverlap=0ms resultProcessing=0ms preWarm=52ms pipelineOverlap=53ms sort=0ms writeScores=3ms mutation=253ms deduplication=310ms speciation=1ms total=27648ms
[Utilisation] fitness=0%fast/100%heavy breeding=0%fast/100%heavy overall=8%
[Throughput] wall=27648ms nonFitness=1979ms gensPerHour=130.2 fast=busy2740ms/idle660812ms/depth11/wait0ms heavy=busy0ms/idle55296ms/depth3/wait0ms scorer=5.7ms/scored11/batchScored11/perCreatureScored0/batchInvocations1/batchFallback0/creaturesPerSec0.4 corruptParentSkips=0
Generation 57 score 0.3445020390137248 (avg: 0.3438) error 0.6551203249863508 time 27s 774ms
[NEAT-AI] Batch scorer partition: 11 forwardOnly batched, 0 recurrent per-creature
[WasmWorkerInit] worker=worker-1018 outcome=ok handshakeMs=237 cache=hit cacheDir=/Users/nigelleck/.cache/neat-ai/wasm bundleBytes=469624 bundleLoadMs=1 glueImportMs=12 instantiateMs=2 wasmTotalMs=15 workerError=none
[WasmWorkerInit] worker=worker-1019 outcome=ok handshakeMs=197 cache=hit cacheDir=/Users/nigelleck/.cache/neat-ai/wasm bundleBytes=469624 bundleLoadMs=1 glueImportMs=12 instantiateMs=2 wasmTotalMs=15 workerError=none
[WasmWorkerInit] worker=worker-1020 outcome=ok handshakeMs=216 cache=hit cacheDir=/Users/nigelleck/.cache/neat-ai/wasm bundleBytes=469624 bundleLoadMs=1 glueImportMs=12 instantiateMs=2 wasmTotalMs=15 workerError=none
[WasmWorkerInit] worker=worker-1021 outcome=ok handshakeMs=238 cache=hit cacheDir=/Users/nigelleck/.cache/neat-ai/wasm bundleBytes=469624 bundleLoadMs=1 glueImportMs=12 instantiateMs=2 wasmTotalMs=15 workerError=none
[WasmWorkerInit] worker=worker-1022 outcome=ok handshakeMs=236 cache=hit cacheDir=/Users/nigelleck/.cache/neat-ai/wasm bundleBytes=469624 bundleLoadMs=1 glueImportMs=12 instantiateMs=2 wasmTotalMs=15 workerError=none
[WasmWorkerInit] worker=worker-1023 outcome=ok handshakeMs=205 cache=hit cacheDir=/Users/nigelleck/.cache/neat-ai/wasm bundleBytes=469624 bundleLoadMs=1 glueImportMs=12 instantiateMs=2 wasmTotalMs=15 workerError=none
[WasmWorkerInit] worker=worker-1024 outcome=ok handshakeMs=239 cache=hit cacheDir=/Users/nigelleck/.cache/neat-ai/wasm bundleBytes=469624 bundleLoadMs=1 glueImportMs=12 instantiateMs=2 wasmTotalMs=15 workerError=none
[WasmWorkerInit] worker=worker-1025 outcome=ok handshakeMs=196 cache=hit cacheDir=/Users/nigelleck/.cache/neat-ai/wasm bundleBytes=469624 bundleLoadMs=1 glueImportMs=12 instantiateMs=2 wasmTotalMs=15 workerError=none
[WasmWorkerInit] worker=worker-1026 outcome=ok handshakeMs=214 cache=hit cacheDir=/Users/nigelleck/.cache/neat-ai/wasm bundleBytes=469624 bundleLoadMs=1 glueImportMs=12 instantiateMs=2 wasmTotalMs=15 workerError=none
[WasmWorkerInit] worker=worker-1027 outcome=ok handshakeMs=213 cache=hit cacheDir=/Users/nigelleck/.cache/neat-ai/wasm bundleBytes=469624 bundleLoadMs=1 glueImportMs=12 instantiateMs=2 wasmTotalMs=15 workerError=none
[WasmWorkerInit] worker=worker-1028 outcome=ok handshakeMs=215 cache=hit cacheDir=/Users/nigelleck/.cache/neat-ai/wasm bundleBytes=469624 bundleLoadMs=1 glueImportMs=12 instantiateMs=2 wasmTotalMs=15 workerError=none
[WasmWorkerInit] worker=worker-1029 outcome=ok handshakeMs=205 cache=hit cacheDir=/Users/nigelleck/.cache/neat-ai/wasm bundleBytes=469624 bundleLoadMs=1 glueImportMs=12 instantiateMs=2 wasmTotalMs=15 workerError=none
[WasmWorkerInit] worker=worker-1030 outcome=ok handshakeMs=202 cache=hit cacheDir=/Users/nigelleck/.cache/neat-ai/wasm bundleBytes=469624 bundleLoadMs=1 glueImportMs=12 instantiateMs=2 wasmTotalMs=15 workerError=none
Training 010d82b5 timed out after 5m 1ms
[WasmWorkerInit] worker=worker-1031 outcome=ok handshakeMs=220 cache=hit cacheDir=/Users/nigelleck/.cache/neat-ai/wasm bundleBytes=469624 bundleLoadMs=1 glueImportMs=12 instantiateMs=2 wasmTotalMs=15 workerError=none
[WasmWorkerInit] worker=worker-1032 outcome=ok handshakeMs=232 cache=hit cacheDir=/Users/nigelleck/.cache/neat-ai/wasm bundleBytes=469624 bundleLoadMs=1 glueImportMs=12 instantiateMs=2 wasmTotalMs=15 workerError=none
Training 010d82b5 caused a higher error of 0.6610504593860606 from 0.6551207327460307
Training 010d82b5 caused a higher error of 0.6610504593860606 from 0.6551207327460307 and no tuning
[WasmWorkerInit] worker=worker-1033 outcome=ok handshakeMs=172 cache=hit cacheDir=/Users/nigelleck/.cache/neat-ai/wasm bundleBytes=469624 bundleLoadMs=1 glueImportMs=12 instantiateMs=2 wasmTotalMs=15 workerError=none
[WasmWorkerInit] worker=worker-1034 outcome=ok handshakeMs=250 cache=hit cacheDir=/Users/nigelleck/.cache/neat-ai/wasm bundleBytes=469624 bundleLoadMs=1 glueImportMs=12 instantiateMs=2 wasmTotalMs=15 workerError=none
[WasmWorkerInit] worker=worker-1035 outcome=ok handshakeMs=202 cache=hit cacheDir=/Users/nigelleck/.cache/neat-ai/wasm bundleBytes=469624 bundleLoadMs=1 glueImportMs=12 instantiateMs=2 wasmTotalMs=15 workerError=none
[WasmWorkerInit] worker=worker-1036 outcome=ok handshakeMs=195 cache=hit cacheDir=/Users/nigelleck/.cache/neat-ai/wasm bundleBytes=469624 bundleLoadMs=1 glueImportMs=12 instantiateMs=2 wasmTotalMs=15 workerError=none
[WasmWorkerInit] worker=worker-1037 outcome=ok handshakeMs=193 cache=hit cacheDir=/Users/nigelleck/.cache/neat-ai/wasm bundleBytes=469624 bundleLoadMs=1 glueImportMs=12 instantiateMs=2 wasmTotalMs=15 workerError=none
[WasmWorkerInit] worker=worker-1038 outcome=ok handshakeMs=187 cache=hit cacheDir=/Users/nigelleck/.cache/neat-ai/wasm bundleBytes=469624 bundleLoadMs=1 glueImportMs=12 instantiateMs=2 wasmTotalMs=15 workerError=none
[WasmWorkerInit] worker=worker-1039 outcome=ok handshakeMs=202 cache=hit cacheDir=/Users/nigelleck/.cache/neat-ai/wasm bundleBytes=469624 bundleLoadMs=1 glueImportMs=12 instantiateMs=2 wasmTotalMs=15 workerError=none
[WasmWorkerInit] worker=worker-1040 outcome=ok handshakeMs=200 cache=hit cacheDir=/Users/nigelleck/.cache/neat-ai/wasm bundleBytes=469624 bundleLoadMs=1 glueImportMs=12 instantiateMs=2 wasmTotalMs=15 workerError=none
[neat-ai] running version 6.2.11
[DynamicPool] 1 idle heavy worker(s) assisting breeding
Training 010d82b5 completed after 5m 351ms
[Neat] Discovery replay: no improvement found (evaluated: 0)
[WasmWorkerInit] worker=worker-1041 outcome=ok handshakeMs=81 cache=hit cacheDir=/Users/nigelleck/.cache/neat-ai/wasm bundleBytes=469624 bundleLoadMs=1 glueImportMs=12 instantiateMs=2 wasmTotalMs=15 workerError=none
[WasmWorkerInit] worker=worker-1042 outcome=ok handshakeMs=183 cache=hit cacheDir=/Users/nigelleck/.cache/neat-ai/wasm bundleBytes=469624 bundleLoadMs=1 glueImportMs=12 instantiateMs=2 wasmTotalMs=15 workerError=none
[WasmWorkerInit] worker=worker-1043 outcome=ok handshakeMs=550 cache=hit cacheDir=/Users/nigelleck/.cache/neat-ai/wasm bundleBytes=469624 bundleLoadMs=1 glueImportMs=12 instantiateMs=2 wasmTotalMs=15 workerError=none
[WasmWorkerInit] worker=worker-1044 outcome=ok handshakeMs=194 cache=hit cacheDir=/Users/nigelleck/.cache/neat-ai/wasm bundleBytes=469624 bundleLoadMs=1 glueImportMs=12 instantiateMs=2 wasmTotalMs=15 workerError=none
[PreWarm] 1 new templates, 2 cached, 3 unique topologies (65ms)
[Timing] fitness=24753ms breeding=637ms breedingWorker=637ms mainThreadOverlap=10ms resultProcessing=10ms preWarm=65ms pipelineOverlap=76ms sort=0ms writeScores=3ms mutation=81ms deduplication=488ms speciation=1ms total=26653ms
[Utilisation] fitness=0%fast/50%heavy breeding=0%fast/50%heavy overall=4%
[Throughput] wall=26653ms nonFitness=1900ms gensPerHour=135.1 fast=busy2359ms/idle637313ms/depth11/wait0ms heavy=busy301434ms/idle0ms/depth3/wait50239ms scorer=6.2ms/scored11/batchScored11/perCreatureScored0/batchInvocations1/batchFallback0/creaturesPerSec0.4 corruptParentSkips=0
Generation 58 score 0.3445027184726608 (avg: 0.3438) error 0.6551196455274148 time 26s 777ms
Set training/discovery clean up count to 2
[Neat] Stuck-task watchdog abandoning 1 training task(s) past per-task deadline: 11c3b9dd
Avg time per generation: 46603ms, max wait: 6 generations in 5 minutes
Training timeout set to 1 generations (based on limiting factor)
[Neat] Wall-clock deadline passed; granting a bounded grace cycle for 1 in-flight training task(s) to return cooperatively before force-abandon
[Neat] Awaiting 1 in-flight task(s) (0 discovery, 1 training) with 30000ms timeout
[WasmWorkerInit] worker=worker-1045 outcome=ok handshakeMs=177 cache=hit cacheDir=/Users/nigelleck/.cache/neat-ai/wasm bundleBytes=469624 bundleLoadMs=1 glueImportMs=12 instantiateMs=2 wasmTotalMs=15 workerError=none
[WasmWorkerInit] worker=worker-1046 outcome=ok handshakeMs=166 cache=hit cacheDir=/Users/nigelleck/.cache/neat-ai/wasm bundleBytes=469624 bundleLoadMs=1 glueImportMs=12 instantiateMs=2 wasmTotalMs=15 workerError=none
[WasmWorkerInit] worker=worker-1047 outcome=ok handshakeMs=169 cache=hit cacheDir=/Users/nigelleck/.cache/neat-ai/wasm bundleBytes=469624 bundleLoadMs=1 glueImportMs=12 instantiateMs=2 wasmTotalMs=15 workerError=none
[WasmWorkerInit] worker=worker-1048 outcome=ok handshakeMs=169 cache=hit cacheDir=/Users/nigelleck/.cache/neat-ai/wasm bundleBytes=469624 bundleLoadMs=1 glueImportMs=12 instantiateMs=2 wasmTotalMs=15 workerError=none
[WasmWorkerInit] worker=worker-1049 outcome=ok handshakeMs=169 cache=hit cacheDir=/Users/nigelleck/.cache/neat-ai/wasm bundleBytes=469624 bundleLoadMs=1 glueImportMs=12 instantiateMs=2 wasmTotalMs=15 workerError=none
[WasmWorkerInit] worker=worker-1050 outcome=ok handshakeMs=180 cache=hit cacheDir=/Users/nigelleck/.cache/neat-ai/wasm bundleBytes=469624 bundleLoadMs=1 glueImportMs=12 instantiateMs=2 wasmTotalMs=15 workerError=none
[WasmWorkerInit] worker=worker-1051 outcome=ok handshakeMs=176 cache=hit cacheDir=/Users/nigelleck/.cache/neat-ai/wasm bundleBytes=469624 bundleLoadMs=1 glueImportMs=12 instantiateMs=2 wasmTotalMs=15 workerError=none
[WasmWorkerInit] worker=worker-1052 outcome=ok handshakeMs=171 cache=hit cacheDir=/Users/nigelleck/.cache/neat-ai/wasm bundleBytes=469624 bundleLoadMs=1 glueImportMs=12 instantiateMs=2 wasmTotalMs=15 workerError=none
[WasmWorkerInit] worker=worker-1053 outcome=ok handshakeMs=171 cache=hit cacheDir=/Users/nigelleck/.cache/neat-ai/wasm bundleBytes=469624 bundleLoadMs=1 glueImportMs=12 instantiateMs=2 wasmTotalMs=15 workerError=none
[WasmWorkerInit] worker=worker-1054 outcome=ok handshakeMs=171 cache=hit cacheDir=/Users/nigelleck/.cache/neat-ai/wasm bundleBytes=469624 bundleLoadMs=1 glueImportMs=12 instantiateMs=2 wasmTotalMs=15 workerError=none
[WasmWorkerInit] worker=worker-1055 outcome=ok handshakeMs=171 cache=hit cacheDir=/Users/nigelleck/.cache/neat-ai/wasm bundleBytes=469624 bundleLoadMs=1 glueImportMs=12 instantiateMs=2 wasmTotalMs=15 workerError=none
[WasmWorkerInit] worker=worker-1056 outcome=ok handshakeMs=171 cache=hit cacheDir=/Users/nigelleck/.cache/neat-ai/wasm bundleBytes=469624 bundleLoadMs=1 glueImportMs=12 instantiateMs=2 wasmTotalMs=15 workerError=none
[WasmWorkerInit] worker=worker-1057 outcome=ok handshakeMs=171 cache=hit cacheDir=/Users/nigelleck/.cache/neat-ai/wasm bundleBytes=469624 bundleLoadMs=1 glueImportMs=12 instantiateMs=2 wasmTotalMs=15 workerError=none
[WasmWorkerInit] worker=worker-1058 outcome=ok handshakeMs=170 cache=hit cacheDir=/Users/nigelleck/.cache/neat-ai/wasm bundleBytes=469624 bundleLoadMs=1 glueImportMs=12 instantiateMs=2 wasmTotalMs=15 workerError=none
[WasmWorkerInit] worker=worker-1059 outcome=ok handshakeMs=170 cache=hit cacheDir=/Users/nigelleck/.cache/neat-ai/wasm bundleBytes=469624 bundleLoadMs=1 glueImportMs=12 instantiateMs=2 wasmTotalMs=15 workerError=none
[WasmWorkerInit] worker=worker-1060 outcome=ok handshakeMs=171 cache=hit cacheDir=/Users/nigelleck/.cache/neat-ai/wasm bundleBytes=469624 bundleLoadMs=1 glueImportMs=12 instantiateMs=2 wasmTotalMs=15 workerError=none
[WasmWorkerInit] worker=worker-1061 outcome=ok handshakeMs=171 cache=hit cacheDir=/Users/nigelleck/.cache/neat-ai/wasm bundleBytes=469624 bundleLoadMs=1 glueImportMs=12 instantiateMs=2 wasmTotalMs=15 workerError=none
[WasmWorkerInit] worker=worker-1062 outcome=ok handshakeMs=172 cache=hit cacheDir=/Users/nigelleck/.cache/neat-ai/wasm bundleBytes=469624 bundleLoadMs=1 glueImportMs=12 instantiateMs=2 wasmTotalMs=15 workerError=none
[WasmWorkerInit] worker=worker-1063 outcome=ok handshakeMs=171 cache=hit cacheDir=/Users/nigelleck/.cache/neat-ai/wasm bundleBytes=469624 bundleLoadMs=1 glueImportMs=12 instantiateMs=2 wasmTotalMs=15 workerError=none
[WasmWorkerInit] worker=worker-1064 outcome=ok handshakeMs=171 cache=hit cacheDir=/Users/nigelleck/.cache/neat-ai/wasm bundleBytes=469624 bundleLoadMs=1 glueImportMs=12 instantiateMs=2 wasmTotalMs=15 workerError=none
[WasmWorkerInit] worker=worker-1065 outcome=ok handshakeMs=171 cache=hit cacheDir=/Users/nigelleck/.cache/neat-ai/wasm bundleBytes=469624 bundleLoadMs=1 glueImportMs=12 instantiateMs=2 wasmTotalMs=15 workerError=none
[WasmWorkerInit] worker=worker-1066 outcome=ok handshakeMs=170 cache=hit cacheDir=/Users/nigelleck/.cache/neat-ai/wasm bundleBytes=469624 bundleLoadMs=1 glueImportMs=12 instantiateMs=2 wasmTotalMs=15 workerError=none
[neat-ai] running version 6.2.11
Training 11c3b9dd samples 86,903 ( rate 20.0% ) error 0.657 time average: 2ms 761µs 791ns total: 4m 8ms
[DynamicPool] 1 idle heavy worker(s) assisting fitness evaluation
[NEAT-AI] Batch scorer partition: 12 forwardOnly batched, 0 recurrent per-creature
Fine tuning increased fitness by 6.507575456282666e-7 to 0.3445033692302064 adjusted 1 weight, 2 biases 
[DynamicPool] 1 idle heavy worker(s) assisting breeding
[Neat] Discovery replay: no improvement found (evaluated: 0)
[WasmWorkerInit] worker=worker-1067 outcome=ok handshakeMs=82 cache=hit cacheDir=/Users/nigelleck/.cache/neat-ai/wasm bundleBytes=469624 bundleLoadMs=1 glueImportMs=12 instantiateMs=2 wasmTotalMs=15 workerError=none
[WasmWorkerInit] worker=worker-1068 outcome=ok handshakeMs=203 cache=hit cacheDir=/Users/nigelleck/.cache/neat-ai/wasm bundleBytes=469624 bundleLoadMs=1 glueImportMs=12 instantiateMs=2 wasmTotalMs=15 workerError=none
[WasmWorkerInit] worker=worker-1069 outcome=ok handshakeMs=607 cache=hit cacheDir=/Users/nigelleck/.cache/neat-ai/wasm bundleBytes=469624 bundleLoadMs=1 glueImportMs=12 instantiateMs=2 wasmTotalMs=15 workerError=none
[PreWarm] 1 new templates, 2 cached, 3 unique topologies (59ms)
[Timing] fitness=25073ms breeding=641ms breedingWorker=641ms mainThreadOverlap=0ms resultProcessing=0ms preWarm=59ms pipelineOverlap=60ms sort=0ms writeScores=3ms mutation=170ms deduplication=279ms speciation=1ms total=26942ms
[Utilisation] fitness=0%fast/50%heavy breeding=0%fast/50%heavy overall=4%
[Throughput] wall=26942ms nonFitness=1869ms gensPerHour=133.6 fast=busy2303ms/idle644305ms/depth12/wait0ms heavy=busy0ms/idle53884ms/depth1/wait0ms scorer=5.7ms/scored12/batchScored12/perCreatureScored0/batchInvocations1/batchFallback0/creaturesPerSec0.5 corruptParentSkips=0
Generation 59 score 0.3445033692302064 (avg: 0.3416) error 0.6551189947698691 time 57s 84ms
[Neat] Stuck-task watchdog abandoning 1 training task(s) past per-task deadline: eca9e9cc
Waiting for training/discovery clean up 2
[DynamicPool] 1 idle heavy worker(s) assisting fitness evaluation
[NEAT-AI] Batch scorer partition: 12 forwardOnly batched, 0 recurrent per-creature
[WasmWorkerInit] worker=worker-1070 outcome=ok handshakeMs=280 cache=hit cacheDir=/Users/nigelleck/.cache/neat-ai/wasm bundleBytes=469624 bundleLoadMs=1 glueImportMs=12 instantiateMs=2 wasmTotalMs=15 workerError=none
[WasmWorkerInit] worker=worker-1071 outcome=ok handshakeMs=193 cache=hit cacheDir=/Users/nigelleck/.cache/neat-ai/wasm bundleBytes=469624 bundleLoadMs=1 glueImportMs=12 instantiateMs=2 wasmTotalMs=15 workerError=none
[WasmWorkerInit] worker=worker-1072 outcome=ok handshakeMs=216 cache=hit cacheDir=/Users/nigelleck/.cache/neat-ai/wasm bundleBytes=469624 bundleLoadMs=1 glueImportMs=12 instantiateMs=2 wasmTotalMs=15 workerError=none
[WasmWorkerInit] worker=worker-1073 outcome=ok handshakeMs=194 cache=hit cacheDir=/Users/nigelleck/.cache/neat-ai/wasm bundleBytes=469624 bundleLoadMs=1 glueImportMs=12 instantiateMs=2 wasmTotalMs=15 workerError=none
[WasmWorkerInit] worker=worker-1074 outcome=ok handshakeMs=194 cache=hit cacheDir=/Users/nigelleck/.cache/neat-ai/wasm bundleBytes=469624 bundleLoadMs=1 glueImportMs=12 instantiateMs=2 wasmTotalMs=15 workerError=none
[WasmWorkerInit] worker=worker-1075 outcome=ok handshakeMs=204 cache=hit cacheDir=/Users/nigelleck/.cache/neat-ai/wasm bundleBytes=469624 bundleLoadMs=1 glueImportMs=12 instantiateMs=2 wasmTotalMs=15 workerError=none
[WasmWorkerInit] worker=worker-1076 outcome=ok handshakeMs=187 cache=hit cacheDir=/Users/nigelleck/.cache/neat-ai/wasm bundleBytes=469624 bundleLoadMs=1 glueImportMs=12 instantiateMs=2 wasmTotalMs=15 workerError=none
[WasmWorkerInit] worker=worker-1077 outcome=ok handshakeMs=200 cache=hit cacheDir=/Users/nigelleck/.cache/neat-ai/wasm bundleBytes=469624 bundleLoadMs=1 glueImportMs=12 instantiateMs=2 wasmTotalMs=15 workerError=none
[WasmWorkerInit] worker=worker-1078 outcome=ok handshakeMs=199 cache=hit cacheDir=/Users/nigelleck/.cache/neat-ai/wasm bundleBytes=469624 bundleLoadMs=1 glueImportMs=12 instantiateMs=2 wasmTotalMs=15 workerError=none
[WasmWorkerInit] worker=worker-1079 outcome=ok handshakeMs=208 cache=hit cacheDir=/Users/nigelleck/.cache/neat-ai/wasm bundleBytes=469624 bundleLoadMs=1 glueImportMs=12 instantiateMs=2 wasmTotalMs=15 workerError=none
[WasmWorkerInit] worker=worker-1080 outcome=ok handshakeMs=243 cache=hit cacheDir=/Users/nigelleck/.cache/neat-ai/wasm bundleBytes=469624 bundleLoadMs=1 glueImportMs=12 instantiateMs=2 wasmTotalMs=15 workerError=none
[WasmWorkerInit] worker=worker-1081 outcome=ok handshakeMs=213 cache=hit cacheDir=/Users/nigelleck/.cache/neat-ai/wasm bundleBytes=469624 bundleLoadMs=1 glueImportMs=12 instantiateMs=2 wasmTotalMs=15 workerError=none
[WasmWorkerInit] worker=worker-1082 outcome=ok handshakeMs=190 cache=hit cacheDir=/Users/nigelleck/.cache/neat-ai/wasm bundleBytes=469624 bundleLoadMs=1 glueImportMs=12 instantiateMs=2 wasmTotalMs=15 workerError=none
[WasmWorkerInit] worker=worker-1083 outcome=ok handshakeMs=198 cache=hit cacheDir=/Users/nigelleck/.cache/neat-ai/wasm bundleBytes=469624 bundleLoadMs=1 glueImportMs=12 instantiateMs=2 wasmTotalMs=15 workerError=none
[WasmWorkerInit] worker=worker-1084 outcome=ok handshakeMs=216 cache=hit cacheDir=/Users/nigelleck/.cache/neat-ai/wasm bundleBytes=469624 bundleLoadMs=1 glueImportMs=12 instantiateMs=2 wasmTotalMs=15 workerError=none
[WasmWorkerInit] worker=worker-1085 outcome=ok handshakeMs=226 cache=hit cacheDir=/Users/nigelleck/.cache/neat-ai/wasm bundleBytes=469624 bundleLoadMs=1 glueImportMs=12 instantiateMs=2 wasmTotalMs=15 workerError=none
[WasmWorkerInit] worker=worker-1086 outcome=ok handshakeMs=195 cache=hit cacheDir=/Users/nigelleck/.cache/neat-ai/wasm bundleBytes=469624 bundleLoadMs=1 glueImportMs=12 instantiateMs=2 wasmTotalMs=15 workerError=none
[WasmWorkerInit] worker=worker-1087 outcome=ok handshakeMs=192 cache=hit cacheDir=/Users/nigelleck/.cache/neat-ai/wasm bundleBytes=469624 bundleLoadMs=1 glueImportMs=12 instantiateMs=2 wasmTotalMs=15 workerError=none
[WasmWorkerInit] worker=worker-1088 outcome=ok handshakeMs=190 cache=hit cacheDir=/Users/nigelleck/.cache/neat-ai/wasm bundleBytes=469624 bundleLoadMs=1 glueImportMs=12 instantiateMs=2 wasmTotalMs=15 workerError=none
[WasmWorkerInit] worker=worker-1089 outcome=ok handshakeMs=233 cache=hit cacheDir=/Users/nigelleck/.cache/neat-ai/wasm bundleBytes=469624 bundleLoadMs=1 glueImportMs=12 instantiateMs=2 wasmTotalMs=15 workerError=none
[WasmWorkerInit] worker=worker-1090 outcome=ok handshakeMs=203 cache=hit cacheDir=/Users/nigelleck/.cache/neat-ai/wasm bundleBytes=469624 bundleLoadMs=1 glueImportMs=12 instantiateMs=2 wasmTotalMs=15 workerError=none
[WasmWorkerInit] worker=worker-1091 outcome=ok handshakeMs=216 cache=hit cacheDir=/Users/nigelleck/.cache/neat-ai/wasm bundleBytes=469624 bundleLoadMs=1 glueImportMs=12 instantiateMs=2 wasmTotalMs=15 workerError=none
[WasmWorkerInit] worker=worker-1092 outcome=ok handshakeMs=224 cache=hit cacheDir=/Users/nigelleck/.cache/neat-ai/wasm bundleBytes=469624 bundleLoadMs=1 glueImportMs=12 instantiateMs=2 wasmTotalMs=15 workerError=none
[neat-ai] running version 6.2.11
[DynamicPool] 1 idle heavy worker(s) assisting breeding
Training 11c3b9dd timed out after 5m 2ms
[Neat] Discovery replay: no improvement found (evaluated: 0)
Training eca9e9cc with 520 binary files, target error: 0.002, iterations: 1, sample rate: 20.0%, sparse: 2.0%
[PreWarm] 1 new templates, 2 cached, 3 unique topologies (80ms)
[Timing] fitness=25922ms breeding=1284ms breedingWorker=1284ms mainThreadOverlap=0ms resultProcessing=0ms preWarm=80ms pipelineOverlap=81ms sort=0ms writeScores=2ms mutation=363ms deduplication=477ms speciation=1ms total=28739ms
[Utilisation] fitness=0%fast/50%heavy breeding=0%fast/50%heavy overall=4%
[Throughput] wall=28739ms nonFitness=2817ms gensPerHour=125.3 fast=busy6560ms/idle683176ms/depth12/wait0ms heavy=busy0ms/idle57478ms/depth0/wait0ms scorer=6.7ms/scored12/batchScored12/perCreatureScored0/batchInvocations1/batchFallback0/creaturesPerSec0.5 corruptParentSkips=0
Generation 60 score 0.3445033692302064 (avg: 0.3422) error 0.6551189947698691 time 28s 890ms
Waiting for training/discovery clean up 1
[DynamicPool] 1 idle heavy worker(s) assisting fitness evaluation
[NEAT-AI] Batch scorer partition: 13 forwardOnly batched, 0 recurrent per-creature
Training eca9e9cc samples 14,553 ( rate 20.0% ) error 0.635 time average: 4ms 123µs 617ns total: 1m 11ms
[DynamicPool] 1 idle heavy worker(s) assisting breeding
[PreWarm] 1 new templates, 1 cached, 2 unique topologies (88ms)
[Timing] fitness=81462ms breeding=1242ms breedingWorker=1242ms mainThreadOverlap=0ms resultProcessing=0ms preWarm=88ms pipelineOverlap=94ms sort=0ms writeScores=19ms mutation=356ms deduplication=441ms speciation=6ms total=84434ms
[Utilisation] fitness=0%fast/50%heavy breeding=0%fast/50%heavy overall=4%
[Throughput] wall=84434ms nonFitness=2972ms gensPerHour=42.6 fast=busy6274ms/idle2020142ms/depth13/wait0ms heavy=busy0ms/idle168868ms/depth0/wait0ms scorer=9.1ms/scored13/batchScored13/perCreatureScored0/batchInvocations1/batchFallback0/creaturesPerSec0.2 corruptParentSkips=0
Generation 61 score 0.3445033692302064 (avg: 0.3390) error 0.6551189947698691 time 1m 24s 653ms
2026-08-08T01:37:08.987Z [INFO] [Learn] [pid-38259] Evolution of 61 generations in 47m 54s, averaging 47s 113ms
2026-08-08T01:37:08.987Z [WARN] [Learn] [pid-38259] model training over-run: elapsed 47m 53s vs expected 45m — continuing to completion (warn-only; only run.sh's wall-clock cap may kill) (#3204)
2026-08-08T01:37:09.168Z [INFO] [saveValidatedCreatureExport] [pid-38259] [forward-only] saved file=.network.json uuid=a8849ad2-4297-5e46-bc81-7e8e1987356f
[result-metadata] stamped .result.json with population=15 task=learn
From github.com:stSoftwareAU/GRQ-cluster
 * branch              main       -> FETCH_HEAD
   5e0afd33..f15951cd  main       -> origin/main
Updating 5e0afd33..f15951cd
Fast-forward
 performance.csv                         |  8 +++
 statistics/GRQ-10/2026/08/08/00-54.json | 94 +++++++++++++++++++++++++++++++++
 statistics/GRQ-13/2026/08/08/01-22.json | 94 +++++++++++++++++++++++++++++++++
 statistics/GRQ-13/2026/08/08/01-27.json | 94 +++++++++++++++++++++++++++++++++
 statistics/GRQ-18/2026/08/08/00-54.json | 94 +++++++++++++++++++++++++++++++++
 statistics/GRQ-19/2026/08/08/01-08.json | 94 +++++++++++++++++++++++++++++++++
 statistics/GRQ-21/2026/08/08/01-19.json | 94 +++++++++++++++++++++++++++++++++
 statistics/GRQ-22/2026/08/08/01-32.json | 94 +++++++++++++++++++++++++++++++++
 statistics/GRQ-25/2026/08/08/01-31.json | 94 +++++++++++++++++++++++++++++++++
 statistics/GRQ-25/2026/08/08/01-32.json | 94 +++++++++++++++++++++++++++++++++
 10 files changed, 854 insertions(+)
 create mode 100644 statistics/GRQ-10/2026/08/08/00-54.json
 create mode 100644 statistics/GRQ-13/2026/08/08/01-22.json
 create mode 100644 statistics/GRQ-13/2026/08/08/01-27.json
 create mode 100644 statistics/GRQ-18/2026/08/08/00-54.json
 create mode 100644 statistics/GRQ-19/2026/08/08/01-08.json
 create mode 100644 statistics/GRQ-21/2026/08/08/01-19.json
 create mode 100644 statistics/GRQ-22/2026/08/08/01-32.json
 create mode 100644 statistics/GRQ-25/2026/08/08/01-31.json
 create mode 100644 statistics/GRQ-25/2026/08/08/01-32.json
[11:37:12] 📦 checkin-sample.sh on host Mac-Ultra-M2 (via learn.sh)
GIT-OP: [checkin-sample] git pull ok in 4s (attempt 1/3, timeout=600s)
From github.com:stSoftwareAU/GRQ-sampler
   fa16318..2bf2c05  main       -> origin/main
Updating fa16318..2bf2c05
Fast-forward
 TacitKnowledge/hive.json                 |    17 +-
 samples/Enceladus.json                   | 30013 ++++++++-------
 samples/GRQ-10-1.json                    |   136 +-
 samples/GRQ-11-1.json                    |   522 +-
 samples/GRQ-13-1.json                    |   450 +-
 samples/GRQ-18-1.json                    | 12855 ++++---
 samples/GRQ-19-1.json                    | 59447 +++++++++++++++--------------
 samples/GRQ-21-1.json                    | 10563 ++---
 samples/{GRQ-24-1.json => GRQ-22-1.json} | 10998 +++---
 samples/GRQ-25-1.json                    |  8611 +++--
 10 files changed, 67375 insertions(+), 66237 deletions(-)
 rename samples/{GRQ-24-1.json => GRQ-22-1.json} (99%)
[11:37:17] 🧭 check-in provenance: caller=learn.sh host=Mac-Ultra-M2 since-previous=54m 38s
[11:37:19] ✅ Committing 🦠 Mac-Ultra-M2 🎯, Score: 0.344503
[main 9308af0] 🦠 Mac-Ultra-M2 🎯, Score: 0.344503, Neurons: 1,596 & Synapses: 21,812
 1 file changed, 121 insertions(+), 25 deletions(-)
GIT-OP: [checkin-sample] git push ok in 3s (attempt 1/3, timeout=600s)
To github.com:stSoftwareAU/GRQ-sampler.git
   2bf2c05..9308af0  main -> main
Difference between cluster score 0.3445 & worker score 0.3445 is 0
Training-data sha worker='9edf6c16515f3fd879adf422283c305d354dfb851e2ac38b7c1d35531286c309' last_run='9edf6c16515f3fd879adf422283c305d354dfb851e2ac38b7c1d35531286c309' data_changed_this_run=0
Cluster score same as worker ( within three decimal places). Ignoring cluster's network
[11:37:23] 📊 Performance recorded: 61 generations in 2873869ms, 520 training files, 1596 neurons, 21812 synapses, score 0.3445033692302064, NEAT-AI 6.2.11, CPUs 24, load 40.67/38.73/39.71, RAM 64GB, available 50660MB, ext 116, mode none, pop 15 (requested 15), sampleRate 0.2, sparseRatio 0.02
[statistics-snapshot] wrote statistics/Mac-Ultra-M2/2026/08/08/01-37.json
Performance CSV (non-promoting, score unchanged 0.3445) on Mac-Ultra-M2
[main 7812c7e1] Performance CSV (non-promoting, score unchanged 0.3445) on Mac-Ultra-M2
 2 files changed, 95 insertions(+)
 create mode 100644 statistics/Mac-Ultra-M2/2026/08/08/01-37.json
[discovery-worker-fallback] fallbacks=0 firstError=none
[training-outcomes] tasks=37 completed=0 timedOut=35 inFlight=2 maxConsecutiveTimeouts=35 threshold=3
[training-outcomes] task=07fab4f3 outcome=timed_out error=0.662
[training-outcomes] task=6c68636a outcome=timed_out error=0.648
[training-outcomes] task=b1804bc5 outcome=timed_out error=0.657
[training-outcomes] task=6f1ee239 outcome=timed_out error=0.663
[training-outcomes] task=2ed36eca outcome=timed_out error=0.657
[training-outcomes] task=1e5373a6 outcome=timed_out error=0.643
[training-outcomes] task=ba408275 outcome=timed_out error=0.649
[training-outcomes] task=0bd8b75f outcome=timed_out error=0.659
[training-outcomes] task=20f8e069 outcome=timed_out error=0.640
[training-outcomes] task=572c830a outcome=timed_out error=0.664
[training-outcomes] task=d0f16ead outcome=timed_out error=0.670
[training-outcomes] task=93a9c958 outcome=timed_out error=0.662
[training-outcomes] task=65afc91a outcome=timed_out error=0.658
[training-outcomes] task=0b41bced outcome=timed_out error=0.655
[training-outcomes] task=5f185bdb outcome=timed_out error=0.664
[training-outcomes] task=7370f42a outcome=timed_out error=0.645
[training-outcomes] task=712948ac outcome=timed_out error=0.663
[training-outcomes] task=f50026b5 outcome=timed_out error=0.654
[training-outcomes] task=3460dfa7 outcome=in_flight error=0.653
[training-outcomes] task=302ad5c0 outcome=timed_out error=0.656
[training-outcomes] task=cc3d1ada outcome=timed_out error=0.654
[training-outcomes] task=89bebd0d outcome=timed_out error=0.638
[training-outcomes] task=b28295d1 outcome=timed_out error=0.650
[training-outcomes] task=d43fe65d outcome=timed_out error=0.651
[training-outcomes] task=1417dda8 outcome=timed_out error=0.655
[training-outcomes] task=1d6b8ab1 outcome=timed_out error=0.660
[training-outcomes] task=8ffb4a87 outcome=timed_out error=0.649
[training-outcomes] task=e96a5b9a outcome=timed_out error=0.662
[training-outcomes] task=1c90bbfa outcome=timed_out error=0.661
[training-outcomes] task=9282c0fa outcome=timed_out error=0.655
[training-outcomes] task=d0b3a30a outcome=timed_out error=0.644
[training-outcomes] task=4acff6b3 outcome=timed_out error=0.662
[training-outcomes] task=360c99f0 outcome=timed_out error=0.653
[training-outcomes] task=e8674595 outcome=timed_out error=0.677
[training-outcomes] task=010d82b5 outcome=timed_out error=0.656
[training-outcomes] task=11c3b9dd outcome=timed_out error=0.657
[training-outcomes] task=eca9e9cc outcome=in_flight error=0.635
[training-outcomes] WARNING maxConsecutiveTimeouts=35 exceeds threshold=3 — the per-task training budget is not reaching the target error; reconcile budget vs target (#3769)
[stage-failure-health] failures=0 firstStage=none firstExitCode=0 firstHitLine=0
GIT-OP: [reset] git fetch ok in 3s (attempt 1/3, timeout=600s)
HEAD is now at ba383b5d3 Add direct behavioural tests for batchScoreCreatures (Issue #3909) (#3928)
GIT-OP: [model_fetch GRQ-health] git fetch ok in 3s (attempt 1/6, timeout=none)
From github.com:stSoftwareAU/GRQ-health
   88180e4..df99813  Develop    -> origin/Develop
HEAD is now at df99813 Update repo health: Vibe Coder:GRQ-25
branch 'Develop' set up to track 'origin/Develop'.
Your branch is up to date with 'origin/Develop'.
✅ GRQ-health synced with remote (validation skipped)
🩺 [health_sync] entry repo=/Users/nigelleck/src/GRQ-health branch=Develop local_ahead=0 behind=0
🩺 [health_sync] decision path=noop
🩺 [health_sync] result status=ok
Updating health information...
Already up to date.
Updated health information for Mac-Ultra-M2
