================ Clean up START ================
Version 1.3.7
/Volumes/GRQ/src/GRQ/worker
Disk usage:
Filesystem        Size    Used   Avail Capacity iused ifree %iused  Mounted on
/dev/disk3s1s1   926Gi    10Gi   361Gi     3%    426k  3.8G    0%   /
devfs            210Ki   210Ki     0Bi   100%     726     0  100%   /dev
/dev/disk3s6     926Gi   2.0Gi   361Gi     1%       2  3.8G    0%   /System/Volumes/VM
/dev/disk3s2     926Gi   6.6Gi   361Gi     2%    1.2k  3.8G    0%   /System/Volumes/Preboot
/dev/disk3s4     926Gi   3.2Mi   361Gi     1%      56  3.8G    0%   /System/Volumes/Update
/dev/disk1s2     500Mi   6.0Mi   483Mi     2%       1  4.9M    0%   /System/Volumes/xarts
/dev/disk1s1     500Mi   5.4Mi   483Mi     2%      32  4.9M    0%   /System/Volumes/iSCPreboot
/dev/disk1s3     500Mi   1.0Mi   483Mi     1%      62  4.9M    0%   /System/Volumes/Hardware
/dev/disk3s5     926Gi   545Gi   361Gi    61%     19M  3.8G    1%   /System/Volumes/Data
map auto_home      0Bi     0Bi     0Bi   100%       0     0     -   /System/Volumes/Data/home
/dev/disk7s1     1.8Ti   325Gi   1.5Ti    18%    9.2M   16G    0%   /Volumes/GRQ
Uptime:  2:27  up 25 days, 18:56, 5 users, load averages: 37.46 36.10 39.68
USER   PID  PPID COMMAND
grq  39083 39082 /bin/bash /Volumes/GRQ/src/GRQ/run.sh
grq  39115 39083 /bin/bash worker/node.sh
root 39125 39115 ps -U grq -o user,pid,ppid,command
grq   1872  1871 -zsh
grq   1876  1872 tail -F /Volumes/GRQ/logs/node.log
worker/node.sh: line 41: ifconfig: command not found
worker/node.sh: line 42: sysctl: command not found
Host: Mac-Ultra-M2
IP: 
Number of CPUs: 
Available Memory: 63G
================ Clean up ENDED ================
Use local deno
PATH: /Volumes/GRQ/.deno/bin:/usr/bin:/bin:/opt/homebrew/bin
deno 2.5.0 (stable, release, aarch64-apple-darwin)
v8 14.0.365.4-rusty
typescript 5.9.2
aws-cli/2.26.2 Python/3.13.3 Darwin/24.6.0 source/arm64
Option: industry
Starting Industry... Wed Sep 17 02:27:18 AEST 2025
Already up to date.
HEAD is now at f9144819e2 GRQ-7 Improved Industry models (GRQ-7)
Reset branch 'main'
branch 'main' set up to track 'origin/main'.
Your branch is up to date with 'origin/main'.
✅ GRQ-industryV2 synced with remote (validation skipped)
🔄 Rsync attempt 1 of 3: nigel@10.0.0.89:Training/trainData-industry_88.tgz ../../.cache/trainData-industry_88.tgz
HEAD is now at 63dea885 REJECTED 41.10% -> 10.98% Delta -30.128
Reset branch 'main'
branch 'main' set up to track 'origin/main'.
Your branch is up to date with 'origin/main'.
✅ GRQ-portfolio synced with remote (validation skipped)
FLAT_GLASS , score: 0.9478183979810296
Skipping (good score) FLAT_GLASS , score: 0.948
SERVICES-MOTION_PICTURE_THEATERS , score: 0.8057945261647139
Skipping (good score) SERVICES-MOTION_PICTURE_THEATERS , score: 0.806
GUIDED_MISSILES-SPACE_VEHICLES-PARTS , score: 0.8141717102526349
Skipping (good score) GUIDED_MISSILES-SPACE_VEHICLES-PARTS , score: 0.814
PHARMACEUTICALS , score: 0.981026466184344
Skipping (good score) PHARMACEUTICALS , score: 0.981
SPECIALTY_RETAIL , score: 0.8115037870986566
Skipping (good score) SPECIALTY_RETAIL , score: 0.812
MORTGAGE_BANKERS-LOAN_CORRESPONDENTS , score: 0.7029118413496616
Skipping (good score) MORTGAGE_BANKERS-LOAN_CORRESPONDENTS , score: 0.703
RETAIL-FOOD_STORES , score: 0.8922238980641211
Skipping (good score) RETAIL-FOOD_STORES , score: 0.892
GENERAL , score: 0.9499097482167118
Skipping (good score) GENERAL , score: 0.950
UTILITIES-REGULATED_GAS , score: 0.7791836584155467
Skipping (good score) UTILITIES-REGULATED_GAS , score: 0.779
AIR_TRANSPORTATION_SCHEDULED , score: 0.7023278013312143
Skipping (good score) AIR_TRANSPORTATION_SCHEDULED , score: 0.702
RETAIL-WOMENS_CLOTHING_STORES , score: 0.5902820389854484
process (poor score) RETAIL-WOMENS_CLOTHING_STORES , score: 0.5902820389854484 lvl: 2
1 mutation, mutation rate 5.0%, elitism 4, mutation ALL, selection TOURNAMENT
Creature count: 404
Over populated 405, expected 50.
Culling duplicate creature at 1 of 405
Culling duplicate creature at 1 of 404
DeDuplication of 2 creatures to 403 in 3ms (previous experiment )
Max is too large 1.1559466326634707e+195
Total is too large 1.1559466326634707e+195
Training 7b94a2b4 with 1 binary file, target error: 0.05, iterations: 1, sample rate: 100%, sparse: 100%
Discovery 7b94a2b4 with 1 binary files, sample rate: 100%, batch size: 512
Discovery 7b94a2b4 initialize time 4s 809ms
Discovery 7b94a2b4 processing .trainData-industry_88/RETAIL-WOMENS_CLOTHING_STORES/data.bin
Fine tuning increased fitness by 1.186153431032011e-7 to 0.5902821576007915 adjusted 1 weight 
Training e6dc9e27 with 1 binary file, target error: 0.05, iterations: 1, sample rate: 100%, sparse: 100%
Fine tuning increased fitness by 4.0742332130250247e-7 to 0.5902825650241128 adjusted 1 weight 
Discovery 7b94a2b4 read time 27ms for .trainData-industry_88/RETAIL-WOMENS_CLOTHING_STORES/data.bin with 4642 records
Discovery 7b94a2b4 scanning time 1m 3s 869ms
Fine tuning increased fitness by 7.341113674730337e-7 to 0.5902832991354803 adjusted 1 weight 
Fine tuning increased fitness by 0.0000018091255358232416 to 0.5902851082610161 adjusted 1 weight 
Training 5617eacb with 1 binary file, target error: 0.05, iterations: 1, sample rate: 100%, sparse: 100%
Fine tuning increased fitness by 0.0000013917904129190362 to 0.590286500051429 adjusted 1 weight 
Discovery 7b94a2b4 recorded time 2m 2s 930ms
Training 5617eacb samples 4,480 of 4,642 96.5% error 0.413 time average: 13ms 393µs 80ns total: 1m 1ms
Training 7c07482b with 1 binary file, target error: 0.05, iterations: 1, sample rate: 100%, sparse: 100%
Generation 10 score 0.590286500051429  error 0.4096727789497056 avg time 30s 716ms
Compacting increased fitness by 1.1364304430827588e-7 to 0.5902866136944733 neurons: 137 was: 138 synapses: 2690 was: 2692
Discovered beneficial synapse from 15ae748b-e488-4540-8143-67aabd06a4dc to 8844be33-d196-4032-90cc-95168aa971c2 with weight 1.0000, helping 12.0% more records than it harms (2017/4642)
Discovery 7b94a2b4 analyze time 1m 12s 257ms found 1 candidates
Discovery 7b94a2b4 analyze harmful time 15s 88ms found 0 candidates
Fine tuning increased fitness by 1.278588910302858e-7 to 0.5902867415533644 adjusted 1 bias 
Discovery 7b94a2b4 analyze squashes time 9s 519ms found 0 candidates
Fine tuning increased fitness by 2.1724264831490814e-7 to 0.5902869587960127 adjusted 1 bias 
Training 7c07482b samples 4,641 of 4,642 100.0% error 0.410 time average: 12ms 928µs 894ns total: 1m 3ms
Training 7c07482b timed out after 1m 3ms
Generation 13 score 0.5902869587960127  error 0.40967244020512084 avg time 5s 353ms
Set training/discovery clean up count to 2
Waiting for training to complete
Training 7c07482b caused a higher error of 0.4097147545723778 from 0.40967277870781627
Fine tuning increased fitness by 2.869803279459404e-7 to 0.5902872457763406 adjusted 1 bias 
Generation 14 score 0.5902872457763406  error 0.40967215322479295 avg time 1s 389ms
Waiting for training/discovery clean up 2
Fine tuning increased fitness by 1.2417500427908124e-7 to 0.5902873699513449 adjusted 1 bias 
Generation 15 score 0.5902873699513449  error 0.40967202904978867 avg time 1s 720ms
Waiting for training/discovery clean up 1
Fine tuning increased fitness by 0.00014285072751996086 to 0.5904302206788649 adjusted 1 bias 
Generation 16 score 0.5904302206788649  error 0.40952916832226904 avg time 1s 963ms
{
  error: 0.40952916832226904,
  score: 0.5904302206788649,
  generation: 16,
  time: 413609,
  startScore: 0.5902820389854484
}
RETAIL-AUTO_DEALERS-GASOLINE_STATIONS , score: 0.5476127284785326
process (poor score) RETAIL-AUTO_DEALERS-GASOLINE_STATIONS , score: 0.5476127284785326 lvl: 2
6 mutations, mutation rate 22.4%, elitism 7, mutation FFW, selection FITNESS_PROPORTIONATE
Creature count: 404
Over populated 405, expected 50.
Culling duplicate creature at 1 of 405
Culling duplicate creature at 1 of 404
DeDuplication of 2 creatures to 403 in 1ms (previous experiment )
Max is too large 1.1559466326634707e+195
Total is too large 1.1559466326634707e+195
Training 4b2df737 with 1 binary file, target error: 0.05, iterations: 1, sample rate: 100%, sparse: 100%
Discovery 4b2df737 with 1 binary files, sample rate: 100%, batch size: 512
Discovery 4b2df737 initialize time 2s 327ms
Discovery 4b2df737 processing .trainData-industry_88/RETAIL-AUTO_DEALERS-GASOLINE_STATIONS/data.bin
Training c043732c with 1 binary file, target error: 0.05, iterations: 1, sample rate: 100%, sparse: 100%
Discovery 4b2df737 read time 31ms for .trainData-industry_88/RETAIL-AUTO_DEALERS-GASOLINE_STATIONS/data.bin with 4642 records
Discovery 4b2df737 scanning time 16s 802ms
Training f5770f66 with 1 binary file, target error: 0.05, iterations: 1, sample rate: 100%, sparse: 100%
Discovery 4b2df737 recorded time 43s 698ms
Remove neuron 778f2895-ebc3-4593-b4f2-59dd3ddfea79 as no longer connected
Remove neuron aed9d41c-aba0-42e6-9d24-113bfa95fc97 as no longer connected
Fine tuning increased fitness by 0.00001230126436102541 to 0.5476438819458855 adjusted 61 weights, 11 biases 
Training 672831b1 with 1 binary file, target error: 0.05, iterations: 1, sample rate: 100%, sparse: 100%
Training fa8afda7 with 1 binary file, target error: 0.05, iterations: 1, sample rate: 100%, sparse: 100%
Fine tuning increased fitness by 0.00002718451585537185 to 0.5478069894580851 adjusted 56 weights, 10 biases 
Training 1d3b9f2f with 1 binary file, target error: 0.05, iterations: 1, sample rate: 100%, sparse: 100%
Fine tuning increased fitness by 0.000014511479464074384 to 0.5478215009375492 adjusted 54 weights, 10 biases 
Discovered beneficial synapse from input-59 to db1f9e65-319f-4a9a-99d9-ba8878e7c771 with weight -1.0000, helping 69.8% more records than it harms (3941/4642)
Discovery 4b2df737 analyze time 1m 7s 634ms found 1 candidates
Generation 10 score 0.5478215009375492  error 0.45215000206438277 avg time 20s 818ms
Discovered harmful synapse from input-1590 to db1f9e65-319f-4a9a-99d9-ba8878e7c771, harming 70.4% more records than it helps (688/4642)
Discovery 4b2df737 analyze harmful time 6s 112ms found 1 candidates
Discovery 4b2df737 analyze squashes time 4s 252ms found 1 candidate, Summary: db1f9e65-319f-4a9a-99d9-ba8878e7c771 ArcTan -> Cube improved: 3.7% error: 8.199052065509119e+23 -> 7.894625153849408e+23
Training d90f6f08 with 1 binary file, target error: 0.05, iterations: 1, sample rate: 100%, sparse: 100%
Fine tuning increased fitness by 0.0000307802191840123 to 0.5478846569986366 adjusted 55 weights, 10 biases 
Discovery d90f6f08 with 1 binary files, sample rate: 100%, batch size: 512
Over populated 54, expected 50.
Discovery d90f6f08 initialize time 4s 385ms
Discovery d90f6f08 processing .trainData-industry_88/RETAIL-AUTO_DEALERS-GASOLINE_STATIONS/data.bin
Fine tuning increased fitness by 0.000026667731226392988 to 0.547911324729863 adjusted 55 weights, 10 biases 
Constant neuron 12f91e3b-cd9b-4976-be00-589632c80dea convert hidden to constant
Adjust neuron 12f91e3b-cd9b-4976-be00-589632c80dea bias 0.0985573 to 0.1035542524210903
Training 2ea822e7 with 1 binary file, target error: 0.05, iterations: 1, sample rate: 100%, sparse: 100%
Fine tuning increased fitness by 0.00002240073339543347 to 0.5479337254632585 adjusted 55 weights, 10 biases 
Discovery d90f6f08 read time 34ms for .trainData-industry_88/RETAIL-AUTO_DEALERS-GASOLINE_STATIONS/data.bin with 4642 records
Discovery d90f6f08 scanning time 18s 74ms
Remove neuron 02fb6c06-a6e1-41e4-b640-baef281e4104 as no longer connected
Fine tuning increased fitness by 0.00000916706423770286 to 0.5479428925274962 adjusted 55 weights, 10 biases 
Training 8753d38a with 1 binary file, target error: 0.05, iterations: 1, sample rate: 100%, sparse: 100%
Fine tuning increased fitness by 0.000023283711323318634 to 0.5479661762388195 adjusted 55 weights, 10 biases 
Discovery d90f6f08 recorded time 38s 305ms
Fine tuning increased fitness by 0.000023338114719217984 to 0.5479895143535387 adjusted 55 weights, 10 biases 
Remove neuron b8964e48-e71f-42eb-b33e-63a470101293 as no longer connected
Training 77fee058 with 1 binary file, target error: 0.05, iterations: 1, sample rate: 100%, sparse: 100%
Fine tuning increased fitness by 0.00004259025828179386 to 0.5480321046118205 adjusted 53 weights, 10 biases 
Remove neuron f044909d-393a-49f0-a7d9-61b8064825e1 as no longer connected
Fine tuning increased fitness by 0.00005665279701383419 to 0.5480887574088343 adjusted 52 weights, 10 biases 
Training ab4083bf with 1 binary file, target error: 0.05, iterations: 1, sample rate: 100%, sparse: 100%
Fine tuning increased fitness by 0.00004561333178321192 to 0.5481343707406175 adjusted 52 weights, 10 biases 
Generation 20 score 0.5481343707406175  error 0.4518370122613167 avg time 9s 839ms
Training a3e45f6d with 1 binary file, target error: 0.05, iterations: 1, sample rate: 100%, sparse: 100%
Fine tuning increased fitness by 2.390546363084667e-7 to 0.5481897259450397 adjusted 53 weights, 10 biases 
Remove neuron 6872db50-c1cc-4fa6-899d-ae39bdda2bf5 as no longer connected
Discovered beneficial synapse from input-59 to db1f9e65-319f-4a9a-99d9-ba8878e7c771 with weight -1.0000, helping 69.7% more records than it harms (3939/4642)
Discovery d90f6f08 analyze time 1m 2s 875ms found 1 candidates
Discovered harmful synapse from input-1590 to db1f9e65-319f-4a9a-99d9-ba8878e7c771, harming 70.3% more records than it helps (690/4642)
Discovery d90f6f08 analyze harmful time 3s 132ms found 1 candidates
Discovery d90f6f08 analyze squashes time 5s 198ms found 1 candidate, Summary: db1f9e65-319f-4a9a-99d9-ba8878e7c771 ArcTan -> Cube improved: 3.7% error: 8.192589333980866e+23 -> 7.888163018520266e+23
Remove neuron 91a984ac-8d72-4b35-af9f-2369f5386c54 as no longer connected
Fine tuning increased fitness by 1.5448203738444022e-7 to 0.5481926185603463 adjusted 51 weights, 10 biases 
Over populated 53, expected 50.
Fine tuning increased fitness by 0.00000847670097459119 to 0.5482010952613209 adjusted 51 weights, 10 biases 
Remove neuron 006b04cf-84ce-4a03-8ade-ec22074096c9 as no longer connected
Generation 26 score 0.5482010952613209  error 0.45177028774061345 avg time 5s 923ms
{
  error: 0.45177028774061345,
  score: 0.5482010952613209,
  generation: 26,
  time: 368519,
  startScore: 0.5476127284785326
}
ELECTROMEDICAL-ELECTROTHERAPEUTIC_APPARATUS , score: 0.5519065972979467
process (poor score) ELECTROMEDICAL-ELECTROTHERAPEUTIC_APPARATUS , score: 0.5519065972979467 lvl: 2
3 mutations, mutation rate 5.0%, elitism 8, mutation FFW, selection TOURNAMENT
Creature count: 404
Over populated 405, expected 50.
Culling duplicate creature at 1 of 405
Culling duplicate creature at 1 of 404
DeDuplication of 2 creatures to 403 in 1ms (previous experiment )
Max is too large 1.1559466326634707e+195
Total is too large 1.1559466326634707e+195
Training b980cdbd with 1 binary file, target error: 0.05, iterations: 1, sample rate: 100%, sparse: 100%
Discovery b980cdbd with 1 binary files, sample rate: 100%, batch size: 512
Discovery b980cdbd initialize time 2s 551ms
Discovery b980cdbd processing .trainData-industry_88/ELECTROMEDICAL-ELECTROTHERAPEUTIC_APPARATUS/data.bin
Training a90fca8a with 1 binary file, target error: 0.05, iterations: 1, sample rate: 100%, sparse: 100%
Discovery b980cdbd read time 18ms for .trainData-industry_88/ELECTROMEDICAL-ELECTROTHERAPEUTIC_APPARATUS/data.bin with 4642 records
Discovery b980cdbd scanning time 21s 156ms
Over populated 52, expected 50.
Fine tuning increased fitness by 0.000008931029267245094 to 0.5519208990775444 adjusted 63 weights, 1 bias 
Training e772bf0a with 1 binary file, target error: 0.05, iterations: 1, sample rate: 100%, sparse: 100%
Fine tuning increased fitness by 0.000011496334422433918 to 0.5519422782850825 adjusted 63 weights, 1 bias 
Over populated 52, expected 50.
Fine tuning increased fitness by 0.000007461031604760748 to 0.5519497393166872 adjusted 63 weights, 1 bias 
Discovery b980cdbd recorded time 57s 182ms
Training ed5465b5 with 1 binary file, target error: 0.05, iterations: 1, sample rate: 100%, sparse: 100%
Over populated 52, expected 50.
Generation 10 score 0.5519498924654598  error 0.44802579653463587 avg time 18s 198ms
Fine tuning increased fitness by 6.708010280576104e-8 to 0.5519499595455626 adjusted 62 weights, 1 bias 
Training 9977c02c with 1 binary file, target error: 0.05, iterations: 1, sample rate: 100%, sparse: 100%
Over populated 52, expected 50.
Fine tuning increased fitness by 0.000002720077954654343 to 0.5519538706430864 adjusted 63 weights, 1 bias 
Training ac5d59db with 1 binary file, target error: 0.05, iterations: 1, sample rate: 100%, sparse: 100%
Fine tuning increased fitness by 0.000003083854282159848 to 0.5520139107715585 adjusted 62 weights, 1 bias 
Training 623e49ce with 1 binary file, target error: 0.05, iterations: 1, sample rate: 100%, sparse: 100%
Fine tuning increased fitness by 0.000004514281779055551 to 0.5520184250533375 adjusted 62 weights, 1 bias 
Remove neuron 9526a7d7-2563-4e58-97f6-fe868e4e5a32 as no longer connected
Generation 20 score 0.5520200438453018  error 0.44795564515479397 avg time 6s 311ms
Training 94a9ad96 with 1 binary file, target error: 0.05, iterations: 1, sample rate: 100%, sparse: 100%
Fine tuning increased fitness by 0.0000024849285730210724 to 0.5520225287738748 adjusted 48 weights, 1 bias 
Discovered beneficial synapse from input-1477 to 56e44801-dd24-4cec-8ea8-320d1c61178e with weight 1.0000, helping 55.1% more records than it harms (3601/4642)
Discovery b980cdbd analyze time 1m 27s 631ms found 1 candidates
Fine tuning increased fitness by 0.000003814358327414169 to 0.5520280961734165 adjusted 46 weights, 1 bias 
Discovered harmful synapse from input-1235 to 56e44801-dd24-4cec-8ea8-320d1c61178e, harming 52.7% more records than it helps (1097/4642)
Discovery b980cdbd analyze harmful time 4s 993ms found 1 candidates
Discovery b980cdbd analyze squashes time 5s 149ms found 0 candidates
Training 404a778c with 1 binary file, target error: 0.05, iterations: 1, sample rate: 100%, sparse: 100%
Fine tuning increased fitness by 0.000006589904645859512 to 0.5520396497484102 adjusted 46 weights, 1 bias 
Training f9452843 with 1 binary file, target error: 0.05, iterations: 1, sample rate: 100%, sparse: 100%
Discovery 089c5e7e with 1 binary files, sample rate: 100%, batch size: 512
Fine tuning increased fitness by 0.000013981587587919009 to 0.5520536313359982 adjusted 46 weights, 1 bias 
Discovery 089c5e7e initialize time 2s 395ms
Discovery 089c5e7e processing .trainData-industry_88/ELECTROMEDICAL-ELECTROTHERAPEUTIC_APPARATUS/data.bin
Remove neuron f7f78670-5fff-4749-b19a-26d9780531fb as no longer connected
Remove neuron 96a199ac-550c-406d-88cc-fbcc9af422f4 as no longer connected
Discovery 089c5e7e read time 17ms for .trainData-industry_88/ELECTROMEDICAL-ELECTROTHERAPEUTIC_APPARATUS/data.bin with 4642 records
Discovery 089c5e7e scanning time 15s 605ms
Training b909910a with 1 binary file, target error: 0.05, iterations: 1, sample rate: 100%, sparse: 100%
Fine tuning increased fitness by 0.000038510035529015774 to 0.5521821775413175 adjusted 48 weights, 1 bias 
Generation 30 score 0.5521821775413175  error 0.4477935114587782 avg time 7s 556ms
Discovery 089c5e7e recorded time 42s 846ms
Over populated 52, expected 50.
Generation 36 score 0.5523145158699652  error 0.4476611731301306 avg time 3s 776ms
Set training/discovery clean up count to 2
Waiting for discovery to complete
Generation 37 score 0.5523298572870321  error 0.4476457117130636 avg time 669ms
Waiting for discovery to complete
Generation 38 score 0.5523300793688402  error 0.44764548963125567 avg time 735ms
Waiting for discovery to complete
Fine tuning increased fitness by 0.000004077390935997016 to 0.5523341567597762 adjusted 56 weights, 1 bias 
Generation 39 score 0.5523341567597762  error 0.4476414122403196 avg time 657ms
Waiting for discovery to complete
Generation 40 score 0.5523374091560284  error 0.4476381598440674 avg time 838ms
Waiting for discovery to complete
Fine tuning increased fitness by 0.000001381094100527669 to 0.5523387902501289 adjusted 56 weights, 1 bias 
Generation 41 score 0.5523387902501289  error 0.4476367787499669 avg time 643ms
Waiting for discovery to complete
Generation 42 score 0.5523403502963038  error 0.4476352187037919 avg time 700ms
Waiting for discovery to complete
Generation 43 score 0.552348709667793  error 0.44762685933230273 avg time 685ms
Waiting for discovery to complete
Generation 44 score 0.5523618475294461  error 0.44761372147064976 avg time 647ms
Waiting for discovery to complete
Fine tuning increased fitness by 0.000012256719934766735 to 0.5523741042493808 adjusted 56 weights, 1 bias 
Generation 45 score 0.5523741042493808  error 0.4476014647507149 avg time 710ms
Waiting for discovery to complete
Generation 46 score 0.5524065436922692  error 0.4475690253078266 avg time 665ms
Waiting for discovery to complete
Fine tuning increased fitness by 0.00003932974066911399 to 0.5524458734329383 adjusted 45 weights 
Generation 47 score 0.5524458734329383  error 0.4475296955671575 avg time 659ms
Waiting for discovery to complete
Fine tuning increased fitness by 0.0000314335115505493 to 0.5524773069444888 adjusted 45 weights 
Generation 48 score 0.5524773069444888  error 0.44749826205560694 avg time 585ms
Waiting for discovery to complete
Generation 49 score 0.5524985154124775  error 0.4474770535876183 avg time 671ms
Waiting for discovery to complete
Discovered beneficial synapse from input-1480 to ea2e6695-a45a-4893-a543-0454a0a0ca46 with weight 1.0000, helping 55.4% more records than it harms (3607/4642)
Discovery 089c5e7e analyze time 2m 2s 321ms found 1 candidates
Discovered harmful synapse from input-1235 to 56e44801-dd24-4cec-8ea8-320d1c61178e, harming 52.7% more records than it helps (1097/4642)
Discovery 089c5e7e analyze harmful time 3s 388ms found 1 candidates
Generation 50 score 0.5525194584466206  error 0.44745611055347506 avg time 661ms
Waiting for discovery to complete
Discovery 089c5e7e analyze squashes time 5s 635ms found 0 candidates
Generation 51 score 0.5525386746131966  error 0.4474368943868991 avg time 626ms
Waiting for discovery to complete
Generation 52 score 0.5525430027613123  error 0.44743256623878347 avg time 597ms
Waiting for training/discovery clean up 2
Generation 53 score 0.5525432172542675  error 0.4474323517458283 avg time 624ms
Waiting for training/discovery clean up 1
Fine tuning increased fitness by 3.4972488516249456e-7 to 0.5525435669791526 adjusted 45 weights 
Generation 54 score 0.5525435669791526  error 0.44743200202094313 avg time 514ms
{
  error: 0.44743200202094313,
  score: 0.5525435669791526,
  generation: 54,
  time: 480571,
  startScore: 0.5519065972979467
}
SAVINGS_INSTITUTIONS_NOT_FEDERALLY_CHARTERED , score: 0.7309862361905963
Skipping (good score) SAVINGS_INSTITUTIONS_NOT_FEDERALLY_CHARTERED , score: 0.731
SERVICES-OFFICES-CLINICS_OF_DOCTORS_OF_MEDICINE , score: 0.900706995610058
Skipping (good score) SERVICES-OFFICES-CLINICS_OF_DOCTORS_OF_MEDICINE , score: 0.901
STATE_COMMERCIAL_BANKS , score: 0.703382819437111
Skipping (good score) STATE_COMMERCIAL_BANKS , score: 0.703
FOOD_DISTRIBUTION , score: 0.7712081780697414
Skipping (good score) FOOD_DISTRIBUTION , score: 0.771
SERVICES-PERSONAL_SERVICES , score: 0.9486711529388714
Skipping (good score) SERVICES-PERSONAL_SERVICES , score: 0.949
INSURANCE_BROKERS , score: 0.8962845857923539
Skipping (good score) INSURANCE_BROKERS , score: 0.896
MEDICAL_INSTRUMENTS-SUPPLIES , score: 0.8924803624304019
Skipping (good score) MEDICAL_INSTRUMENTS-SUPPLIES , score: 0.892
STEEL_WORKS_BLAST_FURNACES-ROLLING-FINISHING_MILLS , score: 0.6304103186239804
process (poor score) STEEL_WORKS_BLAST_FURNACES-ROLLING-FINISHING_MILLS , score: 0.6304103186239804 lvl: 2
3 mutations, mutation rate 5.0%, elitism 10, mutation FFW, selection FITNESS_PROPORTIONATE
Creature count: 404
Over populated 405, expected 50.
Culling duplicate creature at 1 of 405
Culling duplicate creature at 1 of 404
DeDuplication of 2 creatures to 403 in 1ms (previous experiment )
Max is too large 1.1559466326634707e+195
Total is too large 1.1559466326634707e+195
Training 1db19d23 with 1 binary file, target error: 0.05, iterations: 1, sample rate: 100%, sparse: 100%
Discovery 1db19d23 with 1 binary files, sample rate: 100%, batch size: 512
Discovery 1db19d23 initialize time 3s 300ms
Discovery 1db19d23 processing .trainData-industry_88/STEEL_WORKS_BLAST_FURNACES-ROLLING-FINISHING_MILLS/data.bin
Max is too large 1.1559466326634707e+195
Total is too large 1.1559466326634707e+195
Max is too large 1.1559466326634707e+195
Total is too large 1.1559466326634707e+195
Max is too large 1.1559466326634707e+195
Total is too large 1.1559466326634707e+195
Training 1db19d23 samples 2,383 of 4,642 51.3% error 0.387 time average: 25ms 180µs 444ns total: 1m 5ms
Max is too large 1.1559466326634707e+195
Total is too large 1.1559466326634707e+195
Discovery 1db19d23 read time 65ms for .trainData-industry_88/STEEL_WORKS_BLAST_FURNACES-ROLLING-FINISHING_MILLS/data.bin with 4642 records
Discovery 1db19d23 scanning time 1m 21s 115ms
Discovery 1db19d23 recorded time 1m 34s 5ms
Training 3b062d53 with 1 binary file, target error: 0.05, iterations: 1, sample rate: 100%, sparse: 100%
Fine tuning increased fitness by 0.0000025705702986211776 to 0.6304128891942791 adjusted 6 weights, 1 bias 
Over populated 52, expected 50.
Training 3b062d53 samples 1,504 of 4,642 32.4% error 0.317 time average: 39ms 894µs 946ns total: 1m 2ms
Fine tuning increased fitness by 0.000008131331819316578 to 0.630551604551156 adjusted 4 weights 
Remove neuron aa9e7f6c-8c1f-46b9-84e0-d9e255ff3145 as no longer connected
Generation 10 score 0.630551604551156  error 0.3694092094496108 avg time 32s 254ms
Fine tuning increased fitness by 0.000010466525215857558 to 0.6305620710763719 adjusted 4 weights 
Training 3b062d53 samples 3,107 of 4,642 66.9% error 0.368 time average: 38ms 625µs 40ns total: 2m 8ms
Training 3b062d53 timed out after 2m 8ms
Fine tuning increased fitness by 0.000011404478457044398 to 0.6305734755548289 adjusted 4 weights 
Generation 12 score 0.6305734755548289  error 0.36938733844593796 avg time 3s 718ms
Set training/discovery clean up count to 2
Waiting for discovery to complete
Fine tuning increased fitness by 0.000002707073832097784 to 0.630576182628661 adjusted 4 weights 
Generation 13 score 0.630576182628661  error 0.36938463137210586 avg time 1s 776ms
Waiting for discovery to complete
Fine tuning increased fitness by 0.00000369334262917409 to 0.6305798759712902 adjusted 4 weights 
Generation 14 score 0.6305798759712902  error 0.3693809380294767 avg time 1s 631ms
Waiting for discovery to complete
Fine tuning increased fitness by 0.0000036791071752473314 to 0.6305835550784654 adjusted 4 weights 
Generation 15 score 0.6305835550784654  error 0.3693772589223015 avg time 1s 619ms
Waiting for discovery to complete
Generation 16 score 0.6305909006519969  error 0.36936991334877 avg time 1s 616ms
Waiting for discovery to complete
Generation 17 score 0.6306250646751228  error 0.36933574932564406 avg time 1s 673ms
Waiting for discovery to complete
Fine tuning increased fitness by 0.00003103008304805588 to 0.6306560947581709 adjusted 3 weights 
Generation 18 score 0.6306560947581709  error 0.36930471924259606 avg time 1s 606ms
Waiting for discovery to complete
Fine tuning increased fitness by 0.00003186133223731513 to 0.6306879560904082 adjusted 4 weights 
Generation 19 score 0.6306879560904082  error 0.36927285791035863 avg time 1s 685ms
Waiting for discovery to complete
Discovered beneficial synapse from input-54 to 2e81bd9c-7fe2-43c9-a910-50bce13edbd9 with weight 1.0000, helping 53.0% more records than it harms (3551/4642)
Discovery 1db19d23 analyze time 4m 31s 992ms found 1 candidates
Generation 20 score 0.6307783046335922  error 0.36918249936717495 avg time 1s 609ms
Waiting for discovery to complete
Fine tuning increased fitness by 0.00010100709609905945 to 0.6308793117296913 adjusted 6 weights, 1 bias 
Discovered harmful synapse from input-1472 to 2e81bd9c-7fe2-43c9-a910-50bce13edbd9, harming 48.9% more records than it helps (1186/4642)
Discovery 1db19d23 analyze harmful time 16s 325ms found 1 candidates
Generation 21 score 0.6308793117296913  error 0.36908149227107584 avg time 1s 589ms
Waiting for discovery to complete
Discovery 1db19d23 analyze squashes time 19s 29ms found 0 candidates
Generation 22 score 0.6309127692948624  error 0.36904803470590475 avg time 2s 31ms
Waiting for discovery to complete
Generation 23 score 0.630939702847606  error 0.369021101153161 avg time 1s 565ms
Waiting for training/discovery clean up 2
Fine tuning increased fitness by 0.000030166433578115992 to 0.6309698692811841 adjusted 5 weights, 1 bias 
Generation 24 score 0.6309698692811841  error 0.3689909347195829 avg time 1s 747ms
Waiting for training/discovery clean up 1
Generation 25 score 0.6309748768628305  error 0.36898592713793654 avg time 1s 626ms
{
  error: 0.36898592713793654,
  score: 0.6309748768628305,
  generation: 25,
  time: 579378,
  startScore: 0.6304103186239804
}
WATER_SEWER_PIPELINE_COMM-POWER_LINE_CONSTRUCTION , score: 0.9891505636735314
Skipping (good score) WATER_SEWER_PIPELINE_COMM-POWER_LINE_CONSTRUCTION , score: 0.989
INSURANCE_CARRIERS_NEC , score: 0.7425733472262595
Skipping (good score) INSURANCE_CARRIERS_NEC , score: 0.743
SERVICES-AUTOMOTIVE_REPAIR_SERVICES-PARKING , score: 0.8574389612090136
Skipping (good score) SERVICES-AUTOMOTIVE_REPAIR_SERVICES-PARKING , score: 0.857
ORDNANCE-ACCESSORIES_NO_VEHICLES-GUIDED_MISSILES , score: 0.6525016418037553
process (poor score) ORDNANCE-ACCESSORIES_NO_VEHICLES-GUIDED_MISSILES , score: 0.6525016418037553 lvl: 2
1 mutation, mutation rate 5.0%, elitism 7, mutation ALL, selection FITNESS_PROPORTIONATE
Creature count: 404
Over populated 405, expected 50.
Culling duplicate creature at 1 of 405
Culling duplicate creature at 1 of 404
DeDuplication of 2 creatures to 403 in 3ms (previous experiment 2ms)
Max is too large 1.1559466326634707e+195
Total is too large 1.1559466326634707e+195
Training 08449f9f with 1 binary file, target error: 0.05, iterations: 1, sample rate: 100%, sparse: 100%
Discovery 08449f9f with 1 binary files, sample rate: 100%, batch size: 512
Discovery 08449f9f initialize time 5s 596ms
Discovery 08449f9f processing .trainData-industry_88/ORDNANCE-ACCESSORIES_NO_VEHICLES-GUIDED_MISSILES/data.bin
Fine tuning increased fitness by 2.0995472638229984e-7 to 0.6525018517584816 adjusted 101 weights 
Training faab9e7c with 1 binary file, target error: 0.05, iterations: 1, sample rate: 100%, sparse: 100%
Over populated 52, expected 50.
Discovery 08449f9f read time 33ms for .trainData-industry_88/ORDNANCE-ACCESSORIES_NO_VEHICLES-GUIDED_MISSILES/data.bin with 4642 records
Discovery 08449f9f scanning time 32s 635ms
Fine tuning increased fitness by 0.0000010738977112012549 to 0.6525050609548012 adjusted 97 weights 
Remove neuron 30d82884-7454-4c7f-8088-68dc1f5a1a1a as no longer connected
Fine tuning increased fitness by 4.6120621788325877e-7 to 0.6525055221610191 adjusted 97 weights 
Training 5a01bdca with 1 binary file, target error: 0.05, iterations: 1, sample rate: 100%, sparse: 100%
Discovery 08449f9f recorded time 1m 2s 309ms
Fine tuning increased fitness by 0.0000011925851263194787 to 0.6525075419227363 adjusted 97 weights 
Training 59b48e83 with 1 binary file, target error: 0.05, iterations: 1, sample rate: 100%, sparse: 100%
Fine tuning increased fitness by 0.0000016480603389767978 to 0.6525171717932706 adjusted 86 weights 
Generation 10 score 0.6525171717932706  error 0.3474525912068217 avg time 20s 967ms
Fine tuning increased fitness by 0.0000020237885233198583 to 0.6525191955817939 adjusted 86 weights 
Training bdcd1596 with 1 binary file, target error: 0.05, iterations: 1, sample rate: 100%, sparse: 100%
Fine tuning increased fitness by 0.0000027470117673900063 to 0.6525219425935613 adjusted 85 weights 
Fine tuning increased fitness by 0.000004258800637590987 to 0.6525262013941989 adjusted 83 weights 
Discovered beneficial synapse from input-97 to d6c3a1a0-07b5-4539-aec7-18691f9a389a with weight -1.0000, helping 27.5% more records than it harms (1434/4642)
Discovery 08449f9f analyze time 1m 36s 490ms found 1 candidates
Discovered harmful synapse from input-1063 to 19693cdc-d1a4-47ac-bc72-9b1558211980, harming 24.3% more records than it helps (615/4642)
Discovery 08449f9f analyze harmful time 10s 458ms found 1 candidates
Training 8c62dc3f with 1 binary file, target error: 0.05, iterations: 1, sample rate: 100%, sparse: 100%
Discovery 08449f9f analyze squashes time 7s 567ms found 0 candidates
Over populated 52, expected 50.
Fine tuning increased fitness by 0.000013773370307390564 to 0.652567915474267 adjusted 83 weights 
Discovery d340d286 with 1 binary files, sample rate: 100%, batch size: 512
Discovery d340d286 initialize time 5s 48ms
Discovery d340d286 processing .trainData-industry_88/ORDNANCE-ACCESSORIES_NO_VEHICLES-GUIDED_MISSILES/data.bin
Training 2d55481e with 1 binary file, target error: 0.05, iterations: 1, sample rate: 100%, sparse: 100%
Fine tuning increased fitness by 0.000013315790910350955 to 0.6526006999463354 adjusted 84 weights 
Discovery d340d286 read time 99ms for .trainData-industry_88/ORDNANCE-ACCESSORIES_NO_VEHICLES-GUIDED_MISSILES/data.bin with 4642 records
Discovery d340d286 scanning time 27s 226ms
Fine tuning increased fitness by 0.000028002145534777867 to 0.6526287020918702 adjusted 83 weights 
Training a617b564 with 1 binary file, target error: 0.05, iterations: 1, sample rate: 100%, sparse: 100%
Fine tuning increased fitness by 0.000008480312979397553 to 0.6526371824048496 adjusted 83 weights 
Discovery d340d286 recorded time 46s 762ms
Over populated 52, expected 50.
Generation 20 score 0.6526371824048496  error 0.3473325805952428 avg time 12s 310ms
Over populated 52, expected 50.
Fine tuning increased fitness by 0.000005440685089341812 to 0.6526426230899389 adjusted 82 weights 
Generation 23 score 0.6526426230899389  error 0.34732713991015335 avg time 2s 965ms
Set training/discovery clean up count to 2
Waiting for discovery to complete
Fine tuning increased fitness by 0.00001840241236350515 to 0.6526610255023024 adjusted 82 weights 
Generation 24 score 0.6526610255023024  error 0.34730873749778995 avg time 1s 176ms
Waiting for discovery to complete
Generation 25 score 0.6527225200043227  error 0.3472472329957696 avg time 1s 149ms
Waiting for discovery to complete
Generation 26 score 0.6527225200043227  error 0.3472472329957696 avg time 1s 459ms
Waiting for discovery to complete
Generation 27 score 0.6527225200043227  error 0.3472472329957696 avg time 1s 533ms
Waiting for discovery to complete
Generation 28 score 0.6527225200043227  error 0.3472472329957696 avg time 1s 678ms
Waiting for discovery to complete
Generation 29 score 0.652729396223907  error 0.34724034677618526 avg time 1s 570ms
Waiting for discovery to complete
Fine tuning increased fitness by 0.000002766041977242395 to 0.6527321622658843 adjusted 65 weights 
Discovered beneficial synapse from input-97 to d6c3a1a0-07b5-4539-aec7-18691f9a389a with weight -1.0000, helping 27.6% more records than it harms (1436/4642)
Discovery d340d286 analyze time 2m 10s 798ms found 1 candidates
Generation 30 score 0.6527321622658843  error 0.347237580734208 avg time 1s 408ms
Waiting for discovery to complete
Fine tuning increased fitness by 0.000005198358293712069 to 0.652737360624178 adjusted 65 weights 
Discovered harmful synapse from input-1443 to eb94208a-26bb-41da-bb20-8de49af6835e, harming 31.6% more records than it helps (445/4642)
Discovery d340d286 analyze harmful time 10s 800ms found 1 candidates
Generation 31 score 0.652737360624178  error 0.34723238237591436 avg time 1s 353ms
Waiting for discovery to complete
Discovery d340d286 analyze squashes time 7s 623ms found 1 candidate, Summary: ea5d511e-0213-4e40-9f99-eafd1fc35780 SELU -> COMPLEMENT improved: 51.6% error: 1.1141893982902723e+26 -> 5.391965520489436e+25
Fine tuning increased fitness by 0.000007502338417952892 to 0.6527448629625959 adjusted 65 weights 
Over populated 52, expected 50.
Generation 32 score 0.6527448629625959  error 0.34722488003749646 avg time 1s 437ms
Waiting for training/discovery clean up 2
Generation 33 score 0.6527448629625959  error 0.34722488003749646 avg time 1s 500ms
Waiting for training/discovery clean up 1
Fine tuning increased fitness by 2.0954503576753325e-8 to 0.6527448839170995 adjusted 3 weights 
Generation 34 score 0.6527448839170995  error 0.34722485908299283 avg time 1s 440ms
{
  error: 0.34722485908299283,
  score: 0.6527448839170995,
  generation: 34,
  time: 521210,
  startScore: 0.6525016418037553
}
🔍 [model_checkin 1.1.10] Checking for merge conflict markers in JSON model files
✅ [validate_json 1.0.1] All JSON files are valid in GRQ-industryV2 (took 14s)
✅ [validate_json 1.0.1] All JSON files are valid in GRQ-industryV2 (took 14s)
📋 [model_checkin 1.1.10] Local models to be committed:
  • v6/ELECTROMEDICAL-ELECTROTHERAPEUTIC_APPARATUS.json
  • v6/ORDNANCE-ACCESSORIES_NO_VEHICLES-GUIDED_MISSILES.json
  • v6/RETAIL-AUTO_DEALERS-GASOLINE_STATIONS.json
  • v6/RETAIL-WOMENS_CLOTHING_STORES.json
  • v6/STEEL_WORKS_BLAST_FURNACES-ROLLING-FINISHING_MILLS.json
From github.com:stSoftwareAU/GRQ-industryV2
   f9144819e2..db7e882bd1  main       -> origin/main
✅ [validate_json 1.0.1] All JSON files are valid in GRQ-industryV2 (took 25s)
🔁 [model_checkin 1.1.10] Remote has changed - using stash strategy to prevent conflicts
⬇️ [model_checkin 1.1.10] Pulling remote changes with NEVER-MERGE rebase strategy
🛡️  JSON model files will be replaced completely, never merged
From github.com:stSoftwareAU/GRQ-industryV2
 * branch                  main       -> FETCH_HEAD
Updating f9144819e2..db7e882bd1
Created autostash: b778472e39
Fast-forward
 v6/COKING_COAL.json                                |  1339 +--
 v6/LIFE_INSURANCE.json                             |  2825 +----
 v6/MEASURING-CONTROLLING_DEVICES_NEC.json          |    41 +-
 ...OOD_VENEER_PLYWOOD-STRUCTURAL_WOOD_MEMBERS.json |   709 +-
 v6/PHARMACEUTICAL_RETAILERS.json                   |   861 +-
 v6/RETAIL-EATING-DRINKING_PLACES.json              |  1584 +--
 v6/RETAIL-GROCERY_STORES.json                      |   537 +-
 v6/SAVINGS_INSTITUTION_FEDERALLY_CHARTERED.json    |  1193 +-
 ...ES-COMMERCIAL_PHYSICAL-BIOLOGICAL_RESEARCH.json | 11504 +++++++++++++++----
 v6/SERVICES-MEDICAL_LABORATORIES.json              |   947 +-
 ...CES-MISCELLANEOUS_EQUIPMENT_RENTAL-LEASING.json | 10342 +++++++++++------
 v6/SILVER.json                                     |  1582 +--
 v6/TELEPHONE-TELEGRAPH_APPARATUS.json              |  9661 ++++++++++------
 v6/TELEVISION_BROADCASTING_STATIONS.json           |   196 +-
 14 files changed, 25174 insertions(+), 18147 deletions(-)
Applied autostash.
✅ [model_checkin 1.1.10] Rebase completed successfully - linear history maintained
🔍 [model_checkin 1.1.10] Final safety check before commit
[main 18a5506833] Mac-Ultra-M2 Improved Industry models (Mac-Ultra-M2)
 5 files changed, 697 insertions(+), 2142 deletions(-)
🔍 [model_checkin 1.1.10] Final safety check for JSON model corruption
✅ [validate_json 1.0.1] All JSON files are valid in GRQ-industryV2 (took 14s)
To github.com:stSoftwareAU/GRQ-industryV2.git
   db7e882bd1..18a5506833  main -> main
✅ Successfully committed and pushed model changes
🛡️  JSON model files were protected from corruption - no merges occurred
HEAD is now at 167fc873 enhance: modify exponential backoff logic in retry_rsync function to increase base wait time and cap maximum sleep duration for improved retry handling
From github.com:stSoftwareAU/GRQ-health
   34fe7b9..1f91bd4  Develop    -> origin/Develop
HEAD is now at 1f91bd4 Update health status for GRQ-15 at Tue Sep 16 05:06:00 PM UTC 2025
Reset branch 'Develop'
branch 'Develop' set up to track 'origin/Develop'.
Your branch is up to date with 'origin/Develop'.
✅ GRQ-health synced with remote (validation skipped)
HEAD is now at 1f91bd4 Update health status for GRQ-15 at Tue Sep 16 05:06:00 PM UTC 2025
Updating health information...
Already up to date.
Updated health information for Mac-Ultra-M2
cess
DEBUG: system_profiler result: 'Mac Studio'
