================ Clean up START ================
Version 1.3.3
Disk usage:
Filesystem        Size  Used Avail Use% Mounted on
devtmpfs          4.0M     0  4.0M   0% /dev
tmpfs             7.7G     0  7.7G   0% /dev/shm
tmpfs             3.1G  448K  3.1G   1% /run
/dev/nvme0n1p1     40G  2.4G   38G   6% /
tmpfs             7.7G  4.0K  7.7G   1% /tmp
/dev/nvme0n1p128   10M  1.4M  8.7M  14% /boot/efi
/dev/nvme1n1      434G  3.0G  409G   1% /data
tmpfs             1.6G     0  1.6G   0% /run/user/1001
Uptime:  06:10:49 up  8:09,  0 users,  load average: 1.94, 3.05, 3.83
USER         PID    PPID COMMAND
GRQ        22453   22408 (sd-pam)
GRQ        22560   22188 /bin/bash /data/GRQ/run.sh --option=location
GRQ        26613   22560 /bin/bash ./check_spot_termination.sh
GRQ       170730   26613 sleep 5
GRQ       170732   22560 /bin/bash ./run.sh --run-once
GRQ       170748  170732 /bin/bash worker/node.sh
GRQ       170757  170748 ps -U GRQ -o user,pid,ppid,command
Host: ip-10-0-28-98
IP: 10.0.28.98
Number of CPUs: 8
Available Memory: 15Gi
================ Clean up ENDED ================
Use local deno
PATH: /data/GRQ/.deno/bin:/usr/local/sbin:/usr/local/bin:/usr/sbin:/usr/bin:/sbin:/bin:/var/lib/snapd/snap/bin
deno 2.4.3 (stable, release, aarch64-unknown-linux-gnu)
v8 13.7.152.14-rusty
typescript 5.8.3
aws-cli/2.23.11 Python/3.9.21 Linux/6.1.130-139.222.amzn2023.aarch64 source/aarch64.amzn.2023
Option: location
Starting Location... Wed Aug  6 06:10:49 AM UTC 2025
Already up to date.
📥 Pulling GRQ-location with --ours strategy...
From github.com:stSoftwareAU/GRQ-location
   bdb3b3d..5b601a7  Develop    -> origin/Develop
🔄 Pulling with --ours strategy (keeping our changes)
📁 Adding untracked files to staging area
📦 Committing local changes to preserve them
[Develop 2307c96] Local changes before pull Wed Aug  6 06:10:57 AM UTC 2025
 3 files changed, 16922 insertions(+), 29271 deletions(-)
 create mode 100644 v1/MA.json
 delete mode 100644 v1/MEXICO.json
From github.com:stSoftwareAU/GRQ-location
 * branch            Develop    -> FETCH_HEAD
hint: You have divergent branches and need to specify how to reconcile them.
hint: You can do so by running one of the following commands sometime before
hint: your next pull:
hint:
hint:   git config pull.rebase false  # merge
hint:   git config pull.rebase true   # rebase
hint:   git config pull.ff only       # fast-forward only
hint:
hint: You can replace "git config" with "git config --global" to set a default
hint: preference for all repositories. You can also pass --rebase, --no-rebase,
hint: or --ff-only on the command line to override the configured default per
hint: invocation.
fatal: Need to specify how to reconcile divergent branches.
⚠️ Pull with --ours failed, trying alternative approach
🔄 Alternative: Reset to remote and cherry-pick our changes
HEAD is now at 5b601a7 ip-10-0-28-117 Improved location models
🔄 Cherry-picking our changes with --ours strategy
The previous cherry-pick is now empty, possibly due to conflict resolution.
If you wish to commit it anyway, use:

    git commit --allow-empty

Otherwise, please use 'git cherry-pick --skip'
On branch Develop
Your branch is up to date with 'origin/Develop'.

You are currently cherry-picking commit 2307c96.
  (all conflicts fixed: run "git cherry-pick --continue")
  (use "git cherry-pick --skip" to skip this patch)
  (use "git cherry-pick --abort" to cancel the cherry-pick operation)

nothing to commit, working tree clean
⚠️ Cherry-pick failed, keeping remote version
✅ GRQ-location pull succeeded in 10 seconds
Fetching S3 checksum file from: s3://grq-trainingdata/trainData-location_88/checksum.sha256
Checksum matches. Skipping data file download.
🧹 Removing: trainData-location_*
📥 Pulling GRQ-portfolio with --ours strategy...
📦 No local changes or untracked files - checking remote state
🔄 Resetting to remote state (commit: 6efea1f5)
HEAD is now at 6efea1f REJECTED 38.66% -> 29.83% Delta -8.831
✅ Successfully reset to remote state - all models updated by another machine
✅ GRQ-portfolio pull succeeded in 7 seconds
NC , score: 0.9519307869030625
process (poor score) NC , score: 0.9519307869030625 lvl: 2
loaded ../GRQ-portfolio/best/location/v1/NC.json
1 mutation, mutation rate 5.0%, elitism 2, mutation FFW, selection POWER
Creature count: 50
Culling duplicate creature at 1 of 51
DeDuplication of 1 creatures to 50 in 47ms (previous experiment )
Discovery 2f8a30ed scheduled
Training 2f8a30ed scheduled
Training 2f8a30ed with 1 binary file, target error: 0.05, iterations: 1, sample rate: 100%, sparse: 100%
Discovery 2f8a30ed with 1 binary files, sample rate: 100%, batch size: 512
Discovery 2f8a30ed initialize time 154ms
Discovery 2f8a30ed processing .trainData-location_88/NC/data.bin
Generation 1 score 0.9519307869030625 (avg: 0.7041) error 0.048038939098423994 avg time 619ms
Set training/discovery clean up count to 2
Waiting for discovery to complete
Discovery 2f8a30ed read time 8ms for .trainData-location_88/NC/data.bin with 4613 records
Discovery 2f8a30ed scanning time 4s 343ms
compactUnused hidden neuron e2cbf45d has no outward connections
Discovery 2f8a30ed recorded time 5s 367ms
Generation 2 score 0.9519307869030625 (avg: -9743994326.1561) error 0.048038939098423994 avg time 422ms
Waiting for discovery to complete
Training 2f8a30ed completed after 4s 854ms
Training 2f8a30ed compacted
Generation 3 score 0.9519308730664354 (avg: 0.9505) error 0.04803885293505125 avg time 347ms
Waiting for discovery to complete
Trained 2f8a30ed Score: 0.948310595863719, Error: 0.048038939098423994 -> 0.0516591301377675, 👿 -0.00362
Compact 2f8a30ed Score: 0.9470859903986292, Error: 0.048038939098423994 -> 0.05288485860287594, 👿 -0.00485
Generation 4 score 0.9519309361782538 (avg: 0.9507) error 0.04803878982323294 avg time 309ms
Waiting for discovery to complete
Discovered beneficial synapse from input-50 to 581a41bc-69b1-4217-860e-2026eddbc924 with weight -1.0000, helping 49.5% more records than it harms (2304/4613)
Discovery 2f8a30ed analyze time 9s 410ms found 1 candidates
Discovered harmful synapse from input-29 to 581a41bc-69b1-4217-860e-2026eddbc924, harming 49.5% more records than it helps (20/4613)
Discovery 2f8a30ed analyze harmful time 1s 227ms found 1 candidates
Generation 5 score 0.9519311344670839 (avg: 0.9503) error 0.048038591534402555 avg time 283ms
Waiting for discovery to complete
Discovery 2f8a30ed analyze squashes time 1s 300ms found 0 candidates
Fine tuning increased fitness by 2.919927277744705e-7 to 0.9519314264598117 adjusted 48 weights 
Generation 6 score 0.9519314264598117 (avg: 0.9470) error 0.048038299541674254 avg time 310ms
Waiting for discovery to complete
Fine tuning increased fitness by 4.854709878543417e-7 to 0.9519319119307995 adjusted 48 weights 
Generation 7 score 0.9519319119307995 (avg: 0.9519) error 0.048037814070685074 avg time 284ms
Waiting for training/discovery clean up 2
Fine tuning increased fitness by 7.400845292160341e-7 to 0.9519326520153287 adjusted 48 weights 
Generation 8 score 0.9519326520153287 (avg: 0.9519) error 0.04803707398615425 avg time 330ms
Waiting for training/discovery clean up 1
Fine tuning increased fitness by 8.74671949424588e-7 to 0.9519335266872782 adjusted 48 weights 
Generation 9 score 0.9519335266872782 (avg: 0.9496) error 0.048036199314204366 avg time 305ms
{
  error: 0.048036199314204366,
  score: 0.9519335266872782,
  generation: 9,
  time: 32305,
  startScore: 0.9519307869030625
}
KS , score: 0.9468229815240664
process (poor score) KS , score: 0.9468229815240664 lvl: 2
loaded ../GRQ-portfolio/best/location/v1/KS.json
7 mutations, mutation rate 6.5%, elitism 2, mutation ALL, selection TOURNAMENT
Creature count: 50
Culling duplicate creature at 1 of 51
DeDuplication of 1 creatures to 50 in 101ms (previous experiment )
Discovery 7e2ddd81 scheduled
Training 7e2ddd81 scheduled
Training 7e2ddd81 with 1 binary file, target error: 0.05, iterations: 1, sample rate: 100%, sparse: 100%
Discovery 7e2ddd81 with 1 binary files, sample rate: 100%, batch size: 512
Discovery 7e2ddd81 initialize time 103ms
Discovery 7e2ddd81 processing .trainData-location_88/KS/data.bin
Remove neuron a9636849-36df-499a-83ea-d1f6b4963687 as no longer connected
Discovery 7e2ddd81 read time 8ms for .trainData-location_88/KS/data.bin with 4613 records
Discovery 7e2ddd81 scanning time 6s 7ms
Discovery 7e2ddd81 recorded time 7s 186ms
Training 16b38248 scheduled
Training 16b38248 with 1 binary file, target error: 0.05, iterations: 1, sample rate: 100%, sparse: 100%
Training 7e2ddd81 completed after 8s 985ms
Training 7e2ddd81 compacted
Compact 7e2ddd81 Score: 0.9466701300462079, Error: 0.05313111147754669 -> 0.053284122955401934, 👿 -0.000153
Trained 7e2ddd81 Score: 0.9441872617568796, Error: 0.05313111147754669 -> 0.05576683124473342, 👿 -0.00264
Training 54717f30 scheduled
Training 54717f30 with 1 binary file, target error: 0.05, iterations: 1, sample rate: 100%, sparse: 100%
Training 16b38248 completed after 9s 115ms
Training 16b38248 compacted
Compact 16b38248 Score: 0.9468230929093411, Error: 0.05313111473605316 -> 0.05313112009227062, 👿 -5.36e-9
Trained 16b38248 Score: 0.9301807815140498, Error: 0.05313111473605316 -> 0.06977331148756331, 👿 -0.0166
Compacting increased fitness by 1.1138527467036141e-7 to 0.9468230929093411 neurons: 132 was: 133 synapses: 3258 was: 3260
Remove neuron 49e8dda3-d311-442b-8d0d-0c611232f574-525 as no longer connected
Training f540a3e8 scheduled
Training f540a3e8 with 1 binary file, target error: 0.05, iterations: 1, sample rate: 100%, sparse: 100%
Fine tuning increased fitness by 1.600984844696285e-8 to 0.9468231089191895 adjusted 1 weight, 1 bias 
Discovered beneficial synapse from input-11 to 0ba165f9-1e3a-4f8e-90b9-41939b2c46ed with weight 1.0000, helping 51.5% more records than it harms (2458/4613)
Discovery 7e2ddd81 analyze time 37s 96ms found 1 candidates
Discovered harmful synapse from 2c414e9b-ad3a-4348-ab16-c0842afd6306 to d62a7277-0cba-40e8-a8e9-f1056e122750, harming 19.3% more records than it helps (152/4613)
Discovery 7e2ddd81 analyze harmful time 2s 57ms found 1 candidates
Training 54717f30 completed after 8s 984ms
Training 54717f30 compacted
Discovery 7e2ddd81 analyze squashes time 2s 584ms found 1 candidate, Summary: d62a7277-0cba-40e8-a8e9-f1056e122750 SELU -> ABSOLUTE improved: 54.4% error: 1.0351694354549011e+26 -> 4.719185124048361e+25
Compact 54717f30 Score: 0.9466701293005976, Error: 0.05313111222315706 -> 0.05328412370101232, 👿 -0.000153
Trained 54717f30 Score: 0.9435945631604045, Error: 0.05313111222315706 -> 0.056359529841208664, 👿 -0.00323
Discovery 60290f1a scheduled
Discovery 60290f1a with 1 binary files, sample rate: 100%, batch size: 512
Discovery 60290f1a initialize time 103ms
Discovery 60290f1a processing .trainData-location_88/KS/data.bin
Discovery 60290f1a read time 6ms for .trainData-location_88/KS/data.bin with 4613 records
Discovery 60290f1a scanning time 6s 33ms
Discovery 60290f1a recorded time 7s 434ms
Training 43991560 scheduled
Training 43991560 with 1 binary file, target error: 0.05, iterations: 1, sample rate: 100%, sparse: 100%
Discovery 7e2ddd81 beneficial increased fitness by 5.532667068930408e-8 to 0.9468231759705207
Training f540a3e8 completed after 8s 477ms
Training f540a3e8 compacted
Compact f540a3e8 Score: 0.9466421291162974, Error: 0.053131104082422116 -> 0.05331224388531108, 👿 -0.000181
Trained f540a3e8 Score: 0.9430159539292532, Error: 0.053131104082422116 -> 0.05693825907235852, 👿 -0.00381
Fine tuning increased fitness by 9.095895314725766e-8 to 0.9468232669294738 adjusted 1 weight 
Generation 10 score 0.9468232669294738 (avg: 0.9302) error 0.053130936072138354 avg time 7s 569ms
Training 904c31e9 scheduled
Training 904c31e9 with 1 binary file, target error: 0.05, iterations: 1, sample rate: 100%, sparse: 100%
Fine tuning increased fitness by 1.7417485920212528e-7 to 0.946823441104333 adjusted 1 weight 
Training 43991560 completed after 8s 689ms
Training 43991560 compacted
Compact 43991560 Score: 0.9466703244926623, Error: 0.05313102703109148 -> 0.053284038508946724, 👿 -0.000153
Trained 43991560 Score: 0.9442566330517672, Error: 0.05313102703109148 -> 0.05569756994984501, 👿 -0.00257
Fine tuning increased fitness by 1.5856524915314196e-7 to 0.9468235996695822 adjusted 1 weight 
Training f9cd66ff scheduled
Training f9cd66ff with 1 binary file, target error: 0.05, iterations: 1, sample rate: 100%, sparse: 100%
Fine tuning increased fitness by 7.05375724496804e-9 to 0.9468236067233394 adjusted 1 weight 
Training 904c31e9 completed after 8s 130ms
Training 904c31e9 compacted
Discovered beneficial synapse from input-543 to 81ab3bb2-dd76-468b-a7dd-dac2936c294b with weight 1.0000, helping 48.5% more records than it harms (2417/4613)
Discovery 60290f1a analyze time 35s 908ms found 1 candidates
Trained 904c31e9 Score: 0.9467586650295465, Error: 0.05313076189727915 -> 0.053195537972065714, 👿 -0.0000648
Compact 904c31e9 Score: 0.9466705896264747, Error: 0.05313076189727915 -> 0.053283773375134395, 👿 -0.000153
Fine tuning increased fitness by 1.440388919249358e-10 to 0.9468236068673783 adjusted 1 weight 
Discovered harmful synapse from 2c414e9b-ad3a-4348-ab16-c0842afd6306 to d62a7277-0cba-40e8-a8e9-f1056e122750, harming 19.3% more records than it helps (152/4613)
Discovery 60290f1a analyze harmful time 2s 598ms found 1 candidates
Discovery 60290f1a analyze squashes time 2s 303ms found 1 candidate, Summary: d62a7277-0cba-40e8-a8e9-f1056e122750 SELU -> ABSOLUTE improved: 54.4% error: 1.0351694354549011e+26 -> 4.719185124048361e+25
Discovery f6239404 scheduled
Training f6239404 scheduled
Training f6239404 with 1 binary file, target error: 0.05, iterations: 1, sample rate: 100%, sparse: 100%
Discovery f6239404 with 1 binary files, sample rate: 100%, batch size: 512
Discovery f6239404 initialize time 102ms
Discovery f6239404 processing .trainData-location_88/KS/data.bin
Fine tuning increased fitness by 4.21906953818052e-12 to 0.9468236068715974 adjusted 1 weight 
Training f9cd66ff completed after 9s 106ms
Training f9cd66ff compacted
Discovery f6239404 read time 5ms for .trainData-location_88/KS/data.bin with 4613 records
Discovery f6239404 scanning time 5s 902ms
Compact f9cd66ff Score: 0.9459319916738388, Error: 0.05313059627827273 -> 0.054022371327770234, 👿 -0.000892
Trained f9cd66ff Score: 0.9325656852565039, Error: 0.05313059627827273 -> 0.06738851774510835, 👿 -0.0143
Discovery f6239404 recorded time 7s 323ms
Fine tuning increased fitness by 1.381128544863941e-11 to 0.9468236068854087 adjusted 1 weight 
Training ddc2d0c1 scheduled
Training ddc2d0c1 with 1 binary file, target error: 0.05, iterations: 1, sample rate: 100%, sparse: 100%
Training f6239404 completed after 8s 421ms
Training f6239404 compacted
Compact f6239404 Score: 0.9466707553937389, Error: 0.053130596130014814 -> 0.05328360760787007, 👿 -0.000153
Trained f6239404 Score: 0.9445960607579076, Error: 0.053130596130014814 -> 0.05535814224370462, 👿 -0.00223
Discovered beneficial synapse from input-1647 to d62a7277-0cba-40e8-a8e9-f1056e122750 with weight 1.0000, helping 17.7% more records than it harms (1007/4613)
Discovery f6239404 analyze time 19s 124ms found 1 candidates
Training df20adf9 scheduled
Training df20adf9 with 1 binary file, target error: 0.05, iterations: 1, sample rate: 100%, sparse: 100%
Discovered harmful synapse from input-11 to ff7fbab3-1283-4a53-9a69-763457c8e993, harming 36.7% more records than it helps (59/4613)
Discovery f6239404 analyze harmful time 2s 221ms found 1 candidates
Training ddc2d0c1 completed after 9s 42ms
Training ddc2d0c1 compacted
Discovery f6239404 analyze squashes time 3s 19ms found 1 candidate, Summary: d62a7277-0cba-40e8-a8e9-f1056e122750 SELU -> COMPLEMENT improved: 54.4% error: 1.0351694354549011e+26 -> 4.719185124048361e+25
Compact ddc2d0c1 Score: 0.9454381419812715, Error: 0.05313059611620347 -> 0.054516221020337506, 👿 -0.00139
Trained ddc2d0c1 Score: 0.9286870613052595, Error: 0.05313059611620347 -> 0.0712671416963527, 👿 -0.0181
Generation 20 score 0.9468236068854087 (avg: 0.9462) error 0.05313059611620347 avg time 6s 676ms
Training df20adf9 completed after 8s 389ms
Training df20adf9 compacted
Compact df20adf9 Score: 0.9466707554034723, Error: 0.05313059612028135 -> 0.053283607598136606, 👿 -0.000153
Trained df20adf9 Score: 0.9462313344238266, Error: 0.05313059612028135 -> 0.05372286857778565, 👿 -0.000592
Generation 30 score 0.9468236068854087 (avg: 0.9468) error 0.05313059611620347 avg time 6s 883ms
Can't deDuplicate creature at 29 of 30
Generation 33 score 0.9468236068854087 (avg: 0.9468) error 0.05313059611620347 avg time 2s 853ms
{
  error: 0.05313059611620347,
  score: 0.9468236068854087,
  generation: 33,
  time: 240070,
  startScore: 0.9468229815240664
}
WI , score: 0.9631627717897667
process (poor score) WI , score: 0.9631627717897667 lvl: 2
loaded ../GRQ-portfolio/best/location/v1/WI.json
9 mutations, mutation rate 5.0%, elitism 6, mutation FFW, selection FITNESS_PROPORTIONATE
Creature count: 50
Culling duplicate creature at 1 of 51
DeDuplication of 1 creatures to 50 in 103ms (previous experiment )
Discovery 15684f6b scheduled
Training 15684f6b scheduled
Training 15684f6b with 1 binary file, target error: 0.05, iterations: 1, sample rate: 100%, sparse: 100%
Discovery 15684f6b with 1 binary files, sample rate: 100%, batch size: 512
Discovery 15684f6b initialize time 104ms
Discovery 15684f6b processing .trainData-location_88/WI/data.bin
Generation 1 score 0.9631627717897667 (avg: 0.7069) error 0.0368074282102907 avg time 648ms
Set training/discovery clean up count to 2
Waiting for discovery to complete
Discovery 15684f6b read time 7ms for .trainData-location_88/WI/data.bin with 4613 records
Discovery 15684f6b scanning time 3s 755ms
Discovery 15684f6b recorded time 5s 129ms
Fine tuning increased fitness by 0.000002365180632235564 to 0.963165136970399 adjusted 1 weight 
Generation 2 score 0.963165136970399 (avg: -2402.8397) error 0.036805063029658434 avg time 511ms
Waiting for discovery to complete
Fine tuning increased fitness by 2.693133299702666e-7 to 0.9631654062837289 adjusted 1 weight 
Training 15684f6b completed after 5s 746ms
Training 15684f6b compacted
Generation 3 score 0.9631654062837289 (avg: -9.398724942597395e+23) error 0.03680479371632845 avg time 422ms
Waiting for discovery to complete
Trained 15684f6b Score: 0.9576813794260904, Error: 0.0368074282102907 -> 0.042288820575225636, 👿 -0.00548
Fine 15684f6b Score: 0.9572566834036228, Error: 0.0368074282102907 -> 0.04271351659643448, 👿 -0.00591, Variant: overshot
Compact 15684f6b Score: 0.9549968522038297, Error: 0.0368074282102907 -> 0.04497351779622777, 👿 -0.00817
Fine 15684f6b Score: 0.9536342820568828, Error: 0.0368074282102907 -> 0.04633591794318142, 👿 -0.00953, Variant: undershot
Fine tuning increased fitness by 2.848719854453563e-7 to 0.9631656911557144 adjusted 1 weight 
Generation 4 score 0.9631656911557144 (avg: -62.8074) error 0.03680450884434304 avg time 388ms
Waiting for discovery to complete
Fine tuning increased fitness by 2.206771299029242e-8 to 0.9631657132234274 adjusted 1 weight 
Generation 5 score 0.9631657132234274 (avg: 0.5730) error 0.03680448677663002 avg time 326ms
Waiting for discovery to complete
Fine tuning increased fitness by 1.1384589937435408e-9 to 0.9631657143618864 adjusted 1 weight 
Generation 6 score 0.9631657143618864 (avg: 0.8923) error 0.0368044856381711 avg time 296ms
Waiting for discovery to complete
Fine tuning increased fitness by 1.4251633206896486e-9 to 0.9631657157870497 adjusted 1 weight 
Generation 7 score 0.9631657157870497 (avg: 0.9404) error 0.036804484213007777 avg time 340ms
Waiting for discovery to complete
Discovered beneficial synapse from input-1045 to 098f32bb-adf4-44cd-91b8-878c1f5c3692 with weight -1.0000, helping 53.7% more records than it harms (2792/4613)
Discovery 15684f6b analyze time 20s 894ms found 1 candidates
Fine tuning increased fitness by 3.148592497836944e-13 to 0.9631657157873645 adjusted 1 weight 
Discovered harmful synapse from input-48 to 098f32bb-adf4-44cd-91b8-878c1f5c3692, harming 56.5% more records than it helps (251/4613)
Discovery 15684f6b analyze harmful time 1s 508ms found 1 candidates
Generation 8 score 0.9631657157873645 (avg: 0.9273) error 0.03680448421269285 avg time 299ms
Waiting for discovery to complete
Discovery 15684f6b analyze squashes time 1s 647ms found 0 candidates
Generation 9 score 0.9631657206619233 (avg: 0.9614) error 0.036804479338134126 avg time 297ms
Waiting for training/discovery clean up 2
Fine tuning increased fitness by 1.7911159666539334e-8 to 0.963165738573083 adjusted 34 weights, 3 biases 
Generation 10 score 0.963165738573083 (avg: 0.9411) error 0.036804461426974494 avg time 334ms
Waiting for training/discovery clean up 1
Fine tuning increased fitness by 2.383923081161754e-8 to 0.9631657624123138 adjusted 34 weights, 3 biases 
Generation 11 score 0.9631657624123138 (avg: 0.9560) error 0.03680443758774363 avg time 332ms
{
  error: 0.03680443758774363,
  score: 0.9631657624123138,
  generation: 11,
  time: 42206,
  startScore: 0.9631627717897667
}
KY , score: 0.954433946798599
process (poor score) KY , score: 0.954433946798599 lvl: 2
loaded ../GRQ-portfolio/best/location/v1/KY.json
4 mutations, mutation rate 6.0%, elitism 7, mutation FFW, selection POWER
Creature count: 50
Culling duplicate creature at 1 of 51
DeDuplication of 1 creatures to 50 in 116ms (previous experiment )
Discovery 9462c9ae scheduled
Training 9462c9ae scheduled
Training 9462c9ae with 1 binary file, target error: 0.05, iterations: 1, sample rate: 100%, sparse: 100%
Discovery 9462c9ae with 1 binary files, sample rate: 100%, batch size: 512
Discovery 9462c9ae initialize time 102ms
Discovery 9462c9ae processing .trainData-location_88/KY/data.bin
Generation 1 score 0.954433946798599 (avg: -2739.4618) error 0.04553239620373103 avg time 621ms
Set training/discovery clean up count to 2
Waiting for discovery to complete
Discovery 9462c9ae read time 3ms for .trainData-location_88/KY/data.bin with 4613 records
Discovery 9462c9ae scanning time 4s 398ms
Discovery 9462c9ae recorded time 5s 546ms
Generation 2 score 0.954433946798599 (avg: -3814.2866) error 0.04553239620373103 avg time 509ms
Waiting for discovery to complete
Training 9462c9ae completed after 7s 647ms
Training 9462c9ae compacted
Generation 3 score 0.954433946798599 (avg: 0.9515) error 0.04553239620373103 avg time 452ms
Waiting for discovery to complete
Compact 9462c9ae Score: 0.9542864842834374, Error: 0.04553239620373103 -> 0.04568022871887478, 👿 -0.000148
Trained 9462c9ae Score: 0.9524685832607475, Error: 0.04553239620373103 -> 0.047497759741582685, 👿 -0.00197
Fine tuning increased fitness by 1.4013256111056194e-9 to 0.9544339481999247 adjusted 6 weights 
Generation 4 score 0.9544339481999247 (avg: 0.9514) error 0.04553239480240547 avg time 468ms
Waiting for discovery to complete
Fine tuning increased fitness by 7.45632633414317e-9 to 0.954433955656251 adjusted 6 weights 
Generation 5 score 0.954433955656251 (avg: 0.9544) error 0.04553238734607917 avg time 366ms
Waiting for discovery to complete
Discovered beneficial synapse from input-1114 to ad712212-8adf-4eb8-a54b-76ff855506c6 with weight 1.0000, helping 47.9% more records than it harms (2741/4613)
Discovery 9462c9ae analyze time 18s 287ms found 1 candidates
Generation 6 score 0.954434487269437 (avg: 0.9544) error 0.04553185573289305 avg time 346ms
Waiting for discovery to complete
Discovered harmful synapse from input-1394 to ad712212-8adf-4eb8-a54b-76ff855506c6, harming 48.3% more records than it helps (521/4613)
Discovery 9462c9ae analyze harmful time 1s 541ms found 1 candidates
Fine tuning increased fitness by 8.847898615993444e-7 to 0.9544353720592986 adjusted 68 weights 
Discovery 9462c9ae analyze squashes time 2s 160ms found 0 candidates
Generation 7 score 0.9544353720592986 (avg: 0.9544) error 0.045530970943031504 avg time 448ms
Waiting for discovery to complete
Fine tuning increased fitness by 0.0000012011145181789473 to 0.9544365731738168 adjusted 68 weights 
Generation 8 score 0.9544365731738168 (avg: 0.9439) error 0.04552976982851331 avg time 431ms
Waiting for training/discovery clean up 2
Fine tuning increased fitness by 6.948300155240617e-7 to 0.9544372680038323 adjusted 68 weights 
Generation 9 score 0.9544372680038323 (avg: 0.9534) error 0.04552907499849774 avg time 421ms
Waiting for training/discovery clean up 1
Generation 10 score 0.9544372813700049 (avg: 0.9544) error 0.04552906163232522 avg time 398ms
{
  error: 0.04552906163232522,
  score: 0.9544372813700049,
  generation: 10,
  time: 44876,
  startScore: 0.954433946798599
}
AL , score: 0.952433646628951
process (poor score) AL , score: 0.952433646628951 lvl: 2
loaded ../GRQ-portfolio/best/location/v1/AL.json
5 mutations, mutation rate 19.8%, elitism 10, mutation ALL, selection TOURNAMENT
Creature count: 50
Culling duplicate creature at 1 of 51
DeDuplication of 1 creatures to 50 in 226ms (previous experiment )
Discovery 3e6c0ef4 scheduled
Training 3e6c0ef4 scheduled
Training 3e6c0ef4 with 1 binary file, target error: 0.05, iterations: 1, sample rate: 100%, sparse: 100%
Discovery 3e6c0ef4 with 1 binary files, sample rate: 100%, batch size: 512
Discovery 3e6c0ef4 initialize time 106ms
Discovery 3e6c0ef4 processing .trainData-location_88/AL/data.bin
Generation 1 score 0.952433646628951 (avg: 0.6397) error 0.047522783372620406 avg time 747ms
Set training/discovery clean up count to 2
Waiting for discovery to complete
Generation 2 score 0.952433646628951 (avg: -21.6013) error 0.047522783372620406 avg time 682ms
Waiting for discovery to complete
Discovery 3e6c0ef4 read time 7ms for .trainData-location_88/AL/data.bin with 4613 records
Discovery 3e6c0ef4 scanning time 11s 874ms
Discovery 3e6c0ef4 recorded time 13s 559ms
Generation 3 score 0.952433646628951 (avg: 0.5998) error 0.047522783372620406 avg time 698ms
Waiting for discovery to complete
Training 3e6c0ef4 completed after 18s 21ms
Training 3e6c0ef4 compacted
Generation 4 score 0.952433646628951 (avg: 0.8882) error 0.047522783372620406 avg time 607ms
Waiting for discovery to complete
Compact 3e6c0ef4 Score: 0.9524265521068845, Error: 0.047522783372620406 -> 0.04752999789468537, 👿 -0.00000721
Trained 3e6c0ef4 Score: 0.9470804886799129, Error: 0.047522783372620406 -> 0.05287594132165848, 👿 -0.00535
Fine tuning increased fitness by 1.5081883186773837e-8 to 0.9524336617108342 adjusted 1 weight 
Generation 5 score 0.9524336617108342 (avg: 0.9520) error 0.047522758290737696 avg time 682ms
Waiting for discovery to complete
Fine tuning increased fitness by 4.6374134643478726e-8 to 0.9524337080849689 adjusted 1 weight 
Generation 6 score 0.9524337080849689 (avg: 0.9371) error 0.047522711916603066 avg time 602ms
Waiting for discovery to complete
Generation 7 score 0.9524338657272038 (avg: 0.9450) error 0.04752255427436818 avg time 570ms
Waiting for discovery to complete
Fine tuning increased fitness by 1.3684679611714046e-8 to 0.9524338794118834 adjusted 1 weight, 1 bias 
Generation 8 score 0.9524338794118834 (avg: 0.9341) error 0.047522540589688515 avg time 580ms
Waiting for discovery to complete
Fine tuning increased fitness by 1.1922875386982668e-7 to 0.9524339986406373 adjusted 1 weight, 1 bias 
Generation 9 score 0.9524339986406373 (avg: 0.9393) error 0.04752242136093461 avg time 614ms
Waiting for discovery to complete
Fine tuning increased fitness by 2.992843550764235e-7 to 0.9524342979249923 adjusted 1 weight, 1 bias 
Generation 10 score 0.9524342979249923 (avg: 0.9367) error 0.047522122076579555 avg time 583ms
Waiting for discovery to complete
Generation 11 score 0.952437829871508 (avg: 0.9522) error 0.04751858013006436 avg time 620ms
Waiting for discovery to complete
Generation 12 score 0.9524412033668356 (avg: 0.9522) error 0.04751520663473688 avg time 625ms
Waiting for discovery to complete
Generation 13 score 0.9524480816621632 (avg: 0.9523) error 0.0475083183394097 avg time 638ms
Waiting for discovery to complete
Generation 14 score 0.9524480816621632 (avg: 0.9444) error 0.0475083183394097 avg time 675ms
Waiting for discovery to complete
Generation 15 score 0.9524484736899318 (avg: 0.9369) error 0.04750791631164167 avg time 629ms
Waiting for discovery to complete
Fine tuning increased fitness by 6.9615530007283155e-9 to 0.9524484806514848 adjusted 2 weights 
Generation 16 score 0.9524484806514848 (avg: 0.9407) error 0.047507909350088605 avg time 575ms
Waiting for discovery to complete
Discovered beneficial synapse from 23bba3e6-fe65-429c-8178-1423e5b3b129 to 44b98114-8de6-48d6-8fbe-a889865f3a60 with weight 0.2249, helping 81.5% more records than it harms (4162/4613)
Discovery 3e6c0ef4 analyze time 1m 25s 148ms found 1 candidates
Discovered harmful synapse from input-731 to 13e18406-7df4-44e5-9cab-466c0e98ed77, harming 44.3% more records than it helps (1263/4613)
Discovery 3e6c0ef4 analyze harmful time 4s 433ms found 1 candidates
Generation 17 score 0.9524484806514848 (avg: 0.9521) error 0.047507909350088605 avg time 596ms
Waiting for discovery to complete
Discovery 3e6c0ef4 analyze squashes time 4s 438ms found 2 candidates, Summary: 13e18406-7df4-44e5-9cab-466c0e98ed77 ISRU -> COMPLEMENT improved: 99.7% error: 1.5787661095384202e+28 -> 4.854866346534086e+25,44b98114-8de6-48d6-8fbe-a889865f3a60 ELU -> SQRT improved: 98.9% error: 3.379343248316332e+25 -> 3.552688455350995e+23
Generation 18 score 0.9524484807108475 (avg: 0.9455) error 0.0475079092907259 avg time 603ms
Waiting for discovery to complete
Fine tuning increased fitness by 2.2192847559665552e-10 to 0.952448480932776 adjusted 1 weight 
Generation 19 score 0.952448480932776 (avg: 0.9392) error 0.04750790906879747 avg time 500ms
Waiting for training/discovery clean up 2
Fine tuning increased fitness by 1.2523981851586541e-11 to 0.9524484809453 adjusted 1 weight 
Generation 20 score 0.9524484809453 (avg: 0.9197) error 0.04750790905627348 avg time 621ms
Waiting for training/discovery clean up 1
Generation 21 score 0.9524484810122489 (avg: 0.9321) error 0.0475079089893246 avg time 514ms
{
  error: 0.0475079089893246,
  score: 0.9524484810122489,
  generation: 21,
  time: 129967,
  startScore: 0.952433646628951
}
HONG_KONG , score: 0.8000634872010914
process (poor score) HONG_KONG , score: 0.8000634872010914 lvl: 2
loaded ../GRQ-portfolio/best/location/v1/HONG_KONG.json
2 mutations, mutation rate 17.0%, elitism 7, mutation FFW, selection POWER
Creature count: 50
Culling duplicate creature at 1 of 51
DeDuplication of 1 creatures to 50 in 101ms (previous experiment )
Discovery ff00fdb3 scheduled
Training ff00fdb3 scheduled
Training ff00fdb3 with 1 binary file, target error: 0.05, iterations: 1, sample rate: 100%, sparse: 100%
Discovery ff00fdb3 with 1 binary files, sample rate: 100%, batch size: 512
Discovery ff00fdb3 initialize time 101ms
Discovery ff00fdb3 processing .trainData-location_88/HONG_KONG/data.bin
Discovery ff00fdb3 read time 8ms for .trainData-location_88/HONG_KONG/data.bin with 4613 records
Discovery ff00fdb3 scanning time 8s 151ms
Discovery ff00fdb3 recorded time 9s 603ms
Training 2fa50653 scheduled
Training 2fa50653 with 1 binary file, target error: 0.05, iterations: 1, sample rate: 100%, sparse: 100%
Fine tuning increased fitness by 0.000007538217648761503 to 0.800071387968254 adjusted 420 weights, 8 biases 
Discovered beneficial synapse from d3d935d8-c9ed-4870-b7c6-c72082d26da3 to 52df88af-83cc-452d-8734-3b9d2e04c35b with weight -1.0000, helping 31.7% more records than it harms (3018/4613)
Discovery ff00fdb3 analyze time 15s 197ms found 1 candidates
Training ff00fdb3 completed after 13s 86ms
Training ff00fdb3 compacted
Over populated 52, expected 50.
Discovered harmful synapse from input-83 to c4ebbb0e-d954-45c7-93c7-708836e7a1fd, harming 44.8% more records than it helps (439/4613)
Discovery ff00fdb3 analyze harmful time 2s 706ms found 1 candidates
Discovery ff00fdb3 analyze squashes time 2s 130ms found 0 candidates
Compact ff00fdb3 Score: 0.8000325159049242, Error: 0.19988680979995896 -> 0.19991800109612423, 👿 -0.0000312
Fine ff00fdb3 Score: 0.5555610346656228, Error: 0.19988680979995896 -> 0.4443892623354095, 👿 -0.245, Variant: overshot
Fine ff00fdb3 Score: 0.5377997348584505, Error: 0.19988680979995896 -> 0.4621505621425668, 👿 -0.262, Variant: undershot
Trained ff00fdb3 Score: 0.42035570230692476, Error: 0.19988680979995896 -> 0.5795945946941883, 👿 -0.380
Discovery 9e4e0d62 scheduled
Discovery 9e4e0d62 with 1 binary files, sample rate: 100%, batch size: 512
Discovery 9e4e0d62 initialize time 99ms
Discovery 9e4e0d62 processing .trainData-location_88/HONG_KONG/data.bin
Fine tuning increased fitness by 0.0000017713631950133646 to 0.8000731593314491 adjusted 420 weights, 8 biases 
Discovery 9e4e0d62 read time 7ms for .trainData-location_88/HONG_KONG/data.bin with 4613 records
Discovery 9e4e0d62 scanning time 8s 186ms
Discovery 9e4e0d62 recorded time 9s 783ms
Training 4c08a5cb scheduled
Training 4c08a5cb with 1 binary file, target error: 0.05, iterations: 1, sample rate: 100%, sparse: 100%
Training 2fa50653 completed after 13s 563ms
Training 2fa50653 compacted
Over populated 52, expected 50.
Compact 2fa50653 Score: 0.8000405857401237, Error: 0.19987890903279631 -> 0.1999099312609247, 👿 -0.0000310
Fine 2fa50653 Score: 0.5848783857810984, Error: 0.19987890903279631 -> 0.4150719112199163, 👿 -0.215, Variant: overshot
Fine 2fa50653 Score: 0.48613777555295573, Error: 0.19987890903279631 -> 0.5138125214480348, 👿 -0.314, Variant: undershot
Trained 2fa50653 Score: 0.44855769014364055, Error: 0.19987890903279631 -> 0.5513926068574725, 👿 -0.352
Fine tuning increased fitness by 2.550889688368585e-8 to 0.800073227422044 adjusted 211 weights, 3 biases 
Training ba802a00 scheduled
Training ba802a00 with 1 binary file, target error: 0.05, iterations: 1, sample rate: 100%, sparse: 100%
Discovered beneficial synapse from input-1680 to c4ebbb0e-d954-45c7-93c7-708836e7a1fd with weight 1.0000, helping 37.2% more records than it harms (2330/4613)
Discovery 9e4e0d62 analyze time 25s 733ms found 1 candidates
Discovered harmful synapse from input-83 to c4ebbb0e-d954-45c7-93c7-708836e7a1fd, harming 44.8% more records than it helps (439/4613)
Discovery 9e4e0d62 analyze harmful time 3s 338ms found 1 candidates
Training 4c08a5cb completed after 13s 98ms
Training 4c08a5cb compacted
Over populated 52, expected 50.
Discovery 9e4e0d62 analyze squashes time 2s 362ms found 0 candidates
Compact 4c08a5cb Score: 0.8000424634666964, Error: 0.19987709508790333 -> 0.19990805353435204, 👿 -0.0000310
Fine 4c08a5cb Score: 0.49709123905829794, Error: 0.19987709508790333 -> 0.5028590579427791, 👿 -0.303, Variant: overshot
Fine 4c08a5cb Score: 0.46826734189239533, Error: 0.19987709508790333 -> 0.5316829551085771, 👿 -0.332, Variant: undershot
Trained 4c08a5cb Score: 0.37961332436748785, Error: 0.19987709508790333 -> 0.6203369726336252, 👿 -0.420
Discovery b4c0da2d scheduled
Discovery b4c0da2d with 1 binary files, sample rate: 100%, batch size: 512
Discovery b4c0da2d initialize time 102ms
Discovery b4c0da2d processing .trainData-location_88/HONG_KONG/data.bin
Fine tuning increased fitness by 7.831207214925584e-7 to 0.8000753771130409 adjusted 158 weights, 2 biases 
Discovery b4c0da2d read time 6ms for .trainData-location_88/HONG_KONG/data.bin with 4613 records
Discovery b4c0da2d scanning time 8s 181ms
Discovery b4c0da2d recorded time 9s 620ms
Training 65074edd scheduled
Training 65074edd with 1 binary file, target error: 0.05, iterations: 1, sample rate: 100%, sparse: 100%
Training ba802a00 completed after 12s 753ms
Training ba802a00 compacted
Over populated 52, expected 50.
Compact ba802a00 Score: 0.800043385908686, Error: 0.19987571300873078 -> 0.19990714109236218, 👿 -0.0000314
Fine ba802a00 Score: 0.5212749420352039, Error: 0.19987571300873078 -> 0.47867536496589597, 👿 -0.279, Variant: undershot
Fine ba802a00 Score: 0.4807217703020056, Error: 0.19987571300873078 -> 0.5192285366990315, 👿 -0.319, Variant: overshot
Trained ba802a00 Score: 0.4705989263071393, Error: 0.19987571300873078 -> 0.5293513806939735, 👿 -0.329
Fine tuning increased fitness by 2.2069173877259374e-7 to 0.8000757107514713 adjusted 122 weights, 1 bias 
Generation 10 score 0.8000757107514713 (avg: 0.7683) error 0.1998745862495791 avg time 10s 885ms
Training 44b17ef5 scheduled
Training 44b17ef5 with 1 binary file, target error: 0.05, iterations: 1, sample rate: 100%, sparse: 100%
Fine tuning increased fitness by 3.761306744953785e-7 to 0.8000760868821458 adjusted 122 weights, 1 bias 
Discovered beneficial synapse from input-1680 to c4ebbb0e-d954-45c7-93c7-708836e7a1fd with weight 1.0000, helping 37.2% more records than it harms (2330/4613)
Discovery b4c0da2d analyze time 25s 72ms found 1 candidates
Discovered harmful synapse from input-83 to c4ebbb0e-d954-45c7-93c7-708836e7a1fd, harming 44.8% more records than it helps (439/4613)
Discovery b4c0da2d analyze harmful time 2s 560ms found 1 candidates
Training 65074edd completed after 12s 941ms
Training 65074edd compacted
Discovery b4c0da2d analyze squashes time 2s 81ms found 0 candidates
Compact 65074edd Score: 0.8000444469801852, Error: 0.1998748069413179 -> 0.19990607002086322, 👿 -0.0000313
Fine 65074edd Score: 0.6172368147761238, Error: 0.1998748069413179 -> 0.3827134822249497, 👿 -0.183, Variant: overshot
Fine 65074edd Score: 0.5890871368332403, Error: 0.1998748069413179 -> 0.41086316016773966, 👿 -0.211, Variant: undershot
Trained 65074edd Score: 0.49770809546823624, Error: 0.1998748069413179 -> 0.5022422015328768, 👿 -0.302
Discovery ec52b4ac scheduled
Discovery ec52b4ac with 1 binary files, sample rate: 100%, batch size: 512
Discovery ec52b4ac initialize time 102ms
Discovery ec52b4ac processing .trainData-location_88/HONG_KONG/data.bin
Fine tuning increased fitness by 4.6212160320635576e-7 to 0.800076549003749 adjusted 122 weights, 1 bias 
Discovery ec52b4ac read time 11ms for .trainData-location_88/HONG_KONG/data.bin with 4613 records
Discovery ec52b4ac scanning time 8s 506ms
Discovery ec52b4ac recorded time 10s 111ms
Training 36cfef52 scheduled
Training 36cfef52 with 1 binary file, target error: 0.05, iterations: 1, sample rate: 100%, sparse: 100%
Training 44b17ef5 completed after 12s 793ms
Training 44b17ef5 compacted
Compact 44b17ef5 Score: 0.8000449789855718, Error: 0.19987421011890466 -> 0.19990553801547659, 👿 -0.0000313
Fine 44b17ef5 Score: 0.46946532309766875, Error: 0.19987421011890466 -> 0.5304849739032913, 👿 -0.331, Variant: undershot
Fine 44b17ef5 Score: 0.4163811504046196, Error: 0.19987421011890466 -> 0.5835691465963855, 👿 -0.384, Variant: overshot
Trained 44b17ef5 Score: 0.40628361593609064, Error: 0.19987421011890466 -> 0.5936666810650224, 👿 -0.394
Discovered beneficial synapse from d3d935d8-c9ed-4870-b7c6-c72082d26da3 to 52df88af-83cc-452d-8734-3b9d2e04c35b with weight -1.0000, helping 31.8% more records than it harms (3020/4613)
Discovery ec52b4ac analyze time 15s 100ms found 1 candidates
Discovered harmful synapse from input-83 to c4ebbb0e-d954-45c7-93c7-708836e7a1fd, harming 44.8% more records than it helps (439/4613)
Discovery ec52b4ac analyze harmful time 2s 931ms found 1 candidates
Discovery ec52b4ac analyze squashes time 2s 21ms found 0 candidates
Discovery ffed7534 scheduled
Training ffed7534 scheduled
Training ffed7534 with 1 binary file, target error: 0.05, iterations: 1, sample rate: 100%, sparse: 100%
Discovery ffed7534 with 1 binary files, sample rate: 100%, batch size: 512
Discovery ffed7534 initialize time 94ms
Discovery ffed7534 processing .trainData-location_88/HONG_KONG/data.bin
Training 36cfef52 completed after 13s 203ms
Training 36cfef52 compacted
Discovery ffed7534 read time 4ms for .trainData-location_88/HONG_KONG/data.bin with 4613 records
Discovery ffed7534 scanning time 8s 209ms
Discovery ffed7534 recorded time 9s 920ms
Compact 36cfef52 Score: 0.8000553114810973, Error: 0.19986421450407513 -> 0.1998952155199508, 👿 -0.0000310
Fine 36cfef52 Score: 0.538581304061885, Error: 0.19986421450407513 -> 0.461369002939193, 👿 -0.262, Variant: overshot
Fine 36cfef52 Score: 0.4485393229750176, Error: 0.19986421450407513 -> 0.5514109840260654, 👿 -0.352, Variant: undershot
Trained 36cfef52 Score: 0.39878483561594363, Error: 0.19986421450407513 -> 0.6011654713851692, 👿 -0.401
Training 6978f513 scheduled
Training 6978f513 with 1 binary file, target error: 0.05, iterations: 1, sample rate: 100%, sparse: 100%
Fine tuning increased fitness by 0.000003105885971188549 to 0.8000932253053855 adjusted 88 weights, 2 biases 
Training ffed7534 completed after 12s 362ms
Training ffed7534 compacted
Compact ffed7534 Score: 0.8000573281271389, Error: 0.19986204214652667 -> 0.19989319887390927, 👿 -0.0000312
Fine ffed7534 Score: 0.527777485874786, Error: 0.19986204214652667 -> 0.47217282112628917, 👿 -0.272, Variant: overshot
Fine ffed7534 Score: 0.5047258093459004, Error: 0.19986204214652667 -> 0.49522449765515547, 👿 -0.295, Variant: undershot
Trained ffed7534 Score: 0.4266416649365788, Error: 0.19986204214652667 -> 0.573308642064534, 👿 -0.373
Fine tuning increased fitness by 8.005053591109146e-7 to 0.8000940258107446 adjusted 88 weights, 2 biases 
Discovered beneficial synapse from input-1680 to c4ebbb0e-d954-45c7-93c7-708836e7a1fd with weight 1.0000, helping 37.2% more records than it harms (2330/4613)
Discovery ffed7534 analyze time 25s 152ms found 1 candidates
Discovered harmful synapse from input-83 to c4ebbb0e-d954-45c7-93c7-708836e7a1fd, harming 44.7% more records than it helps (439/4613)
Discovery ffed7534 analyze harmful time 3s 152ms found 1 candidates
Discovery ffed7534 analyze squashes time 2s 496ms found 0 candidates
Discovery 210cf4e9 scheduled
Training 210cf4e9 scheduled
Training 210cf4e9 with 1 binary file, target error: 0.05, iterations: 1, sample rate: 100%, sparse: 100%
Discovery 210cf4e9 with 1 binary files, sample rate: 100%, batch size: 512
Discovery 210cf4e9 initialize time 102ms
Discovery 210cf4e9 processing .trainData-location_88/HONG_KONG/data.bin
Training 6978f513 completed after 12s 919ms
Training 6978f513 compacted
Discovery 210cf4e9 read time 9ms for .trainData-location_88/HONG_KONG/data.bin with 4613 records
Discovery 210cf4e9 scanning time 8s 257ms
Discovery 210cf4e9 recorded time 10s 66ms
Compact 6978f513 Score: 0.8000614334716444, Error: 0.19985708169566466 -> 0.1998890935294038, 👿 -0.0000320
Fine 6978f513 Score: 0.520898301095287, Error: 0.19985708169566466 -> 0.4790520059057653, 👿 -0.279, Variant: overshot
Fine 6978f513 Score: 0.5157809363941436, Error: 0.19985708169566466 -> 0.48416937060692383, 👿 -0.284, Variant: undershot
Trained 6978f513 Score: 0.4921812058631529, Error: 0.19985708169566466 -> 0.5077691011379599, 👿 -0.308
Fine tuning increased fitness by 1.4894543487464773e-8 to 0.8000941543074286 adjusted 23 weights, 1 bias 
Generation 20 score 0.8000941543074286 (avg: 0.7737) error 0.19985615269362153 avg time 10s 728ms
Training 210cf4e9 completed after 14s 274ms
Training 210cf4e9 compacted
Compact 210cf4e9 Score: 0.8000618736313322, Error: 0.19985616758816505 -> 0.19988865336971595, 👿 -0.0000325
Fine 210cf4e9 Score: 0.5986121581525211, Error: 0.19985616758816505 -> 0.4013381488484578, 👿 -0.201, Variant: undershot
Fine 210cf4e9 Score: 0.5385166249134757, Error: 0.19985616758816505 -> 0.4614336820875413, 👿 -0.262, Variant: overshot
Trained 210cf4e9 Score: 0.4220309493645193, Error: 0.19985616758816505 -> 0.5779193576365935, 👿 -0.378
Fine tuning increased fitness by 7.396557871741649e-7 to 0.8000957992044675 adjusted 2 weights, 1 bias 
Discovered beneficial synapse from input-1680 to c4ebbb0e-d954-45c7-93c7-708836e7a1fd with weight 1.0000, helping 37.2% more records than it harms (2330/4613)
Discovery 210cf4e9 analyze time 36s 711ms found 1 candidates
Generation 23 score 0.8000958462339369 (avg: 0.7882) error 0.19985446076711305 avg time 3s 41ms
Set training/discovery clean up count to 2
Waiting for discovery to complete
Discovered harmful synapse from input-83 to c4ebbb0e-d954-45c7-93c7-708836e7a1fd, harming 44.7% more records than it helps (439/4613)
Discovery 210cf4e9 analyze harmful time 3s 198ms found 1 candidates
Discovery 210cf4e9 analyze squashes time 2s 124ms found 1 candidate, Summary: b826dc19-22db-421d-991f-c6dffbcc2dc5 ArcTan -> Cube improved: 2.9% error: 1.3685959856984735e+23 -> 1.3292575017676271e+23
Generation 24 score 0.8000958593748542 (avg: 0.7957) error 0.19985444762619586 avg time 968ms
Waiting for discovery to complete
Fine tuning increased fitness by 4.1665841887805755e-9 to 0.8000958635414384 adjusted 1 weight, 1 bias 
Generation 25 score 0.8000958635414384 (avg: 0.7789) error 0.19985444345961162 avg time 877ms
Waiting for training/discovery clean up 2
Generation 26 score 0.8000958688399844 (avg: 0.7767) error 0.19985443816106568 avg time 939ms
Waiting for training/discovery clean up 1
Fine tuning increased fitness by 2.768173801293017e-9 to 0.8000958716081582 adjusted 2 weights 
Generation 27 score 0.8000958716081582 (avg: 0.7982) error 0.19985443539289185 avg time 865ms
{
  error: 0.19985443539289185,
  score: 0.8000958716081582,
  generation: 27,
  time: 283282,
  startScore: 0.8000634872010914
}
FL , score: 0.9551281627656302
process (poor score) FL , score: 0.9551281627656302 lvl: 2
loaded ../GRQ-portfolio/best/location/v1/FL.json
1 mutation, mutation rate 5.0%, elitism 7, mutation ALL, selection TOURNAMENT
Creature count: 50
Culling duplicate creature at 1 of 51
DeDuplication of 1 creatures to 50 in 169ms (previous experiment )
Discovery a2a6b422 scheduled
Training a2a6b422 scheduled
Training a2a6b422 with 1 binary file, target error: 0.05, iterations: 1, sample rate: 100%, sparse: 100%
Discovery a2a6b422 with 1 binary files, sample rate: 100%, batch size: 512
Discovery a2a6b422 initialize time 102ms
Discovery a2a6b422 processing .trainData-location_88/FL/data.bin
Generation 1 score 0.9551281627656302 (avg: 0.6944) error 0.044846080236408396 avg time 617ms
Set training/discovery clean up count to 2
Waiting for discovery to complete
Discovery a2a6b422 read time 7ms for .trainData-location_88/FL/data.bin with 4613 records
Discovery a2a6b422 scanning time 2s 616ms
Discovery a2a6b422 recorded time 4s 362ms
Training a2a6b422 completed after 4s 175ms
Training a2a6b422 compacted
Generation 2 score 0.9551281627656302 (avg: -1089725.6668) error 0.044846080236408396 avg time 400ms
Waiting for discovery to complete
Compact a2a6b422 Score: 0.9548704169176002, Error: 0.044846080236408396 -> 0.04510400608446447, 👿 -0.000258
Trained a2a6b422 Score: 0.9546788484557754, Error: 0.044846080236408396 -> 0.04529539454626312, 👿 -0.000449
Fine tuning increased fitness by 1.1907495811591673e-7 to 0.9551282818405883 adjusted 1 weight 
Generation 3 score 0.9551282818405883 (avg: 0.7763) error 0.04484595116145126 avg time 301ms
Waiting for discovery to complete
Fine tuning increased fitness by 1.371498632440904e-7 to 0.9551284189904515 adjusted 1 weight 
Generation 4 score 0.9551284189904515 (avg: 0.9460) error 0.044845814011588006 avg time 283ms
Waiting for discovery to complete
Generation 5 score 0.9551291817187718 (avg: 0.9426) error 0.04484504128326888 avg time 232ms
Waiting for discovery to complete
Discovered beneficial synapse from input-1112 to 2f3fcc14-fbc7-4f0c-a0eb-c2366bf3e45b with weight -1.0000, helping 19.4% more records than it harms (2140/4613)
Discovery a2a6b422 analyze time 10s 375ms found 1 candidates
Discovery a2a6b422 analyze harmful time 954ms found 0 candidates
Discovery a2a6b422 analyze squashes time 1s 37ms found 1 candidate, Summary: 2f3fcc14-fbc7-4f0c-a0eb-c2366bf3e45b ArcTan -> SQUARE improved: 1.6% error: 5.2365586421388914e+22 -> 5.151295011872608e+22
Generation 6 score 0.9551304585116822 (avg: 0.9440) error 0.04484376449035841 avg time 242ms
Waiting for discovery to complete
Fine tuning increased fitness by 0.0000010660056279920838 to 0.9551315245173102 adjusted 2 weights 
Generation 7 score 0.9551315245173102 (avg: 0.9551) error 0.044842698484730395 avg time 243ms
Waiting for training/discovery clean up 2
Generation 8 score 0.9551315811111295 (avg: 0.9351) error 0.044842641890911146 avg time 249ms
Waiting for training/discovery clean up 1
Fine tuning increased fitness by 1.0921240312100622e-7 to 0.9551316903235326 adjusted 1 weight 
Generation 9 score 0.9551316903235326 (avg: 0.9551) error 0.04484253267850796 avg time 228ms
{
  error: 0.04484253267850796,
  score: 0.9551316903235326,
  generation: 9,
  time: 28279,
  startScore: 0.9551281627656302
}
CO , score: 0.9543825792364613
process (poor score) CO , score: 0.9543825792364613 lvl: 2
loaded ../GRQ-portfolio/best/location/v1/CO.json
8 mutations, mutation rate 5.0%, elitism 4, mutation FFW, selection POWER
Creature count: 50
Culling duplicate creature at 1 of 51
DeDuplication of 1 creatures to 50 in 122ms (previous experiment )
Discovery 8869e794 scheduled
Training 8869e794 scheduled
Training 8869e794 with 1 binary file, target error: 0.05, iterations: 1, sample rate: 100%, sparse: 100%
Discovery 8869e794 with 1 binary files, sample rate: 100%, batch size: 512
Discovery 8869e794 initialize time 102ms
Discovery 8869e794 processing .trainData-location_88/CO/data.bin
Generation 1 score 0.9543825792364613 (avg: 0.7125) error 0.0455822907651212 avg time 643ms
Set training/discovery clean up count to 2
Waiting for discovery to complete
Discovery 8869e794 read time 8ms for .trainData-location_88/CO/data.bin with 4613 records
Discovery 8869e794 scanning time 3s 962ms
Discovery 8869e794 recorded time 5s 63ms
Generation 2 score 0.9543825792364613 (avg: -313619244274218.1875) error 0.0455822907651212 avg time 447ms
Waiting for discovery to complete
Training 8869e794 completed after 5s 563ms
Training 8869e794 compacted
Generation 3 score 0.9543825792364613 (avg: -376343093129045.1250) error 0.0455822907651212 avg time 372ms
Waiting for discovery to complete
Compact 8869e794 Score: 0.9537071730565451, Error: 0.0455822907651212 -> 0.04625783694503443, 👿 -0.000676
Trained 8869e794 Score: 0.8833103982761841, Error: 0.0455822907651212 -> 0.11665447172539842, 👿 -0.0711
Generation 4 score 0.9543825792364613 (avg: 0.9371) error 0.0455822907651212 avg time 425ms
Waiting for discovery to complete
Discovered beneficial synapse from input-523 to 2e7add2b-56d5-4f10-89f1-58ac648f8643 with weight 1.0000, helping 10.3% more records than it harms (2414/4613)
Discovery 8869e794 analyze time 10s 257ms found 1 candidates
Discovered harmful synapse from input-531 to 2e7add2b-56d5-4f10-89f1-58ac648f8643, harming 11.5% more records than it helps (1911/4613)
Discovery 8869e794 analyze harmful time 1s 498ms found 1 candidates
Fine tuning increased fitness by 9.807418210883156e-10 to 0.9543825802172031 adjusted 1 weight 
Discovery 8869e794 analyze squashes time 1s 608ms found 1 candidate, Summary: output-0 HARD_TANH -> COMPLEMENT improved: 100.0% error: 1.3585573185945762e+25 -> 5.4048
Generation 5 score 0.9543825802172031 (avg: 0.9543) error 0.04558228978437937 avg time 349ms
Waiting for discovery to complete
Fine tuning increased fitness by 2.278480737416544e-10 to 0.9543825804450512 adjusted 1 weight 
Generation 6 score 0.9543825804450512 (avg: 0.9544) error 0.04558228955653132 avg time 403ms
Waiting for training/discovery clean up 2
Fine tuning increased fitness by 1.8146595337498184e-11 to 0.9543825804631978 adjusted 1 weight 
Generation 7 score 0.9543825804631978 (avg: -3.123120272631196e+23) error 0.0455822895383847 avg time 412ms
Waiting for training/discovery clean up 1
Fine tuning increased fitness by 1.2488898804008386e-11 to 0.9543825804756867 adjusted 1 weight 
Generation 8 score 0.9543825804756867 (avg: 0.9544) error 0.04558228952589586 avg time 506ms
{
  error: 0.04558228952589586,
  score: 0.9543825804756867,
  generation: 8,
  time: 35847,
  startScore: 0.9543825792364613
}
🧹 Cleaning up any inconsistent git state
✅ Git state cleanup completed
✅ Already on proper branch: Develop
From github.com:stSoftwareAU/GRQ-location
   5b601a7..bea426a  Develop    -> origin/Develop
Updating 5b601a7..bea426a
Created autostash: 4209ab5
Fast-forward
 v1/COSTA_RICA.json |  253 +--
 v1/GREECE.json     |   74 +-
 v1/IN.json         |   71 +-
 v1/MD.json         | 2084 ++++++--------------
 v1/NJ.json         |   31 +-
 v1/OK.json         | 5465 +++++++++++++++++++++++++++++++---------------------
 v1/VA.json         | 2254 ++--------------------
 v1/WI.json         | 1035 +++++++---
 8 files changed, 4997 insertions(+), 6270 deletions(-)
Applying autostash resulted in conflicts.
Your changes are safe in the stash.
You can run "git stash pop" or "git stash drop" at any time.
✅ Already on proper branch: Develop
📦 Changes detected — staging files and validating JSON
[0;32m🔍 Validating staged JSON files...[0m
[0;32m🔍 Validating: v1/AL.json[0m
[0;32m   ✅ PASSED: File is valid[0m
[0;32m🔍 Validating: v1/CO.json[0m
[0;32m   ✅ PASSED: File is valid[0m
[0;32m🔍 Validating: v1/FL.json[0m
[0;32m   ✅ PASSED: File is valid[0m
[0;32m🔍 Validating: v1/HONG_KONG.json[0m
[0;32m   ✅ PASSED: File is valid[0m
[0;32m🔍 Validating: v1/KS.json[0m
[0;32m   ✅ PASSED: File is valid[0m
[0;32m🔍 Validating: v1/KY.json[0m
[0;32m   ✅ PASSED: File is valid[0m
[0;32m🔍 Validating: v1/NC.json[0m
[0;32m   ✅ PASSED: File is valid[0m
[0;32m🔍 Validating: v1/WI.json[0m
[0;31m🚨 MERGE CONFLICT DETECTED in: v1/WI.json[0m
[1;33m   This file contains unresolved merge conflict markers:[0m
2351:<<<<<<< Updated upstream
2353:=======
2355:>>>>>>> Stashed changes
10748:<<<<<<< Updated upstream
10754:=======
[0;31m   ❌ FAILED: Merge conflicts detected[0m

[0;31m❌ Commit blocked due to invalid JSON files[0m
❌ JSON validation failed — aborting commit
🧹 Cleaning up staged changes
Unstaged changes after reset:
M	v1/AL.json
M	v1/CO.json
M	v1/FL.json
M	v1/HONG_KONG.json
M	v1/KS.json
M	v1/KY.json
M	v1/NC.json
M	v1/WI.json
💥 Commit blocked due to invalid JSON files
🧹 Performing final git cleanup on exit...
✅ Final cleanup completed
Cloning into 'GRQ-logs'...
[Develop 58e84bc] ip-10-0-28-98 status 1
 1 file changed, 838 insertions(+), 1999 deletions(-)
To github.com:stSoftwareAU/GRQ-logs.git
   4a65827..58e84bc  Develop -> Develop
📥 Pulling GRQ-health with --ours strategy...
📦 No local changes or untracked files - checking remote state
🔄 Resetting to remote state (commit: b306a81a)
HEAD is now at b306a81 Update health status for GRQ-11 at Wed Aug  6 15:42:39 AEST 2025
✅ Successfully reset to remote state - all models updated by another machine
✅ GRQ-health pull succeeded in 7 seconds
Updating health information...
Updated health information for ip-10-0-28-98
