[log truncated by run.sh: showing the last 64 KB of 4180 KB; the full log is on the host]
2026-09-27T11:40:00.801Z [INFO] [History] [pid-30617] income statement( COIX) no file
2026-09-27T11:40:00.801Z [INFO] [History] [pid-30617] Cash flow( COIX) no file
2026-09-27T11:40:00.801Z [INFO] [History] [pid-30617] income statement( FBX) no file
2026-09-27T11:40:00.802Z [INFO] [History] [pid-30617] Cash flow( FBX) no file
2026-09-27T11:40:00.802Z [INFO] [History] [pid-30617] loadEarnings( SNDC) no file
2026-09-27T11:40:00.802Z [INFO] [History] [pid-30617] balanceSheet( SNDC) no file
2026-09-27T11:40:00.835Z [INFO] [History] [pid-30617] income statement( MSTC) no file
2026-09-27T11:40:00.835Z [INFO] [History] [pid-30617] Cash flow( MSTC) no file
2026-09-27T11:40:00.842Z [INFO] [History] [pid-30617] income statement( SNDC) no file
2026-09-27T11:40:00.842Z [INFO] [History] [pid-30617] Cash flow( SNDC) no file
2026-09-27T11:40:01.041Z [INFO] [History] [pid-30617] Updated LatestQuarter for  OSPRU  to  2018-06-30  from  None
2026-09-27T11:40:01.066Z [INFO] [History] [pid-30617] Unknown asset type: UNIT {"Symbol":"ALPXU","AssetType":"UNIT","Name":"Alpex Acquisition Corporation Unit","Description":"Alpex Acquisition Corporation Unit (Ticker: ALPXU) is a special purpose acquisition company (SPAC) focused on identifying and merging with innovative companies in growth sectors. With a robust framework for strategic acquisition, ALPXU aims to deliver value for its shareholders by leveraging management's extensive experience in operational execution and industry insight. The company is positioned to capitalize on emerging market trends, thereby enhancing its portfolio and creating sustainable growth opportunities. As a SPAC, it offers a unique investment proposition for institutional investors looking to gain exposure to successful business combinations in a streamlined process.","CIK":"None","Exchange":"NASDAQ","Currency":"USD","Country":"USA","Sector":"FINANCIAL SERVICES","Industry":"SHELL COMPANIES","Address":"300 DELAWARE AVE., WILMINGTON, DE, UNITED STATES, 19801","OfficialSite":"None","FiscalYearEnd":"None","LatestQuarter":"2026-06-30","MarketCapitalization":"None","EBITDA":"None","PERatio":"None","PEGRatio":"None","BookValue":"7.76","DividendPerShare":"None","DividendYield":"None","EPS":"None","RevenuePerShareTTM":"0","ProfitMargin":"0","OperatingMarginTTM":"0","ReturnOnAssetsTTM":"0","ReturnOnEquityTTM":"0","RevenueTTM":"0","GrossProfitTTM":"0","DilutedEPSTTM":"0","QuarterlyEarningsGrowthYOY":"0","QuarterlyRevenueGrowthYOY":"0","AnalystTargetPrice":"None","AnalystRatingStrongBuy":"-","AnalystRatingBuy":"-","AnalystRatingHold":"-","AnalystRatingSell":"-","AnalystRatingStrongSell":"-","TrailingPE":"-","ForwardPE":"-","PriceToSalesRatioTTM":"-","PriceToBookRatio":"-","EVToRevenue":"-","EVToEBITDA":"-","Beta":"None","52WeekHigh":"10.75","52WeekLow":"9.99","50DayMovingAverage":"10.13","200DayMovingAverage":"10.12","SharesOutstanding":"0","SharesFloat":"0","PercentInsiders":"1.604","PercentInstitutions":"95.271","DividendDate":"None","ExDividendDate":"None"}
2026-09-27T11:40:01.109Z [INFO] [History] [pid-30617] loadEarnings( MBGL-WI) no file
2026-09-27T11:40:01.113Z [INFO] [History] [pid-30617] balanceSheet( MBGL-WI) no file
2026-09-27T11:40:01.264Z [INFO] [History] [pid-30617] income statement( MBGL-WI) no file
2026-09-27T11:40:01.264Z [INFO] [History] [pid-30617] Cash flow( MBGL-WI) no file
2026-09-27T11:40:01.473Z [INFO] [History] [pid-30617] balanceSheet( SAMO-U) no file
2026-09-27T11:40:01.485Z [INFO] [History] [pid-30617] loadEarnings( DRVR) no file
2026-09-27T11:40:01.487Z [INFO] [History] [pid-30617] balanceSheet( DRVR) no file
2026-09-27T11:40:01.490Z [INFO] [History] [pid-30617] income statement( SAMO-U) no file
2026-09-27T11:40:01.490Z [INFO] [History] [pid-30617] Cash flow( SAMO-U) no file
2026-09-27T11:40:01.498Z [INFO] [History] [pid-30617] income statement( DRVR) no file
2026-09-27T11:40:01.498Z [INFO] [History] [pid-30617] Cash flow( DRVR) no file
2026-09-27T11:40:01.567Z [INFO] [History] [pid-30617] balanceSheet( DGAC-R) no file
2026-09-27T11:40:01.568Z [INFO] [History] [pid-30617] balanceSheet( DGACR) no file
2026-09-27T11:40:01.596Z [INFO] [History] [pid-30617] income statement( DGAC-R) no file
2026-09-27T11:40:01.596Z [INFO] [History] [pid-30617] Cash flow( DGAC-R) no file
2026-09-27T11:40:01.596Z [INFO] [History] [pid-30617] income statement( DGACR) no file
2026-09-27T11:40:01.596Z [INFO] [History] [pid-30617] Cash flow( DGACR) no file
2026-09-27T11:40:01.609Z [INFO] [History] [pid-30617] balanceSheet( BID) no file
2026-09-27T11:40:01.716Z [INFO] [History] [pid-30617] balanceSheet( VII-WS) no file
2026-09-27T11:40:01.757Z [INFO] [History] [pid-30617] income statement( VII-WS) no file
2026-09-27T11:40:01.757Z [INFO] [History] [pid-30617] Cash flow( VII-WS) no file
2026-09-27T11:40:01.855Z [INFO] [History] [pid-30617] balanceSheet( PSA-P-T) no file
2026-09-27T11:40:01.977Z [INFO] [History] [pid-30617] balanceSheet( PSA-P-U) no file
2026-09-27T11:40:02.004Z [INFO] [History] [pid-30617] loadData( BIOTW) no year 2024
2026-09-27T11:40:02.004Z [INFO] [History] [pid-30617] loadData( BIOTW) no year 2025
2026-09-27T11:40:02.015Z [INFO] [History] [pid-30617] balanceSheet( BIOTW) no file
2026-09-27T11:40:02.019Z [INFO] [History] [pid-30617] loadData( BIOT) no year 2024
2026-09-27T11:40:02.019Z [INFO] [History] [pid-30617] loadData( BIOT) no year 2025
2026-09-27T11:40:02.097Z [INFO] [History] [pid-30617] income statement( PSA-P-T) no file
2026-09-27T11:40:02.098Z [INFO] [History] [pid-30617] Cash flow( PSA-P-T) no file
2026-09-27T11:40:02.119Z [INFO] [History] [pid-30617] balanceSheet( FTRA) no file
2026-09-27T11:40:02.129Z [INFO] [History] [pid-30617] income statement( PSA-P-U) no file
2026-09-27T11:40:02.130Z [INFO] [History] [pid-30617] Cash flow( PSA-P-U) no file
2026-09-27T11:40:02.132Z [INFO] [History] [pid-30617] income statement( BIOTW) no file
2026-09-27T11:40:02.133Z [INFO] [History] [pid-30617] Cash flow( BIOTW) no file
2026-09-27T11:40:02.156Z [INFO] [History] [pid-30617] balanceSheet( FTRA-WS) no file
2026-09-27T11:40:02.157Z [INFO] [History] [pid-30617] balanceSheet( IPVV) no file
2026-09-27T11:40:02.168Z [INFO] [History] [pid-30617] balanceSheet( LTGR) no file
2026-09-27T11:40:02.174Z [INFO] [History] [pid-30617] balanceSheet( LTGRW) no file
2026-09-27T11:40:02.181Z [INFO] [History] [pid-30617] income statement( FTRA) no file
2026-09-27T11:40:02.181Z [INFO] [History] [pid-30617] Cash flow( FTRA) no file
2026-09-27T11:40:02.184Z [INFO] [History] [pid-30617] balanceSheet( TONT-U) no file
2026-09-27T11:40:02.184Z [INFO] [History] [pid-30617] balanceSheet( TONT-WS) no file
2026-09-27T11:40:02.208Z [INFO] [History] [pid-30617] balanceSheet( CATLU) no file
2026-09-27T11:40:02.209Z [INFO] [History] [pid-30617] loadEarnings( MUA-R-W) no file
2026-09-27T11:40:02.209Z [INFO] [History] [pid-30617] balanceSheet( MUA-R-W) no file
2026-09-27T11:40:02.244Z [INFO] [History] [pid-30617] balanceSheet( IMC) no file
2026-09-27T11:40:02.251Z [INFO] [History] [pid-30617] income statement( FTRA-WS) no file
2026-09-27T11:40:02.252Z [INFO] [History] [pid-30617] Cash flow( FTRA-WS) no file
2026-09-27T11:40:02.252Z [INFO] [History] [pid-30617] income statement( IPVV) no file
2026-09-27T11:40:02.252Z [INFO] [History] [pid-30617] Cash flow( IPVV) no file
2026-09-27T11:40:02.252Z [INFO] [History] [pid-30617] income statement( LTGR) no file
2026-09-27T11:40:02.252Z [INFO] [History] [pid-30617] Cash flow( LTGR) no file
2026-09-27T11:40:02.253Z [INFO] [History] [pid-30617] income statement( LTGRW) no file
2026-09-27T11:40:02.253Z [INFO] [History] [pid-30617] Cash flow( LTGRW) no file
2026-09-27T11:40:02.262Z [INFO] [History] [pid-30617] balanceSheet( IPVVW) no file
2026-09-27T11:40:02.263Z [INFO] [History] [pid-30617] loadEarnings( ADIG-W) no file
2026-09-27T11:40:02.263Z [INFO] [History] [pid-30617] balanceSheet( ADIG-W) no file
2026-09-27T11:40:02.273Z [INFO] [History] [pid-30617] income statement( TONT-U) no file
2026-09-27T11:40:02.273Z [INFO] [History] [pid-30617] Cash flow( TONT-U) no file
2026-09-27T11:40:02.273Z [INFO] [History] [pid-30617] income statement( TONT-WS) no file
2026-09-27T11:40:02.273Z [INFO] [History] [pid-30617] Cash flow( TONT-WS) no file
2026-09-27T11:40:02.277Z [INFO] [History] [pid-30617] income statement( CATLU) no file
2026-09-27T11:40:02.277Z [INFO] [History] [pid-30617] Cash flow( CATLU) no file
2026-09-27T11:40:02.278Z [INFO] [History] [pid-30617] income statement( MUA-R-W) no file
2026-09-27T11:40:02.278Z [INFO] [History] [pid-30617] Cash flow( MUA-R-W) no file
2026-09-27T11:40:02.284Z [INFO] [History] [pid-30617] income statement( IMC) no file
2026-09-27T11:40:02.284Z [INFO] [History] [pid-30617] Cash flow( IMC) no file
2026-09-27T11:40:02.290Z [INFO] [History] [pid-30617] balanceSheet( ISNR) no file
2026-09-27T11:40:02.291Z [INFO] [History] [pid-30617] balanceSheet( ISNRW) no file
2026-09-27T11:40:02.294Z [INFO] [History] [pid-30617] income statement( IPVVW) no file
2026-09-27T11:40:02.294Z [INFO] [History] [pid-30617] Cash flow( IPVVW) no file
2026-09-27T11:40:02.294Z [INFO] [History] [pid-30617] income statement( ADIG-W) no file
2026-09-27T11:40:02.294Z [INFO] [History] [pid-30617] Cash flow( ADIG-W) no file
2026-09-27T11:40:02.300Z [INFO] [History] [pid-30617] loadData( FWAC) no year 2024
2026-09-27T11:40:02.300Z [INFO] [History] [pid-30617] loadData( FWAC) no year 2025
2026-09-27T11:40:02.302Z [INFO] [History] [pid-30617] balanceSheet( CCCT) no file
2026-09-27T11:40:02.305Z [INFO] [History] [pid-30617] balanceSheet( CCCTW) no file
2026-09-27T11:40:02.306Z [INFO] [History] [pid-30617] balanceSheet( EWAVU) no file
2026-09-27T11:40:02.306Z [INFO] [History] [pid-30617] balanceSheet( FWACR) no file
2026-09-27T11:40:02.308Z [INFO] [History] [pid-30617] income statement( ISNR) no file
2026-09-27T11:40:02.308Z [INFO] [History] [pid-30617] Cash flow( ISNR) no file
2026-09-27T11:40:02.308Z [INFO] [History] [pid-30617] income statement( ISNRW) no file
2026-09-27T11:40:02.308Z [INFO] [History] [pid-30617] Cash flow( ISNRW) no file
2026-09-27T11:40:02.311Z [INFO] [History] [pid-30617] balanceSheet( FWACW) no file
2026-09-27T11:40:02.312Z [INFO] [History] [pid-30617] balanceSheet( NCO) no file
2026-09-27T11:40:02.312Z [INFO] [History] [pid-30617] balanceSheet( NCOOR) no file
2026-09-27T11:40:02.313Z [INFO] [History] [pid-30617] balanceSheet( NCOOW) no file
2026-09-27T11:40:02.316Z [INFO] [History] [pid-30617] income statement( CCCT) no file
2026-09-27T11:40:02.316Z [INFO] [History] [pid-30617] Cash flow( CCCT) no file
2026-09-27T11:40:02.316Z [INFO] [History] [pid-30617] income statement( CCCTW) no file
2026-09-27T11:40:02.317Z [INFO] [History] [pid-30617] Cash flow( CCCTW) no file
2026-09-27T11:40:02.317Z [INFO] [History] [pid-30617] income statement( EWAVU) no file
2026-09-27T11:40:02.317Z [INFO] [History] [pid-30617] Cash flow( EWAVU) no file
2026-09-27T11:40:02.317Z [INFO] [History] [pid-30617] income statement( FWACR) no file
2026-09-27T11:40:02.317Z [INFO] [History] [pid-30617] Cash flow( FWACR) no file
2026-09-27T11:40:02.330Z [INFO] [History] [pid-30617] balanceSheet( XIIIU) no file
2026-09-27T11:40:02.331Z [INFO] [History] [pid-30617] income statement( FWACW) no file
2026-09-27T11:40:02.331Z [INFO] [History] [pid-30617] Cash flow( FWACW) no file
2026-09-27T11:40:02.331Z [INFO] [History] [pid-30617] income statement( NCO) no file
2026-09-27T11:40:02.331Z [INFO] [History] [pid-30617] Cash flow( NCO) no file
2026-09-27T11:40:02.331Z [INFO] [History] [pid-30617] income statement( NCOOR) no file
2026-09-27T11:40:02.332Z [INFO] [History] [pid-30617] Cash flow( NCOOR) no file
2026-09-27T11:40:02.332Z [INFO] [History] [pid-30617] income statement( NCOOW) no file
2026-09-27T11:40:02.332Z [INFO] [History] [pid-30617] Cash flow( NCOOW) no file
2026-09-27T11:40:02.344Z [INFO] [History] [pid-30617] balanceSheet( BCCQ) no file
2026-09-27T11:40:02.345Z [INFO] [History] [pid-30617] balanceSheet( OCAC) no file
2026-09-27T11:40:02.345Z [INFO] [History] [pid-30617] balanceSheet( OCAC-R) no file
2026-09-27T11:40:02.346Z [INFO] [History] [pid-30617] balanceSheet( OCAC-WS) no file
2026-09-27T11:40:02.357Z [INFO] [History] [pid-30617] balanceSheet( FDMM) no file
2026-09-27T11:40:02.358Z [INFO] [History] [pid-30617] balanceSheet( FJDIU) no file
2026-09-27T11:40:02.360Z [INFO] [History] [pid-30617] income statement( XIIIU) no file
2026-09-27T11:40:02.360Z [INFO] [History] [pid-30617] Cash flow( XIIIU) no file
2026-09-27T11:40:02.373Z [INFO] [History] [pid-30617] balanceSheet( MUA-R) no file
2026-09-27T11:40:02.374Z [INFO] [History] [pid-30617] loadEarnings( SMHD) no file
2026-09-27T11:40:02.374Z [INFO] [History] [pid-30617] balanceSheet( SMHD) no file
2026-09-27T11:40:02.375Z [INFO] [History] [pid-30617] loadEarnings( SMHU) no file
2026-09-27T11:40:02.376Z [INFO] [History] [pid-30617] balanceSheet( SMHU) no file
2026-09-27T11:40:02.376Z [INFO] [History] [pid-30617] balanceSheet( THEOU) no file
2026-09-27T11:40:02.377Z [INFO] [History] [pid-30617] balanceSheet( TCGX) no file
2026-09-27T11:40:02.377Z [INFO] [History] [pid-30617] income statement( BCCQ) no file
2026-09-27T11:40:02.377Z [INFO] [History] [pid-30617] Cash flow( BCCQ) no file
2026-09-27T11:40:02.377Z [INFO] [History] [pid-30617] income statement( OCAC) no file
2026-09-27T11:40:02.377Z [INFO] [History] [pid-30617] Cash flow( OCAC) no file
2026-09-27T11:40:02.378Z [INFO] [History] [pid-30617] income statement( OCAC-R) no file
2026-09-27T11:40:02.378Z [INFO] [History] [pid-30617] Cash flow( OCAC-R) no file
2026-09-27T11:40:02.378Z [INFO] [History] [pid-30617] income statement( OCAC-WS) no file
2026-09-27T11:40:02.378Z [INFO] [History] [pid-30617] Cash flow( OCAC-WS) no file
2026-09-27T11:40:02.382Z [INFO] [History] [pid-30617] income statement( FDMM) no file
2026-09-27T11:40:02.382Z [INFO] [History] [pid-30617] Cash flow( FDMM) no file
2026-09-27T11:40:02.382Z [INFO] [History] [pid-30617] income statement( FJDIU) no file
2026-09-27T11:40:02.382Z [INFO] [History] [pid-30617] Cash flow( FJDIU) no file
2026-09-27T11:40:02.423Z [INFO] [History] [pid-30617] loadData( ATTO) no year 2024
2026-09-27T11:40:02.423Z [INFO] [History] [pid-30617] loadData( ATTO) no year 2025
2026-09-27T11:40:02.424Z [INFO] [History] [pid-30617] Unknown asset type: UNIT {"Symbol":"THEOU","AssetType":"UNIT","Name":"BOA Acquisition Corp. II Units","Description":"None","CIK":"None","Exchange":"NASDAQ","Currency":"USD","Country":"USA","Sector":"FINANCIAL SERVICES","Industry":"SHELL COMPANIES","Address":"2600 VIRGINIA AVE NW, WASHINGTON, DC, UNITED STATES, 20037","OfficialSite":"https://www.betonamerica2.com","FiscalYearEnd":"December","LatestQuarter":"2026-06-30","MarketCapitalization":"None","EBITDA":"None","PERatio":"None","PEGRatio":"None","BookValue":"-0.021","DividendPerShare":"None","DividendYield":"None","EPS":"None","RevenuePerShareTTM":"0","ProfitMargin":"0","OperatingMarginTTM":"0","ReturnOnAssetsTTM":"0","ReturnOnEquityTTM":"0","RevenueTTM":"0","GrossProfitTTM":"0","DilutedEPSTTM":"0","QuarterlyEarningsGrowthYOY":"0","QuarterlyRevenueGrowthYOY":"0","AnalystTargetPrice":"None","AnalystRatingStrongBuy":"-","AnalystRatingBuy":"-","AnalystRatingHold":"-","AnalystRatingSell":"-","AnalystRatingStrongSell":"-","TrailingPE":"-","ForwardPE":"-","PriceToSalesRatioTTM":"-","PriceToBookRatio":"-","EVToRevenue":"-","EVToEBITDA":"-","Beta":"None","52WeekHigh":"10.25","52WeekLow":"10.07","50DayMovingAverage":"10.16","200DayMovingAverage":"10.16","SharesOutstanding":"0","SharesFloat":"14610300","PercentInsiders":"5.705","PercentInstitutions":"8.478","DividendDate":"None","ExDividendDate":"None"}
2026-09-27T11:40:02.425Z [INFO] [History] [pid-30617] balanceSheet( BCCQW) no file
2026-09-27T11:40:02.458Z [INFO] [History] [pid-30617] income statement( MUA-R) no file
2026-09-27T11:40:02.458Z [INFO] [History] [pid-30617] Cash flow( MUA-R) no file
2026-09-27T11:40:02.458Z [INFO] [History] [pid-30617] income statement( SMHD) no file
2026-09-27T11:40:02.458Z [INFO] [History] [pid-30617] Cash flow( SMHD) no file
2026-09-27T11:40:02.458Z [INFO] [History] [pid-30617] income statement( SMHU) no file
2026-09-27T11:40:02.458Z [INFO] [History] [pid-30617] Cash flow( SMHU) no file
2026-09-27T11:40:02.458Z [INFO] [History] [pid-30617] income statement( THEOU) no file
2026-09-27T11:40:02.458Z [INFO] [History] [pid-30617] Cash flow( THEOU) no file
2026-09-27T11:40:02.458Z [INFO] [History] [pid-30617] income statement( TCGX) no file
2026-09-27T11:40:02.459Z [INFO] [History] [pid-30617] Cash flow( TCGX) no file
2026-09-27T11:40:02.462Z [INFO] [History] [pid-30617] balanceSheet( ATLQ) no file
2026-09-27T11:40:02.473Z [INFO] [History] [pid-30617] balanceSheet( ATLQR) no file
2026-09-27T11:40:02.474Z [INFO] [History] [pid-30617] balanceSheet( ATLQW) no file
2026-09-27T11:40:02.487Z [INFO] [History] [pid-30617] balanceSheet( FDMMW) no file
2026-09-27T11:40:02.502Z [INFO] [History] [pid-30617] balanceSheet( OCLTU) no file
2026-09-27T11:40:02.503Z [INFO] [History] [pid-30617] income statement( BCCQW) no file
2026-09-27T11:40:02.503Z [INFO] [History] [pid-30617] Cash flow( BCCQW) no file
2026-09-27T11:40:02.508Z [INFO] [History] [pid-30617] balanceSheet( PNAQ-U) no file
2026-09-27T11:40:02.510Z [INFO] [History] [pid-30617] balanceSheet( QVCG) no file
2026-09-27T11:40:02.510Z [INFO] [History] [pid-30617] income statement( ATLQ) no file
2026-09-27T11:40:02.510Z [INFO] [History] [pid-30617] Cash flow( ATLQ) no file
2026-09-27T11:40:02.510Z [INFO] [History] [pid-30617] income statement( ATLQR) no file
2026-09-27T11:40:02.511Z [INFO] [History] [pid-30617] Cash flow( ATLQR) no file
2026-09-27T11:40:02.511Z [INFO] [History] [pid-30617] income statement( ATLQW) no file
2026-09-27T11:40:02.511Z [INFO] [History] [pid-30617] Cash flow( ATLQW) no file
2026-09-27T11:40:02.512Z [INFO] [History] [pid-30617] income statement( FDMMW) no file
2026-09-27T11:40:02.512Z [INFO] [History] [pid-30617] Cash flow( FDMMW) no file
2026-09-27T11:40:02.516Z [INFO] [History] [pid-30617] income statement( OCLTU) no file
2026-09-27T11:40:02.516Z [INFO] [History] [pid-30617] Cash flow( OCLTU) no file
2026-09-27T11:40:02.521Z [INFO] [History] [pid-30617] balanceSheet( WLCO) no file
2026-09-27T11:40:02.526Z [INFO] [History] [pid-30617] income statement( PNAQ-U) no file
2026-09-27T11:40:02.526Z [INFO] [History] [pid-30617] Cash flow( PNAQ-U) no file
2026-09-27T11:40:02.527Z [INFO] [History] [pid-30617] income statement( QVCG) no file
2026-09-27T11:40:02.527Z [INFO] [History] [pid-30617] Cash flow( QVCG) no file
2026-09-27T11:40:02.529Z [INFO] [History] [pid-30617] balanceSheet( CNL) no file
2026-09-27T11:40:02.530Z [INFO] [History] [pid-30617] loadEarnings( HYGD) no file
2026-09-27T11:40:02.530Z [INFO] [History] [pid-30617] balanceSheet( HYGD) no file
2026-09-27T11:40:02.530Z [INFO] [History] [pid-30617] balanceSheet( HYGU) no file
2026-09-27T11:40:02.531Z [INFO] [History] [pid-30617] balanceSheet( LQDD) no file
2026-09-27T11:40:02.531Z [INFO] [History] [pid-30617] loadEarnings( LQDU) no file
2026-09-27T11:40:02.532Z [INFO] [History] [pid-30617] balanceSheet( LQDU) no file
2026-09-27T11:40:02.532Z [INFO] [History] [pid-30617] loadEarnings( SITX) no file
2026-09-27T11:40:02.532Z [INFO] [History] [pid-30617] balanceSheet( SITX) no file
2026-09-27T11:40:02.537Z [INFO] [History] [pid-30617] income statement( WLCO) no file
2026-09-27T11:40:02.538Z [INFO] [History] [pid-30617] Cash flow( WLCO) no file
2026-09-27T11:40:02.541Z [INFO] [History] [pid-30617] loadEarnings( FOIL) no file
2026-09-27T11:40:02.541Z [INFO] [History] [pid-30617] balanceSheet( FOIL) no file
2026-09-27T11:40:02.542Z [INFO] [History] [pid-30617] balanceSheet( PLCI) no file
2026-09-27T11:40:02.543Z [INFO] [History] [pid-30617] balanceSheet( PLCIR) no file
2026-09-27T11:40:02.550Z [INFO] [History] [pid-30617] income statement( HYGD) no file
2026-09-27T11:40:02.550Z [INFO] [History] [pid-30617] Cash flow( HYGD) no file
2026-09-27T11:40:02.550Z [INFO] [History] [pid-30617] income statement( HYGU) no file
2026-09-27T11:40:02.550Z [INFO] [History] [pid-30617] Cash flow( HYGU) no file
2026-09-27T11:40:02.550Z [INFO] [History] [pid-30617] income statement( LQDD) no file
2026-09-27T11:40:02.551Z [INFO] [History] [pid-30617] Cash flow( LQDD) no file
2026-09-27T11:40:02.551Z [INFO] [History] [pid-30617] income statement( LQDU) no file
2026-09-27T11:40:02.551Z [INFO] [History] [pid-30617] Cash flow( LQDU) no file
2026-09-27T11:40:02.551Z [INFO] [History] [pid-30617] income statement( SITX) no file
2026-09-27T11:40:02.551Z [INFO] [History] [pid-30617] Cash flow( SITX) no file
2026-09-27T11:40:02.556Z [INFO] [History] [pid-30617] balanceSheet( SNSC) no file
2026-09-27T11:40:02.557Z [INFO] [History] [pid-30617] balanceSheet( WLCOW) no file
2026-09-27T11:40:02.558Z [INFO] [History] [pid-30617] loadEarnings( DACL) no file
2026-09-27T11:40:02.558Z [INFO] [History] [pid-30617] balanceSheet( DACL) no file
2026-09-27T11:40:02.559Z [INFO] [History] [pid-30617] income statement( FOIL) no file
2026-09-27T11:40:02.559Z [INFO] [History] [pid-30617] Cash flow( FOIL) no file
2026-09-27T11:40:02.559Z [INFO] [History] [pid-30617] income statement( PLCI) no file
2026-09-27T11:40:02.560Z [INFO] [History] [pid-30617] Cash flow( PLCI) no file
2026-09-27T11:40:02.560Z [INFO] [History] [pid-30617] income statement( PLCIR) no file
2026-09-27T11:40:02.560Z [INFO] [History] [pid-30617] Cash flow( PLCIR) no file
2026-09-27T11:40:02.563Z [INFO] [History] [pid-30617] balanceSheet( GHXI) no file
2026-09-27T11:40:02.564Z [INFO] [History] [pid-30617] balanceSheet( RVII) no file
2026-09-27T11:40:02.565Z [INFO] [History] [pid-30617] balanceSheet( TBCVU) no file
2026-09-27T11:40:02.565Z [INFO] [History] [pid-30617] balanceSheet( NXH) no file
2026-09-27T11:40:02.603Z [INFO] [History] [pid-30617] income statement( SNSC) no file
2026-09-27T11:40:02.603Z [INFO] [History] [pid-30617] Cash flow( SNSC) no file
2026-09-27T11:40:02.605Z [INFO] [History] [pid-30617] income statement( WLCOW) no file
2026-09-27T11:40:02.605Z [INFO] [History] [pid-30617] Cash flow( WLCOW) no file
2026-09-27T11:40:02.605Z [INFO] [History] [pid-30617] income statement( DACL) no file
2026-09-27T11:40:02.606Z [INFO] [History] [pid-30617] Cash flow( DACL) no file
2026-09-27T11:40:02.616Z [INFO] [History] [pid-30617] balanceSheet( EWAV) no file
2026-09-27T11:40:02.617Z [INFO] [History] [pid-30617] balanceSheet( EWAVR) no file
2026-09-27T11:40:02.617Z [INFO] [History] [pid-30617] balanceSheet( GHXIW) no file
2026-09-27T11:40:02.621Z [INFO] [History] [pid-30617] balanceSheet( THEO) no file
2026-09-27T11:40:02.632Z [INFO] [History] [pid-30617] balanceSheet( THEOR) no file
2026-09-27T11:40:02.637Z [INFO] [History] [pid-30617] income statement( GHXI) no file
2026-09-27T11:40:02.637Z [INFO] [History] [pid-30617] Cash flow( GHXI) no file
2026-09-27T11:40:02.637Z [INFO] [History] [pid-30617] income statement( RVII) no file
2026-09-27T11:40:02.637Z [INFO] [History] [pid-30617] Cash flow( RVII) no file
2026-09-27T11:40:02.637Z [INFO] [History] [pid-30617] income statement( TBCVU) no file
2026-09-27T11:40:02.637Z [INFO] [History] [pid-30617] Cash flow( TBCVU) no file
2026-09-27T11:40:02.656Z [INFO] [History] [pid-30617] balanceSheet( ADAMK) no file
2026-09-27T11:40:02.657Z [INFO] [History] [pid-30617] balanceSheet( CGCF) no file
2026-09-27T11:40:02.658Z [INFO] [History] [pid-30617] income statement( EWAV) no file
2026-09-27T11:40:02.658Z [INFO] [History] [pid-30617] Cash flow( EWAV) no file
2026-09-27T11:40:02.658Z [INFO] [History] [pid-30617] income statement( EWAVR) no file
2026-09-27T11:40:02.658Z [INFO] [History] [pid-30617] Cash flow( EWAVR) no file
2026-09-27T11:40:02.658Z [INFO] [History] [pid-30617] income statement( GHXIW) no file
2026-09-27T11:40:02.658Z [INFO] [History] [pid-30617] Cash flow( GHXIW) no file
2026-09-27T11:40:02.659Z [INFO] [History] [pid-30617] income statement( THEO) no file
2026-09-27T11:40:02.659Z [INFO] [History] [pid-30617] Cash flow( THEO) no file
2026-09-27T11:40:02.659Z [INFO] [History] [pid-30617] income statement( THEOR) no file
2026-09-27T11:40:02.659Z [INFO] [History] [pid-30617] Cash flow( THEOR) no file
2026-09-27T11:40:02.664Z [INFO] [History] [pid-30617] balanceSheet( CGCFW) no file
2026-09-27T11:40:02.665Z [INFO] [History] [pid-30617] balanceSheet( MRCO) no file
2026-09-27T11:40:02.666Z [INFO] [History] [pid-30617] balanceSheet( MRCOW) no file
2026-09-27T11:40:02.667Z [INFO] [History] [pid-30617] balanceSheet( BBBYW) no file
2026-09-27T11:40:02.719Z [INFO] [History] [pid-30617] income statement( ADAMK) no file
2026-09-27T11:40:02.719Z [INFO] [History] [pid-30617] Cash flow( ADAMK) no file
2026-09-27T11:40:02.719Z [INFO] [History] [pid-30617] income statement( CGCF) no file
2026-09-27T11:40:02.720Z [INFO] [History] [pid-30617] Cash flow( CGCF) no file
2026-09-27T11:40:02.729Z [INFO] [History] [pid-30617] balanceSheet( NSAIU) no file
2026-09-27T11:40:02.729Z [INFO] [History] [pid-30617] balanceSheet( XTERU) no file
2026-09-27T11:40:02.730Z [INFO] [History] [pid-30617] balanceSheet( LYNX) no file
2026-09-27T11:40:02.731Z [INFO] [History] [pid-30617] income statement( CGCFW) no file
2026-09-27T11:40:02.731Z [INFO] [History] [pid-30617] Cash flow( CGCFW) no file
2026-09-27T11:40:02.731Z [INFO] [History] [pid-30617] income statement( MRCO) no file
2026-09-27T11:40:02.731Z [INFO] [History] [pid-30617] Cash flow( MRCO) no file
2026-09-27T11:40:02.731Z [INFO] [History] [pid-30617] income statement( MRCOW) no file
2026-09-27T11:40:02.731Z [INFO] [History] [pid-30617] Cash flow( MRCOW) no file
2026-09-27T11:40:02.733Z [INFO] [History] [pid-30617] income statement( BBBYW) no file
2026-09-27T11:40:02.733Z [INFO] [History] [pid-30617] Cash flow( BBBYW) no file
2026-09-27T11:40:02.750Z [INFO] [History] [pid-30617] Unknown asset type: UNIT {"Symbol":"NSAIU","AssetType":"UNIT","Name":"NorthStrive Acquisition Corp I. Units","Description":"Northstrive Acquisition Corp I. focuses on effecting a merger, amalgamation, share exchange, asset acquisition, share purchase, recapitalization, reorganization or similar business combination with one or more businesses. The company is headquartered in Newport Beach, California.","CIK":"None","Exchange":"NASDAQ","Currency":"USD","Country":"USA","Sector":"FINANCIAL SERVICES","Industry":"SHELL COMPANIES","Address":"120 NEWPORT CENTER DRIVE, NEWPORT BEACH, CA, UNITED STATES, 92660","OfficialSite":"None","FiscalYearEnd":"None","LatestQuarter":"2026-06-30","MarketCapitalization":"None","EBITDA":"None","PERatio":"None","PEGRatio":"None","BookValue":"0.002","DividendPerShare":"None","DividendYield":"None","EPS":"None","RevenuePerShareTTM":"0","ProfitMargin":"0","OperatingMarginTTM":"0","ReturnOnAssetsTTM":"0","ReturnOnEquityTTM":"0","RevenueTTM":"0","GrossProfitTTM":"0","DilutedEPSTTM":"0","QuarterlyEarningsGrowthYOY":"0","QuarterlyRevenueGrowthYOY":"0","AnalystTargetPrice":"None","AnalystRatingStrongBuy":"-","AnalystRatingBuy":"-","AnalystRatingHold":"-","AnalystRatingSell":"-","AnalystRatingStrongSell":"-","TrailingPE":"-","ForwardPE":"-","PriceToSalesRatioTTM":"-","PriceToBookRatio":"-","EVToRevenue":"-","EVToEBITDA":"-","Beta":"None","52WeekHigh":"10.57","52WeekLow":"9.97","50DayMovingAverage":"10.02","200DayMovingAverage":"10.02","SharesOutstanding":"0","SharesFloat":"0","PercentInsiders":"8.796","PercentInstitutions":"0.000","DividendDate":"None","ExDividendDate":"None"}
2026-09-27T11:40:02.751Z [INFO] [History] [pid-30617] balanceSheet( MEGX) no file
2026-09-27T11:40:02.751Z [INFO] [History] [pid-30617] balanceSheet( USGX) no file
2026-09-27T11:40:02.752Z [INFO] [History] [pid-30617] balanceSheet( USLX) no file
2026-09-27T11:40:02.753Z [INFO] [History] [pid-30617] balanceSheet( USMX) no file
2026-09-27T11:40:02.754Z [INFO] [History] [pid-30617] income statement( NSAIU) no file
2026-09-27T11:40:02.754Z [INFO] [History] [pid-30617] Cash flow( NSAIU) no file
2026-09-27T11:40:02.754Z [INFO] [History] [pid-30617] income statement( XTERU) no file
2026-09-27T11:40:02.754Z [INFO] [History] [pid-30617] Cash flow( XTERU) no file
2026-09-27T11:40:02.754Z [INFO] [History] [pid-30617] income statement( LYNX) no file
2026-09-27T11:40:02.754Z [INFO] [History] [pid-30617] Cash flow( LYNX) no file
2026-09-27T11:40:02.755Z [INFO] [History] [pid-30617] loadEarnings( BRZD) no file
2026-09-27T11:40:02.756Z [INFO] [History] [pid-30617] balanceSheet( BRZD) no file
2026-09-27T11:40:02.757Z [INFO] [History] [pid-30617] balanceSheet( CHTRP) no file
2026-09-27T11:40:02.758Z [INFO] [History] [pid-30617] balanceSheet( FBDT) no file
2026-09-27T11:40:02.758Z [INFO] [History] [pid-30617] balanceSheet( JPND) no file
2026-09-27T11:40:02.758Z [INFO] [History] [pid-30617] loadEarnings( JPNU) no file
2026-09-27T11:40:02.759Z [INFO] [History] [pid-30617] balanceSheet( JPNU) no file
2026-09-27T11:40:02.759Z [INFO] [History] [pid-30617] balanceSheet( SNUS-P-H) no file
2026-09-27T11:40:02.760Z [INFO] [History] [pid-30617] balanceSheet( SNUS-P-I) no file
2026-09-27T11:40:02.760Z [INFO] [History] [pid-30617] income statement( MEGX) no file
2026-09-27T11:40:02.760Z [INFO] [History] [pid-30617] Cash flow( MEGX) no file
2026-09-27T11:40:02.760Z [INFO] [History] [pid-30617] income statement( USGX) no file
2026-09-27T11:40:02.760Z [INFO] [History] [pid-30617] Cash flow( USGX) no file
2026-09-27T11:40:02.760Z [INFO] [History] [pid-30617] income statement( USLX) no file
2026-09-27T11:40:02.760Z [INFO] [History] [pid-30617] Cash flow( USLX) no file
2026-09-27T11:40:02.761Z [INFO] [History] [pid-30617] income statement( USMX) no file
2026-09-27T11:40:02.761Z [INFO] [History] [pid-30617] Cash flow( USMX) no file
2026-09-27T11:40:02.764Z [INFO] [History] [pid-30617] balanceSheet( TAWN) no file
2026-09-27T11:40:02.765Z [INFO] [History] [pid-30617] income statement( BRZD) no file
2026-09-27T11:40:02.765Z [INFO] [History] [pid-30617] Cash flow( BRZD) no file
2026-09-27T11:40:02.768Z [INFO] [History] [pid-30617] income statement( CHTRP) no file
2026-09-27T11:40:02.768Z [INFO] [History] [pid-30617] Cash flow( CHTRP) no file
2026-09-27T11:40:02.768Z [INFO] [History] [pid-30617] income statement( FBDT) no file
2026-09-27T11:40:02.768Z [INFO] [History] [pid-30617] Cash flow( FBDT) no file
2026-09-27T11:40:02.768Z [INFO] [History] [pid-30617] income statement( JPND) no file
2026-09-27T11:40:02.768Z [INFO] [History] [pid-30617] Cash flow( JPND) no file
2026-09-27T11:40:02.769Z [INFO] [History] [pid-30617] income statement( JPNU) no file
2026-09-27T11:40:02.769Z [INFO] [History] [pid-30617] Cash flow( JPNU) no file
2026-09-27T11:40:02.769Z [INFO] [History] [pid-30617] income statement( SNUS-P-H) no file
2026-09-27T11:40:02.769Z [INFO] [History] [pid-30617] Cash flow( SNUS-P-H) no file
2026-09-27T11:40:02.769Z [INFO] [History] [pid-30617] income statement( SNUS-P-I) no file
2026-09-27T11:40:02.769Z [INFO] [History] [pid-30617] Cash flow( SNUS-P-I) no file
2026-09-27T11:40:02.780Z [INFO] [History] [pid-30617] loadEarnings( TPEI) no file
2026-09-27T11:40:02.780Z [INFO] [History] [pid-30617] balanceSheet( TPEI) no file
2026-09-27T11:40:02.781Z [INFO] [History] [pid-30617] balanceSheet( TREO) no file
2026-09-27T11:40:02.782Z [INFO] [History] [pid-30617] balanceSheet( OSPR) no file
2026-09-27T11:40:02.782Z [INFO] [History] [pid-30617] balanceSheet( OSPRW) no file
2026-09-27T11:40:02.784Z [INFO] [History] [pid-30617] income statement( TAWN) no file
2026-09-27T11:40:02.784Z [INFO] [History] [pid-30617] Cash flow( TAWN) no file
2026-09-27T11:40:02.805Z [INFO] [History] [pid-30617] balanceSheet( MIAC) no file
2026-09-27T11:40:02.806Z [INFO] [History] [pid-30617] balanceSheet( MIACW) no file
2026-09-27T11:40:02.814Z [INFO] [History] [pid-30617] balanceSheet( ADBT) no file
2026-09-27T11:40:02.814Z [INFO] [History] [pid-30617] balanceSheet( KLXER) no file
2026-09-27T11:40:02.815Z [INFO] [History] [pid-30617] balanceSheet( JTTT) no file
2026-09-27T11:40:02.815Z [INFO] [History] [pid-30617] income statement( TPEI) no file
2026-09-27T11:40:02.816Z [INFO] [History] [pid-30617] Cash flow( TPEI) no file
2026-09-27T11:40:02.816Z [INFO] [History] [pid-30617] income statement( TREO) no file
2026-09-27T11:40:02.816Z [INFO] [History] [pid-30617] Cash flow( TREO) no file
2026-09-27T11:40:02.816Z [INFO] [History] [pid-30617] income statement( OSPR) no file
2026-09-27T11:40:02.816Z [INFO] [History] [pid-30617] Cash flow( OSPR) no file
2026-09-27T11:40:02.816Z [INFO] [History] [pid-30617] income statement( OSPRW) no file
2026-09-27T11:40:02.816Z [INFO] [History] [pid-30617] Cash flow( OSPRW) no file
2026-09-27T11:40:02.850Z [INFO] [History] [pid-30617] balanceSheet( SCATU) no file
2026-09-27T11:40:02.856Z [INFO] [History] [pid-30617] loadData( AAC) no year 2024
2026-09-27T11:40:02.856Z [INFO] [History] [pid-30617] loadData( AAC) no year 2025
2026-09-27T11:40:02.861Z [INFO] [History] [pid-30617] income statement( MIAC) no file
2026-09-27T11:40:02.861Z [INFO] [History] [pid-30617] Cash flow( MIAC) no file
2026-09-27T11:40:02.861Z [INFO] [History] [pid-30617] income statement( MIACW) no file
2026-09-27T11:40:02.861Z [INFO] [History] [pid-30617] Cash flow( MIACW) no file
2026-09-27T11:40:02.864Z [INFO] [History] [pid-30617] income statement( ADBT) no file
2026-09-27T11:40:02.865Z [INFO] [History] [pid-30617] Cash flow( ADBT) no file
2026-09-27T11:40:02.865Z [INFO] [History] [pid-30617] income statement( KLXER) no file
2026-09-27T11:40:02.865Z [INFO] [History] [pid-30617] Cash flow( KLXER) no file
2026-09-27T11:40:02.865Z [INFO] [History] [pid-30617] income statement( JTTT) no file
2026-09-27T11:40:02.865Z [INFO] [History] [pid-30617] Cash flow( JTTT) no file
2026-09-27T11:40:02.906Z [INFO] [History] [pid-30617] Unknown asset type: UNIT {"Symbol":"SCATU","AssetType":"UNIT","Name":"Southern Cross Acquisition II Corp. Units","Description":"Southern Cross Acquisition II Corp. The company is headquartered in New York, New York.","CIK":"None","Exchange":"NASDAQ","Currency":"USD","Country":"USA","Sector":"FINANCIAL SERVICES","Industry":"SHELL COMPANIES","Address":"1412 BROADWAY, NEW YORK, NY, UNITED STATES, 10018","OfficialSite":"None","FiscalYearEnd":"December","LatestQuarter":"2026-06-30","MarketCapitalization":"None","EBITDA":"None","PERatio":"None","PEGRatio":"None","BookValue":"-0.013","DividendPerShare":"None","DividendYield":"None","EPS":"None","RevenuePerShareTTM":"0","ProfitMargin":"0","OperatingMarginTTM":"0","ReturnOnAssetsTTM":"0","ReturnOnEquityTTM":"0","RevenueTTM":"0","GrossProfitTTM":"-41828","DilutedEPSTTM":"0","QuarterlyEarningsGrowthYOY":"0","QuarterlyRevenueGrowthYOY":"0","AnalystTargetPrice":"None","AnalystRatingStrongBuy":"-","AnalystRatingBuy":"-","AnalystRatingHold":"-","AnalystRatingSell":"-","AnalystRatingStrongSell":"-","TrailingPE":"-","ForwardPE":"-","PriceToSalesRatioTTM":"-","PriceToBookRatio":"-","EVToRevenue":"-","EVToEBITDA":"-","Beta":"None","52WeekHigh":"11","52WeekLow":"9.99","50DayMovingAverage":"10.02","200DayMovingAverage":"10.02","SharesOutstanding":"0","SharesFloat":"0","PercentInsiders":"14.411","PercentInstitutions":"0.000","DividendDate":"None","ExDividendDate":"None"}
2026-09-27T11:40:02.914Z [INFO] [History] [pid-30617] income statement( SCATU) no file
2026-09-27T11:40:02.914Z [INFO] [History] [pid-30617] Cash flow( SCATU) no file
2026-09-27T11:40:02.964Z [INFO] [History] [pid-30617] balanceSheet( IPXGW) no file
2026-09-27T11:40:02.982Z [INFO] [History] [pid-30617] balanceSheet( MNGU) no file
2026-09-27T11:40:02.993Z [INFO] [History] [pid-30617] balanceSheet( RNAQU) no file
2026-09-27T11:40:02.995Z [INFO] [History] [pid-30617] balanceSheet( SAX) no file
2026-09-27T11:40:02.996Z [INFO] [History] [pid-30617] balanceSheet( XTER) no file
2026-09-27T11:40:02.997Z [INFO] [History] [pid-30617] balanceSheet( XTERW) no file
2026-09-27T11:40:03.008Z [INFO] [History] [pid-30617] balanceSheet( IPHXU) no file
2026-09-27T11:40:03.021Z [INFO] [History] [pid-30617] balanceSheet( PSQLW) no file
2026-09-27T11:40:03.023Z [INFO] [History] [pid-30617] balanceSheet( XLABW) no file
2026-09-27T11:40:03.063Z [INFO] [History] [pid-30617] balanceSheet( JAB) no file
2026-09-27T11:40:03.065Z [INFO] [History] [pid-30617] income statement( IPXGW) no file
2026-09-27T11:40:03.065Z [INFO] [History] [pid-30617] Cash flow( IPXGW) no file
2026-09-27T11:40:03.065Z [INFO] [History] [pid-30617] income statement( MNGU) no file
2026-09-27T11:40:03.065Z [INFO] [History] [pid-30617] Cash flow( MNGU) no file
2026-09-27T11:40:03.065Z [INFO] [History] [pid-30617] income statement( RNAQU) no file
2026-09-27T11:40:03.065Z [INFO] [History] [pid-30617] Cash flow( RNAQU) no file
2026-09-27T11:40:03.065Z [INFO] [History] [pid-30617] income statement( SAX) no file
2026-09-27T11:40:03.066Z [INFO] [History] [pid-30617] Cash flow( SAX) no file
2026-09-27T11:40:03.066Z [INFO] [History] [pid-30617] income statement( XTER) no file
2026-09-27T11:40:03.066Z [INFO] [History] [pid-30617] Cash flow( XTER) no file
2026-09-27T11:40:03.066Z [INFO] [History] [pid-30617] income statement( XTERW) no file
2026-09-27T11:40:03.066Z [INFO] [History] [pid-30617] Cash flow( XTERW) no file
2026-09-27T11:40:03.066Z [INFO] [History] [pid-30617] income statement( IPHXU) no file
2026-09-27T11:40:03.066Z [INFO] [History] [pid-30617] Cash flow( IPHXU) no file
2026-09-27T11:40:03.067Z [INFO] [History] [pid-30617] income statement( PSQLW) no file
2026-09-27T11:40:03.067Z [INFO] [History] [pid-30617] Cash flow( PSQLW) no file
2026-09-27T11:40:03.069Z [INFO] [History] [pid-30617] income statement( XLABW) no file
2026-09-27T11:40:03.069Z [INFO] [History] [pid-30617] Cash flow( XLABW) no file
2026-09-27T11:40:03.084Z [INFO] [History] [pid-30617] income statement( JAB) no file
2026-09-27T11:40:03.084Z [INFO] [History] [pid-30617] Cash flow( JAB) no file
2026-09-27T11:40:03.090Z [INFO] [History] [pid-30617] balanceSheet( JABRR) no file
2026-09-27T11:40:03.090Z [INFO] [History] [pid-30617] balanceSheet( JABRW) no file
2026-09-27T11:40:03.095Z [INFO] [History] [pid-30617] balanceSheet( SAMO) no file
2026-09-27T11:40:03.102Z [INFO] [History] [pid-30617] balanceSheet( SAMO-WS) no file
2026-09-27T11:40:03.107Z [INFO] [History] [pid-30617] balanceSheet( SGLD) no file
2026-09-27T11:40:03.111Z [INFO] [History] [pid-30617] balanceSheet( TLACU) no file
2026-09-27T11:40:03.115Z [INFO] [History] [pid-30617] balanceSheet( GIXI) no file
2026-09-27T11:40:03.120Z [INFO] [History] [pid-30617] balanceSheet( NSAI) no file
2026-09-27T11:40:03.124Z [INFO] [History] [pid-30617] balanceSheet( NSAIR) no file
2026-09-27T11:40:03.128Z [INFO] [History] [pid-30617] balanceSheet( NSAIW) no file
2026-09-27T11:40:03.129Z [INFO] [History] [pid-30617] income statement( JABRR) no file
2026-09-27T11:40:03.129Z [INFO] [History] [pid-30617] Cash flow( JABRR) no file
2026-09-27T11:40:03.129Z [INFO] [History] [pid-30617] income statement( JABRW) no file
2026-09-27T11:40:03.129Z [INFO] [History] [pid-30617] Cash flow( JABRW) no file
2026-09-27T11:40:03.129Z [INFO] [History] [pid-30617] income statement( SAMO) no file
2026-09-27T11:40:03.129Z [INFO] [History] [pid-30617] Cash flow( SAMO) no file
2026-09-27T11:40:03.129Z [INFO] [History] [pid-30617] income statement( SAMO-WS) no file
2026-09-27T11:40:03.129Z [INFO] [History] [pid-30617] Cash flow( SAMO-WS) no file
2026-09-27T11:40:03.129Z [INFO] [History] [pid-30617] income statement( SGLD) no file
2026-09-27T11:40:03.129Z [INFO] [History] [pid-30617] Cash flow( SGLD) no file
2026-09-27T11:40:03.130Z [INFO] [History] [pid-30617] income statement( TLACU) no file
2026-09-27T11:40:03.130Z [INFO] [History] [pid-30617] Cash flow( TLACU) no file
2026-09-27T11:40:03.131Z [INFO] [History] [pid-30617] income statement( GIXI) no file
2026-09-27T11:40:03.131Z [INFO] [History] [pid-30617] Cash flow( GIXI) no file
2026-09-27T11:40:03.131Z [INFO] [History] [pid-30617] income statement( NSAI) no file
2026-09-27T11:40:03.131Z [INFO] [History] [pid-30617] Cash flow( NSAI) no file
2026-09-27T11:40:03.131Z [INFO] [History] [pid-30617] income statement( NSAIR) no file
2026-09-27T11:40:03.131Z [INFO] [History] [pid-30617] Cash flow( NSAIR) no file
2026-09-27T11:40:03.150Z [INFO] [History] [pid-30617] balanceSheet( JONER) no file
2026-09-27T11:40:03.150Z [INFO] [History] [pid-30617] balanceSheet( SGRX) no file
2026-09-27T11:40:03.151Z [INFO] [History] [pid-30617] balanceSheet( XTND) no file
2026-09-27T11:40:03.151Z [INFO] [History] [pid-30617] balanceSheet( AMAC) no file
2026-09-27T11:40:03.153Z [INFO] [History] [pid-30617] income statement( NSAIW) no file
2026-09-27T11:40:03.153Z [INFO] [History] [pid-30617] Cash flow( NSAIW) no file
2026-09-27T11:40:03.156Z [INFO] [History] [pid-30617] balanceSheet( AMACW) no file
2026-09-27T11:40:03.157Z [INFO] [History] [pid-30617] loadEarnings( CHAD) no file
2026-09-27T11:40:03.157Z [INFO] [History] [pid-30617] balanceSheet( CHAD) no file
2026-09-27T11:40:03.157Z [INFO] [History] [pid-30617] balanceSheet( NMCO-R-W) no file
2026-09-27T11:40:03.158Z [INFO] [History] [pid-30617] balanceSheet( NXATW) no file
2026-09-27T11:40:03.159Z [INFO] [History] [pid-30617] balanceSheet( BRTM) no file
2026-09-27T11:40:03.159Z [INFO] [History] [pid-30617] balanceSheet( BRTMW) no file
2026-09-27T11:40:03.160Z [INFO] [History] [pid-30617] balanceSheet( NMCO-R) no file
2026-09-27T11:40:03.163Z [INFO] [History] [pid-30617] income statement( JONER) no file
2026-09-27T11:40:03.163Z [INFO] [History] [pid-30617] Cash flow( JONER) no file
2026-09-27T11:40:03.163Z [INFO] [History] [pid-30617] income statement( SGRX) no file
2026-09-27T11:40:03.163Z [INFO] [History] [pid-30617] Cash flow( SGRX) no file
2026-09-27T11:40:03.163Z [INFO] [History] [pid-30617] income statement( XTND) no file
2026-09-27T11:40:03.163Z [INFO] [History] [pid-30617] Cash flow( XTND) no file
2026-09-27T11:40:03.164Z [INFO] [History] [pid-30617] income statement( AMAC) no file
2026-09-27T11:40:03.164Z [INFO] [History] [pid-30617] Cash flow( AMAC) no file
2026-09-27T11:40:03.166Z [INFO] [History] [pid-30617] balanceSheet( OCLT) no file
2026-09-27T11:40:03.167Z [INFO] [History] [pid-30617] balanceSheet( OCLTR) no file
2026-09-27T11:40:03.168Z [INFO] [History] [pid-30617] income statement( AMACW) no file
2026-09-27T11:40:03.168Z [INFO] [History] [pid-30617] Cash flow( AMACW) no file
2026-09-27T11:40:03.168Z [INFO] [History] [pid-30617] income statement( CHAD) no file
2026-09-27T11:40:03.168Z [INFO] [History] [pid-30617] Cash flow( CHAD) no file
2026-09-27T11:40:03.168Z [INFO] [History] [pid-30617] income statement( NMCO-R-W) no file
2026-09-27T11:40:03.168Z [INFO] [History] [pid-30617] Cash flow( NMCO-R-W) no file
2026-09-27T11:40:03.170Z [INFO] [History] [pid-30617] income statement( NXATW) no file
2026-09-27T11:40:03.170Z [INFO] [History] [pid-30617] Cash flow( NXATW) no file
2026-09-27T11:40:03.170Z [INFO] [History] [pid-30617] income statement( BRTM) no file
2026-09-27T11:40:03.170Z [INFO] [History] [pid-30617] Cash flow( BRTM) no file
2026-09-27T11:40:03.170Z [INFO] [History] [pid-30617] income statement( BRTMW) no file
2026-09-27T11:40:03.170Z [INFO] [History] [pid-30617] Cash flow( BRTMW) no file
2026-09-27T11:40:03.170Z [INFO] [History] [pid-30617] income statement( NMCO-R) no file
2026-09-27T11:40:03.170Z [INFO] [History] [pid-30617] Cash flow( NMCO-R) no file
2026-09-27T11:40:03.172Z [INFO] [History] [pid-30617] balanceSheet( OCLTW) no file
2026-09-27T11:40:03.173Z [INFO] [History] [pid-30617] loadData( PORTU) no year 2025
2026-09-27T11:40:03.174Z [INFO] [History] [pid-30617] balanceSheet( NFEGP) no file
2026-09-27T11:40:03.175Z [INFO] [History] [pid-30617] income statement( OCLT) no file
2026-09-27T11:40:03.175Z [INFO] [History] [pid-30617] Cash flow( OCLT) no file
2026-09-27T11:40:03.175Z [INFO] [History] [pid-30617] income statement( OCLTR) no file
2026-09-27T11:40:03.175Z [INFO] [History] [pid-30617] Cash flow( OCLTR) no file
2026-09-27T11:40:03.235Z [INFO] [History] [pid-30617] balanceSheet( RNAQ) no file
2026-09-27T11:40:03.235Z [INFO] [History] [pid-30617] balanceSheet( RNAQW) no file
2026-09-27T11:40:03.235Z [INFO] [History] [pid-30617] balanceSheet( ASBH) no file
2026-09-27T11:40:03.241Z [INFO] [History] [pid-30617] balanceSheet( CATL) no file
2026-09-27T11:40:03.242Z [INFO] [History] [pid-30617] balanceSheet( CATLR) no file
2026-09-27T11:40:03.242Z [INFO] [History] [pid-30617] income statement( OCLTW) no file
2026-09-27T11:40:03.243Z [INFO] [History] [pid-30617] Cash flow( OCLTW) no file
2026-09-27T11:40:03.245Z [INFO] [History] [pid-30617] income statement( NFEGP) no file
2026-09-27T11:40:03.246Z [INFO] [History] [pid-30617] Cash flow( NFEGP) no file
2026-09-27T11:40:03.253Z [INFO] [History] [pid-30617] balanceSheet( MTAK) no file
2026-09-27T11:40:03.253Z [INFO] [History] [pid-30617] balanceSheet( MTAKW) no file
2026-09-27T11:40:03.254Z [INFO] [History] [pid-30617] balanceSheet( TLAC) no file
2026-09-27T11:40:03.254Z [INFO] [History] [pid-30617] balanceSheet( TLACW) no file
2026-09-27T11:40:03.288Z [INFO] [History] [pid-30617] loadData( OIG) no year 2024
2026-09-27T11:40:03.288Z [INFO] [History] [pid-30617] loadData( OIG) no year 2025
2026-09-27T11:40:03.289Z [INFO] [History] [pid-30617] balanceSheet( ASGI-R-W) no file
2026-09-27T11:40:03.299Z [INFO] [History] [pid-30617] income statement( RNAQ) no file
2026-09-27T11:40:03.299Z [INFO] [History] [pid-30617] Cash flow( RNAQ) no file
2026-09-27T11:40:03.299Z [INFO] [History] [pid-30617] income statement( RNAQW) no file
2026-09-27T11:40:03.299Z [INFO] [History] [pid-30617] Cash flow( RNAQW) no file
2026-09-27T11:40:03.299Z [INFO] [History] [pid-30617] income statement( ASBH) no file
2026-09-27T11:40:03.299Z [INFO] [History] [pid-30617] Cash flow( ASBH) no file
2026-09-27T11:40:03.302Z [INFO] [History] [pid-30617] income statement( CATL) no file
2026-09-27T11:40:03.302Z [INFO] [History] [pid-30617] Cash flow( CATL) no file
2026-09-27T11:40:03.302Z [INFO] [History] [pid-30617] income statement( CATLR) no file
2026-09-27T11:40:03.302Z [INFO] [History] [pid-30617] Cash flow( CATLR) no file
2026-09-27T11:40:03.312Z [INFO] [History] [pid-30617] balanceSheet( ETRA) no file
2026-09-27T11:40:03.312Z [INFO] [History] [pid-30617] balanceSheet( HOST) no file
2026-09-27T11:40:03.313Z [INFO] [History] [pid-30617] balanceSheet( LEDRU) no file
2026-09-27T11:40:03.313Z [INFO] [History] [pid-30617] income statement( MTAK) no file
2026-09-27T11:40:03.313Z [INFO] [History] [pid-30617] Cash flow( MTAK) no file
2026-09-27T11:40:03.314Z [INFO] [History] [pid-30617] income statement( MTAKW) no file
2026-09-27T11:40:03.314Z [INFO] [History] [pid-30617] Cash flow( MTAKW) no file
2026-09-27T11:40:03.314Z [INFO] [History] [pid-30617] income statement( TLAC) no file
2026-09-27T11:40:03.314Z [INFO] [History] [pid-30617] Cash flow( TLAC) no file
2026-09-27T11:40:03.314Z [INFO] [History] [pid-30617] income statement( TLACW) no file
2026-09-27T11:40:03.314Z [INFO] [History] [pid-30617] Cash flow( TLACW) no file
2026-09-27T11:40:03.322Z [INFO] [History] [pid-30617] income statement( ASGI-R-W) no file
2026-09-27T11:40:03.322Z [INFO] [History] [pid-30617] Cash flow( ASGI-R-W) no file
2026-09-27T11:40:03.324Z [INFO] [History] [pid-30617] balanceSheet( XIII) no file
2026-09-27T11:40:03.325Z [INFO] [History] [pid-30617] balanceSheet( XIIIW) no file
2026-09-27T11:40:03.332Z [INFO] [History] [pid-30617] loadEarnings( GCPU) no file
2026-09-27T11:40:03.332Z [INFO] [History] [pid-30617] balanceSheet( GCPU) no file
2026-09-27T11:40:03.332Z [INFO] [History] [pid-30617] loadEarnings( NWCL) no file
2026-09-27T11:40:03.333Z [INFO] [History] [pid-30617] balanceSheet( NWCL) no file
2026-09-27T11:40:03.333Z [INFO] [History] [pid-30617] income statement( ETRA) no file
2026-09-27T11:40:03.333Z [INFO] [History] [pid-30617] Cash flow( ETRA) no file
2026-09-27T11:40:03.334Z [INFO] [History] [pid-30617] income statement( HOST) no file
2026-09-27T11:40:03.334Z [INFO] [History] [pid-30617] Cash flow( HOST) no file
2026-09-27T11:40:03.334Z [INFO] [History] [pid-30617] income statement( LEDRU) no file
2026-09-27T11:40:03.334Z [INFO] [History] [pid-30617] Cash flow( LEDRU) no file
2026-09-27T11:40:03.335Z [INFO] [History] [pid-30617] loadEarnings( NWCLW) no file
2026-09-27T11:40:03.335Z [INFO] [History] [pid-30617] balanceSheet( NWCLW) no file
2026-09-27T11:40:03.335Z [INFO] [History] [pid-30617] loadEarnings( SVIAW) no file
2026-09-27T11:40:03.336Z [INFO] [History] [pid-30617] balanceSheet( SVIAW) no file
2026-09-27T11:40:03.336Z [INFO] [History] [pid-30617] loadEarnings( LOVIU) no file
2026-09-27T11:40:03.336Z [INFO] [History] [pid-30617] balanceSheet( LOVIU) no file
2026-09-27T11:40:03.336Z [INFO] [History] [pid-30617] loadEarnings( ASGI-R) no file
2026-09-27T11:40:03.336Z [INFO] [History] [pid-30617] balanceSheet( ASGI-R) no file
2026-09-27T11:40:03.336Z [INFO] [History] [pid-30617] loadEarnings( BCAT-R-W) no file
2026-09-27T11:40:03.337Z [INFO] [History] [pid-30617] balanceSheet( BCAT-R-W) no file
2026-09-27T11:40:03.337Z [INFO] [History] [pid-30617] loadEarnings( FJDI) no file
2026-09-27T11:40:03.337Z [INFO] [History] [pid-30617] balanceSheet( FJDI) no file
2026-09-27T11:40:03.337Z [INFO] [History] [pid-30617] loadEarnings( FJDIR) no file
2026-09-27T11:40:03.337Z [INFO] [History] [pid-30617] balanceSheet( FJDIR) no file
2026-09-27T11:40:03.337Z [INFO] [History] [pid-30617] income statement( XIII) no file
2026-09-27T11:40:03.337Z [INFO] [History] [pid-30617] Cash flow( XIII) no file
2026-09-27T11:40:03.337Z [INFO] [History] [pid-30617] income statement( XIIIW) no file
2026-09-27T11:40:03.338Z [INFO] [History] [pid-30617] Cash flow( XIIIW) no file
2026-09-27T11:40:03.340Z [INFO] [History] [pid-30617] income statement( GCPU) no file
2026-09-27T11:40:03.340Z [INFO] [History] [pid-30617] Cash flow( GCPU) no file
2026-09-27T11:40:03.340Z [INFO] [History] [pid-30617] income statement( NWCL) no file
2026-09-27T11:40:03.340Z [INFO] [History] [pid-30617] Cash flow( NWCL) no file
2026-09-27T11:40:03.341Z [INFO] [History] [pid-30617] loadEarnings( FJDIW) no file
2026-09-27T11:40:03.341Z [INFO] [History] [pid-30617] balanceSheet( FJDIW) no file
2026-09-27T11:40:03.342Z [INFO] [History] [pid-30617] income statement( NWCLW) no file
2026-09-27T11:40:03.342Z [INFO] [History] [pid-30617] Cash flow( NWCLW) no file
2026-09-27T11:40:03.342Z [INFO] [History] [pid-30617] income statement( SVIAW) no file
2026-09-27T11:40:03.342Z [INFO] [History] [pid-30617] Cash flow( SVIAW) no file
2026-09-27T11:40:03.342Z [INFO] [History] [pid-30617] income statement( LOVIU) no file
2026-09-27T11:40:03.342Z [INFO] [History] [pid-30617] Cash flow( LOVIU) no file
2026-09-27T11:40:03.342Z [INFO] [History] [pid-30617] income statement( ASGI-R) no file
2026-09-27T11:40:03.342Z [INFO] [History] [pid-30617] Cash flow( ASGI-R) no file
2026-09-27T11:40:03.342Z [INFO] [History] [pid-30617] income statement( BCAT-R-W) no file
2026-09-27T11:40:03.342Z [INFO] [History] [pid-30617] Cash flow( BCAT-R-W) no file
2026-09-27T11:40:03.342Z [INFO] [History] [pid-30617] income statement( FJDI) no file
2026-09-27T11:40:03.343Z [INFO] [History] [pid-30617] Cash flow( FJDI) no file
2026-09-27T11:40:03.343Z [INFO] [History] [pid-30617] income statement( FJDIR) no file
2026-09-27T11:40:03.343Z [INFO] [History] [pid-30617] Cash flow( FJDIR) no file
2026-09-27T11:40:03.344Z [INFO] [History] [pid-30617] income statement( FJDIW) no file
2026-09-27T11:40:03.344Z [INFO] [History] [pid-30617] Cash flow( FJDIW) no file
2026-09-27T11:40:03.345Z [INFO] [timing] [pid-30617] [timing] History.init symbol-read-write-loop duration=6m 01s (361s) symbols=18376 loaded=13145
2026-09-27T11:40:17.809Z [INFO] [timing] [pid-30617] [timing] History.init cache-write duration=14s (14s) branch=rebuild symbols=13144
2026-09-27T11:40:17.810Z [INFO] [timing] [pid-30617] [timing] History.init duration=6m 15s (375s) branch=rebuild stocks=13144
2026-09-27T11:40:17.819Z [INFO] [HistoryApp] [pid-30617] History: 375674 ms
[heap-grant] stage=TrainDataExchange | Heap: 9651 MB | Total RAM: 32 GB | Available: 28508 MB | Planning budget: 16384 MB | FFI/OS headroom: 1536 MB | Floor: 4096 MB | Cap: 24576 MB (default) | Clamp: 21581 MB (ledger)
2026-09-27T11:40:31.713Z [INFO] [timing] [pid-47568] [timing] History.loadHistoryCacheChunks duration=11s (11s) chunks=14 symbols=13144
2026-09-27T11:40:31.713Z [INFO] [timing] [pid-47568] [timing] History.init loadHistory duration=11s (11s) branch=cache
2026-09-27T11:40:31.713Z [INFO] [History] [pid-47568] History Loaded
2026-09-27T11:40:31.713Z [INFO] [timing] [pid-47568] [timing] History.init duration=11s (11s) branch=cache stocks=13144
2026-09-27T11:40:31.715Z [INFO] [TrainingDataUtils] [pid-47568] Training years 20 days to rewind 1 total iterations 5200 
2026-09-27T11:41:36.617Z [INFO] [TrainingDataUtils] [pid-47568] Train date 2026-06-03 (day 3 ) { 16 of 5200 } 5s 935ms of 1m 5s, expected 5h 52m progress 0.3%
2026-09-27T11:42:36.683Z [INFO] [TrainingDataUtils] [pid-47568] Train date 2025-12-29 (day 29 ) { 123 of 5200 } 394ms of 2m 5s, expected 1h 28m progress 2.4%
2026-09-27T11:43:36.694Z [INFO] [TrainingDataUtils] [pid-47568] Train date 2025-06-20 (day 20 ) { 255 of 5200 } 291ms of 3m 5s, expected 1h 3m progress 4.9%
2026-09-27T11:44:38.154Z [INFO] [TrainingDataUtils] [pid-47568] Train date 2024-12-19 (day 19 ) { 378 of 5200 } 6s 622ms of 4m 6s, expected 56m progress 7.3%
2026-09-27T11:45:43.203Z [INFO] [TrainingDataUtils] [pid-47568] Train date 2024-07-22 (day 22 ) { 484 of 5200 } 5s 953ms of 5m 11s, expected 56m progress 9.3%
2026-09-27T11:46:43.234Z [INFO] [TrainingDataUtils] [pid-47568] Train date 2024-03-20 (day 20 ) { 568 of 5200 } 236ms of 6m 12s, expected 57m progress 10.9%
2026-09-27T11:47:43.531Z [INFO] [TrainingDataUtils] [pid-47568] Train date 2023-09-05 (day 5 ) { 704 of 5200 } 332ms of 7m 12s, expected 53m progress 13.6%
2026-09-27T11:48:43.642Z [INFO] [TrainingDataUtils] [pid-47568] Train date 2023-03-01 (day 1 ) { 833 of 5200 } 317ms of 8m 12s, expected 51m progress 16.1%
2026-09-27T11:49:43.924Z [INFO] [TrainingDataUtils] [pid-47568] Train date 2022-06-29 (day 29 ) { 1001 of 5200 } 363ms of 9m 12s, expected 48m progress 19.2%
2026-09-27T11:50:44.212Z [INFO] [TrainingDataUtils] [pid-47568] Train date 2021-11-05 (day 5 ) { 1162 of 5200 } 504ms of 10m 12s, expected 46m progress 22.2%
2026-09-27T11:51:44.652Z [INFO] [TrainingDataUtils] [pid-47568] Train date 2021-05-21 (day 21 ) { 1279 of 5200 } 566ms of 11m 13s, expected 46m progress 24.4%
2026-09-27T11:52:45.172Z [INFO] [TrainingDataUtils] [pid-47568] Train date 2020-12-08 (day 8 ) { 1392 of 5200 } 547ms of 12m 13s, expected 46m progress 26.6%
2026-09-27T11:53:45.426Z [INFO] [TrainingDataUtils] [pid-47568] Train date 2020-06-17 (day 17 ) { 1513 of 5200 } 501ms of 13m 14s, expected 45m progress 29.4%
2026-09-27T11:54:45.622Z [INFO] [TrainingDataUtils] [pid-47568] Train date 2019-11-20 (day 20 ) { 1656 of 5200 } 376ms of 14m 14s, expected 45m progress 31.6%
2026-09-27T11:55:45.637Z [INFO] [TrainingDataUtils] [pid-47568] Train date 2019-03-29 (day 29 ) { 1820 of 5200 } 424ms of 15m 14s, expected 44m progress 34.6%
2026-09-27T11:56:45.700Z [INFO] [TrainingDataUtils] [pid-47568] Train date 2018-07-05 (day 5 ) { 2004 of 5200 } 305ms of 16m 14s, expected 42m progress 38.7%
2026-09-27T11:57:45.925Z [INFO] [TrainingDataUtils] [pid-47568] Train date 2017-09-25 (day 25 ) { 2199 of 5200 } 229ms of 17m 14s, expected 41m progress 42.0%
2026-09-27T11:58:46.177Z [INFO] [TrainingDataUtils] [pid-47568] Train date 2016-11-10 (day 10 ) { 2417 of 5200 } 256ms of 18m 14s, expected 39m progress 46.8%
2026-09-27T11:59:46.303Z [INFO] [TrainingDataUtils] [pid-47568] Train date 2015-12-10 (day 10 ) { 2649 of 5200 } 216ms of 19m 15s, expected 38m progress 50.7%
2026-09-27T12:00:46.419Z [INFO] [TrainingDataUtils] [pid-47568] Train date 2014-12-11 (day 11 ) { 2900 of 5200 } 246ms of 20m 15s, expected 36m progress 56.3%
2026-09-27T12:01:46.515Z [INFO] [TrainingDataUtils] [pid-47568] Train date 2013-11-26 (day 26 ) { 3162 of 5200 } 165ms of 21m 15s, expected 35m progress 60.7%
2026-09-27T12:02:46.653Z [INFO] [TrainingDataUtils] [pid-47568] Train date 2012-10-25 (day 25 ) { 3434 of 5200 } 256ms of 22m 15s, expected 34m progress 65.4%
2026-09-27T12:03:46.723Z [INFO] [TrainingDataUtils] [pid-47568] Train date 2011-09-26 (day 26 ) { 3708 of 5200 } 208ms of 23m 15s, expected 33m progress 70.5%
2026-09-27T12:04:46.740Z [INFO] [TrainingDataUtils] [pid-47568] Train date 2010-09-24 (day 24 ) { 3961 of 5200 } 252ms of 24m 15s, expected 32m progress 75.8%
2026-09-27T12:05:46.907Z [INFO] [TrainingDataUtils] [pid-47568] Train date 2009-10-13 (day 13 ) { 4200 of 5200 } 307ms of 25m 15s, expected 31m progress 81.5%
2026-09-27T12:06:46.907Z [INFO] [TrainingDataUtils] [pid-47568] Train date 2009-02-09 (day 9 ) { 4371 of 5200 } 311ms of 26m 15s, expected 31m progress 84.7%
2026-09-27T12:07:47.060Z [INFO] [TrainingDataUtils] [pid-47568] Train date 2008-06-13 (day 13 ) { 4536 of 5200 } 424ms of 27m 15s, expected 31m progress 87.9%
2026-09-27T12:08:47.131Z [INFO] [TrainingDataUtils] [pid-47568] Train date 2007-10-08 (day 8 ) { 4708 of 5200 } 332ms of 28m 15s, expected 31m progress 91.1%
2026-09-27T12:09:43.655Z [WARN] [ExchangeTrainingData] [pid-47568] Stopping at year 2006 - reached minimum year limit
Transfer starting: 1 files

sent 77 bytes  received 20 bytes  31290 bytes/sec
total size is 0  speedup is 0.00
[2026-09-27 22:09:43] generate_and_upload_checksum: creating checksum for 20 .bin files (can take 10-30+ min)...
[2026-09-27 22:09:46] Checksum valid (      20 files).
[2026-09-27 22:09:46] Dataset generated at 2026-09-27T12:09:46Z (generated.json).
[2026-09-27 22:09:46] generate_and_upload_checksum: rsync .bin files to /Volumes/DataGRQ/Trainer/Training/trainData-exchange_116/ (can take hours for large datasets)...
1.2.0: 🔄 Rsync attempt 1 of 3 using rsync: --include=* --exclude=checksum.sha256 /Volumes/DataGRQ/Trainer/GRQ/.trainData-exchange_116/ /Volumes/DataGRQ/Trainer/Training/trainData-exchange_116/
[2026-09-27 22:09:51] generate_and_upload_checksum: rsync checksum.sha256 and generated.json...
1.2.0: 🔄 Rsync attempt 1 of 3 using rsync: /Volumes/DataGRQ/Trainer/GRQ/.trainData-exchange_116/checksum.sha256 /Volumes/DataGRQ/Trainer/Training/trainData-exchange_116/
1.2.0: 🔄 Rsync attempt 1 of 3 using rsync: /Volumes/DataGRQ/Trainer/GRQ/.trainData-exchange_116/generated.json /Volumes/DataGRQ/Trainer/Training/trainData-exchange_116/
[2026-09-27 22:09:51] generate_and_upload_checksum: compressing training data (tar -czf, can take 1-2+ hours for ~40GB)...
Compressing training data to trainData-exchange_116-next.tgz...
Compression successful: trainData-exchange_116-next.tgz
Updated symbolic link: trainData-exchange_116.tgz -> fe68325f354f899e79cca7ee81dc3d2c795baffa79b8c6dfb4281d6d50c169ab.tgz
Current compressed file: b51f7cc0dc1710062b9ab1890905ad656f56b0823cc0b205eb9f0bbcf0d6bf97.tgz
Deleting old previous file: trainData-exchange_116-previous.tgz
Moving current file to trainData-exchange_116-previous.tgz
Compression process completed successfully.
New compressed file: fe68325f354f899e79cca7ee81dc3d2c795baffa79b8c6dfb4281d6d50c169ab.tgz
Previous compressed file: trainData-exchange_116-previous.tgz
[2026-09-27 22:10:00] generate_and_upload_checksum: done.
[stage] done: data-trainDataExchange

===== Data task per-stage outcomes (#3193) =====
  trainDataFX        SUCCESS
  trainDataStocks    SUCCESS
  trainDataIndustry  SUCCESS
  trainDataLocation  SUCCESS
  trainDataExchange  SUCCESS
================================================
Data training task completed at Sun Sep 27 22:10:00 AEST 2026
All data training tasks completed successfully
🩺 [update_health_repo] step=fetch category=Training Data
GIT-OP: [model_fetch GRQ-health] git fetch ok in 3s (attempt 1/6, timeout=none)
From github.com:stSoftwareAU/GRQ-health
   23b58901bd..29f0f7d079  Develop    -> origin/Develop
HEAD is now at 29f0f7d079 Update health status for Mac-Ultra-M2 at Sun Sep 27 22:00:44 AEST 2026
branch 'Develop' set up to track 'origin/Develop'.
Your branch is up to date with 'origin/Develop'.
✅ GRQ-health synced with remote (validation skipped)
🩺 [update_health_repo] step=sync category=Training Data
🩺 [health_sync] entry repo=/Volumes/DataGRQ/Trainer/GRQ-health branch=Develop local_ahead=0 behind=0
🩺 [health_sync] decision path=noop
🩺 [health_sync] result status=ok
🩺 [update_health_repo] step=repos category=Training Data
Updated repo 'Training Data' with timestamp 1790511099
repos.sh status=updated reason=success name='Training Data'
Cleaning up taskData (exit code: 0) at Sun Sep 27 22:11:44 AEST 2026
[stage-failure-health] failures=0 firstStage=none firstExitCode=0 firstHitLine=0
GIT-OP: [reset] git fetch ok in 3s (attempt 1/3, timeout=600s)
From github.com:stSoftwareAU/GRQ
   38f3ebecc..9f7771ee3  Develop    -> origin/Develop
 * [new branch]          issue-1423-last-refreshed-manifest -> origin/issue-1423-last-refreshed-manifest
 * [new branch]          issue-4871-bug-intelligentdesign-can-never-run-on-grq-10-grq -> origin/issue-4871-bug-intelligentdesign-can-never-run-on-grq-10-grq
 * [new branch]          issue-4873-bug-grq-forests-test-mode-is-back-in-the-productio -> origin/issue-4873-bug-grq-forests-test-mode-is-back-in-the-productio
 * [new branch]          issue-4874-bug-sentiment-retries-an-alpha-vantage-minute-leve -> origin/issue-4874-bug-sentiment-retries-an-alpha-vantage-minute-leve
 * [new branch]          issue-4882-finish-4859-gnu-tar-base-256-size-field-defeats-ar -> origin/issue-4882-finish-4859-gnu-tar-base-256-size-field-defeats-ar
 * [new branch]          issue-4885-security-sweep-market-data-feed-consumers-observat -> origin/issue-4885-security-sweep-market-data-feed-consumers-observat
 * [new branch]          issue-4888-finish-4883-pr-4881-cannot-land-ci-is-red-and-no-f -> origin/issue-4888-finish-4883-pr-4881-cannot-land-ci-is-red-and-no-f
 * [new branch]          issue-4889-security-sweep-rust-train-extensions-source-and-ca -> origin/issue-4889-security-sweep-rust-train-extensions-source-and-ca
 * [new branch]          issue-4933-a-checkout-step-persists-credentials-github-workfl -> origin/issue-4933-a-checkout-step-persists-credentials-github-workfl
 * [new branch]          issue-4943-codecov-token-exposed-to-a-fork-triggered-pr-job-a -> origin/issue-4943-codecov-token-exposed-to-a-fork-triggered-pr-job-a
 * [new branch]          issue-4948-observation-archive-dataset-ids-and-shard-paths-fr -> origin/issue-4948-observation-archive-dataset-ids-and-shard-paths-fr
 * [new branch]          issue-4950-finish-4886-security-sweep-inference-and-observati -> origin/issue-4950-finish-4886-security-sweep-inference-and-observati
 * [new branch]          issue-4953-pr-4922-cannot-land-ci-is-red-and-no-fix-has-lande -> origin/issue-4953-pr-4922-cannot-land-ci-is-red-and-no-fix-has-lande
 * [new branch]          issue-4956-finish-4886-security-sweep-inference-and-observati -> origin/issue-4956-finish-4886-security-sweep-inference-and-observati
 * [new branch]          issue-4959-quality-gate-red-on-the-default-branch-stsoftwarea -> origin/issue-4959-quality-gate-red-on-the-default-branch-stsoftwarea
 * [new branch]          issue-4970-finish-4944-spellcheck-yaml-duplicates-every-run-p -> origin/issue-4970-finish-4944-spellcheck-yaml-duplicates-every-run-p
 * [new branch]          issue-4973-finish-4946-cargo-audit-yml-and-cargo-quality-yml -> origin/issue-4973-finish-4946-cargo-audit-yml-and-cargo-quality-yml
 * [new branch]          issue-4991-forests-preflight-passes-with-grq-forests-test-mod -> origin/issue-4991-forests-preflight-passes-with-grq-forests-test-mod
 * [new branch]          issue-5004-milestone-branches-cannot-be-created-in-stsoftware -> origin/issue-5004-milestone-branches-cannot-be-created-in-stsoftware
 * [new branch]          issue-5008-fx-observations-getnormalizedfxdata-swallows-fx-fe -> origin/issue-5008-fx-observations-getnormalizedfxdata-swallows-fx-fe
 * [new branch]          issue-5009-domain-observations-data-cache-hit-and-fresh-vecto -> origin/issue-5009-domain-observations-data-cache-hit-and-fresh-vecto
 * [new branch]          issue-5017-trainv18-trainv31-trainv64-aggregate-model-with-mi -> origin/issue-5017-trainv18-trainv31-trainv64-aggregate-model-with-mi
   ee28efd1e..880aaa980  milestone/3648-new-feed-regulatory-red-flag-feed-to-exclude -> origin/milestone/3648-new-feed-regulatory-red-flag-feed-to-exclude
 * [new branch]          milestone/4873-worker-shared-4873-test-mode-leak -> origin/milestone/4873-worker-shared-4873-test-mode-leak
 * [new branch]          milestone/4874-stsoftwareau-grq-sentiment-sentiment-rate-lim -> origin/milestone/4874-stsoftwareau-grq-sentiment-sentiment-rate-lim
 * [new branch]          milestone/4885-docs-audits-security-sweep-security-sweep -> origin/milestone/4885-docs-audits-security-sweep-security-sweep
HEAD is now at 9f7771ee3 TrainV16/TrainV42: six commodity sub-series push unvalidated feed values — a '.' cell becomes a NaN level input (Issue #5016) (#5045)
✅ GRQ-health: HEAD 2a4371b matches origin/Develop (ls-remote pre-check) — skipping git fetch (#2063)
✅ GRQ-health: already at origin/Develop (2a4371b) — skipping reset/clean/checkout
✅ GRQ-health synced with remote (validation skipped)
🩺 [health_sync] entry repo=/Volumes/DataGRQ/Trainer/GRQ-health branch=Develop local_ahead=0 behind=0
🩺 [health_sync] decision path=noop
🩺 [health_sync] result status=ok
Updating health information...
Already up to date.
Updated health information for GRQ-11
