================ Clean up START ================
Version 1.3.7
/Users/nigel/src/GRQ/worker
Disk usage:
Filesystem        Size    Used   Avail Capacity iused ifree %iused  Mounted on
/dev/disk3s1s1   460Gi    11Gi   311Gi     4%    426k  3.3G    0%   /
devfs            204Ki   204Ki     0Bi   100%     704     0  100%   /dev
/dev/disk3s6     460Gi   2.0Gi   311Gi     1%       2  3.3G    0%   /System/Volumes/VM
/dev/disk3s2     460Gi    13Gi   311Gi     5%    1.9k  3.3G    0%   /System/Volumes/Preboot
/dev/disk3s4     460Gi   667Mi   311Gi     1%     277  3.3G    0%   /System/Volumes/Update
/dev/disk1s2     500Mi   6.0Mi   483Mi     2%       1  4.9M    0%   /System/Volumes/xarts
/dev/disk1s1     500Mi   5.4Mi   483Mi     2%      30  4.9M    0%   /System/Volumes/iSCPreboot
/dev/disk1s3     500Mi   1.2Mi   483Mi     1%      60  4.9M    0%   /System/Volumes/Hardware
/dev/disk3s5     460Gi   121Gi   311Gi    28%    548k  3.3G    0%   /System/Volumes/Data
map auto_home      0Bi     0Bi     0Bi   100%       0     0     -   /System/Volumes/Data/home
/dev/disk5s1     1.8Ti   668Gi   1.2Ti    36%     25M   13G    0%   /Volumes/DataGRQ
/dev/disk2s1     5.0Gi   1.8Gi   3.1Gi    37%      56   33M    0%   /System/Volumes/Update/SFR/mnt1
/dev/disk3s1     460Gi    11Gi   311Gi     4%    426k  3.3G    0%   /System/Volumes/Update/mnt1
Uptime: 16:41  up 26 days, 22:54, 4 users, load averages: 10.26 12.81 13.43
USER    PID  PPID COMMAND
nigel 11854     1 /bin/bash /Users/nigel/src/GRQ/run.sh
nigel 13518 13517 /bin/bash -c mkdir -p ~/logs; /Volumes/DataGRQ/train/GRQ/run.sh --run-once > ~/logs/run-train.log 2>&1
nigel 13520 13518 /bin/bash /Volumes/DataGRQ/train/GRQ/run.sh --run-once
nigel 13538 13520 /bin/bash worker/node.sh
nigel 13571 13538 /bin/bash ./trainDataStocks.sh
nigel 14137 13571 deno run --v8-flags=--max-old-space-size=8192 --allow-read --allow-write --allow-env --allow-net src/train/ParallelTrainData.ts
nigel 15427 11854 /bin/bash worker/node.sh
root  15437 15427 ps -U nigel -o user,pid,ppid,command
nigel 57231     1 cloudphotod
root    526   368 login -pfl nigel /bin/bash -c exec -la zsh /bin/zsh
nigel   531   526 -zsh
nigel  6387   531 tail -F /Users/nigel/logs/node.log
root  11078   368 login -pfl nigel /bin/bash -c exec -la zsh /bin/zsh
nigel 11081 11078 -zsh
root    543   368 login -pfl nigel /bin/bash -c exec -la zsh /bin/zsh
nigel   550   543 -zsh
nigel 70362   550 tail -1000 
Host: GRQ-11
IP: 10.0.0.11
10.0.0.89
100.107.196.16
Number of CPUs: 10
Available Memory: 31G
================ Clean up ENDED ================
Use local deno
PATH: /Users/nigel/.deno/bin:/usr/bin:/bin:/usr/sbin:/sbin:/opt/homebrew/bin
deno 2.4.5 (stable, release, aarch64-apple-darwin)
v8 13.7.152.14-rusty
typescript 5.8.3
aws-cli/2.18.15 Python/3.12.7 Darwin/24.6.0 source/arm64
Option: sampler
Starting... Fri Sep  5 16:42:00 AEST 2025
Already up to date.
HEAD is now at 03a10c6 Evolution score 0.4711 -> 0.4712 {diff 1} on GRQ-21
Reset branch 'main'
branch 'main' set up to track 'origin/main'.
Your branch is up to date with 'origin/main'.
✅ GRQ-cluster synced with remote (validation skipped)
HEAD is now at 1b702ed9 🦠 GRQ-11 🎯, Score: 0.471236, Neurons: 487 & Synapses: 16,296
Reset branch 'main'
branch 'main' set up to track 'origin/main'.
Your branch is up to date with 'origin/main'.
✅ GRQ-sampler synced with remote (validation skipped)
HEAD is now at 173675af94 REJECTED 42.56% -> 40.91% Delta -1.645
Reset branch 'main'
branch 'main' set up to track 'origin/main'.
Your branch is up to date with 'origin/main'.
✅ GRQ-portfolio synced with remote (validation skipped)
Starting sampler... Fri Sep  5 16:42:26 AEST 2025
Sampler mode
Loop 1 of 5
Already up to date.
1) Sample rate: 0.01, batch Size: 10000, timeout: 4
Total time taken: 9s 866ms
Roderick Gutmann (Observations: 1,486, Neurons: 487, Synapses: 16,296 & Score: 0.471)
5 mutations, mutation rate 7.8%, elitism 1, mutation FFW, selection TOURNAMENT, timeout 4, PopSize 50 SAMPLER
Initialized in 2s 312ms
Replacing HYPOT neuron 282be7ae-b5c4-4396-a640-7a56da325ac8
Replacing HYPOT neuron bc41f7c5-a2e6-4097-8aec-ae1e223ff6b4
Replacing HYPOT neuron 38bf7978-8c97-4cc6-b1d4-288eebe0c8c9
Replacing HYPOT neuron f5e760f9-308e-449d-bc4b-6376f55471dc
Replacing HYPOT neuron 1ceb4a37-6ec4-4ad4-9f48-ab15af6f6ec8
Replacing HYPOT neuron 6206db4f-152f-48ec-b903-600951060c6d
Replacing HYPOT neuron 1ef95b91-efe9-4bae-90e2-da3a165a011c
Replacing HYPOT neuron 4a10f402-73d0-49db-b9ce-6fb3a2855a75
Replacing HYPOT neuron 1668a56c-5506-4976-ad08-131f518cf3ac
Replacing HYPOT neuron 282be7ae-b5c4-4396-a640-7a56da325ac8
Replacing HYPOT neuron bc41f7c5-a2e6-4097-8aec-ae1e223ff6b4
Replacing HYPOT neuron 38bf7978-8c97-4cc6-b1d4-288eebe0c8c9
Replacing HYPOT neuron f5e760f9-308e-449d-bc4b-6376f55471dc
Replacing HYPOT neuron 1ceb4a37-6ec4-4ad4-9f48-ab15af6f6ec8
Replacing HYPOT neuron 6206db4f-152f-48ec-b903-600951060c6d
Replacing HYPOT neuron 1ef95b91-efe9-4bae-90e2-da3a165a011c
Replacing HYPOT neuron 4a10f402-73d0-49db-b9ce-6fb3a2855a75
Replacing HYPOT neuron 1668a56c-5506-4976-ad08-131f518cf3ac
Replacing HYPOT neuron 282be7ae-b5c4-4396-a640-7a56da325ac8
Replacing HYPOT neuron bc41f7c5-a2e6-4097-8aec-ae1e223ff6b4
Replacing HYPOT neuron 38bf7978-8c97-4cc6-b1d4-288eebe0c8c9
Replacing HYPOT neuron f5e760f9-308e-449d-bc4b-6376f55471dc
Replacing HYPOT neuron 1ceb4a37-6ec4-4ad4-9f48-ab15af6f6ec8
Replacing HYPOT neuron 6206db4f-152f-48ec-b903-600951060c6d
Replacing HYPOT neuron 1ef95b91-efe9-4bae-90e2-da3a165a011c
Replacing HYPOT neuron 4a10f402-73d0-49db-b9ce-6fb3a2855a75
Replacing HYPOT neuron 1668a56c-5506-4976-ad08-131f518cf3ac
Replacing HYPOT neuron 282be7ae-b5c4-4396-a640-7a56da325ac8
Replacing HYPOT neuron bc41f7c5-a2e6-4097-8aec-ae1e223ff6b4
Replacing HYPOT neuron 38bf7978-8c97-4cc6-b1d4-288eebe0c8c9
Replacing HYPOT neuron f5e760f9-308e-449d-bc4b-6376f55471dc
Replacing HYPOT neuron 1ceb4a37-6ec4-4ad4-9f48-ab15af6f6ec8
Replacing HYPOT neuron 6206db4f-152f-48ec-b903-600951060c6d
Replacing HYPOT neuron 1ef95b91-efe9-4bae-90e2-da3a165a011c
Replacing HYPOT neuron 4a10f402-73d0-49db-b9ce-6fb3a2855a75
Replacing HYPOT neuron 1668a56c-5506-4976-ad08-131f518cf3ac
Replacing HYPOT neuron 282be7ae-b5c4-4396-a640-7a56da325ac8
Replacing HYPOT neuron bc41f7c5-a2e6-4097-8aec-ae1e223ff6b4
Replacing HYPOT neuron 38bf7978-8c97-4cc6-b1d4-288eebe0c8c9
Replacing HYPOT neuron f5e760f9-308e-449d-bc4b-6376f55471dc
Replacing HYPOT neuron 1ceb4a37-6ec4-4ad4-9f48-ab15af6f6ec8
Replacing HYPOT neuron 6206db4f-152f-48ec-b903-600951060c6d
Replacing HYPOT neuron 1ef95b91-efe9-4bae-90e2-da3a165a011c
Replacing HYPOT neuron 4a10f402-73d0-49db-b9ce-6fb3a2855a75
Replacing HYPOT neuron 1668a56c-5506-4976-ad08-131f518cf3ac
Replacing HYPOT neuron 282be7ae-b5c4-4396-a640-7a56da325ac8
Replacing HYPOT neuron bc41f7c5-a2e6-4097-8aec-ae1e223ff6b4
Replacing HYPOT neuron 38bf7978-8c97-4cc6-b1d4-288eebe0c8c9
Replacing HYPOT neuron f5e760f9-308e-449d-bc4b-6376f55471dc
Replacing HYPOT neuron 1ceb4a37-6ec4-4ad4-9f48-ab15af6f6ec8
Replacing HYPOT neuron 6206db4f-152f-48ec-b903-600951060c6d
Replacing HYPOT neuron 1ef95b91-efe9-4bae-90e2-da3a165a011c
Replacing HYPOT neuron 4a10f402-73d0-49db-b9ce-6fb3a2855a75
Replacing HYPOT neuron 1668a56c-5506-4976-ad08-131f518cf3ac
Replacing HYPOT neuron 282be7ae-b5c4-4396-a640-7a56da325ac8
Replacing HYPOT neuron bc41f7c5-a2e6-4097-8aec-ae1e223ff6b4
Replacing HYPOT neuron 38bf7978-8c97-4cc6-b1d4-288eebe0c8c9
Replacing HYPOT neuron f5e760f9-308e-449d-bc4b-6376f55471dc
Replacing HYPOT neuron 1ceb4a37-6ec4-4ad4-9f48-ab15af6f6ec8
Replacing HYPOT neuron 6206db4f-152f-48ec-b903-600951060c6d
Replacing HYPOT neuron 1ef95b91-efe9-4bae-90e2-da3a165a011c
Replacing HYPOT neuron 4a10f402-73d0-49db-b9ce-6fb3a2855a75
Replacing HYPOT neuron 1668a56c-5506-4976-ad08-131f518cf3ac
Replacing HYPOT neuron 282be7ae-b5c4-4396-a640-7a56da325ac8
Replacing HYPOT neuron bc41f7c5-a2e6-4097-8aec-ae1e223ff6b4
Replacing HYPOT neuron 38bf7978-8c97-4cc6-b1d4-288eebe0c8c9
Replacing HYPOT neuron f5e760f9-308e-449d-bc4b-6376f55471dc
Replacing HYPOT neuron 1ceb4a37-6ec4-4ad4-9f48-ab15af6f6ec8
Replacing HYPOT neuron 6206db4f-152f-48ec-b903-600951060c6d
Replacing HYPOT neuron 1ef95b91-efe9-4bae-90e2-da3a165a011c
Replacing HYPOT neuron 4a10f402-73d0-49db-b9ce-6fb3a2855a75
Replacing HYPOT neuron 1668a56c-5506-4976-ad08-131f518cf3ac
Replacing HYPOT neuron 282be7ae-b5c4-4396-a640-7a56da325ac8
Replacing HYPOT neuron bc41f7c5-a2e6-4097-8aec-ae1e223ff6b4
Replacing HYPOT neuron 38bf7978-8c97-4cc6-b1d4-288eebe0c8c9
Replacing HYPOT neuron f5e760f9-308e-449d-bc4b-6376f55471dc
Replacing HYPOT neuron 1ceb4a37-6ec4-4ad4-9f48-ab15af6f6ec8
Replacing HYPOT neuron 6206db4f-152f-48ec-b903-600951060c6d
Replacing HYPOT neuron 1ef95b91-efe9-4bae-90e2-da3a165a011c
Replacing HYPOT neuron 4a10f402-73d0-49db-b9ce-6fb3a2855a75
Replacing HYPOT neuron 1668a56c-5506-4976-ad08-131f518cf3ac
Generation 1 score 0.4648763287534596 (avg: -1.8517) error 0.5351226195515474 time 44s 9ms
Fine tuning increased fitness by 0.000038163310787098226 to 0.4649144920642467 adjusted 3 weights, 1 bias 
Generation 2 score 0.4649144920642467 (avg: 0.4644) error 0.5350844561907603 time 44s 770ms
Evolution of 2 generations in 4m 44s, averaging 2m 21s 964ms
Loop 2 of 5
Already up to date.
2) Sample rate: 0.05, batch Size: 10000, timeout: 2
Total time taken: 11s 646ms
Julianne Walsh (Observations: 1,486, Neurons: 485, Synapses: 16,193 & Score: 0.465)
5 mutations, mutation rate 5.0%, elitism 1, mutation FFW, selection TOURNAMENT, timeout 2, PopSize 40 SAMPLER
Initialized in 4s 464ms
Over populated 54, expected 40.
Culling duplicate creature at 2 of 54
Culling duplicate creature at 7 of 53
Culling duplicate creature at 7 of 52
Culling duplicate creature at 7 of 51
Culling duplicate creature at 9 of 50
Culling duplicate creature at 11 of 49
Culling duplicate creature at 14 of 48
Culling duplicate creature at 14 of 47
DeDuplication of 8 creatures to 46 in 3ms (previous experiment 3ms)
Discovery 7c1ef718 scheduled
Training 7c1ef718 scheduled
Training 7c1ef718 with 1 binary file, target error: 0.002, iterations: 1, sample rate: 30.0%, sparse: 7.5%
Discovery 7c1ef718 with 1 binary files, sample rate: 2.5%, batch size: 20
Discovery 7c1ef718 initialize time 187ms
Discovery 7c1ef718 processing .trainData-binary_88-sampler/sample-5.bin
Training 7c1ef718 samples 177 of 105,608 0.2%( rate 30.0% ) error 0.512 time average: 339ms 593µs 220ns total: 1m 108ms
Training 7c1ef718 timed out after 1m 108ms
compactUnused: 479fc645-1ef8-4595-9e85-8dc64939c9c0 already connected to first-one
compactUnused: 479fc645-1ef8-4595-9e85-8dc64939c9c0 already connected to first-one with type condition required condition
Generation 2 score 0.47199606021375584 (avg: 0.4536) error 0.5280018248962581 avg time 31s 196ms
Set training/discovery clean up count to 2
Waiting for discovery to complete
Fine tuning increased fitness by 1.5220158466888734e-11 to 0.471996060228976 adjusted 1 weight 
Training 7c1ef718 completed after 1m 292ms
Generation 3 score 0.471996060228976 (avg: 0.2908) error 0.528001824881038 avg time 15s 175ms
Waiting for discovery to complete
Trained 7c1ef718 Score: 0.47128889126602647, Error: 0.5280018248962581 -> 0.5287089938439875, 👿 -0.000707
Generation 4 score 0.471996060228976 (avg: 0.4404) error 0.528001824881038 avg time 16s 176ms
Waiting for discovery to complete
Fine tuning increased fitness by 2.6877033931782535e-10 to 0.47199606049774634 adjusted 1 weight 
Generation 5 score 0.47199606049774634 (avg: 0.4719) error 0.5280018245122676 avg time 10s 929ms
Waiting for discovery to complete
Fine tuning increased fitness by 1.8004342461352962e-10 to 0.47199606067778976 adjusted 2 weights 
Generation 6 score 0.47199606067778976 (avg: 0.4715) error 0.5280018243322242 avg time 10s 339ms
Waiting for discovery to complete
Fine tuning increased fitness by 4.220307436852977e-10 to 0.4719960610998205 adjusted 2 weights 
Generation 7 score 0.4719960610998205 (avg: 0.4720) error 0.5280018239101935 avg time 7s 143ms
Waiting for discovery to complete
Fine tuning increased fitness by 8.647416116502882e-10 to 0.4719960619645621 adjusted 2 weights 
Generation 8 score 0.4719960619645621 (avg: 0.4718) error 0.5280018230454518 avg time 5s 916ms
Waiting for discovery to complete
Fine tuning increased fitness by 1.9286447994204536e-9 to 0.4719960638932069 adjusted 2 weights 
Generation 9 score 0.4719960638932069 (avg: 0.4720) error 0.528001821116807 avg time 7s 337ms
Waiting for discovery to complete
Fine tuning increased fitness by 3.419921790204228e-9 to 0.4719960673131287 adjusted 2 weights 
Generation 10 score 0.4719960673131287 (avg: 0.4720) error 0.5280018176968853 avg time 6s 382ms
Waiting for discovery to complete
Fine tuning increased fitness by 6.2795261213111075e-9 to 0.47199607359265483 adjusted 2 weights 
Generation 11 score 0.47199607359265483 (avg: 0.4720) error 0.5280018114173591 avg time 7s 106ms
Waiting for discovery to complete
Discovery 7c1ef718 read time  for .trainData-binary_88-sampler/sample-5.bin with 20 records
Discovery 7c1ef718 scanning time 18m 51s 456ms
Discovery 7c1ef718 recorded time 18m 55s 999ms
Fine tuning increased fitness by 1.1232010654893543e-8 to 0.4719960848246655 adjusted 2 weights 
Generation 12 score 0.4719960848246655 (avg: 0.4720) error 0.5280018001853485 avg time 4s 471ms
Waiting for discovery to complete
Discovered beneficial synapse from input-279 to insider-combined-positive-check-7 with weight -1.0000, helping 100.0% more records than it harms (20/20)
Discovery 7c1ef718 analyze time 1m 19s 839ms found 1 candidates
Fine tuning increased fitness by 2.0840460246418502e-8 to 0.47199610566512573 adjusted 2 weights 
Generation 13 score 0.47199610566512573 (avg: 0.4720) error 0.5280017793448882 avg time 5s 903ms
Waiting for discovery to complete
Discovered harmful synapse from input-14 to insider-combined-positive-check-7, harming 100.0% more records than it helps (0/20)
Discovery 7c1ef718 analyze harmful time 52s 555ms found 1 candidates
Fine tuning increased fitness by 4.3470147725876984e-7 to 0.471996540366603 adjusted 2 weights 
Generation 14 score 0.471996540366603 (avg: 0.4720) error 0.528001344643411 avg time 5s 52ms
Waiting for discovery to complete
Discovery 7c1ef718 analyze squashes time 49s 627ms found 1 candidate, Summary: insider-combined-positive-check-7 ArcTan -> COMPLEMENT improved: 100.0% error: 1.8082684168523368e+31 -> 2.0298499239015117e+23
Fine tuning increased fitness by 0.0000014817315014958865 to 0.4719980220981045 adjusted 2 weights 
Generation 15 score 0.4719980220981045 (avg: 0.4720) error 0.5279998629119095 avg time 5s 939ms
Waiting for discovery to complete
Fine tuning increased fitness by 0.0000010220611215139286 to 0.471999044159226 adjusted 2 weights 
Generation 16 score 0.471999044159226 (avg: 0.4720) error 0.527998840850788 avg time 4s 783ms
Waiting for training/discovery clean up 2
Fine tuning increased fitness by 0.000003891845502090874 to 0.4720029360047281 adjusted 2 weights 
Generation 17 score 0.4720029360047281 (avg: 0.4528) error 0.5279949490052859 avg time 5s 895ms
Waiting for training/discovery clean up 1
Fine tuning increased fitness by 8.012389032252543e-7 to 0.4720037372436313 adjusted 2 weights 
Generation 18 score 0.4720037372436313 (avg: 0.4720) error 0.5279941477663826 avg time 4s 144ms
Evolution of 18 generations in 25m 40s, averaging 1m 25s 537ms
Loop 3 of 5
From github.com:stSoftwareAU/GRQ-sampler
   1b702ed9..7774d27d  main       -> origin/main
Updating 1b702ed9..7774d27d
Fast-forward
 TacitKnowledge/hive.json                 |     4 +-
 samples/{GRQ-21-1.json => GRQ-24-1.json} |    82 +-
 samples/GRQ-3-1.json                     | 89405 +++++++++++++++++++++++++++++
 3 files changed, 89470 insertions(+), 21 deletions(-)
 rename samples/{GRQ-21-1.json => GRQ-24-1.json} (99%)
 create mode 100644 samples/GRQ-3-1.json
3) Sample rate: 0.15, batch Size: 10000, timeout: 19
Total time taken: 13s 20ms
Rod Renner (Observations: 1,486, Neurons: 488, Synapses: 16,278 & Score: 0.472)
1 mutation, mutation rate 50.0%, elitism 1, mutation FFW, selection FITNESS_PROPORTIONATE, timeout 19, PopSize 40 SAMPLER
Initialized in 4s 319ms
Over populated 46, expected 40.
Culling duplicate creature at 9 of 46
Culling duplicate creature at 9 of 45
Culling duplicate creature at 9 of 44
Culling duplicate creature at 17 of 43
Culling duplicate creature at 17 of 42
DeDuplication of 5 creatures to 41 in 2ms (previous experiment 2ms)
Discovery 0bb623bc scheduled
Training 0bb623bc scheduled
Training 0bb623bc with 1 binary file, target error: 0.002, iterations: 1, sample rate: 15.0%, sparse: 7.5%
Discovery 0bb623bc with 1 binary files, sample rate: 1.5%, batch size: 20
Discovery 0bb623bc initialize time 186ms
Discovery 0bb623bc processing .trainData-binary_88-sampler/sample-15.bin
Fine tuning increased fitness by 0 to 0.47007558223689855 adjusted 7 weights, 1 bias Restored: 7
Generation 1 score 0.47007558223689855 (avg: 0.4684) error 0.5299032598632412 time 2m 11s 979ms
Training 0bb623bc samples 1,101 of 315,585 0.3%( rate 15.0% ) error 0.601 time average: 54ms 520µs 436ns total: 1m 27ms
Fine tuning increased fitness by 9.61035181767933e-7 to 0.4700765432720803 adjusted 7 weights, 1 bias 
Generation 2 score 0.4700765432720803 (avg: 0.4701) error 0.5299022988280594 time 1m 20s 836ms
Training 0bb623bc samples 2,151 of 315,585 0.7%( rate 15.0% ) error 0.585 time average: 55ms 850µs 767ns total: 2m 135ms
Training 0bb623bc samples 2,984 of 315,585 0.9%( rate 15.0% ) error 0.575 time average: 60ms 399µs 128ns total: 3m 231ms
Fine tuning increased fitness by 0.000009873717214281541 to 0.4700864169892946 adjusted 7 weights, 1 bias 
Training 0bb623bc samples 3,953 of 315,585 1.3%( rate 15.0% ) error 0.563 time average: 60ms 783µs 202ns total: 4m 276ms
Generation 3 score 0.4700864169892946 (avg: 0.4701) error 0.5298924251108451 time 2m 31s 461ms
Training 0bb623bc samples 4,979 of 315,585 1.6%( rate 15.0% ) error 0.555 time average: 60ms 326µs 772ns total: 5m 367ms
Fine tuning increased fitness by 0.000007038489791000302 to 0.4700934554790856 adjusted 7 weights, 1 bias 
Generation 4 score 0.4700934554790856 (avg: 0.4695) error 0.5298853866210541 time 1m 22s 150ms
Training 0bb623bc samples 6,181 of 315,585 2.0%( rate 15.0% ) error 0.547 time average: 58ms 312µs 894ns total: 6m 432ms
Training 0bb623bc samples 7,022 of 315,585 2.2%( rate 15.0% ) error 0.538 time average: 59ms 880µs 233ns total: 7m 479ms
Fine tuning increased fitness by 0.000003168040877299383 to 0.4700966235199629 adjusted 7 weights, 1 bias 
Training 0bb623bc samples 8,131 of 315,585 2.6%( rate 15.0% ) error 0.537 time average: 59ms 93µs 592ns total: 8m 490ms
Generation 5 score 0.4700966235199629 (avg: 0.4701) error 0.5298822185801768 time 2m 33s 409ms
Training 0bb623bc samples 9,126 of 315,585 2.9%( rate 15.0% ) error 0.534 time average: 59ms 231µs 865ns total: 9m 550ms
Generation 6 score 0.4700966235199629 (avg: 0.4502) error 0.5298822185801768 time 1m 48s 171ms
Training 0bb623bc samples 10,037 of 315,585 3.2%( rate 15.0% ) error 0.535 time average: 59ms 840µs 988ns total: 10m 624ms
Training 0bb623bc samples 10,839 of 315,585 3.4%( rate 15.0% ) error 0.536 time average: 60ms 954µs 147ns total: 11m 682ms
Training 0bb623bc samples 11,701 of 315,585 3.7%( rate 15.0% ) error 0.532 time average: 61ms 599µs 863ns total: 12m 780ms
Generation 7 score 0.4700966235199629 (avg: 0.4699) error 0.5298822185801768 time 2m 54s 975ms
Training 0bb623bc samples 12,489 of 315,585 4.0%( rate 15.0% ) error 0.532 time average: 62ms 532µs 548ns total: 13m 969ms
Training 0bb623bc samples 12,855 of 315,585 4.1%( rate 15.0% ) error 0.532 time average: 65ms 421µs 548ns total: 14m 994ms
Training 0bb623bc samples 13,949 of 315,585 4.4%( rate 15.0% ) error 0.532 time average: 64ms 595µs 741ns total: 15m 1s 46ms
Generation 8 score 0.4700966235199629 (avg: 0.4695) error 0.5298822185801768 time 2m 12s 157ms
Training 0bb623bc samples 14,722 of 315,585 4.7%( rate 15.0% ) error 0.532 time average: 65ms 282µs 977ns total: 16m 1s 96ms
Training 0bb623bc samples 15,558 of 315,585 4.9%( rate 15.0% ) error 0.530 time average: 65ms 632µs 214ns total: 17m 1s 106ms
Training 0bb623bc timed out after 17m 1s 106ms
Training 0bb623bc completed after 17m 1s 557ms
Training 0bb623bc compacted
Generation 9 score 0.4700966235199629 (avg: 0.4699) error 0.5298822185801768 time 2m 37s 340ms
Set training/discovery clean up count to 2
Waiting for discovery to complete
Compact 0bb623bc Score: 0.46991022984672504, Error: 0.5299032598632412 -> 0.5300687232534141, 👿 -0.000165
Trained 0bb623bc Score: 0.46774616057636714, Error: 0.5299032598632412 -> 0.5322326815237726, 👿 -0.00233
Generation 10 score 0.4700966235199629 (avg: 0.4698) error 0.5298822185801768 time 1m 41s 266ms
Waiting for discovery to complete
Generation 11 score 0.4700966235199629 (avg: 0.4700) error 0.5298822185801768 time 2m 11s 394ms
Waiting for discovery to complete
Discovery 0bb623bc read time  for .trainData-binary_88-sampler/sample-15.bin with 20 records
Discovery 0bb623bc scanning time 22m 39s 951ms
Discovery 0bb623bc recorded time 22m 43s 881ms
Fine tuning increased fitness by 7.950441646142892e-7 to 0.4700974185641275 adjusted 7 weights, 1 bias 
Generation 12 score 0.4700974185641275 (avg: 0.4701) error 0.5298814235360122 time 1m 31s 742ms
Waiting for discovery to complete
Discovered beneficial synapse from input-283 to insider-combined-positive-check-7 with weight -1.0000, helping 100.0% more records than it harms (20/20)
Discovery 0bb623bc analyze time 1m 31s 560ms found 1 candidates
Generation 13 score 0.4700974185641275 (avg: 0.4701) error 0.5298814235360122 time 1m 50s 236ms
Waiting for discovery to complete
Discovered harmful synapse from input-14 to insider-combined-positive-check-7, harming 100.0% more records than it helps (0/20)
Discovery 0bb623bc analyze harmful time 1m 5s 164ms found 1 candidates
Fine tuning increased fitness by 0.000002572289977909037 to 0.4700999908541054 adjusted 7 weights, 1 bias 
Discovery 0bb623bc analyze squashes time 48s 148ms found 1 candidate, Summary: insider-combined-positive-check-7 ArcTan -> COMPLEMENT improved: 100.0% error: 6.871406530738387e+31 -> 7.652924394236896e+23
Generation 14 score 0.4700999908541054 (avg: 0.4701) error 0.5298788512460343 time 1m 19s 594ms
Waiting for discovery to complete
Fine tuning increased fitness by 1.2136023108677563e-7 to 0.4701001122143365 adjusted 7 weights, 1 bias 
Generation 15 score 0.4701001122143365 (avg: 0.4701) error 0.5298787288858032 time 1m 39s 878ms
Waiting for training/discovery clean up 2
Generation 16 score 0.4701001122143365 (avg: 0.4387) error 0.5298787288858032 time 1m 17s 534ms
Waiting for training/discovery clean up 1
Fine tuning increased fitness by 8.172455712163185e-9 to 0.4701001203867922 adjusted 1 weight 
Generation 17 score 0.4701001203867922 (avg: 0.4701) error 0.5298787197133475 time 1m 43s 189ms
Evolution of 17 generations in 32m 48s, averaging 1m 55s 757ms
Loop 4 of 5
From github.com:stSoftwareAU/GRQ-sampler
   7774d27d..d69dc2ec  main       -> origin/main
Updating 7774d27d..d69dc2ec
Fast-forward
 samples/{GRQ-15-1.json => GRQ-18-1.json} |   103 +-
 samples/GRQ-19-1.json                    | 17268 +++++------------------------
 samples/Mac-Ultra-M2-1.json              |    31 +-
 3 files changed, 2624 insertions(+), 14778 deletions(-)
 rename samples/{GRQ-15-1.json => GRQ-18-1.json} (99%)
4) Sample rate: 0.20, batch Size: 10000, timeout: 8
Total time taken: 12s 741ms
Wilhelm Streich (Observations: 1,486, Neurons: 487, Synapses: 16,298 & Score: 0.47)
4 mutations, mutation rate 12.6%, elitism 1, mutation FFW, selection POWER, timeout 8, PopSize 40 SAMPLER
Initialized in 3s 202ms
Discovery 4d63472e scheduled
Training 4d63472e scheduled
Training 4d63472e with 1 binary file, target error: 0.002, iterations: 1, sample rate: 15.0%, sparse: 7.5%
Discovery 4d63472e with 1 binary files, sample rate: 1.5%, batch size: 20
Discovery 4d63472e initialize time 211ms
Discovery 4d63472e processing .trainData-binary_88-sampler/sample-20.bin
Fine tuning increased fitness by 1.3584392166698933e-8 to 0.472407151985551 adjusted 7 weights, 1 bias 
Generation 1 score 0.472407151985551 (avg: 0.4698) error 0.5275716891145887 time 2m 51s 182ms
Training 4d63472e samples 2,831 of 420,501 0.7%( rate 15.0% ) error 0.529 time average: 21ms 195µs 690ns total: 1m 5ms
Fine tuning increased fitness by 0.0000025845559715187427 to 0.4724097365415225 adjusted 12 weights, 1 bias 
Generation 2 score 0.4724097365415225 (avg: 0.4719) error 0.5275691015586172 time 1m 36s 9ms
Training 4d63472e samples 6,410 of 420,501 1.5%( rate 15.0% ) error 0.534 time average: 18ms 722µs 932ns total: 2m 14ms
Training 4d63472e samples 8,440 of 420,501 2.0%( rate 15.0% ) error 0.531 time average: 21ms 332µs 464ns total: 3m 46ms
Training 4d63472e samples 10,507 of 420,501 2.5%( rate 15.0% ) error 0.535 time average: 22ms 849µs 814ns total: 4m 83ms
Generation 3 score 0.4724097365415225 (avg: 0.4724) error 0.5275691015586172 time 3m 959ms
Training 4d63472e samples 13,415 of 420,501 3.2%( rate 15.0% ) error 0.534 time average: 22ms 369µs 959ns total: 5m 93ms
Training 4d63472e timed out after 5m 93ms
Training 4d63472e caused a higher error of 0.534490693766982 from 0.5275716891145887
Training 4d63472e completed after 5m 525ms
Training 4d63472e compacted
Generation 4 score 0.4724097365415225 (avg: 0.4522) error 0.5275691015586172 time 1m 43s 368ms
Set training/discovery clean up count to 2
Waiting for discovery to complete
Compact 4d63472e Score: 0.47240488307712936, Error: 0.5275716891145887 -> 0.5275739740230103, 👿 -0.00000228
Trained 4d63472e Score: 0.4723894527653119, Error: 0.5275716891145887 -> 0.5275893883348278, 👿 -0.0000177
Generation 5 score 0.4724097365415225 (avg: 0.4722) error 0.5275691015586172 time 4m 29s 57ms
Waiting for discovery to complete
Generation 6 score 0.4724097365415225 (avg: 0.4721) error 0.5275691015586172 time 2m 22s 214ms
Waiting for discovery to complete
Generation 7 score 0.4724097365415225 (avg: 0.4716) error 0.5275691015586172 time 3m 49s 851ms
Waiting for discovery to complete
Generation 8 score 0.4724097365415225 (avg: 0.4724) error 0.5275691015586172 time 2m 42s 501ms
Waiting for discovery to complete
Generation 9 score 0.4724097365415225 (avg: 0.4724) error 0.5275691015586172 time 3m 18s 249ms
Waiting for discovery to complete
Fine tuning increased fitness by 7.318159411795477e-10 to 0.47240973727333846 adjusted 12 weights, 1 bias 
Generation 10 score 0.47240973727333846 (avg: 0.4724) error 0.5275690998268013 time 1m 57s 882ms
Waiting for discovery to complete
Fine tuning increased fitness by 8.883060953479571e-10 to 0.47240973816164455 adjusted 1 weight 
Discovery 4d63472e read time  for .trainData-binary_88-sampler/sample-20.bin with 20 records
Discovery 4d63472e scanning time 28m 44s 808ms
Generation 11 score 0.47240973816164455 (avg: 0.4724) error 0.5275690989384952 time 3m 22s 892ms
Waiting for discovery to complete
Discovery 4d63472e recorded time 28m 49s 690ms
Discovered beneficial synapse from 62644d40-0412-4dab-a855-48306ff653cc to insider-combined-positive-check-7 with weight 1.0000, helping 85.0% more records than it harms (18/20)
Discovery 4d63472e analyze time 56s 357ms found 1 candidates
Fine tuning increased fitness by 7.23584081541162e-10 to 0.47240973888522864 adjusted 1 weight 
Generation 12 score 0.47240973888522864 (avg: 0.4724) error 0.5275690982149112 time 1m 28s 445ms
Waiting for discovery to complete
Discovered harmful synapse from 1eb9dd45-8aff-443c-a1ee-e94e6cc2fd9e to insider-combined-positive-check-7, harming 85.0% more records than it helps (1/20)
Discovery 4d63472e analyze harmful time 38s 713ms found 1 candidates
Discovery 4d63472e analyze squashes time 48s 131ms found 1 candidate, Summary: insider-combined-positive-check-7 ArcTan -> COMPLEMENT improved: 100.0% error: 2.8932041619490495e+31 -> 3.460415894027881e+23
Fine tuning increased fitness by 5.330325847374695e-9 to 0.4724097442155545 adjusted 1 weight 
Generation 13 score 0.4724097442155545 (avg: 0.4724) error 0.5275690928845853 time 2m 37s 803ms
Waiting for training/discovery clean up 2
Fine tuning increased fitness by 6.48282583171067e-9 to 0.4724097506983803 adjusted 1 weight 
Generation 14 score 0.4724097506983803 (avg: 0.4353) error 0.5275690864017595 time 1m 33s 169ms
Waiting for training/discovery clean up 1
Fine tuning increased fitness by 2.9121548505983696e-9 to 0.47240975361053517 adjusted 1 weight 
Generation 15 score 0.47240975361053517 (avg: 0.4724) error 0.5275690834896046 time 2m 12s 378ms
Evolution of 15 generations in 39m 36s, averaging 2m 38s 426ms
Loop 5 of 5
From github.com:stSoftwareAU/GRQ-sampler
   d69dc2ec..d3293e9a  main       -> origin/main
Updating d69dc2ec..d3293e9a
Fast-forward
 TacitKnowledge/hive.json                 |     9 +-
 samples/GRQ-12-1.json                    |   166 +-
 samples/{GRQ-11-1.json => GRQ-15-1.json} |   111 +-
 samples/GRQ-19-1.json                    |    44 +-
 samples/GRQ-21-1.json                    | 92702 +++++++++++++++++++++++++++++
 samples/GRQ-22-1.json                    |    38 +-
 samples/GRQ-23-1.json                    |  4483 +-
 samples/GRQ-3-1.json                     |    18 +-
 samples/Mac-Ultra-M2-1.json              |    84 +-
 9 files changed, 96777 insertions(+), 878 deletions(-)
 rename samples/{GRQ-11-1.json => GRQ-15-1.json} (99%)
 create mode 100644 samples/GRQ-21-1.json
5) Sample rate: 1, batch Size: 10000, timeout: 17
Total time taken: 22s 507ms
Raphael Waelchi (Observations: 1,486, Neurons: 487, Synapses: 16,301 & Score: 0.472)
2 mutations, mutation rate 5.0%, elitism 1, mutation FFW, selection TOURNAMENT, timeout 17, PopSize 20 SAMPLER
Initialized in 1s 999ms
Over populated 23, expected 20.
Culling duplicate creature at 4 of 23
Culling duplicate creature at 6 of 22
Culling duplicate creature at 18 of 21
DeDuplication of 3 creatures to 20 in 1ms (previous experiment 1ms)
Training 55696efe scheduled
Training 55696efe with 1 binary file, target error: 0.002, iterations: 1, sample rate: 10.0%, sparse: 7.5%
Fine tuning increased fitness by 0.0000019350490984559876 to 0.47124129069402554 adjusted 1 weight Restored: 5
Generation 1 score 0.47124129069402554 (avg: 0.4679) error 0.528547110307372 time 5m 46s 45ms
Training 55696efe samples 4,588 of 2,101,823 0.2%( rate 10.0% ) error 0.534 time average: 13ms 80µs 863ns total: 1m 15ms
Training 55696efe samples 9,776 of 2,101,823 0.5%( rate 10.0% ) error 0.535 time average: 12ms 277µs 720ns total: 2m 27ms
Generation 2 score 0.47124129069402554 (avg: 0.4712) error 0.528547110307372 time 2m 17s 667ms
Training 55696efe samples 13,540 of 2,101,823 0.6%( rate 10.0% ) error 0.536 time average: 13ms 296µs 971ns total: 3m 41ms
Training 55696efe samples 16,622 of 2,101,823 0.8%( rate 10.0% ) error 0.543 time average: 14ms 441µs 763ns total: 4m 51ms
Training 55696efe samples 19,322 of 2,101,823 0.9%( rate 10.0% ) error 0.544 time average: 15ms 529µs 551ns total: 5m 62ms
Training 55696efe samples 23,521 of 2,101,823 1.1%( rate 10.0% ) error 0.535 time average: 15ms 308µs 915ns total: 6m 81ms
Training 55696efe samples 28,716 of 2,101,823 1.4%( rate 10.0% ) error 0.529 time average: 14ms 628µs 917ns total: 7m 84ms
Generation 3 score 0.47124129069402554 (avg: 0.4712) error 0.528547110307372 time 5m 4s 23ms
Training 55696efe samples 33,139 of 2,101,823 1.6%( rate 10.0% ) error 0.532 time average: 14ms 487µs 39ns total: 8m 86ms
Training 55696efe samples 37,311 of 2,101,823 1.8%( rate 10.0% ) error 0.535 time average: 14ms 475µs 838ns total: 9m 108ms
Training 55696efe samples 41,304 of 2,101,823 2.0%( rate 10.0% ) error 0.532 time average: 14ms 529µs 173ns total: 10m 113ms
Generation 4 score 0.47124129069402554 (avg: 0.4712) error 0.528547110307372 time 2m 35s 171ms
Training 55696efe samples 44,297 of 2,101,823 2.1%( rate 10.0% ) error 0.532 time average: 14ms 902µs 431ns total: 11m 133ms
Training 55696efe timed out after 11m 133ms
compactUnused: 58c829a5-e15b-4e11-be53-e7faf5ea2259 already connected to first-one
compactUnused: 58c829a5-e15b-4e11-be53-e7faf5ea2259 already connected to first-one with type condition required condition
Training 55696efe caused a higher error of 0.5320523911955884 from 0.528547110307372
Training 55696efe completed after 11m 469ms
Generation 5 score 0.47124129069402554 (avg: 0.4712) error 0.528547110307372 time 5m 9s 439ms
Waiting for additional generation
Trained 55696efe Score: 0.47124134870457035, Error: 0.528547110307372 -> 0.5285470522968272, 👌 5.80e-8
Fine tuning increased fitness by 2.1524276894169247e-7 to 0.4712415059367945 adjusted 369 weights, 26 biases 
Generation 6 score 0.4712415059367945 (avg: 0.4712) error 0.5285468950646031 time 2m 42s 361ms
Evolution of 6 generations in 23m 35s, averaging 3m 55s 859ms
[18:51:25] 📦 checkin-sample.sh on host GRQ-11
Already up to date.
samples/GRQ-24-1.json
[18:51:28] ✅ Committing 🦠 GRQ-11 🎯, Score: 0.471242
[main 78a4c919] 🦠 GRQ-11 🎯, Score: 0.471242, Neurons: 487 & Synapses: 16,298
 1 file changed, 2592 insertions(+), 441 deletions(-)
 rename samples/{GRQ-24-1.json => GRQ-11-1.json} (97%)
To github.com:stSoftwareAU/GRQ-sampler.git
   d3293e9a..78a4c919  main -> main
HEAD is now at 863a7f06 Adjust weight for 'learn' option in rocket.sh from 50 to 3 for improved sampling behavior.
From github.com:stSoftwareAU/GRQ-health
   405cc26..59dac4b  Develop    -> origin/Develop
HEAD is now at 59dac4b Update health status for GRQ-10 at Fri Sep  5 18:13:26 AEST 2025
Reset branch 'Develop'
branch 'Develop' set up to track 'origin/Develop'.
Your branch is up to date with 'origin/Develop'.
✅ GRQ-health synced with remote (validation skipped)
HEAD is now at 59dac4b Update health status for GRQ-10 at Fri Sep  5 18:13:26 AEST 2025
Updating health information...
Already up to date.
Updated health information for GRQ-11
