[log truncated by run.sh: showing the last 64 KB of 115 KB; the full log is on the host]
[samples] pick slot=top rank=1 score=0.4147608363528304 measured=local file=GRQ-24-forests.json (#4375)
[samples] pick slot=top rank=2 score=0.4012302927368642 measured=local file=GRQ-19-1.json (#4375)
[samples] pick slot=top rank=3 score=0.40075695252724974 measured=local file=GRQ-11-1.json (#4375)
[samples] pick slot=top rank=4 score=0.3942048901619303 measured=local file=GRQ-13-1.json (#4375)
[samples] pick slot=top rank=5 score=0.3879868973907568 measured=local file=GRQ-22-1.json (#4375)
[samples] pick slot=top rank=6 score=0.378318195908987 measured=local file=GRQ-23-lamarck.json (#4375)
[samples] pick slot=random rank=- score=0.3731509579470211 measured=local file=GRQ-21-forests.json (#4375)
[samples] pick slot=random rank=- score=0.37300060193681045 measured=local file=GRQ-3-lamarck.json (#4375)
[samples] seeded slots=8 of 8 top=6 random=2 considered=15 (#4677)
ℹ️ [creature-artefact] ../GRQ-portfolio/best/creature.json absent — reading legacy network.json (#4153 rollout window)
[creatures] copyNetworks: 38 creature file(s) in /Users/nigel/src/GRQ/.creatures (#4300)
[creatures] copyNetworks: 1.json 10.json 11.json 12.json 13.json 14.json 15.json 16.json 17.json 18.json 19.json 2.json 20.json 21.json 22.json 23.json 3.json 4.json 5.json 6.json 7.json 8.json 9.json GRQ-11-1.json GRQ-13-1.json GRQ-19-1.json GRQ-21-forests.json GRQ-22-1.json GRQ-23-lamarck.json GRQ-24-forests.json GRQ-3-lamarck.json best.json cluster.json sampler-1.json sampler-2.json sampler-3.json sampler-4.json sampler-5.json 
2) Sample rate: 0.05, timeout: 6, costName: MSE
sampler-preflight: phase=slice-0.05 free_gb=340.5 corpus_gb=21.4 required_gb=1.3 decision=ok
[heap-grant] stage=Sampler | Heap: 9651 MB | Total RAM: 32 GB | Available: 28835 MB | Planning budget: 16384 MB | FFI/OS headroom: 1536 MB | Floor: 4096 MB | Cap: 24576 MB (default) | Clamp: 27299 MB (available)
🏭 .trainData-binary_116-sampler/sample-5.bin — 114693 of 2290119 records kept from 520 file(s), seed 4068802801671920079
📄 .trainData-binary_116-sampler/manifest.json — sha256 9f6e58af2d4dc947e4d64ac098b711a297052e5651882dfc62330800f19cfc86
2026-10-09T03:42:02.495Z [INFO] [Sampler] [pid-45738] 🏭 sampler implementation=refinery elapsed_ms=6845 records_read=2290119 records_written=114693 output=.trainData-binary_116-sampler/sample-5.bin
2026-10-09T03:42:02.496Z [INFO] [Sampler] [pid-45738] Total time taken: 6s 846ms
[scan-creatures] scanned=38 quarantined=0 repaired=0 reordered=0 duration=1381ms
👥 Population size (sampler loop 2): 40
[heap-grant] stage=SamplerLearn | Heap: 9651 MB | Total RAM: 32 GB | Available: 28835 MB | Planning budget: 16384 MB | FFI/OS headroom: 1536 MB | Floor: 4096 MB | Cap: 24576 MB (default) | Clamp: 27299 MB (available)
2026-10-09T03:42:04.576Z [INFO] [from-json-hook] [pid-45870] [from-json-hook] installed source=Learn
2026-10-09T03:42:04.577Z [INFO] [memoryProfile] [pid-45870] [memory-profile] host=GRQ-11.local totalMB=9651 profile=medium-memory-low popSize=24 activationCap=6
2026-10-09T03:42:04.912Z [INFO] [Learn] [pid-45870] WASM activation initialised for main thread and workers
[neat-ai] running version 7.0.51
2026-10-09T03:42:05.129Z [INFO] [Learn] [pid-45870] Zoe Morris (Observations: 2,511, Neurons: 8,439, Synapses: 57,306 & Score: 0.412)
2026-10-09T03:42:05.267Z [INFO] [Learn] [pid-45870] [seed] loaded file=20.json score=none
2026-10-09T03:42:05.388Z [INFO] [Learn] [pid-45870] [seed] loaded file=16.json score=none
2026-10-09T03:42:05.519Z [INFO] [Learn] [pid-45870] [seed] loaded file=sampler-5.json score=0.400756944520156
2026-10-09T03:42:05.729Z [INFO] [Learn] [pid-45870] [seed] loaded file=6.json score=0.4115327674368659
2026-10-09T03:42:05.890Z [INFO] [Learn] [pid-45870] [seed] loaded file=7.json score=0.4115327674368659
2026-10-09T03:42:06.036Z [INFO] [Learn] [pid-45870] [seed] loaded file=sampler-4.json score=0.3908779419734183
2026-10-09T03:42:06.166Z [INFO] [Learn] [pid-45870] [seed] loaded file=17.json score=none
2026-10-09T03:42:06.287Z [INFO] [Learn] [pid-45870] [seed] loaded file=21.json score=none
2026-10-09T03:42:06.347Z [INFO] [Learn] [pid-45870] [seed] loaded file=best.json score=0.40915305436761334
2026-10-09T03:42:06.479Z [INFO] [Learn] [pid-45870] [seed] loaded file=10.json score=none
2026-10-09T03:42:06.628Z [INFO] [Learn] [pid-45870] [seed] loaded file=sampler-3.json score=0.3908779419734183
2026-10-09T03:42:06.777Z [INFO] [Learn] [pid-45870] [seed] loaded file=GRQ-22-1.json score=0.38798689368246403
2026-10-09T03:42:06.916Z [INFO] [Learn] [pid-45870] [seed] loaded file=1.json score=0.4115327674368659
2026-10-09T03:42:07.053Z [INFO] [Learn] [pid-45870] [seed] loaded file=sampler-2.json score=0.3908779419734183
2026-10-09T03:42:07.191Z [INFO] [Learn] [pid-45870] [seed] loaded file=11.json score=none
2026-10-09T03:42:07.356Z [INFO] [Learn] [pid-45870] [seed] loaded file=GRQ-24-forests.json score=0.4147608363528304
2026-10-09T03:42:07.508Z [INFO] [Learn] [pid-45870] [seed] loaded file=GRQ-23-lamarck.json score=0.4317824857412193
2026-10-09T03:42:07.654Z [INFO] [Learn] [pid-45870] [seed] loaded file=GRQ-13-1.json score=0.3942048867634086
2026-10-09T03:42:07.778Z [INFO] [Learn] [pid-45870] [seed] loaded file=2.json score=none
2026-10-09T03:42:07.928Z [INFO] [Learn] [pid-45870] [seed] loaded file=sampler-1.json score=0.4115327674368659
2026-10-09T03:42:08.052Z [INFO] [Learn] [pid-45870] [seed] loaded file=12.json score=none
2026-10-09T03:42:08.221Z [INFO] [Learn] [pid-45870] [seed] loaded file=GRQ-3-lamarck.json score=0.4332017989917421
2026-10-09T03:42:08.378Z [INFO] [Learn] [pid-45870] [seed] loaded file=GRQ-21-forests.json score=0.4332133079440698
2026-10-09T03:42:08.529Z [INFO] [Learn] [pid-45870] [seed] loaded file=cluster.json score=0.4332456917925524
2026-10-09T03:42:08.659Z [INFO] [Learn] [pid-45870] [seed] loaded file=13.json score=none
2026-10-09T03:42:08.790Z [INFO] [Learn] [pid-45870] [seed] loaded file=GRQ-11-1.json score=0.400756944520156
2026-10-09T03:42:08.923Z [INFO] [Learn] [pid-45870] [seed] loaded file=3.json score=none
2026-10-09T03:42:09.060Z [INFO] [Learn] [pid-45870] [seed] loaded file=8.json score=0.4115327674368659
2026-10-09T03:42:09.186Z [INFO] [Learn] [pid-45870] [seed] loaded file=22.json score=none
2026-10-09T03:42:09.340Z [INFO] [Learn] [pid-45870] [seed] loaded file=18.json score=none
2026-10-09T03:42:09.468Z [INFO] [Learn] [pid-45870] [seed] loaded file=4.json score=none
2026-10-09T03:42:09.605Z [INFO] [Learn] [pid-45870] [seed] loaded file=14.json score=none
2026-10-09T03:42:09.763Z [INFO] [Learn] [pid-45870] [seed] loaded file=GRQ-19-1.json score=0.40123029597544807
2026-10-09T03:42:09.900Z [INFO] [Learn] [pid-45870] [seed] loaded file=15.json score=none
2026-10-09T03:42:10.092Z [INFO] [Learn] [pid-45870] [seed] loaded file=5.json score=0.4115327674368659
2026-10-09T03:42:10.227Z [INFO] [Learn] [pid-45870] [seed] loaded file=19.json score=none
2026-10-09T03:42:10.375Z [INFO] [Learn] [pid-45870] [seed] loaded file=23.json score=0.4115327674368659
2026-10-09T03:42:10.511Z [INFO] [Learn] [pid-45870] [seed] loaded file=9.json score=none
2026-10-09T03:42:10.554Z [INFO] [Learn] [pid-45870] [seed] loaded=38 skipped=0 kept=38 dropped=0 populationSize=24 dir=.creatures (#4300)
2026-10-09T03:42:10.554Z [INFO] [Learn] [pid-45870] [seed] best=cluster.json@0.4332456917925524 worst-kept=19.json@-Infinity best-dropped=none (#4300)
2026-10-09T03:42:10.577Z [INFO] [Learn] [pid-45870] [learn] skipTrainingAfterConsecutiveRegressions=3
2026-10-09T03:42:10.577Z [INFO] [Learn] [pid-45870] [learn] skipTrainingAfterPopulationRegressions=6
2026-10-09T03:42:10.577Z [INFO] [Learn] [pid-45870] [learn] skipTrainingAfterPopulationNoProgress=0
2026-10-09T03:42:10.577Z [INFO] [Learn] [pid-45870] [inline-discovery-memory] nativeBudgetBytes=23514945945
2026-10-09T03:42:10.577Z [INFO] [Learn] [pid-45870] elitism 1, timeout 6, PopSize 24, cost MSE, SAMPLER
2026-10-09T03:42:10.577Z [INFO] [Learn] [pid-45870] Initialized in 6s 2ms
[WasmWorkerInit] worker=worker-1 outcome=ok handshakeMs=250 cache=hit cacheDir=/Users/nigel/.cache/neat-ai/wasm bundleBytes=1042991 bundleLoadMs=2 glueImportMs=13 instantiateMs=2 wasmTotalMs=17 workerError=none
[WasmWorkerInit] worker=worker-2 outcome=ok handshakeMs=232 cache=hit cacheDir=/Users/nigel/.cache/neat-ai/wasm bundleBytes=1042991 bundleLoadMs=2 glueImportMs=13 instantiateMs=2 wasmTotalMs=17 workerError=none
[WasmWorkerInit] worker=worker-3 outcome=ok handshakeMs=237 cache=hit cacheDir=/Users/nigel/.cache/neat-ai/wasm bundleBytes=1042991 bundleLoadMs=2 glueImportMs=13 instantiateMs=2 wasmTotalMs=17 workerError=none
[WasmWorkerInit] worker=worker-4 outcome=ok handshakeMs=239 cache=hit cacheDir=/Users/nigel/.cache/neat-ai/wasm bundleBytes=1042991 bundleLoadMs=2 glueImportMs=13 instantiateMs=2 wasmTotalMs=17 workerError=none
[WasmWorkerInit] worker=worker-5 outcome=ok handshakeMs=227 cache=hit cacheDir=/Users/nigel/.cache/neat-ai/wasm bundleBytes=1042991 bundleLoadMs=2 glueImportMs=13 instantiateMs=2 wasmTotalMs=17 workerError=none
[WasmWorkerInit] worker=worker-6 outcome=ok handshakeMs=229 cache=hit cacheDir=/Users/nigel/.cache/neat-ai/wasm bundleBytes=1042991 bundleLoadMs=2 glueImportMs=13 instantiateMs=2 wasmTotalMs=17 workerError=none
[WasmWorkerInit] worker=worker-7 outcome=ok handshakeMs=234 cache=hit cacheDir=/Users/nigel/.cache/neat-ai/wasm bundleBytes=1042991 bundleLoadMs=2 glueImportMs=13 instantiateMs=2 wasmTotalMs=17 workerError=none
[WasmWorkerInit] worker=worker-8 outcome=ok handshakeMs=234 cache=hit cacheDir=/Users/nigel/.cache/neat-ai/wasm bundleBytes=1042991 bundleLoadMs=2 glueImportMs=13 instantiateMs=2 wasmTotalMs=17 workerError=none
[WasmWorkerInit] worker=worker-9 outcome=ok handshakeMs=238 cache=hit cacheDir=/Users/nigel/.cache/neat-ai/wasm bundleBytes=1042991 bundleLoadMs=2 glueImportMs=13 instantiateMs=2 wasmTotalMs=17 workerError=none
[WasmWorkerInit] worker=worker-10 outcome=ok handshakeMs=238 cache=hit cacheDir=/Users/nigel/.cache/neat-ai/wasm bundleBytes=1042991 bundleLoadMs=2 glueImportMs=13 instantiateMs=2 wasmTotalMs=17 workerError=none
[WasmWorkerInit] worker=worker-11 outcome=ok handshakeMs=255 cache=hit cacheDir=/Users/nigel/.cache/neat-ai/wasm bundleBytes=1042991 bundleLoadMs=2 glueImportMs=13 instantiateMs=2 wasmTotalMs=17 workerError=none
[WasmWorkerInit] worker=worker-12 outcome=ok handshakeMs=254 cache=hit cacheDir=/Users/nigel/.cache/neat-ai/wasm bundleBytes=1042991 bundleLoadMs=2 glueImportMs=13 instantiateMs=2 wasmTotalMs=17 workerError=none
DeDuplication of 5 creatures to 34 in 2ms (previous experiment 2ms)
[DynamicPool] 2 idle heavy worker(s) assisting fitness evaluation
[NEAT-AI] Batch scorer partition: 34 forwardOnly batched, 0 recurrent batched, 0 per-creature
Trained c50913c7 Score: 0.4117782857161235, Error: 0.5885762539457626 -> 0.5882073420275179, 👌 0.000369
Trained 5588f2ad Score: 0.4117727475522017, Error: 0.5884600468350284 -> 0.5882128797916509, 👌 0.000247
Trained 2cb24d1d Score: 0.4056528345348287, Error: 0.5961478376786095 -> 0.5943327952090715, 👌 0.00182
Training 636e8d87 scheduled
Training b55065cd scheduled
Training 61aedfb2 scheduled
Training b0a7f408 scheduled
Training faa6b566 scheduled
[neat-ai] running version 7.0.51
[neat-ai] running version 7.0.51
[neat-ai] running version 7.0.51
[NEAT-AI] trainDir FFI libneat_ai_backpropagation loaded from /Users/nigel/.cargo/lib/libneat_ai_backpropagation.dylib
[neat-ai] running version 7.0.51
[NEAT-AI] trainDir using FFI libneat_ai_backpropagation
[NEAT-AI] trainDir FFI libneat_ai_backpropagation loaded from /Users/nigel/.cargo/lib/libneat_ai_backpropagation.dylib
[neat-ai] running version 7.0.51
[neat-ai] running version 7.0.51
[NEAT-AI] trainDir using FFI libneat_ai_backpropagation
[neat-ai] running version 7.0.51
[neat-ai] running version 7.0.51
[neat-ai] running version 7.0.51
[neat-ai] running version 7.0.51
[WasmWorkerInit] worker=worker-13 outcome=ok handshakeMs=566 cache=hit cacheDir=/Users/nigel/.cache/neat-ai/wasm bundleBytes=1042991 bundleLoadMs=2 glueImportMs=13 instantiateMs=2 wasmTotalMs=17 workerError=none
[neat-ai] running version 7.0.51
[neat-ai] running version 7.0.51
[WasmWorkerInit] worker=worker-14 outcome=ok handshakeMs=443 cache=hit cacheDir=/Users/nigel/.cache/neat-ai/wasm bundleBytes=1042991 bundleLoadMs=2 glueImportMs=13 instantiateMs=2 wasmTotalMs=17 workerError=none
[WasmWorkerInit] worker=worker-15 outcome=ok handshakeMs=466 cache=hit cacheDir=/Users/nigel/.cache/neat-ai/wasm bundleBytes=1042991 bundleLoadMs=2 glueImportMs=13 instantiateMs=2 wasmTotalMs=17 workerError=none
[WasmWorkerInit] worker=worker-16 outcome=ok handshakeMs=411 cache=hit cacheDir=/Users/nigel/.cache/neat-ai/wasm bundleBytes=1042991 bundleLoadMs=2 glueImportMs=13 instantiateMs=2 wasmTotalMs=17 workerError=none
[WasmWorkerInit] worker=worker-17 outcome=ok handshakeMs=1171 cache=hit cacheDir=/Users/nigel/.cache/neat-ai/wasm bundleBytes=1042991 bundleLoadMs=2 glueImportMs=13 instantiateMs=2 wasmTotalMs=17 workerError=none
[WasmWorkerInit] worker=worker-18 outcome=ok handshakeMs=1130 cache=hit cacheDir=/Users/nigel/.cache/neat-ai/wasm bundleBytes=1042991 bundleLoadMs=2 glueImportMs=13 instantiateMs=2 wasmTotalMs=17 workerError=none
[MCMC] Gen: temp=0.9751, acceptance=100.0% (smoothed=100.0%), proposed=2, accepted=2, rejected=0
[WasmWorkerInit] worker=worker-19 outcome=ok handshakeMs=7600 cache=hit cacheDir=/Users/nigel/.cache/neat-ai/wasm bundleBytes=1042991 bundleLoadMs=2 glueImportMs=13 instantiateMs=2 wasmTotalMs=17 workerError=none
[PreWarm] 17 new templates, 3 cached, 20 unique topologies (656ms)
[Timing] fitness=160116ms breeding=6020ms breedingWorker=6020ms mainThreadOverlap=1ms resultProcessing=1ms preWarm=656ms pipelineOverlap=678ms sort=0ms writeScores=29ms mutation=5634ms deduplication=1332ms speciation=21ms total=191926ms
[Utilisation] fitness=0%fast/0%heavy breeding=0%fast/100%heavy overall=1%
[MutationOps] MOD_BIAS proposed=1 noChange=0 applied=1 reverted=0 evaluated=0 accepted=0 rejected=0 evalMs=0 depth[in=0 mid=0 out=0 ?=1] | MOD_WEIGHT proposed=1 noChange=0 applied=1 reverted=0 evaluated=0 accepted=0 rejected=0 evalMs=0 depth[in=0 mid=0 out=0 ?=1] || resolved=0 multiOperator=0 discarded=0 evalMs=0 mcmc=2/2
[Throughput] wall=191926ms nonFitness=31810ms gensPerHour=18.8 fast=busy39124ms/idle1880136ms/depth34/wait13808ms heavy=busy0ms/idle383852ms/depth5/wait0ms scorer=250.3ms/scored34/batchScored34/perCreatureScored0/batchInvocations1/creaturesPerSec0.2 corruptParentSkips=0
[WasmWorkerInit] worker=worker-20 outcome=ok handshakeMs=605 cache=hit cacheDir=/Users/nigel/.cache/neat-ai/wasm bundleBytes=1042991 bundleLoadMs=2 glueImportMs=13 instantiateMs=2 wasmTotalMs=17 workerError=none
[WasmWorkerInit] worker=worker-21 outcome=ok handshakeMs=314 cache=hit cacheDir=/Users/nigel/.cache/neat-ai/wasm bundleBytes=1042991 bundleLoadMs=2 glueImportMs=13 instantiateMs=2 wasmTotalMs=17 workerError=none
[NEAT-AI] Batch scorer partition: 20 forwardOnly batched, 0 recurrent batched, 0 per-creature
[WasmWorkerInit] worker=worker-22 outcome=ok handshakeMs=683 cache=hit cacheDir=/Users/nigel/.cache/neat-ai/wasm bundleBytes=1042991 bundleLoadMs=2 glueImportMs=13 instantiateMs=2 wasmTotalMs=17 workerError=none
[WasmWorkerInit] worker=worker-23 outcome=ok handshakeMs=324 cache=hit cacheDir=/Users/nigel/.cache/neat-ai/wasm bundleBytes=1042991 bundleLoadMs=2 glueImportMs=13 instantiateMs=2 wasmTotalMs=17 workerError=none
[WasmWorkerInit] worker=worker-24 outcome=ok handshakeMs=338 cache=hit cacheDir=/Users/nigel/.cache/neat-ai/wasm bundleBytes=1042991 bundleLoadMs=2 glueImportMs=13 instantiateMs=2 wasmTotalMs=17 workerError=none
[neat-ai] running version 7.0.51
Skipping discovery: insufficient time (1m remaining, 2m estimated)
[Neat] Discovery replay: no improvement found (evaluated: 0)
[WasmWorkerInit] worker=worker-25 outcome=ok handshakeMs=656 cache=hit cacheDir=/Users/nigel/.cache/neat-ai/wasm bundleBytes=1042991 bundleLoadMs=2 glueImportMs=13 instantiateMs=2 wasmTotalMs=17 workerError=none
[WasmWorkerInit] worker=worker-26 outcome=ok handshakeMs=556 cache=hit cacheDir=/Users/nigel/.cache/neat-ai/wasm bundleBytes=1042991 bundleLoadMs=2 glueImportMs=13 instantiateMs=2 wasmTotalMs=17 workerError=none
[WasmWorkerInit] worker=worker-27 outcome=ok handshakeMs=465 cache=hit cacheDir=/Users/nigel/.cache/neat-ai/wasm bundleBytes=1042991 bundleLoadMs=2 glueImportMs=13 instantiateMs=2 wasmTotalMs=17 workerError=none
[WasmWorkerInit] worker=worker-28 outcome=ok handshakeMs=354 cache=hit cacheDir=/Users/nigel/.cache/neat-ai/wasm bundleBytes=1042991 bundleLoadMs=2 glueImportMs=13 instantiateMs=2 wasmTotalMs=17 workerError=none
[WasmWorkerInit] worker=worker-29 outcome=ok handshakeMs=683 cache=hit cacheDir=/Users/nigel/.cache/neat-ai/wasm bundleBytes=1042991 bundleLoadMs=2 glueImportMs=13 instantiateMs=2 wasmTotalMs=17 workerError=none
[WasmWorkerInit] worker=worker-30 outcome=ok handshakeMs=1175 cache=hit cacheDir=/Users/nigel/.cache/neat-ai/wasm bundleBytes=1042991 bundleLoadMs=2 glueImportMs=13 instantiateMs=2 wasmTotalMs=17 workerError=none
[MCMC] Gen: temp=0.9508, acceptance=100.0% (smoothed=100.0%), proposed=2, accepted=2, rejected=0
[WasmWorkerInit] worker=worker-31 outcome=ok handshakeMs=8472 cache=hit cacheDir=/Users/nigel/.cache/neat-ai/wasm bundleBytes=1042991 bundleLoadMs=2 glueImportMs=13 instantiateMs=2 wasmTotalMs=17 workerError=none
[PreWarm] 17 new templates, 4 cached, 21 unique topologies (503ms)
[Timing] fitness=77075ms breeding=6303ms breedingWorker=6303ms mainThreadOverlap=0ms resultProcessing=0ms preWarm=503ms pipelineOverlap=510ms sort=0ms writeScores=16ms mutation=6333ms deduplication=1123ms speciation=7ms total=103415ms
[Utilisation] fitness=0%fast/100%heavy breeding=0%fast/100%heavy overall=15%
[MutationOps] MOD_BIAS proposed=1 noChange=0 applied=1 reverted=0 evaluated=1 accepted=0 rejected=1 evalMs=3845 delta[n=1 min=-0.6986 med=-0.6986 max=-0.6986] depth[in=0 mid=0 out=0 ?=1] depthRejected[in=0 mid=0 out=0 ?=1] | MOD_WEIGHT proposed=1 noChange=0 applied=1 reverted=0 evaluated=1 accepted=0 rejected=1 evalMs=3845 delta[n=1 min=-0.8273 med=-0.8273 max=-0.8273] depth[in=0 mid=0 out=0 ?=1] depthRejected[in=0 mid=0 out=0 ?=1] | SWAP_NODES proposed=1 noChange=0 applied=1 reverted=0 evaluated=0 accepted=0 rejected=0 evalMs=0 depth[in=0 mid=1 out=0 ?=0] || resolved=2 multiOperator=0 discarded=0 evalMs=7691 mcmc=2/2
[Throughput] wall=103415ms nonFitness=26340ms gensPerHour=34.8 fast=busy41496ms/idle992654ms/depth20/wait10374ms heavy=busy0ms/idle206830ms/depth5/wait0ms scorer=164.5ms/scored20/batchScored20/perCreatureScored0/batchInvocations1/creaturesPerSec0.3 corruptParentSkips=0
[WasmWorkerInit] worker=worker-32 outcome=ok handshakeMs=350 cache=hit cacheDir=/Users/nigel/.cache/neat-ai/wasm bundleBytes=1042991 bundleLoadMs=2 glueImportMs=13 instantiateMs=2 wasmTotalMs=17 workerError=none
[NEAT-AI] Batch scorer partition: 21 forwardOnly batched, 0 recurrent batched, 0 per-creature
[WasmWorkerInit] worker=worker-33 outcome=ok handshakeMs=499 cache=hit cacheDir=/Users/nigel/.cache/neat-ai/wasm bundleBytes=1042991 bundleLoadMs=2 glueImportMs=13 instantiateMs=2 wasmTotalMs=17 workerError=none
[WasmWorkerInit] worker=worker-34 outcome=ok handshakeMs=260 cache=hit cacheDir=/Users/nigel/.cache/neat-ai/wasm bundleBytes=1042991 bundleLoadMs=2 glueImportMs=13 instantiateMs=2 wasmTotalMs=17 workerError=none
[WasmWorkerInit] worker=worker-35 outcome=ok handshakeMs=257 cache=hit cacheDir=/Users/nigel/.cache/neat-ai/wasm bundleBytes=1042991 bundleLoadMs=2 glueImportMs=13 instantiateMs=2 wasmTotalMs=17 workerError=none
[WasmWorkerInit] worker=worker-36 outcome=ok handshakeMs=264 cache=hit cacheDir=/Users/nigel/.cache/neat-ai/wasm bundleBytes=1042991 bundleLoadMs=2 glueImportMs=13 instantiateMs=2 wasmTotalMs=17 workerError=none
[neat-ai] running version 7.0.51
Training 636e8d87 caused a higher error of 0.5885287457326652 from 0.5844325478533285
Training 636e8d87 caused a higher error of 0.5885287457326652 from 0.5844325478533285 and no tuning
[DynamicPool] 1 idle heavy worker(s) assisting breeding
Training 636e8d87 completed after 2m 28s 701ms
Training b55065cd completed after 2m 27s 251ms
[Neat] Discovery replay: no improvement found (evaluated: 0)
[WasmWorkerInit] worker=worker-37 outcome=ok handshakeMs=431 cache=hit cacheDir=/Users/nigel/.cache/neat-ai/wasm bundleBytes=1042991 bundleLoadMs=2 glueImportMs=13 instantiateMs=2 wasmTotalMs=17 workerError=none
[WasmWorkerInit] worker=worker-38 outcome=ok handshakeMs=463 cache=hit cacheDir=/Users/nigel/.cache/neat-ai/wasm bundleBytes=1042991 bundleLoadMs=2 glueImportMs=13 instantiateMs=2 wasmTotalMs=17 workerError=none
[WasmWorkerInit] worker=worker-39 outcome=ok handshakeMs=403 cache=hit cacheDir=/Users/nigel/.cache/neat-ai/wasm bundleBytes=1042991 bundleLoadMs=2 glueImportMs=13 instantiateMs=2 wasmTotalMs=17 workerError=none
[WasmWorkerInit] worker=worker-40 outcome=ok handshakeMs=297 cache=hit cacheDir=/Users/nigel/.cache/neat-ai/wasm bundleBytes=1042991 bundleLoadMs=2 glueImportMs=13 instantiateMs=2 wasmTotalMs=17 workerError=none
[WasmWorkerInit] worker=worker-41 outcome=ok handshakeMs=541 cache=hit cacheDir=/Users/nigel/.cache/neat-ai/wasm bundleBytes=1042991 bundleLoadMs=2 glueImportMs=13 instantiateMs=2 wasmTotalMs=17 workerError=none
[WasmWorkerInit] worker=worker-42 outcome=ok handshakeMs=330 cache=hit cacheDir=/Users/nigel/.cache/neat-ai/wasm bundleBytes=1042991 bundleLoadMs=2 glueImportMs=13 instantiateMs=2 wasmTotalMs=17 workerError=none
[WasmWorkerInit] worker=worker-43 outcome=ok handshakeMs=890 cache=hit cacheDir=/Users/nigel/.cache/neat-ai/wasm bundleBytes=1042991 bundleLoadMs=2 glueImportMs=13 instantiateMs=2 wasmTotalMs=17 workerError=none
[MCMC] Gen: temp=0.9271, acceptance=100.0% (smoothed=100.0%), proposed=5, accepted=5, rejected=0
[WasmWorkerInit] worker=worker-44 outcome=ok handshakeMs=8859 cache=hit cacheDir=/Users/nigel/.cache/neat-ai/wasm bundleBytes=1042991 bundleLoadMs=2 glueImportMs=13 instantiateMs=2 wasmTotalMs=17 workerError=none
[WasmWorkerInit] worker=worker-45 outcome=ok handshakeMs=685 cache=hit cacheDir=/Users/nigel/.cache/neat-ai/wasm bundleBytes=1042991 bundleLoadMs=2 glueImportMs=13 instantiateMs=2 wasmTotalMs=17 workerError=none
[PreWarm] 13 new templates, 8 cached, 21 unique topologies (466ms)
[Timing] fitness=59723ms breeding=5189ms breedingWorker=5189ms mainThreadOverlap=85ms resultProcessing=85ms preWarm=466ms pipelineOverlap=555ms sort=0ms writeScores=10ms mutation=6555ms deduplication=2413ms speciation=4ms total=83405ms
[Utilisation] fitness=0%fast/50%heavy breeding=0%fast/50%heavy overall=7%
[MutationOps] MOD_WEIGHT proposed=4 noChange=0 applied=4 reverted=0 evaluated=1 accepted=0 rejected=1 evalMs=2836 delta[n=1 min=-37.1020 med=-37.1020 max=-37.1020] depth[in=0 mid=0 out=0 ?=4] depthRejected[in=0 mid=0 out=0 ?=1] | MOD_BIAS proposed=1 noChange=0 applied=1 reverted=0 evaluated=1 accepted=0 rejected=1 evalMs=2836 delta[n=1 min=-1.0940 med=-1.0940 max=-1.0940] depth[in=0 mid=0 out=0 ?=1] depthRejected[in=0 mid=0 out=0 ?=1] | SWAP_NODES proposed=0 noChange=0 applied=0 reverted=0 evaluated=1 accepted=0 rejected=1 evalMs=2836 delta[n=1 min=-0.0166 med=-0.0166 max=-0.0166] depthRejected[in=0 mid=1 out=0 ?=0] || resolved=3 multiOperator=0 discarded=0 evalMs=8508 mcmc=5/5
[Throughput] wall=83405ms nonFitness=23682ms gensPerHour=43.2 fast=busy30740ms/idle803310ms/depth21/wait8051ms heavy=busy169769ms/idle0ms/depth5/wait50931ms scorer=166.7ms/scored21/batchScored21/perCreatureScored0/batchInvocations1/creaturesPerSec0.4 corruptParentSkips=0
[WasmWorkerInit] worker=worker-46 outcome=ok handshakeMs=351 cache=hit cacheDir=/Users/nigel/.cache/neat-ai/wasm bundleBytes=1042991 bundleLoadMs=2 glueImportMs=13 instantiateMs=2 wasmTotalMs=17 workerError=none
Generation 3 score 0.4155530724008205 (avg: -47.2661) error 0.5844325447230099 avg time 38s 18ms
Set training/discovery clean up count to 2
[Neat] Stuck-task watchdog abandoning 3 training task(s) past per-task deadline: 61aedfb2, b0a7f408, faa6b566
Worker task 3 on worker-11 was cancelled after 219751ms without a response: training task 61aedfb2 passed its per-task deadline without returning a result (GRQ #4489)
[worker-11] quarantined — training task 61aedfb2 passed its per-task deadline without returning a result; it will not be given further work (GRQ #4489)
Worker task 4 on worker-11 was cancelled after 219673ms without a response: training task 61aedfb2 passed its per-task deadline without returning a result (GRQ #4489)
Worker task 5 on worker-11 was cancelled after 219602ms without a response: training task 61aedfb2 passed its per-task deadline without returning a result (GRQ #4489)
Waiting for training/discovery clean up 2
[Neat] Training over-run: elapsed exceeded expected duration × 1 — stopping new generations and finishing with the evolved population
Waiting for training/discovery clean up 1
Training failed for creature 61aedfb2: WorkerTaskCancelledError: Worker task 3 on worker-11 was cancelled after 219751ms without a response: training task 61aedfb2 passed its per-task deadline without returning a result (GRQ #4489)
    at WorkerHandler.cancelTask (https://jsr.io/@stsoftware/neat-ai/7.0.51/src/workers/WorkerHandlerBase.ts:682:19)
    at Neat.cancelTrainingWork (https://jsr.io/@stsoftware/neat-ai/7.0.51/src/NEAT/Neat.ts:912:37)
    at Neat.abandonStuckTrainingTasks (https://jsr.io/@stsoftware/neat-ai/7.0.51/src/NEAT/Neat.ts:875:14)
    at Neat.finishUp (https://jsr.io/@stsoftware/neat-ai/7.0.51/src/NEAT/Neat.ts:712:10)
    at Module.evolveDir (https://jsr.io/@stsoftware/neat-ai/7.0.51/src/creature/CreatureTraining.ts:748:16)
    at async runLearn (file:///Users/nigel/src/GRQ/src/Learn.ts:1036:14)
    at async file:///Users/nigel/src/GRQ/src/Learn.ts:1161:3 {
  taskID: 3,
  workerID: 11,
  elapsedMs: 219751,
  reason: "training task 61aedfb2 passed its per-task deadline without returning a result"
}
Training failed for creature b0a7f408: WorkerTaskCancelledError: Worker task 4 on worker-11 was cancelled after 219673ms without a response: training task 61aedfb2 passed its per-task deadline without returning a result (GRQ #4489)
    at WorkerHandler.cancelTask (https://jsr.io/@stsoftware/neat-ai/7.0.51/src/workers/WorkerHandlerBase.ts:682:19)
    at WorkerHandler.cancelAllTasks (https://jsr.io/@stsoftware/neat-ai/7.0.51/src/workers/WorkerHandlerBase.ts:702:16)
    at WorkerHandler.quarantine (https://jsr.io/@stsoftware/neat-ai/7.0.51/src/workers/WorkerHandlerBase.ts:723:10)
    at Neat.cancelTrainingWork (https://jsr.io/@stsoftware/neat-ai/7.0.51/src/NEAT/Neat.ts:914:21)
    at Neat.abandonStuckTrainingTasks (https://jsr.io/@stsoftware/neat-ai/7.0.51/src/NEAT/Neat.ts:875:14)
    at Neat.finishUp (https://jsr.io/@stsoftware/neat-ai/7.0.51/src/NEAT/Neat.ts:712:10)
    at Module.evolveDir (https://jsr.io/@stsoftware/neat-ai/7.0.51/src/creature/CreatureTraining.ts:748:16)
    at async runLearn (file:///Users/nigel/src/GRQ/src/Learn.ts:1036:14)
    at async file:///Users/nigel/src/GRQ/src/Learn.ts:1161:3 {
  taskID: 4,
  workerID: 11,
  elapsedMs: 219673,
  reason: "training task 61aedfb2 passed its per-task deadline without returning a result"
}
Training failed for creature faa6b566: WorkerTaskCancelledError: Worker task 5 on worker-11 was cancelled after 219602ms without a response: training task 61aedfb2 passed its per-task deadline without returning a result (GRQ #4489)
    at WorkerHandler.cancelTask (https://jsr.io/@stsoftware/neat-ai/7.0.51/src/workers/WorkerHandlerBase.ts:682:19)
    at WorkerHandler.cancelAllTasks (https://jsr.io/@stsoftware/neat-ai/7.0.51/src/workers/WorkerHandlerBase.ts:702:16)
    at WorkerHandler.quarantine (https://jsr.io/@stsoftware/neat-ai/7.0.51/src/workers/WorkerHandlerBase.ts:723:10)
    at Neat.cancelTrainingWork (https://jsr.io/@stsoftware/neat-ai/7.0.51/src/NEAT/Neat.ts:914:21)
    at Neat.abandonStuckTrainingTasks (https://jsr.io/@stsoftware/neat-ai/7.0.51/src/NEAT/Neat.ts:875:14)
    at Neat.finishUp (https://jsr.io/@stsoftware/neat-ai/7.0.51/src/NEAT/Neat.ts:712:10)
    at Module.evolveDir (https://jsr.io/@stsoftware/neat-ai/7.0.51/src/creature/CreatureTraining.ts:748:16)
    at async runLearn (file:///Users/nigel/src/GRQ/src/Learn.ts:1036:14)
    at async file:///Users/nigel/src/GRQ/src/Learn.ts:1161:3 {
  taskID: 5,
  workerID: 11,
  elapsedMs: 219602,
  reason: "training task 61aedfb2 passed its per-task deadline without returning a result"
}
[WasmWorkerInit] worker=worker-47 outcome=ok handshakeMs=377 cache=hit cacheDir=/Users/nigel/.cache/neat-ai/wasm bundleBytes=1042991 bundleLoadMs=2 glueImportMs=13 instantiateMs=2 wasmTotalMs=17 workerError=none
[WasmWorkerInit] worker=worker-48 outcome=ok handshakeMs=282 cache=hit cacheDir=/Users/nigel/.cache/neat-ai/wasm bundleBytes=1042991 bundleLoadMs=2 glueImportMs=13 instantiateMs=2 wasmTotalMs=17 workerError=none
[neat-ai] running version 7.0.51
[evolveDir] teardown complete: 12 worker(s) terminated, 0 detached; replay queue drained
[training-skip] summary skipped=0 populationSkipped=0 creatureSkipped=0 otherSkipped=0 improvements=1 regressions=1 noChange=0 neatSkipped=0 regressionRate=0.5 (#4713)
2026-10-09T03:48:40.650Z [INFO] [Learn] [pid-45870] Evolution of 3 generations in 6m 30s, averaging 2m 10s 23ms
2026-10-09T03:48:40.650Z [INFO] [Learn] [pid-45870] [seed] loaded=38 skipped=0 kept=38 dropped=0 populationSize=24 dir=.creatures (#4300)
2026-10-09T03:48:40.650Z [INFO] [Learn] [pid-45870] [seed] best=cluster.json@0.4332456917925524 worst-kept=19.json@-Infinity best-dropped=none (#4300)
2026-10-09T03:48:40.651Z [WARN] [Learn] [pid-45870] model training over-run: elapsed 6m 30s vs expected 6m — stopping further generations; results committed (#4141)
2026-10-09T03:48:40.837Z [INFO] [saveValidatedCreatureExport] [pid-45870] [forward-only] saved file=.network-sampler.json
[checkin-reserve] overrun: loop 2 Learn ran 6m36s against --timeout=6 min (overran 0m36s); sized with 165m17s left, launched with 146m29s left (18m48s consumed before launch) (#4872)
[result-metadata] stamped .result-sampler.json with samplerBuildTimeMs=6846
Loop 3 of 5
⏭️  Loop 3: remaining budget too small (~0 min < floor) — skipping this loop's evolution to preserve the final loop + check-in reserve (#2598)
From github.com:stSoftwareAU/GRQ-cluster
 * branch                main       -> FETCH_HEAD
   a819f8f06..dde4cf48f  main       -> origin/main
Updating a819f8f06..dde4cf48f
Fast-forward
 performance.csv                               |  2 +
 statistics/GRQ-24/2026/10/09/03-39.json       | 76 +++++++++++++++++++++++++++
 statistics/Mac-Ultra-M2/2026/10/09/03-30.json | 76 +++++++++++++++++++++++++++
 3 files changed, 154 insertions(+)
 create mode 100644 statistics/GRQ-24/2026/10/09/03-39.json
 create mode 100644 statistics/Mac-Ultra-M2/2026/10/09/03-30.json
ℹ️ [creature-artefact] ../GRQ-cluster/creature.json absent — reading legacy network.json (#4153 rollout window)
GIT-OP: [sampler-copyNetworks] git pull ok in 5s (attempt 1/3, timeout=600s)
From github.com:stSoftwareAU/GRQ-sampler
   c9be7c0..dac8e14  main       -> origin/main
Updating c9be7c0..dac8e14
Fast-forward
 performance.csv                   |      2 +
 samples/GRQ-12-1.json             |   3935 +-
 samples/GRQ-18-lamarck.json       | 280204 +++++++++++++++++-----------------
 samples/GRQ-19-forests.json       |    300 +-
 samples/GRQ-24-1.json             |  33674 ++++-
 samples/GRQ-25-1.json             |  34235 +----
 samples/Mac-Ultra-M2-1.json       |   3267 +-
 samples/Mac-Ultra-M2-forests.json | 280280 +++++++++++++++++------------------
 8 files changed, 320619 insertions(+), 315278 deletions(-)
[samples] pool shrunk to fit the run's soft budget scored=8 of considered=47 remaining=1186s share=20% secs_per_creature=73 — the rest are dropped at random this run, never by tag (#4671)
[samples] considered=8 dir=samples top=6 random=2 (#4300)
[samples] scoring pool=8 data=/Users/nigel/src/GRQ/.trainData-binary_116 — ranking on locally measured scores, stored score tags are never used (#4375)
[samples] scoring deadline=3600s/scorer-pass pool=8 secs_per_creature=73 slack=3x floor=3600s (#4615)
2026-10-09T03:48:50.430Z [INFO] [batchRustScore] [pid-48638] 🦀 Rust batch score: 8 creature(s) → /Users/nigel/.cargo/bin/rust_scorer
2026-10-09T03:58:38.188Z [INFO] [ScoreSeedPool] [pid-48638] measured 8 of 8 seed candidate(s) on /Users/nigel/src/GRQ/.trainData-binary_116
[samples] scoring pass ok rc=0 elapsed=589s pool=8 secs_per_creature=74 (#4494/#4498)
[samples] scored measured=8 unmeasured=0 of considered=8 (#4375)
[samples] random-pool eligible=8 quarantined=0 best=0.4111276491342704 floor=0.3083457369 limit=25% ranked-taken=6 available=2 (#4299, #4677)
[samples] pick slot=top rank=1 score=0.4111276491342704 measured=local file=Mac-Ultra-M2-1.json (#4375)
[samples] pick slot=top rank=2 score=0.4110277332010312 measured=local file=GRQ-12-1.json (#4375)
[samples] pick slot=top rank=3 score=0.4110277178658204 measured=local file=GRQ-10-1.json (#4375)
[samples] pick slot=top rank=4 score=0.40075695252724974 measured=local file=GRQ-11-1.json (#4375)
[samples] pick slot=top rank=5 score=0.3731754573558561 measured=local file=GRQ-13-ockham.json (#4375)
[samples] pick slot=top rank=6 score=0.37313207754884453 measured=local file=GRQ-19-ockham.json (#4375)
[samples] pick slot=random rank=- score=0.37244494009153134 measured=local file=GRQ-10-forests.json (#4375)
[samples] pick slot=random rank=- score=0.3722616871974478 measured=local file=GRQ-18-ockham.json (#4375)
[samples] seeded slots=8 of 8 top=6 random=2 considered=8 (#4677)
ℹ️ [creature-artefact] ../GRQ-portfolio/best/creature.json absent — reading legacy network.json (#4153 rollout window)
[creatures] copyNetworks: 38 creature file(s) in /Users/nigel/src/GRQ/.creatures (#4300)
[creatures] copyNetworks: 1.json 10.json 11.json 12.json 13.json 14.json 15.json 16.json 17.json 18.json 19.json 2.json 20.json 21.json 22.json 23.json 3.json 4.json 5.json 6.json 7.json 8.json 9.json GRQ-10-1.json GRQ-10-forests.json GRQ-11-1.json GRQ-12-1.json GRQ-13-ockham.json GRQ-18-ockham.json GRQ-19-ockham.json Mac-Ultra-M2-1.json best.json cluster.json sampler-1.json sampler-2.json sampler-3.json sampler-4.json sampler-5.json 
3) Sample rate: 0.14, timeout: 12, costName: MSE
sampler-preflight: phase=slice-0.14 free_gb=339.6 corpus_gb=21.4 required_gb=3.6 decision=ok
[heap-grant] stage=Sampler | Heap: 9651 MB | Total RAM: 32 GB | Available: 29163 MB | Planning budget: 16384 MB | FFI/OS headroom: 1536 MB | Floor: 4096 MB | Cap: 24576 MB (default) | Clamp: 27627 MB (available)
🏭 .trainData-binary_116-sampler/sample-14.bin — 320074 of 2290119 records kept from 520 file(s), seed 6435010262786990146
📄 .trainData-binary_116-sampler/manifest.json — sha256 60d16cad11546d97725527226fb5be6338204310099d23853256ea966fd9d249
2026-10-09T03:59:08.824Z [INFO] [Sampler] [pid-53091] 🏭 sampler implementation=refinery elapsed_ms=7568 records_read=2290119 records_written=320074 output=.trainData-binary_116-sampler/sample-14.bin
2026-10-09T03:59:08.826Z [INFO] [Sampler] [pid-53091] Total time taken: 7s 569ms
[scan-creatures] scanned=38 quarantined=0 repaired=0 reordered=0 duration=1257ms
⏭️  Skipped src/Learn.ts evolution for loop 3 — remaining budget below the floor (#2596)
Loop 4 of 5
⏭️  Loop 4: less than the final-loop allocation (12 min) remains of the ~60-min loop target — skipping to protect the final 100% loop (#2645)
Loop 5 of 5
⏱️  Loop 5 (final, 100% eval): remaining budget below floor but this loop is mandatory — running with --timeout=3 min to preserve the comparable creature + single check-in (#2598)
⏱️  Loop 5 (final, 100% eval): raising --timeout 3 → 12 min (sacred final-loop allocation #2645)
From github.com:stSoftwareAU/GRQ-cluster
 * branch                main       -> FETCH_HEAD
Already up to date.
ℹ️ [creature-artefact] ../GRQ-cluster/creature.json absent — reading legacy network.json (#4153 rollout window)
GIT-OP: [sampler-copyNetworks] git pull ok in 4s (attempt 1/3, timeout=600s)
From github.com:stSoftwareAU/GRQ-sampler
   dac8e14..a939f12  main       -> origin/main
Updating dac8e14..a939f12
Fast-forward
 performance.csv                 |      4 +
 samples/Enceladus-Terminal.json |  25430 +--
 samples/GRQ-10-1.json           |    110 +-
 samples/GRQ-21-1.json           |    613 +-
 samples/GRQ-22-1.json           |  79127 ++++----
 samples/GRQ-24-1.json           | 398937 -------------------------------------
 6 files changed, 54468 insertions(+), 449753 deletions(-)
 delete mode 100644 samples/GRQ-24-1.json
[samples] pool shrunk to fit the run's soft budget scored=8 of considered=46 remaining=558s share=20% secs_per_creature=74 — the rest are dropped at random this run, never by tag (#4671)
[samples] considered=8 dir=samples top=6 random=2 (#4300)
[samples] scoring pool=8 data=/Users/nigel/src/GRQ/.trainData-binary_116 — ranking on locally measured scores, stored score tags are never used (#4375)
[samples] scoring deadline=3600s/scorer-pass pool=8 secs_per_creature=74 slack=3x floor=3600s (#4615)
2026-10-09T03:59:19.136Z [INFO] [batchRustScore] [pid-53387] 🦀 Rust batch score: 8 creature(s) → /Users/nigel/.cargo/bin/rust_scorer
2026-10-09T04:08:21.878Z [INFO] [ScoreSeedPool] [pid-53387] measured 8 of 8 seed candidate(s) on /Users/nigel/src/GRQ/.trainData-binary_116
[samples] scoring pass ok rc=0 elapsed=544s pool=8 secs_per_creature=68 (#4494/#4498)
[samples] scored measured=8 unmeasured=0 of considered=8 (#4375)
[samples] quarantined score=0.2693602602588538 file=Enceladus.json best=0.41112770912119834 floor=0.308346 drop=34.5% limit=25% (#4299)
[samples] random-pool eligible=7 quarantined=1 best=0.41112770912119834 floor=0.3083457818 limit=25% ranked-taken=6 available=1 (#4299, #4677)
[samples] pick slot=top rank=1 score=0.41112770912119834 measured=local file=GRQ-22-1.json (#4375)
[samples] pick slot=top rank=2 score=0.4111276491342704 measured=local file=GRQ-10-1.json (#4375)
[samples] pick slot=top rank=3 score=0.3942048901619303 measured=local file=GRQ-13-1.json (#4375)
[samples] pick slot=top rank=4 score=0.378318195908987 measured=local file=GRQ-23-lamarck.json (#4375)
[samples] pick slot=top rank=5 score=0.3728874686000849 measured=local file=GRQ-19-lamarck.json (#4375)
[samples] pick slot=top rank=6 score=0.37283915021336284 measured=local file=GRQ-10-lamarck.json (#4375)
[samples] pick slot=random rank=- score=0.37244494009153134 measured=local file=GRQ-10-forests.json (#4375)
[samples] seeded slots=7 of 8 top=6 random=1 considered=8 (#4677)
[creatures] copyNetworks(short): 29 creature file(s) in /Users/nigel/src/GRQ/.creatures (#4300)
[creatures] copyNetworks(short): 1.json 2.json 3.json 4.json 5.json 6.json 7.json 8.json 9.json GRQ-10-1.json GRQ-10-forests.json GRQ-10-lamarck.json GRQ-11-1.json GRQ-12-1.json GRQ-13-1.json GRQ-13-ockham.json GRQ-18-ockham.json GRQ-19-lamarck.json GRQ-19-ockham.json GRQ-22-1.json GRQ-23-lamarck.json Mac-Ultra-M2-1.json best.json cluster.json sampler-1.json sampler-2.json sampler-3.json sampler-4.json sampler-5.json 
5) Sample rate: 1, timeout: 12, costName: MSE
sampler-preflight: phase=slice-1 free_gb=337.8 corpus_gb=21.4 required_gb=25.7 decision=ok
[heap-grant] stage=Sampler | Heap: 9651 MB | Total RAM: 32 GB | Available: 29163 MB | Planning budget: 16384 MB | FFI/OS headroom: 1536 MB | Floor: 4096 MB | Cap: 24576 MB (default) | Clamp: 27627 MB (available)
🏭 .trainData-binary_116-sampler/sample-100.bin — 2290119 of 2290119 records kept from 520 file(s), seed 16619670310282224111
📄 .trainData-binary_116-sampler/manifest.json — sha256 33f592443d3d8e24767671754ae82bc912cfa6b10a7bb1f187bec6faa368132c
2026-10-09T04:09:22.985Z [INFO] [Sampler] [pid-57720] 🏭 sampler implementation=refinery elapsed_ms=33733 records_read=2290119 records_written=2290119 output=.trainData-binary_116-sampler/sample-100.bin
2026-10-09T04:09:22.987Z [INFO] [Sampler] [pid-57720] Total time taken: 33s 735ms
[scan-creatures] scanned=29 quarantined=0 repaired=0 reordered=0 duration=1054ms
👥 Population size (sampler loop 5): 20
[heap-grant] stage=SamplerLearn | Heap: 9651 MB | Total RAM: 32 GB | Available: 29163 MB | Planning budget: 16384 MB | FFI/OS headroom: 1536 MB | Floor: 4096 MB | Cap: 24576 MB (default) | Clamp: 27627 MB (available)
2026-10-09T04:09:24.767Z [INFO] [from-json-hook] [pid-58019] [from-json-hook] installed source=Learn
2026-10-09T04:09:24.768Z [INFO] [memoryProfile] [pid-58019] [memory-profile] host=GRQ-11.local totalMB=9651 profile=medium-memory-low popSize=24 activationCap=6
2026-10-09T04:09:25.109Z [INFO] [Learn] [pid-58019] WASM activation initialised for main thread and workers
[neat-ai] running version 7.0.51
2026-10-09T04:09:25.328Z [INFO] [Learn] [pid-58019] Xavier Clark (Observations: 2,511, Neurons: 8,445, Synapses: 57,359 & Score: 0.416)
2026-10-09T04:09:25.482Z [INFO] [Learn] [pid-58019] [seed] loaded file=GRQ-12-1.json score=0.41102773197187387
2026-10-09T04:09:25.595Z [INFO] [Learn] [pid-58019] [seed] loaded file=sampler-5.json score=0.400756944520156
2026-10-09T04:09:25.728Z [INFO] [Learn] [pid-58019] [seed] loaded file=6.json score=0.4155530724008205
2026-10-09T04:09:25.856Z [INFO] [Learn] [pid-58019] [seed] loaded file=7.json score=0.04367784468254646
2026-10-09T04:09:26.005Z [INFO] [Learn] [pid-58019] [seed] loaded file=sampler-4.json score=0.3908779419734183
2026-10-09T04:09:26.143Z [INFO] [Learn] [pid-58019] [seed] loaded file=GRQ-19-ockham.json score=0.43283544401242585
2026-10-09T04:09:26.269Z [INFO] [Learn] [pid-58019] [seed] loaded file=GRQ-10-1.json score=0.41112764458747625
2026-10-09T04:09:26.404Z [INFO] [Learn] [pid-58019] [seed] loaded file=GRQ-19-lamarck.json score=0.4329015806979849
2026-10-09T04:09:26.459Z [INFO] [Learn] [pid-58019] [seed] loaded file=best.json score=0.40915305436761334
2026-10-09T04:09:26.598Z [INFO] [Learn] [pid-58019] [seed] loaded file=GRQ-13-ockham.json score=0.43269923134691657
2026-10-09T04:09:26.733Z [INFO] [Learn] [pid-58019] [seed] loaded file=sampler-3.json score=0.4155530724008205
2026-10-09T04:09:26.870Z [INFO] [Learn] [pid-58019] [seed] loaded file=GRQ-22-1.json score=0.4111276988433842
2026-10-09T04:09:26.997Z [INFO] [Learn] [pid-58019] [seed] loaded file=1.json score=0.4155530724008205
2026-10-09T04:09:27.138Z [INFO] [Learn] [pid-58019] [seed] loaded file=sampler-2.json score=0.4155530724008205
2026-10-09T04:09:27.267Z [INFO] [Learn] [pid-58019] [seed] loaded file=Mac-Ultra-M2-1.json score=0.4111276438894947
2026-10-09T04:09:27.390Z [INFO] [Learn] [pid-58019] [seed] loaded file=GRQ-23-lamarck.json score=0.4317824857412193
2026-10-09T04:09:27.526Z [INFO] [Learn] [pid-58019] [seed] loaded file=GRQ-10-lamarck.json score=0.4331653292963125
2026-10-09T04:09:27.649Z [INFO] [Learn] [pid-58019] [seed] loaded file=GRQ-13-1.json score=0.3942048867634086
2026-10-09T04:09:27.783Z [INFO] [Learn] [pid-58019] [seed] loaded file=GRQ-10-forests.json score=0.37244490771930344
2026-10-09T04:09:27.904Z [INFO] [Learn] [pid-58019] [seed] loaded file=2.json score=0.4155530724008205
2026-10-09T04:09:28.037Z [INFO] [Learn] [pid-58019] [seed] loaded file=sampler-1.json score=0.4115327674368659
2026-10-09T04:09:28.167Z [INFO] [Learn] [pid-58019] [seed] loaded file=GRQ-18-ockham.json score=0.43301000683278834
2026-10-09T04:09:28.311Z [INFO] [Learn] [pid-58019] [seed] loaded file=cluster.json score=0.4332456917925524
2026-10-09T04:09:28.428Z [INFO] [Learn] [pid-58019] [seed] loaded file=GRQ-11-1.json score=0.400756944520156
2026-10-09T04:09:28.549Z [INFO] [Learn] [pid-58019] [seed] loaded file=3.json score=none
2026-10-09T04:09:28.702Z [INFO] [Learn] [pid-58019] [seed] loaded file=8.json score=0.04367784468254646
2026-10-09T04:09:28.820Z [INFO] [Learn] [pid-58019] [seed] loaded file=4.json score=none
2026-10-09T04:09:28.952Z [INFO] [Learn] [pid-58019] [seed] loaded file=5.json score=0.4155530724008205
2026-10-09T04:09:29.078Z [INFO] [Learn] [pid-58019] [seed] loaded file=9.json score=0.04367784468254646
2026-10-09T04:09:29.078Z [INFO] [Learn] [pid-58019] [seed] loaded=29 skipped=0 kept=29 dropped=0 populationSize=20 dir=.creatures (#4300)
2026-10-09T04:09:29.078Z [INFO] [Learn] [pid-58019] [seed] best=cluster.json@0.4332456917925524 worst-kept=4.json@-Infinity best-dropped=none (#4300)
2026-10-09T04:09:29.093Z [INFO] [Learn] [pid-58019] [learn] skipTrainingAfterConsecutiveRegressions=3
2026-10-09T04:09:29.093Z [INFO] [Learn] [pid-58019] [learn] skipTrainingAfterPopulationRegressions=6
2026-10-09T04:09:29.093Z [INFO] [Learn] [pid-58019] [learn] skipTrainingAfterPopulationNoProgress=0
2026-10-09T04:09:29.093Z [INFO] [Learn] [pid-58019] [inline-discovery-memory] nativeBudgetBytes=23514945945
2026-10-09T04:09:29.094Z [INFO] [Learn] [pid-58019] elitism 1, timeout 12, PopSize 20, cost MSE, SAMPLER
2026-10-09T04:09:29.094Z [INFO] [Learn] [pid-58019] Initialized in 4s 327ms
[WasmWorkerInit] worker=worker-1 outcome=ok handshakeMs=215 cache=hit cacheDir=/Users/nigel/.cache/neat-ai/wasm bundleBytes=1042991 bundleLoadMs=2 glueImportMs=12 instantiateMs=2 wasmTotalMs=16 workerError=none
[WasmWorkerInit] worker=worker-2 outcome=ok handshakeMs=199 cache=hit cacheDir=/Users/nigel/.cache/neat-ai/wasm bundleBytes=1042991 bundleLoadMs=2 glueImportMs=12 instantiateMs=2 wasmTotalMs=16 workerError=none
[WasmWorkerInit] worker=worker-3 outcome=ok handshakeMs=200 cache=hit cacheDir=/Users/nigel/.cache/neat-ai/wasm bundleBytes=1042991 bundleLoadMs=2 glueImportMs=12 instantiateMs=2 wasmTotalMs=16 workerError=none
[WasmWorkerInit] worker=worker-4 outcome=ok handshakeMs=199 cache=hit cacheDir=/Users/nigel/.cache/neat-ai/wasm bundleBytes=1042991 bundleLoadMs=2 glueImportMs=12 instantiateMs=2 wasmTotalMs=16 workerError=none
[WasmWorkerInit] worker=worker-5 outcome=ok handshakeMs=200 cache=hit cacheDir=/Users/nigel/.cache/neat-ai/wasm bundleBytes=1042991 bundleLoadMs=2 glueImportMs=12 instantiateMs=2 wasmTotalMs=16 workerError=none
[WasmWorkerInit] worker=worker-6 outcome=ok handshakeMs=200 cache=hit cacheDir=/Users/nigel/.cache/neat-ai/wasm bundleBytes=1042991 bundleLoadMs=2 glueImportMs=12 instantiateMs=2 wasmTotalMs=16 workerError=none
[WasmWorkerInit] worker=worker-7 outcome=ok handshakeMs=200 cache=hit cacheDir=/Users/nigel/.cache/neat-ai/wasm bundleBytes=1042991 bundleLoadMs=2 glueImportMs=12 instantiateMs=2 wasmTotalMs=16 workerError=none
[WasmWorkerInit] worker=worker-8 outcome=ok handshakeMs=200 cache=hit cacheDir=/Users/nigel/.cache/neat-ai/wasm bundleBytes=1042991 bundleLoadMs=2 glueImportMs=12 instantiateMs=2 wasmTotalMs=16 workerError=none
[WasmWorkerInit] worker=worker-9 outcome=ok handshakeMs=200 cache=hit cacheDir=/Users/nigel/.cache/neat-ai/wasm bundleBytes=1042991 bundleLoadMs=2 glueImportMs=12 instantiateMs=2 wasmTotalMs=16 workerError=none
[WasmWorkerInit] worker=worker-10 outcome=ok handshakeMs=200 cache=hit cacheDir=/Users/nigel/.cache/neat-ai/wasm bundleBytes=1042991 bundleLoadMs=2 glueImportMs=12 instantiateMs=2 wasmTotalMs=16 workerError=none
[WasmWorkerInit] worker=worker-11 outcome=ok handshakeMs=200 cache=hit cacheDir=/Users/nigel/.cache/neat-ai/wasm bundleBytes=1042991 bundleLoadMs=2 glueImportMs=12 instantiateMs=2 wasmTotalMs=16 workerError=none
[WasmWorkerInit] worker=worker-12 outcome=ok handshakeMs=200 cache=hit cacheDir=/Users/nigel/.cache/neat-ai/wasm bundleBytes=1042991 bundleLoadMs=2 glueImportMs=12 instantiateMs=2 wasmTotalMs=16 workerError=none
DeDuplication of 5 creatures to 25 in 2ms (previous experiment 2ms)
[DynamicPool] 2 idle heavy worker(s) assisting fitness evaluation
[NEAT-AI] Batch scorer partition: 25 forwardOnly batched, 0 recurrent batched, 0 per-creature
[DynamicPool] 2 idle heavy worker(s) assisting breeding
[neat-ai] running version 7.0.51
[neat-ai] running version 7.0.51
[neat-ai] running version 7.0.51
[neat-ai] running version 7.0.51
[neat-ai] running version 7.0.51
[neat-ai] running version 7.0.51
[WasmWorkerInit] worker=worker-13 outcome=ok handshakeMs=373 cache=hit cacheDir=/Users/nigel/.cache/neat-ai/wasm bundleBytes=1042991 bundleLoadMs=2 glueImportMs=12 instantiateMs=2 wasmTotalMs=16 workerError=none
[neat-ai] running version 7.0.51
[neat-ai] running version 7.0.51
[neat-ai] running version 7.0.51
[WasmWorkerInit] worker=worker-14 outcome=ok handshakeMs=412 cache=hit cacheDir=/Users/nigel/.cache/neat-ai/wasm bundleBytes=1042991 bundleLoadMs=2 glueImportMs=12 instantiateMs=2 wasmTotalMs=16 workerError=none
[WasmWorkerInit] worker=worker-15 outcome=ok handshakeMs=280 cache=hit cacheDir=/Users/nigel/.cache/neat-ai/wasm bundleBytes=1042991 bundleLoadMs=2 glueImportMs=12 instantiateMs=2 wasmTotalMs=16 workerError=none
[WasmWorkerInit] worker=worker-16 outcome=ok handshakeMs=295 cache=hit cacheDir=/Users/nigel/.cache/neat-ai/wasm bundleBytes=1042991 bundleLoadMs=2 glueImportMs=12 instantiateMs=2 wasmTotalMs=16 workerError=none
[WasmWorkerInit] worker=worker-17 outcome=ok handshakeMs=487 cache=hit cacheDir=/Users/nigel/.cache/neat-ai/wasm bundleBytes=1042991 bundleLoadMs=2 glueImportMs=12 instantiateMs=2 wasmTotalMs=16 workerError=none
[MCMC] Temperature: 1.000000 → 1.000000
[WasmWorkerInit] worker=worker-18 outcome=ok handshakeMs=2688 cache=hit cacheDir=/Users/nigel/.cache/neat-ai/wasm bundleBytes=1042991 bundleLoadMs=2 glueImportMs=12 instantiateMs=2 wasmTotalMs=16 workerError=none
[PreWarm] 15 new templates, 2 cached, 17 unique topologies (528ms)
[Timing] fitness=1868216ms breeding=3719ms breedingWorker=3719ms mainThreadOverlap=1ms resultProcessing=0ms memoryEviction=1ms preWarm=528ms pipelineOverlap=545ms sort=0ms writeScores=26ms mutation=0ms deduplication=1722ms speciation=17ms total=1885160ms
[Utilisation] fitness=0%fast/0%heavy breeding=0%fast/0%heavy overall=0%
[Throughput] wall=1885160ms nonFitness=16944ms gensPerHour=1.9 fast=busy18835ms/idle18832765ms/depth25/wait5651ms heavy=busy0ms/idle3770320ms/depth0/wait0ms scorer=262.9ms/scored25/batchScored25/perCreatureScored0/batchInvocations1/creaturesPerSec0.0 corruptParentSkips=0
[WasmWorkerInit] worker=worker-19 outcome=ok handshakeMs=322 cache=hit cacheDir=/Users/nigel/.cache/neat-ai/wasm bundleBytes=1042991 bundleLoadMs=2 glueImportMs=12 instantiateMs=2 wasmTotalMs=16 workerError=none
Generation 1 score 0.41476081869602216 (avg: 0.1830) error 0.5838008936870157 time 31m 25s 174ms
[Neat] Hard deadline (timeoutMinutes + grace) exceeded — abandoning 0 in-flight task(s)
[WasmWorkerInit] worker=worker-20 outcome=ok handshakeMs=288 cache=hit cacheDir=/Users/nigel/.cache/neat-ai/wasm bundleBytes=1042991 bundleLoadMs=2 glueImportMs=12 instantiateMs=2 wasmTotalMs=16 workerError=none
[WasmWorkerInit] worker=worker-21 outcome=ok handshakeMs=426 cache=hit cacheDir=/Users/nigel/.cache/neat-ai/wasm bundleBytes=1042991 bundleLoadMs=2 glueImportMs=12 instantiateMs=2 wasmTotalMs=16 workerError=none
[evolveDir] teardown complete: 12 worker(s) terminated, 0 detached; replay queue drained
[training-skip] summary skipped=0 populationSkipped=0 creatureSkipped=0 otherSkipped=0 improvements=0 regressions=0 noChange=0 neatSkipped=0 regressionRate=0 (#4713)
2026-10-09T04:40:59.673Z [INFO] [Learn] [pid-58019] Evolution of 1 generation in 31m 31s, averaging 31m 30s 578ms
2026-10-09T04:40:59.673Z [INFO] [Learn] [pid-58019] [seed] loaded=29 skipped=0 kept=29 dropped=0 populationSize=20 dir=.creatures (#4300)
2026-10-09T04:40:59.673Z [INFO] [Learn] [pid-58019] [seed] best=cluster.json@0.4332456917925524 worst-kept=4.json@-Infinity best-dropped=none (#4300)
2026-10-09T04:40:59.673Z [WARN] [Learn] [pid-58019] model training over-run: elapsed 31m 30s vs expected 12m — stopping further generations; results committed (#4141)
2026-10-09T04:40:59.829Z [INFO] [saveValidatedCreatureExport] [pid-58019] [forward-only] saved file=.network-sampler.json
[checkin-reserve] overrun: loop 5 Learn ran 31m35s against --timeout=12 min (overran 19m35s); sized with 129m23s left, launched with 119m09s left (10m14s consumed before launch) (#4872)
[result-metadata] stamped .result-sampler.json with samplerBuildTimeMs=33735
ℹ️ .trainData-binary_116: removal skipped — leased by pid 17222 (in-use lock held by a live producer/consumer, #3518)
📊 sampler.sh run complete: 92 min, 4 loops
[15:41:01] 📊 Performance recorded: 1 generations in 1890578ms, 520 training files, 8445 neurons, 57359 synapses, score 0.41476081869602216, NEAT-AI 7.0.51, CPUs 10, load 20.42/21.42/21.67, RAM 32GB, available 28835MB, ext 116, mode sampler-mcmc, pop 20 (requested 20), sampleRate 1, sparseRatio 0.075, fitnessSampleRate 1, prep 4834ms, samplerBuild 33735ms
📊 Sampler stats row: GRQ-11
[main 8aaa332] 📊 Sampler stats row: GRQ-11
 1 file changed, 1 insertion(+)
🔄 [cluster] Push rejected (attempt 1/12) - fetching and rebasing
! [rejected]        main -> main (fetch first)
error: failed to push some refs to 'github.com:stSoftwareAU/GRQ-sampler.git'
From github.com:stSoftwareAU/GRQ-sampler
   a939f12..43d82f7  main       -> origin/main
Rebasing (1/1)Successfully rebased and updated refs/heads/main.
⏳ [cluster] Retrying push in 6s...
GIT-OP: [sampler-stats] git push ok in 3s (attempt 1/3, timeout=600s)
To github.com:stSoftwareAU/GRQ-sampler.git
   43d82f7..36cd9bb  main -> main
[15:41:17] 📦 checkin-sample.sh on host GRQ-11 (via sampler.sh)
⚠️ [neat-ai-version] GRQ-teams archive /Users/nigel/src/GRQ-teams is not a directory — cannot compare against the fleet release (running 7.0.51) (#4286)
GIT-OP: [checkin-sample] git pull ok in 3s (attempt 1/3, timeout=600s)
Already up to date.
[15:41:20] 🧭 check-in provenance: caller=sampler.sh host=GRQ-11 since-previous=98m 41s
[scoring-provenance] host=GRQ-11 path=confirm data=trainData-binary_116 data_sha=6df6f4c5b82433163effbe651eafc9515b244223bf65f1934caf7da0dfc17fc7 scorer=native scorer_sha=6049b4f82c62a3dc99998d64edee2cb4992e9cdbb4e8ca7106fe33b0e22a2ba5 neat_ai=7.0.51 core_sha=58b8842066d9a1b640c4ba9551074f4432fb891f core_dirty=no scorer_src_sha=f044b409b6cf1e12a1d457b73f9a1aa41f6c9005 scorer_src_dirty=no
[neat-ai] running version 7.0.51
2026-10-09T04:42:22.069Z [INFO] [ConfirmScore] [pid-70918] ✅ verified Score in 1m 668ms
2026-10-09T04:42:22.070Z [INFO] [ConfirmScore] [pid-70918] [scorer-summary] program=IntelligentDesign.ConfirmScore rust=1 wasm=0 worker-pool-size=0 peak-concurrent=1 elapsed=61s
[checkin-confirm] host=GRQ-11 creature=/Users/nigel/src/GRQ/worker/../.creatures/1.json claimed=0.41476081869602216 confirmed=0.41476081869602216 delta=0 rel=0 budget=1800s bound=timeout (#4372)
🧬 [provenance-tags] checkin-confirm: 1.json scoreVerified=confirm:0.41476081869602216 (#4374)
[15:42:24] [checkin-stage] caller=sampler.sh host=GRQ-11 creature=/Users/nigel/src/GRQ/worker/../.creatures/1.json score=0.41476081869602216 neurons=8445 synapses=57359 baseline=samples/GRQ-11-1.json previous=0.400756944520156 (#4299)
[checkin-floor] accept baseline=samples/GRQ-11-1.json previous=0.400756944520156 candidate=0.41476081869602216 max_drop=25% drop=-3.49% reason=within-floor (#4299)
[checkin-ceiling] accept baseline=samples/GRQ-11-1.json previous=0.400756944520156 candidate=0.41476081869602216 max_gain=10% gain=3.49% reason=within-ceiling (#4373)
🧬 [provenance-tags] checkin-sample: GRQ-11-1.json stamped scorerSha=6049b4f82c62a3dc99998d64edee2cb4992e9cdbb4e8ca7106fe33b0e22a2ba5 dataSha=6df6f4c5b82433163effbe651eafc9515b244223bf65f1934caf7da0dfc17fc7 neatAi=7.0.51 (#4374)
[15:42:32] ✅ Committing 🦠 GRQ-11 🎯, Score: 0.414761
[main 39a20aa] 🦠 GRQ-11 🎯, Score: 0.414761, Neurons: 8,445 & Synapses: 57,359
 1 file changed, 1152 insertions(+), 607 deletions(-)
GIT-OP: [checkin-sample] git push ok in 3s (attempt 1/3, timeout=600s)
To github.com:stSoftwareAU/GRQ-sampler.git
   36cd9bb..39a20aa  main -> main
[training-outcomes] tasks=21 scheduled=22 completed=9 timedOut=0 abandoned=4 aborted=0 rejected=7 inFlight=1 maxConsecutiveTimeouts=0 maxConsecutiveRegressions=3 maxConsecutiveNoProgress=4 threshold=3 regressionThreshold=3 improved=5 regressed=8 noChange=1 unknownImprovement=7 skipped=0 populationSkipped=0 skipSource=event-summary populationGate=6
[training-outcomes] task=78781d71 outcome=completed lastSampleError=unknown errorBefore=0.5884600506457192 errorAfter=0.5885730545103384 improvement=regressed delta=-0.000113 reason=result-returned
[training-outcomes] task=39ca09d5 outcome=completed lastSampleError=unknown errorBefore=0.5885762539519455 errorAfter=0.5907411235568016 improvement=improved delta=fine-tuned reason=fine-tune-recovered
[training-outcomes] task=7a8b7ae1 outcome=completed lastSampleError=unknown errorBefore=unknown errorAfter=unknown improvement=unknown delta=unknown reason=result-returned
[training-outcomes] task=fba92348 outcome=rejected lastSampleError=unknown errorBefore=0.5984284916216862 errorAfter=0.6085085059394344 improvement=regressed delta=0.6085085059394344 reason=higher-error-discarded
[training-outcomes] task=56172e80 outcome=completed lastSampleError=unknown errorBefore=0.5984776187431768 errorAfter=0.5984776187431768 improvement=no_change delta=0 reason=result-returned
[training-outcomes] task=b55065cd outcome=completed lastSampleError=unknown errorBefore=unknown errorAfter=unknown improvement=unknown delta=unknown reason=result-returned
[training-outcomes] task=b72bc45a outcome=rejected lastSampleError=unknown errorBefore=0.5884600506457192 errorAfter=0.6815768824783711 improvement=regressed delta=0.6815768824783711 reason=higher-error-discarded
[training-outcomes] task=7427695d outcome=rejected lastSampleError=unknown errorBefore=0.5884600468350284 errorAfter=0.6739303733891889 improvement=regressed delta=0.6739303733891889 reason=higher-error-discarded
[training-outcomes] task=45729446 outcome=completed lastSampleError=unknown errorBefore=0.5885730545103384 errorAfter=0.5885305389812011 improvement=improved delta=0.0000425 reason=result-returned
[training-outcomes] task=c50913c7 outcome=completed lastSampleError=unknown errorBefore=0.5885762539457626 errorAfter=0.5882073420275179 improvement=improved delta=0.000369 reason=result-returned
[training-outcomes] task=2cb24d1d outcome=completed lastSampleError=unknown errorBefore=0.5961478376786095 errorAfter=0.5943327952090715 improvement=improved delta=0.00182 reason=result-returned
[training-outcomes] task=5588f2ad outcome=completed lastSampleError=unknown errorBefore=0.5884600468350284 errorAfter=0.5882128797916509 improvement=improved delta=0.000247 reason=result-returned
[training-outcomes] task=603299be outcome=rejected lastSampleError=unknown errorBefore=0.596023701192042 errorAfter=0.6076565869469513 improvement=regressed delta=0.6076565869469513 reason=higher-error-discarded
[training-outcomes] task=26f397f1 outcome=in_flight lastSampleError=unknown errorBefore=unknown errorAfter=unknown improvement=unknown delta=unknown reason=log-ended
[training-outcomes] task=40edc19f outcome=rejected lastSampleError=unknown errorBefore=0.5884600468350284 errorAfter=0.6701215379100258 improvement=regressed delta=0.6701215379100258 reason=higher-error-discarded
[training-outcomes] task=5f795181 outcome=rejected lastSampleError=unknown errorBefore=0.5885305389812011 errorAfter=0.5938607295002606 improvement=regressed delta=0.5938607295002606 reason=higher-error-discarded
[training-outcomes] task=b62540c6 outcome=abandoned lastSampleError=unknown errorBefore=unknown errorAfter=unknown improvement=unknown delta=unknown reason=watchdog-abandoned
[training-outcomes] task=636e8d87 outcome=rejected lastSampleError=unknown errorBefore=0.5844325478533285 errorAfter=0.5885287457326652 improvement=regressed delta=0.5885287457326652 reason=higher-error-discarded
[training-outcomes] task=61aedfb2 outcome=abandoned lastSampleError=unknown errorBefore=unknown errorAfter=unknown improvement=unknown delta=unknown reason=worker-cancelled
[training-outcomes] task=b0a7f408 outcome=abandoned lastSampleError=unknown errorBefore=unknown errorAfter=unknown improvement=unknown delta=unknown reason=watchdog-abandoned
[training-outcomes] task=faa6b566 outcome=abandoned lastSampleError=unknown errorBefore=unknown errorAfter=unknown improvement=unknown delta=unknown reason=watchdog-abandoned
[training-outcomes] cancelled task=61aedfb2 worker=worker-11 heldMs=219602 quarantined=yes — the worker never returned a result, so the request was cancelled instead of left in flight (#4489)
[training-outcomes] WARNING abandoned=4 training task(s) hung and were force-abandoned after 4 watchdog event(s) — each returned NO result, so this is a failure, not a benign timeout; ids (×times abandoned): b62540c6×1, 61aedfb2×1, b0a7f408×1, faa6b566×1. cancelled=1 of them were cancelled at the worker — see the cancelled lines above for the worker and elapsed ms (#4489). Creature snapshots for offline repro: see the [training-hang] lines (#4289)
[training-outcomes] WARNING maxConsecutiveNoProgress=4 exceeds threshold=3 — 4 consecutive training tasks regressed or made no progress (target error 0.002 is unreachable by design and is NOT the success condition; do not raise the target or the per-task budget). The population-wide dispatch gate did NOT engage (populationSkipped=0, measured from the NEAT-AI training_skipped events) and could not have: the streak it acts on peaked at maxConsecutiveRegressions=3, below populationGate=6. Streaks in the 4..5 band warn and still dispatch by design — the fleet tolerates them (#4717). Check the population/sample rate and NEAT-AI training-regression skip (#4064/#4082)
[training-hang] abandoned=4 events=4 captured=4 atSchedule=4 captureDir=/Users/nigel/logs/training-hangs (a force-abandoned task returned NO result — this is a failure, not a benign timeout) (#4289)
[training-hang] task=b62540c6 abandonments=1 source=schedule-time creature=/Users/nigel/logs/training-hangs/in-flight/training-task-b62540c6.json captured=/Users/nigel/logs/training-hangs/training-hang-b62540c6.json memeticWeights=absent
[training-hang] task=61aedfb2 abandonments=1 source=schedule-time creature=/Users/nigel/logs/training-hangs/in-flight/training-task-61aedfb2.json captured=/Users/nigel/logs/training-hangs/training-hang-61aedfb2.json memeticWeights=absent
[training-hang] task=b0a7f408 abandonments=1 source=schedule-time creature=/Users/nigel/logs/training-hangs/in-flight/training-task-b0a7f408.json captured=/Users/nigel/logs/training-hangs/training-hang-b0a7f408.json memeticWeights=absent
[training-hang] task=faa6b566 abandonments=1 source=schedule-time creature=/Users/nigel/logs/training-hangs/in-flight/training-task-faa6b566.json captured=/Users/nigel/logs/training-hangs/training-hang-faa6b566.json memeticWeights=absent
[training-hang] atSchedule=4 of 4 is NOT judged a regression: GRQ_TRAINING_HANG_CAPTURE_MIN_NEAT_AI is unset, so no release is claimed to KEEP a hung task's schedule-time capture — the running @stsoftware/neat-ai 7.0.51 writes one at schedule time (NEAT-AI #4022) and removes it when the task settles, and GRQ #4489 settles an abandoned task by cancelling it, so /Users/nigel/logs/training-hangs/in-flight is emptied for exactly the hung set. Set the floor to the release carrying NEAT-AI fix/grq-4794-capture-survives-cancellation and an empty capture turns the run red (GRQ #4802, #4794)
[scorer-engine-split] splits=0 firstReason=none
[stage-failure-health] failures=0 firstStage=none firstExitCode=0 firstHitLine=0
[diagnostics] dir=/Users/nigel/src/GRQ/worker/../.diagnostics files=1 (#4283)
[diagnostics] file=sampler-run-summary.txt bytes=88 mtime=2026-10-09T04:41:01Z head="sampler.sh run complete: 92 min, 4 loops host=GRQ-11 timestamp=2026-10-09 15:41:01 AEDT"
GIT-OP: [reset] git fetch ok in 3s (attempt 1/3, timeout=600s)
From github.com:stSoftwareAU/GRQ
   a4a8716d6..29221996e  issue-5199-inject-a-clock-into-runimprovesquashpass-and-drive -> origin/issue-5199-inject-a-clock-into-runimprovesquashpass-and-drive
HEAD is now at 2425bc4ce Remove the TS portfolio scenario backtester (#5207) (#5208)
[fetch-phase] GRQ-health phase=graded-self-heal duration_secs=0
[fetch-phase] GRQ-health phase=pre-fetch-cleanup duration_secs=0
[fetch-phase] GRQ-health phase=prefetch-staleness-check duration_secs=3
[fetch-phase] GRQ-health phase=fetch duration_secs=3
GIT-OP: [model_fetch GRQ-health] git fetch ok in 3s (attempt 1/6, timeout=none)
From github.com:stSoftwareAU/GRQ-health
   009b62468d..42fac93686  Develop    -> origin/Develop
HEAD is now at 42fac93686 Update health status for GRQ-21 at Fri Oct  9 15:40:49 AEDT 2026
branch 'Develop' set up to track 'origin/Develop'.
Your branch is up to date with 'origin/Develop'.
[fetch-phase] GRQ-health phase=reset-checkout duration_secs=0
📦 [feed-repo-size] repo=GRQ-health size-pack-kib=1107250 head-tree-kib=unmeasured ratio=n/a threshold=3 promisor=false action=none
[fetch-phase] GRQ-health phase=compaction-size-measurement duration_secs=0
[fetch-phase] GRQ-health phase=shallow-history-reclaim duration_secs=0
✅ GRQ-health synced with remote (validation skipped)
[fetch-phase] GRQ-health phase=validation duration_secs=0
🩺 [health_sync] entry repo=/Users/nigel/src/GRQ-health branch=Develop local_ahead=0 behind=0
🩺 [health_sync] decision path=noop
🩺 [health_sync] result status=ok
Updating health information...
Already up to date.
Updated health information for GRQ-11
