[0m[32mCheck[0m src/v/TrainV97.ts
[0m[32mCheck[0m src/v/TrainV98.ts
[0m[32mCheck[0m src/v/TrainV99.ts
[0m[32mCheck[0m src/v/Utilities.ts
[0m[32mCheck[0m src/v/V116/Candles.ts
[0m[32mCheck[0m src/v/V116/Drawdown.ts
[0m[32mCheck[0m src/v/V116/Fourier.ts
[0m[32mCheck[0m src/v/V116/LogEpsGrowth.ts
[0m[32mCheck[0m src/v/V116/NewsVolume.ts
[0m[32mCheck[0m src/v/V116/ValuationStretch.ts
[0m[32mCheck[0m src/v/VersionManager.ts
[0m[32mCheck[0m src/v/WUI/TrainV87.ts
[0m[32mCheck[0m src/v/WUI/Utilities.ts
[0m[32mCheck[0m src/validation/ScoresIndexGuard.ts
[0m[32mCheck[0m src/wasmAutoInitGuard.ts
[0m[32mCheck[0m test/Annualize/IncomeStatement.ts
[0m[32mCheck[0m test/BHP.ts
[0m[32mCheck[0m test/BetterResult.ts
[0m[32mCheck[0m test/BumpDeps.ts
[0m[32mCheck[0m test/Buyer.ts
[0m[32mCheck[0m test/BuyerVolumeGuards.ts
[0m[32mCheck[0m test/CPIImputationRegression.ts
[0m[32mCheck[0m test/CRISPR.ts
[0m[32mCheck[0m test/CargoUpgradeQuarantine.ts
[0m[32mCheck[0m test/CoreModuleDocs.ts
[0m[32mCheck[0m test/CreatureActivation.ts
[0m[32mCheck[0m test/DedupWarner.ts
[0m[32mCheck[0m test/Delisted/CBD.ts
[0m[32mCheck[0m test/Discovery/ScanHeapRelease.ts
[0m[32mCheck[0m test/Discovery/ScanRustBudgetRunSh.ts
[0m[32mCheck[0m test/Discovery/ScanWatchdog.ts
[0m[32mCheck[0m test/DnaMatchInspectCli.ts
[0m[32mCheck[0m test/EPS.ts
[0m[32mCheck[0m test/FXRecoveryLogLevel_test.ts
[0m[32mCheck[0m test/History.ts
[0m[32mCheck[0m test/Industry/AllValidIndustries.ts
[0m[32mCheck[0m test/IntelligentDesign/ImproveSquashAlternativeMessage_test.ts
[0m[32mCheck[0m test/IntelligentDesign/run_fetch_test.ts
[0m[32mCheck[0m test/IntrinsticValue/CRESY.ts
[0m[32mCheck[0m test/IntrinsticValue/SONY.ts
[0m[32mCheck[0m test/JovianDnaCli.ts
[0m[32mCheck[0m test/LearnUtilPrecompute.ts
[0m[32mCheck[0m test/LimitOrderCreator.ts
[0m[32mCheck[0m test/LimitOrderScanner.ts
[0m[32mCheck[0m test/Location.ts
[0m[32mCheck[0m test/Market.ts
[0m[32mCheck[0m test/MarketModuleDocs.ts
[0m[32mCheck[0m test/MissingDividends.ts
[0m[32mCheck[0m test/ModelSanitizer.ts
[0m[32mCheck[0m test/OBV.ts
[0m[32mCheck[0m test/PidGuardParseEtime.ts
[0m[32mCheck[0m test/PidGuardRespawnRace.ts
[0m[32mCheck[0m test/PidGuardStaleProgressOnly.ts
[0m[32mCheck[0m test/PidGuardTerminateTree.ts
[0m[32mCheck[0m test/Portfolio.ts
[0m[32mCheck[0m test/PublicModuleDocs2790.ts
[0m[32mCheck[0m test/RecoveryEmojiPolicy_test.ts
[0m[32mCheck[0m test/ScoreNaNRegression.ts
[0m[32mCheck[0m test/Sector.ts
[0m[32mCheck[0m test/SeededName.ts
[0m[32mCheck[0m test/Shell.ts
[0m[32mCheck[0m test/ShellcheckGateBaseline_test.ts
[0m[32mCheck[0m test/StopOrderCreator.ts
[0m[32mCheck[0m test/StopOrderScanner.ts
[0m[32mCheck[0m test/TeamDnaCli.ts
[0m[32mCheck[0m test/TeamSeedCreature.ts
[0m[32mCheck[0m test/TrainingDataErrorLabelPrefix.ts
[0m[32mCheck[0m test/TrainingDataFiniteRegression.ts
[0m[32mCheck[0m test/Upgrade.ts
[0m[32mCheck[0m test/UpgradeScorePreservation.ts
[0m[32mCheck[0m test/V38.ts
[0m[32mCheck[0m test/Valid.ts
[0m[32mCheck[0m test/auditCreatureForwardOnly.ts
[0m[32mCheck[0m test/cache/CacheConcurrency.ts
[0m[32mCheck[0m test/cache/CacheManager.ts
[0m[32mCheck[0m test/cache/CacheMonthly.ts
[0m[32mCheck[0m test/cache/concurrentStoreWorker.ts
[0m[32mCheck[0m test/cache_clear_before_each.ts
[0m[32mCheck[0m test/cleanup_cache_mkdir.ts
[0m[32mCheck[0m test/data/portfolio/mockWorker.ts
[0m[32mCheck[0m test/data/portfolio/stubbornWorker.ts
[0m[32mCheck[0m test/exchange/EvolveAppShutdown.ts
[0m[32mCheck[0m test/exchange/EvolvePopulationSize.ts
[0m[32mCheck[0m test/fx/FXPredictionUtils.ts
[0m[32mCheck[0m test/fx/FXTrainingData.ts
[0m[32mCheck[0m test/fx/FXValidationFramework.ts
[0m[32mCheck[0m test/fx/FXValidationPipeline.ts
[0m[32mCheck[0m test/fx/FXValidationUtils.ts
[0m[32mCheck[0m test/fx/NormalizedFXData.ts
[0m[32mCheck[0m test/fx/validateModel.ts
[0m[32mCheck[0m test/fx/validateScalingConfig.ts
[0m[32mCheck[0m test/helpers/captureLog.ts
[0m[32mCheck[0m test/helpers/copySharedScripts.ts
[0m[32mCheck[0m test/helpers/isolatedDiagnostics.ts
[0m[32mCheck[0m test/helpers/isolatedStageFailure.ts
[0m[32mCheck[0m test/helpers/loadScaledTimeout.ts
[0m[32mCheck[0m test/helpers/memoryCalcFormula.ts
[0m[32mCheck[0m test/loadAndRepairCreature.ts
[0m[32mCheck[0m test/portfolio/DiagnoseLearningApp.ts
[0m[32mCheck[0m test/portfolio/FindRecommendation.ts
[0m[32mCheck[0m test/portfolio/PTP.ts
[0m[32mCheck[0m test/portfolio/ParallelScheduler.ts
[0m[32mCheck[0m test/portfolio/PortfolioWorkerPool.ts
[0m[32mCheck[0m test/portfolio/PortfolioWorkerPoolShutdown.ts
[0m[32mCheck[0m test/portfolio/ScoreApp.ts
[0m[32mCheck[0m test/portfolio/ScoreAppAnalystTargetPrice.ts
[0m[32mCheck[0m test/portfolio/ScoreAppEps.ts
[0m[32mCheck[0m test/portfolio/SortByYield.ts
[0m[32mCheck[0m test/portfolio/Worker.ts
[0m[32mCheck[0m test/portfolio/terminalStatus.ts
[0m[32mCheck[0m test/preload_cache_clear.ts
[0m[32mCheck[0m test/retryWithBackoff.ts
[0m[32mCheck[0m test/saveValidatedCreatureExport.ts
[0m[32mCheck[0m test/saveValidatedCreatureExportForwardOnly.ts
[0m[32mCheck[0m test/scorer/CriticalRepoFreshness_test.ts
[0m[32mCheck[0m test/scorer/ScorerRetry_test.ts
[0m[32mCheck[0m test/scorer/ScorerScheduleCli_test.ts
[0m[32mCheck[0m test/statistics/PlateauEfficiency.ts
[0m[32mCheck[0m test/statistics/PlateauEfficiencyCli.ts
[0m[32mCheck[0m test/statistics/PlateauEfficiencySmoke.ts
[0m[32mCheck[0m test/tools/scanCreatureFilesAllowNet.ts
[0m[32mCheck[0m test/tools/scanCreatureFilesNoNeatAi.ts
[0m[32mCheck[0m test/train/ConstantsApp.ts
[0m[32mCheck[0m test/train/EvolveHeapGrowth.ts
[0m[32mCheck[0m test/train/HeapSnapshotDefaultDiskProbe.ts
[0m[32mCheck[0m test/train/SamplerLifecycle_test.ts
[0m[32mCheck[0m test/train/common.ts
[0m[32mCheck[0m test/train/compressTrainingData.ts
[0m[32mCheck[0m test/train/evolveAbortController_test.ts
[0m[32mCheck[0m test/train/evolveExposeGc.ts
[0m[32mCheck[0m test/train/oomStability_2068.ts
[0m[32mCheck[0m test/train/overrun_warn_only.test.ts
[0m[32mCheck[0m test/train/terminalStatus.ts
[0m[32mCheck[0m test/train/wasmMemoryDisposal.ts
[0m[32mCheck[0m test/unit/00_memory_profiler.ts
[0m[32mCheck[0m test/unit/ActionlintWorkflow.ts
[0m[32mCheck[0m test/unit/ArchiveMemberGuard.ts
[0m[32mCheck[0m test/unit/CPIKeyNormalisation.ts
[0m[32mCheck[0m test/unit/CRISPR-alias-resolution.ts
[0m[32mCheck[0m test/unit/CRISPR-legacy-conversion.ts
[0m[32mCheck[0m test/unit/CRISPR-macd.ts
[0m[32mCheck[0m test/unit/CRISPR-momentum-volume.ts
[0m[32mCheck[0m test/unit/CRISPR-output-min.ts
[0m[32mCheck[0m test/unit/CRISPR-output-tanh-mimic.ts
[0m[32mCheck[0m test/unit/CRISPR-post-cleave-assertion.ts
[0m[32mCheck[0m test/unit/CRISPR-recommendations-missing.ts
[0m[32mCheck[0m test/unit/CRISPR-recoverable-evolve.ts
[0m[32mCheck[0m test/unit/CRISPR-rsi.ts
[0m[32mCheck[0m test/unit/CRISPR-sentiment-divergence.ts
[0m[32mCheck[0m test/unit/CRISPR-sma-crossover.ts
[0m[32mCheck[0m test/unit/CRISPR-subdirectory-format.ts
[0m[32mCheck[0m test/unit/CRISPR-uuid-format-validation.ts
[0m[32mCheck[0m test/unit/CRISPR-value-trap.ts
[0m[32mCheck[0m test/unit/CRISPR-yield-curve.ts
[0m[32mCheck[0m test/unit/CargoQualityWorkflow.ts
[0m[32mCheck[0m test/unit/CargoRepositoryDeclared.ts
[0m[32mCheck[0m test/unit/CargoUpgradeEmergencyBypass.ts
[0m[32mCheck[0m test/unit/CargoUpgradeWorkflow.ts
[0m[32mCheck[0m test/unit/CashFlowFields_test.ts
[0m[32mCheck[0m test/unit/CodeOwnersCoverage.ts
[0m[32mCheck[0m test/unit/CompareScenarios.ts
[0m[32mCheck[0m test/unit/Convert.ts
[0m[32mCheck[0m test/unit/CorruptCreatureRegistry.ts
[0m[32mCheck[0m test/unit/DeadDependencyBytes.ts
[0m[32mCheck[0m test/unit/DenoAuditWorkflow.ts
[0m[32mCheck[0m test/unit/DenoImportsLocked.ts
[0m[32mCheck[0m test/unit/DenoLintRecommended.ts
[0m[32mCheck[0m test/unit/DenoLockfileEnabled.ts
[0m[32mCheck[0m test/unit/DependabotConfig.ts
[0m[32mCheck[0m test/unit/DependencyReviewWorkflow.ts
[0m[32mCheck[0m test/unit/DetectTrianglePatterns.ts
[0m[32mCheck[0m test/unit/DiagnosticsDirOverride.ts
[0m[32mCheck[0m test/unit/DiagnosticsLeakGuard.ts
[0m[32mCheck[0m test/unit/Difference.ts
[0m[32mCheck[0m test/unit/Discovery/AwaitCleanupOnCritical.ts
[0m[32mCheck[0m test/unit/Discovery/MemoryPressureVerification.ts
[0m[32mCheck[0m test/unit/Discovery/PruneDiscoveryCaches.ts
[0m[32mCheck[0m test/unit/Discovery/Replay.ts
[0m[32mCheck[0m test/unit/Discovery/ReplayRunReplay.ts
[0m[32mCheck[0m test/unit/Discovery/ReplayWorkerWasmReady.ts
[0m[32mCheck[0m test/unit/Discovery/Rescore.ts
[0m[32mCheck[0m test/unit/Discovery/RescoreCorruption.ts
[0m[32mCheck[0m test/unit/Discovery/RescoreHealOnLoad.ts
[0m[32mCheck[0m test/unit/Discovery/Scan.ts
[0m[32mCheck[0m test/unit/Discovery/ScanCorruptedCreature.ts
[0m[32mCheck[0m test/unit/Discovery/ScanFocusRankingMemoryBudget.ts
[0m[32mCheck[0m test/unit/Discovery/ScanHealOnLoad.ts
[0m[32mCheck[0m test/unit/Discovery/ScanQuarantine.ts
[0m[32mCheck[0m test/unit/Discovery/ScanRustMemoryBudget.ts
[0m[32mCheck[0m test/unit/Discovery/ScanTuning.ts
[0m[32mCheck[0m test/unit/Discovery/ScorerSummary.ts
[0m[32mCheck[0m test/unit/Discovery/fixOutputNeuronUUIDs.ts
[0m[32mCheck[0m test/unit/Discovery/logFormatter.ts
[0m[32mCheck[0m test/unit/DnaMatchInspect.ts
[0m[32mCheck[0m test/unit/EarlyRejection.ts
[0m[32mCheck[0m test/unit/EvolveSaveForwardOnly.ts
[0m[32mCheck[0m test/unit/FollowTheGradient.ts
[0m[32mCheck[0m test/unit/FollowTheGradientNewParams.ts
[0m[32mCheck[0m test/unit/GitleaksWorkflow.ts
[0m[32mCheck[0m test/unit/GtcPriceSmoothing.ts
[0m[32mCheck[0m test/unit/HealOnLoadDomains.ts
[0m[32mCheck[0m test/unit/History/errorHandling_test.ts
[0m[32mCheck[0m test/unit/History/loadHistoryCacheChunks_test.ts
[0m[32mCheck[0m test/unit/Industry/IndustryMappingNewIndustries.ts
[0m[32mCheck[0m test/unit/Industry/IndustryMappingProfessionalCommercialServices.ts
[0m[32mCheck[0m test/unit/IntelligentDesign/RecurrentSynapseAtSave.ts
[0m[32mCheck[0m test/unit/IntelligentDesign/ScorerCounters_test.ts
[0m[32mCheck[0m test/unit/IntelligentDesign/TacitKnowledgeBackpressure_test.ts
[0m[32mCheck[0m test/unit/IntelligentDesign/TacitKnowledgeKnowledge_test.ts
[0m[32mCheck[0m test/unit/IntelligentDesign/UpgradeForwardOnly.ts
[0m[32mCheck[0m test/unit/IntelligentDesign/WorkerPool_test.ts
[0m[32mCheck[0m test/unit/IntelligentDesign/batchRustScore_test.ts
[0m[32mCheck[0m test/unit/IntelligentDesign/improveSquashCannotFit_test.ts
[0m[32mCheck[0m test/unit/IntelligentDesign/improveSquashWorkingSet_test.ts
[0m[32mCheck[0m test/unit/IntelligentDesign/loadBestCreature_test.ts
[0m[32mCheck[0m test/unit/IntelligentDesign/parseImproveSquashList_test.ts
[0m[32mCheck[0m test/unit/IntelligentDesign/readTacitKnowledgeJson_test.ts
[0m[32mCheck[0m test/unit/IntelligentDesign/recordImprovement_test.ts
[0m[32mCheck[0m test/unit/IntelligentDesign/runImproveSquashPassChunking_test.ts
[0m[32mCheck[0m test/unit/IntelligentDesign/runImproveSquashPass_test.ts
[0m[32mCheck[0m test/unit/IntelligentDesign/safeRemoveSync_test.ts
[0m[32mCheck[0m test/unit/IntelligentDesign/selectScannableNeurons_test.ts
[0m[32mCheck[0m test/unit/IntelligentDesign/shuffleNeurons_test.ts
[0m[32mCheck[0m test/unit/IntelligentDesign/squashWeights_test.ts
[0m[32mCheck[0m test/unit/IntelligentDesign/updateCheatSheet_test.ts
[0m[32mCheck[0m test/unit/IntrinsticValue/TFPM.ts
[0m[32mCheck[0m test/unit/Issue2160RocketSnapshot.ts
[0m[32mCheck[0m test/unit/JovianDna.ts
[0m[32mCheck[0m test/unit/Learn/LearnCriticalAbort.ts
[0m[32mCheck[0m test/unit/Learn/TeamsMemProfile.ts
[0m[32mCheck[0m test/unit/Learn/TeamsMemProfileIntegration.ts
[0m[32mCheck[0m test/unit/LearnCostName.ts
[0m[32mCheck[0m test/unit/LearnCreatureTraceIntegration.ts
[0m[32mCheck[0m test/unit/LearnHeavyTaskWorkerCount.ts
[0m[32mCheck[0m test/unit/LearnUtil.ts
[0m[32mCheck[0m test/unit/LicenceDeclared.ts
[0m[32mCheck[0m test/unit/LoadScaledTimeout.ts
[0m[32mCheck[0m test/unit/MakeDateUTCRegression.ts
[0m[32mCheck[0m test/unit/MakeResultsPriceValidation.ts
[0m[32mCheck[0m test/unit/MarkdownLintWorkflow.ts
[0m[32mCheck[0m test/unit/MarketClearRegistration.ts
[0m[32mCheck[0m test/unit/MarketFinancialsGetEarnings.ts
[0m[32mCheck[0m test/unit/MarketFinancialsStatementPublication.ts
[0m[32mCheck[0m test/unit/MarketPriceDataDelisting.ts
[0m[32mCheck[0m test/unit/MarketPriceDataStability.ts
[0m[32mCheck[0m test/unit/MarketPriceDataWeekEnd.ts
[0m[32mCheck[0m test/unit/MarketPriceDataYearCache.ts
[0m[32mCheck[0m test/unit/MarketStockInfo.ts
[0m[32mCheck[0m test/unit/ModelSanitizerForwardOnly.ts
[0m[32mCheck[0m test/unit/ModelSanitizerMemeticFallback.ts
[0m[32mCheck[0m test/unit/NeatAiAggregateSquashFixPin.ts
[0m[32mCheck[0m test/unit/NeatAiCacheFirstWasmPin.ts
[0m[32mCheck[0m test/unit/NetworkUtil.ts
[0m[32mCheck[0m test/unit/NetworkUtilLoad.ts
[0m[32mCheck[0m test/unit/NumericGuard.ts
[0m[32mCheck[0m test/unit/ObservationProposalSquashRequirement.ts
[0m[32mCheck[0m test/unit/ObservationsEffectiveShape.ts
[0m[32mCheck[0m test/unit/OptionsErrorObjects.ts
[0m[32mCheck[0m test/unit/OverfittingSignals.ts
[0m[32mCheck[0m test/unit/OverviewNewFields.ts
[0m[32mCheck[0m test/unit/ParameterMutationNewFields.ts
[0m[32mCheck[0m test/unit/PlainDates.ts
[0m[32mCheck[0m test/unit/PortfolioOptions.ts
[0m[32mCheck[0m test/unit/PortfolioUtils.ts
[0m[32mCheck[0m test/unit/PriceValidator.ts
[0m[32mCheck[0m test/unit/QualityShellcheckGate.ts
[0m[32mCheck[0m test/unit/QualityWorkflowAutofixDependabotGuard.ts
[0m[32mCheck[0m test/unit/QualityWorkflowAutofixIsolation.ts
[0m[32mCheck[0m test/unit/QualityWorkflowDenoQuarantine.ts
[0m[32mCheck[0m test/unit/QualityWorkflowImpactedTestJob.ts
[0m[32mCheck[0m test/unit/QualityWorkflowLeastPrivilege.ts
[0m[32mCheck[0m test/unit/QualityWorkflowPinning.ts
[0m[32mCheck[0m test/unit/QualityWorkflowPushInjection.ts
[0m[32mCheck[0m test/unit/QualityWorkflowUnitTestJob.ts
[0m[32mCheck[0m test/unit/Quarter.ts
[0m[32mCheck[0m test/unit/RandomizeAdjustConfig.ts
[0m[32mCheck[0m test/unit/RandomizeIterationLimit.ts
[0m[32mCheck[0m test/unit/RunPidManager.ts
[0m[32mCheck[0m test/unit/RustLintPosture.ts
[0m[32mCheck[0m test/unit/SanitisedThresholds.ts
[0m[32mCheck[0m test/unit/ScenarioOrder.ts
[0m[32mCheck[0m test/unit/ScoreBalanceCents.ts
[0m[32mCheck[0m test/unit/ScoreStateCurrent.ts
[0m[32mCheck[0m test/unit/ScoresIndexGuard.ts
[0m[32mCheck[0m test/unit/SecurityPolicy.ts
[0m[32mCheck[0m test/unit/SemgrepWorkflow.ts
[0m[32mCheck[0m test/unit/SentimentLoaderCache.ts
[0m[32mCheck[0m test/unit/SpellcheckWorkflowPinning.ts
[0m[32mCheck[0m test/unit/StockCacheVersion.ts
[0m[32mCheck[0m test/unit/StopLoss.ts
[0m[32mCheck[0m test/unit/SymlinkTargetGuard.ts
[0m[32mCheck[0m test/unit/TeamDna.ts
[0m[32mCheck[0m test/unit/ThresholdSanitisationWarnings.ts
[0m[32mCheck[0m test/unit/TieredStopLoss.ts
[0m[32mCheck[0m test/unit/TopologyErrorHandler.ts
[0m[32mCheck[0m test/unit/UnitTestTaskContract.ts
[0m[32mCheck[0m test/unit/VolatilityOptions.ts
[0m[32mCheck[0m test/unit/VolatilitySizing.ts
[0m[32mCheck[0m test/unit/VolumeGuardOptions.ts
[0m[32mCheck[0m test/unit/WorkflowConcurrency.ts
[0m[32mCheck[0m test/unit/atomicWrite.ts
[0m[32mCheck[0m test/unit/auditCreatureArtefacts.ts
[0m[32mCheck[0m test/unit/bench/trainDataStocksLogParser_test.ts
[0m[32mCheck[0m test/unit/cache/CacheRegistry.ts
[0m[32mCheck[0m test/unit/cache/CacheRegistryBounds.ts
[0m[32mCheck[0m test/unit/cache/LRUCache.ts
[0m[32mCheck[0m test/unit/cache/YearDataCache.ts
[0m[32mCheck[0m test/unit/cache/fileLock.ts
[0m[32mCheck[0m test/unit/cache/namedCacheLogging.ts
[0m[32mCheck[0m test/unit/cache/stringIntern.ts
[0m[32mCheck[0m test/unit/cache/trainCacheBounding.ts
[0m[32mCheck[0m test/unit/captureRecurrentSynapseEvidence.ts
[0m[32mCheck[0m test/unit/crispr/prepareAppendCrisprDnaForValidate.ts
[0m[32mCheck[0m test/unit/dateAdjustment.ts
[0m[32mCheck[0m test/unit/enforceForwardOnly.ts
[0m[32mCheck[0m test/unit/equivalence/compareTrainData_test.ts
[0m[32mCheck[0m test/unit/fetchWithRetry.ts
[0m[32mCheck[0m test/unit/forwardOnlyEnforce.ts
[0m[32mCheck[0m test/unit/forwardOnlyLoadEnforcement.ts
[0m[32mCheck[0m test/unit/forwardOnlyProducerSites.ts
[0m[32mCheck[0m test/unit/fundamentalCoverageAudit.ts
[0m[32mCheck[0m test/unit/fx/BinaryDataWriting.ts
[0m[32mCheck[0m test/unit/fx/ClampingStats.ts
[0m[32mCheck[0m test/unit/fx/CostFX.ts
[0m[32mCheck[0m test/unit/fx/DirectoryCleanup.ts
[0m[32mCheck[0m test/unit/fx/DirectoryStructure.ts
[0m[32mCheck[0m test/unit/fx/EvolveAppErrorHandling.ts
[0m[32mCheck[0m test/unit/fx/EvolveAppFilter.ts
[0m[32mCheck[0m test/unit/fx/FXClampingDiagnostics.ts
[0m[32mCheck[0m test/unit/fx/FXHorizonClamp.ts
[0m[32mCheck[0m test/unit/fx/FXOutputRanges.ts
[0m[32mCheck[0m test/unit/fx/FXRateFallback.ts
[0m[32mCheck[0m test/unit/fx/GenerateDailyPredictionsSavePlan.ts
[0m[32mCheck[0m test/unit/fx/HistoricalDataCoverage.ts
[0m[32mCheck[0m test/unit/fx/IncrementalPredictionStore.ts
[0m[32mCheck[0m test/unit/fx/IntelligentDesignFXOutputTacit.ts
[0m[32mCheck[0m test/unit/fx/IntelligentDesignFXScorerReconcile.ts
[0m[32mCheck[0m test/unit/fx/IntelligentDesignFXTacitCombine.ts
[0m[32mCheck[0m test/unit/fx/NormalizedFXCarryForward.ts
[0m[32mCheck[0m test/unit/fx/RecordSizeConsistency.ts
[0m[32mCheck[0m test/unit/fx/SkipReasonAggregator.ts
[0m[32mCheck[0m test/unit/fx/TrainDirLifecycle.ts
[0m[32mCheck[0m test/unit/fx/TrainingDataAccumulation.ts
[0m[32mCheck[0m test/unit/fx/TrainingDataValidation.ts
[0m[32mCheck[0m test/unit/fx/USDCNY_Data_Investigation.ts
[0m[32mCheck[0m test/unit/fx/ValidationMainIndex.ts
[0m[32mCheck[0m test/unit/fx/isKnownFXPair.ts
[0m[32mCheck[0m test/unit/helpers/copySharedScripts_test.ts
[0m[32mCheck[0m test/unit/helpers/readIfExists.ts
[0m[32mCheck[0m test/unit/helpers/readIfExists_test.ts
[0m[32mCheck[0m test/unit/helpers/workflowYaml.ts
[0m[32mCheck[0m test/unit/inspectCreatureExport.ts
[0m[32mCheck[0m test/unit/installCreatureFromJSONCaptureHook.ts
[0m[32mCheck[0m test/unit/interruptTimeouts.ts
[0m[32mCheck[0m test/unit/isSystemLevelError.ts
[0m[32mCheck[0m test/unit/loadAndRepairCreatureConvergence.ts
[0m[32mCheck[0m test/unit/loadAndRepairCreatureTransform.ts
[0m[32mCheck[0m test/unit/location/EvolveAppSymbolFilter.ts
[0m[32mCheck[0m test/unit/log_test.ts
[0m[32mCheck[0m test/unit/mermaid/ExtractMermaidBlocks.ts
[0m[32mCheck[0m test/unit/portfolio/AdaptiveCooldown.ts
[0m[32mCheck[0m test/unit/portfolio/AdaptiveQuantum.ts
[0m[32mCheck[0m test/unit/portfolio/AdaptiveRandomize.ts
[0m[32mCheck[0m test/unit/portfolio/AfterTaxFitness.ts
[0m[32mCheck[0m test/unit/portfolio/AfterTaxTuningExperiment.ts
[0m[32mCheck[0m test/unit/portfolio/AfterTaxValue.ts
[0m[32mCheck[0m test/unit/portfolio/CacheDiagnostics.ts
[0m[32mCheck[0m test/unit/portfolio/ClampDividendDates.ts
[0m[32mCheck[0m test/unit/portfolio/ClampLimitOrders.ts
[0m[32mCheck[0m test/unit/portfolio/CommitMessage.ts
[0m[32mCheck[0m test/unit/portfolio/CompanyTax.ts
[0m[32mCheck[0m test/unit/portfolio/ConvergenceEscape.ts
[0m[32mCheck[0m test/unit/portfolio/ConvergenceReset.ts
[0m[32mCheck[0m test/unit/portfolio/DateUtils.ts
[0m[32mCheck[0m test/unit/portfolio/DiagnoseLearning.ts
[0m[32mCheck[0m test/unit/portfolio/DividendValidation.ts
[0m[32mCheck[0m test/unit/portfolio/DynamicSizing.ts
[0m[32mCheck[0m test/unit/portfolio/EarCalculation.ts
[0m[32mCheck[0m test/unit/portfolio/EarValidation.ts
[0m[32mCheck[0m test/unit/portfolio/ExperimentTrackerPersistence.ts
[0m[32mCheck[0m test/unit/portfolio/FileWriteHandler.ts
[0m[32mCheck[0m test/unit/portfolio/FinancialCalculations.ts
[0m[32mCheck[0m test/unit/portfolio/GtcCsv.ts
[0m[32mCheck[0m test/unit/portfolio/GuidedSearch.ts
[0m[32mCheck[0m test/unit/portfolio/LearnChainsClampVerification1939.ts
[0m[32mCheck[0m test/unit/portfolio/LimitOrderCreatorClampOnLoss.ts
[0m[32mCheck[0m test/unit/portfolio/LocalMinimumAnalysis.ts
[0m[32mCheck[0m test/unit/portfolio/MakeResultsAfterTax.ts
[0m[32mCheck[0m test/unit/portfolio/MakeResultsTaxableEvents.ts
[0m[32mCheck[0m test/unit/portfolio/MissingNetworkGuard.ts
[0m[32mCheck[0m test/unit/portfolio/MonitorWorkerExit.ts
[0m[32mCheck[0m test/unit/portfolio/NetworkRecovery.ts
[0m[32mCheck[0m test/unit/portfolio/NumericalSafety.ts
[0m[32mCheck[0m test/unit/portfolio/ParameterModel.ts
[0m[32mCheck[0m test/unit/portfolio/ParseFactional.ts
[0m[32mCheck[0m test/unit/portfolio/PartialResultsGuard.ts
[0m[32mCheck[0m test/unit/portfolio/PortfolioAdvantageFormula.ts
[0m[32mCheck[0m test/unit/portfolio/RandomizeAppInvalidDir.ts
[0m[32mCheck[0m test/unit/portfolio/RecommendationSignals.ts
[0m[32mCheck[0m test/unit/portfolio/ResultFormatter.ts
[0m[32mCheck[0m test/unit/portfolio/RoundCents.ts
[0m[32mCheck[0m test/unit/portfolio/ScaledProfitTaking.ts
[0m[32mCheck[0m test/unit/portfolio/ScaledProfitTakingOrders.ts
[0m[32mCheck[0m test/unit/portfolio/ScanDividendsTax.ts
[0m[32mCheck[0m test/unit/portfolio/ScenarioCheckpointResume.ts
[0m[32mCheck[0m test/unit/portfolio/ScenarioCountCheck.ts
[0m[32mCheck[0m test/unit/portfolio/ScenarioDefinitions.ts
[0m[32mCheck[0m test/unit/portfolio/ScenarioExecutor.ts
[0m[32mCheck[0m test/unit/portfolio/ScenarioResultValidation.ts
[0m[32mCheck[0m test/unit/portfolio/ScenarioRunner.ts
[0m[32mCheck[0m test/unit/portfolio/StalenessCheck.ts
[0m[32mCheck[0m test/unit/portfolio/StateCompare.ts
[0m[32mCheck[0m test/unit/portfolio/StockVolatility.ts
[0m[32mCheck[0m test/unit/portfolio/TakeProfits.ts
[0m[32mCheck[0m test/unit/portfolio/TaxableEvents.ts
[0m[32mCheck[0m test/unit/portfolio/ThresholdSanitisationWarnings.ts
[0m[32mCheck[0m test/unit/portfolio/TrailingStop.ts
[0m[32mCheck[0m test/unit/portfolio/ValidateGTC.ts
[0m[32mCheck[0m test/unit/portfolio/ValidateMonetaryValues.ts
[0m[32mCheck[0m test/unit/portfolio/ValidateRunCompleteness.ts
[0m[32mCheck[0m test/unit/portfolio/WarmRestart.ts
[0m[32mCheck[0m test/unit/portfolio/buildPortfolioArgs.ts
[0m[32mCheck[0m test/unit/portfolio/isCurrentTradingDay.ts
[0m[32mCheck[0m test/unit/preloadWasmRetry.ts
[0m[32mCheck[0m test/unit/quality/BashSyntaxGateWiring.ts
[0m[32mCheck[0m test/unit/quality_sh_test.ts
[0m[32mCheck[0m test/unit/recurrent-synapse-validation.ts
[0m[32mCheck[0m test/unit/refresh/FundamentalsStalenessGate.ts
[0m[32mCheck[0m test/unit/saveValidatedCreatureExport/ConvertedCallSites.ts
[0m[32mCheck[0m test/unit/saveValidatedCreatureExport/RecurrentSynapseAtSave.ts
[0m[32mCheck[0m test/unit/saveValidatedCreatureExportSelfLoopAssert.ts
[0m[32mCheck[0m test/unit/sbom/DenoSbom.ts
[0m[32mCheck[0m test/unit/sbom/GenerateDenoSbom.ts
[0m[32mCheck[0m test/unit/sbom/SbomWorkflow.ts
[0m[32mCheck[0m test/unit/scorer/NyseSchedule.ts
[0m[32mCheck[0m test/unit/scoringAudit.ts
[0m[32mCheck[0m test/unit/sentimentLoader.ts
[0m[32mCheck[0m test/unit/testing/OverviewLeakage_test.ts
[0m[32mCheck[0m test/unit/tools/EvolutionModeLeaderboard.ts
[0m[32mCheck[0m test/unit/tools/FailureIssueReport.ts
[0m[32mCheck[0m test/unit/tools/repairCreatureExportPure.ts
[0m[32mCheck[0m test/unit/tools/scanCreatureFiles.ts
[0m[32mCheck[0m test/unit/tools/scanCreatureFilesWiring.ts
[0m[32mCheck[0m test/unit/train/DefensiveValidation.ts
[0m[32mCheck[0m test/unit/train/DistributedVerifier_test.ts
[0m[32mCheck[0m test/unit/train/EffectiveExtension.ts
[0m[32mCheck[0m test/unit/train/HeapSnapshotOnPanic.ts
[0m[32mCheck[0m test/unit/train/HeapSnapshotWriter.ts
[0m[32mCheck[0m test/unit/train/LatestYearDeferral.ts
[0m[32mCheck[0m test/unit/train/MemoryAccountant_test.ts
[0m[32mCheck[0m test/unit/train/MemoryPressureSnapshot.ts
[0m[32mCheck[0m test/unit/train/MemoryWatchdog.ts
[0m[32mCheck[0m test/unit/train/MemoryWatchdogPanic.ts
[0m[32mCheck[0m test/unit/train/OomSnapshotInspect.ts
[0m[32mCheck[0m test/unit/train/ParallelTrainDataTimeout.ts
[0m[32mCheck[0m test/unit/train/PrefixSubset_test.ts
[0m[32mCheck[0m test/unit/train/RecordAlignment_test.ts
[0m[32mCheck[0m test/unit/train/RssDiagnostics_test.ts
[0m[32mCheck[0m test/unit/train/RssMonitoring_test.ts
[0m[32mCheck[0m test/unit/train/RustExtensionsShim_test.ts
[0m[32mCheck[0m test/unit/train/RustV60Equivalence_test.ts
[0m[32mCheck[0m test/unit/train/SegmentTimer_test.ts
[0m[32mCheck[0m test/unit/train/SystemMemoryMonitorAdaptive_test.ts
[0m[32mCheck[0m test/unit/train/SystemMemoryMonitorLastSnapshot.ts
[0m[32mCheck[0m test/unit/train/SystemMemoryMonitorPanic.ts
[0m[32mCheck[0m test/unit/train/SystemMemoryMonitorRss.ts
[0m[32mCheck[0m test/unit/train/SystemMemoryMonitor_test.ts
[0m[32mCheck[0m test/unit/train/TrainingDataUtils.ts
[0m[32mCheck[0m test/unit/train/TrainingMemoryDiagnostics_test.ts
[0m[32mCheck[0m test/unit/train/TrainingPerfTracker_test.ts
[0m[32mCheck[0m test/unit/train/WasmRequired.ts
[0m[32mCheck[0m test/unit/train/WorkerProcessor.ts
[0m[32mCheck[0m test/unit/train/capPopulationLoader_test.ts
[0m[32mCheck[0m test/unit/train/clearWasmLruCache.ts
[0m[32mCheck[0m test/unit/train/disposeAllWasmInstances.ts
[0m[32mCheck[0m test/unit/train/disposeWasmInstance.ts
[0m[32mCheck[0m test/unit/train/evolveIterationCleanup.ts
[0m[32mCheck[0m test/unit/train/formatDurationShort_test.ts
[0m[32mCheck[0m test/unit/train/inlineDiscoveryMemory.ts
[0m[32mCheck[0m test/unit/train/memoryProfile.ts
[0m[32mCheck[0m test/unit/train/memoryTuning.ts
[0m[32mCheck[0m test/unit/train/prefixMemoryReset.ts
[0m[32mCheck[0m test/unit/train/schedulerErrorHandling.ts
[0m[32mCheck[0m test/unit/train/schedulerGracefulShutdown.ts
[0m[32mCheck[0m test/unit/train/schedulerPoolStateRecovery.ts
[0m[32mCheck[0m test/unit/train/trainingDiagnosticsOptIn_test.ts
[0m[32mCheck[0m test/unit/train/wasmCacheCap.ts
[0m[32mCheck[0m test/unit/train/wasmCacheCapBounds.ts
[0m[32mCheck[0m test/unit/train/wasmCacheCapMemoryScaling.ts
[0m[32mCheck[0m test/unit/train/workerAutoScale.ts
[0m[32mCheck[0m test/unit/train/workerAutoScaleBounds.ts
[0m[32mCheck[0m test/unit/train/workerAutoScaleConfigurations_test.ts
[0m[32mCheck[0m test/unit/train/workerAutoScaleMemory.ts
[0m[32mCheck[0m test/unit/train/workerHandlerCallback.ts
[0m[32mCheck[0m test/unit/train/workerHandlerCrashRecovery.ts
[0m[32mCheck[0m test/unit/v/AppendOnlyRule.ts
[0m[32mCheck[0m test/unit/v/AuditSummarySchema.ts
[0m[32mCheck[0m test/unit/v/DuplicateMajorVersion.ts
[0m[32mCheck[0m test/unit/v/EconomicIndicatorSchedule.ts
[0m[32mCheck[0m test/unit/v/ExtensionRegistry.ts
[0m[32mCheck[0m test/unit/v/ExtensionVersionPlan.ts
[0m[32mCheck[0m test/unit/v/FeedAuditReports.ts
[0m[32mCheck[0m test/unit/v/FeedRegistry.ts
[0m[32mCheck[0m test/unit/v/FeedRegistryCoverage.ts
[0m[32mCheck[0m test/unit/v/FeedRegistryGate.ts
[0m[32mCheck[0m test/unit/v/LastFinancialQuarter_test.ts
[0m[32mCheck[0m test/unit/v/ObservationRange.ts
[0m[32mCheck[0m test/unit/v/PublicationLag.ts
[0m[32mCheck[0m test/unit/v/SharedTrainHelpersSquash.ts
[0m[32mCheck[0m test/unit/v/SharedTrainHelpers_test.ts
[0m[32mCheck[0m test/unit/v/TrainV60FindMomentum_test.ts
[0m[32mCheck[0m test/unit/v/Utilities.ts
[0m[32mCheck[0m test/unit/v/V38AvailabilityGuard.ts
[0m[32mCheck[0m test/unit/v/V80AvailabilityGuard.ts
[0m[32mCheck[0m test/unit/v/VersionManager.ts
[0m[32mCheck[0m test/unit/v/issue1591_vix_assessment.ts
[0m[32mCheck[0m test/unit/v/issue2388_v80_patch_bump.ts
[0m[32mCheck[0m test/unit/v/v103.ts
[0m[32mCheck[0m test/unit/v/v115.ts
[0m[32mCheck[0m test/unit/worker/DiscoveryHealthStamp.ts
[0m[32mCheck[0m test/unit/worker/GhApiCache.ts
[0m[32mCheck[0m test/unit/worker/GhApiRateLimitLogging.ts
[0m[32mCheck[0m test/unit/worker/RaiseFailureIssueCli.ts
[0m[32mCheck[0m test/unit/worker/ScenarioCountCheckCli.ts
[0m[32mCheck[0m test/unit/worker/StageFailMarkerHelpers.ts
[0m[32mCheck[0m test/unit/worker/StalenessCheckCli.ts
[0m[32mCheck[0m test/unit/worker/WorkerSourcePathsExist.ts
[0m[32mCheck[0m test/v/AggregateModelLeakage.ts
[0m[32mCheck[0m test/v/AggregateModelPointInTime.ts
[0m[32mCheck[0m test/v/AggregateModelWalkForward.ts
[0m[32mCheck[0m test/v/AggregateVintageSelector.ts
[0m[32mCheck[0m test/v/CommodityFutureDataLeakage.ts
[0m[32mCheck[0m test/v/FutureDataLeakage.ts
[0m[32mCheck[0m test/v/FutureDataLeakageEconomic.ts
[0m[32mCheck[0m test/v/FutureDataLeakageInsider.ts
[0m[32mCheck[0m test/v/FutureDataLeakageOther.ts
[0m[32mCheck[0m test/v/ObservationRange.ts
[0m[32mCheck[0m test/v/ObservationValueStability.ts
[0m[32mCheck[0m test/v/OverviewLeakageExamples.ts
[0m[32mCheck[0m test/v/OverviewLeakageResidual.ts
[0m[32mCheck[0m test/v/TrainV74CagrEncapsulation.ts
[0m[32mCheck[0m test/v/TrainV74Encapsulation.ts
[0m[32mCheck[0m test/v/V116/Candles.ts
[0m[32mCheck[0m test/v/V116/Drawdown.ts
[0m[32mCheck[0m test/v/V116/Fourier.ts
[0m[32mCheck[0m test/v/V116/LogEpsGrowth.ts
[0m[32mCheck[0m test/v/V116/NewsVolume.ts
[0m[32mCheck[0m test/v/V116/ValuationStretch.ts
[0m[32mCheck[0m test/v/issue1589_commodity_assessment.ts
[0m[32mCheck[0m test/v/issue1590_insider_assessment.ts
[0m[32mCheck[0m test/v/v04.ts
[0m[32mCheck[0m test/v/v100.ts
[0m[32mCheck[0m test/v/v101.ts
[0m[32mCheck[0m test/v/v102.ts
[0m[32mCheck[0m test/v/v104.ts
[0m[32mCheck[0m test/v/v105.ts
[0m[32mCheck[0m test/v/v106.ts
[0m[32mCheck[0m test/v/v107.ts
[0m[32mCheck[0m test/v/v108.ts
[0m[32mCheck[0m test/v/v109.ts
[0m[32mCheck[0m test/v/v110.ts
[0m[32mCheck[0m test/v/v111.ts
[0m[32mCheck[0m test/v/v112.ts
[0m[32mCheck[0m test/v/v113.ts
[0m[32mCheck[0m test/v/v114.ts
[0m[32mCheck[0m test/v/v68_precompute.ts
[0m[32mCheck[0m test/v/v74_precompute.ts
[0m[32mCheck[0m test/v/v83.ts
[0m[32mCheck[0m test/v/v84.ts
[0m[32mCheck[0m test/v/v85.ts
[0m[32mCheck[0m test/v/v86.ts
[0m[32mCheck[0m test/v/v87.ts
[0m[32mCheck[0m test/v/v88.ts
[0m[32mCheck[0m test/v/v88_precompute.ts
[0m[32mCheck[0m test/v/v89.ts
[0m[32mCheck[0m test/v/v90.ts
[0m[32mCheck[0m test/v/v91.ts
[0m[32mCheck[0m test/v/v92.ts
[0m[32mCheck[0m test/v/v93.ts
[0m[32mCheck[0m test/v/v94.ts
[0m[32mCheck[0m test/v/v95.ts
[0m[32mCheck[0m test/v/v96.ts
[0m[32mCheck[0m test/v/v97.ts
[0m[32mCheck[0m test/v/v98.ts
[0m[32mCheck[0m test/v/v99.ts
[0m[32mCheck[0m test/v04.ts
[0m[32mCheck[0m test/v09.ts
[0m[32mCheck[0m test/v11.ts
[0m[32mCheck[0m test/v14.ts
[0m[32mCheck[0m test/v15.ts
[0m[32mCheck[0m test/v16.ts
[0m[32mCheck[0m test/v18.ts
[0m[32mCheck[0m test/v18ModelCache.ts
[0m[32mCheck[0m test/v20.ts
[0m[32mCheck[0m test/v31.ts
[0m[32mCheck[0m test/v33.ts
[0m[32mCheck[0m test/v42.ts
[0m[32mCheck[0m test/v51.ts
[0m[32mCheck[0m test/v52.ts
[0m[32mCheck[0m test/v55.ts
[0m[32mCheck[0m test/v56.ts
[0m[32mCheck[0m test/v57.ts
[0m[32mCheck[0m test/v58.ts
[0m[32mCheck[0m test/v59.ts
[0m[32mCheck[0m test/v60.ts
[0m[32mCheck[0m test/v61.ts
[0m[32mCheck[0m test/v62.ts
[0m[32mCheck[0m test/v62_months_optimisation.ts
[0m[32mCheck[0m test/v63.ts
[0m[32mCheck[0m test/v64.ts
[0m[32mCheck[0m test/v64ModelCache.ts
[0m[32mCheck[0m test/v65.ts
[0m[32mCheck[0m test/v67.ts
[0m[32mCheck[0m test/v68.ts
[0m[32mCheck[0m test/v69-cache.ts
[0m[32mCheck[0m test/v69.ts
[0m[32mCheck[0m test/v70.ts
[0m[32mCheck[0m test/v71.ts
[0m[32mCheck[0m test/v72.ts
[0m[32mCheck[0m test/v73.ts
[0m[32mCheck[0m test/v74.ts
[0m[32mCheck[0m test/v75.ts
[0m[32mCheck[0m test/v76.ts
[0m[32mCheck[0m test/v77.ts
[0m[32mCheck[0m test/v78.ts
[0m[32mCheck[0m test/v79.ts
[0m[32mCheck[0m test/v80.ts
[0m[32mCheck[0m test/v80_cache.ts
[0m[32mCheck[0m test/v81.ts
[0m[32mCheck[0m test/v82.ts
[0m[32mCheck[0m test/wasmAutoInitGuard.ts
[0m[32mCheck[0m test/worker/ArchivePrivateScores.ts
[0m[32mCheck[0m test/worker/AssertCorrectRepo.ts
[0m[32mCheck[0m test/worker/AssertCwdIsParentDir.ts
[0m[32mCheck[0m test/worker/AtoFailureHealthReporting.ts
[0m[32mCheck[0m test/worker/AtoFetchDividends.ts
[0m[32mCheck[0m test/worker/BackfillGrqScores.ts
[0m[32mCheck[0m test/worker/BashSyntaxGate.ts
[0m[32mCheck[0m test/worker/BudgetFit.ts
[0m[32mCheck[0m test/worker/CapFailureDiagnostics.ts
[0m[32mCheck[0m test/worker/CheckRepoFreshness.ts
[0m[32mCheck[0m test/worker/CheckinProvenance.ts
[0m[32mCheck[0m test/worker/CheckinSampleAlwaysStage.ts
[0m[32mCheck[0m test/worker/CheckinSampleEvolutionMode.ts
[0m[32mCheck[0m test/worker/CheckinSampleStalePreserve.ts
[0m[32mCheck[0m test/worker/CircuitBreaker.ts
[0m[32mCheck[0m test/worker/CleanupCacheBackgroundPurge.ts
[0m[32mCheck[0m test/worker/CleanupCacheLogsRetention.ts
[0m[32mCheck[0m test/worker/CleanupCacheLowDisk.ts
[0m[32mCheck[0m test/worker/CleanupCachePortfolioCacheSurvives.ts
[0m[32mCheck[0m test/worker/CleanupCacheSyncHook.ts
[0m[32mCheck[0m test/worker/CloneCallersCwdGuard.ts
[0m[32mCheck[0m test/worker/ClusterActiveTeamsDna.ts
[0m[32mCheck[0m test/worker/ClusterDateInjection.ts
[0m[32mCheck[0m test/worker/ClusterPushRetry.ts
[0m[32mCheck[0m test/worker/ClusterTrainingDataShaGate.ts
[0m[32mCheck[0m test/worker/ComputeVersionEmoji.ts
[0m[32mCheck[0m test/worker/ConvertToPartialClone.ts
[0m[32mCheck[0m test/worker/CoordinationSelfHeal.ts
[0m[32mCheck[0m test/worker/CostOfGrowthTier.ts
[0m[32mCheck[0m test/worker/CriticalRepos.ts
[0m[32mCheck[0m test/worker/CsvRowGuard.ts
[0m[32mCheck[0m test/worker/DataPrepBudget.ts
[0m[32mCheck[0m test/worker/DiscoveryAwaitCleanup.ts
[0m[32mCheck[0m test/worker/DiscoveryBudget.ts
[0m[32mCheck[0m test/worker/DiscoveryCacheDroughtRotation.ts
[0m[32mCheck[0m test/worker/DiscoveryDeferredFailureCache.ts
[0m[32mCheck[0m test/worker/DiscoveryEvolutionMode.ts
[0m[32mCheck[0m test/worker/DiscoveryGracefulExitTrail.ts
[0m[32mCheck[0m test/worker/DiscoveryHeapOOMPrevention.ts
[0m[32mCheck[0m test/worker/DiscoveryHeapSize.ts
[0m[32mCheck[0m test/worker/DiscoveryLogTimestamp.ts
[0m[32mCheck[0m test/worker/DiscoveryOomDiagnostics.ts
[0m[32mCheck[0m test/worker/DiscoveryReplayHealthReporting.ts
[0m[32mCheck[0m test/worker/DiscoveryReplayNoImprovementSignal_2390.ts
[0m[32mCheck[0m test/worker/DiscoveryReplaySegfaultDiagnostics_2357.ts
[0m[32mCheck[0m test/worker/DiscoveryRunShellcheckClean.ts
[0m[32mCheck[0m test/worker/DiscoveryScanTuning.ts
[0m[32mCheck[0m test/worker/DiscoverySegfaultDiagnostics_2357.ts
[0m[32mCheck[0m test/worker/DiscoveryWorkerFallbackHealth.ts
[0m[32mCheck[0m test/worker/DiscoveryWorkerFallbackWiring.ts
[0m[32mCheck[0m test/worker/DiskGuardBuildArtefactCleanup.ts
[0m[32mCheck[0m test/worker/DiskGuardEmergencyCleanup.ts
[0m[32mCheck[0m test/worker/DiskGuardEscalation.ts
[0m[32mCheck[0m test/worker/DiskGuardOsTempCleanup.ts
[0m[32mCheck[0m test/worker/DiskGuardPurgeableMeasure.ts
[0m[32mCheck[0m test/worker/DiskGuardSiblingCloneCleanup.ts
[0m[32mCheck[0m test/worker/DiskGuardStaleTrainingExtractionCleanup.ts
[0m[32mCheck[0m test/worker/DiskGuardUnits.ts
[0m[32mCheck[0m test/worker/DiskPreflightEnforce.ts
[0m[32mCheck[0m test/worker/EasySequenceBudget.ts
[0m[32mCheck[0m test/worker/ElephantRunTimeouts.ts
[0m[32mCheck[0m test/worker/EnforceNeverMergeJson.ts
[0m[32mCheck[0m test/worker/EnsureNeatAiNativeScorerCircuitBreaker.ts
[0m[32mCheck[0m test/worker/EstimateLoopBudget.ts
[0m[32mCheck[0m test/worker/EvolutionModeHelper.ts
[0m[32mCheck[0m test/worker/EvolutionTimeout.ts
[0m[32mCheck[0m test/worker/EvolveUnitRetry.ts
[0m[32mCheck[0m test/worker/ExchangeEvolutionTimeout.ts
[0m[32mCheck[0m test/worker/FXEvolutionTimeout.ts
[0m[32mCheck[0m test/worker/FXPredictionsHealth.ts
[0m[32mCheck[0m test/worker/FXRecordingBudget.ts
[0m[32mCheck[0m test/worker/FXRecordingReconciliation.ts
[0m[32mCheck[0m test/worker/FailLoudTaskExported.ts
[0m[32mCheck[0m test/worker/FetchSessionTmpHardening.ts
[0m[32mCheck[0m test/worker/FetchTrainingDataCleanup.ts
[0m[32mCheck[0m test/worker/FetchTrainingDataErrexitState.ts
[0m[32mCheck[0m test/worker/FetchTrainingDataFallback.ts
[0m[32mCheck[0m test/worker/FetchTrainingDataRetryMessages.ts
[0m[32mCheck[0m test/worker/FetchTrainingDataShaTag.ts
[0m[32mCheck[0m test/worker/FetchTrainingDataSymlinkTraversal.ts
[0m[32mCheck[0m test/worker/FetchTrainingDataZipSlip.ts
[0m[32mCheck[0m test/worker/FinalizeResultsPartialGuard.ts
[0m[32mCheck[0m test/worker/FxDailyShell.ts
[0m[32mCheck[0m test/worker/FxDailyTask.ts
[0m[32mCheck[0m test/worker/FxFetchSentimentTopics.ts
[0m[32mCheck[0m test/worker/FxQuarantineList.ts
[0m[32mCheck[0m test/worker/FxStageFailLoud.ts
[0m[32mCheck[0m test/worker/GenerateNeatAiExploreSnapshot.ts
[0m[32mCheck[0m test/worker/GenerateNeatAiExploreSnapshotCargoPath.ts
[0m[32mCheck[0m test/worker/GitGradedSelfHeal.ts
[0m[32mCheck[0m test/worker/GitOperations.ts
[0m[32mCheck[0m test/worker/GitOperationsClassifier.ts
[0m[32mCheck[0m test/worker/GitResetHardSafe.ts
[0m[32mCheck[0m test/worker/GitSafeWrappersAdoption.ts
[0m[32mCheck[0m test/worker/GitSelfHeal.ts
[0m[32mCheck[0m test/worker/Grq22OomRegression.ts
[0m[32mCheck[0m test/worker/GrqCommitInfoPreamble.ts
[0m[32mCheck[0m test/worker/HealthConflictResolution.ts
[0m[32mCheck[0m test/worker/HealthSyncLogging.ts
[0m[32mCheck[0m test/worker/HeapGrantLog.ts
[0m[32mCheck[0m test/worker/IDCheckinModifyDeleteRegression.ts
[0m[32mCheck[0m test/worker/ImpactedTestsGate.ts
[0m[32mCheck[0m test/worker/ImproveSquashBudgetWiring.ts
[0m[32mCheck[0m test/worker/ImproveSquashCannotFit.ts
[0m[32mCheck[0m test/worker/ImproveSquashHeapBudgetExport.ts
[0m[32mCheck[0m test/worker/ImproveSquashOomRegression.ts
[0m[32mCheck[0m test/worker/IndustryEvolutionTimeout.ts
[0m[32mCheck[0m test/worker/IntelligentDesignAllFailLoud.ts
[0m[32mCheck[0m test/worker/IntelligentDesignBudget.ts
[0m[32mCheck[0m test/worker/IntelligentDesignEvolutionMode.ts
[0m[32mCheck[0m test/worker/IntelligentDesignFXAll.ts
[0m[32mCheck[0m test/worker/IntelligentDesignFXCheckinSelfHeal.ts
[0m[32mCheck[0m test/worker/IntelligentDesignFXEvolutionMode.ts
[0m[32mCheck[0m test/worker/IntelligentDesignFXNoEvolutionModeSidecar_2389.ts
[0m[32mCheck[0m test/worker/IntelligentDesignFXRunNativeScorer.ts
[0m[32mCheck[0m test/worker/IntelligentDesignFXScripts.ts
[0m[32mCheck[0m test/worker/IntelligentDesignFXSegfaultDiagnostics_2356.ts
[0m[32mCheck[0m test/worker/IntelligentDesignHeapRecompute.ts
[0m[32mCheck[0m test/worker/IntelligentDesignNoEvolutionModeSidecar_2389.ts
[0m[32mCheck[0m test/worker/IntelligentDesignScoreTmpToctou.ts
[0m[32mCheck[0m test/worker/IntelligentDesignScripts.ts
[0m[32mCheck[0m test/worker/IntelligentDesignSegfaultDiagnostics_2357.ts
[0m[32mCheck[0m test/worker/IslandAccept.ts
[0m[32mCheck[0m test/worker/IslandDiscovery.ts
[0m[32mCheck[0m test/worker/IslandDiscoveryPlan.ts
[0m[32mCheck[0m test/worker/IslandId.ts
[0m[32mCheck[0m test/worker/IslandScoreHeal.ts
[0m[32mCheck[0m test/worker/IslandSelect.ts
[0m[32mCheck[0m test/worker/IslandTacit.ts
[0m[32mCheck[0m test/worker/JovianDnaTagging.ts
[0m[32mCheck[0m test/worker/JsonMergeMarkerScan.ts
[0m[32mCheck[0m test/worker/LearnClusterPullNeverMergesJson.ts
[0m[32mCheck[0m test/worker/LearnCopyNetworksSelfHeal.ts
[0m[32mCheck[0m test/worker/LearnEvolutionMode.ts
[0m[32mCheck[0m test/worker/LearnNoHardTimeout.ts
[0m[32mCheck[0m test/worker/LearnPopulationSize.ts
[0m[32mCheck[0m test/worker/LearnSampleKnobs.ts
[0m[32mCheck[0m test/worker/LearnShMissingTimeout.ts
[0m[32mCheck[0m test/worker/LearnShPassthrough.ts
[0m[32mCheck[0m test/worker/LeaveRepoClean.ts
[0m[32mCheck[0m test/worker/LocationPerSymbolLoop.ts
[0m[32mCheck[0m test/worker/LogRotation.ts
[0m[32mCheck[0m test/worker/LowDiskToolchainCleanup.ts
[0m[32mCheck[0m test/worker/MemoryBrake.ts
[0m[32mCheck[0m test/worker/MemoryCalcHeapSize.ts
[0m[32mCheck[0m test/worker/MemoryCalcHostFloor.ts
[0m[32mCheck[0m test/worker/MemoryCalcMacOSAvailable.ts
[0m[32mCheck[0m test/worker/MemoryCalcStableBudget.ts
[0m[32mCheck[0m test/worker/MemoryPanicExitCode.ts
[0m[32mCheck[0m test/worker/ModelCheckinCsvRowGuard.ts
[0m[32mCheck[0m test/worker/ModelCheckinModifyDeleteRegression.ts
[0m[32mCheck[0m test/worker/ModelCheckinScoresArchiveAutoresolve.ts
[0m[32mCheck[0m test/worker/ModelCheckinSidecarAutoresolve.ts
[0m[32mCheck[0m test/worker/ModelCheckinSidecarAutoresolveBulk.ts
[0m[32mCheck[0m test/worker/ModelCheckinTimeoutPropagation.ts
[0m[32mCheck[0m test/worker/ModelFetchConnectivity.ts
[0m[32mCheck[0m test/worker/ModelFetchGitTimeout.ts
[0m[32mCheck[0m test/worker/ModelFetchGradedSelfHeal.ts
[0m[32mCheck[0m test/worker/ModelFetchPartialClone.ts
[0m[32mCheck[0m test/worker/ModelFetchPrefetchCheck.ts
[0m[32mCheck[0m test/worker/ModelFetchPreserveOnTransientFailure.ts
[0m[32mCheck[0m test/worker/ModelFetchPromisorReclone.ts
[0m[32mCheck[0m test/worker/ModelFetchRepoNameLogged.ts
[0m[32mCheck[0m test/worker/ModelFetchResetFailMarker.ts
[0m[32mCheck[0m test/worker/ModelFetchShortCircuit.ts
[0m[32mCheck[0m test/worker/ModelFetchStripEmbeddedAfterReset.ts
[0m[32mCheck[0m test/worker/ModelFetchTempRace.ts
[0m[32mCheck[0m test/worker/NeatAiCloneIntoSelf.ts
[0m[32mCheck[0m test/worker/NeatAiWasmCache.ts
[0m[32mCheck[0m test/worker/NeverMergeJsonE2E.ts
[0m[32mCheck[0m test/worker/NodeLogTestIsolation_test.ts
[0m[32mCheck[0m test/worker/NodeShMaxTaskLogPush.ts
[0m[32mCheck[0m test/worker/NodeShOptionRotation.ts
[0m[32mCheck[0m test/worker/NodeShPostDispatcherReporting.ts
[0m[32mCheck[0m test/worker/NodeShSystemInfoDetection.ts
[0m[32mCheck[0m test/worker/NodeShTwoTierDiskCleanup.ts
[0m[32mCheck[0m test/worker/OomGuardClassification.ts
[0m[32mCheck[0m test/worker/OomGuardContinuesBatch.ts
[0m[32mCheck[0m test/worker/PerformanceCsvOnModelChange.ts
[0m[32mCheck[0m test/worker/PhaseTimer.ts
[0m[32mCheck[0m test/worker/PopulationClampWarning.ts
[0m[32mCheck[0m test/worker/PortableReadlink.ts
[0m[32mCheck[0m test/worker/PortfolioDispatcherFailLoud.ts
[0m[32mCheck[0m test/worker/PortfolioShellcheckClean.ts
[0m[32mCheck[0m test/worker/PortfolioTaskFailureMarker.ts
[0m[32mCheck[0m test/worker/PortfolioTaskRaiseOnFailure.ts
[0m[32mCheck[0m test/worker/PreHealthCleanup.ts
[0m[32mCheck[0m test/worker/PromoteEmbargoedScores.ts
[0m[32mCheck[0m test/worker/PurgeStrayPortfolioOrphans.ts
[0m[32mCheck[0m test/worker/PurgeStrayWorkers.ts
[0m[32mCheck[0m test/worker/QualityShExitPropagation.ts
[0m[32mCheck[0m test/worker/QualitySkip.ts
[0m[32mCheck[0m test/worker/QualityTaskFailureHardening.ts
[0m[32mCheck[0m test/worker/QualityTaskRaiseOnFailure.ts
[0m[32mCheck[0m test/worker/QualityTaskSkip.ts
[0m[32mCheck[0m test/worker/RecordPerformance.ts
[0m[32mCheck[0m test/worker/RecordTeamPerformance.ts
[0m[32mCheck[0m test/worker/RepoSyncResilience.ts
[0m[32mCheck[0m test/worker/ResolveRebaseConflicts.ts
[0m[32mCheck[0m test/worker/ResultMetadata.ts
[0m[32mCheck[0m test/worker/RetryWithBackoff.ts
[0m[32mCheck[0m test/worker/RetryWithBackoffExitCode.ts
[0m[32mCheck[0m test/worker/RunBudget.ts
[0m[32mCheck[0m test/worker/RunCoreArgsLog.ts
[0m[32mCheck[0m test/worker/RunCoreTaskDeadlineEnv.ts
[0m[32mCheck[0m test/worker/RunCoreWallClockCapExit.ts
[0m[32mCheck[0m test/worker/RunStageLogging.ts
[0m[32mCheck[0m test/worker/RunSyncFailureDiagnostics.ts
[0m[32mCheck[0m test/worker/RustScorerAllowRunArgsHelper.ts
[0m[32mCheck[0m test/worker/SafeGitAdd.ts
[0m[32mCheck[0m test/worker/SafeGitCommitAndPushRebase.ts
[0m[32mCheck[0m test/worker/SamplerConflictAutoResolve.ts
[0m[32mCheck[0m test/worker/SamplerErrTrap.ts
[0m[32mCheck[0m test/worker/SamplerEvolutionMode.ts
[0m[32mCheck[0m test/worker/SamplerEvolutionTimeout.ts
[0m[32mCheck[0m test/worker/SamplerFinalLoop.ts
[0m[32mCheck[0m test/worker/SamplerGitPullSafe.ts
[0m[32mCheck[0m test/worker/SamplerHeapBudgetProfile.ts
[0m[32mCheck[0m test/worker/SamplerHeapSize.ts
[0m[32mCheck[0m test/worker/SamplerLifecycleShell.ts
[0m[32mCheck[0m test/worker/SamplerLoopBudget.ts
[0m[32mCheck[0m test/worker/SamplerModifyDeleteRegression.ts
[0m[32mCheck[0m test/worker/SamplerNativeScorer.ts
[0m[32mCheck[0m test/worker/SamplerOomRetry.ts
[0m[32mCheck[0m test/worker/SamplerPopulationRecording.ts
[0m[32mCheck[0m test/worker/SamplerPullAutostash.ts
[0m[32mCheck[0m test/worker/SamplerRunSummary.ts
[0m[32mCheck[0m test/worker/SamplerShPassthrough.ts
[0m[32mCheck[0m test/worker/SamplerTopologyRetry.ts
[0m[32mCheck[0m test/worker/ScoreClientHealthCategory.ts
[0m[32mCheck[0m test/worker/ScoreMessage.ts
[0m[32mCheck[0m test/worker/ScoreSkipRepos.ts
[0m[32mCheck[0m test/worker/ScorerGuardReconciliation.ts
[0m[32mCheck[0m test/worker/ScorerMarketDataAndTimezone.ts
[0m[32mCheck[0m test/worker/ScorerTaskHeapStability.ts
[0m[32mCheck[0m test/worker/ScoresIndexGuard.ts
[0m[32mCheck[0m test/worker/ScoringProvenance.ts
[0m[32mCheck[0m test/worker/SegfaultDiagnostics_2355.ts
[0m[32mCheck[0m test/worker/SegfaultFixture_2357.ts
[0m[32mCheck[0m test/worker/Sha256Wrapper.ts
[0m[32mCheck[0m test/worker/ShouldPushToRemote.ts
[0m[32mCheck[0m test/worker/SidecarCleanup.ts
[0m[32mCheck[0m test/worker/SingleCommitCheckin.ts
[0m[32mCheck[0m test/worker/SquashWeightsParity.ts
[0m[32mCheck[0m test/worker/StageFailMarkerHelpers.ts
[0m[32mCheck[0m test/worker/StageFailMarkerSymlinkIsolation.ts
[0m[32mCheck[0m test/worker/StageFailureContext.ts
[0m[32mCheck[0m test/worker/StageFailureCycleScope.ts
[0m[32mCheck[0m test/worker/StageFailureHealth.ts
[0m[32mCheck[0m test/worker/StageFailureSandboxGuard.ts
[0m[32mCheck[0m test/worker/StatisticsSnapshot.ts
[0m[32mCheck[0m test/worker/SyncTrainingS3LogAppend.ts
[0m[32mCheck[0m test/worker/SystemMemoryPressureDiagnostics.ts
[0m[32mCheck[0m test/worker/TaskBudget.ts
[0m[32mCheck[0m test/worker/TaskDataFailureMarker.ts
[0m[32mCheck[0m test/worker/TaskDataSelfHeal.ts
[0m[32mCheck[0m test/worker/TaskDataStageOrder.ts
[0m[32mCheck[0m test/worker/TaskDataStageSummary.ts
[0m[32mCheck[0m test/worker/TeamEmoji.ts
[0m[32mCheck[0m test/worker/TeamRepoPushConflictResolution.ts
[0m[32mCheck[0m test/worker/TeamsCheckinFormatJson.ts
[0m[32mCheck[0m test/worker/TeamsCheckinHealGate.ts
[0m[32mCheck[0m test/worker/TeamsCheckinPerStageFile.ts
[0m[32mCheck[0m test/worker/TeamsCheckinScoreMessage.ts
[0m[32mCheck[0m test/worker/TeamsPurgePartialRateChampions.ts
[0m[32mCheck[0m test/worker/TeamsRunEvolutionMode.ts
[0m[32mCheck[0m test/worker/TeamsRunFinalSafetyCheck.ts
[0m[32mCheck[0m test/worker/TeamsRunFinalSafetyCheckSelfHeal.ts
[0m[32mCheck[0m test/worker/TeamsRunForwardOnlyCheck.ts
[0m[32mCheck[0m test/worker/TeamsRunFourStageSchedule.ts
[0m[32mCheck[0m test/worker/TeamsRunHeapSize.ts
[0m[32mCheck[0m test/worker/TeamsRunIsolatedCrisprEnabled.ts
[0m[32mCheck[0m test/worker/TeamsRunIsolatedDisableCRISPR.ts
[0m[32mCheck[0m test/worker/TeamsRunIsolatedHappyPath.ts
[0m[32mCheck[0m test/worker/TeamsRunIsolatedUpgradeNoSilentSkip.ts
[0m[32mCheck[0m test/worker/TeamsRunLoopCrashRecovery.ts
[0m[32mCheck[0m test/worker/TeamsRunOomRetry.ts
[0m[32mCheck[0m test/worker/TeamsRunOomSalvage.ts
[0m[32mCheck[0m test/worker/TeamsRunPerformanceCsvWiring.ts
[0m[32mCheck[0m test/worker/TeamsRunPopulationScaling.ts
[0m[32mCheck[0m test/worker/TeamsRunPurgeStrayCreatures.ts
[0m[32mCheck[0m test/worker/TeamsRunReseedEachLoop.ts
[0m[32mCheck[0m test/worker/TeamsRunSafetyPipelineRegression.ts
[0m[32mCheck[0m test/worker/TeamsRunSamplerCheckinOncePerRun.ts
[0m[32mCheck[0m test/worker/TeamsRunScriptVersion.ts
[0m[32mCheck[0m test/worker/TeamsRunSemverCheckLogging.ts
[0m[32mCheck[0m test/worker/TeamsRunTeamCrisprPolicy.ts
[0m[32mCheck[0m test/worker/TeamsRunTeamSelection.ts
[0m[32mCheck[0m test/worker/TeamsRunUpgradePath.ts
[0m[32mCheck[0m test/worker/Terminal.ts
[0m[32mCheck[0m test/worker/TerminalDiagnostic.ts
[0m[32mCheck[0m test/worker/TerminalFailureMarker.ts
[0m[32mCheck[0m test/worker/TerminalNativeScorer.ts
[0m[32mCheck[0m test/worker/ToolchainCacheCleanup.ts
[0m[32mCheck[0m test/worker/TrainDataExchangeHeapSize.ts
[0m[32mCheck[0m test/worker/TrainDataExchangeResume.ts
[0m[32mCheck[0m test/worker/TrainDataFXResume.ts
[0m[32mCheck[0m test/worker/TrainDataIndustryHeapSize.ts
[0m[32mCheck[0m test/worker/TrainDataIndustryResume.ts
[0m[32mCheck[0m test/worker/TrainDataLeaseProtection.ts
[0m[32mCheck[0m test/worker/TrainDataLocationHeapSize.ts
[0m[32mCheck[0m test/worker/TrainDataLocationResume.ts
[0m[32mCheck[0m test/worker/TrainDataMarketDataClone.ts
[0m[32mCheck[0m test/worker/TrainDataSentimentClone.ts
[0m[32mCheck[0m test/worker/TrainDataShadow.ts
[0m[32mCheck[0m test/worker/TrainDataStocksHeapSize.ts
[0m[32mCheck[0m test/worker/UpdateHealthRepo.ts
[0m[32mCheck[0m test/worker/UpgradeAllowNet.ts
[0m[32mCheck[0m test/worker/UpgradeJqResilience.ts
[0m[32mCheck[0m test/worker/UpgradeShIntegrityCheck.ts
[0m[32mCheck[0m test/worker/UtcDate.ts
[0m[32mCheck[0m test/worker/ValidateJsonShell.ts
[0m[32mCheck[0m test/worker/ValidationCsvRowGuard.ts
[0m[32mCheck[0m test/worker/ValidationScoresIndexGuard.ts
[0m[32mCheck[0m test/worker/WasmActivationHealth.ts
[0m[32mCheck[0m test/worker/WorkerHeapHarmonisation.ts
[0m[32mCheck[0m test/worker/WorldUncertaintyHealth.ts
[0m[32mCheck[0m test/worker/fxShell.ts
[0m[32mCheck[0m test/worker/memoryCalcGrowthReserve.ts
[0m[32mCheck[0m test/worker/memoryCalcHeadroom.ts
[0m[32mCheck[0m test/worker/memoryCalcRamCap.ts
[0m[32mCheck[0m test/worker/memoryCalcRustBudget.ts
[0m[32mCheck[0m test/worker/memoryCalcStableHostSizing.ts
[0m[32mCheck[0m test/worker/memoryStartupLog.ts
[0m[32mCheck[0m test/worker/shared/SparseRatio.ts
[0m[32mCheck[0m test/worker/shared/TrainingSampleRate.ts
Running bash -n on all shell scripts...
bash -n: checked 369 script(s)
✅ All bash scripts passed syntax check (bash -n)
Running shellcheck on all bash scripts...
✅ shellcheck passed
🔬 plateau-efficiency smoke: /Users/nigelleck/src/GRQ/../GRQ-cluster/statistics (skip ceiling 37)
Plateau efficiency ranking (Issue #3718)
Runs analysed: 1292; skipped snapshots: 38; configuration cells: 494
Cost-to-plateau milestone: 0.9 (1264 runs) — fallback, 0.95 not recorded (#3714)
Runs without a plateau milestone (plateau score only): 28
Skipped by reason: missing-requestedOptions=38

Ranked by plateau score (desc), then cost to plateau (asc). Rows are stratified by memory band —
effective population is clamped by nativeBudgetBytes, so bands are not comparable with each other.

band     reqPop  effPop  mode    sampleRate  sparse  n  plateauScore  relImp   costToPlateau_h  totalCost_h
-------  ------  ------  ------  ----------  ------  -  ------------  -------  ---------------  -----------
8-16GiB  20      20      011110  0.100       0.050   2  0.425372225   7.14e-6  11.41            19.37
8-16GiB  50      26      101000  0.100       0.050   2  0.425369189   7.92e-6  17.00            19.51
8-16GiB  50      24      100010  0.100       0.050   2  0.425367092   2.06e-6  7.42             8.51
4-8GiB   35      20      001101  0.100       0.050   3  0.425366803   5.76e-7  5.83             8.37
2-4GiB   65      20      010100  0.100       0.050   2  0.425366152   1.52e-7  0.78             7.02
8-16GiB  50      24      010100  0.100       0.050   2  0.425364661   9.18e-7  7.53             8.19
8-16GiB  35      26      010001  0.100       0.050   2  0.425364220   7.20e-7  12.76            20.01
8-16GiB  35      26      100110  0.100       0.050   2  0.425363836   5.47e-6  14.80            20.72
8-16GiB  65      26      010111  0.100       0.050   2  0.425358909   3.43e-6  13.55            19.68
4-8GiB   50      20      011001  0.100       0.050   2  0.425357510   1.05e-7  8.37             8.37
... 484 further cells not shown (--top=10)

WARNING: cross-band comparison — 54 configuration(s) appear in more than one memory band:
  requested=50 effective=5 mode=100111 bands=0-2GiB,2-4GiB
  requested=20 effective=5 mode=000010 bands=0-2GiB,2-4GiB
  requested=50 effective=20 mode=111001 bands=2-4GiB,4-8GiB
  requested=50 effective=5 mode=010111 bands=0-2GiB,2-4GiB
  requested=20 effective=5 mode=111011 bands=0-2GiB,2-4GiB
  requested=20 effective=5 mode=011111 bands=0-2GiB,2-4GiB
  requested=50 effective=5 mode=011011 bands=0-2GiB,2-4GiB
  requested=50 effective=5 mode=101011 bands=0-2GiB,2-4GiB
  requested=20 effective=20 mode=100110 bands=32GiB+,8-16GiB
  requested=20 effective=5 mode=110111 bands=0-2GiB,2-4GiB
  ... 44 further cross-band configuration(s) not listed
  Rows above stay stratified by band; do not compare these rows across bands.
plateau-efficiency: 38 snapshots skipped, above the ceiling of 37 — new malformed snapshots have appeared
