Check test/unit/portfolio/ScenarioResultValidation.ts
Check test/unit/portfolio/ScenarioRunner.ts
Check test/unit/portfolio/ScenarioShortfall.ts
Check test/unit/portfolio/ScoreModel_test.ts
Check test/unit/portfolio/ScoresTsvColumns_test.ts
Check test/unit/portfolio/StalenessCheck.ts
Check test/unit/portfolio/StateCompare.ts
Check test/unit/portfolio/StateCompareBuyLimits_test.ts
Check test/unit/portfolio/StockVolatility.ts
Check test/unit/portfolio/TakeProfits.ts
Check test/unit/portfolio/TaxableEvents.ts
Check test/unit/portfolio/ThresholdSanitisationWarnings.ts
Check test/unit/portfolio/TrailingStop.ts
Check test/unit/portfolio/ValidateGTC.ts
Check test/unit/portfolio/ValidateMonetaryValues.ts
Check test/unit/portfolio/ValidateRunCompleteness.ts
Check test/unit/portfolio/WarmRestart.ts
Check test/unit/portfolio/WorkerPipeShutdown.ts
Check test/unit/portfolio/WorkerProtocol.ts
Check test/unit/portfolio/buildPortfolioArgs.ts
Check test/unit/portfolio/isCurrentTradingDay.ts
Check test/unit/preloadWasmRetry.ts
Check test/unit/quality/BashSyntaxGateWiring.ts
Check test/unit/quality/CargoWorkflowRustGate.ts
Check test/unit/quality/MarkdownLintCheckoutCredentials.ts
Check test/unit/quality/PortabilityGuardWiring.ts
Check test/unit/quality/QualityWorkflowPersistCredentials.ts
Check test/unit/quality/SemgrepCheckoutCredentials.ts
Check test/unit/quality/SiblingRunlibCallerCoverage.ts
Check test/unit/quality/SiblingRunlibWiring.ts
Check test/unit/quality/SpellcheckCheckoutCredentials.ts
Check test/unit/quality/VersionBumpGateWiring.ts
Check test/unit/quality/WorkerTestsWiring.ts
Check test/unit/quality_sh_test.ts
Check test/unit/recurrent-synapse-validation.ts
Check test/unit/refresh/FundamentalsStalenessGate.ts
Check test/unit/saveValidatedCreatureExport/ConvertedCallSites.ts
Check test/unit/saveValidatedCreatureExport/RecurrentSynapseAtSave.ts
Check test/unit/saveValidatedCreatureExportSelfLoopAssert.ts
Check test/unit/sbom/DenoSbom.ts
Check test/unit/sbom/GenerateDenoSbom.ts
Check test/unit/sbom/SbomWorkflow.ts
Check test/unit/scorer/NyDateTime.ts
Check test/unit/scorer/ScoreTrigger.ts
Check test/unit/scorer/UsTradingCalendar_test.ts
Check test/unit/scoringAudit.ts
Check test/unit/sentimentLoader.ts
Check test/unit/terminal/ScoreCleaveVariants.ts
Check test/unit/testing/OverviewLeakage_test.ts
Check test/unit/tools/EvolutionModeLeaderboard.ts
Check test/unit/tools/FailureIssueReport.ts
Check test/unit/tools/ResolvePoisonousCreatures.ts
Check test/unit/tools/repairCreatureExportPure.ts
Check test/unit/tools/scanCreatureFiles.ts
Check test/unit/tools/scanCreatureFilesWiring.ts
Check test/unit/train/DefensiveValidation.ts
Check test/unit/train/DistributedVerifier_test.ts
Check test/unit/train/EffectiveExtension.ts
Check test/unit/train/HeapSnapshotOnPanic.ts
Check test/unit/train/HeapSnapshotWriter.ts
Check test/unit/train/LatestYearDeferral.ts
Check test/unit/train/MemoryAccountant_test.ts
Check test/unit/train/MemoryPressureSnapshot.ts
Check test/unit/train/MemoryWatchdog.ts
Check test/unit/train/MemoryWatchdogPanic.ts
Check test/unit/train/OomSnapshotInspect.ts
Check test/unit/train/ParallelTrainDataPrefixRetry.ts
Check test/unit/train/ParallelTrainDataTimeout.ts
Check test/unit/train/ParallelTrainDataWorkerErrorLog.ts
Check test/unit/train/PrefixSubset_test.ts
Check test/unit/train/RecordAlignment_test.ts
Check test/unit/train/RssDiagnostics_test.ts
Check test/unit/train/RssMonitoring_test.ts
Check test/unit/train/RustExtensionsShim_test.ts
Check test/unit/train/RustV60Equivalence_test.ts
Check test/unit/train/SamplerDiskFailure.ts
Check test/unit/train/ScoreSeedPool_test.ts
Check test/unit/train/SegmentTimer_test.ts
Check test/unit/train/SegmentTmpPathUniqueness.ts
Check test/unit/train/SystemMemoryMonitorAdaptive_test.ts
Check test/unit/train/SystemMemoryMonitorLastSnapshot.ts
Check test/unit/train/SystemMemoryMonitorPanic.ts
Check test/unit/train/SystemMemoryMonitorRss.ts
Check test/unit/train/SystemMemoryMonitor_test.ts
Check test/unit/train/TrainingDataProgress.ts
Check test/unit/train/TrainingDataUtils.ts
Check test/unit/train/TrainingDataWalkForward.ts
Check test/unit/train/TrainingMemoryDiagnostics_test.ts
Check test/unit/train/TrainingPerfTracker_test.ts
Check test/unit/train/WasmRequired.ts
Check test/unit/train/WorkerProcessor.ts
Check test/unit/train/capPopulationLoader_test.ts
Check test/unit/train/clearWasmLruCache.ts
Check test/unit/train/disposeAllWasmInstances.ts
Check test/unit/train/disposeWasmInstance.ts
Check test/unit/train/evolveIterationCleanup.ts
Check test/unit/train/formatDurationShort_test.ts
Check test/unit/train/inlineDiscoveryMemory.ts
Check test/unit/train/memoryProfile.ts
Check test/unit/train/memoryTuning.ts
Check test/unit/train/prefixMemoryReset.ts
Check test/unit/train/schedulerErrorHandling.ts
Check test/unit/train/schedulerGracefulShutdown.ts
Check test/unit/train/schedulerPoolStateRecovery.ts
Check test/unit/train/taskDeadline.ts
Check test/unit/train/trainingDiagnosticsOptIn_test.ts
Check test/unit/train/wasmCacheCap.ts
Check test/unit/train/wasmCacheCapBounds.ts
Check test/unit/train/wasmCacheCapMemoryScaling.ts
Check test/unit/train/workerAutoScale.ts
Check test/unit/train/workerAutoScaleBounds.ts
Check test/unit/train/workerAutoScaleConfigurations_test.ts
Check test/unit/train/workerAutoScaleMemory.ts
Check test/unit/train/workerHandlerCallback.ts
Check test/unit/train/workerHandlerCrashRecovery.ts
Check test/unit/train/workerProcessorVanishedTmp.test.ts
Check test/unit/v/AggregateModelWidthFailLoud5017.ts
Check test/unit/v/AppendOnlyRule.ts
Check test/unit/v/AssertCreatureWidths.ts
Check test/unit/v/AuditSummarySchema.ts
Check test/unit/v/CommodityDotCell5016.ts
Check test/unit/v/DomainObservationDataWiring.ts
Check test/unit/v/DomainObservationGuard.ts
Check test/unit/v/DuplicateMajorVersion.ts
Check test/unit/v/EconomicIndicatorSchedule.ts
Check test/unit/v/ExtensionRegistry.ts
Check test/unit/v/ExtensionVersionPlan.ts
Check test/unit/v/FeedAuditReports.ts
Check test/unit/v/FeedRegistry.ts
Check test/unit/v/FeedRegistryCoverage.ts
Check test/unit/v/FeedRegistryGate.ts
Check test/unit/v/FredAverageStartValue.ts
Check test/unit/v/FredRangeCutOff.ts
Check test/unit/v/LastFinancialQuarter_test.ts
Check test/unit/v/ObservationRange.ts
Check test/unit/v/PublicationLag.ts
Check test/unit/v/ReservedMajors.ts
Check test/unit/v/SentimentMissingRoot5013.ts
Check test/unit/v/SharedTrainHelpersSquash.ts
Check test/unit/v/SharedTrainHelpers_test.ts
Check test/unit/v/TrainV60FindMomentum_test.ts
Check test/unit/v/TrainV74BetaAlignment.ts
Check test/unit/v/TrainV81SkipUnparseable.ts
Check test/unit/v/TrainV85MalformedCsv5019.ts
Check test/unit/v/TtmSums.ts
Check test/unit/v/Utilities.ts
Check test/unit/v/V116SymbolTraversal5120.ts
Check test/unit/v/V38AvailabilityGuard.ts
Check test/unit/v/V38SymbolTraversal5120.ts
Check test/unit/v/V60SymbolTraversal5097.ts
Check test/unit/v/V80AvailabilityGuard.ts
Check test/unit/v/V80InsiderFileErrors.ts
Check test/unit/v/VersionManager.ts
Check test/unit/v/WUIFiniteFilter.ts
Check test/unit/v/issue1591_vix_assessment.ts
Check test/unit/v/issue2388_v80_patch_bump.ts
Check test/unit/v/issue3503_cache_bump_audit.ts
Check test/unit/v/trainModuleWalker.ts
Check test/unit/v/v103.ts
Check test/unit/v/v115.ts
Check test/unit/worker/GhApiCache.ts
Check test/unit/worker/GhApiRateLimitLogging.ts
Check test/unit/worker/RaiseFailureIssueCli.ts
Check test/unit/worker/ScenarioCountCheckCli.ts
Check test/unit/worker/StalenessCheckCli.ts
Check test/unit/worker/WorkerSourcePathsExist.ts
Check test/v/AggregateModelCorruptFailLoud.ts
Check test/v/AggregateModelLeakage.ts
Check test/v/AggregateModelPointInTime.ts
Check test/v/AggregateModelWalkForward.ts
Check test/v/AggregateVintageSelector.ts
Check test/v/CommodityFutureDataLeakage.ts
Check test/v/DomainObservationFreshPath.ts
Check test/v/FXModelCorruptFailLoud.ts
Check test/v/FutureDataLeakage.ts
Check test/v/FutureDataLeakageEconomic.ts
Check test/v/FutureDataLeakageInsider.ts
Check test/v/FutureDataLeakageOther.ts
Check test/v/ObservationRange.ts
Check test/v/ObservationValueStability.ts
Check test/v/OverviewLeakageExamples.ts
Check test/v/OverviewLeakageResidual.ts
Check test/v/OverviewLeakageShareCount.ts
Check test/v/TrainV74CagrEncapsulation.ts
Check test/v/TrainV74Encapsulation.ts
Check test/v/V116/Candles.ts
Check test/v/V116/Drawdown.ts
Check test/v/V116/Fourier.ts
Check test/v/V116/LogEpsGrowth.ts
Check test/v/V116/NewsVolume.ts
Check test/v/V116/ValuationStretch.ts
Check test/v/issue1589_commodity_assessment.ts
Check test/v/issue1590_insider_assessment.ts
Check test/v/v04.ts
Check test/v/v100.ts
Check test/v/v101.ts
Check test/v/v102.ts
Check test/v/v104.ts
Check test/v/v105.ts
Check test/v/v106.ts
Check test/v/v107.ts
Check test/v/v108.ts
Check test/v/v109.ts
Check test/v/v110.ts
Check test/v/v111.ts
Check test/v/v112.ts
Check test/v/v113.ts
Check test/v/v114.ts
Check test/v/v68_precompute.ts
Check test/v/v74_precompute.ts
Check test/v/v83.ts
Check test/v/v84.ts
Check test/v/v85.ts
Check test/v/v86.ts
Check test/v/v87.ts
Check test/v/v88.ts
Check test/v/v88_precompute.ts
Check test/v/v89.ts
Check test/v/v90.ts
Check test/v/v91.ts
Check test/v/v92.ts
Check test/v/v93.ts
Check test/v/v94.ts
Check test/v/v95.ts
Check test/v/v96.ts
Check test/v/v97.ts
Check test/v/v98.ts
Check test/v/v99.ts
Check test/v04.ts
Check test/v09.ts
Check test/v11.ts
Check test/v14.ts
Check test/v15.ts
Check test/v16.ts
Check test/v18.ts
Check test/v18ModelCache.ts
Check test/v20.ts
Check test/v31.ts
Check test/v33.ts
Check test/v42.ts
Check test/v51.ts
Check test/v52.ts
Check test/v55.ts
Check test/v56.ts
Check test/v57.ts
Check test/v58.ts
Check test/v59.ts
Check test/v60.ts
Check test/v61.ts
Check test/v62.ts
Check test/v62_months_optimisation.ts
Check test/v63.ts
Check test/v64.ts
Check test/v64ModelCache.ts
Check test/v65.ts
Check test/v67.ts
Check test/v68.ts
Check test/v69-cache.ts
Check test/v69.ts
Check test/v70.ts
Check test/v71.ts
Check test/v72.ts
Check test/v73.ts
Check test/v74.ts
Check test/v75.ts
Check test/v76.ts
Check test/v77.ts
Check test/v78.ts
Check test/v79.ts
Check test/v80.ts
Check test/v80_cache.ts
Check test/v81.ts
Check test/v82.ts
Check test/wasmAutoInitGuard.ts
Check test/worker/ArchivePrivateScores.ts
Check test/worker/AssertCorrectRepo.ts
Check test/worker/AssertCwdIsParentDir.ts
Check test/worker/AssertGrqParentDir.ts
Check test/worker/AtoFailureHealthReporting.ts
Check test/worker/AtoFetchDividends.ts
Check test/worker/BackfillGrqScores.ts
Check test/worker/Backprop.ts
Check test/worker/BashSyntaxGate.ts
Check test/worker/BoundedRun.ts
Check test/worker/BudgetFit.ts
Check test/worker/CandidatePath.ts
Check test/worker/CapFailureDiagnostics.ts
Check test/worker/CapFailureStageMarkers.ts
Check test/worker/CapFailureStageNamed.ts
Check test/worker/CapabilityAbsoluteLimit.ts
Check test/worker/CapabilityHealth.ts
Check test/worker/CapabilityLedgerProtect.ts
Check test/worker/CaptureHungCreatures.ts
Check test/worker/CheckRepoFreshness.ts
Check test/worker/CheckinGateCoverage.ts
Check test/worker/CheckinGatePublishers.ts
Check test/worker/CheckinProvenance.ts
Check test/worker/CheckinSampleAlwaysStage.ts
Check test/worker/CheckinSampleConfirmScore.ts
Check test/worker/CheckinSampleIslandIsolation.ts
Check test/worker/CheckinSampleLostRace.ts
Check test/worker/CheckinSampleProvenanceTags.ts
Check test/worker/CheckinSampleRegressionFloor.ts
Check test/worker/CheckinSampleStalePreserve.ts
Check test/worker/CircuitBreaker.ts
Check test/worker/CleanupCacheBackgroundPurge.ts
Check test/worker/CleanupCacheDetach.ts
Check test/worker/CleanupCacheLogsRetention.ts
Check test/worker/CleanupCacheLowDisk.ts
Check test/worker/CleanupCachePortfolioCacheSurvives.ts
Check test/worker/CleanupCacheSyncHook.ts
Check test/worker/CloneCallersCwdGuard.ts
Check test/worker/ClusterActiveTeamsDna.ts
Check test/worker/ClusterDailyRegressionOncePerSha.ts
Check test/worker/ClusterDateInjection.ts
Check test/worker/ClusterPushErrTrapQuiet.ts
Check test/worker/ClusterPushFetchTimeout.ts
Check test/worker/ClusterPushRetry.ts
Check test/worker/ClusterPushRetryableRejection.ts
Check test/worker/ClusterResultSingletonRemoved.ts
Check test/worker/ClusterTrainingDataShaGate.ts
Check test/worker/CollapseTestDots.ts
Check test/worker/ComputeVersionEmoji.ts
Check test/worker/ConvertToPartialClone.ts
Check test/worker/CoordinationSelfHeal.ts
Check test/worker/CorpusTarballCleanup.ts
Check test/worker/CostOfGrowthTier.ts
Check test/worker/CreatureArtefact.ts
Check test/worker/CreatureProvenanceGuard.ts
Check test/worker/CriticalRepos.ts
Check test/worker/CsvOnlyCommitPushFailure.ts
Check test/worker/CsvRowGuard.ts
Check test/worker/DataPrepBudget.ts
Check test/worker/DataPrepPreloopBudget.ts
Check test/worker/DegradedCapabilityQueue.ts
Check test/worker/DenoFmtExcludesPortfolioFixtures.ts
Check test/worker/DiagnosticsAnnounceInNodeLog.ts
Check test/worker/DiagnosticsArtefactNaming.ts
Check test/worker/DiscoveryAwaitCleanup.ts
Check test/worker/DiscoveryBudget.ts
Check test/worker/DiscoveryCacheDroughtRotation.ts
Check test/worker/DiscoveryDeferredFailureCache.ts
Check test/worker/DiscoveryGracefulExitTrail.ts
Check test/worker/DiscoveryHeapOOMPrevention.ts
Check test/worker/DiscoveryHeapSize.ts
Check test/worker/DiscoveryLogTimestamp.ts
Check test/worker/DiscoveryOomDiagnostics.ts
Check test/worker/DiscoveryReplayHealthReporting.ts
Check test/worker/DiscoveryReplayNoImprovementSignal_2390.ts
Check test/worker/DiscoveryReplaySegfaultDiagnostics_2357.ts
Check test/worker/DiscoveryRunShellcheckClean.ts
Check test/worker/DiscoveryScanTuning.ts
Check test/worker/DiscoveryScanV8OomSidecar.ts
Check test/worker/DiscoverySegfaultDiagnostics_2357.ts
Check test/worker/DiscoverySnapshotParquetRunDir.ts
Check test/worker/DiscoveryWorkerFallbackHealth.ts
Check test/worker/DiscoveryWorkerFallbackWiring.ts
Check test/worker/DiskGuardBuildArtefactCleanup.ts
Check test/worker/DiskGuardEmergencyCleanup.ts
Check test/worker/DiskGuardEscalation.ts
Check test/worker/DiskGuardOsTempCleanup.ts
Check test/worker/DiskGuardPurgeableMeasure.ts
Check test/worker/DiskGuardSharedCloneCleanup.ts
Check test/worker/DiskGuardSiblingCloneCleanup.ts
Check test/worker/DiskGuardStaleTrainingExtractionCleanup.ts
Check test/worker/DiskGuardUnits.ts
Check test/worker/DiskPreflightEnforce.ts
Check test/worker/DiskUsageReport.ts
Check test/worker/DiskUsageReportDuFailureCauses.ts
Check test/worker/DiskUsageReportPortableDu.ts
Check test/worker/EasySequenceBudget.ts
Check test/worker/ElephantForestsTestModeLeak.ts
Check test/worker/ElephantRunTimeouts.ts
Check test/worker/EnforceNeverMergeJson.ts
Check test/worker/EnsureNeatAiBackprop.ts
Check test/worker/EnsureNeatAiNativeScorerCircuitBreaker.ts
Check test/worker/ErrTrapDiagnostics.ts
Check test/worker/EstimateLoopBudget.ts
Check test/worker/EvolutionModeInertFlagsDropped.ts
Check test/worker/EvolutionTaskBudget.ts
Check test/worker/EvolutionTimeout.ts
Check test/worker/EvolveUnitRetry.ts
Check test/worker/ExchangeEvolutionTimeout.ts
Check test/worker/ExperimentalCreatureCleanup.ts
Check test/worker/FXEvolutionTimeout.ts
Check test/worker/FXEvolvePassCheckin.ts
Check test/worker/FXPredictionsHealth.ts
Check test/worker/FXRecordingBudget.ts
Check test/worker/FXRecordingReconciliation.ts
Check test/worker/FailLoudStack.ts
Check test/worker/FailLoudTaskExported.ts
Check test/worker/FailureReportOptionLabel.ts
Check test/worker/FeedCompletion.ts
Check test/worker/FeedCompletionWiring.ts
Check test/worker/FeedRepoCompaction.ts
Check test/worker/FetchSessionTmpHardening.ts
Check test/worker/FetchStampGuard.ts
Check test/worker/FetchTrainingDataCleanup.ts
Check test/worker/FetchTrainingDataCommitSwap.ts
Check test/worker/FetchTrainingDataErrexitState.ts
Check test/worker/FetchTrainingDataFallback.ts
Check test/worker/FetchTrainingDataRetryMessages.ts
Check test/worker/FetchTrainingDataShaTag.ts
Check test/worker/FetchTrainingDataSymlinkTraversal.ts
Check test/worker/FetchTrainingDataZipSlip.ts
Check test/worker/FileMtimeHelper.ts
Check test/worker/FinalizeResultsPartialGuard.ts
Check test/worker/Forests.ts
Check test/worker/ForestsLearnings.ts
Check test/worker/ForestsLearningsPrune.ts
Check test/worker/ForestsResidualCachePrune.ts
Check test/worker/ForestsSchedulerWeights.ts
Check test/worker/FxDailyShell.ts
Check test/worker/FxDailyTask.ts
Check test/worker/FxFetchSentimentTopics.ts
Check test/worker/FxQuarantineList.ts
Check test/worker/FxSentimentFallback.ts
Check test/worker/FxShellStageFailMarkerIsolation.ts
Check test/worker/FxStageFailLoud.ts
Check test/worker/GenerateNeatAiExploreSnapshot.ts
Check test/worker/GenerateNeatAiExploreSnapshotCargoPath.ts
Check test/worker/GenerateNeatAiExploreSnapshotToolchainGate.ts
Check test/worker/GitAuthFlapDiagnostics.ts
Check test/worker/GitCheckoutSafe.ts
Check test/worker/GitGradedSelfHeal.ts
Check test/worker/GitOperations.ts
Check test/worker/GitOperationsClassifier.ts
Check test/worker/GitPromisorStall.ts
Check test/worker/GitResetHardSafe.ts
Check test/worker/GitSafeWrappersAdoption.ts
Check test/worker/GitSelfHeal.ts
Check test/worker/GitleaksInstallChecksum.ts
Check test/worker/Grq22OomRegression.ts
Check test/worker/GrqCommitInfoPreamble.ts
Check test/worker/GrqVersionPreamble.ts
Check test/worker/HealthConflictResolution.ts
Check test/worker/HealthSyncCwd.ts
Check test/worker/HealthSyncLogging.ts
Check test/worker/HealthSyncLostRace.ts
Check test/worker/HeapClampMarkerDocs.ts
Check test/worker/HeapGrantLog.ts
Check test/worker/HostGpuPolicy.ts
Check test/worker/IDCheckinModifyDeleteRegression.ts
Check test/worker/ImpactedTestsGate.ts
Check test/worker/ImproveSquashBudgetWiring.ts
Check test/worker/ImproveSquashCannotFit.ts
Check test/worker/ImproveSquashHeapBudgetExport.ts
Check test/worker/ImproveSquashOomRegression.ts
Check test/worker/IndustryEvolutionTimeout.ts
Check test/worker/InitTeamSeed.ts
Check test/worker/IntelligentDesignAllFailLoud.ts
Check test/worker/IntelligentDesignBudget.ts
Check test/worker/IntelligentDesignFXAll.ts
Check test/worker/IntelligentDesignFXCheckinSelfHeal.ts
Check test/worker/IntelligentDesignFXNoEvolutionModeSidecar_2389.ts
Check test/worker/IntelligentDesignFXRunNativeScorer.ts
Check test/worker/IntelligentDesignFXScripts.ts
Check test/worker/IntelligentDesignFXSegfaultDiagnostics_2356.ts
Check test/worker/IntelligentDesignHeapClampSkip.ts
Check test/worker/IntelligentDesignHeapRecompute.ts
Check test/worker/IntelligentDesignNoEvolutionModeSidecar_2389.ts
Check test/worker/IntelligentDesignScoreTmpToctou.ts
Check test/worker/IntelligentDesignScripts.ts
Check test/worker/IntelligentDesignSegfaultDiagnostics_2357.ts
Check test/worker/IslandAccept.ts
Check test/worker/IslandBackpropRepair.ts
Check test/worker/IslandDiscovery.ts
Check test/worker/IslandDiscoveryPlan.ts
Check test/worker/IslandForests.ts
Check test/worker/IslandHealPool.ts
Check test/worker/IslandId.ts
Check test/worker/IslandIdDiscardFailLoud.ts
Check test/worker/IslandIdSquashFilter.ts
Check test/worker/IslandLamarck.ts
Check test/worker/IslandLamarckRepair.ts
Check test/worker/IslandOckham.ts
Check test/worker/IslandProvenanceSkip.ts
Check test/worker/IslandScoreHeal.ts
Check test/worker/IslandScoreHealPushRace.ts
Check test/worker/IslandSelect.ts
Check test/worker/IslandSelectHandledSkip.ts
Check test/worker/IslandTacit.ts
Check test/worker/IslandTaskBudget.ts
Check test/worker/JovianDnaTagging.ts
Check test/worker/JsonMergeMarkerScan.ts
Check test/worker/Lamarck.ts
Check test/worker/LearnClusterPullNeverMergesJson.ts
Check test/worker/LearnCopyNetworksSelfHeal.ts
Check test/worker/LearnDenoArgvHarness.ts
Check test/worker/LearnHeapClampSkip.ts
Check test/worker/LearnNoHardTimeout.ts
Check test/worker/LearnOomFootprintRetry.ts
Check test/worker/LearnOomSidecarEvidence.ts
Check test/worker/LearnPopulationSize.ts
Check test/worker/LearnSampleKnobs.ts
Check test/worker/LearnShMissingTimeout.ts
Check test/worker/LearnShPassthrough.ts
Check test/worker/LearnStaleCreaturePrune.ts
Check test/worker/LearnStepDownLaunch.ts
Check test/worker/LearnTrainDirFfi.ts
Check test/worker/LearnV8OomClassification.ts
Check test/worker/LearningsSyncDiagnosis.ts
Check test/worker/LeaveRepoClean.ts
Check test/worker/LocationEvolveTaskDeadline.ts
Check test/worker/LocationPerSymbolLoop.ts
Check test/worker/LogRotation.ts
Check test/worker/LowDiskToolchainCleanup.ts
Check test/worker/McmcReadoutProcedure.ts
Check test/worker/MemoryBrake.ts
Check test/worker/MemoryCalcHeapSize.ts
Check test/worker/MemoryCalcHostFloor.ts
Check test/worker/MemoryCalcMacOSAvailable.ts
Check test/worker/MemoryCalcStableBudget.ts
Check test/worker/MemoryPanicExitCode.ts
Check test/worker/ModelCheckinCsvRowGuard.ts
Check test/worker/ModelCheckinErrTrapHelperNoise.ts
Check test/worker/ModelCheckinFailureDiagnostics.ts
Check test/worker/ModelCheckinJsonCapture.ts
Check test/worker/ModelCheckinJsonZeroGuard.ts
Check test/worker/ModelCheckinModifyDeleteRegression.ts
Check test/worker/ModelCheckinPreservationSummary.ts
Check test/worker/ModelCheckinPushRuleReject.ts
Check test/worker/ModelCheckinPushRuleStranded.ts
Check test/worker/ModelCheckinScoresArchiveAutoresolve.ts
Check test/worker/ModelCheckinScoresIndexReconcile.ts
Check test/worker/ModelCheckinSidecarAutoresolve.ts
Check test/worker/ModelCheckinSidecarAutoresolveBulk.ts
Check test/worker/ModelCheckinSnapshotAutoresolve.ts
Check test/worker/ModelCheckinTimeoutPropagation.ts
Check test/worker/ModelFetchCloneCheckoutRetry.ts
Check test/worker/ModelFetchConnectivity.ts
Check test/worker/ModelFetchGitTimeout.ts
Check test/worker/ModelFetchGradedSelfHeal.ts
Check test/worker/ModelFetchPartialClone.ts
Check test/worker/ModelFetchPrefetchCheck.ts
Check test/worker/ModelFetchPreserveCheckoutRetry.ts
Check test/worker/ModelFetchPreserveOnTransientFailure.ts
Check test/worker/ModelFetchPromisorReclone.ts
Check test/worker/ModelFetchRepoNameLogged.ts
Check test/worker/ModelFetchResetFailMarker.ts
Check test/worker/ModelFetchShortCircuit.ts
Check test/worker/ModelFetchShutdownSignal.ts
Check test/worker/ModelFetchStripEmbeddedAfterReset.ts
Check test/worker/ModelFetchTempRace.ts
Check test/worker/NativeScorerSiblingFetchFailLoud.ts
Check test/worker/NeatAiCloneIntoSelf.ts
Check test/worker/NeatAiVersionGate.ts
Check test/worker/NeatAiWasmCache.ts
Check test/worker/NeverMergeJsonE2E.ts
Check test/worker/NoGenerationsEvolvedExitCode.ts
Check test/worker/NoLegacyCreatureJsonGate.ts
Check test/worker/NoRawStatFMtime.ts
Check test/worker/NoUnguardedTrainDataRm.ts
Check test/worker/NodeLogRunawayGuard.ts
Check test/worker/NodeLogTestIsolation_test.ts
Check test/worker/NodeShDiskReportOnStart.ts
Check test/worker/NodeShMaxTaskLogPush.ts
Check test/worker/NodeShOptionRotation.ts
Check test/worker/NodeShPostDispatcherReporting.ts
Check test/worker/NodeShRestoreOpts4961.ts
Check test/worker/NodeShRestoreOpts4962.ts
Check test/worker/NodeShSystemInfoDetection.ts
Check test/worker/NodeShTwoTierDiskCleanup.ts
Check test/worker/ObservationArchivePublishWiring.ts
Check test/worker/ObservationArchiveResolveDir.ts
Check test/worker/ObservationArchiveSync.ts
Check test/worker/Ockham.ts
Check test/worker/OckhamCheckin.ts
Check test/worker/OckhamLearnings.ts
Check test/worker/OckhamSchedulerWeights.ts
Check test/worker/OomGuardClassification.ts
Check test/worker/OomGuardContinuesBatch.ts
Check test/worker/PartialClonePolicy.ts
Check test/worker/PerformanceCsvOnModelChange.ts
Check test/worker/PhaseTimer.ts
Check test/worker/PidGuardDeadline.ts
Check test/worker/PoisonousCreatureSelfHealE2E.ts
Check test/worker/PopulationClampWarning.ts
Check test/worker/PortabilityGuard.ts
Check test/worker/PortableReadlink.ts
Check test/worker/PortfolioClusterPin.ts
Check test/worker/PortfolioDispatcherFailLoud.ts
Check test/worker/PortfolioHeapClampSkip.ts
Check test/worker/PortfolioShellcheckClean.ts
Check test/worker/PortfolioTaskFailureMarker.ts
Check test/worker/PortfolioTaskRaiseOnFailure.ts
Check test/worker/PostTrainDataPhases.ts
Check test/worker/PreHealthCleanup.ts
Check test/worker/PromoteEmbargoedScores.ts
Check test/worker/PublishScoresToS3.ts
Check test/worker/PurgeStrayPortfolioOrphans.ts
Check test/worker/PurgeStrayWorkers.ts
Check test/worker/QualityShExitPropagation.ts
Check test/worker/QualitySkip.ts
Check test/worker/QualityTaskFailureHardening.ts
Check test/worker/QualityTaskRaiseOnFailure.ts
Check test/worker/QualityTaskSkip.ts
Check test/worker/QualityTaskSuccessCleanup.ts
Check test/worker/QualityTestFailureDiagnostics.ts
Check test/worker/QualityWorkflowSupersedeCancel.ts
Check test/worker/QuarantinePoisonousCreatures.ts
Check test/worker/Rebase.ts
Check test/worker/RebaseCommitMessage.ts
Check test/worker/RebaseGateBaseline.ts
Check test/worker/RebasePreGate.ts
Check test/worker/RecordPerformance.ts
Check test/worker/RecordTeamPerformance.ts
Check test/worker/RefinerySamplerSwitch.ts
Check test/worker/RenameCreatureArtefact.ts
Check test/worker/RepairSourceCreature.ts
Check test/worker/RepoSyncLiveWorkerGuard.ts
Check test/worker/RepoSyncResilience.ts
Check test/worker/ReposFetchLogDirSymlink.ts
Check test/worker/ReposFetcherPath.ts
Check test/worker/ReposRequireSentiment.ts
Check test/worker/ReposSharePriceDetached.ts
Check test/worker/ResolveRebaseConflicts.ts
Check test/worker/ResultMetadata.ts
Check test/worker/RetryWithBackoff.ts
Check test/worker/RetryWithBackoffExitCode.ts
Check test/worker/RotateStaleNodeLogs.ts
Check test/worker/RunBudget.ts
Check test/worker/RunCoreArgsLog.ts
Check test/worker/RunCoreTaskDeadlineEnv.ts
Check test/worker/RunCoreWallClockCapExit.ts
Check test/worker/RunStageLogging.ts
Check test/worker/RunStageRelayDrain.ts
Check test/worker/RunSyncFailureDiagnostics.ts
Check test/worker/RustScorerAllowRunArgsHelper.ts
Check test/worker/SafeGitAdd.ts
Check test/worker/SafeGitCommitAndPushRebase.ts
Check test/worker/SamplerCheckinFloor.ts
Check test/worker/SamplerCheckinReserve.ts
Check test/worker/SamplerCheckinReserveBreach.ts
Check test/worker/SamplerCheckpointErrTrapQuiet.ts
Check test/worker/SamplerConflictAutoResolve.ts
Check test/worker/SamplerCsvCommit.ts
Check test/worker/SamplerDiskPreflight.ts
Check test/worker/SamplerDiskPreflightWiring.ts
Check test/worker/SamplerDiskReclaim.ts
Check test/worker/SamplerEnospcRetryGate.ts
Check test/worker/SamplerErrTrap.ts
Check test/worker/SamplerEvolutionTimeout.ts
Check test/worker/SamplerFinalLoop.ts
Check test/worker/SamplerGitPullSafe.ts
Check test/worker/SamplerHeapBudgetProfile.ts
Check test/worker/SamplerHeapSize.ts
Check test/worker/SamplerLifecycleShell.ts
Check test/worker/SamplerLoopBudget.ts
Check test/worker/SamplerMcmcDecision.ts
Check test/worker/SamplerModifyDeleteRegression.ts
Check test/worker/SamplerNativeScorer.ts
Check test/worker/SamplerOomFootprintRetry.ts
Check test/worker/SamplerOomRetry.ts
Check test/worker/SamplerPerformanceRecording.ts
Check test/worker/SamplerPopulationRecording.ts
Check test/worker/SamplerPopulationSweep.ts
Check test/worker/SamplerPullAutostash.ts
Check test/worker/SamplerRunSummary.ts
Check test/worker/SamplerSampleSelectionLog.ts
Check test/worker/SamplerSeedQuarantine.ts
Check test/worker/SamplerShPassthrough.ts
Check test/worker/SamplerStatsPushRetry.ts
Check test/worker/SamplerStuckDetector.ts
Check test/worker/SamplerTopologyRetry.ts
Check test/worker/SamplerTrainVariant.ts
Check test/worker/SamplerTrainingHangTrap.ts
Check test/worker/ScoreActualCheckinDeferred.ts
Check test/worker/ScoreClientHealthCategory.ts
Check test/worker/ScoreMessage.ts
Check test/worker/ScorePhaseTimerSource.ts
Check test/worker/ScorePromotePairingGate.ts
Check test/worker/ScorePublishFullSheet.ts
Check test/worker/ScoreSkipRepos.ts
Check test/worker/ScoreStageTiming.ts
Check test/worker/ScoreTailPrefetch.ts
Check test/worker/ScoreValidationCheckinDeferred.ts
Check test/worker/ScoreWriterInvocation.ts
Check test/worker/ScorerBuildFingerprint.ts
Check test/worker/ScorerChangeTrigger.ts
Check test/worker/ScorerCronDispatch.ts
Check test/worker/ScorerCronWrapper.ts
Check test/worker/ScorerEngineSplitHealth.ts
Check test/worker/ScorerFetchTolerance.ts
Check test/worker/ScorerGitUntilDeadline.ts
Check test/worker/ScorerGuardReconciliation.ts
Check test/worker/ScorerMarketDataAndTimezone.ts
Check test/worker/ScorerStrictExitCode.ts
Check test/worker/ScorerStrictRetry.ts
Check test/worker/ScorerTaskHeapStability.ts
Check test/worker/ScorerTaskSharePrices.ts
Check test/worker/ScorerTaskStageTiming.ts
Check test/worker/ScoresIndexGuard.ts
Check test/worker/ScoringProvenance.ts
Check test/worker/SeedScoreTimeoutExitCode.ts
Check test/worker/SeedSelectionLocalScore.ts
Check test/worker/SegfaultDiagnostics_2355.ts
Check test/worker/SegfaultFixture_2357.ts
Check test/worker/SelfHealStageMarkers.ts
Check test/worker/SessionSchedule.ts
Check test/worker/Sha256Wrapper.ts
Check test/worker/ShallowHistoryReclaim.ts
Check test/worker/ShallowHistoryWiring.ts
Check test/worker/SharePriceFetch.ts
Check test/worker/ShellSourceChainGate.ts
Check test/worker/ShouldPushToRemote.ts
Check test/worker/SiblingRunlibGate.ts
Check test/worker/SidecarCleanup.ts
Check test/worker/SingleCommitCheckin.ts
Check test/worker/SnapshotParquetDecodeBudget.ts
Check test/worker/SquashWeightsParity.ts
Check test/worker/StageFailMarkerHelpers.ts
Check test/worker/StageFailMarkerSymlinkIsolation.ts
Check test/worker/StageFailureContext.ts
Check test/worker/StageFailureCycleScope.ts
Check test/worker/StageFailureHealth.ts
Check test/worker/StageFailureKeepHead.ts
Check test/worker/StageFailureNesting.ts
Check test/worker/StageFailureSandboxGuard.ts
Check test/worker/StageFailureSidecar.ts
Check test/worker/StaleWindowSilenceWatchdog.ts
Check test/worker/StatisticsSnapshot.ts
Check test/worker/StrayPurgeEscalation.ts
Check test/worker/SupersessionGuard.ts
Check test/worker/SyncOpenPrs.ts
Check test/worker/SyncTrainingS3LogAppend.ts
Check test/worker/SystemMemoryPressureDiagnostics.ts
Check test/worker/TaskBudget.ts
Check test/worker/TaskCap.ts
Check test/worker/TaskDataFailureMarker.ts
Check test/worker/TaskDataSelfHeal.ts
Check test/worker/TaskDataStageOrder.ts
Check test/worker/TaskDataStageSummary.ts
Check test/worker/TeamEmoji.ts
Check test/worker/TeamLearnStageMarkers.ts
Check test/worker/TeamNameGuard.ts
Check test/worker/TeamOutputPin.ts
Check test/worker/TeamRepoPushConflictResolution.ts
Check test/worker/TeamTerminal.ts
Check test/worker/TeamsCheckinFormatJson.ts
Check test/worker/TeamsCheckinHealGate.ts
Check test/worker/TeamsCheckinPerStageFile.ts
Check test/worker/TeamsCheckinScoreMessage.ts
Check test/worker/TeamsCheckinUnscoredGuard.ts
Check test/worker/TeamsFinalStageExtend.ts
Check test/worker/TeamsGen1Feasibility.ts
Check test/worker/TeamsPurgePartialRateChampions.ts
Check test/worker/TeamsRunFinalSafetyCheck.ts
Check test/worker/TeamsRunFinalSafetyCheckSelfHeal.ts
Check test/worker/TeamsRunForwardOnlyCheck.ts
Check test/worker/TeamsRunFourStageSchedule.ts
Check test/worker/TeamsRunHeapSize.ts
Check test/worker/TeamsRunIsolatedCrisprEnabled.ts
Check test/worker/TeamsRunIsolatedDisableCRISPR.ts
Check test/worker/TeamsRunIsolatedHappyPath.ts
Check test/worker/TeamsRunIsolatedUpgradeNoSilentSkip.ts
Check test/worker/TeamsRunLoopCrashRecovery.ts
Check test/worker/TeamsRunOomRetry.ts
Check test/worker/TeamsRunOomSalvage.ts
Check test/worker/TeamsRunPerformanceCsvWiring.ts
Check test/worker/TeamsRunPopulationScaling.ts
Check test/worker/TeamsRunPurgeStrayCreatures.ts
Check test/worker/TeamsRunReseedEachLoop.ts
Check test/worker/TeamsRunSafetyPipelineRegression.ts
Check test/worker/TeamsRunSamplerCheckinOncePerRun.ts
Check test/worker/TeamsRunScriptVersion.ts
Check test/worker/TeamsRunSemverCheckLogging.ts
Check test/worker/TeamsRunTeamCrisprPolicy.ts
Check test/worker/TeamsRunTeamSelection.ts
Check test/worker/TeamsRunUpgradePath.ts
Check test/worker/TeamsRunUpgradeQuarantine.ts
Check test/worker/TeamsSquashBudgetArgs.ts
Check test/worker/TeamsWorkerFallbackFailMarker.ts
Check test/worker/TeamsWorkerSpawnBound.ts
Check test/worker/Terminal.ts
Check test/worker/TerminalDiagnostic.ts
Check test/worker/TerminalFailureMarker.ts
Check test/worker/TerminalNativeScorer.ts
Check test/worker/TestModeGuard.ts
Check test/worker/ToolchainCacheCleanup.ts
Check test/worker/ToolchainCacheDetection.ts
Check test/worker/TrainDataExchangeHeapSize.ts
Check test/worker/TrainDataExchangeResume.ts
Check test/worker/TrainDataFXResume.ts
Check test/worker/TrainDataFetchLease.ts
Check test/worker/TrainDataFetchOnly.ts
Check test/worker/TrainDataIndustryHeapSize.ts
Check test/worker/TrainDataIndustryResume.ts
Check test/worker/TrainDataLeaseCleanup.ts
Check test/worker/TrainDataLeaseProtection.ts
Check test/worker/TrainDataLocationHeapSize.ts
Check test/worker/TrainDataLocationResume.ts
Check test/worker/TrainDataMarketDataClone.ts
Check test/worker/TrainDataSentimentClone.ts
Check test/worker/TrainDataShadow.ts
Check test/worker/TrainDataStocksDataMode.ts
Check test/worker/TrainDataStocksHeapSize.ts
Check test/worker/TrainDataStocksSegmentRetryLoop.ts
Check test/worker/TrainDataTmpLeaseProtection.ts
Check test/worker/TrainDataTmpPathUniqueness.ts
Check test/worker/TrainingHangCapture.ts
Check test/worker/TrainingHangCaptureRegression.ts
Check test/worker/TrainingOutcomeHealth.ts
Check test/worker/UpdateHealthRepo.ts
Check test/worker/UpgradeAllowNet.ts
Check test/worker/UpgradeJqResilience.ts
Check test/worker/UpgradeMarkerOwnership.ts
Check test/worker/UpgradeShIntegrityCheck.ts
Check test/worker/UtcDate.ts
Check test/worker/ValidateForCheckinGate.ts
Check test/worker/ValidateJsonShell.ts
Check test/worker/ValidationCsvRowGuard.ts
Check test/worker/ValidationDataRoots.ts
Check test/worker/ValidationScoresIndexGuard.ts
Check test/worker/VersionAutoBump.ts
Check test/worker/VersionBumpGate.ts
Check test/worker/VersionBumpGateCi.ts
Check test/worker/WasmActivationHealth.ts
Check test/worker/WorkerHeapHarmonisation.ts
Check test/worker/WorkerTestsGate.ts
Check test/worker/WorldUncertaintyHealth.ts
Check test/worker/fxShell.ts
Check test/worker/memoryCalcGrowthReserve.ts
Check test/worker/memoryCalcHeadroom.ts
Check test/worker/memoryCalcRamCap.ts
Check test/worker/memoryCalcRustBudget.ts
Check test/worker/memoryCalcStableHostSizing.ts
Check test/worker/memoryStartupLog.ts
Check test/worker/shared/SparseRatio.ts
Check test/worker/shared/TrainingSampleRate.ts
Running bash -n on all shell scripts...
bash -n: checked 598 script(s)
✅ All bash scripts passed syntax check (bash -n)
✅ [no-legacy-creature-json] no retired network.json references (#4153)
✅ [portability] no GNU-only idioms outside their platform branches (#4555)
Checking worker source chains for helpers nothing sourced...
source-chain: checked 340 worker script(s)
✅ every worker script sources the helpers it calls
⚠️  sibling-runlib: gh unavailable or not authenticated — the origin/Develop probe is SKIPPED; only local checkouts can be checked (#4792)
🔎 sibling-runlib: checking 8 NEAT-AI siblings for an executable scripts/runlib.sh (#4792)
✅ scorer (NEAT-AI-scorer): local /Volumes/GRQ/Elephant/NEAT-AI-scorer/scripts/runlib.sh is executable
✅ backprop (NEAT-AI-Backpropagation): local /Volumes/GRQ/Elephant/NEAT-AI-Backpropagation/scripts/runlib.sh is executable
✅ refinery (NEAT-AI-Refinery): local /Volumes/GRQ/Elephant/NEAT-AI-Refinery/scripts/runlib.sh is executable
✅ lamarck (NEAT-AI-Lamarck): local /Volumes/GRQ/Elephant/NEAT-AI-Lamarck/scripts/runlib.sh is executable
✅ forests (NEAT-AI-Forests): local /Volumes/GRQ/Elephant/NEAT-AI-Forests/scripts/runlib.sh is executable
✅ ockham (NEAT-AI-Ockham): local /Volumes/GRQ/Elephant/NEAT-AI-Ockham/scripts/runlib.sh is executable
✅ rebase (NEAT-AI-Rebase): local /Volumes/GRQ/Elephant/NEAT-AI-Rebase/scripts/runlib.sh is executable
✅ discovery (NEAT-AI-Discovery): local /Volumes/GRQ/Elephant/NEAT-AI-Discovery/scripts/runlib.sh is executable
✅ sibling-runlib: every invoked NEAT-AI sibling ships an executable scripts/runlib.sh
Running shellcheck on all bash scripts...
✅ shellcheck passed
✅ Version-bump gate: no commits ahead of origin/Develop — nothing to gate
✅ dead-code gate passed
🧮 deno test memory plan: DENO_JOBS=2, --max-old-space-size=12288 MB per worker (aggregate ceiling 24576 MB, host 64 GB total / 34734 MB available)
....................................................................................................
....................................................................................................
....................................................................................................
....................................................................................................
....................................................................................................
....................................................................................................
....................................................................................................
....................................................................................................
....................................................................................................
....................................................................................................
....................................................................................................
....................................................................................................
....................................................................................................
....................................................................................................
....................................................................................................
....................................................................................................
....................................................................................................
....................................................................................................
....................................................................................................
....................................................................................................
....................................................................................................
....................................................................................................
....................................................................................................
....................................................................................................
....................................................................................................
....................................................................................................
....................................................................................................
....................................................................................................
....................................................................................................
....................................................................................................
....................................................................................................
....................................................................................................
....................................................................................................
....................................................................................................
....................................................................................................
....................................................................................................
....................................................................................................
....................................................................................................
....................................................................................................
....................................................................................................
....................................................................................................
....................................................................................................
....................................................................................................
....................................................................................................
....................................................................................................
....................................................................................................
....................................................................................................
....................................................................................................
....................................................................................................
....................................................................................................
....................................................................................................
....................................................................................................
....................................................................................................
....................................................................................................
...........................................................................,..,,,,,.................
....................................................................................................
....................................................................................................
....................................................................................................
....................................................................................................
....................................................................................................
....................................................................................................
....................................................................................................
....................................................................................................
....................................................................................................
....................................................................................................
....................................................................................................
....................................................................................................
....................................................................................................
....................................................................................................
..................................................................!!................................
...................................................,................................................
....................................................................................................
....................................................................................................
....................................................................................................
....................................................................................................
....................................................................................................
....................................................................................................
....................................................................................................
....................................................................................................
....................................................................................................
....................................................................................................
....................................................................................................
......................................................!...........................!.................
....................................................................................................
....................................................................................................
....................................................................................................
....................................................................................................
....................................................................................................
....................................................................................................
..........................

 ERRORS 

worker/shared/git_operations.sh — timeout and retry protection => ./test/worker/GitOperations.ts:6:6
error: Error: test_git_operations.sh exited with code 1
    throw new Error(`test_git_operations.sh exited with code ${code}`);
          ^
    at file:///Volumes/GRQ/Elephant/GRQ/test/worker/GitOperations.ts:20:11

git_operations.sh _classify_git_failure four-class detection (#2036) => ./test/worker/GitOperationsClassifier.ts:24:6
error: Error: test_git_operations.sh exited with code 1
    throw new Error(`test_git_operations.sh exited with code ${code}`);
          ^
    at file:///Volumes/GRQ/Elephant/GRQ/test/worker/GitOperationsClassifier.ts:39:11

a long git operation reports it is still running (#5167) => ./test/worker/ScorerGitUntilDeadline.ts:90:6
error: AssertionError: Values are not equal.


    [Diff] Actual / Expected


-   1
+   0

  throw new AssertionError(message);
        ^
    at assertEquals (https://jsr.io/@std/assert/1.0.19/equals.ts:67:9)
    at file:///Volumes/GRQ/Elephant/GRQ/test/worker/ScorerGitUntilDeadline.ts:101:3

the heartbeat reaches the log even when the caller captures the operation (#5167) => ./test/worker/ScorerGitUntilDeadline.ts:112:6
error: AssertionError: Values are not equal.


    [Diff] Actual / Expected


-   1
+   0

  throw new AssertionError(message);
        ^
    at assertEquals (https://jsr.io/@std/assert/1.0.19/equals.ts:67:9)
    at file:///Volumes/GRQ/Elephant/GRQ/test/worker/ScorerGitUntilDeadline.ts:124:3

 FAILURES 

worker/shared/git_operations.sh — timeout and retry protection => ./test/worker/GitOperations.ts:6:6
git_operations.sh _classify_git_failure four-class detection (#2036) => ./test/worker/GitOperationsClassifier.ts:24:6
a long git operation reports it is still running (#5167) => ./test/worker/ScorerGitUntilDeadline.ts:90:6
the heartbeat reaches the log even when the caller captures the operation (#5167) => ./test/worker/ScorerGitUntilDeadline.ts:112:6

FAILED | 8646 passed (269 steps) | 4 failed | 7 ignored (75m8s)

error: Test failed
❌ deno test failed (exit 1)
