2026-10-06T15:52:26.556Z [INFO] [History] [pid-98516] income statement( CTJN) no file
2026-10-06T15:52:26.556Z [INFO] [History] [pid-98516] Cash flow( CTJN) no file
2026-10-06T15:52:26.557Z [INFO] [History] [pid-98516] loadEarnings( HBMX) no file
2026-10-06T15:52:26.557Z [INFO] [History] [pid-98516] balanceSheet( HBMX) no file
2026-10-06T15:52:26.558Z [INFO] [History] [pid-98516] loadEarnings( HJUN) no file
2026-10-06T15:52:26.558Z [INFO] [History] [pid-98516] balanceSheet( HJUN) no file
2026-10-06T15:52:26.558Z [INFO] [History] [pid-98516] loadEarnings( IDJN) no file
2026-10-06T15:52:26.558Z [INFO] [History] [pid-98516] balanceSheet( IDJN) no file
2026-10-06T15:52:26.559Z [INFO] [History] [pid-98516] loadEarnings( JUNC) no file
2026-10-06T15:52:26.559Z [INFO] [History] [pid-98516] balanceSheet( JUNC) no file
2026-10-06T15:52:26.559Z [INFO] [History] [pid-98516] loadEarnings( NXPG) no file
2026-10-06T15:52:26.559Z [INFO] [History] [pid-98516] balanceSheet( NXPG) no file
2026-10-06T15:52:26.560Z [INFO] [History] [pid-98516] loadEarnings( QJN) no file
2026-10-06T15:52:26.560Z [INFO] [History] [pid-98516] balanceSheet( QJN) no file
2026-10-06T15:52:26.560Z [INFO] [History] [pid-98516] loadEarnings( QQJN) no file
2026-10-06T15:52:26.560Z [INFO] [History] [pid-98516] balanceSheet( QQJN) no file
2026-10-06T15:52:26.561Z [INFO] [History] [pid-98516] loadEarnings( SCJN) no file
2026-10-06T15:52:26.561Z [INFO] [History] [pid-98516] balanceSheet( SCJN) no file
2026-10-06T15:52:26.561Z [INFO] [History] [pid-98516] income statement( EMJN) no file
2026-10-06T15:52:26.561Z [INFO] [History] [pid-98516] Cash flow( EMJN) no file
2026-10-06T15:52:26.562Z [INFO] [History] [pid-98516] loadEarnings( ZINC) no file
2026-10-06T15:52:26.562Z [INFO] [History] [pid-98516] balanceSheet( ZINC) no file
2026-10-06T15:52:26.563Z [INFO] [History] [pid-98516] loadEarnings( AAAD) no file
2026-10-06T15:52:26.563Z [INFO] [History] [pid-98516] balanceSheet( AAAD) no file
2026-10-06T15:52:26.565Z [INFO] [History] [pid-98516] loadEarnings( ACGO) no file
2026-10-06T15:52:26.565Z [INFO] [History] [pid-98516] balanceSheet( ACGO) no file
2026-10-06T15:52:26.566Z [INFO] [History] [pid-98516] income statement( HBMX) no file
2026-10-06T15:52:26.566Z [INFO] [History] [pid-98516] Cash flow( HBMX) no file
2026-10-06T15:52:26.566Z [INFO] [History] [pid-98516] income statement( HJUN) no file
2026-10-06T15:52:26.566Z [INFO] [History] [pid-98516] Cash flow( HJUN) no file
2026-10-06T15:52:26.566Z [INFO] [History] [pid-98516] income statement( IDJN) no file
2026-10-06T15:52:26.566Z [INFO] [History] [pid-98516] Cash flow( IDJN) no file
2026-10-06T15:52:26.566Z [INFO] [History] [pid-98516] income statement( JUNC) no file
2026-10-06T15:52:26.566Z [INFO] [History] [pid-98516] Cash flow( JUNC) no file
2026-10-06T15:52:26.566Z [INFO] [History] [pid-98516] income statement( NXPG) no file
2026-10-06T15:52:26.566Z [INFO] [History] [pid-98516] Cash flow( NXPG) no file
2026-10-06T15:52:26.567Z [INFO] [History] [pid-98516] income statement( QJN) no file
2026-10-06T15:52:26.567Z [INFO] [History] [pid-98516] Cash flow( QJN) no file
2026-10-06T15:52:26.567Z [INFO] [History] [pid-98516] income statement( QQJN) no file
2026-10-06T15:52:26.567Z [INFO] [History] [pid-98516] Cash flow( QQJN) no file
2026-10-06T15:52:26.567Z [INFO] [History] [pid-98516] income statement( SCJN) no file
2026-10-06T15:52:26.567Z [INFO] [History] [pid-98516] Cash flow( SCJN) no file
2026-10-06T15:52:26.569Z [INFO] [History] [pid-98516] income statement( ZINC) no file
2026-10-06T15:52:26.569Z [INFO] [History] [pid-98516] Cash flow( ZINC) no file
2026-10-06T15:52:26.570Z [INFO] [History] [pid-98516] income statement( AAAD) no file
2026-10-06T15:52:26.570Z [INFO] [History] [pid-98516] Cash flow( AAAD) no file
2026-10-06T15:52:26.571Z [INFO] [History] [pid-98516] income statement( ACGO) no file
2026-10-06T15:52:26.571Z [INFO] [History] [pid-98516] Cash flow( ACGO) no file
2026-10-06T15:52:26.572Z [INFO] [History] [pid-98516] Unknown asset type: UNIT {"Symbol":"APMCU","AssetType":"UNIT","Name":"AmperCap Acquisition Company Unit","Description":"AmperCap Acquisition Company Unit (APMCU) is a special purpose acquisition company (SPAC) dedicated to merging with technology-driven enterprises, primarily within the financial services and fintech sectors. Leveraging the extensive expertise of its management team, APMCU is strategically positioned to capture growth opportunities in innovative markets. The company is focused on facilitating transformative transactions that enhance value for investors while promoting operational efficiencies in post-merger landscapes. As the SPAC market progresses, APMCU aims to distinguish itself by identifying high-potential targets ready to thrive in the public market environment.","CIK":"None","Exchange":"NASDAQ","Currency":"USD","Country":"USA","Sector":"FINANCIAL SERVICES","Industry":"SHELL COMPANIES","Address":"12 EAST 49TH STREET, NEW YORK, NY, UNITED STATES, 10017","OfficialSite":"None","FiscalYearEnd":"December","LatestQuarter":"2026-06-30","MarketCapitalization":"None","EBITDA":"None","PERatio":"None","PEGRatio":"None","BookValue":"0.039","DividendPerShare":"None","DividendYield":"None","EPS":"None","RevenuePerShareTTM":"0","ProfitMargin":"0","OperatingMarginTTM":"0","ReturnOnAssetsTTM":"0","ReturnOnEquityTTM":"0","RevenueTTM":"0","GrossProfitTTM":"0","DilutedEPSTTM":"0","QuarterlyEarningsGrowthYOY":"0","QuarterlyRevenueGrowthYOY":"0","AnalystTargetPrice":"None","AnalystRatingStrongBuy":"-","AnalystRatingBuy":"-","AnalystRatingHold":"-","AnalystRatingSell":"-","AnalystRatingStrongSell":"-","TrailingPE":"-","ForwardPE":"-","PriceToSalesRatioTTM":"-","PriceToBookRatio":"-","EVToRevenue":"-","EVToEBITDA":"-","Beta":"None","52WeekHigh":"10.1","52WeekLow":"9.97","50DayMovingAverage":"10.02","200DayMovingAverage":"10.02","SharesOutstanding":"0","SharesFloat":"18326000","PercentInsiders":"1.895","PercentInstitutions":"68.745","DividendDate":"None","ExDividendDate":"None"}
2026-10-06T15:52:26.574Z [INFO] [History] [pid-98516] loadEarnings( EMXX) no file
2026-10-06T15:52:26.574Z [INFO] [History] [pid-98516] balanceSheet( EMXX) no file
2026-10-06T15:52:26.574Z [INFO] [History] [pid-98516] loadEarnings( EUVX) no file
2026-10-06T15:52:26.574Z [INFO] [History] [pid-98516] balanceSheet( EUVX) no file
2026-10-06T15:52:26.576Z [INFO] [History] [pid-98516] balanceSheet( MGKX) no file
2026-10-06T15:52:26.578Z [INFO] [History] [pid-98516] Unknown asset type: UNIT {"Symbol":"KEYYU","AssetType":"UNIT","Name":"Keystone Acquisition Corp. Unit","Description":"Keystone Acquisition Corp. is a special purpose acquisition company (SPAC) dedicated to identifying and merging with high-growth enterprises across diverse sectors. Leveraging the extensive experience and network of its management team, Keystone aims to create substantial value for shareholders by facilitating the transition of promising private companies into the public market. With a strategic focus on emerging trends and dynamic opportunities, Keystone presents an appealing investment proposition for institutional investors looking to capitalize on innovative and rapidly evolving industries.","CIK":"None","Exchange":"NASDAQ","Currency":"USD","Country":"USA","Sector":"FINANCIAL SERVICES","Industry":"SHELL COMPANIES","Address":"142 WEST 57 TH STREET, NEW YORK, NY, UNITED STATES, 10019","OfficialSite":"https://www.keystoneSPAC.com","FiscalYearEnd":"December","LatestQuarter":"2026-06-30","MarketCapitalization":"None","EBITDA":"None","PERatio":"None","PEGRatio":"None","BookValue":"-0.276","DividendPerShare":"None","DividendYield":"None","EPS":"None","RevenuePerShareTTM":"0","ProfitMargin":"0","OperatingMarginTTM":"0","ReturnOnAssetsTTM":"0","ReturnOnEquityTTM":"0","RevenueTTM":"0","GrossProfitTTM":"0","DilutedEPSTTM":"0","QuarterlyEarningsGrowthYOY":"0","QuarterlyRevenueGrowthYOY":"0","AnalystTargetPrice":"None","AnalystRatingStrongBuy":"-","AnalystRatingBuy":"-","AnalystRatingHold":"-","AnalystRatingSell":"-","AnalystRatingStrongSell":"-","TrailingPE":"-","ForwardPE":"-","PriceToSalesRatioTTM":"-","PriceToBookRatio":"-","EVToRevenue":"-","EVToEBITDA":"-","Beta":"None","52WeekHigh":"10.47","52WeekLow":"10","50DayMovingAverage":"10.12","200DayMovingAverage":"10.1","SharesOutstanding":"0","SharesFloat":"28750000","PercentInsiders":"0.000","PercentInstitutions":"46.721","DividendDate":"None","ExDividendDate":"None"}
2026-10-06T15:52:26.581Z [INFO] [History] [pid-98516] loadEarnings( VBX) no file
2026-10-06T15:52:26.581Z [INFO] [History] [pid-98516] balanceSheet( VBX) no file
2026-10-06T15:52:26.581Z [INFO] [History] [pid-98516] loadEarnings( VOOX) no file
2026-10-06T15:52:26.581Z [INFO] [History] [pid-98516] balanceSheet( VOOX) no file
2026-10-06T15:52:26.582Z [INFO] [History] [pid-98516] loadEarnings( WEBX) no file
2026-10-06T15:52:26.582Z [INFO] [History] [pid-98516] balanceSheet( WEBX) no file
2026-10-06T15:52:26.587Z [INFO] [History] [pid-98516] income statement( EMXX) no file
2026-10-06T15:52:26.587Z [INFO] [History] [pid-98516] Cash flow( EMXX) no file
2026-10-06T15:52:26.587Z [INFO] [History] [pid-98516] income statement( EUVX) no file
2026-10-06T15:52:26.587Z [INFO] [History] [pid-98516] Cash flow( EUVX) no file
2026-10-06T15:52:26.593Z [INFO] [History] [pid-98516] income statement( MGKX) no file
2026-10-06T15:52:26.593Z [INFO] [History] [pid-98516] Cash flow( MGKX) no file
2026-10-06T15:52:26.616Z [INFO] [History] [pid-98516] loadEarnings( XAGI) no file
2026-10-06T15:52:26.616Z [INFO] [History] [pid-98516] balanceSheet( XAGI) no file
2026-10-06T15:52:26.633Z [INFO] [History] [pid-98516] income statement( VBX) no file
2026-10-06T15:52:26.633Z [INFO] [History] [pid-98516] Cash flow( VBX) no file
2026-10-06T15:52:26.633Z [INFO] [History] [pid-98516] income statement( VOOX) no file
2026-10-06T15:52:26.633Z [INFO] [History] [pid-98516] Cash flow( VOOX) no file
2026-10-06T15:52:26.633Z [INFO] [History] [pid-98516] income statement( WEBX) no file
2026-10-06T15:52:26.633Z [INFO] [History] [pid-98516] Cash flow( WEBX) no file
2026-10-06T15:52:26.649Z [INFO] [History] [pid-98516] loadEarnings( XBIX) no file
2026-10-06T15:52:26.649Z [INFO] [History] [pid-98516] balanceSheet( XBIX) no file
2026-10-06T15:52:26.649Z [INFO] [History] [pid-98516] loadEarnings( XEUR) no file
2026-10-06T15:52:26.649Z [INFO] [History] [pid-98516] balanceSheet( XEUR) no file
2026-10-06T15:52:26.650Z [INFO] [History] [pid-98516] loadEarnings( XHOA) no file
2026-10-06T15:52:26.650Z [INFO] [History] [pid-98516] balanceSheet( XHOA) no file
2026-10-06T15:52:26.650Z [INFO] [History] [pid-98516] loadEarnings( XIWC) no file
2026-10-06T15:52:26.650Z [INFO] [History] [pid-98516] balanceSheet( XIWC) no file
2026-10-06T15:52:26.651Z [INFO] [History] [pid-98516] loadEarnings( XKRE) no file
2026-10-06T15:52:26.651Z [INFO] [History] [pid-98516] balanceSheet( XKRE) no file
2026-10-06T15:52:26.651Z [INFO] [History] [pid-98516] loadEarnings( XLBX) no file
2026-10-06T15:52:26.651Z [INFO] [History] [pid-98516] balanceSheet( XLBX) no file
2026-10-06T15:52:26.652Z [INFO] [History] [pid-98516] income statement( XAGI) no file
2026-10-06T15:52:26.652Z [INFO] [History] [pid-98516] Cash flow( XAGI) no file
2026-10-06T15:52:26.652Z [INFO] [History] [pid-98516] loadEarnings( XLEX) no file
2026-10-06T15:52:26.652Z [INFO] [History] [pid-98516] balanceSheet( XLEX) no file
2026-10-06T15:52:26.653Z [INFO] [History] [pid-98516] loadEarnings( XLFX) no file
2026-10-06T15:52:26.657Z [INFO] [History] [pid-98516] balanceSheet( XLFX) no file
2026-10-06T15:52:26.658Z [INFO] [History] [pid-98516] loadEarnings( XLIX) no file
2026-10-06T15:52:26.669Z [INFO] [History] [pid-98516] balanceSheet( XLIX) no file
2026-10-06T15:52:26.670Z [INFO] [History] [pid-98516] loadEarnings( XLKX) no file
2026-10-06T15:52:26.670Z [INFO] [History] [pid-98516] balanceSheet( XLKX) no file
2026-10-06T15:52:26.671Z [INFO] [History] [pid-98516] loadEarnings( XLPX) no file
2026-10-06T15:52:26.671Z [INFO] [History] [pid-98516] balanceSheet( XLPX) no file
2026-10-06T15:52:26.671Z [INFO] [History] [pid-98516] loadEarnings( XLUX) no file
2026-10-06T15:52:26.671Z [INFO] [History] [pid-98516] balanceSheet( XLUX) no file
2026-10-06T15:52:26.672Z [INFO] [History] [pid-98516] loadEarnings( XLVX) no file
2026-10-06T15:52:26.672Z [INFO] [History] [pid-98516] balanceSheet( XLVX) no file
2026-10-06T15:52:26.672Z [INFO] [History] [pid-98516] income statement( XBIX) no file
2026-10-06T15:52:26.672Z [INFO] [History] [pid-98516] Cash flow( XBIX) no file
2026-10-06T15:52:26.672Z [INFO] [History] [pid-98516] income statement( XEUR) no file
2026-10-06T15:52:26.672Z [INFO] [History] [pid-98516] Cash flow( XEUR) no file
2026-10-06T15:52:26.672Z [INFO] [History] [pid-98516] income statement( XHOA) no file
2026-10-06T15:52:26.673Z [INFO] [History] [pid-98516] Cash flow( XHOA) no file
2026-10-06T15:52:26.673Z [INFO] [History] [pid-98516] income statement( XIWC) no file
2026-10-06T15:52:26.673Z [INFO] [History] [pid-98516] Cash flow( XIWC) no file
2026-10-06T15:52:26.673Z [INFO] [History] [pid-98516] income statement( XKRE) no file
2026-10-06T15:52:26.673Z [INFO] [History] [pid-98516] Cash flow( XKRE) no file
2026-10-06T15:52:26.673Z [INFO] [History] [pid-98516] income statement( XLBX) no file
2026-10-06T15:52:26.673Z [INFO] [History] [pid-98516] Cash flow( XLBX) no file
2026-10-06T15:52:26.675Z [INFO] [History] [pid-98516] loadEarnings( XLYX) no file
2026-10-06T15:52:26.675Z [INFO] [History] [pid-98516] balanceSheet( XLYX) no file
2026-10-06T15:52:26.676Z [INFO] [History] [pid-98516] loadEarnings( XPAV) no file
2026-10-06T15:52:26.676Z [INFO] [History] [pid-98516] balanceSheet( XPAV) no file
2026-10-06T15:52:26.677Z [INFO] [History] [pid-98516] income statement( XLEX) no file
2026-10-06T15:52:26.677Z [INFO] [History] [pid-98516] Cash flow( XLEX) no file
2026-10-06T15:52:26.677Z [INFO] [History] [pid-98516] income statement( XLFX) no file
2026-10-06T15:52:26.677Z [INFO] [History] [pid-98516] Cash flow( XLFX) no file
2026-10-06T15:52:26.677Z [INFO] [History] [pid-98516] income statement( XLIX) no file
2026-10-06T15:52:26.677Z [INFO] [History] [pid-98516] Cash flow( XLIX) no file
2026-10-06T15:52:26.677Z [INFO] [History] [pid-98516] income statement( XLKX) no file
2026-10-06T15:52:26.678Z [INFO] [History] [pid-98516] Cash flow( XLKX) no file
2026-10-06T15:52:26.678Z [INFO] [History] [pid-98516] income statement( XLPX) no file
2026-10-06T15:52:26.678Z [INFO] [History] [pid-98516] Cash flow( XLPX) no file
2026-10-06T15:52:26.678Z [INFO] [History] [pid-98516] income statement( XLUX) no file
2026-10-06T15:52:26.678Z [INFO] [History] [pid-98516] Cash flow( XLUX) no file
2026-10-06T15:52:26.678Z [INFO] [History] [pid-98516] income statement( XLVX) no file
2026-10-06T15:52:26.678Z [INFO] [History] [pid-98516] Cash flow( XLVX) no file
2026-10-06T15:52:26.679Z [INFO] [History] [pid-98516] loadEarnings( XSEM) no file
2026-10-06T15:52:26.680Z [INFO] [History] [pid-98516] balanceSheet( XSEM) no file
2026-10-06T15:52:26.680Z [INFO] [History] [pid-98516] loadEarnings( XTAI) no file
2026-10-06T15:52:26.680Z [INFO] [History] [pid-98516] balanceSheet( XTAI) no file
2026-10-06T15:52:26.680Z [INFO] [History] [pid-98516] loadEarnings( XVO) no file
2026-10-06T15:52:26.680Z [INFO] [History] [pid-98516] balanceSheet( XVO) no file
2026-10-06T15:52:26.681Z [INFO] [History] [pid-98516] loadEarnings( XVUG) no file
2026-10-06T15:52:26.681Z [INFO] [History] [pid-98516] balanceSheet( XVUG) no file
2026-10-06T15:52:26.683Z [INFO] [History] [pid-98516] income statement( XLYX) no file
2026-10-06T15:52:26.683Z [INFO] [History] [pid-98516] Cash flow( XLYX) no file
2026-10-06T15:52:26.683Z [INFO] [History] [pid-98516] income statement( XPAV) no file
2026-10-06T15:52:26.683Z [INFO] [History] [pid-98516] Cash flow( XPAV) no file
2026-10-06T15:52:26.695Z [INFO] [History] [pid-98516] loadEarnings( XW) no file
2026-10-06T15:52:26.695Z [INFO] [History] [pid-98516] balanceSheet( XW) no file
2026-10-06T15:52:26.697Z [INFO] [History] [pid-98516] loadEarnings( CBIL) no file
2026-10-06T15:52:26.697Z [INFO] [History] [pid-98516] balanceSheet( CBIL) no file
2026-10-06T15:52:26.697Z [INFO] [History] [pid-98516] loadEarnings( CGOV) no file
2026-10-06T15:52:26.697Z [INFO] [History] [pid-98516] balanceSheet( CGOV) no file
2026-10-06T15:52:26.698Z [INFO] [History] [pid-98516] loadEarnings( CHYG) no file
2026-10-06T15:52:26.698Z [INFO] [History] [pid-98516] balanceSheet( CHYG) no file
2026-10-06T15:52:26.698Z [INFO] [History] [pid-98516] loadEarnings( CIVG) no file
2026-10-06T15:52:26.698Z [INFO] [History] [pid-98516] balanceSheet( CIVG) no file
2026-10-06T15:52:26.699Z [INFO] [History] [pid-98516] loadEarnings( CUST) no file
2026-10-06T15:52:26.699Z [INFO] [History] [pid-98516] balanceSheet( CUST) no file
2026-10-06T15:52:26.700Z [INFO] [History] [pid-98516] income statement( XSEM) no file
2026-10-06T15:52:26.700Z [INFO] [History] [pid-98516] Cash flow( XSEM) no file
2026-10-06T15:52:26.700Z [INFO] [History] [pid-98516] income statement( XTAI) no file
2026-10-06T15:52:26.700Z [INFO] [History] [pid-98516] Cash flow( XTAI) no file
2026-10-06T15:52:26.700Z [INFO] [History] [pid-98516] income statement( XVO) no file
2026-10-06T15:52:26.700Z [INFO] [History] [pid-98516] Cash flow( XVO) no file
2026-10-06T15:52:26.700Z [INFO] [History] [pid-98516] income statement( XVUG) no file
2026-10-06T15:52:26.700Z [INFO] [History] [pid-98516] Cash flow( XVUG) no file
2026-10-06T15:52:26.705Z [INFO] [History] [pid-98516] income statement( XW) no file
2026-10-06T15:52:26.705Z [INFO] [History] [pid-98516] Cash flow( XW) no file
2026-10-06T15:52:26.706Z [INFO] [History] [pid-98516] income statement( CBIL) no file
2026-10-06T15:52:26.706Z [INFO] [History] [pid-98516] Cash flow( CBIL) no file
2026-10-06T15:52:26.706Z [INFO] [History] [pid-98516] income statement( CGOV) no file
2026-10-06T15:52:26.706Z [INFO] [History] [pid-98516] Cash flow( CGOV) no file
2026-10-06T15:52:26.706Z [INFO] [History] [pid-98516] income statement( CHYG) no file
2026-10-06T15:52:26.706Z [INFO] [History] [pid-98516] Cash flow( CHYG) no file
2026-10-06T15:52:26.706Z [INFO] [History] [pid-98516] income statement( CIVG) no file
2026-10-06T15:52:26.706Z [INFO] [History] [pid-98516] Cash flow( CIVG) no file
2026-10-06T15:52:26.707Z [INFO] [History] [pid-98516] income statement( CUST) no file
2026-10-06T15:52:26.707Z [INFO] [History] [pid-98516] Cash flow( CUST) no file
2026-10-06T15:52:26.708Z [INFO] [History] [pid-98516] Unknown asset type: UNIT {"Symbol":"IPVVU","AssetType":"UNIT","Name":"InterPrivate Investment Partners V, Inc. Units","Description":"InterPrivate Investment Partners V, Inc. Units (IPVVU) is a special purpose acquisition company (SPAC) dedicated to identifying and merging with high-potential growth-oriented firms primarily within the technology and financial services sectors. Led by a seasoned management team, IPVVU employs a strategic investment approach that leverages industry connections to enhance shareholder value. As a publicly traded SPAC, IPVVU offers institutional investors a unique opportunity to gain exposure to transformative acquisition opportunities poised for significant returns in a rapidly evolving market landscape.","CIK":"None","Exchange":"NASDAQ","Currency":"USD","Country":"USA","Sector":"FINANCIAL SERVICES","Industry":"SHELL COMPANIES","Address":"1350 AVENUE OF THE AMERICAS, NEW YORK, NY, UNITED STATES, 10019","OfficialSite":"None","FiscalYearEnd":"December","LatestQuarter":"2026-06-30","MarketCapitalization":"None","EBITDA":"None","PERatio":"None","PEGRatio":"None","BookValue":"7.56","DividendPerShare":"None","DividendYield":"None","EPS":"None","RevenuePerShareTTM":"0","ProfitMargin":"0","OperatingMarginTTM":"0","ReturnOnAssetsTTM":"0","ReturnOnEquityTTM":"0","RevenueTTM":"0","GrossProfitTTM":"0","DilutedEPSTTM":"0","QuarterlyEarningsGrowthYOY":"0","QuarterlyRevenueGrowthYOY":"0","AnalystTargetPrice":"None","AnalystRatingStrongBuy":"-","AnalystRatingBuy":"-","AnalystRatingHold":"-","AnalystRatingSell":"-","AnalystRatingStrongSell":"-","TrailingPE":"-","ForwardPE":"-","PriceToSalesRatioTTM":"-","PriceToBookRatio":"-","EVToRevenue":"-","EVToEBITDA":"-","Beta":"None","52WeekHigh":"10","52WeekLow":"9.9","50DayMovingAverage":"9.92","200DayMovingAverage":"9.93","SharesOutstanding":"0","SharesFloat":"0","PercentInsiders":"1.766","PercentInstitutions":"92.011","DividendDate":"None","ExDividendDate":"None"}
2026-10-06T15:52:26.713Z [INFO] [History] [pid-98516] loadEarnings( LGL-R-W) no file
2026-10-06T15:52:26.713Z [INFO] [History] [pid-98516] balanceSheet( LGL-R-W) no file
2026-10-06T15:52:26.721Z [INFO] [History] [pid-98516] Unknown asset type: UNIT {"Symbol":"LTGRU","AssetType":"UNIT","Name":"Long Table Growth Corp. Units","Description":"Long Table Growth Corp. Units (LTGRU) is a dynamic investment vehicle focused on identifying and acquiring high-growth companies within the food, beverage, and agricultural sectors. Leveraging expert insights and strategic partnerships, LTGRU aims to foster innovation and scalability in its portfolio, positioning itself to capitalize on emerging trends in the market. With a commitment to sustainable practices and consumer-oriented solutions, Long Table Growth is poised to deliver strong returns for institutional investors seeking exposure to the burgeoning growth in the agribusiness landscape.","CIK":"None","Exchange":"NASDAQ","Currency":"USD","Country":"USA","Sector":"FINANCIAL SERVICES","Industry":"SHELL COMPANIES","Address":"8400 WESTCHESTER DRIVE, DALLAS, TX, UNITED STATES, 75225","OfficialSite":"https://longtablepartners.com","FiscalYearEnd":"December","LatestQuarter":"2026-06-30","MarketCapitalization":"None","EBITDA":"None","PERatio":"None","PEGRatio":"None","BookValue":"-378.56","DividendPerShare":"None","DividendYield":"None","EPS":"None","RevenuePerShareTTM":"0","ProfitMargin":"0","OperatingMarginTTM":"0","ReturnOnAssetsTTM":"0","ReturnOnEquityTTM":"0","RevenueTTM":"0","GrossProfitTTM":"0","DilutedEPSTTM":"0","QuarterlyEarningsGrowthYOY":"0","QuarterlyRevenueGrowthYOY":"0","AnalystTargetPrice":"None","AnalystRatingStrongBuy":"-","AnalystRatingBuy":"-","AnalystRatingHold":"-","AnalystRatingSell":"-","AnalystRatingStrongSell":"-","TrailingPE":"-","ForwardPE":"-","PriceToSalesRatioTTM":"-","PriceToBookRatio":"-","EVToRevenue":"-","EVToEBITDA":"-","Beta":"None","52WeekHigh":"10.53","52WeekLow":"9.75","50DayMovingAverage":"10.09","200DayMovingAverage":"10.06","SharesOutstanding":"0","SharesFloat":"15660700","PercentInsiders":"0.000","PercentInstitutions":"98.110","DividendDate":"None","ExDividendDate":"None"}
2026-10-06T15:52:26.724Z [INFO] [History] [pid-98516] loadEarnings( WYFL) no file
2026-10-06T15:52:26.724Z [INFO] [History] [pid-98516] balanceSheet( WYFL) no file
2026-10-06T15:52:26.724Z [INFO] [History] [pid-98516] loadEarnings( YCLO) no file
2026-10-06T15:52:26.725Z [INFO] [History] [pid-98516] balanceSheet( YCLO) no file
2026-10-06T15:52:26.726Z [INFO] [History] [pid-98516] loadEarnings( INFH) no file
2026-10-06T15:52:26.727Z [INFO] [History] [pid-98516] balanceSheet( INFH) no file
2026-10-06T15:52:26.727Z [INFO] [History] [pid-98516] income statement( LGL-R-W) no file
2026-10-06T15:52:26.727Z [INFO] [History] [pid-98516] Cash flow( LGL-R-W) no file
2026-10-06T15:52:26.736Z [INFO] [History] [pid-98516] loadEarnings( PCPP) no file
2026-10-06T15:52:26.737Z [INFO] [History] [pid-98516] balanceSheet( PCPP) no file
2026-10-06T15:52:26.737Z [INFO] [History] [pid-98516] loadEarnings( AQLG) no file
2026-10-06T15:52:26.737Z [INFO] [History] [pid-98516] balanceSheet( AQLG) no file
2026-10-06T15:52:26.737Z [INFO] [History] [pid-98516] income statement( WYFL) no file
2026-10-06T15:52:26.737Z [INFO] [History] [pid-98516] Cash flow( WYFL) no file
2026-10-06T15:52:26.738Z [INFO] [History] [pid-98516] income statement( YCLO) no file
2026-10-06T15:52:26.738Z [INFO] [History] [pid-98516] Cash flow( YCLO) no file
2026-10-06T15:52:26.739Z [INFO] [History] [pid-98516] income statement( INFH) no file
2026-10-06T15:52:26.739Z [INFO] [History] [pid-98516] Cash flow( INFH) no file
2026-10-06T15:52:26.740Z [INFO] [History] [pid-98516] loadEarnings( FPAA) no file
2026-10-06T15:52:26.741Z [INFO] [History] [pid-98516] balanceSheet( FPAA) no file
2026-10-06T15:52:26.742Z [INFO] [History] [pid-98516] balanceSheet( FRTT) no file
2026-10-06T15:52:26.742Z [INFO] [History] [pid-98516] loadEarnings( LGL-R) no file
2026-10-06T15:52:26.742Z [INFO] [History] [pid-98516] balanceSheet( LGL-R) no file
2026-10-06T15:52:26.744Z [INFO] [History] [pid-98516] income statement( PCPP) no file
2026-10-06T15:52:26.744Z [INFO] [History] [pid-98516] Cash flow( PCPP) no file
2026-10-06T15:52:26.744Z [INFO] [History] [pid-98516] income statement( AQLG) no file
2026-10-06T15:52:26.744Z [INFO] [History] [pid-98516] Cash flow( AQLG) no file
2026-10-06T15:52:26.748Z [INFO] [History] [pid-98516] loadEarnings( SLWS) no file
2026-10-06T15:52:26.748Z [INFO] [History] [pid-98516] balanceSheet( SLWS) no file
2026-10-06T15:52:26.751Z [INFO] [History] [pid-98516] income statement( FPAA) no file
2026-10-06T15:52:26.751Z [INFO] [History] [pid-98516] Cash flow( FPAA) no file
2026-10-06T15:52:26.751Z [INFO] [History] [pid-98516] income statement( FRTT) no file
2026-10-06T15:52:26.752Z [INFO] [History] [pid-98516] Cash flow( FRTT) no file
2026-10-06T15:52:26.752Z [INFO] [History] [pid-98516] income statement( LGL-R) no file
2026-10-06T15:52:26.752Z [INFO] [History] [pid-98516] Cash flow( LGL-R) no file
2026-10-06T15:52:26.767Z [INFO] [History] [pid-98516] income statement( SLWS) no file
2026-10-06T15:52:26.767Z [INFO] [History] [pid-98516] Cash flow( SLWS) no file
2026-10-06T15:52:26.779Z [INFO] [History] [pid-98516] balanceSheet( APURR) no file
2026-10-06T15:52:26.817Z [INFO] [History] [pid-98516] Cash flow( APURR) no file
2026-10-06T15:52:26.826Z [INFO] [History] [pid-98516] balanceSheet( ATLQU) no file
2026-10-06T15:52:26.839Z [INFO] [History] [pid-98516] Unknown asset type: UNIT {"Symbol":"ATLQU","AssetType":"UNIT","Name":"JAB Acquisition Corp I Unit","Description":"JAB Acquisition Corp I focuses on effecting a merger, amalgamation, share exchange, asset acquisition, share purchase, reorganization, or similar business combination with one or more businesses. The company is headquartered in Englewood Cliffs, New Jersey.","CIK":"None","Exchange":"NASDAQ","Currency":"USD","Country":"USA","Sector":"FINANCIAL SERVICES","Industry":"SHELL COMPANIES","Address":"270 SYLVAN AVE., ENGLEWOOD CLIFFS, NJ, UNITED STATES, 07632","OfficialSite":"None","FiscalYearEnd":"None","LatestQuarter":"2026-06-30","MarketCapitalization":"None","EBITDA":"None","PERatio":"None","PEGRatio":"None","BookValue":"0.01","DividendPerShare":"None","DividendYield":"None","EPS":"None","RevenuePerShareTTM":"0","ProfitMargin":"0","OperatingMarginTTM":"0","ReturnOnAssetsTTM":"0","ReturnOnEquityTTM":"0","RevenueTTM":"0","GrossProfitTTM":"0","DilutedEPSTTM":"0","QuarterlyEarningsGrowthYOY":"0","QuarterlyRevenueGrowthYOY":"0","AnalystTargetPrice":"None","AnalystRatingStrongBuy":"-","AnalystRatingBuy":"-","AnalystRatingHold":"-","AnalystRatingSell":"-","AnalystRatingStrongSell":"-","TrailingPE":"-","ForwardPE":"-","PriceToSalesRatioTTM":"-","PriceToBookRatio":"-","EVToRevenue":"-","EVToEBITDA":"-","Beta":"None","52WeekHigh":"10.19","52WeekLow":"10.05","50DayMovingAverage":"10.1","200DayMovingAverage":"10.08","SharesOutstanding":"0","SharesFloat":"0","PercentInsiders":"7.992","PercentInstitutions":"90.587","DividendDate":"None","ExDividendDate":"None"}
2026-10-06T15:52:26.936Z [INFO] [History] [pid-98516] loadEarnings( NUIF) no file
2026-10-06T15:52:26.936Z [INFO] [History] [pid-98516] balanceSheet( NUIF) no file
2026-10-06T15:52:26.952Z [INFO] [History] [pid-98516] income statement( NUIF) no file
2026-10-06T15:52:26.952Z [INFO] [History] [pid-98516] Cash flow( NUIF) no file
2026-10-06T15:52:26.988Z [INFO] [History] [pid-98516] loadEarnings( WELD) no file
2026-10-06T15:52:26.988Z [INFO] [History] [pid-98516] balanceSheet( WELD) no file
2026-10-06T15:52:26.993Z [INFO] [History] [pid-98516] loadEarnings( BKLG) no file
2026-10-06T15:52:26.993Z [INFO] [History] [pid-98516] balanceSheet( BKLG) no file
2026-10-06T15:52:26.994Z [INFO] [History] [pid-98516] loadEarnings( CDNG) no file
2026-10-06T15:52:26.994Z [INFO] [History] [pid-98516] balanceSheet( CDNG) no file
2026-10-06T15:52:27.000Z [INFO] [History] [pid-98516] income statement( WELD) no file
2026-10-06T15:52:27.000Z [INFO] [History] [pid-98516] Cash flow( WELD) no file
2026-10-06T15:52:27.024Z [INFO] [History] [pid-98516] income statement( BKLG) no file
2026-10-06T15:52:27.024Z [INFO] [History] [pid-98516] Cash flow( BKLG) no file
2026-10-06T15:52:27.024Z [INFO] [History] [pid-98516] income statement( CDNG) no file
2026-10-06T15:52:27.024Z [INFO] [History] [pid-98516] Cash flow( CDNG) no file
2026-10-06T15:52:27.056Z [INFO] [History] [pid-98516] Updated LatestQuarter for  ACLZ  to  2019-06-30  from  None
2026-10-06T15:52:27.086Z [INFO] [History] [pid-98516] loadEarnings( AMAA) no file
2026-10-06T15:52:27.087Z [INFO] [History] [pid-98516] balanceSheet( AMAA) no file
2026-10-06T15:52:27.099Z [INFO] [History] [pid-98516] loadEarnings( AMDC) no file
2026-10-06T15:52:27.099Z [INFO] [History] [pid-98516] balanceSheet( AMDC) no file
2026-10-06T15:52:27.099Z [INFO] [History] [pid-98516] loadEarnings( ASTT) no file
2026-10-06T15:52:27.100Z [INFO] [History] [pid-98516] balanceSheet( ASTT) no file
2026-10-06T15:52:27.100Z [INFO] [History] [pid-98516] loadEarnings( COIX) no file
2026-10-06T15:52:27.100Z [INFO] [History] [pid-98516] balanceSheet( COIX) no file
2026-10-06T15:52:27.100Z [INFO] [History] [pid-98516] loadEarnings( FBX) no file
2026-10-06T15:52:27.100Z [INFO] [History] [pid-98516] balanceSheet( FBX) no file
2026-10-06T15:52:27.103Z [INFO] [History] [pid-98516] income statement( AMAA) no file
2026-10-06T15:52:27.103Z [INFO] [History] [pid-98516] Cash flow( AMAA) no file
2026-10-06T15:52:27.103Z [INFO] [History] [pid-98516] loadEarnings( MSTC) no file
2026-10-06T15:52:27.103Z [INFO] [History] [pid-98516] balanceSheet( MSTC) no file
2026-10-06T15:52:27.104Z [INFO] [History] [pid-98516] loadEarnings( SNDC) no file
2026-10-06T15:52:27.104Z [INFO] [History] [pid-98516] balanceSheet( SNDC) no file
2026-10-06T15:52:27.105Z [INFO] [History] [pid-98516] income statement( AMDC) no file
2026-10-06T15:52:27.105Z [INFO] [History] [pid-98516] Cash flow( AMDC) no file
2026-10-06T15:52:27.107Z [INFO] [History] [pid-98516] income statement( ASTT) no file
2026-10-06T15:52:27.107Z [INFO] [History] [pid-98516] Cash flow( ASTT) no file
2026-10-06T15:52:27.107Z [INFO] [History] [pid-98516] income statement( COIX) no file
2026-10-06T15:52:27.107Z [INFO] [History] [pid-98516] Cash flow( COIX) no file
2026-10-06T15:52:27.107Z [INFO] [History] [pid-98516] income statement( FBX) no file
2026-10-06T15:52:27.107Z [INFO] [History] [pid-98516] Cash flow( FBX) no file
2026-10-06T15:52:27.112Z [INFO] [History] [pid-98516] income statement( MSTC) no file
2026-10-06T15:52:27.112Z [INFO] [History] [pid-98516] Cash flow( MSTC) no file
2026-10-06T15:52:27.112Z [INFO] [History] [pid-98516] income statement( SNDC) no file
2026-10-06T15:52:27.112Z [INFO] [History] [pid-98516] Cash flow( SNDC) no file
2026-10-06T15:52:27.178Z [INFO] [History] [pid-98516] Unknown asset type: UNIT {"Symbol":"ALPXU","AssetType":"UNIT","Name":"Alpex Acquisition Corporation Unit","Description":"Alpex Acquisition Corporation Unit (Ticker: ALPXU) is a special purpose acquisition company (SPAC) focused on identifying and merging with innovative companies in growth sectors. With a robust framework for strategic acquisition, ALPXU aims to deliver value for its shareholders by leveraging management's extensive experience in operational execution and industry insight. The company is positioned to capitalize on emerging market trends, thereby enhancing its portfolio and creating sustainable growth opportunities. As a SPAC, it offers a unique investment proposition for institutional investors looking to gain exposure to successful business combinations in a streamlined process.","CIK":"None","Exchange":"NASDAQ","Currency":"USD","Country":"USA","Sector":"FINANCIAL SERVICES","Industry":"SHELL COMPANIES","Address":"300 DELAWARE AVE., WILMINGTON, DE, UNITED STATES, 19801","OfficialSite":"None","FiscalYearEnd":"None","LatestQuarter":"2026-06-30","MarketCapitalization":"None","EBITDA":"None","PERatio":"None","PEGRatio":"None","BookValue":"7.76","DividendPerShare":"None","DividendYield":"None","EPS":"None","RevenuePerShareTTM":"0","ProfitMargin":"0","OperatingMarginTTM":"0","ReturnOnAssetsTTM":"0","ReturnOnEquityTTM":"0","RevenueTTM":"0","GrossProfitTTM":"0","DilutedEPSTTM":"0","QuarterlyEarningsGrowthYOY":"0","QuarterlyRevenueGrowthYOY":"0","AnalystTargetPrice":"None","AnalystRatingStrongBuy":"-","AnalystRatingBuy":"-","AnalystRatingHold":"-","AnalystRatingSell":"-","AnalystRatingStrongSell":"-","TrailingPE":"-","ForwardPE":"-","PriceToSalesRatioTTM":"-","PriceToBookRatio":"-","EVToRevenue":"-","EVToEBITDA":"-","Beta":"None","52WeekHigh":"10.75","52WeekLow":"9.99","50DayMovingAverage":"10.14","200DayMovingAverage":"10.12","SharesOutstanding":"0","SharesFloat":"0","PercentInsiders":"1.604","PercentInstitutions":"91.207","DividendDate":"None","ExDividendDate":"None"}
2026-10-06T15:52:27.181Z [INFO] [History] [pid-98516] Updated LatestQuarter for  OSPRU  to  2018-06-30  from  None
2026-10-06T15:52:27.204Z [INFO] [History] [pid-98516] loadEarnings( MBGL-WI) no file
2026-10-06T15:52:27.204Z [INFO] [History] [pid-98516] balanceSheet( MBGL-WI) no file
2026-10-06T15:52:27.213Z [INFO] [History] [pid-98516] income statement( MBGL-WI) no file
2026-10-06T15:52:27.213Z [INFO] [History] [pid-98516] Cash flow( MBGL-WI) no file
2026-10-06T15:52:27.295Z [INFO] [History] [pid-98516] loadEarnings( DRVR) no file
2026-10-06T15:52:27.296Z [INFO] [History] [pid-98516] balanceSheet( DRVR) no file
2026-10-06T15:52:27.317Z [INFO] [History] [pid-98516] balanceSheet( SAMO-U) no file
2026-10-06T15:52:27.322Z [INFO] [History] [pid-98516] income statement( DRVR) no file
2026-10-06T15:52:27.322Z [INFO] [History] [pid-98516] Cash flow( DRVR) no file
2026-10-06T15:52:27.342Z [INFO] [History] [pid-98516] income statement( SAMO-U) no file
2026-10-06T15:52:27.342Z [INFO] [History] [pid-98516] Cash flow( SAMO-U) no file
2026-10-06T15:52:27.452Z [INFO] [History] [pid-98516] balanceSheet( DGAC-R) no file
2026-10-06T15:52:27.453Z [INFO] [History] [pid-98516] balanceSheet( DGACR) no file
2026-10-06T15:52:27.464Z [INFO] [History] [pid-98516] balanceSheet( BID) no file
2026-10-06T15:52:27.474Z [INFO] [History] [pid-98516] income statement( DGAC-R) no file
2026-10-06T15:52:27.474Z [INFO] [History] [pid-98516] Cash flow( DGAC-R) no file
2026-10-06T15:52:27.474Z [INFO] [History] [pid-98516] income statement( DGACR) no file
2026-10-06T15:52:27.474Z [INFO] [History] [pid-98516] Cash flow( DGACR) no file
2026-10-06T15:52:27.544Z [INFO] [History] [pid-98516] balanceSheet( VII-WS) no file
2026-10-06T15:52:27.568Z [INFO] [History] [pid-98516] income statement( VII-WS) no file
2026-10-06T15:52:27.568Z [INFO] [History] [pid-98516] Cash flow( VII-WS) no file
2026-10-06T15:52:27.596Z [INFO] [History] [pid-98516] balanceSheet( PSA-P-T) no file
2026-10-06T15:52:27.664Z [INFO] [History] [pid-98516] balanceSheet( PSA-P-U) no file
2026-10-06T15:52:27.674Z [INFO] [History] [pid-98516] loadData( BIOTW) no year 2024
2026-10-06T15:52:27.674Z [INFO] [History] [pid-98516] loadData( BIOTW) no year 2025
2026-10-06T15:52:27.674Z [INFO] [History] [pid-98516] balanceSheet( BIOTW) no file
2026-10-06T15:52:27.677Z [INFO] [History] [pid-98516] loadData( BIOT) no year 2024
2026-10-06T15:52:27.677Z [INFO] [History] [pid-98516] loadData( BIOT) no year 2025
2026-10-06T15:52:27.691Z [INFO] [History] [pid-98516] income statement( PSA-P-T) no file
2026-10-06T15:52:27.691Z [INFO] [History] [pid-98516] Cash flow( PSA-P-T) no file
2026-10-06T15:52:27.699Z [INFO] [History] [pid-98516] balanceSheet( FTRA) no file
2026-10-06T15:52:27.700Z [INFO] [History] [pid-98516] balanceSheet( FTRA-WS) no file
2026-10-06T15:52:27.705Z [INFO] [History] [pid-98516] income statement( PSA-P-U) no file
2026-10-06T15:52:27.705Z [INFO] [History] [pid-98516] Cash flow( PSA-P-U) no file
2026-10-06T15:52:27.707Z [INFO] [History] [pid-98516] income statement( BIOTW) no file
2026-10-06T15:52:27.707Z [INFO] [History] [pid-98516] Cash flow( BIOTW) no file
2026-10-06T15:52:27.718Z [INFO] [History] [pid-98516] balanceSheet( IPVV) no file
2026-10-06T15:52:27.730Z [INFO] [History] [pid-98516] balanceSheet( LTGR) no file
2026-10-06T15:52:27.732Z [INFO] [History] [pid-98516] income statement( FTRA) no file
2026-10-06T15:52:27.732Z [INFO] [History] [pid-98516] Cash flow( FTRA) no file
2026-10-06T15:52:27.732Z [INFO] [History] [pid-98516] income statement( FTRA-WS) no file
2026-10-06T15:52:27.732Z [INFO] [History] [pid-98516] Cash flow( FTRA-WS) no file
2026-10-06T15:52:27.755Z [INFO] [History] [pid-98516] balanceSheet( LTGRW) no file
2026-10-06T15:52:27.765Z [INFO] [History] [pid-98516] balanceSheet( TONT-U) no file
2026-10-06T15:52:27.766Z [INFO] [History] [pid-98516] balanceSheet( TONT-WS) no file
2026-10-06T15:52:27.781Z [INFO] [History] [pid-98516] balanceSheet( CATLU) no file
2026-10-06T15:52:27.782Z [INFO] [History] [pid-98516] loadEarnings( MUA-R-W) no file
2026-10-06T15:52:27.782Z [INFO] [History] [pid-98516] balanceSheet( MUA-R-W) no file
2026-10-06T15:52:27.820Z [INFO] [History] [pid-98516] balanceSheet( IMC) no file
2026-10-06T15:52:27.821Z [INFO] [History] [pid-98516] balanceSheet( IPVVW) no file
2026-10-06T15:52:27.821Z [INFO] [History] [pid-98516] loadEarnings( ADIG-W) no file
2026-10-06T15:52:27.821Z [INFO] [History] [pid-98516] balanceSheet( ADIG-W) no file
2026-10-06T15:52:27.821Z [INFO] [History] [pid-98516] income statement( IPVV) no file
2026-10-06T15:52:27.821Z [INFO] [History] [pid-98516] Cash flow( IPVV) no file
2026-10-06T15:52:27.821Z [INFO] [History] [pid-98516] income statement( LTGR) no file
2026-10-06T15:52:27.821Z [INFO] [History] [pid-98516] Cash flow( LTGR) no file
2026-10-06T15:52:27.833Z [INFO] [History] [pid-98516] balanceSheet( ISNR) no file
2026-10-06T15:52:27.844Z [INFO] [History] [pid-98516] balanceSheet( ISNRW) no file
2026-10-06T15:52:27.844Z [INFO] [History] [pid-98516] income statement( LTGRW) no file
2026-10-06T15:52:27.844Z [INFO] [History] [pid-98516] Cash flow( LTGRW) no file
2026-10-06T15:52:27.844Z [INFO] [History] [pid-98516] income statement( TONT-U) no file
2026-10-06T15:52:27.844Z [INFO] [History] [pid-98516] Cash flow( TONT-U) no file
2026-10-06T15:52:27.845Z [INFO] [History] [pid-98516] income statement( TONT-WS) no file
2026-10-06T15:52:27.845Z [INFO] [History] [pid-98516] Cash flow( TONT-WS) no file
2026-10-06T15:52:27.848Z [INFO] [History] [pid-98516] income statement( CATLU) no file
2026-10-06T15:52:27.848Z [INFO] [History] [pid-98516] Cash flow( CATLU) no file
2026-10-06T15:52:27.849Z [INFO] [History] [pid-98516] income statement( MUA-R-W) no file
2026-10-06T15:52:27.849Z [INFO] [History] [pid-98516] Cash flow( MUA-R-W) no file
2026-10-06T15:52:27.855Z [INFO] [History] [pid-98516] income statement( IMC) no file
2026-10-06T15:52:27.855Z [INFO] [History] [pid-98516] Cash flow( IMC) no file
2026-10-06T15:52:27.855Z [INFO] [History] [pid-98516] income statement( IPVVW) no file
2026-10-06T15:52:27.855Z [INFO] [History] [pid-98516] Cash flow( IPVVW) no file
2026-10-06T15:52:27.855Z [INFO] [History] [pid-98516] income statement( ADIG-W) no file
2026-10-06T15:52:27.855Z [INFO] [History] [pid-98516] Cash flow( ADIG-W) no file
2026-10-06T15:52:27.873Z [INFO] [History] [pid-98516] income statement( ISNR) no file
2026-10-06T15:52:27.873Z [INFO] [History] [pid-98516] Cash flow( ISNR) no file
2026-10-06T15:52:27.873Z [INFO] [History] [pid-98516] income statement( ISNRW) no file
2026-10-06T15:52:27.873Z [INFO] [History] [pid-98516] Cash flow( ISNRW) no file
2026-10-06T15:52:27.880Z [INFO] [History] [pid-98516] loadData( FWAC) no year 2024
2026-10-06T15:52:27.880Z [INFO] [History] [pid-98516] loadData( FWAC) no year 2025
2026-10-06T15:52:27.881Z [INFO] [History] [pid-98516] balanceSheet( CCCT) no file
2026-10-06T15:52:27.882Z [INFO] [History] [pid-98516] balanceSheet( CCCTW) no file
2026-10-06T15:52:27.882Z [INFO] [History] [pid-98516] balanceSheet( EWAVU) no file
2026-10-06T15:52:27.883Z [INFO] [History] [pid-98516] balanceSheet( FWACR) no file
2026-10-06T15:52:27.883Z [INFO] [History] [pid-98516] balanceSheet( FWACW) no file
2026-10-06T15:52:27.884Z [INFO] [History] [pid-98516] balanceSheet( NCO) no file
2026-10-06T15:52:27.889Z [INFO] [History] [pid-98516] income statement( CCCT) no file
2026-10-06T15:52:27.889Z [INFO] [History] [pid-98516] Cash flow( CCCT) no file
2026-10-06T15:52:27.889Z [INFO] [History] [pid-98516] income statement( CCCTW) no file
2026-10-06T15:52:27.889Z [INFO] [History] [pid-98516] Cash flow( CCCTW) no file
2026-10-06T15:52:27.889Z [INFO] [History] [pid-98516] income statement( EWAVU) no file
2026-10-06T15:52:27.889Z [INFO] [History] [pid-98516] Cash flow( EWAVU) no file
2026-10-06T15:52:27.889Z [INFO] [History] [pid-98516] income statement( FWACR) no file
2026-10-06T15:52:27.889Z [INFO] [History] [pid-98516] Cash flow( FWACR) no file
2026-10-06T15:52:27.890Z [INFO] [History] [pid-98516] income statement( FWACW) no file
2026-10-06T15:52:27.890Z [INFO] [History] [pid-98516] Cash flow( FWACW) no file
2026-10-06T15:52:27.890Z [INFO] [History] [pid-98516] income statement( NCO) no file
2026-10-06T15:52:27.890Z [INFO] [History] [pid-98516] Cash flow( NCO) no file
2026-10-06T15:52:27.892Z [INFO] [History] [pid-98516] balanceSheet( NCOOR) no file
2026-10-06T15:52:27.893Z [INFO] [History] [pid-98516] balanceSheet( NCOOW) no file
2026-10-06T15:52:27.895Z [INFO] [History] [pid-98516] balanceSheet( XIIIU) no file
2026-10-06T15:52:27.897Z [INFO] [History] [pid-98516] balanceSheet( BCCQ) no file
2026-10-06T15:52:27.898Z [INFO] [History] [pid-98516] balanceSheet( OCAC) no file
2026-10-06T15:52:27.898Z [INFO] [History] [pid-98516] balanceSheet( OCAC-R) no file
2026-10-06T15:52:27.900Z [INFO] [History] [pid-98516] balanceSheet( OCAC-WS) no file
2026-10-06T15:52:27.908Z [INFO] [History] [pid-98516] balanceSheet( FDMM) no file
2026-10-06T15:52:27.909Z [INFO] [History] [pid-98516] balanceSheet( FJDIU) no file
2026-10-06T15:52:27.909Z [INFO] [History] [pid-98516] balanceSheet( MUA-R) no file
2026-10-06T15:52:27.909Z [INFO] [History] [pid-98516] loadEarnings( SMHD) no file
2026-10-06T15:52:27.910Z [INFO] [History] [pid-98516] balanceSheet( SMHD) no file
2026-10-06T15:52:27.910Z [INFO] [History] [pid-98516] loadEarnings( SMHU) no file
2026-10-06T15:52:27.910Z [INFO] [History] [pid-98516] balanceSheet( SMHU) no file
2026-10-06T15:52:27.910Z [INFO] [History] [pid-98516] income statement( NCOOR) no file
2026-10-06T15:52:27.910Z [INFO] [History] [pid-98516] Cash flow( NCOOR) no file
2026-10-06T15:52:27.910Z [INFO] [History] [pid-98516] income statement( NCOOW) no file
2026-10-06T15:52:27.910Z [INFO] [History] [pid-98516] Cash flow( NCOOW) no file
2026-10-06T15:52:27.910Z [INFO] [History] [pid-98516] income statement( XIIIU) no file
2026-10-06T15:52:27.910Z [INFO] [History] [pid-98516] Cash flow( XIIIU) no file
2026-10-06T15:52:27.910Z [INFO] [History] [pid-98516] income statement( BCCQ) no file
2026-10-06T15:52:27.911Z [INFO] [History] [pid-98516] Cash flow( BCCQ) no file
2026-10-06T15:52:27.911Z [INFO] [History] [pid-98516] income statement( OCAC) no file
2026-10-06T15:52:27.911Z [INFO] [History] [pid-98516] Cash flow( OCAC) no file
2026-10-06T15:52:27.911Z [INFO] [History] [pid-98516] income statement( OCAC-R) no file
2026-10-06T15:52:27.911Z [INFO] [History] [pid-98516] Cash flow( OCAC-R) no file
2026-10-06T15:52:27.913Z [INFO] [History] [pid-98516] balanceSheet( THEOU) no file
2026-10-06T15:52:27.914Z [INFO] [History] [pid-98516] balanceSheet( TCGX) no file
2026-10-06T15:52:27.914Z [INFO] [History] [pid-98516] income statement( OCAC-WS) no file
2026-10-06T15:52:27.914Z [INFO] [History] [pid-98516] Cash flow( OCAC-WS) no file
2026-10-06T15:52:27.916Z [INFO] [History] [pid-98516] income statement( FDMM) no file
2026-10-06T15:52:27.916Z [INFO] [History] [pid-98516] Cash flow( FDMM) no file
2026-10-06T15:52:27.916Z [INFO] [History] [pid-98516] income statement( FJDIU) no file
2026-10-06T15:52:27.916Z [INFO] [History] [pid-98516] Cash flow( FJDIU) no file
2026-10-06T15:52:27.916Z [INFO] [History] [pid-98516] income statement( MUA-R) no file
2026-10-06T15:52:27.916Z [INFO] [History] [pid-98516] Cash flow( MUA-R) no file
2026-10-06T15:52:27.917Z [INFO] [History] [pid-98516] income statement( SMHD) no file
2026-10-06T15:52:27.917Z [INFO] [History] [pid-98516] Cash flow( SMHD) no file
2026-10-06T15:52:27.917Z [INFO] [History] [pid-98516] income statement( SMHU) no file
2026-10-06T15:52:27.917Z [INFO] [History] [pid-98516] Cash flow( SMHU) no file
2026-10-06T15:52:27.927Z [INFO] [History] [pid-98516] Unknown asset type: UNIT {"Symbol":"THEOU","AssetType":"UNIT","Name":"BOA Acquisition Corp. II Units","Description":"None","CIK":"None","Exchange":"NASDAQ","Currency":"USD","Country":"USA","Sector":"FINANCIAL SERVICES","Industry":"SHELL COMPANIES","Address":"2600 VIRGINIA AVE NW, WASHINGTON, DC, UNITED STATES, 20037","OfficialSite":"https://www.betonamerica2.com","FiscalYearEnd":"December","LatestQuarter":"2026-06-30","MarketCapitalization":"None","EBITDA":"None","PERatio":"None","PEGRatio":"None","BookValue":"-0.021","DividendPerShare":"None","DividendYield":"None","EPS":"None","RevenuePerShareTTM":"0","ProfitMargin":"0","OperatingMarginTTM":"0","ReturnOnAssetsTTM":"0","ReturnOnEquityTTM":"0","RevenueTTM":"0","GrossProfitTTM":"0","DilutedEPSTTM":"0","QuarterlyEarningsGrowthYOY":"0","QuarterlyRevenueGrowthYOY":"0","AnalystTargetPrice":"None","AnalystRatingStrongBuy":"-","AnalystRatingBuy":"-","AnalystRatingHold":"-","AnalystRatingSell":"-","AnalystRatingStrongSell":"-","TrailingPE":"-","ForwardPE":"-","PriceToSalesRatioTTM":"-","PriceToBookRatio":"-","EVToRevenue":"-","EVToEBITDA":"-","Beta":"None","52WeekHigh":"10.25","52WeekLow":"10.07","50DayMovingAverage":"10.16","200DayMovingAverage":"10.16","SharesOutstanding":"0","SharesFloat":"14610300","PercentInsiders":"5.705","PercentInstitutions":"8.478","DividendDate":"None","ExDividendDate":"None"}
2026-10-06T15:52:27.938Z [INFO] [History] [pid-98516] loadData( ATTO) no year 2024
2026-10-06T15:52:27.938Z [INFO] [History] [pid-98516] loadData( ATTO) no year 2025
2026-10-06T15:52:27.939Z [INFO] [History] [pid-98516] balanceSheet( BCCQW) no file
2026-10-06T15:52:27.939Z [INFO] [History] [pid-98516] balanceSheet( ATLQ) no file
2026-10-06T15:52:27.939Z [INFO] [History] [pid-98516] balanceSheet( ATLQR) no file
2026-10-06T15:52:27.940Z [INFO] [History] [pid-98516] income statement( THEOU) no file
2026-10-06T15:52:27.940Z [INFO] [History] [pid-98516] Cash flow( THEOU) no file
2026-10-06T15:52:27.940Z [INFO] [History] [pid-98516] income statement( TCGX) no file
2026-10-06T15:52:27.940Z [INFO] [History] [pid-98516] Cash flow( TCGX) no file
2026-10-06T15:52:27.942Z [INFO] [History] [pid-98516] balanceSheet( ATLQW) no file
2026-10-06T15:52:27.943Z [INFO] [History] [pid-98516] balanceSheet( FDMMW) no file
2026-10-06T15:52:27.950Z [INFO] [History] [pid-98516] balanceSheet( OCLTU) no file
2026-10-06T15:52:27.950Z [INFO] [History] [pid-98516] balanceSheet( PNAQ-U) no file
2026-10-06T15:52:27.952Z [INFO] [History] [pid-98516] income statement( BCCQW) no file
2026-10-06T15:52:27.952Z [INFO] [History] [pid-98516] Cash flow( BCCQW) no file
2026-10-06T15:52:27.952Z [INFO] [History] [pid-98516] income statement( ATLQ) no file
2026-10-06T15:52:27.952Z [INFO] [History] [pid-98516] Cash flow( ATLQ) no file
2026-10-06T15:52:27.952Z [INFO] [History] [pid-98516] income statement( ATLQR) no file
2026-10-06T15:52:27.952Z [INFO] [History] [pid-98516] Cash flow( ATLQR) no file
2026-10-06T15:52:27.955Z [INFO] [History] [pid-98516] balanceSheet( QVCG) no file
2026-10-06T15:52:27.955Z [INFO] [History] [pid-98516] income statement( ATLQW) no file
2026-10-06T15:52:27.955Z [INFO] [History] [pid-98516] Cash flow( ATLQW) no file
2026-10-06T15:52:27.956Z [INFO] [History] [pid-98516] income statement( FDMMW) no file
2026-10-06T15:52:27.956Z [INFO] [History] [pid-98516] Cash flow( FDMMW) no file
2026-10-06T15:52:27.959Z [INFO] [History] [pid-98516] income statement( OCLTU) no file
2026-10-06T15:52:27.959Z [INFO] [History] [pid-98516] Cash flow( OCLTU) no file
2026-10-06T15:52:27.959Z [INFO] [History] [pid-98516] income statement( PNAQ-U) no file
2026-10-06T15:52:27.959Z [INFO] [History] [pid-98516] Cash flow( PNAQ-U) no file
2026-10-06T15:52:27.962Z [INFO] [History] [pid-98516] balanceSheet( WLCO) no file
2026-10-06T15:52:27.966Z [INFO] [History] [pid-98516] income statement( QVCG) no file
2026-10-06T15:52:27.967Z [INFO] [History] [pid-98516] Cash flow( QVCG) no file
2026-10-06T15:52:27.969Z [INFO] [History] [pid-98516] balanceSheet( CNL) no file
2026-10-06T15:52:27.970Z [INFO] [History] [pid-98516] loadEarnings( HYGD) no file
2026-10-06T15:52:27.970Z [INFO] [History] [pid-98516] balanceSheet( HYGD) no file
2026-10-06T15:52:27.970Z [INFO] [History] [pid-98516] balanceSheet( HYGU) no file
2026-10-06T15:52:27.972Z [INFO] [History] [pid-98516] balanceSheet( LQDD) no file
2026-10-06T15:52:27.972Z [INFO] [History] [pid-98516] loadEarnings( LQDU) no file
2026-10-06T15:52:27.972Z [INFO] [History] [pid-98516] balanceSheet( LQDU) no file
2026-10-06T15:52:27.973Z [INFO] [History] [pid-98516] loadEarnings( SITX) no file
2026-10-06T15:52:27.973Z [INFO] [History] [pid-98516] balanceSheet( SITX) no file
2026-10-06T15:52:27.979Z [INFO] [History] [pid-98516] income statement( WLCO) no file
2026-10-06T15:52:27.979Z [INFO] [History] [pid-98516] Cash flow( WLCO) no file
2026-10-06T15:52:27.982Z [INFO] [History] [pid-98516] loadEarnings( FOIL) no file
2026-10-06T15:52:27.983Z [INFO] [History] [pid-98516] balanceSheet( FOIL) no file
2026-10-06T15:52:27.983Z [INFO] [History] [pid-98516] balanceSheet( PLCI) no file
2026-10-06T15:52:27.983Z [INFO] [History] [pid-98516] balanceSheet( PLCIR) no file
2026-10-06T15:52:27.985Z [INFO] [History] [pid-98516] balanceSheet( SNSC) no file
2026-10-06T15:52:27.992Z [INFO] [History] [pid-98516] income statement( HYGD) no file
2026-10-06T15:52:27.993Z [INFO] [History] [pid-98516] Cash flow( HYGD) no file
2026-10-06T15:52:27.993Z [INFO] [History] [pid-98516] income statement( HYGU) no file
2026-10-06T15:52:27.993Z [INFO] [History] [pid-98516] Cash flow( HYGU) no file
2026-10-06T15:52:27.993Z [INFO] [History] [pid-98516] income statement( LQDD) no file
2026-10-06T15:52:27.993Z [INFO] [History] [pid-98516] Cash flow( LQDD) no file
2026-10-06T15:52:27.993Z [INFO] [History] [pid-98516] income statement( LQDU) no file
2026-10-06T15:52:27.993Z [INFO] [History] [pid-98516] Cash flow( LQDU) no file
2026-10-06T15:52:27.993Z [INFO] [History] [pid-98516] income statement( SITX) no file
2026-10-06T15:52:27.993Z [INFO] [History] [pid-98516] Cash flow( SITX) no file
2026-10-06T15:52:27.998Z [INFO] [History] [pid-98516] balanceSheet( WLCOW) no file
2026-10-06T15:52:27.998Z [INFO] [History] [pid-98516] income statement( FOIL) no file
2026-10-06T15:52:27.999Z [INFO] [History] [pid-98516] Cash flow( FOIL) no file
2026-10-06T15:52:27.999Z [INFO] [History] [pid-98516] income statement( PLCI) no file
2026-10-06T15:52:27.999Z [INFO] [History] [pid-98516] Cash flow( PLCI) no file
2026-10-06T15:52:27.999Z [INFO] [History] [pid-98516] income statement( PLCIR) no file
2026-10-06T15:52:27.999Z [INFO] [History] [pid-98516] Cash flow( PLCIR) no file
2026-10-06T15:52:27.999Z [INFO] [History] [pid-98516] income statement( SNSC) no file
2026-10-06T15:52:27.999Z [INFO] [History] [pid-98516] Cash flow( SNSC) no file
2026-10-06T15:52:28.001Z [INFO] [History] [pid-98516] loadEarnings( DACL) no file
2026-10-06T15:52:28.001Z [INFO] [History] [pid-98516] balanceSheet( DACL) no file
2026-10-06T15:52:28.002Z [INFO] [History] [pid-98516] balanceSheet( GHXI) no file
2026-10-06T15:52:28.007Z [INFO] [History] [pid-98516] balanceSheet( RVII) no file
2026-10-06T15:52:28.010Z [INFO] [History] [pid-98516] balanceSheet( TBCVU) no file
2026-10-06T15:52:28.011Z [INFO] [History] [pid-98516] income statement( WLCOW) no file
2026-10-06T15:52:28.011Z [INFO] [History] [pid-98516] Cash flow( WLCOW) no file
2026-10-06T15:52:28.013Z [INFO] [History] [pid-98516] balanceSheet( NXH) no file
2026-10-06T15:52:28.024Z [INFO] [History] [pid-98516] balanceSheet( EWAV) no file
2026-10-06T15:52:28.025Z [INFO] [History] [pid-98516] balanceSheet( EWAVR) no file
2026-10-06T15:52:28.025Z [INFO] [History] [pid-98516] balanceSheet( GHXIW) no file
2026-10-06T15:52:28.029Z [INFO] [History] [pid-98516] balanceSheet( THEO) no file
2026-10-06T15:52:28.029Z [INFO] [History] [pid-98516] income statement( DACL) no file
2026-10-06T15:52:28.030Z [INFO] [History] [pid-98516] Cash flow( DACL) no file
2026-10-06T15:52:28.030Z [INFO] [History] [pid-98516] income statement( GHXI) no file
2026-10-06T15:52:28.030Z [INFO] [History] [pid-98516] Cash flow( GHXI) no file
2026-10-06T15:52:28.030Z [INFO] [History] [pid-98516] income statement( RVII) no file
2026-10-06T15:52:28.030Z [INFO] [History] [pid-98516] Cash flow( RVII) no file
2026-10-06T15:52:28.030Z [INFO] [History] [pid-98516] income statement( TBCVU) no file
2026-10-06T15:52:28.030Z [INFO] [History] [pid-98516] Cash flow( TBCVU) no file
2026-10-06T15:52:28.039Z [INFO] [History] [pid-98516] balanceSheet( THEOR) no file
2026-10-06T15:52:28.044Z [INFO] [History] [pid-98516] balanceSheet( ADAMK) no file
2026-10-06T15:52:28.044Z [INFO] [History] [pid-98516] balanceSheet( CGCF) no file
2026-10-06T15:52:28.044Z [INFO] [History] [pid-98516] balanceSheet( CGCFW) no file
2026-10-06T15:52:28.053Z [INFO] [History] [pid-98516] income statement( EWAV) no file
2026-10-06T15:52:28.053Z [INFO] [History] [pid-98516] Cash flow( EWAV) no file
2026-10-06T15:52:28.053Z [INFO] [History] [pid-98516] income statement( EWAVR) no file
2026-10-06T15:52:28.053Z [INFO] [History] [pid-98516] Cash flow( EWAVR) no file
2026-10-06T15:52:28.053Z [INFO] [History] [pid-98516] income statement( GHXIW) no file
2026-10-06T15:52:28.053Z [INFO] [History] [pid-98516] Cash flow( GHXIW) no file
2026-10-06T15:52:28.053Z [INFO] [History] [pid-98516] income statement( THEO) no file
2026-10-06T15:52:28.053Z [INFO] [History] [pid-98516] Cash flow( THEO) no file
2026-10-06T15:52:28.067Z [INFO] [History] [pid-98516] balanceSheet( MRCO) no file
2026-10-06T15:52:28.079Z [INFO] [History] [pid-98516] balanceSheet( MRCOW) no file
2026-10-06T15:52:28.080Z [INFO] [History] [pid-98516] income statement( THEOR) no file
2026-10-06T15:52:28.080Z [INFO] [History] [pid-98516] Cash flow( THEOR) no file
2026-10-06T15:52:28.083Z [INFO] [History] [pid-98516] income statement( ADAMK) no file
2026-10-06T15:52:28.083Z [INFO] [History] [pid-98516] Cash flow( ADAMK) no file
2026-10-06T15:52:28.083Z [INFO] [History] [pid-98516] income statement( CGCF) no file
2026-10-06T15:52:28.083Z [INFO] [History] [pid-98516] Cash flow( CGCF) no file
2026-10-06T15:52:28.083Z [INFO] [History] [pid-98516] income statement( CGCFW) no file
2026-10-06T15:52:28.083Z [INFO] [History] [pid-98516] Cash flow( CGCFW) no file
2026-10-06T15:52:28.100Z [INFO] [History] [pid-98516] balanceSheet( BBBYW) no file
2026-10-06T15:52:28.132Z [INFO] [History] [pid-98516] balanceSheet( NSAIU) no file
2026-10-06T15:52:28.135Z [INFO] [History] [pid-98516] balanceSheet( XTERU) no file
2026-10-06T15:52:28.136Z [INFO] [History] [pid-98516] balanceSheet( LYNX) no file
2026-10-06T15:52:28.136Z [INFO] [History] [pid-98516] balanceSheet( MEGX) no file
2026-10-06T15:52:28.137Z [INFO] [History] [pid-98516] income statement( MRCO) no file
2026-10-06T15:52:28.137Z [INFO] [History] [pid-98516] Cash flow( MRCO) no file
2026-10-06T15:52:28.137Z [INFO] [History] [pid-98516] income statement( MRCOW) no file
2026-10-06T15:52:28.137Z [INFO] [History] [pid-98516] Cash flow( MRCOW) no file
2026-10-06T15:52:28.157Z [INFO] [History] [pid-98516] Unknown asset type: UNIT {"Symbol":"NSAIU","AssetType":"UNIT","Name":"NorthStrive Acquisition Corp I. Units","Description":"Northstrive Acquisition Corp I. focuses on effecting a merger, amalgamation, share exchange, asset acquisition, share purchase, recapitalization, reorganization or similar business combination with one or more businesses. The company is headquartered in Newport Beach, California.","CIK":"None","Exchange":"NASDAQ","Currency":"USD","Country":"USA","Sector":"FINANCIAL SERVICES","Industry":"SHELL COMPANIES","Address":"120 NEWPORT CENTER DRIVE, NEWPORT BEACH, CA, UNITED STATES, 92660","OfficialSite":"None","FiscalYearEnd":"None","LatestQuarter":"2026-06-30","MarketCapitalization":"None","EBITDA":"None","PERatio":"None","PEGRatio":"None","BookValue":"0.002","DividendPerShare":"None","DividendYield":"None","EPS":"None","RevenuePerShareTTM":"0","ProfitMargin":"0","OperatingMarginTTM":"0","ReturnOnAssetsTTM":"0","ReturnOnEquityTTM":"0","RevenueTTM":"0","GrossProfitTTM":"0","DilutedEPSTTM":"0","QuarterlyEarningsGrowthYOY":"0","QuarterlyRevenueGrowthYOY":"0","AnalystTargetPrice":"None","AnalystRatingStrongBuy":"-","AnalystRatingBuy":"-","AnalystRatingHold":"-","AnalystRatingSell":"-","AnalystRatingStrongSell":"-","TrailingPE":"-","ForwardPE":"-","PriceToSalesRatioTTM":"-","PriceToBookRatio":"-","EVToRevenue":"-","EVToEBITDA":"-","Beta":"None","52WeekHigh":"10.57","52WeekLow":"9.97","50DayMovingAverage":"10.02","200DayMovingAverage":"10.02","SharesOutstanding":"0","SharesFloat":"0","PercentInsiders":"8.796","PercentInstitutions":"0.000","DividendDate":"None","ExDividendDate":"None"}
2026-10-06T15:52:28.158Z [INFO] [History] [pid-98516] balanceSheet( USGX) no file
2026-10-06T15:52:28.158Z [INFO] [History] [pid-98516] balanceSheet( USLX) no file
2026-10-06T15:52:28.159Z [INFO] [History] [pid-98516] balanceSheet( USMX) no file
2026-10-06T15:52:28.160Z [INFO] [History] [pid-98516] loadEarnings( BRZD) no file
2026-10-06T15:52:28.160Z [INFO] [History] [pid-98516] balanceSheet( BRZD) no file
2026-10-06T15:52:28.162Z [INFO] [History] [pid-98516] balanceSheet( CHTRP) no file
2026-10-06T15:52:28.163Z [INFO] [History] [pid-98516] balanceSheet( FBDT) no file
2026-10-06T15:52:28.165Z [INFO] [History] [pid-98516] income statement( BBBYW) no file
2026-10-06T15:52:28.165Z [INFO] [History] [pid-98516] Cash flow( BBBYW) no file
2026-10-06T15:52:28.177Z [INFO] [History] [pid-98516] income statement( NSAIU) no file
2026-10-06T15:52:28.177Z [INFO] [History] [pid-98516] Cash flow( NSAIU) no file
2026-10-06T15:52:28.178Z [INFO] [History] [pid-98516] income statement( XTERU) no file
2026-10-06T15:52:28.178Z [INFO] [History] [pid-98516] Cash flow( XTERU) no file
2026-10-06T15:52:28.178Z [INFO] [History] [pid-98516] income statement( LYNX) no file
2026-10-06T15:52:28.178Z [INFO] [History] [pid-98516] Cash flow( LYNX) no file
2026-10-06T15:52:28.178Z [INFO] [History] [pid-98516] income statement( MEGX) no file
2026-10-06T15:52:28.178Z [INFO] [History] [pid-98516] Cash flow( MEGX) no file
2026-10-06T15:52:28.184Z [INFO] [History] [pid-98516] income statement( USGX) no file
2026-10-06T15:52:28.184Z [INFO] [History] [pid-98516] Cash flow( USGX) no file
2026-10-06T15:52:28.184Z [INFO] [History] [pid-98516] income statement( USLX) no file
2026-10-06T15:52:28.184Z [INFO] [History] [pid-98516] Cash flow( USLX) no file
2026-10-06T15:52:28.184Z [INFO] [History] [pid-98516] income statement( USMX) no file
2026-10-06T15:52:28.184Z [INFO] [History] [pid-98516] Cash flow( USMX) no file
2026-10-06T15:52:28.184Z [INFO] [History] [pid-98516] income statement( BRZD) no file
2026-10-06T15:52:28.184Z [INFO] [History] [pid-98516] Cash flow( BRZD) no file
2026-10-06T15:52:28.186Z [INFO] [History] [pid-98516] income statement( CHTRP) no file
2026-10-06T15:52:28.186Z [INFO] [History] [pid-98516] Cash flow( CHTRP) no file
2026-10-06T15:52:28.187Z [INFO] [History] [pid-98516] income statement( FBDT) no file
2026-10-06T15:52:28.187Z [INFO] [History] [pid-98516] Cash flow( FBDT) no file
2026-10-06T15:52:28.189Z [INFO] [History] [pid-98516] balanceSheet( JPND) no file
2026-10-06T15:52:28.189Z [INFO] [History] [pid-98516] loadEarnings( JPNU) no file
2026-10-06T15:52:28.190Z [INFO] [History] [pid-98516] balanceSheet( JPNU) no file
2026-10-06T15:52:28.191Z [INFO] [History] [pid-98516] balanceSheet( SNUS-P-H) no file
2026-10-06T15:52:28.191Z [INFO] [History] [pid-98516] balanceSheet( SNUS-P-I) no file
2026-10-06T15:52:28.192Z [INFO] [History] [pid-98516] balanceSheet( TAWN) no file
2026-10-06T15:52:28.192Z [INFO] [History] [pid-98516] loadEarnings( TPEI) no file
2026-10-06T15:52:28.192Z [INFO] [History] [pid-98516] balanceSheet( TPEI) no file
2026-10-06T15:52:28.193Z [INFO] [History] [pid-98516] balanceSheet( TREO) no file
2026-10-06T15:52:28.194Z [INFO] [History] [pid-98516] balanceSheet( OSPR) no file
2026-10-06T15:52:28.194Z [INFO] [History] [pid-98516] balanceSheet( OSPRW) no file
2026-10-06T15:52:28.195Z [INFO] [History] [pid-98516] income statement( JPND) no file
2026-10-06T15:52:28.195Z [INFO] [History] [pid-98516] Cash flow( JPND) no file
2026-10-06T15:52:28.195Z [INFO] [History] [pid-98516] income statement( JPNU) no file
2026-10-06T15:52:28.195Z [INFO] [History] [pid-98516] Cash flow( JPNU) no file
2026-10-06T15:52:28.195Z [INFO] [History] [pid-98516] income statement( SNUS-P-H) no file
2026-10-06T15:52:28.195Z [INFO] [History] [pid-98516] Cash flow( SNUS-P-H) no file
2026-10-06T15:52:28.195Z [INFO] [History] [pid-98516] income statement( SNUS-P-I) no file
2026-10-06T15:52:28.195Z [INFO] [History] [pid-98516] Cash flow( SNUS-P-I) no file
2026-10-06T15:52:28.195Z [INFO] [History] [pid-98516] income statement( TAWN) no file
2026-10-06T15:52:28.196Z [INFO] [History] [pid-98516] Cash flow( TAWN) no file
2026-10-06T15:52:28.196Z [INFO] [History] [pid-98516] income statement( TPEI) no file
2026-10-06T15:52:28.196Z [INFO] [History] [pid-98516] Cash flow( TPEI) no file
2026-10-06T15:52:28.197Z [INFO] [History] [pid-98516] balanceSheet( MIAC) no file
2026-10-06T15:52:28.210Z [INFO] [History] [pid-98516] balanceSheet( MIACW) no file
2026-10-06T15:52:28.217Z [INFO] [History] [pid-98516] balanceSheet( ADBT) no file
2026-10-06T15:52:28.218Z [INFO] [History] [pid-98516] balanceSheet( KLXER) no file
2026-10-06T15:52:28.218Z [INFO] [History] [pid-98516] income statement( TREO) no file
2026-10-06T15:52:28.218Z [INFO] [History] [pid-98516] Cash flow( TREO) no file
2026-10-06T15:52:28.218Z [INFO] [History] [pid-98516] income statement( OSPR) no file
2026-10-06T15:52:28.219Z [INFO] [History] [pid-98516] Cash flow( OSPR) no file
2026-10-06T15:52:28.219Z [INFO] [History] [pid-98516] income statement( OSPRW) no file
2026-10-06T15:52:28.219Z [INFO] [History] [pid-98516] Cash flow( OSPRW) no file
2026-10-06T15:52:28.231Z [INFO] [History] [pid-98516] balanceSheet( JTTT) no file
2026-10-06T15:52:28.231Z [INFO] [History] [pid-98516] balanceSheet( SCATU) no file
2026-10-06T15:52:28.252Z [INFO] [History] [pid-98516] income statement( MIAC) no file
2026-10-06T15:52:28.252Z [INFO] [History] [pid-98516] Cash flow( MIAC) no file
2026-10-06T15:52:28.254Z [INFO] [History] [pid-98516] income statement( MIACW) no file
2026-10-06T15:52:28.254Z [INFO] [History] [pid-98516] Cash flow( MIACW) no file
2026-10-06T15:52:28.256Z [INFO] [History] [pid-98516] income statement( ADBT) no file
2026-10-06T15:52:28.256Z [INFO] [History] [pid-98516] Cash flow( ADBT) no file
2026-10-06T15:52:28.256Z [INFO] [History] [pid-98516] income statement( KLXER) no file
2026-10-06T15:52:28.256Z [INFO] [History] [pid-98516] Cash flow( KLXER) no file
2026-10-06T15:52:28.263Z [INFO] [History] [pid-98516] Unknown asset type: UNIT {"Symbol":"SCATU","AssetType":"UNIT","Name":"Southern Cross Acquisition II Corp. Units","Description":"Southern Cross Acquisition II Corp. The company is headquartered in New York, New York.","CIK":"None","Exchange":"NASDAQ","Currency":"USD","Country":"USA","Sector":"FINANCIAL SERVICES","Industry":"SHELL COMPANIES","Address":"1412 BROADWAY, NEW YORK, NY, UNITED STATES, 10018","OfficialSite":"None","FiscalYearEnd":"December","LatestQuarter":"2026-06-30","MarketCapitalization":"None","EBITDA":"None","PERatio":"None","PEGRatio":"None","BookValue":"-0.013","DividendPerShare":"None","DividendYield":"None","EPS":"None","RevenuePerShareTTM":"0","ProfitMargin":"0","OperatingMarginTTM":"0","ReturnOnAssetsTTM":"0","ReturnOnEquityTTM":"0","RevenueTTM":"0","GrossProfitTTM":"-41828","DilutedEPSTTM":"0","QuarterlyEarningsGrowthYOY":"0","QuarterlyRevenueGrowthYOY":"0","AnalystTargetPrice":"None","AnalystRatingStrongBuy":"-","AnalystRatingBuy":"-","AnalystRatingHold":"-","AnalystRatingSell":"-","AnalystRatingStrongSell":"-","TrailingPE":"-","ForwardPE":"-","PriceToSalesRatioTTM":"-","PriceToBookRatio":"-","EVToRevenue":"-","EVToEBITDA":"-","Beta":"None","52WeekHigh":"11","52WeekLow":"9.99","50DayMovingAverage":"10.03","200DayMovingAverage":"10.03","SharesOutstanding":"0","SharesFloat":"0","PercentInsiders":"14.411","PercentInstitutions":"0.000","DividendDate":"None","ExDividendDate":"None"}
2026-10-06T15:52:28.272Z [INFO] [History] [pid-98516] loadData( AAC) no year 2024
2026-10-06T15:52:28.272Z [INFO] [History] [pid-98516] loadData( AAC) no year 2025
2026-10-06T15:52:28.274Z [INFO] [History] [pid-98516] balanceSheet( IPXGW) no file
2026-10-06T15:52:28.274Z [INFO] [History] [pid-98516] balanceSheet( MNGU) no file
2026-10-06T15:52:28.274Z [INFO] [History] [pid-98516] balanceSheet( RNAQU) no file
2026-10-06T15:52:28.275Z [INFO] [History] [pid-98516] balanceSheet( SAX) no file
2026-10-06T15:52:28.281Z [INFO] [History] [pid-98516] income statement( JTTT) no file
2026-10-06T15:52:28.281Z [INFO] [History] [pid-98516] Cash flow( JTTT) no file
2026-10-06T15:52:28.281Z [INFO] [History] [pid-98516] income statement( SCATU) no file
2026-10-06T15:52:28.281Z [INFO] [History] [pid-98516] Cash flow( SCATU) no file
2026-10-06T15:52:28.288Z [INFO] [History] [pid-98516] balanceSheet( XTER) no file
2026-10-06T15:52:28.289Z [INFO] [History] [pid-98516] balanceSheet( XTERW) no file
2026-10-06T15:52:28.289Z [INFO] [History] [pid-98516] balanceSheet( IPHXU) no file
2026-10-06T15:52:28.290Z [INFO] [History] [pid-98516] balanceSheet( PSQLW) no file
2026-10-06T15:52:28.293Z [INFO] [History] [pid-98516] income statement( IPXGW) no file
2026-10-06T15:52:28.293Z [INFO] [History] [pid-98516] Cash flow( IPXGW) no file
2026-10-06T15:52:28.293Z [INFO] [History] [pid-98516] income statement( MNGU) no file
2026-10-06T15:52:28.293Z [INFO] [History] [pid-98516] Cash flow( MNGU) no file
2026-10-06T15:52:28.293Z [INFO] [History] [pid-98516] income statement( RNAQU) no file
2026-10-06T15:52:28.293Z [INFO] [History] [pid-98516] Cash flow( RNAQU) no file
2026-10-06T15:52:28.293Z [INFO] [History] [pid-98516] income statement( SAX) no file
2026-10-06T15:52:28.293Z [INFO] [History] [pid-98516] Cash flow( SAX) no file
2026-10-06T15:52:28.295Z [INFO] [History] [pid-98516] balanceSheet( XLABW) no file
2026-10-06T15:52:28.296Z [INFO] [History] [pid-98516] income statement( XTER) no file
2026-10-06T15:52:28.296Z [INFO] [History] [pid-98516] Cash flow( XTER) no file
2026-10-06T15:52:28.296Z [INFO] [History] [pid-98516] income statement( XTERW) no file
2026-10-06T15:52:28.296Z [INFO] [History] [pid-98516] Cash flow( XTERW) no file
2026-10-06T15:52:28.296Z [INFO] [History] [pid-98516] income statement( IPHXU) no file
2026-10-06T15:52:28.296Z [INFO] [History] [pid-98516] Cash flow( IPHXU) no file
2026-10-06T15:52:28.297Z [INFO] [History] [pid-98516] income statement( PSQLW) no file
2026-10-06T15:52:28.297Z [INFO] [History] [pid-98516] Cash flow( PSQLW) no file
2026-10-06T15:52:28.299Z [INFO] [History] [pid-98516] balanceSheet( JAB) no file
2026-10-06T15:52:28.299Z [INFO] [History] [pid-98516] balanceSheet( JABRR) no file
2026-10-06T15:52:28.300Z [INFO] [History] [pid-98516] balanceSheet( JABRW) no file
2026-10-06T15:52:28.300Z [INFO] [History] [pid-98516] balanceSheet( SAMO) no file
2026-10-06T15:52:28.300Z [INFO] [History] [pid-98516] balanceSheet( SAMO-WS) no file
2026-10-06T15:52:28.301Z [INFO] [History] [pid-98516] income statement( XLABW) no file
2026-10-06T15:52:28.301Z [INFO] [History] [pid-98516] Cash flow( XLABW) no file
2026-10-06T15:52:28.304Z [INFO] [History] [pid-98516] balanceSheet( SGLD) no file
2026-10-06T15:52:28.304Z [INFO] [History] [pid-98516] balanceSheet( TLACU) no file
2026-10-06T15:52:28.305Z [INFO] [History] [pid-98516] balanceSheet( GIXI) no file
2026-10-06T15:52:28.305Z [INFO] [History] [pid-98516] balanceSheet( NSAI) no file
2026-10-06T15:52:28.306Z [INFO] [History] [pid-98516] income statement( JAB) no file
2026-10-06T15:52:28.306Z [INFO] [History] [pid-98516] Cash flow( JAB) no file
2026-10-06T15:52:28.306Z [INFO] [History] [pid-98516] income statement( JABRR) no file
2026-10-06T15:52:28.306Z [INFO] [History] [pid-98516] Cash flow( JABRR) no file
2026-10-06T15:52:28.306Z [INFO] [History] [pid-98516] income statement( JABRW) no file
2026-10-06T15:52:28.306Z [INFO] [History] [pid-98516] Cash flow( JABRW) no file
2026-10-06T15:52:28.306Z [INFO] [History] [pid-98516] income statement( SAMO) no file
2026-10-06T15:52:28.306Z [INFO] [History] [pid-98516] Cash flow( SAMO) no file
2026-10-06T15:52:28.306Z [INFO] [History] [pid-98516] income statement( SAMO-WS) no file
2026-10-06T15:52:28.306Z [INFO] [History] [pid-98516] Cash flow( SAMO-WS) no file
2026-10-06T15:52:28.307Z [INFO] [History] [pid-98516] balanceSheet( NSAIR) no file
2026-10-06T15:52:28.307Z [INFO] [History] [pid-98516] balanceSheet( NSAIW) no file
2026-10-06T15:52:28.308Z [INFO] [History] [pid-98516] balanceSheet( JONER) no file
2026-10-06T15:52:28.308Z [INFO] [History] [pid-98516] income statement( SGLD) no file
2026-10-06T15:52:28.308Z [INFO] [History] [pid-98516] Cash flow( SGLD) no file
2026-10-06T15:52:28.308Z [INFO] [History] [pid-98516] income statement( TLACU) no file
2026-10-06T15:52:28.308Z [INFO] [History] [pid-98516] Cash flow( TLACU) no file
2026-10-06T15:52:28.309Z [INFO] [History] [pid-98516] income statement( GIXI) no file
2026-10-06T15:52:28.309Z [INFO] [History] [pid-98516] Cash flow( GIXI) no file
2026-10-06T15:52:28.309Z [INFO] [History] [pid-98516] income statement( NSAI) no file
2026-10-06T15:52:28.309Z [INFO] [History] [pid-98516] Cash flow( NSAI) no file
2026-10-06T15:52:28.311Z [INFO] [History] [pid-98516] balanceSheet( SGRX) no file
2026-10-06T15:52:28.312Z [INFO] [History] [pid-98516] balanceSheet( XTND) no file
2026-10-06T15:52:28.312Z [INFO] [History] [pid-98516] balanceSheet( AMAC) no file
2026-10-06T15:52:28.312Z [INFO] [History] [pid-98516] balanceSheet( AMACW) no file
2026-10-06T15:52:28.313Z [INFO] [History] [pid-98516] income statement( NSAIR) no file
2026-10-06T15:52:28.313Z [INFO] [History] [pid-98516] Cash flow( NSAIR) no file
2026-10-06T15:52:28.313Z [INFO] [History] [pid-98516] income statement( NSAIW) no file
2026-10-06T15:52:28.313Z [INFO] [History] [pid-98516] Cash flow( NSAIW) no file
2026-10-06T15:52:28.314Z [INFO] [History] [pid-98516] income statement( JONER) no file
2026-10-06T15:52:28.314Z [INFO] [History] [pid-98516] Cash flow( JONER) no file
2026-10-06T15:52:28.315Z [INFO] [History] [pid-98516] loadEarnings( CHAD) no file
2026-10-06T15:52:28.315Z [INFO] [History] [pid-98516] balanceSheet( CHAD) no file
2026-10-06T15:52:28.316Z [INFO] [History] [pid-98516] balanceSheet( NMCO-R-W) no file
2026-10-06T15:52:28.316Z [INFO] [History] [pid-98516] balanceSheet( NXATW) no file
2026-10-06T15:52:28.317Z [INFO] [History] [pid-98516] balanceSheet( BRTM) no file
2026-10-06T15:52:28.317Z [INFO] [History] [pid-98516] income statement( SGRX) no file
2026-10-06T15:52:28.317Z [INFO] [History] [pid-98516] Cash flow( SGRX) no file
2026-10-06T15:52:28.317Z [INFO] [History] [pid-98516] income statement( XTND) no file
2026-10-06T15:52:28.317Z [INFO] [History] [pid-98516] Cash flow( XTND) no file
2026-10-06T15:52:28.317Z [INFO] [History] [pid-98516] income statement( AMAC) no file
2026-10-06T15:52:28.317Z [INFO] [History] [pid-98516] Cash flow( AMAC) no file
2026-10-06T15:52:28.317Z [INFO] [History] [pid-98516] income statement( AMACW) no file
2026-10-06T15:52:28.317Z [INFO] [History] [pid-98516] Cash flow( AMACW) no file
2026-10-06T15:52:28.319Z [INFO] [History] [pid-98516] balanceSheet( BRTMW) no file
2026-10-06T15:52:28.320Z [INFO] [History] [pid-98516] balanceSheet( NMCO-R) no file
2026-10-06T15:52:28.320Z [INFO] [History] [pid-98516] balanceSheet( OCLT) no file
2026-10-06T15:52:28.320Z [INFO] [History] [pid-98516] balanceSheet( OCLTR) no file
2026-10-06T15:52:28.321Z [INFO] [History] [pid-98516] balanceSheet( OCLTW) no file
2026-10-06T15:52:28.321Z [INFO] [History] [pid-98516] income statement( CHAD) no file
2026-10-06T15:52:28.321Z [INFO] [History] [pid-98516] Cash flow( CHAD) no file
2026-10-06T15:52:28.321Z [INFO] [History] [pid-98516] income statement( NMCO-R-W) no file
2026-10-06T15:52:28.321Z [INFO] [History] [pid-98516] Cash flow( NMCO-R-W) no file
2026-10-06T15:52:28.323Z [INFO] [History] [pid-98516] income statement( NXATW) no file
2026-10-06T15:52:28.323Z [INFO] [History] [pid-98516] Cash flow( NXATW) no file
2026-10-06T15:52:28.323Z [INFO] [History] [pid-98516] income statement( BRTM) no file
2026-10-06T15:52:28.323Z [INFO] [History] [pid-98516] Cash flow( BRTM) no file
2026-10-06T15:52:28.327Z [INFO] [History] [pid-98516] loadData( PORTU) no year 2025
2026-10-06T15:52:28.328Z [INFO] [History] [pid-98516] balanceSheet( NFEGP) no file
2026-10-06T15:52:28.362Z [INFO] [History] [pid-98516] income statement( BRTMW) no file
2026-10-06T15:52:28.362Z [INFO] [History] [pid-98516] Cash flow( BRTMW) no file
2026-10-06T15:52:28.362Z [INFO] [History] [pid-98516] income statement( NMCO-R) no file
2026-10-06T15:52:28.362Z [INFO] [History] [pid-98516] Cash flow( NMCO-R) no file
2026-10-06T15:52:28.362Z [INFO] [History] [pid-98516] income statement( OCLT) no file
2026-10-06T15:52:28.362Z [INFO] [History] [pid-98516] Cash flow( OCLT) no file
2026-10-06T15:52:28.362Z [INFO] [History] [pid-98516] income statement( OCLTR) no file
2026-10-06T15:52:28.362Z [INFO] [History] [pid-98516] Cash flow( OCLTR) no file
2026-10-06T15:52:28.362Z [INFO] [History] [pid-98516] income statement( OCLTW) no file
2026-10-06T15:52:28.362Z [INFO] [History] [pid-98516] Cash flow( OCLTW) no file
2026-10-06T15:52:28.371Z [INFO] [History] [pid-98516] balanceSheet( RNAQ) no file
2026-10-06T15:52:28.372Z [INFO] [History] [pid-98516] balanceSheet( RNAQW) no file
2026-10-06T15:52:28.372Z [INFO] [History] [pid-98516] balanceSheet( ASBH) no file
2026-10-06T15:52:28.376Z [INFO] [History] [pid-98516] balanceSheet( CATL) no file
2026-10-06T15:52:28.377Z [INFO] [History] [pid-98516] balanceSheet( CATLR) no file
2026-10-06T15:52:28.377Z [INFO] [History] [pid-98516] balanceSheet( MTAK) no file
2026-10-06T15:52:28.379Z [INFO] [History] [pid-98516] income statement( NFEGP) no file
2026-10-06T15:52:28.379Z [INFO] [History] [pid-98516] Cash flow( NFEGP) no file
2026-10-06T15:52:28.391Z [INFO] [History] [pid-98516] balanceSheet( MTAKW) no file
2026-10-06T15:52:28.391Z [INFO] [History] [pid-98516] balanceSheet( TLAC) no file
2026-10-06T15:52:28.392Z [INFO] [History] [pid-98516] balanceSheet( TLACW) no file
2026-10-06T15:52:28.413Z [INFO] [History] [pid-98516] loadData( OIG) no year 2024
2026-10-06T15:52:28.413Z [INFO] [History] [pid-98516] loadData( OIG) no year 2025
2026-10-06T15:52:28.413Z [INFO] [History] [pid-98516] income statement( RNAQ) no file
2026-10-06T15:52:28.414Z [INFO] [History] [pid-98516] Cash flow( RNAQ) no file
2026-10-06T15:52:28.414Z [INFO] [History] [pid-98516] income statement( RNAQW) no file
2026-10-06T15:52:28.414Z [INFO] [History] [pid-98516] Cash flow( RNAQW) no file
2026-10-06T15:52:28.414Z [INFO] [History] [pid-98516] income statement( ASBH) no file
2026-10-06T15:52:28.414Z [INFO] [History] [pid-98516] Cash flow( ASBH) no file
2026-10-06T15:52:28.416Z [INFO] [History] [pid-98516] income statement( CATL) no file
2026-10-06T15:52:28.416Z [INFO] [History] [pid-98516] Cash flow( CATL) no file
2026-10-06T15:52:28.416Z [INFO] [History] [pid-98516] income statement( CATLR) no file
2026-10-06T15:52:28.416Z [INFO] [History] [pid-98516] Cash flow( CATLR) no file
2026-10-06T15:52:28.416Z [INFO] [History] [pid-98516] income statement( MTAK) no file
2026-10-06T15:52:28.416Z [INFO] [History] [pid-98516] Cash flow( MTAK) no file
2026-10-06T15:52:28.425Z [INFO] [History] [pid-98516] balanceSheet( ASGI-R-W) no file
2026-10-06T15:52:28.426Z [INFO] [History] [pid-98516] balanceSheet( ETRA) no file
2026-10-06T15:52:28.426Z [INFO] [History] [pid-98516] balanceSheet( HOST) no file
2026-10-06T15:52:28.426Z [INFO] [History] [pid-98516] balanceSheet( LEDRU) no file
2026-10-06T15:52:28.427Z [INFO] [History] [pid-98516] balanceSheet( XIII) no file
2026-10-06T15:52:28.427Z [INFO] [History] [pid-98516] income statement( MTAKW) no file
2026-10-06T15:52:28.427Z [INFO] [History] [pid-98516] Cash flow( MTAKW) no file
2026-10-06T15:52:28.427Z [INFO] [History] [pid-98516] income statement( TLAC) no file
2026-10-06T15:52:28.427Z [INFO] [History] [pid-98516] Cash flow( TLAC) no file
2026-10-06T15:52:28.427Z [INFO] [History] [pid-98516] income statement( TLACW) no file
2026-10-06T15:52:28.427Z [INFO] [History] [pid-98516] Cash flow( TLACW) no file
2026-10-06T15:52:28.436Z [INFO] [History] [pid-98516] balanceSheet( XIIIW) no file
2026-10-06T15:52:28.442Z [INFO] [History] [pid-98516] balanceSheet( GCPU) no file
2026-10-06T15:52:28.442Z [INFO] [History] [pid-98516] balanceSheet( NWCL) no file
2026-10-06T15:52:28.442Z [INFO] [History] [pid-98516] balanceSheet( NWCLW) no file
2026-10-06T15:52:28.443Z [INFO] [History] [pid-98516] income statement( ASGI-R-W) no file
2026-10-06T15:52:28.443Z [INFO] [History] [pid-98516] Cash flow( ASGI-R-W) no file
2026-10-06T15:52:28.443Z [INFO] [History] [pid-98516] income statement( ETRA) no file
2026-10-06T15:52:28.443Z [INFO] [History] [pid-98516] Cash flow( ETRA) no file
2026-10-06T15:52:28.443Z [INFO] [History] [pid-98516] income statement( HOST) no file
2026-10-06T15:52:28.443Z [INFO] [History] [pid-98516] Cash flow( HOST) no file
2026-10-06T15:52:28.443Z [INFO] [History] [pid-98516] income statement( LEDRU) no file
2026-10-06T15:52:28.443Z [INFO] [History] [pid-98516] Cash flow( LEDRU) no file
2026-10-06T15:52:28.443Z [INFO] [History] [pid-98516] income statement( XIII) no file
2026-10-06T15:52:28.443Z [INFO] [History] [pid-98516] Cash flow( XIII) no file
2026-10-06T15:52:28.445Z [INFO] [History] [pid-98516] balanceSheet( SVIAW) no file
2026-10-06T15:52:28.445Z [INFO] [History] [pid-98516] balanceSheet( LOVIU) no file
2026-10-06T15:52:28.446Z [INFO] [History] [pid-98516] balanceSheet( ASGI-R) no file
2026-10-06T15:52:28.446Z [INFO] [History] [pid-98516] balanceSheet( BCAT-R-W) no file
2026-10-06T15:52:28.446Z [INFO] [History] [pid-98516] balanceSheet( FJDI) no file
2026-10-06T15:52:28.447Z [INFO] [History] [pid-98516] income statement( XIIIW) no file
2026-10-06T15:52:28.447Z [INFO] [History] [pid-98516] Cash flow( XIIIW) no file
2026-10-06T15:52:28.449Z [INFO] [History] [pid-98516] income statement( GCPU) no file
2026-10-06T15:52:28.449Z [INFO] [History] [pid-98516] Cash flow( GCPU) no file
2026-10-06T15:52:28.449Z [INFO] [History] [pid-98516] income statement( NWCL) no file
2026-10-06T15:52:28.449Z [INFO] [History] [pid-98516] Cash flow( NWCL) no file
2026-10-06T15:52:28.449Z [INFO] [History] [pid-98516] income statement( NWCLW) no file
2026-10-06T15:52:28.449Z [INFO] [History] [pid-98516] Cash flow( NWCLW) no file
2026-10-06T15:52:28.451Z [INFO] [History] [pid-98516] balanceSheet( FJDIR) no file
2026-10-06T15:52:28.451Z [INFO] [History] [pid-98516] balanceSheet( FJDIW) no file
2026-10-06T15:52:28.451Z [INFO] [History] [pid-98516] balanceSheet( ADRX) no file
2026-10-06T15:52:28.452Z [INFO] [History] [pid-98516] income statement( SVIAW) no file
2026-10-06T15:52:28.452Z [INFO] [History] [pid-98516] Cash flow( SVIAW) no file
2026-10-06T15:52:28.452Z [INFO] [History] [pid-98516] income statement( LOVIU) no file
2026-10-06T15:52:28.452Z [INFO] [History] [pid-98516] Cash flow( LOVIU) no file
2026-10-06T15:52:28.452Z [INFO] [History] [pid-98516] income statement( ASGI-R) no file
2026-10-06T15:52:28.452Z [INFO] [History] [pid-98516] Cash flow( ASGI-R) no file
2026-10-06T15:52:28.452Z [INFO] [History] [pid-98516] income statement( BCAT-R-W) no file
2026-10-06T15:52:28.452Z [INFO] [History] [pid-98516] Cash flow( BCAT-R-W) no file
2026-10-06T15:52:28.452Z [INFO] [History] [pid-98516] income statement( FJDI) no file
2026-10-06T15:52:28.452Z [INFO] [History] [pid-98516] Cash flow( FJDI) no file
2026-10-06T15:52:28.454Z [INFO] [History] [pid-98516] balanceSheet( BRRKU) no file
2026-10-06T15:52:28.455Z [INFO] [History] [pid-98516] balanceSheet( PNAQ) no file
2026-10-06T15:52:28.455Z [INFO] [History] [pid-98516] balanceSheet( PNAQ-R) no file
2026-10-06T15:52:28.455Z [INFO] [History] [pid-98516] loadEarnings( GOW) no file
2026-10-06T15:52:28.455Z [INFO] [History] [pid-98516] balanceSheet( GOW) no file
2026-10-06T15:52:28.506Z [INFO] [History] [pid-98516] income statement( FJDIR) no file
2026-10-06T15:52:28.506Z [INFO] [History] [pid-98516] Cash flow( FJDIR) no file
2026-10-06T15:52:28.506Z [INFO] [History] [pid-98516] income statement( FJDIW) no file
2026-10-06T15:52:28.506Z [INFO] [History] [pid-98516] Cash flow( FJDIW) no file
2026-10-06T15:52:28.506Z [INFO] [History] [pid-98516] income statement( ADRX) no file
2026-10-06T15:52:28.506Z [INFO] [History] [pid-98516] Cash flow( ADRX) no file
2026-10-06T15:52:28.519Z [INFO] [History] [pid-98516] loadEarnings( ONEN) no file
2026-10-06T15:52:28.519Z [INFO] [History] [pid-98516] balanceSheet( ONEN) no file
2026-10-06T15:52:28.519Z [INFO] [History] [pid-98516] loadEarnings( ACCV) no file
2026-10-06T15:52:28.520Z [INFO] [History] [pid-98516] balanceSheet( ACCV) no file
2026-10-06T15:52:28.520Z [INFO] [History] [pid-98516] loadEarnings( IVAI) no file
2026-10-06T15:52:28.520Z [INFO] [History] [pid-98516] balanceSheet( IVAI) no file
2026-10-06T15:52:28.520Z [INFO] [History] [pid-98516] loadEarnings( RZAI) no file
2026-10-06T15:52:28.520Z [INFO] [History] [pid-98516] balanceSheet( RZAI) no file
2026-10-06T15:52:28.521Z [INFO] [History] [pid-98516] loadData( PORT-U) no year 2025
2026-10-06T15:52:28.522Z [INFO] [History] [pid-98516] loadEarnings( CHWM) no file
2026-10-06T15:52:28.522Z [INFO] [History] [pid-98516] balanceSheet( CHWM) no file
2026-10-06T15:52:28.522Z [INFO] [History] [pid-98516] income statement( BRRKU) no file
2026-10-06T15:52:28.522Z [INFO] [History] [pid-98516] Cash flow( BRRKU) no file
2026-10-06T15:52:28.522Z [INFO] [History] [pid-98516] income statement( PNAQ) no file
2026-10-06T15:52:28.522Z [INFO] [History] [pid-98516] Cash flow( PNAQ) no file
2026-10-06T15:52:28.522Z [INFO] [History] [pid-98516] income statement( PNAQ-R) no file
2026-10-06T15:52:28.523Z [INFO] [History] [pid-98516] Cash flow( PNAQ-R) no file
2026-10-06T15:52:28.523Z [INFO] [History] [pid-98516] income statement( GOW) no file
2026-10-06T15:52:28.523Z [INFO] [History] [pid-98516] Cash flow( GOW) no file
2026-10-06T15:52:28.535Z [INFO] [History] [pid-98516] loadEarnings( UWMC-R-W) no file
2026-10-06T15:52:28.535Z [INFO] [History] [pid-98516] balanceSheet( UWMC-R-W) no file
2026-10-06T15:52:28.535Z [INFO] [History] [pid-98516] loadEarnings( VYLR) no file
2026-10-06T15:52:28.535Z [INFO] [History] [pid-98516] balanceSheet( VYLR) no file
2026-10-06T15:52:28.535Z [INFO] [History] [pid-98516] loadEarnings( SAIQ) no file
2026-10-06T15:52:28.535Z [INFO] [History] [pid-98516] balanceSheet( SAIQ) no file
2026-10-06T15:52:28.537Z [INFO] [History] [pid-98516] income statement( ONEN) no file
2026-10-06T15:52:28.538Z [INFO] [History] [pid-98516] Cash flow( ONEN) no file
2026-10-06T15:52:28.538Z [INFO] [History] [pid-98516] income statement( ACCV) no file
2026-10-06T15:52:28.538Z [INFO] [History] [pid-98516] Cash flow( ACCV) no file
2026-10-06T15:52:28.538Z [INFO] [History] [pid-98516] income statement( IVAI) no file
2026-10-06T15:52:28.538Z [INFO] [History] [pid-98516] Cash flow( IVAI) no file
2026-10-06T15:52:28.538Z [INFO] [History] [pid-98516] income statement( RZAI) no file
2026-10-06T15:52:28.538Z [INFO] [History] [pid-98516] Cash flow( RZAI) no file
2026-10-06T15:52:28.539Z [INFO] [History] [pid-98516] income statement( CHWM) no file
2026-10-06T15:52:28.539Z [INFO] [History] [pid-98516] Cash flow( CHWM) no file
2026-10-06T15:52:28.541Z [INFO] [History] [pid-98516] loadEarnings( DX-P-D) no file
2026-10-06T15:52:28.542Z [INFO] [History] [pid-98516] balanceSheet( DX-P-D) no file
2026-10-06T15:52:28.542Z [INFO] [History] [pid-98516] loadEarnings( NSTR) no file
2026-10-06T15:52:28.542Z [INFO] [History] [pid-98516] balanceSheet( NSTR) no file
2026-10-06T15:52:28.542Z [INFO] [History] [pid-98516] loadEarnings( NSTR-WS) no file
2026-10-06T15:52:28.542Z [INFO] [History] [pid-98516] balanceSheet( NSTR-WS) no file
2026-10-06T15:52:28.553Z [INFO] [History] [pid-98516] income statement( UWMC-R-W) no file
2026-10-06T15:52:28.553Z [INFO] [History] [pid-98516] Cash flow( UWMC-R-W) no file
2026-10-06T15:52:28.553Z [INFO] [History] [pid-98516] income statement( VYLR) no file
2026-10-06T15:52:28.553Z [INFO] [History] [pid-98516] Cash flow( VYLR) no file
2026-10-06T15:52:28.553Z [INFO] [History] [pid-98516] income statement( SAIQ) no file
2026-10-06T15:52:28.553Z [INFO] [History] [pid-98516] Cash flow( SAIQ) no file
2026-10-06T15:52:28.554Z [INFO] [History] [pid-98516] income statement( DX-P-D) no file
2026-10-06T15:52:28.554Z [INFO] [History] [pid-98516] Cash flow( DX-P-D) no file
2026-10-06T15:52:28.555Z [INFO] [History] [pid-98516] income statement( NSTR) no file
2026-10-06T15:52:28.555Z [INFO] [History] [pid-98516] Cash flow( NSTR) no file
2026-10-06T15:52:28.555Z [INFO] [History] [pid-98516] income statement( NSTR-WS) no file
2026-10-06T15:52:28.555Z [INFO] [History] [pid-98516] Cash flow( NSTR-WS) no file
2026-10-06T15:52:28.557Z [INFO] [timing] [pid-98516] [timing] History.init symbol-read-write-loop duration=4m 22s (262s) symbols=18406 loaded=13166
2026-10-06T15:52:48.690Z [INFO] [timing] [pid-98516] [timing] History.init cache-write duration=20s (20s) branch=rebuild symbols=13165
2026-10-06T15:52:48.693Z [INFO] [timing] [pid-98516] [timing] History.init duration=4m 42s (282s) branch=rebuild stocks=13165
2026-10-06T15:52:48.716Z [INFO] [HistoryApp] [pid-98516] History: 282392 ms
⏳ quality: 9502 MB available < 11264 MB needed for safe heap; waiting… (0/60s)
⏳ quality: 9502 MB available < 11264 MB needed for safe heap; waiting… (5/60s)
⏳ quality: 9502 MB available < 11264 MB needed for safe heap; waiting… (10/60s)
⏳ quality: 9666 MB available < 11264 MB needed for safe heap; waiting… (15/60s)
⏳ quality: 9666 MB available < 11264 MB needed for safe heap; waiting… (20/60s)
⏳ quality: 9666 MB available < 11264 MB needed for safe heap; waiting… (25/60s)
⏳ quality: 9666 MB available < 11264 MB needed for safe heap; waiting… (30/60s)
⏳ quality: 9666 MB available < 11264 MB needed for safe heap; waiting… (35/60s)
⏳ quality: 9666 MB available < 11264 MB needed for safe heap; waiting… (40/60s)
⏳ quality: 9994 MB available < 11264 MB needed for safe heap; waiting… (45/60s)
⏳ quality: 9994 MB available < 11264 MB needed for safe heap; waiting… (50/60s)
⏳ quality: 9994 MB available < 11264 MB needed for safe heap; waiting… (55/60s)
⚠️ quality: only 9994 MB available after waiting 60s (wanted 11264 MB for a 9728 MB heap). Proceeding with host-sized plan.
🧮 deno test memory plan: DENO_JOBS=1, --max-old-space-size=8458 MB per worker (aggregate ceiling 8458 MB, host 16 GB total / 9994 MB available)
....................................................................................................
....................................................................................................
....................................................................................................
....................................................................................................
....................................................................................................
....................................................................................................
....................................................................................................
....................................................................................................
....................................................................................................
....................................................................................................
....................................................................................................
....................................................................................................
....................................................................................................
....................................................................................................
....................................................................................................
....................................................................................................
....................................................................................................
....................................................................................................
....................................................................................................
....................................................................................................
....................................................................................................
....................................................................................................
....................................................................................................
....................................................................................................
....................................................................................................
....................................................................................................
....................................................................................................
....................................................................................................
....................................................................................................
....................................................................................................
....................................................................................................
....................................................................................................
....................................................................................................
....................................................................................................
....................................................................................................
....................................................................................................
....................................................................................................
....................................................................................................
....................................................................................................
....................................................................................................
....................................................................................................
....................................................................................................
....................................................................................................
....................................................................................................
....................................................................................................
....................................................................................................
....................................................................................................
....................................................................................................
....................................................................................................
....................................................................................................
....................................................................................................
....................................................................................................
....................................................................................................
....................................................................................................
..................................................................,..,,,,,..........................
....................................................................................................
....................................................................................................
....................................................................................................
....................................................................................................
....................................................................................................
....................................................................................................
....................................................................................................
....................................................................................................
....................................................................................................
....................................................................................................
....................................................................................................
....................................................................................................
....................................................................................................
....................................................................................................
....................................................................................................
........................................,...........................................................
....................................................................................................
....................................................................................................
....................................................................................................
....................................................................................................
....................................................................................................
....................................................................................................
....................................................................................................
....................................................................................................
....................................................................................................
....................................................................................................
..................!!................................................................................
....................................................................................................
....................................................................................................
....................................................................................................
....................................................................................................
....................................................................................................
....................................................................................................
....................................................................................................
..

 ERRORS 

a long git operation reports it is still running (#5167) => ./test/worker/ScorerGitUntilDeadline.ts:90:6
error: AssertionError: Values are not equal.


    [Diff] Actual / Expected


-   1
+   0

  throw new AssertionError(message);
        ^
    at assertEquals (https://jsr.io/@std/assert/1.0.19/equals.ts:67:9)
    at file:///Users/elephant/GRQ/test/worker/ScorerGitUntilDeadline.ts:101:3

the heartbeat reaches the log even when the caller captures the operation (#5167) => ./test/worker/ScorerGitUntilDeadline.ts:112:6
error: AssertionError: Values are not equal.


    [Diff] Actual / Expected


-   1
+   0

  throw new AssertionError(message);
        ^
    at assertEquals (https://jsr.io/@std/assert/1.0.19/equals.ts:67:9)
    at file:///Users/elephant/GRQ/test/worker/ScorerGitUntilDeadline.ts:124:3

 FAILURES 

a long git operation reports it is still running (#5167) => ./test/worker/ScorerGitUntilDeadline.ts:90:6
the heartbeat reaches the log even when the caller captures the operation (#5167) => ./test/worker/ScorerGitUntilDeadline.ts:112:6

FAILED | 8624 passed (269 steps) | 2 failed | 7 ignored (217m30s)

error: Test failed
❌ deno test failed (exit 1)
