]
[0m[38;5;245m----- post-test output end -----[0m
dividends ... [0m[32mok[0m [0m[38;5;245m(666µs)[0m
allDays ...
[0m[38;5;245m------- post-test output -------[0m
[
  null,    1379666, 2306566,
  2501427, 2001997, 1673673,
  null,    null,    null,
  2586279, 3762611, 5482685,
  3436405, null,    null
]
[
  null,    1379666, 2306566,
  2501427, 2001997, 1673673,
  null,    null,    null,
  2586279, 3762611, 5482685,
  3436405, null,    null
]
[0m[38;5;245m----- post-test output end -----[0m
allDays ... [0m[32mok[0m [0m[38;5;245m(273µs)[0m
WeekDayOnly backwards ...
[0m[38;5;245m------- post-test output -------[0m
[
  null,    1379666,
  2306566, 2501427,
  2001997, null,
  null,    2586279,
  3762611
]
[
  null,    1379666,
  2306566, 2501427,
  2001997, null,
  null,    2586279,
  3762611
]
[
  null,    1379666,
  2306566, 2501427,
  2001997, null,
  null,    2586279,
  3762611
]
[0m[38;5;245m----- post-test output end -----[0m
WeekDayOnly backwards ... [0m[32mok[0m [0m[38;5;245m(323µs)[0m
WeekDayOnly forwards ...
[0m[38;5;245m------- post-test output -------[0m
[
  null,    3723435,
  7154856, 3280450,
  4178714, null,
  4720491, 5156075,
  5830184
]
[
  null,    3723435,
  7154856, 3280450,
  4178714, null,
  4720491, 5156075,
  5830184
]
[
  null,    3723435,
  7154856, 3280450,
  4178714, null,
  4720491, 5156075,
  5830184
]
[0m[38;5;245m----- post-test output end -----[0m
WeekDayOnly forwards ... [0m[32mok[0m [0m[38;5;245m(170µs)[0m
makeDateUTC ... [0m[32mok[0m [0m[38;5;245m(68µs)[0m
latestQuarter: LatestQuarter None returns null ... [0m[32mok[0m [0m[38;5;245m(288µs)[0m
allDays backwards ...
[0m[38;5;245m------- post-test output -------[0m
[
  1014427, 771634,  null,
  null,    1208477, 1382162,
  null,    805841,  802618,
  null,    null,    836551,
  736234,  null,    416922
]
[
  1014427, 771634,  null,
  null,    1208477, 1382162,
  null,    805841,  802618,
  null,    null,    836551,
  736234,  null,    416922
]
[0m[38;5;245m----- post-test output end -----[0m
allDays backwards ... [0m[32mok[0m [0m[38;5;245m(170µs)[0m
allDays forwards ...
[0m[38;5;245m------- post-test output -------[0m
[
  1108716, 416922,  null,
  736234,  836551,  null,
  null,    802618,  805841,
  null,    1382162, 1208477,
  null,    null,    771634
]
[
  1108716, 416922,  null,
  736234,  836551,  null,
  null,    802618,  805841,
  null,    1382162, 1208477,
  null,    null,    771634
]
[0m[38;5;245m----- post-test output end -----[0m
allDays forwards ... [0m[32mok[0m [0m[38;5;245m(136µs)[0m
best fit ...
[0m[38;5;245m------- post-test output -------[0m
{
  slope: 0.6,
  count: 5,
  angle: 30.96375653207352,
  sin: 0.5144957554275266,
  yStart: 2.2
}
[0m[38;5;245m----- post-test output end -----[0m
best fit ... [0m[32mok[0m [0m[38;5;245m(217µs)[0m
best fit nulls compared to known  ...
[0m[38;5;245m------- post-test output -------[0m
{
  slope: 0.1,
  count: 7,
  angle: 5.710593137499643,
  sin: 0.09950371902099893,
  yStart: -0.30000000000000004
}
{
  slope: 0.10000000000000002,
  count: 5,
  angle: 5.710593137499644,
  sin: 0.09950371902099894,
  yStart: -0.30000000000000004
}
[0m[38;5;245m----- post-test output end -----[0m
best fit nulls compared to known  ... [0m[32mok[0m [0m[38;5;245m(153µs)[0m
best fit nulls versus zero  ...
[0m[38;5;245m------- post-test output -------[0m
{ slope: 0, count: 5, angle: 0, sin: 0, yStart: 1.2 }
{ slope: 0, count: 4, angle: 0, sin: 0, yStart: 1.5 }
[0m[38;5;245m----- post-test output end -----[0m
best fit nulls versus zero  ... [0m[32mok[0m [0m[38;5;245m(103µs)[0m
best fit nulls  ...
[0m[38;5;245m------- post-test output -------[0m
{
  slope: 0.6,
  count: 6,
  angle: 30.96375653207352,
  sin: 0.5144957554275266,
  yStart: 2.1999999999999997
}
[0m[38;5;245m----- post-test output end -----[0m
best fit nulls  ... [0m[32mok[0m [0m[38;5;245m(53µs)[0m
best fit close ...
[0m[38;5;245m------- post-test output -------[0m
[
  53.84, 53.84, 53.76,
  53.71, 53.18, 53.78,
  53.45, 53.45, 53.45,
  53.45
]
{
  slope: -0.04830303030303017,
  count: 10,
  angle: -2.7654103746573973,
  sin: -0.04824677881944584,
  yStart: 53.85666666666666
}
-3.045957225685546 -0.09548971213349651
[0m[38;5;245m----- post-test output end -----[0m
best fit close ... [0m[32mok[0m [0m[38;5;245m(205µs)[0m
BHP best fit close ...
[0m[38;5;245m------- post-test output -------[0m
{
  slope: -0.04830303030303017,
  count: 10,
  angle: -2.7654103746573973,
  sin: -0.04824677881944584,
  yStart: 53.85666666666666
}
[0m[38;5;245m----- post-test output end -----[0m
BHP best fit close ... [0m[32mok[0m [0m[38;5;245m(127µs)[0m
best fit not NaN ...
[0m[38;5;245m------- post-test output -------[0m
{ slope: 0, count: 1, angle: 0, sin: 0, yStart: 14.86 }
{
  slope: -1.25,
  count: 3,
  angle: -51.34019174590991,
  sin: -0.7808688094430303,
  yStart: 16.22
}
{
  slope: -0.6067857142857142,
  count: 7,
  angle: -31.2487779571596,
  sin: -0.5187550239083597,
  yStart: 14.694285714285712
}
{
  slope: 0.0033571428571428745,
  count: 15,
  angle: 0.19234939432022116,
  sin: 0.0033571239391176535,
  yStart: 12.369809523809522
}
{
  slope: 0.2775906562847608,
  count: 30,
  angle: 15.51415724414477,
  sin: 0.2674764718708695,
  yStart: 10.444344827586207
}
{
  slope: 0.1681581027667984,
  count: 45,
  angle: 9.545445499525206,
  sin: 0.16582984955908914,
  yStart: 11.966363636363633
}
{
  slope: 0.16831468905626215,
  count: 90,
  angle: 9.554170291020796,
  sin: 0.16598001561369038,
  yStart: 12.58179275905118
}
{
  slope: -0.00721069580336842,
  count: 180,
  angle: -0.41313527678133655,
  sin: -0.0072105083537362955,
  yStart: 19.628901303538186
}
{
  slope: -0.037414929557305465,
  count: 365,
  angle: -2.1427180801633074,
  sin: -0.03738876887160209,
  yStart: 21.787781424055392
}
[0m[38;5;245m----- post-test output end -----[0m
best fit not NaN ... [0m[32mok[0m [0m[38;5;245m(419µs)[0m
BHP is a STOCK ... [0m[32mok[0m [0m[38;5;245m(29µs)[0m
NOT a STOCK ... [0m[32mok[0m [0m[38;5;245m(29µs)[0m
listCommonStock ...
[0m[38;5;245m------- post-test output -------[0m
listCommonStock: 7784
[0m[38;5;245m----- post-test output end -----[0m
listCommonStock ... [0m[32mok[0m [0m[38;5;245m(1ms)[0m
isStockValid ... [0m[32mok[0m [0m[38;5;245m(445µs)[0m
listValidStocks ...
[0m[38;5;245m------- post-test output -------[0m
listValidStocks: 3947
[0m[38;5;245m----- post-test output end -----[0m
listValidStocks ... [0m[32mok[0m [0m[38;5;245m(139ms)[0m
listStock ... [0m[32mok[0m [0m[38;5;245m(17ms)[0m
BHP 2012Q2 EPS ... [0m[32mok[0m [0m[38;5;245m(7ms)[0m
BHP 2014Q4 EPS ... [0m[32mok[0m [0m[38;5;245m(78µs)[0m
Last quarter BHP ... [0m[32mok[0m [0m[38;5;245m(157µs)[0m
BHP end of year ... [0m[32mok[0m [0m[38;5;245m(63µs)[0m
Last quarter BHP boxing day ... [0m[32mok[0m [0m[38;5;245m(49µs)[0m
dividends ... [0m[32mok[0m [0m[38;5;245m(184µs)[0m
Last quarter A ... [0m[32mok[0m [0m[38;5;245m(66µs)[0m
BHP BestFit ... [0m[32mok[0m [0m[38;5;245m(341µs)[0m
BHP bestFit -8 ... [0m[32mok[0m [0m[38;5;245m(168µs)[0m
target earnings yield ...
[0m[38;5;245m------- post-test output -------[0m
{
  slope: 0.002901434191605446,
  count: 4,
  angle: 0.16623946722929342,
  sin: 0.0029014219790812765,
  yStart: 0.00808861838752885
}
[0m[38;5;245m----- post-test output end -----[0m
target earnings yield ... [0m[32mok[0m [0m[38;5;245m(280µs)[0m
BHP stability ... [0m[32mok[0m [0m[38;5;245m(659µs)[0m
All stability ... [0m[32mok[0m [0m[38;5;245m(571ms)[0m
delistingDate returns undefined for non-delisted stock ... [0m[32mok[0m [0m[38;5;245m(2ms)[0m
delisted stock price returns half of last price after delisting ... [0m[32mok[0m [0m[38;5;245m(1ms)[0m
findLowPrice for delisted stock returns half of last price ... [0m[32mok[0m [0m[38;5;245m(507µs)[0m
[0m[38;5;245mrunning 4 tests from ./test/MarketModuleDocs.ts[0m
module doc present: src/MarketFinancials.ts ... [0m[32mok[0m [0m[38;5;245m(89ms)[0m
module doc present: src/MarketPriceData.ts ... [0m[32mok[0m [0m[38;5;245m(46ms)[0m
module doc present: src/MarketStockInfo.ts ... [0m[32mok[0m [0m[38;5;245m(51ms)[0m
module doc present: src/MarketLocation.ts ... [0m[32mok[0m [0m[38;5;245m(22ms)[0m
[0m[38;5;245mrunning 1 test from ./test/MissingDividends.ts[0m
Missing Dividend ...
[0m[38;5;245m------- post-test output -------[0m
2026-08-17T08:44:22.575Z [INFO] [History] [pid-3445] History Loaded
[
  {
    symbol: "STVN",
    cents: 5.8,
    amount: 1.26095856768,
    units: 21.74066496,
    tax: 0.19,
    date: "2023-06-07"
  },
  {
    symbol: "GEF",
    cents: 50,
    amount: 5,
    units: 10,
    tax: 0.75,
    date: "2023-06-15"
  },
  {
    symbol: "KWR",
    cents: 43.5,
    amount: 1.74,
    units: 4,
    tax: 0.26,
    date: "2023-07-14"
  },
  {
    symbol: "TRI",
    cents: 49.768,
    amount: 3.98144,
    units: 8,
    tax: 0.6,
    date: "2023-08-16"
  },
  {
    symbol: "CLX",
    cents: 120,
    amount: 6,
    units: 5,
    tax: 0.9,
    date: "2023-08-08"
  },
  {
    symbol: "CNO",
    cents: 15,
    amount: 6.449999999999999,
    units: 43,
    tax: 0.97,
    date: "2023-09-07"
  },
  {
    symbol: "BELFB",
    cents: 7,
    amount: 0.77,
    units: 11,
    tax: 0.12,
    date: "2023-10-12"
  }
]
[0m[38;5;245m----- post-test output end -----[0m
Missing Dividend ... [0m[32mok[0m [0m[38;5;245m(7s)[0m
[0m[38;5;245mrunning 4 tests from ./test/ModelSanitizer.ts[0m
sanitizeModels extends smaller input models via Upgrade.correct ...
[0m[38;5;245m------- post-test output -------[0m
[neat-ai] running version 6.6.7
[0m[38;5;245m----- post-test output end -----[0m
sanitizeModels extends smaller input models via Upgrade.correct ... [0m[32mok[0m [0m[38;5;245m(20ms)[0m
sanitizeModels memetic fallback also uses Upgrade.correct ... [0m[32mok[0m [0m[38;5;245m(10ms)[0m
sanitizeModels rejects models with larger input than expected ... [0m[32mok[0m [0m[38;5;245m(2ms)[0m
sanitizeModels handles models with matching input size ... [0m[32mok[0m [0m[38;5;245m(3ms)[0m
[0m[38;5;245mrunning 1 test from ./test/OBV.ts[0m
IBM ...
[0m[38;5;245m------- post-test output -------[0m
2026-08-17T08:44:29.630Z [INFO] [History] [pid-3445] History Loaded
2023-05-25T00:00:00.000Z 0.5967366141419052
2023-05-19T00:00:00.000Z 1
2008-01-11T00:00:00.000Z -0.21147408683889973
2007-12-28T00:00:00.000Z 0.30168670674682696
2009-12-24T00:00:00.000Z 0.5986988970729177
[0m[38;5;245m----- post-test output end -----[0m
IBM ... [0m[32mok[0m [0m[38;5;245m(6s)[0m
[0m[38;5;245mrunning 5 tests from ./test/PidGuardParseEtime.ts[0m
pid_guard: parse_etime_to_seconds parses MM:SS ... [0m[32mok[0m [0m[38;5;245m(25ms)[0m
pid_guard: parse_etime_to_seconds parses HH:MM:SS ... [0m[32mok[0m [0m[38;5;245m(11ms)[0m
pid_guard: parse_etime_to_seconds handles leading-zero 08 in HH:MM:SS ... [0m[32mok[0m [0m[38;5;245m(12ms)[0m
pid_guard: parse_etime_to_seconds handles leading-zero 08/09 in MM:SS ... [0m[32mok[0m [0m[38;5;245m(13ms)[0m
pid_guard: parse_etime_to_seconds parses DD-HH:MM:SS ... [0m[32mok[0m [0m[38;5;245m(12ms)[0m
[0m[38;5;245mrunning 1 test from ./test/PidGuardRespawnRace.ts[0m
pid_guard: terminate clears respawning loop parent and children ... [0m[32mok[0m [0m[38;5;245m(1s)[0m
[0m[38;5;245mrunning 9 tests from ./test/PidGuardStaleProgressOnly.ts[0m
compute_stale_age default uses max when process_age dominates ... [0m[32mok[0m [0m[38;5;245m(19ms)[0m
compute_stale_age default uses max when file_age dominates ... [0m[32mok[0m [0m[38;5;245m(13ms)[0m
compute_stale_age default omitted third arg behaves like max ... [0m[32mok[0m [0m[38;5;245m(11ms)[0m
compute_stale_age progress_only ignores process_age (healthy worker survives) ... [0m[32mok[0m [0m[38;5;245m(10ms)[0m
compute_stale_age progress_only still detects a hung worker ... [0m[32mok[0m [0m[38;5;245m(10ms)[0m
compute_stale_age accepts numeric 1 as progress_only ... [0m[32mok[0m [0m[38;5;245m(11ms)[0m
compute_stale_age treats non-numeric ages as 0 (fail-safe) ... [0m[32mok[0m [0m[38;5;245m(20ms)[0m
run_core.sh --stale-progress-only is documented in help ... [0m[32mok[0m [0m[38;5;245m(65ms)[0m
run_core.sh accepts --stale-progress-only as a known flag ... [0m[32mok[0m [0m[38;5;245m(141ms)[0m
[0m[38;5;245mrunning 4 tests from ./test/PidGuardTerminateTree.ts[0m
pid_guard: kill_descendants recursively kills child processes ... [0m[32mok[0m [0m[38;5;245m(279ms)[0m
pid_guard: kill_descendants handles nested grandchildren ... [0m[32mok[0m [0m[38;5;245m(351ms)[0m
pid_guard: kill_pgid_signal_safe does not signal caller process group ... [0m[32mok[0m [0m[38;5;245m(17ms)[0m
pid_guard: kill_pgid_signal_safe skips pgid kill when caller pgid is unreadable ... [0m[32mok[0m [0m[38;5;245m(9ms)[0m
[0m[38;5;245m------- post-test output -------[0m
2026-08-17T08:44:41.362Z [INFO] [History] [pid-3445] History Loaded
[0m[38;5;245m----- post-test output end -----[0m
[0m[38;5;245mrunning 2 tests from ./test/Portfolio.ts[0m
diversity ...
[0m[38;5;245m------- post-test output -------[0m
[neat-ai] running version 6.6.7
2026-08-17T08:44:41.398Z [INFO] [Portfolio] [pid-3445] lastTradeDay 2021-10-22
2026-08-17T08:44:41.422Z [INFO] [Portfolio] [pid-3445] Scored 11/11 symbols
2026-08-17T08:44:41.423Z [INFO] [Portfolio] [pid-3445] 0) BHP 0.2511528432369232, industry: OTHER INDUSTRIAL METALS & MINING
2026-08-17T08:44:41.423Z [INFO] [Portfolio] [pid-3445] 1) PLNT 0.114466093480587, industry: LEISURE
2026-08-17T08:44:41.423Z [INFO] [Portfolio] [pid-3445] 2) D 0.03158801421523094, industry: UTILITIES - REGULATED ELECTRIC
2026-08-17T08:44:41.423Z [INFO] [Portfolio] [pid-3445] 3) BDC -0.1037362813949585, industry: COMMUNICATION EQUIPMENT
2026-08-17T08:44:41.423Z [INFO] [Portfolio] [pid-3445] 4) CIO -0.11237390339374542, industry: REIT - OFFICE
2026-08-17T08:44:41.423Z [INFO] [Portfolio] [pid-3445] 5) AMBA -0.114686518907547, industry: SEMICONDUCTOR EQUIPMENT & MATERIALS
2026-08-17T08:44:41.423Z [INFO] [Portfolio] [pid-3445] 6) S -0.1413496732711792, industry: SOFTWARE - INFRASTRUCTURE
2026-08-17T08:44:41.423Z [INFO] [Portfolio] [pid-3445] 7) IRTC -0.17935456335544586, industry: MEDICAL DEVICES
2026-08-17T08:44:41.423Z [INFO] [Portfolio] [pid-3445] 8) M -0.29558488726615906, industry: DEPARTMENT STORES
2026-08-17T08:44:41.423Z [INFO] [Portfolio] [pid-3445] 9) PHUN -0.4555214047431946, industry: SOFTWARE - APPLICATION
2026-08-17T08:44:41.424Z [INFO] [Portfolio] [pid-3445] Buys: [33m0[39m sells: [33m8[39m hold: [33m3[39m total: [33m11[39m errors: [33m0[39m
2026-08-17T08:44:41.427Z [INFO] [LimitOrderCreator] [pid-3445] Total Value is $10,000
{
  version: "1.0.0",
  balanceCents: 1000000,
  maxStockConcentrationPercent: 0.05,
  buyThreshold: 0.5,
  universe: [
    "PLNT", "CIO",  "AMBA",
    "PHUN", "BHP",  "BDC",
    "IRTC", "LQDA", "M",
    "PAE",  "D",    "S"
  ],
  maxPercentOfDailyVolume: 0.001,
  sellThreshold: 0.01,
  factionalCents: 100000,
  forceSellThreshold: -1,
  stopOrderPercent: -1,
  stopLossPercent: -1,
  stopLossBlockDays: 7,
  minDaysSoftSELL: 7,
  minDaysModerateSELL: 7,
  minDaysStrongSELL: 7,
  gtcPercentFirmHOLD: 0.5,
  gtcPercentNeutralHOLD: 0.5,
  gtcPercentSoftHOLD: 0.5,
  gtcPercentSoftSELL: 1,
  gtcPercentModerateSELL: 1,
  gtcPercentStrongSELL: 1,
  gtcHoldBaseLineAveragePriceWeight: 0,
  gtcSellBaseLineAveragePriceWeight: 0,
  gtcPriceSmoothingDays: 1,
  gtcMinProfitPercent: 0,
  minBuyDollars: 500,
  keepBuyGTC: false,
  eliteCancelGTC: 0,
  profitTakingPercent: 1,
  maxIndustryConcentrationPercent: 1,
  trailingStopEnabled: false,
  trailingStopPercent: -1,
  trailingStopActivationPercent: 0,
  dynamicSizingEnabled: false,
  strongBuyMultiplier: 1,
  weakBuyMultiplier: 1,
  scaledProfitTakingEnabled: false,
  profitTakeTier1Gain: 0.15,
  profitTakeTier1SellPercent: 0.25,
  profitTakeTier2Gain: 0.3,
  profitTakeTier2SellPercent: 0.25,
  minDailyVolumeDollars: 0,
  volumeSpikeMultiplier: 0,
  volumeAverageDays: 20,
  volatilityAdjustedSizingEnabled: false,
  volatilityLookbackDays: 30,
  volatilityMultiplier: 1,
  recommendationMomentumDays: 0,
  recommendationDecayEnabled: false,
  recommendationHalfLifeDays: 30,
  tieredStopLossEnabled: false,
  stopLossTier1Percent: -0.05,
  stopLossTier1SellPercent: 0.25,
  stopLossTier2Percent: -0.1,
  stopLossTier2SellPercent: 0.25,
  stopLossTier3Percent: -0.2,
  regimeAdaptiveEnabled: false,
  regimeLookbackDays: 60,
  regimeBearDrawdownPercent: -0.1,
  regimeBullTrendPercent: 0.05,
  regimeBearExposureMultiplier: 0.5,
  regimeBullExposureMultiplier: 1,
  regimeBearBuyThresholdShift: 0.1,
  targetPortfolioEnabled: false,
  targetPortfolioRiskAversion: 3,
  targetPortfolioGroupPenalty: 0.5,
  targetPortfolioCostAversion: 1,
  targetPortfolioMaxParticipationPercent: 0.05,
  targetPortfolioMaxTurnoverPercent: 0.25,
  targetPortfolioMaxHoldings: 20,
  targetPortfolioCashBufferPercent: 0,
  valueCents: 1000000,
  current: [],
  history: [],
  afterTaxValueCents: 1000000
}
2026-08-17T08:44:41.428Z [INFO] [Portfolio] [pid-3445] lastTradeDay 2021-10-29
2026-08-17T08:44:41.430Z [INFO] [Portfolio] [pid-3445] Scored 11/11 symbols
2026-08-17T08:44:41.430Z [INFO] [Portfolio] [pid-3445] 0) BHP 0.2819751799106598, industry: OTHER INDUSTRIAL METALS & MINING
2026-08-17T08:44:41.430Z [INFO] [Portfolio] [pid-3445] 1) PLNT 0.18546134233474731, industry: LEISURE
2026-08-17T08:44:41.430Z [INFO] [Portfolio] [pid-3445] 2) D 0.12117879092693329, industry: UTILITIES - REGULATED ELECTRIC
2026-08-17T08:44:41.430Z [INFO] [Portfolio] [pid-3445] 3) CIO -0.029857659712433815, industry: REIT - OFFICE
2026-08-17T08:44:41.430Z [INFO] [Portfolio] [pid-3445] 4) BDC -0.0352679118514061, industry: COMMUNICATION EQUIPMENT
2026-08-17T08:44:41.430Z [INFO] [Portfolio] [pid-3445] 5) S -0.16204756498336792, industry: SOFTWARE - INFRASTRUCTURE
2026-08-17T08:44:41.430Z [INFO] [Portfolio] [pid-3445] 6) AMBA -0.1841631829738617, industry: SEMICONDUCTOR EQUIPMENT & MATERIALS
2026-08-17T08:44:41.430Z [INFO] [Portfolio] [pid-3445] 7) IRTC -0.2997262477874756, industry: MEDICAL DEVICES
2026-08-17T08:44:41.430Z [INFO] [Portfolio] [pid-3445] 8) M -0.3341096341609955, industry: DEPARTMENT STORES
2026-08-17T08:44:41.430Z [INFO] [Portfolio] [pid-3445] 9) LQDA -0.41655319929122925, industry: DRUG MANUFACTURERS - SPECIALTY & GENERIC
2026-08-17T08:44:41.430Z [INFO] [Portfolio] [pid-3445] Buys: [33m0[39m sells: [33m8[39m hold: [33m3[39m total: [33m11[39m errors: [33m0[39m
2026-08-17T08:44:41.430Z [INFO] [LimitOrderCreator] [pid-3445] Total Value is $10,000
{
  version: "1.0.0",
  balanceCents: 1000000,
  maxStockConcentrationPercent: 0.1,
  buyThreshold: 0.5,
  universe: [
    "PLNT", "CIO",  "AMBA",
    "PHUN", "BHP",  "BDC",
    "IRTC", "LQDA", "M",
    "PAE",  "D",    "S"
  ],
  maxPercentOfDailyVolume: 0.001,
  sellThreshold: 0.01,
  factionalCents: 100000,
  forceSellThreshold: -1,
  stopOrderPercent: -1,
  stopLossPercent: -1,
  stopLossBlockDays: 7,
  minDaysSoftSELL: 7,
  minDaysModerateSELL: 7,
  minDaysStrongSELL: 7,
  gtcPercentFirmHOLD: 0.5,
  gtcPercentNeutralHOLD: 0.5,
  gtcPercentSoftHOLD: 0.5,
  gtcPercentSoftSELL: 1,
  gtcPercentModerateSELL: 1,
  gtcPercentStrongSELL: 1,
  gtcHoldBaseLineAveragePriceWeight: 0,
  gtcSellBaseLineAveragePriceWeight: 0,
  gtcPriceSmoothingDays: 1,
  gtcMinProfitPercent: 0,
  minBuyDollars: 500,
  keepBuyGTC: false,
  eliteCancelGTC: 0,
  profitTakingPercent: 1,
  maxIndustryConcentrationPercent: 1,
  trailingStopEnabled: false,
  trailingStopPercent: -1,
  trailingStopActivationPercent: 0,
  dynamicSizingEnabled: false,
  strongBuyMultiplier: 1,
  weakBuyMultiplier: 1,
  scaledProfitTakingEnabled: false,
  profitTakeTier1Gain: 0.15,
  profitTakeTier1SellPercent: 0.25,
  profitTakeTier2Gain: 0.3,
  profitTakeTier2SellPercent: 0.25,
  minDailyVolumeDollars: 0,
  volumeSpikeMultiplier: 0,
  volumeAverageDays: 20,
  volatilityAdjustedSizingEnabled: false,
  volatilityLookbackDays: 30,
  volatilityMultiplier: 1,
  recommendationMomentumDays: 0,
  recommendationDecayEnabled: false,
  recommendationHalfLifeDays: 30,
  tieredStopLossEnabled: false,
  stopLossTier1Percent: -0.05,
  stopLossTier1SellPercent: 0.25,
  stopLossTier2Percent: -0.1,
  stopLossTier2SellPercent: 0.25,
  stopLossTier3Percent: -0.2,
  regimeAdaptiveEnabled: false,
  regimeLookbackDays: 60,
  regimeBearDrawdownPercent: -0.1,
  regimeBullTrendPercent: 0.05,
  regimeBearExposureMultiplier: 0.5,
  regimeBullExposureMultiplier: 1,
  regimeBearBuyThresholdShift: 0.1,
  targetPortfolioEnabled: false,
  targetPortfolioRiskAversion: 3,
  targetPortfolioGroupPenalty: 0.5,
  targetPortfolioCostAversion: 1,
  targetPortfolioMaxParticipationPercent: 0.05,
  targetPortfolioMaxTurnoverPercent: 0.25,
  targetPortfolioMaxHoldings: 20,
  targetPortfolioCashBufferPercent: 0,
  valueCents: 1000000,
  current: [],
  history: [],
  afterTaxValueCents: 1000000
}
{
  version: "1.0.0",
  balanceCents: 1000000,
  maxStockConcentrationPercent: 0.1,
  buyThreshold: 0.5,
  universe: [
    "PLNT", "CIO",  "AMBA",
    "PHUN", "BHP",  "BDC",
    "IRTC", "LQDA", "M",
    "PAE",  "D",    "S"
  ],
  maxPercentOfDailyVolume: 0.001,
  sellThreshold: 0.01,
  factionalCents: 100000,
  forceSellThreshold: -1,
  stopOrderPercent: -1,
  stopLossPercent: -1,
  stopLossBlockDays: 7,
  minDaysSoftSELL: 7,
  minDaysModerateSELL: 7,
  minDaysStrongSELL: 7,
  gtcPercentFirmHOLD: 0.5,
  gtcPercentNeutralHOLD: 0.5,
  gtcPercentSoftHOLD: 0.5,
  gtcPercentSoftSELL: 1,
  gtcPercentModerateSELL: 1,
  gtcPercentStrongSELL: 1,
  gtcHoldBaseLineAveragePriceWeight: 0,
  gtcSellBaseLineAveragePriceWeight: 0,
  gtcPriceSmoothingDays: 1,
  gtcMinProfitPercent: 0,
  minBuyDollars: 500,
  keepBuyGTC: false,
  eliteCancelGTC: 0,
  profitTakingPercent: 1,
  maxIndustryConcentrationPercent: 1,
  trailingStopEnabled: false,
  trailingStopPercent: -1,
  trailingStopActivationPercent: 0,
  dynamicSizingEnabled: false,
  strongBuyMultiplier: 1,
  weakBuyMultiplier: 1,
  scaledProfitTakingEnabled: false,
  profitTakeTier1Gain: 0.15,
  profitTakeTier1SellPercent: 0.25,
  profitTakeTier2Gain: 0.3,
  profitTakeTier2SellPercent: 0.25,
  minDailyVolumeDollars: 0,
  volumeSpikeMultiplier: 0,
  volumeAverageDays: 20,
  volatilityAdjustedSizingEnabled: false,
  volatilityLookbackDays: 30,
  volatilityMultiplier: 1,
  recommendationMomentumDays: 0,
  recommendationDecayEnabled: false,
  recommendationHalfLifeDays: 30,
  tieredStopLossEnabled: false,
  stopLossTier1Percent: -0.05,
  stopLossTier1SellPercent: 0.25,
  stopLossTier2Percent: -0.1,
  stopLossTier2SellPercent: 0.25,
  stopLossTier3Percent: -0.2,
  regimeAdaptiveEnabled: false,
  regimeLookbackDays: 60,
  regimeBearDrawdownPercent: -0.1,
  regimeBullTrendPercent: 0.05,
  regimeBearExposureMultiplier: 0.5,
  regimeBullExposureMultiplier: 1,
  regimeBearBuyThresholdShift: 0.1,
  targetPortfolioEnabled: false,
  targetPortfolioRiskAversion: 3,
  targetPortfolioGroupPenalty: 0.5,
  targetPortfolioCostAversion: 1,
  targetPortfolioMaxParticipationPercent: 0.05,
  targetPortfolioMaxTurnoverPercent: 0.25,
  targetPortfolioMaxHoldings: 20,
  targetPortfolioCashBufferPercent: 0,
  valueCents: 1000000,
  current: [],
  history: [],
  afterTaxValueCents: 1000000
}
[0m[38;5;245m----- post-test output end -----[0m
diversity ... [0m[32mok[0m [0m[38;5;245m(59ms)[0m
low Volume ...
[0m[38;5;245m------- post-test output -------[0m
2026-08-17T08:44:41.466Z [INFO] [Portfolio] [pid-3445] lastTradeDay 2021-08-27
2026-08-17T08:44:41.468Z [INFO] [PortfolioUtils] [pid-3445] No cache file found: .portfolio/06d112dd-7264-5936-a730-cd077072255a/2021/Aug/29.json
2026-08-17T08:44:41.469Z [INFO] [Portfolio] [pid-3445] Buys: [33m0[39m sells: [33m0[39m hold: [33m0[39m total: [33m0[39m errors: [33m0[39m
2026-08-17T08:44:41.469Z [INFO] [LimitOrderCreator] [pid-3445] Total Value is $1,000
State {
  version: "1.0.0",
  balanceCents: 100000,
  maxStockConcentrationPercent: 0.1,
  universe: [ "IONM", "BRG" ],
  maxPercentOfDailyVolume: 0.001,
  sellThreshold: 0.01,
  buyThreshold: 0.05,
  factionalCents: 100000,
  forceSellThreshold: -1,
  stopOrderPercent: -1,
  stopLossPercent: -1,
  stopLossBlockDays: 7,
  minDaysSoftSELL: 7,
  minDaysModerateSELL: 7,
  minDaysStrongSELL: 7,
  gtcPercentFirmHOLD: 0.5,
  gtcPercentNeutralHOLD: 0.5,
  gtcPercentSoftHOLD: 0.5,
  gtcPercentSoftSELL: 1,
  gtcPercentModerateSELL: 1,
  gtcPercentStrongSELL: 1,
  gtcHoldBaseLineAveragePriceWeight: 0,
  gtcSellBaseLineAveragePriceWeight: 0,
  gtcPriceSmoothingDays: 1,
  gtcMinProfitPercent: 0,
  minBuyDollars: 500,
  keepBuyGTC: false,
  eliteCancelGTC: 0,
  profitTakingPercent: 1,
  maxIndustryConcentrationPercent: 1,
  trailingStopEnabled: false,
  trailingStopPercent: -1,
  trailingStopActivationPercent: 0,
  dynamicSizingEnabled: false,
  strongBuyMultiplier: 1,
  weakBuyMultiplier: 1,
  scaledProfitTakingEnabled: false,
  profitTakeTier1Gain: 0.15,
  profitTakeTier1SellPercent: 0.25,
  profitTakeTier2Gain: 0.3,
  profitTakeTier2SellPercent: 0.25,
  minDailyVolumeDollars: 0,
  volumeSpikeMultiplier: 0,
  volumeAverageDays: 20,
  volatilityAdjustedSizingEnabled: false,
  volatilityLookbackDays: 30,
  volatilityMultiplier: 1,
  recommendationMomentumDays: 0,
  recommendationDecayEnabled: false,
  recommendationHalfLifeDays: 30,
  tieredStopLossEnabled: false,
  stopLossTier1Percent: -0.05,
  stopLossTier1SellPercent: 0.25,
  stopLossTier2Percent: -0.1,
  stopLossTier2SellPercent: 0.25,
  stopLossTier3Percent: -0.2,
  regimeAdaptiveEnabled: false,
  regimeLookbackDays: 60,
  regimeBearDrawdownPercent: -0.1,
  regimeBullTrendPercent: 0.05,
  regimeBearExposureMultiplier: 0.5,
  regimeBullExposureMultiplier: 1,
  regimeBearBuyThresholdShift: 0.1,
  targetPortfolioEnabled: false,
  targetPortfolioRiskAversion: 3,
  targetPortfolioGroupPenalty: 0.5,
  targetPortfolioCostAversion: 1,
  targetPortfolioMaxParticipationPercent: 0.05,
  targetPortfolioMaxTurnoverPercent: 0.25,
  targetPortfolioMaxHoldings: 20,
  targetPortfolioCashBufferPercent: 0,
  valueCents: 100000,
  current: [],
  history: [],
  afterTaxValueCents: 100000
}
[0m[38;5;245m----- post-test output end -----[0m
low Volume ... [0m[32mok[0m [0m[38;5;245m(38ms)[0m
[0m[38;5;245mrunning 3 tests from ./test/PublicModuleDocs2790.ts[0m
module doc present: src/LearnUtilTypes.ts ... [0m[32mok[0m [0m[38;5;245m(296ms)[0m
module doc present: src/ModelSanitizer.ts ... [0m[32mok[0m [0m[38;5;245m(158ms)[0m
module doc present: src/VersionFeatures.ts ... [0m[32mok[0m [0m[38;5;245m(198ms)[0m
[0m[38;5;245mrunning 6 tests from ./test/RecoveryEmojiPolicy_test.ts[0m
loadBestCreature recovery log uses ℹ️ not ⚠️ for missing file (#1582) ... [0m[32mok[0m [0m[38;5;245m(4s)[0m
loadBestCreature recovery log uses ℹ️ not ⚠️ for invalid JSON (#1582) ... [0m[32mok[0m [0m[38;5;245m(4s)[0m
check_repo_freshness uses ℹ️ not ⚠️ for non-git directory (#1582) ... [0m[32mok[0m [0m[38;5;245m(10ms)[0m
check_repo_freshness uses ℹ️ not ⚠️ for stale repo (#1582) ... [0m[32mok[0m [0m[38;5;245m(191ms)[0m
check_repo_behind_remote uses ℹ️ not ⚠️ for non-git directory (#1582) ... [0m[32mok[0m [0m[38;5;245m(8ms)[0m
resolve_rebase_conflicts uses ℹ️ not ⚠️ for concurrent conflicts (#1603) ... [0m[32mok[0m [0m[38;5;245m(891ms)[0m
[0m[38;5;245mrunning 1 test from ./test/ScoreNaNRegression.ts[0m
score regression: inputOnly mode should not throw on NaN inputs ...
[0m[38;5;245m------- post-test output -------[0m
2026-08-17T08:45:03.595Z [INFO] [History] [pid-3445] History Loaded
2026-08-17T08:45:56.451Z [INFO] [Utilities] [pid-3445] Loading data from ../GRQ-WorldUncertaintyIndex/data/F1.csv
2026-08-17T08:45:56.453Z [INFO] [Utilities] [pid-3445] Loading data from ../GRQ-WorldUncertaintyIndex/data/F2.csv
2026-08-17T08:45:56.454Z [INFO] [Utilities] [pid-3445] Loading data from ../GRQ-WorldUncertaintyIndex/data/T1.csv
[neat-ai] running version 6.6.7
[0m[38;5;245m----- post-test output end -----[0m
score regression: inputOnly mode should not throw on NaN inputs ... [0m[32mok[0m [0m[38;5;245m(3m23s)[0m
[0m[38;5;245mrunning 1 test from ./test/Sector.ts[0m
all sectors valid ...
[0m[38;5;245m------- post-test output -------[0m
2026-08-17T08:48:24.950Z [INFO] [History] [pid-3445] History Loaded
[0m[38;5;245m----- post-test output end -----[0m
all sectors valid ... [0m[32mok[0m [0m[38;5;245m(9s)[0m
[0m[38;5;245mrunning 3 tests from ./test/SeededName.ts[0m
seededFullName - is deterministic for a given seed ... [0m[32mok[0m [0m[38;5;245m(708µs)[0m
seededFullName - matches '<First> <Last>' shape ... [0m[32mok[0m [0m[38;5;245m(288µs)[0m
seededFullName - different seeds produce varied names ... [0m[32mok[0m [0m[38;5;245m(151µs)[0m
[0m[38;5;245m------- post-test output -------[0m
2026-08-17T08:48:32.127Z [INFO] [History] [pid-3445] History Loaded
[0m[38;5;245m----- post-test output end -----[0m
[0m[38;5;245mrunning 4 tests from ./test/Shell.ts[0m
TrainData label and tooltip validation ...
[0m[38;5;245m------- post-test output -------[0m
2026-08-17T08:48:32.984Z [INFO] [Utilities] [pid-3445] Loading data from ../GRQ-WorldUncertaintyIndex/data/F1.csv
2026-08-17T08:48:32.986Z [INFO] [Utilities] [pid-3445] Loading data from ../GRQ-WorldUncertaintyIndex/data/F2.csv
2026-08-17T08:48:32.986Z [INFO] [Utilities] [pid-3445] Loading data from ../GRQ-WorldUncertaintyIndex/data/T1.csv
[neat-ai] running version 6.6.7
[0m[38;5;245m----- post-test output end -----[0m
TrainData label and tooltip validation ... [0m[32mok[0m [0m[38;5;245m(28s)[0m
Current ... [0m[32mok[0m [0m[38;5;245m(1m23s)[0m
TrainData ... [0m[32mok[0m [0m[38;5;245m(45s)[0m
Sample TrainData ... [0m[32mok[0m [0m[38;5;245m(56s)[0m
[0m[38;5;245mrunning 7 tests from ./test/ShellcheckGateBaseline_test.ts[0m
gate passes on a clean tree with empty baseline (#2866) ... [0m[32mok[0m [0m[38;5;245m(194ms)[0m
gate FAILS on a new SC2086 violation absent from the baseline (#2866) ... [0m[32mok[0m [0m[38;5;245m(145ms)[0m
gate TOLERATES a baselined SC2086 within its recorded count (#2866) ... [0m[32mok[0m [0m[38;5;245m(132ms)[0m
gate FAILS when a baselined file exceeds its recorded count (#2866) ... [0m[32mok[0m [0m[38;5;245m(132ms)[0m
gate FAILS on SC2046 (unquoted command substitution) when new (#2866) ... [0m[32mok[0m [0m[38;5;245m(134ms)[0m
--update-baseline records current findings as '<count> <path>' (#2866) ... [0m[32mok[0m [0m[38;5;245m(268ms)[0m
gate still hard-fails non-baselined shellcheck codes (#2866) ... [0m[32mok[0m [0m[38;5;245m(168ms)[0m
[0m[38;5;245m------- post-test output -------[0m
2026-08-17T08:52:16.267Z [INFO] [History] [pid-3445] History Loaded
[0m[38;5;245m----- post-test output end -----[0m
[0m[38;5;245mrunning 5 tests from ./test/StopOrderCreator.ts[0m
StopOrderCreator should create a new Stop order when recommendation is >= buyThreshold ... [0m[32mok[0m [0m[38;5;245m(1ms)[0m
StopOrderCreator should not create a new STOP when recommendation is below buyThreshold ... [0m[32mok[0m [0m[38;5;245m(275µs)[0m
STOP Expiry should be one day before dividend ex-date ...
[0m[38;5;245m------- post-test output -------[0m
{ strikePriceCents: 3130, expiry: "2026-08-19", from: "2026-08-17" }
[0m[38;5;245m----- post-test output end -----[0m
STOP Expiry should be one day before dividend ex-date ... [0m[32mok[0m [0m[38;5;245m(131ms)[0m
StopOrderCreator should not create a new GTC when the holding is factional ... [0m[32mok[0m [0m[38;5;245m(140µs)[0m
StopOrderCreator should not create a new GTC when the numberOf is a faction ... [0m[32mok[0m [0m[38;5;245m(104µs)[0m
[0m[38;5;245m------- post-test output -------[0m
2026-08-17T08:52:25.306Z [INFO] [History] [pid-3445] History Loaded
[0m[38;5;245m----- post-test output end -----[0m
[0m[38;5;245mrunning 3 tests from ./test/StopOrderScanner.ts[0m
StopOrderScanner should NOT trigger stop order when high price less than strike price ...
[0m[38;5;245m------- post-test output -------[0m
{
  symbol: "AAPL",
  numberOf: 20,
  type: "sell",
  unitCents: 19528,
  feeCents: 302,
  when: "2023-07-19",
  recommendation: -1
}
{
  buyThreshold: 0.83,
  sellThreshold: -0.05,
  stopOrderPercent: -0.15,
  stopLossPercent: -0.21,
  maxStockConcentrationPercent: 0.1,
  maxPercentOfDailyVolume: 0.001,
  minDaysModerateSELL: 77,
  forceSellThreshold: -0.72,
  stopLossBlockDays: 84,
  gtcPercentSoftSELL: 0.2,
  gtcPercentModerateSELL: 0.2,
  gtcPercentStrongSELL: 0.3
}
[0m[38;5;245m----- post-test output end -----[0m
StopOrderScanner should NOT trigger stop order when high price less than strike price ... [0m[32mok[0m [0m[38;5;245m(4ms)[0m
StopOrderScanner should not trigger if stop order is expired ... [0m[32mok[0m [0m[38;5;245m(173µs)[0m
StopOrderScanner should trigger stop order low price less than strike price ...
[0m[38;5;245m------- post-test output -------[0m
Date: 2023-06-15 High: 18652 Low: 18378
Date: 2023-06-16 High: 18699 Low: 18427
Date: 2023-06-17 High: 18699 Low: 18427
Date: 2023-06-18 High: 18699 Low: 18427
Date: 2023-06-19 High: 18699 Low: 18427
Date: 2023-06-20 High: 18610 Low: 18441
Date: 2023-06-21 High: 18541 Low: 18259
Date: 2023-06-22 High: 18705 Low: 18367
Date: 2023-06-23 High: 18756 Low: 18501
Date: 2023-06-24 High: 18756 Low: 18501
Date: 2023-06-25 High: 18756 Low: 18501
Date: 2023-06-26 High: 18805 Low: 18523
Date: 2023-06-27 High: 18839 Low: 18567
Date: 2023-06-28 High: 18990 Low: 18760
Date: 2023-06-29 High: 19007 Low: 18894
Date: 2023-06-30 High: 19448 Low: 19126
Date: 2023-07-01 High: 19448 Low: 19126
Date: 2023-07-02 High: 19448 Low: 19126
Date: 2023-07-03 High: 19388 Low: 19176
Date: 2023-07-04 High: 19388 Low: 19176
Date: 2023-07-05 High: 19298 Low: 19062
Date: 2023-07-06 High: 19202 Low: 18920
Date: 2023-07-07 High: 19267 Low: 19024
Date: 2023-07-08 High: 19267 Low: 19024
Date: 2023-07-09 High: 19267 Low: 19024
Date: 2023-07-10 High: 18999 Low: 18703
Date: 2023-07-11 High: 18930 Low: 18660
Date: 2023-07-12 High: 19170 Low: 18847
Date: 2023-07-13 High: 19119 Low: 18978
Date: 2023-07-14 High: 19118 Low: 18963
Date: 2023-07-15 High: 19118 Low: 18963
Date: 2023-07-16 High: 19118 Low: 18963
Date: 2023-07-17 High: 19432 Low: 19181
Date: 2023-07-18 High: 19433 Low: 19241
Date: 2023-07-19 High: 19823 Low: 19265
Date: 2023-07-20 High: 19647 Low: 19249
Date: 2023-07-21 High: 19497 Low: 19123
Date: 2023-07-22 High: 19497 Low: 19123
Date: 2023-07-23 High: 19497 Low: 19123
Date: 2023-07-24 High: 19491 Low: 19225
Date: 2023-07-25 High: 19444 Low: 19291
Date: 2023-07-26 High: 19564 Low: 19332
Date: 2023-07-27 High: 19720 Low: 19255
Date: 2023-07-28 High: 19663 Low: 19414
Date: 2023-07-29 High: 19663 Low: 19414
Date: 2023-07-30 High: 19663 Low: 19414
Date: 2023-07-31 High: 19649 Low: 19526
Date: 2023-08-01 High: 19673 Low: 19528
Date: 2023-08-02 High: 19518 Low: 19185
Date: 2023-08-03 High: 19237 Low: 19069
Date: 2023-08-04 High: 18738 Low: 18192
Date: 2023-08-05 High: 18738 Low: 18192
Date: 2023-08-06 High: 18738 Low: 18192
Date: 2023-08-07 High: 18313 Low: 17735
Date: 2023-08-08 High: 18027 Low: 17758
Date: 2023-08-09 High: 18093 Low: 17701
Date: 2023-08-10 High: 18075 Low: 17760
Date: 2023-08-11 High: 17862 Low: 17655
Date: 2023-08-12 High: 17862 Low: 17655
Date: 2023-08-13 High: 17862 Low: 17655
Date: 2023-08-14 High: 17969 Low: 17730
Date: 2023-08-15 High: 17948 Low: 17705
Date: 2023-08-16 High: 17854 Low: 17650
Date: 2023-08-17 High: 17751 Low: 17348
Date: 2023-08-18 High: 17510 Low: 17196
Date: 2023-08-19 High: 17510 Low: 17196
Date: 2023-08-20 High: 17510 Low: 17196
Date: 2023-08-21 High: 17613 Low: 17373
Date: 2023-08-22 High: 17768 Low: 17625
Lowest: 17196 Highest: 19823
{
  symbol: "AAPL",
  numberOf: 20,
  type: "sell",
  unitCents: 17732,
  feeCents: 302,
  when: "2023-08-09",
  recommendation: -1
}
{
  buyThreshold: 0.83,
  sellThreshold: -0.05,
  stopOrderPercent: -0.15,
  stopLossPercent: -0.21,
  maxStockConcentrationPercent: 0.1,
  maxPercentOfDailyVolume: 0.001,
  minDaysModerateSELL: 77,
  forceSellThreshold: -0.72,
  stopLossBlockDays: 84,
  gtcPercentSoftSELL: 0.2,
  gtcPercentModerateSELL: 0.2,
  gtcPercentStrongSELL: 0.3
}
[0m[38;5;245m----- post-test output end -----[0m
StopOrderScanner should trigger stop order low price less than strike price ... [0m[32mok[0m [0m[38;5;245m(4ms)[0m
[0m[38;5;245mrunning 3 tests from ./test/TeamDnaCli.ts[0m
TeamDnaCli — no flag reports the raw shared count ... [0m[32mok[0m [0m[38;5;245m(68ms)[0m
TeamDnaCli — --exclude-seed subtracts and labels founding-seed ancestry (#3561) ... [0m[32mok[0m [0m[38;5;245m(39ms)[0m
TeamDnaCli — --exclude-seed unreadable path fails loud ... [0m[32mok[0m [0m[38;5;245m(40ms)[0m
[0m[38;5;245mrunning 4 tests from ./test/TeamSeedCreature.ts[0m
teamSeedProblemSpec — picks TANH via bounded symmetric output range ... [0m[32mok[0m [0m[38;5;245m(779µs)[0m
buildTeamFactorySeed — output neuron uses TANH squash ...
[0m[38;5;245m------- post-test output -------[0m
[neat-ai] running version 6.6.7
[0m[38;5;245m----- post-test output end -----[0m
buildTeamFactorySeed — output neuron uses TANH squash ... [0m[32mok[0m [0m[38;5;245m(105ms)[0m
writeTeamFactorySeed — persists warmupGenerations tag when set ...
[0m[38;5;245m------- post-test output -------[0m
2026-08-17T08:52:26.452Z [INFO] [saveValidatedCreatureExport] [pid-3445] Stamped UUID c2b8980f-e098-592d-835f-915565bdf3e0 on creature before saving (source=TeamSeedCreature.write, file=/var/folders/jk/p_s2c7h17419vchp3f5p12ym0000gn/T/grq-ganymede-seed-b29cb098707ec4da/factory-seed.json)
2026-08-17T08:52:27.781Z [INFO] [saveValidatedCreatureExport] [pid-3445] [forward-only] saved file=/var/folders/jk/p_s2c7h17419vchp3f5p12ym0000gn/T/grq-ganymede-seed-b29cb098707ec4da/factory-seed.json uuid=fe9400ad-3957-54f0-a24f-63b15057b168
[0m[38;5;245m----- post-test output end -----[0m
writeTeamFactorySeed — persists warmupGenerations tag when set ... [0m[32mok[0m [0m[38;5;245m(1s)[0m
writeTeamFactorySeed — persists forward-only factory seed JSON ...
[0m[38;5;245m------- post-test output -------[0m
2026-08-17T08:52:28.146Z [INFO] [saveValidatedCreatureExport] [pid-3445] Stamped UUID 1aa6bc39-07c8-5659-b2c0-b4fb5efad094 on creature before saving (source=TeamSeedCreature.write, file=/var/folders/jk/p_s2c7h17419vchp3f5p12ym0000gn/T/grq-mars-seed-51d5593db3c99acf/factory-seed.json)
2026-08-17T08:52:29.149Z [INFO] [saveValidatedCreatureExport] [pid-3445] [forward-only] saved file=/var/folders/jk/p_s2c7h17419vchp3f5p12ym0000gn/T/grq-mars-seed-51d5593db3c99acf/factory-seed.json uuid=8e0ef4b5-3def-5811-b1c1-4f0478cea949
[0m[38;5;245m----- post-test output end -----[0m
writeTeamFactorySeed — persists forward-only factory seed JSON ... [0m[32mok[0m [0m[38;5;245m(1s)[0m
[0m[38;5;245mrunning 2 tests from ./test/TrainingDataErrorLabelPrefix.ts[0m
buildCoreFeatures: labels are index-aligned with the input vector ... [0m[32mok[0m [0m[38;5;245m(12ms)[0m
buildCoreFeatures: a label's index matches its published observation alias ... [0m[32mok[0m [0m[38;5;245m(13ms)[0m
[0m[38;5;245mrunning 1 test from ./test/TrainingDataFiniteRegression.ts[0m
trainingData: known problematic cases produce finite inputs ...
[0m[38;5;245m------- post-test output -------[0m
2026-08-17T08:52:38.245Z [INFO] [History] [pid-3445] History Loaded
./quality.sh: line 144:  3445 Killed: 9               deno test --no-prompt --v8-flags=--max-old-space-size=${QUALITY_MAX_OLD_SPACE_MB},--expose-gc --allow-read --allow-write --allow-net --allow-env --allow-run --allow-import --unstable-worker-options --trace-leaks --parallel --config ./deno.json
❌ deno test failed (exit 137)

========================================
DENO TEST KILLED (exit 137 / SIGKILL)
========================================
[quality-test-kill] signal=SIGKILL classification=watchdog-or-external exit=137 evidence=none jobs=1 heapMB=11980 aggregateMB=11980 availableMB=11059
No kernel memory-kill evidence: something outside this suite sent SIGKILL (a watchdog, a broad pkill, or an operator). The memory plan below is NOT implicated — look for the killer, not for a leak.
========================================

