2026-10-02T03:26:15.645Z [INFO] [History] [pid-5867] loadEarnings( VCX) no file
2026-10-02T03:26:15.645Z [INFO] [History] [pid-5867] balanceSheet( VCX) no file
2026-10-02T03:26:15.647Z [INFO] [History] [pid-5867] loadEarnings( FDX-W) no file
2026-10-02T03:26:15.647Z [INFO] [History] [pid-5867] balanceSheet( FDX-W) no file
2026-10-02T03:26:15.647Z [INFO] [History] [pid-5867] loadEarnings( FDXF-W) no file
2026-10-02T03:26:15.647Z [INFO] [History] [pid-5867] balanceSheet( FDXF-W) no file
2026-10-02T03:26:15.659Z [INFO] [History] [pid-5867] loadEarnings( NVRI-W) no file
2026-10-02T03:26:15.659Z [INFO] [History] [pid-5867] balanceSheet( NVRI-W) no file
2026-10-02T03:26:15.660Z [INFO] [History] [pid-5867] loadEarnings( OSSL) no file
2026-10-02T03:26:15.660Z [INFO] [History] [pid-5867] balanceSheet( OSSL) no file
2026-10-02T03:26:15.677Z [INFO] [History] [pid-5867] income statement( VCX) no file
2026-10-02T03:26:15.677Z [INFO] [History] [pid-5867] Cash flow( VCX) no file
2026-10-02T03:26:15.678Z [INFO] [History] [pid-5867] income statement( FDX-W) no file
2026-10-02T03:26:15.678Z [INFO] [History] [pid-5867] Cash flow( FDX-W) no file
2026-10-02T03:26:15.678Z [INFO] [History] [pid-5867] income statement( FDXF-W) no file
2026-10-02T03:26:15.678Z [INFO] [History] [pid-5867] Cash flow( FDXF-W) no file
2026-10-02T03:26:15.683Z [INFO] [History] [pid-5867] income statement( NVRI-W) no file
2026-10-02T03:26:15.683Z [INFO] [History] [pid-5867] Cash flow( NVRI-W) no file
2026-10-02T03:26:15.683Z [INFO] [History] [pid-5867] income statement( OSSL) no file
2026-10-02T03:26:15.683Z [INFO] [History] [pid-5867] Cash flow( OSSL) no file
2026-10-02T03:26:15.724Z [INFO] [History] [pid-5867] Updated LatestQuarter for  QRTEP  to  2025-03-31  from  2024-12-31
2026-10-02T03:26:15.865Z [INFO] [History] [pid-5867] Updated LatestQuarter for  DMN  to  2025-03-31  from  2024-12-31
2026-10-02T03:26:15.947Z [INFO] [History] [pid-5867] Updated LatestQuarter for  CMII  to  2021-09-30  from  2021-06-30
2026-10-02T03:26:15.951Z [INFO] [History] [pid-5867] loadEarnings( FOTO) no file
2026-10-02T03:26:15.951Z [INFO] [History] [pid-5867] balanceSheet( FOTO) no file
2026-10-02T03:26:15.952Z [INFO] [History] [pid-5867] loadEarnings( DDFZ) no file
2026-10-02T03:26:15.953Z [INFO] [History] [pid-5867] balanceSheet( DDFZ) no file
2026-10-02T03:26:15.953Z [INFO] [History] [pid-5867] loadEarnings( DDTZ) no file
2026-10-02T03:26:15.953Z [INFO] [History] [pid-5867] balanceSheet( DDTZ) no file
2026-10-02T03:26:15.959Z [INFO] [History] [pid-5867] Unknown asset type: UNIT {"Symbol":"BIDWU","AssetType":"UNIT","Name":"Tribeca Strategic Acquisition Corp. Unit","Description":"Tribeca Strategic Acquisition Corp. (Ticker: BIDWU) is a dynamic special purpose acquisition company (SPAC) focused on identifying high-growth opportunities across diverse sectors poised for substantial value creation. With a seasoned management team equipped with extensive experience in capital markets and operational strategies, BIDWU aims to forge effective partnerships that enhance shareholder value. By facilitating the transition of private entities into the public sphere, BIDWU provides institutional investors a unique platform to tap into emerging industries, ensuring access to innovative business models while harnessing the efficiencies characteristic of SPAC transactions.","CIK":"None","Exchange":"NASDAQ","Currency":"USD","Country":"USA","Sector":"FINANCIAL SERVICES","Industry":"SHELL COMPANIES","Address":"1301 AVENUE OF THE AMERICAS, NEW YORK, NY, UNITED STATES, 10019","OfficialSite":"None","FiscalYearEnd":"December","LatestQuarter":"2026-06-30","MarketCapitalization":"None","EBITDA":"None","PERatio":"None","PEGRatio":"None","BookValue":"-0.246","DividendPerShare":"None","DividendYield":"None","EPS":"None","RevenuePerShareTTM":"0","ProfitMargin":"0","OperatingMarginTTM":"0","ReturnOnAssetsTTM":"0","ReturnOnEquityTTM":"0","RevenueTTM":"0","GrossProfitTTM":"0","DilutedEPSTTM":"0","QuarterlyEarningsGrowthYOY":"0","QuarterlyRevenueGrowthYOY":"0","AnalystTargetPrice":"None","AnalystRatingStrongBuy":"-","AnalystRatingBuy":"-","AnalystRatingHold":"-","AnalystRatingSell":"-","AnalystRatingStrongSell":"-","TrailingPE":"-","ForwardPE":"-","PriceToSalesRatioTTM":"-","PriceToBookRatio":"-","EVToRevenue":"-","EVToEBITDA":"-","Beta":"None","52WeekHigh":"10.19","52WeekLow":"9.94","50DayMovingAverage":"9.98","200DayMovingAverage":"9.97","SharesOutstanding":"0","SharesFloat":"12960100","PercentInsiders":"2.281","PercentInstitutions":"92.011","DividendDate":"None","ExDividendDate":"None"}
2026-10-02T03:26:15.964Z [INFO] [History] [pid-5867] income statement( FOTO) no file
2026-10-02T03:26:15.965Z [INFO] [History] [pid-5867] Cash flow( FOTO) no file
2026-10-02T03:26:15.965Z [INFO] [History] [pid-5867] income statement( DDFZ) no file
2026-10-02T03:26:15.965Z [INFO] [History] [pid-5867] Cash flow( DDFZ) no file
2026-10-02T03:26:15.965Z [INFO] [History] [pid-5867] income statement( DDTZ) no file
2026-10-02T03:26:15.965Z [INFO] [History] [pid-5867] Cash flow( DDTZ) no file
2026-10-02T03:26:15.977Z [INFO] [History] [pid-5867] loadEarnings( CJUN) no file
2026-10-02T03:26:15.977Z [INFO] [History] [pid-5867] balanceSheet( CJUN) no file
2026-10-02T03:26:15.978Z [INFO] [History] [pid-5867] loadEarnings( CTJN) no file
2026-10-02T03:26:15.978Z [INFO] [History] [pid-5867] balanceSheet( CTJN) no file
2026-10-02T03:26:15.979Z [INFO] [History] [pid-5867] loadEarnings( EMJN) no file
2026-10-02T03:26:15.979Z [INFO] [History] [pid-5867] balanceSheet( EMJN) no file
2026-10-02T03:26:15.980Z [INFO] [History] [pid-5867] loadEarnings( HBMX) no file
2026-10-02T03:26:15.980Z [INFO] [History] [pid-5867] balanceSheet( HBMX) no file
2026-10-02T03:26:15.989Z [INFO] [History] [pid-5867] loadEarnings( HJUN) no file
2026-10-02T03:26:15.989Z [INFO] [History] [pid-5867] balanceSheet( HJUN) no file
2026-10-02T03:26:15.989Z [INFO] [History] [pid-5867] loadEarnings( IDJN) no file
2026-10-02T03:26:15.990Z [INFO] [History] [pid-5867] balanceSheet( IDJN) no file
2026-10-02T03:26:15.990Z [INFO] [History] [pid-5867] loadEarnings( JUNC) no file
2026-10-02T03:26:15.990Z [INFO] [History] [pid-5867] balanceSheet( JUNC) no file
2026-10-02T03:26:15.991Z [INFO] [History] [pid-5867] loadEarnings( NXPG) no file
2026-10-02T03:26:15.991Z [INFO] [History] [pid-5867] balanceSheet( NXPG) no file
2026-10-02T03:26:15.993Z [INFO] [History] [pid-5867] income statement( CJUN) no file
2026-10-02T03:26:15.993Z [INFO] [History] [pid-5867] Cash flow( CJUN) no file
2026-10-02T03:26:15.993Z [INFO] [History] [pid-5867] income statement( CTJN) no file
2026-10-02T03:26:15.993Z [INFO] [History] [pid-5867] Cash flow( CTJN) no file
2026-10-02T03:26:15.993Z [INFO] [History] [pid-5867] income statement( EMJN) no file
2026-10-02T03:26:15.993Z [INFO] [History] [pid-5867] Cash flow( EMJN) no file
2026-10-02T03:26:15.993Z [INFO] [History] [pid-5867] income statement( HBMX) no file
2026-10-02T03:26:15.993Z [INFO] [History] [pid-5867] Cash flow( HBMX) no file
2026-10-02T03:26:15.994Z [INFO] [History] [pid-5867] loadEarnings( QJN) no file
2026-10-02T03:26:15.995Z [INFO] [History] [pid-5867] balanceSheet( QJN) no file
2026-10-02T03:26:15.995Z [INFO] [History] [pid-5867] loadEarnings( QQJN) no file
2026-10-02T03:26:15.995Z [INFO] [History] [pid-5867] balanceSheet( QQJN) no file
2026-10-02T03:26:15.996Z [INFO] [History] [pid-5867] loadEarnings( SCJN) no file
2026-10-02T03:26:15.996Z [INFO] [History] [pid-5867] balanceSheet( SCJN) no file
2026-10-02T03:26:15.997Z [INFO] [History] [pid-5867] loadEarnings( ZINC) no file
2026-10-02T03:26:15.997Z [INFO] [History] [pid-5867] balanceSheet( ZINC) no file
2026-10-02T03:26:15.998Z [INFO] [History] [pid-5867] income statement( HJUN) no file
2026-10-02T03:26:15.998Z [INFO] [History] [pid-5867] Cash flow( HJUN) no file
2026-10-02T03:26:15.998Z [INFO] [History] [pid-5867] income statement( IDJN) no file
2026-10-02T03:26:15.998Z [INFO] [History] [pid-5867] Cash flow( IDJN) no file
2026-10-02T03:26:15.998Z [INFO] [History] [pid-5867] income statement( JUNC) no file
2026-10-02T03:26:15.998Z [INFO] [History] [pid-5867] Cash flow( JUNC) no file
2026-10-02T03:26:15.998Z [INFO] [History] [pid-5867] income statement( NXPG) no file
2026-10-02T03:26:15.998Z [INFO] [History] [pid-5867] Cash flow( NXPG) no file
2026-10-02T03:26:16.001Z [INFO] [History] [pid-5867] loadEarnings( AAAD) no file
2026-10-02T03:26:16.001Z [INFO] [History] [pid-5867] balanceSheet( AAAD) no file
2026-10-02T03:26:16.003Z [INFO] [History] [pid-5867] loadEarnings( ACGO) no file
2026-10-02T03:26:16.003Z [INFO] [History] [pid-5867] balanceSheet( ACGO) no file
2026-10-02T03:26:16.007Z [INFO] [History] [pid-5867] income statement( QJN) no file
2026-10-02T03:26:16.007Z [INFO] [History] [pid-5867] Cash flow( QJN) no file
2026-10-02T03:26:16.007Z [INFO] [History] [pid-5867] income statement( QQJN) no file
2026-10-02T03:26:16.007Z [INFO] [History] [pid-5867] Cash flow( QQJN) no file
2026-10-02T03:26:16.007Z [INFO] [History] [pid-5867] income statement( SCJN) no file
2026-10-02T03:26:16.007Z [INFO] [History] [pid-5867] Cash flow( SCJN) no file
2026-10-02T03:26:16.007Z [INFO] [History] [pid-5867] income statement( ZINC) no file
2026-10-02T03:26:16.007Z [INFO] [History] [pid-5867] Cash flow( ZINC) no file
2026-10-02T03:26:16.008Z [INFO] [History] [pid-5867] Unknown asset type: UNIT {"Symbol":"APMCU","AssetType":"UNIT","Name":"AmperCap Acquisition Company Unit","Description":"AmperCap Acquisition Company Unit (APMCU) is a special purpose acquisition company (SPAC) dedicated to merging with technology-driven enterprises, primarily within the financial services and fintech sectors. Leveraging the extensive expertise of its management team, APMCU is strategically positioned to capture growth opportunities in innovative markets. The company is focused on facilitating transformative transactions that enhance value for investors while promoting operational efficiencies in post-merger landscapes. As the SPAC market progresses, APMCU aims to distinguish itself by identifying high-potential targets ready to thrive in the public market environment.","CIK":"None","Exchange":"NASDAQ","Currency":"USD","Country":"USA","Sector":"FINANCIAL SERVICES","Industry":"SHELL COMPANIES","Address":"12 EAST 49TH STREET, NEW YORK, NY, UNITED STATES, 10017","OfficialSite":"None","FiscalYearEnd":"December","LatestQuarter":"2026-06-30","MarketCapitalization":"None","EBITDA":"None","PERatio":"None","PEGRatio":"None","BookValue":"0.039","DividendPerShare":"None","DividendYield":"None","EPS":"None","RevenuePerShareTTM":"0","ProfitMargin":"0","OperatingMarginTTM":"0","ReturnOnAssetsTTM":"0","ReturnOnEquityTTM":"0","RevenueTTM":"0","GrossProfitTTM":"0","DilutedEPSTTM":"0","QuarterlyEarningsGrowthYOY":"0","QuarterlyRevenueGrowthYOY":"0","AnalystTargetPrice":"None","AnalystRatingStrongBuy":"-","AnalystRatingBuy":"-","AnalystRatingHold":"-","AnalystRatingSell":"-","AnalystRatingStrongSell":"-","TrailingPE":"-","ForwardPE":"-","PriceToSalesRatioTTM":"-","PriceToBookRatio":"-","EVToRevenue":"-","EVToEBITDA":"-","Beta":"None","52WeekHigh":"10.1","52WeekLow":"9.97","50DayMovingAverage":"10.02","200DayMovingAverage":"10.02","SharesOutstanding":"0","SharesFloat":"18326000","PercentInsiders":"1.895","PercentInstitutions":"68.745","DividendDate":"None","ExDividendDate":"None"}
2026-10-02T03:26:16.010Z [INFO] [History] [pid-5867] loadEarnings( EMXX) no file
2026-10-02T03:26:16.010Z [INFO] [History] [pid-5867] balanceSheet( EMXX) no file
2026-10-02T03:26:16.011Z [INFO] [History] [pid-5867] loadEarnings( EUVX) no file
2026-10-02T03:26:16.011Z [INFO] [History] [pid-5867] balanceSheet( EUVX) no file
2026-10-02T03:26:16.013Z [INFO] [History] [pid-5867] income statement( AAAD) no file
2026-10-02T03:26:16.013Z [INFO] [History] [pid-5867] Cash flow( AAAD) no file
2026-10-02T03:26:16.014Z [INFO] [History] [pid-5867] income statement( ACGO) no file
2026-10-02T03:26:16.014Z [INFO] [History] [pid-5867] Cash flow( ACGO) no file
2026-10-02T03:26:16.017Z [INFO] [History] [pid-5867] Unknown asset type: UNIT {"Symbol":"KEYYU","AssetType":"UNIT","Name":"Keystone Acquisition Corp. Unit","Description":"Keystone Acquisition Corp. is a special purpose acquisition company (SPAC) dedicated to identifying and merging with high-growth enterprises across diverse sectors. Leveraging the extensive experience and network of its management team, Keystone aims to create substantial value for shareholders by facilitating the transition of promising private companies into the public market. With a strategic focus on emerging trends and dynamic opportunities, Keystone presents an appealing investment proposition for institutional investors looking to capitalize on innovative and rapidly evolving industries.","CIK":"None","Exchange":"NASDAQ","Currency":"USD","Country":"USA","Sector":"FINANCIAL SERVICES","Industry":"SHELL COMPANIES","Address":"142 WEST 57 TH STREET, NEW YORK, NY, UNITED STATES, 10019","OfficialSite":"https://www.keystoneSPAC.com","FiscalYearEnd":"December","LatestQuarter":"2026-06-30","MarketCapitalization":"None","EBITDA":"None","PERatio":"None","PEGRatio":"None","BookValue":"-0.276","DividendPerShare":"None","DividendYield":"None","EPS":"None","RevenuePerShareTTM":"0","ProfitMargin":"0","OperatingMarginTTM":"0","ReturnOnAssetsTTM":"0","ReturnOnEquityTTM":"0","RevenueTTM":"0","GrossProfitTTM":"0","DilutedEPSTTM":"0","QuarterlyEarningsGrowthYOY":"0","QuarterlyRevenueGrowthYOY":"0","AnalystTargetPrice":"None","AnalystRatingStrongBuy":"-","AnalystRatingBuy":"-","AnalystRatingHold":"-","AnalystRatingSell":"-","AnalystRatingStrongSell":"-","TrailingPE":"-","ForwardPE":"-","PriceToSalesRatioTTM":"-","PriceToBookRatio":"-","EVToRevenue":"-","EVToEBITDA":"-","Beta":"None","52WeekHigh":"10.47","52WeekLow":"10","50DayMovingAverage":"10.12","200DayMovingAverage":"10.1","SharesOutstanding":"0","SharesFloat":"28750000","PercentInsiders":"0.000","PercentInstitutions":"46.721","DividendDate":"None","ExDividendDate":"None"}
2026-10-02T03:26:16.018Z [INFO] [History] [pid-5867] balanceSheet( MGKX) no file
2026-10-02T03:26:16.043Z [INFO] [History] [pid-5867] income statement( EMXX) no file
2026-10-02T03:26:16.043Z [INFO] [History] [pid-5867] Cash flow( EMXX) no file
2026-10-02T03:26:16.044Z [INFO] [History] [pid-5867] income statement( EUVX) no file
2026-10-02T03:26:16.044Z [INFO] [History] [pid-5867] Cash flow( EUVX) no file
2026-10-02T03:26:16.047Z [INFO] [History] [pid-5867] loadEarnings( VBX) no file
2026-10-02T03:26:16.047Z [INFO] [History] [pid-5867] balanceSheet( VBX) no file
2026-10-02T03:26:16.048Z [INFO] [History] [pid-5867] loadEarnings( VOOX) no file
2026-10-02T03:26:16.048Z [INFO] [History] [pid-5867] balanceSheet( VOOX) no file
2026-10-02T03:26:16.049Z [INFO] [History] [pid-5867] loadEarnings( WEBX) no file
2026-10-02T03:26:16.049Z [INFO] [History] [pid-5867] balanceSheet( WEBX) no file
2026-10-02T03:26:16.050Z [INFO] [History] [pid-5867] loadEarnings( XAGI) no file
2026-10-02T03:26:16.050Z [INFO] [History] [pid-5867] balanceSheet( XAGI) no file
2026-10-02T03:26:16.051Z [INFO] [History] [pid-5867] loadEarnings( XBIX) no file
2026-10-02T03:26:16.051Z [INFO] [History] [pid-5867] balanceSheet( XBIX) no file
2026-10-02T03:26:16.052Z [INFO] [History] [pid-5867] income statement( MGKX) no file
2026-10-02T03:26:16.052Z [INFO] [History] [pid-5867] Cash flow( MGKX) no file
2026-10-02T03:26:16.055Z [INFO] [History] [pid-5867] loadEarnings( XEUR) no file
2026-10-02T03:26:16.055Z [INFO] [History] [pid-5867] balanceSheet( XEUR) no file
2026-10-02T03:26:16.055Z [INFO] [History] [pid-5867] loadEarnings( XHOA) no file
2026-10-02T03:26:16.055Z [INFO] [History] [pid-5867] balanceSheet( XHOA) no file
2026-10-02T03:26:16.056Z [INFO] [History] [pid-5867] loadEarnings( XIWC) no file
2026-10-02T03:26:16.056Z [INFO] [History] [pid-5867] balanceSheet( XIWC) no file
2026-10-02T03:26:16.057Z [INFO] [History] [pid-5867] loadEarnings( XKRE) no file
2026-10-02T03:26:16.057Z [INFO] [History] [pid-5867] balanceSheet( XKRE) no file
2026-10-02T03:26:16.058Z [INFO] [History] [pid-5867] income statement( VBX) no file
2026-10-02T03:26:16.058Z [INFO] [History] [pid-5867] Cash flow( VBX) no file
2026-10-02T03:26:16.058Z [INFO] [History] [pid-5867] income statement( VOOX) no file
2026-10-02T03:26:16.058Z [INFO] [History] [pid-5867] Cash flow( VOOX) no file
2026-10-02T03:26:16.058Z [INFO] [History] [pid-5867] income statement( WEBX) no file
2026-10-02T03:26:16.058Z [INFO] [History] [pid-5867] Cash flow( WEBX) no file
2026-10-02T03:26:16.058Z [INFO] [History] [pid-5867] income statement( XAGI) no file
2026-10-02T03:26:16.058Z [INFO] [History] [pid-5867] Cash flow( XAGI) no file
2026-10-02T03:26:16.059Z [INFO] [History] [pid-5867] income statement( XBIX) no file
2026-10-02T03:26:16.059Z [INFO] [History] [pid-5867] Cash flow( XBIX) no file
2026-10-02T03:26:16.060Z [INFO] [History] [pid-5867] loadEarnings( XLBX) no file
2026-10-02T03:26:16.060Z [INFO] [History] [pid-5867] balanceSheet( XLBX) no file
2026-10-02T03:26:16.060Z [INFO] [History] [pid-5867] loadEarnings( XLEX) no file
2026-10-02T03:26:16.060Z [INFO] [History] [pid-5867] balanceSheet( XLEX) no file
2026-10-02T03:26:16.061Z [INFO] [History] [pid-5867] loadEarnings( XLFX) no file
2026-10-02T03:26:16.061Z [INFO] [History] [pid-5867] balanceSheet( XLFX) no file
2026-10-02T03:26:16.062Z [INFO] [History] [pid-5867] loadEarnings( XLIX) no file
2026-10-02T03:26:16.062Z [INFO] [History] [pid-5867] balanceSheet( XLIX) no file
2026-10-02T03:26:16.062Z [INFO] [History] [pid-5867] loadEarnings( XLKX) no file
2026-10-02T03:26:16.062Z [INFO] [History] [pid-5867] balanceSheet( XLKX) no file
2026-10-02T03:26:16.063Z [INFO] [History] [pid-5867] income statement( XEUR) no file
2026-10-02T03:26:16.063Z [INFO] [History] [pid-5867] Cash flow( XEUR) no file
2026-10-02T03:26:16.063Z [INFO] [History] [pid-5867] income statement( XHOA) no file
2026-10-02T03:26:16.063Z [INFO] [History] [pid-5867] Cash flow( XHOA) no file
2026-10-02T03:26:16.063Z [INFO] [History] [pid-5867] income statement( XIWC) no file
2026-10-02T03:26:16.063Z [INFO] [History] [pid-5867] Cash flow( XIWC) no file
2026-10-02T03:26:16.063Z [INFO] [History] [pid-5867] income statement( XKRE) no file
2026-10-02T03:26:16.063Z [INFO] [History] [pid-5867] Cash flow( XKRE) no file
2026-10-02T03:26:16.064Z [INFO] [History] [pid-5867] loadEarnings( XLPX) no file
2026-10-02T03:26:16.065Z [INFO] [History] [pid-5867] balanceSheet( XLPX) no file
2026-10-02T03:26:16.065Z [INFO] [History] [pid-5867] loadEarnings( XLUX) no file
2026-10-02T03:26:16.065Z [INFO] [History] [pid-5867] balanceSheet( XLUX) no file
2026-10-02T03:26:16.066Z [INFO] [History] [pid-5867] loadEarnings( XLVX) no file
2026-10-02T03:26:16.066Z [INFO] [History] [pid-5867] balanceSheet( XLVX) no file
2026-10-02T03:26:16.067Z [INFO] [History] [pid-5867] loadEarnings( XLYX) no file
2026-10-02T03:26:16.067Z [INFO] [History] [pid-5867] balanceSheet( XLYX) no file
2026-10-02T03:26:16.067Z [INFO] [History] [pid-5867] loadEarnings( XPAV) no file
2026-10-02T03:26:16.067Z [INFO] [History] [pid-5867] balanceSheet( XPAV) no file
2026-10-02T03:26:16.068Z [INFO] [History] [pid-5867] loadEarnings( XSEM) no file
2026-10-02T03:26:16.068Z [INFO] [History] [pid-5867] balanceSheet( XSEM) no file
2026-10-02T03:26:16.068Z [INFO] [History] [pid-5867] income statement( XLBX) no file
2026-10-02T03:26:16.068Z [INFO] [History] [pid-5867] Cash flow( XLBX) no file
2026-10-02T03:26:16.068Z [INFO] [History] [pid-5867] income statement( XLEX) no file
2026-10-02T03:26:16.068Z [INFO] [History] [pid-5867] Cash flow( XLEX) no file
2026-10-02T03:26:16.068Z [INFO] [History] [pid-5867] income statement( XLFX) no file
2026-10-02T03:26:16.069Z [INFO] [History] [pid-5867] Cash flow( XLFX) no file
2026-10-02T03:26:16.069Z [INFO] [History] [pid-5867] income statement( XLIX) no file
2026-10-02T03:26:16.069Z [INFO] [History] [pid-5867] Cash flow( XLIX) no file
2026-10-02T03:26:16.069Z [INFO] [History] [pid-5867] income statement( XLKX) no file
2026-10-02T03:26:16.069Z [INFO] [History] [pid-5867] Cash flow( XLKX) no file
2026-10-02T03:26:16.080Z [INFO] [History] [pid-5867] loadEarnings( XTAI) no file
2026-10-02T03:26:16.080Z [INFO] [History] [pid-5867] balanceSheet( XTAI) no file
2026-10-02T03:26:16.081Z [INFO] [History] [pid-5867] loadEarnings( XVO) no file
2026-10-02T03:26:16.081Z [INFO] [History] [pid-5867] balanceSheet( XVO) no file
2026-10-02T03:26:16.081Z [INFO] [History] [pid-5867] loadEarnings( XVUG) no file
2026-10-02T03:26:16.081Z [INFO] [History] [pid-5867] balanceSheet( XVUG) no file
2026-10-02T03:26:16.082Z [INFO] [History] [pid-5867] loadEarnings( XW) no file
2026-10-02T03:26:16.082Z [INFO] [History] [pid-5867] balanceSheet( XW) no file
2026-10-02T03:26:16.083Z [INFO] [History] [pid-5867] income statement( XLPX) no file
2026-10-02T03:26:16.083Z [INFO] [History] [pid-5867] Cash flow( XLPX) no file
2026-10-02T03:26:16.083Z [INFO] [History] [pid-5867] income statement( XLUX) no file
2026-10-02T03:26:16.083Z [INFO] [History] [pid-5867] Cash flow( XLUX) no file
2026-10-02T03:26:16.083Z [INFO] [History] [pid-5867] income statement( XLVX) no file
2026-10-02T03:26:16.083Z [INFO] [History] [pid-5867] Cash flow( XLVX) no file
2026-10-02T03:26:16.083Z [INFO] [History] [pid-5867] income statement( XLYX) no file
2026-10-02T03:26:16.083Z [INFO] [History] [pid-5867] Cash flow( XLYX) no file
2026-10-02T03:26:16.083Z [INFO] [History] [pid-5867] income statement( XPAV) no file
2026-10-02T03:26:16.083Z [INFO] [History] [pid-5867] Cash flow( XPAV) no file
2026-10-02T03:26:16.083Z [INFO] [History] [pid-5867] income statement( XSEM) no file
2026-10-02T03:26:16.083Z [INFO] [History] [pid-5867] Cash flow( XSEM) no file
2026-10-02T03:26:16.110Z [INFO] [History] [pid-5867] loadEarnings( CBIL) no file
2026-10-02T03:26:16.110Z [INFO] [History] [pid-5867] balanceSheet( CBIL) no file
2026-10-02T03:26:16.110Z [INFO] [History] [pid-5867] loadEarnings( CGOV) no file
2026-10-02T03:26:16.110Z [INFO] [History] [pid-5867] balanceSheet( CGOV) no file
2026-10-02T03:26:16.111Z [INFO] [History] [pid-5867] loadEarnings( CHYG) no file
2026-10-02T03:26:16.111Z [INFO] [History] [pid-5867] balanceSheet( CHYG) no file
2026-10-02T03:26:16.111Z [INFO] [History] [pid-5867] loadEarnings( CIVG) no file
2026-10-02T03:26:16.112Z [INFO] [History] [pid-5867] balanceSheet( CIVG) no file
2026-10-02T03:26:16.112Z [INFO] [History] [pid-5867] income statement( XTAI) no file
2026-10-02T03:26:16.112Z [INFO] [History] [pid-5867] Cash flow( XTAI) no file
2026-10-02T03:26:16.112Z [INFO] [History] [pid-5867] income statement( XVO) no file
2026-10-02T03:26:16.113Z [INFO] [History] [pid-5867] Cash flow( XVO) no file
2026-10-02T03:26:16.113Z [INFO] [History] [pid-5867] income statement( XVUG) no file
2026-10-02T03:26:16.113Z [INFO] [History] [pid-5867] Cash flow( XVUG) no file
2026-10-02T03:26:16.113Z [INFO] [History] [pid-5867] income statement( XW) no file
2026-10-02T03:26:16.113Z [INFO] [History] [pid-5867] Cash flow( XW) no file
2026-10-02T03:26:16.125Z [INFO] [History] [pid-5867] loadEarnings( CUST) no file
2026-10-02T03:26:16.126Z [INFO] [History] [pid-5867] balanceSheet( CUST) no file
2026-10-02T03:26:16.131Z [INFO] [History] [pid-5867] income statement( CBIL) no file
2026-10-02T03:26:16.131Z [INFO] [History] [pid-5867] Cash flow( CBIL) no file
2026-10-02T03:26:16.131Z [INFO] [History] [pid-5867] income statement( CGOV) no file
2026-10-02T03:26:16.131Z [INFO] [History] [pid-5867] Cash flow( CGOV) no file
2026-10-02T03:26:16.131Z [INFO] [History] [pid-5867] income statement( CHYG) no file
2026-10-02T03:26:16.131Z [INFO] [History] [pid-5867] Cash flow( CHYG) no file
2026-10-02T03:26:16.131Z [INFO] [History] [pid-5867] income statement( CIVG) no file
2026-10-02T03:26:16.131Z [INFO] [History] [pid-5867] Cash flow( CIVG) no file
2026-10-02T03:26:16.142Z [INFO] [History] [pid-5867] Unknown asset type: UNIT {"Symbol":"IPVVU","AssetType":"UNIT","Name":"InterPrivate Investment Partners V, Inc. Units","Description":"InterPrivate Investment Partners V, Inc. Units (IPVVU) is a special purpose acquisition company (SPAC) dedicated to identifying and merging with high-potential growth-oriented firms primarily within the technology and financial services sectors. Led by a seasoned management team, IPVVU employs a strategic investment approach that leverages industry connections to enhance shareholder value. As a publicly traded SPAC, IPVVU offers institutional investors a unique opportunity to gain exposure to transformative acquisition opportunities poised for significant returns in a rapidly evolving market landscape.","CIK":"None","Exchange":"NASDAQ","Currency":"USD","Country":"USA","Sector":"FINANCIAL SERVICES","Industry":"SHELL COMPANIES","Address":"1350 AVENUE OF THE AMERICAS, NEW YORK, NY, UNITED STATES, 10019","OfficialSite":"None","FiscalYearEnd":"December","LatestQuarter":"2026-06-30","MarketCapitalization":"None","EBITDA":"None","PERatio":"None","PEGRatio":"None","BookValue":"7.56","DividendPerShare":"None","DividendYield":"None","EPS":"None","RevenuePerShareTTM":"0","ProfitMargin":"0","OperatingMarginTTM":"0","ReturnOnAssetsTTM":"0","ReturnOnEquityTTM":"0","RevenueTTM":"0","GrossProfitTTM":"0","DilutedEPSTTM":"0","QuarterlyEarningsGrowthYOY":"0","QuarterlyRevenueGrowthYOY":"0","AnalystTargetPrice":"None","AnalystRatingStrongBuy":"-","AnalystRatingBuy":"-","AnalystRatingHold":"-","AnalystRatingSell":"-","AnalystRatingStrongSell":"-","TrailingPE":"-","ForwardPE":"-","PriceToSalesRatioTTM":"-","PriceToBookRatio":"-","EVToRevenue":"-","EVToEBITDA":"-","Beta":"None","52WeekHigh":"10","52WeekLow":"9.9","50DayMovingAverage":"9.92","200DayMovingAverage":"9.93","SharesOutstanding":"0","SharesFloat":"0","PercentInsiders":"1.766","PercentInstitutions":"92.011","DividendDate":"None","ExDividendDate":"None"}
2026-10-02T03:26:16.143Z [INFO] [History] [pid-5867] loadEarnings( LGL-R-W) no file
2026-10-02T03:26:16.143Z [INFO] [History] [pid-5867] balanceSheet( LGL-R-W) no file
2026-10-02T03:26:16.145Z [INFO] [History] [pid-5867] income statement( CUST) no file
2026-10-02T03:26:16.145Z [INFO] [History] [pid-5867] Cash flow( CUST) no file
2026-10-02T03:26:16.149Z [INFO] [History] [pid-5867] Unknown asset type: UNIT {"Symbol":"LTGRU","AssetType":"UNIT","Name":"Long Table Growth Corp. Units","Description":"Long Table Growth Corp. Units (LTGRU) is a dynamic investment vehicle focused on identifying and acquiring high-growth companies within the food, beverage, and agricultural sectors. Leveraging expert insights and strategic partnerships, LTGRU aims to foster innovation and scalability in its portfolio, positioning itself to capitalize on emerging trends in the market. With a commitment to sustainable practices and consumer-oriented solutions, Long Table Growth is poised to deliver strong returns for institutional investors seeking exposure to the burgeoning growth in the agribusiness landscape.","CIK":"None","Exchange":"NASDAQ","Currency":"USD","Country":"USA","Sector":"FINANCIAL SERVICES","Industry":"SHELL COMPANIES","Address":"8400 WESTCHESTER DRIVE, DALLAS, TX, UNITED STATES, 75225","OfficialSite":"https://longtablepartners.com","FiscalYearEnd":"December","LatestQuarter":"2026-06-30","MarketCapitalization":"None","EBITDA":"None","PERatio":"None","PEGRatio":"None","BookValue":"-378.56","DividendPerShare":"None","DividendYield":"None","EPS":"None","RevenuePerShareTTM":"0","ProfitMargin":"0","OperatingMarginTTM":"0","ReturnOnAssetsTTM":"0","ReturnOnEquityTTM":"0","RevenueTTM":"0","GrossProfitTTM":"0","DilutedEPSTTM":"0","QuarterlyEarningsGrowthYOY":"0","QuarterlyRevenueGrowthYOY":"0","AnalystTargetPrice":"None","AnalystRatingStrongBuy":"-","AnalystRatingBuy":"-","AnalystRatingHold":"-","AnalystRatingSell":"-","AnalystRatingStrongSell":"-","TrailingPE":"-","ForwardPE":"-","PriceToSalesRatioTTM":"-","PriceToBookRatio":"-","EVToRevenue":"-","EVToEBITDA":"-","Beta":"None","52WeekHigh":"10.53","52WeekLow":"9.75","50DayMovingAverage":"10.08","200DayMovingAverage":"10.06","SharesOutstanding":"0","SharesFloat":"15660700","PercentInsiders":"0.000","PercentInstitutions":"98.110","DividendDate":"None","ExDividendDate":"None"}
2026-10-02T03:26:16.155Z [INFO] [History] [pid-5867] loadEarnings( WYFL) no file
2026-10-02T03:26:16.155Z [INFO] [History] [pid-5867] balanceSheet( WYFL) no file
2026-10-02T03:26:16.155Z [INFO] [History] [pid-5867] income statement( LGL-R-W) no file
2026-10-02T03:26:16.156Z [INFO] [History] [pid-5867] Cash flow( LGL-R-W) no file
2026-10-02T03:26:16.158Z [INFO] [History] [pid-5867] loadEarnings( YCLO) no file
2026-10-02T03:26:16.159Z [INFO] [History] [pid-5867] balanceSheet( YCLO) no file
2026-10-02T03:26:16.171Z [INFO] [History] [pid-5867] loadEarnings( INFH) no file
2026-10-02T03:26:16.171Z [INFO] [History] [pid-5867] balanceSheet( INFH) no file
2026-10-02T03:26:16.174Z [INFO] [History] [pid-5867] loadEarnings( PCPP) no file
2026-10-02T03:26:16.174Z [INFO] [History] [pid-5867] balanceSheet( PCPP) no file
2026-10-02T03:26:16.174Z [INFO] [History] [pid-5867] loadEarnings( AQLG) no file
2026-10-02T03:26:16.174Z [INFO] [History] [pid-5867] balanceSheet( AQLG) no file
2026-10-02T03:26:16.177Z [INFO] [History] [pid-5867] income statement( WYFL) no file
2026-10-02T03:26:16.177Z [INFO] [History] [pid-5867] Cash flow( WYFL) no file
2026-10-02T03:26:16.178Z [INFO] [History] [pid-5867] loadEarnings( FPAA) no file
2026-10-02T03:26:16.179Z [INFO] [History] [pid-5867] balanceSheet( FPAA) no file
2026-10-02T03:26:16.180Z [INFO] [History] [pid-5867] balanceSheet( FRTT) no file
2026-10-02T03:26:16.180Z [INFO] [History] [pid-5867] loadEarnings( LGL-R) no file
2026-10-02T03:26:16.181Z [INFO] [History] [pid-5867] balanceSheet( LGL-R) no file
2026-10-02T03:26:16.181Z [INFO] [History] [pid-5867] income statement( YCLO) no file
2026-10-02T03:26:16.181Z [INFO] [History] [pid-5867] Cash flow( YCLO) no file
2026-10-02T03:26:16.182Z [INFO] [History] [pid-5867] income statement( INFH) no file
2026-10-02T03:26:16.182Z [INFO] [History] [pid-5867] Cash flow( INFH) no file
2026-10-02T03:26:16.183Z [INFO] [History] [pid-5867] income statement( PCPP) no file
2026-10-02T03:26:16.183Z [INFO] [History] [pid-5867] Cash flow( PCPP) no file
2026-10-02T03:26:16.183Z [INFO] [History] [pid-5867] income statement( AQLG) no file
2026-10-02T03:26:16.183Z [INFO] [History] [pid-5867] Cash flow( AQLG) no file
2026-10-02T03:26:16.187Z [INFO] [History] [pid-5867] loadEarnings( SLWS) no file
2026-10-02T03:26:16.187Z [INFO] [History] [pid-5867] balanceSheet( SLWS) no file
2026-10-02T03:26:16.189Z [INFO] [History] [pid-5867] income statement( FPAA) no file
2026-10-02T03:26:16.189Z [INFO] [History] [pid-5867] Cash flow( FPAA) no file
2026-10-02T03:26:16.189Z [INFO] [History] [pid-5867] income statement( FRTT) no file
2026-10-02T03:26:16.189Z [INFO] [History] [pid-5867] Cash flow( FRTT) no file
2026-10-02T03:26:16.189Z [INFO] [History] [pid-5867] income statement( LGL-R) no file
2026-10-02T03:26:16.190Z [INFO] [History] [pid-5867] Cash flow( LGL-R) no file
2026-10-02T03:26:16.202Z [INFO] [History] [pid-5867] income statement( SLWS) no file
2026-10-02T03:26:16.202Z [INFO] [History] [pid-5867] Cash flow( SLWS) no file
2026-10-02T03:26:16.214Z [INFO] [History] [pid-5867] balanceSheet( APURR) no file
2026-10-02T03:26:16.238Z [INFO] [History] [pid-5867] Cash flow( APURR) no file
2026-10-02T03:26:16.245Z [INFO] [History] [pid-5867] balanceSheet( ATLQU) no file
2026-10-02T03:26:16.250Z [INFO] [History] [pid-5867] Unknown asset type: UNIT {"Symbol":"ATLQU","AssetType":"UNIT","Name":"JAB Acquisition Corp I Unit","Description":"JAB Acquisition Corp I focuses on effecting a merger, amalgamation, share exchange, asset acquisition, share purchase, reorganization, or similar business combination with one or more businesses. The company is headquartered in Englewood Cliffs, New Jersey.","CIK":"None","Exchange":"NASDAQ","Currency":"USD","Country":"USA","Sector":"FINANCIAL SERVICES","Industry":"SHELL COMPANIES","Address":"270 SYLVAN AVE., ENGLEWOOD CLIFFS, NJ, UNITED STATES, 07632","OfficialSite":"None","FiscalYearEnd":"None","LatestQuarter":"2026-06-30","MarketCapitalization":"None","EBITDA":"None","PERatio":"None","PEGRatio":"None","BookValue":"0.01","DividendPerShare":"None","DividendYield":"None","EPS":"None","RevenuePerShareTTM":"0","ProfitMargin":"0","OperatingMarginTTM":"0","ReturnOnAssetsTTM":"0","ReturnOnEquityTTM":"0","RevenueTTM":"0","GrossProfitTTM":"0","DilutedEPSTTM":"0","QuarterlyEarningsGrowthYOY":"0","QuarterlyRevenueGrowthYOY":"0","AnalystTargetPrice":"None","AnalystRatingStrongBuy":"-","AnalystRatingBuy":"-","AnalystRatingHold":"-","AnalystRatingSell":"-","AnalystRatingStrongSell":"-","TrailingPE":"-","ForwardPE":"-","PriceToSalesRatioTTM":"-","PriceToBookRatio":"-","EVToRevenue":"-","EVToEBITDA":"-","Beta":"None","52WeekHigh":"10.19","52WeekLow":"10.05","50DayMovingAverage":"10.1","200DayMovingAverage":"10.08","SharesOutstanding":"0","SharesFloat":"0","PercentInsiders":"7.992","PercentInstitutions":"90.587","DividendDate":"None","ExDividendDate":"None"}
2026-10-02T03:26:16.331Z [INFO] [History] [pid-5867] loadEarnings( NUIF) no file
2026-10-02T03:26:16.331Z [INFO] [History] [pid-5867] balanceSheet( NUIF) no file
2026-10-02T03:26:16.343Z [INFO] [History] [pid-5867] income statement( NUIF) no file
2026-10-02T03:26:16.344Z [INFO] [History] [pid-5867] Cash flow( NUIF) no file
2026-10-02T03:26:16.385Z [INFO] [History] [pid-5867] loadEarnings( WELD) no file
2026-10-02T03:26:16.385Z [INFO] [History] [pid-5867] balanceSheet( WELD) no file
2026-10-02T03:26:16.387Z [INFO] [History] [pid-5867] loadEarnings( BKLG) no file
2026-10-02T03:26:16.387Z [INFO] [History] [pid-5867] balanceSheet( BKLG) no file
2026-10-02T03:26:16.388Z [INFO] [History] [pid-5867] loadEarnings( CDNG) no file
2026-10-02T03:26:16.388Z [INFO] [History] [pid-5867] balanceSheet( CDNG) no file
2026-10-02T03:26:16.409Z [INFO] [History] [pid-5867] income statement( WELD) no file
2026-10-02T03:26:16.409Z [INFO] [History] [pid-5867] Cash flow( WELD) no file
2026-10-02T03:26:16.415Z [INFO] [History] [pid-5867] income statement( BKLG) no file
2026-10-02T03:26:16.415Z [INFO] [History] [pid-5867] Cash flow( BKLG) no file
2026-10-02T03:26:16.416Z [INFO] [History] [pid-5867] income statement( CDNG) no file
2026-10-02T03:26:16.416Z [INFO] [History] [pid-5867] Cash flow( CDNG) no file
2026-10-02T03:26:16.463Z [INFO] [History] [pid-5867] Updated LatestQuarter for  ACLZ  to  2019-06-30  from  None
2026-10-02T03:26:16.508Z [INFO] [History] [pid-5867] loadEarnings( AMAA) no file
2026-10-02T03:26:16.508Z [INFO] [History] [pid-5867] balanceSheet( AMAA) no file
2026-10-02T03:26:16.508Z [INFO] [History] [pid-5867] loadEarnings( AMDC) no file
2026-10-02T03:26:16.508Z [INFO] [History] [pid-5867] balanceSheet( AMDC) no file
2026-10-02T03:26:16.509Z [INFO] [History] [pid-5867] loadEarnings( ASTT) no file
2026-10-02T03:26:16.509Z [INFO] [History] [pid-5867] balanceSheet( ASTT) no file
2026-10-02T03:26:16.509Z [INFO] [History] [pid-5867] loadEarnings( COIX) no file
2026-10-02T03:26:16.509Z [INFO] [History] [pid-5867] balanceSheet( COIX) no file
2026-10-02T03:26:16.513Z [INFO] [History] [pid-5867] loadEarnings( FBX) no file
2026-10-02T03:26:16.513Z [INFO] [History] [pid-5867] balanceSheet( FBX) no file
2026-10-02T03:26:16.514Z [INFO] [History] [pid-5867] loadEarnings( MSTC) no file
2026-10-02T03:26:16.514Z [INFO] [History] [pid-5867] balanceSheet( MSTC) no file
2026-10-02T03:26:16.515Z [INFO] [History] [pid-5867] income statement( AMAA) no file
2026-10-02T03:26:16.515Z [INFO] [History] [pid-5867] Cash flow( AMAA) no file
2026-10-02T03:26:16.515Z [INFO] [History] [pid-5867] income statement( AMDC) no file
2026-10-02T03:26:16.515Z [INFO] [History] [pid-5867] Cash flow( AMDC) no file
2026-10-02T03:26:16.516Z [INFO] [History] [pid-5867] income statement( ASTT) no file
2026-10-02T03:26:16.516Z [INFO] [History] [pid-5867] Cash flow( ASTT) no file
2026-10-02T03:26:16.516Z [INFO] [History] [pid-5867] income statement( COIX) no file
2026-10-02T03:26:16.516Z [INFO] [History] [pid-5867] Cash flow( COIX) no file
2026-10-02T03:26:16.517Z [INFO] [History] [pid-5867] loadEarnings( SNDC) no file
2026-10-02T03:26:16.517Z [INFO] [History] [pid-5867] balanceSheet( SNDC) no file
2026-10-02T03:26:16.519Z [INFO] [History] [pid-5867] income statement( FBX) no file
2026-10-02T03:26:16.519Z [INFO] [History] [pid-5867] Cash flow( FBX) no file
2026-10-02T03:26:16.520Z [INFO] [History] [pid-5867] income statement( MSTC) no file
2026-10-02T03:26:16.520Z [INFO] [History] [pid-5867] Cash flow( MSTC) no file
2026-10-02T03:26:16.525Z [INFO] [History] [pid-5867] income statement( SNDC) no file
2026-10-02T03:26:16.526Z [INFO] [History] [pid-5867] Cash flow( SNDC) no file
2026-10-02T03:26:16.560Z [INFO] [History] [pid-5867] Unknown asset type: UNIT {"Symbol":"ALPXU","AssetType":"UNIT","Name":"Alpex Acquisition Corporation Unit","Description":"Alpex Acquisition Corporation Unit (Ticker: ALPXU) is a special purpose acquisition company (SPAC) focused on identifying and merging with innovative companies in growth sectors. With a robust framework for strategic acquisition, ALPXU aims to deliver value for its shareholders by leveraging management's extensive experience in operational execution and industry insight. The company is positioned to capitalize on emerging market trends, thereby enhancing its portfolio and creating sustainable growth opportunities. As a SPAC, it offers a unique investment proposition for institutional investors looking to gain exposure to successful business combinations in a streamlined process.","CIK":"None","Exchange":"NASDAQ","Currency":"USD","Country":"USA","Sector":"FINANCIAL SERVICES","Industry":"SHELL COMPANIES","Address":"300 DELAWARE AVE., WILMINGTON, DE, UNITED STATES, 19801","OfficialSite":"None","FiscalYearEnd":"None","LatestQuarter":"2026-06-30","MarketCapitalization":"None","EBITDA":"None","PERatio":"None","PEGRatio":"None","BookValue":"7.76","DividendPerShare":"None","DividendYield":"None","EPS":"None","RevenuePerShareTTM":"0","ProfitMargin":"0","OperatingMarginTTM":"0","ReturnOnAssetsTTM":"0","ReturnOnEquityTTM":"0","RevenueTTM":"0","GrossProfitTTM":"0","DilutedEPSTTM":"0","QuarterlyEarningsGrowthYOY":"0","QuarterlyRevenueGrowthYOY":"0","AnalystTargetPrice":"None","AnalystRatingStrongBuy":"-","AnalystRatingBuy":"-","AnalystRatingHold":"-","AnalystRatingSell":"-","AnalystRatingStrongSell":"-","TrailingPE":"-","ForwardPE":"-","PriceToSalesRatioTTM":"-","PriceToBookRatio":"-","EVToRevenue":"-","EVToEBITDA":"-","Beta":"None","52WeekHigh":"10.75","52WeekLow":"9.99","50DayMovingAverage":"10.14","200DayMovingAverage":"10.12","SharesOutstanding":"0","SharesFloat":"0","PercentInsiders":"1.604","PercentInstitutions":"95.271","DividendDate":"None","ExDividendDate":"None"}
2026-10-02T03:26:16.567Z [INFO] [History] [pid-5867] Updated LatestQuarter for  OSPRU  to  2018-06-30  from  None
2026-10-02T03:26:16.605Z [INFO] [History] [pid-5867] loadEarnings( MBGL-WI) no file
2026-10-02T03:26:16.605Z [INFO] [History] [pid-5867] balanceSheet( MBGL-WI) no file
2026-10-02T03:26:16.617Z [INFO] [History] [pid-5867] income statement( MBGL-WI) no file
2026-10-02T03:26:16.617Z [INFO] [History] [pid-5867] Cash flow( MBGL-WI) no file
2026-10-02T03:26:16.711Z [INFO] [History] [pid-5867] loadEarnings( DRVR) no file
2026-10-02T03:26:16.711Z [INFO] [History] [pid-5867] balanceSheet( DRVR) no file
2026-10-02T03:26:16.724Z [INFO] [History] [pid-5867] income statement( DRVR) no file
2026-10-02T03:26:16.724Z [INFO] [History] [pid-5867] Cash flow( DRVR) no file
2026-10-02T03:26:16.728Z [INFO] [History] [pid-5867] balanceSheet( SAMO-U) no file
2026-10-02T03:26:16.743Z [INFO] [History] [pid-5867] income statement( SAMO-U) no file
2026-10-02T03:26:16.743Z [INFO] [History] [pid-5867] Cash flow( SAMO-U) no file
2026-10-02T03:26:16.850Z [INFO] [History] [pid-5867] balanceSheet( DGAC-R) no file
2026-10-02T03:26:16.875Z [INFO] [History] [pid-5867] balanceSheet( DGACR) no file
2026-10-02T03:26:16.893Z [INFO] [History] [pid-5867] income statement( DGAC-R) no file
2026-10-02T03:26:16.893Z [INFO] [History] [pid-5867] Cash flow( DGAC-R) no file
2026-10-02T03:26:16.898Z [INFO] [History] [pid-5867] balanceSheet( BID) no file
2026-10-02T03:26:16.953Z [INFO] [History] [pid-5867] income statement( DGACR) no file
2026-10-02T03:26:16.953Z [INFO] [History] [pid-5867] Cash flow( DGACR) no file
2026-10-02T03:26:16.967Z [INFO] [History] [pid-5867] balanceSheet( VII-WS) no file
2026-10-02T03:26:17.002Z [INFO] [History] [pid-5867] income statement( VII-WS) no file
2026-10-02T03:26:17.002Z [INFO] [History] [pid-5867] Cash flow( VII-WS) no file
2026-10-02T03:26:17.016Z [INFO] [History] [pid-5867] balanceSheet( PSA-P-T) no file
2026-10-02T03:26:17.071Z [INFO] [History] [pid-5867] balanceSheet( PSA-P-U) no file
2026-10-02T03:26:17.092Z [INFO] [History] [pid-5867] loadData( BIOTW) no year 2024
2026-10-02T03:26:17.092Z [INFO] [History] [pid-5867] loadData( BIOTW) no year 2025
2026-10-02T03:26:17.093Z [INFO] [History] [pid-5867] balanceSheet( BIOTW) no file
2026-10-02T03:26:17.096Z [INFO] [History] [pid-5867] loadData( BIOT) no year 2024
2026-10-02T03:26:17.096Z [INFO] [History] [pid-5867] loadData( BIOT) no year 2025
2026-10-02T03:26:17.117Z [INFO] [History] [pid-5867] income statement( PSA-P-T) no file
2026-10-02T03:26:17.117Z [INFO] [History] [pid-5867] Cash flow( PSA-P-T) no file
2026-10-02T03:26:17.138Z [INFO] [History] [pid-5867] balanceSheet( FTRA) no file
2026-10-02T03:26:17.138Z [INFO] [History] [pid-5867] balanceSheet( FTRA-WS) no file
2026-10-02T03:26:17.138Z [INFO] [History] [pid-5867] income statement( PSA-P-U) no file
2026-10-02T03:26:17.139Z [INFO] [History] [pid-5867] Cash flow( PSA-P-U) no file
2026-10-02T03:26:17.141Z [INFO] [History] [pid-5867] income statement( BIOTW) no file
2026-10-02T03:26:17.141Z [INFO] [History] [pid-5867] Cash flow( BIOTW) no file
2026-10-02T03:26:17.149Z [INFO] [History] [pid-5867] balanceSheet( IPVV) no file
2026-10-02T03:26:17.149Z [INFO] [History] [pid-5867] balanceSheet( LTGR) no file
2026-10-02T03:26:17.150Z [INFO] [History] [pid-5867] balanceSheet( LTGRW) no file
2026-10-02T03:26:17.152Z [INFO] [History] [pid-5867] income statement( FTRA) no file
2026-10-02T03:26:17.152Z [INFO] [History] [pid-5867] Cash flow( FTRA) no file
2026-10-02T03:26:17.152Z [INFO] [History] [pid-5867] income statement( FTRA-WS) no file
2026-10-02T03:26:17.152Z [INFO] [History] [pid-5867] Cash flow( FTRA-WS) no file
2026-10-02T03:26:17.154Z [INFO] [History] [pid-5867] balanceSheet( TONT-U) no file
2026-10-02T03:26:17.154Z [INFO] [History] [pid-5867] balanceSheet( TONT-WS) no file
2026-10-02T03:26:17.173Z [INFO] [History] [pid-5867] balanceSheet( CATLU) no file
2026-10-02T03:26:17.174Z [INFO] [History] [pid-5867] loadEarnings( MUA-R-W) no file
2026-10-02T03:26:17.175Z [INFO] [History] [pid-5867] balanceSheet( MUA-R-W) no file
2026-10-02T03:26:17.248Z [INFO] [History] [pid-5867] balanceSheet( IMC) no file
2026-10-02T03:26:17.248Z [INFO] [History] [pid-5867] balanceSheet( IPVVW) no file
2026-10-02T03:26:17.249Z [INFO] [History] [pid-5867] income statement( IPVV) no file
2026-10-02T03:26:17.249Z [INFO] [History] [pid-5867] Cash flow( IPVV) no file
2026-10-02T03:26:17.249Z [INFO] [History] [pid-5867] income statement( LTGR) no file
2026-10-02T03:26:17.249Z [INFO] [History] [pid-5867] Cash flow( LTGR) no file
2026-10-02T03:26:17.249Z [INFO] [History] [pid-5867] income statement( LTGRW) no file
2026-10-02T03:26:17.249Z [INFO] [History] [pid-5867] Cash flow( LTGRW) no file
2026-10-02T03:26:17.262Z [INFO] [History] [pid-5867] loadEarnings( ADIG-W) no file
2026-10-02T03:26:17.262Z [INFO] [History] [pid-5867] balanceSheet( ADIG-W) no file
2026-10-02T03:26:17.265Z [INFO] [History] [pid-5867] balanceSheet( ISNR) no file
2026-10-02T03:26:17.266Z [INFO] [History] [pid-5867] balanceSheet( ISNRW) no file
2026-10-02T03:26:17.266Z [INFO] [History] [pid-5867] income statement( TONT-U) no file
2026-10-02T03:26:17.266Z [INFO] [History] [pid-5867] Cash flow( TONT-U) no file
2026-10-02T03:26:17.266Z [INFO] [History] [pid-5867] income statement( TONT-WS) no file
2026-10-02T03:26:17.266Z [INFO] [History] [pid-5867] Cash flow( TONT-WS) no file
2026-10-02T03:26:17.270Z [INFO] [History] [pid-5867] income statement( CATLU) no file
2026-10-02T03:26:17.270Z [INFO] [History] [pid-5867] Cash flow( CATLU) no file
2026-10-02T03:26:17.271Z [INFO] [History] [pid-5867] income statement( MUA-R-W) no file
2026-10-02T03:26:17.271Z [INFO] [History] [pid-5867] Cash flow( MUA-R-W) no file
2026-10-02T03:26:17.279Z [INFO] [History] [pid-5867] income statement( IMC) no file
2026-10-02T03:26:17.279Z [INFO] [History] [pid-5867] Cash flow( IMC) no file
2026-10-02T03:26:17.279Z [INFO] [History] [pid-5867] income statement( IPVVW) no file
2026-10-02T03:26:17.279Z [INFO] [History] [pid-5867] Cash flow( IPVVW) no file
2026-10-02T03:26:17.305Z [INFO] [History] [pid-5867] income statement( ADIG-W) no file
2026-10-02T03:26:17.305Z [INFO] [History] [pid-5867] Cash flow( ADIG-W) no file
2026-10-02T03:26:17.306Z [INFO] [History] [pid-5867] income statement( ISNR) no file
2026-10-02T03:26:17.306Z [INFO] [History] [pid-5867] Cash flow( ISNR) no file
2026-10-02T03:26:17.306Z [INFO] [History] [pid-5867] income statement( ISNRW) no file
2026-10-02T03:26:17.306Z [INFO] [History] [pid-5867] Cash flow( ISNRW) no file
2026-10-02T03:26:17.309Z [INFO] [History] [pid-5867] loadData( FWAC) no year 2024
2026-10-02T03:26:17.309Z [INFO] [History] [pid-5867] loadData( FWAC) no year 2025
2026-10-02T03:26:17.311Z [INFO] [History] [pid-5867] balanceSheet( CCCT) no file
2026-10-02T03:26:17.311Z [INFO] [History] [pid-5867] balanceSheet( CCCTW) no file
2026-10-02T03:26:17.312Z [INFO] [History] [pid-5867] balanceSheet( EWAVU) no file
2026-10-02T03:26:17.313Z [INFO] [History] [pid-5867] balanceSheet( FWACR) no file
2026-10-02T03:26:17.313Z [INFO] [History] [pid-5867] balanceSheet( FWACW) no file
2026-10-02T03:26:17.314Z [INFO] [History] [pid-5867] balanceSheet( NCO) no file
2026-10-02T03:26:17.315Z [INFO] [History] [pid-5867] balanceSheet( NCOOR) no file
2026-10-02T03:26:17.318Z [INFO] [History] [pid-5867] balanceSheet( NCOOW) no file
2026-10-02T03:26:17.318Z [INFO] [History] [pid-5867] balanceSheet( XIIIU) no file
2026-10-02T03:26:17.321Z [INFO] [History] [pid-5867] balanceSheet( BCCQ) no file
2026-10-02T03:26:17.322Z [INFO] [History] [pid-5867] balanceSheet( OCAC) no file
2026-10-02T03:26:17.322Z [INFO] [History] [pid-5867] balanceSheet( OCAC-R) no file
2026-10-02T03:26:17.324Z [INFO] [History] [pid-5867] income statement( CCCT) no file
2026-10-02T03:26:17.324Z [INFO] [History] [pid-5867] Cash flow( CCCT) no file
2026-10-02T03:26:17.324Z [INFO] [History] [pid-5867] income statement( CCCTW) no file
2026-10-02T03:26:17.324Z [INFO] [History] [pid-5867] Cash flow( CCCTW) no file
2026-10-02T03:26:17.324Z [INFO] [History] [pid-5867] income statement( EWAVU) no file
2026-10-02T03:26:17.324Z [INFO] [History] [pid-5867] Cash flow( EWAVU) no file
2026-10-02T03:26:17.324Z [INFO] [History] [pid-5867] income statement( FWACR) no file
2026-10-02T03:26:17.325Z [INFO] [History] [pid-5867] Cash flow( FWACR) no file
2026-10-02T03:26:17.325Z [INFO] [History] [pid-5867] income statement( FWACW) no file
2026-10-02T03:26:17.325Z [INFO] [History] [pid-5867] Cash flow( FWACW) no file
2026-10-02T03:26:17.325Z [INFO] [History] [pid-5867] income statement( NCO) no file
2026-10-02T03:26:17.325Z [INFO] [History] [pid-5867] Cash flow( NCO) no file
2026-10-02T03:26:17.325Z [INFO] [History] [pid-5867] income statement( NCOOR) no file
2026-10-02T03:26:17.325Z [INFO] [History] [pid-5867] Cash flow( NCOOR) no file
2026-10-02T03:26:17.327Z [INFO] [History] [pid-5867] income statement( NCOOW) no file
2026-10-02T03:26:17.327Z [INFO] [History] [pid-5867] Cash flow( NCOOW) no file
2026-10-02T03:26:17.327Z [INFO] [History] [pid-5867] income statement( XIIIU) no file
2026-10-02T03:26:17.327Z [INFO] [History] [pid-5867] Cash flow( XIIIU) no file
2026-10-02T03:26:17.327Z [INFO] [History] [pid-5867] income statement( BCCQ) no file
2026-10-02T03:26:17.327Z [INFO] [History] [pid-5867] Cash flow( BCCQ) no file
2026-10-02T03:26:17.327Z [INFO] [History] [pid-5867] income statement( OCAC) no file
2026-10-02T03:26:17.327Z [INFO] [History] [pid-5867] Cash flow( OCAC) no file
2026-10-02T03:26:17.327Z [INFO] [History] [pid-5867] income statement( OCAC-R) no file
2026-10-02T03:26:17.327Z [INFO] [History] [pid-5867] Cash flow( OCAC-R) no file
2026-10-02T03:26:17.330Z [INFO] [History] [pid-5867] balanceSheet( OCAC-WS) no file
2026-10-02T03:26:17.342Z [INFO] [History] [pid-5867] balanceSheet( FDMM) no file
2026-10-02T03:26:17.343Z [INFO] [History] [pid-5867] balanceSheet( FJDIU) no file
2026-10-02T03:26:17.343Z [INFO] [History] [pid-5867] balanceSheet( MUA-R) no file
2026-10-02T03:26:17.343Z [INFO] [History] [pid-5867] loadEarnings( SMHD) no file
2026-10-02T03:26:17.343Z [INFO] [History] [pid-5867] balanceSheet( SMHD) no file
2026-10-02T03:26:17.344Z [INFO] [History] [pid-5867] loadEarnings( SMHU) no file
2026-10-02T03:26:17.344Z [INFO] [History] [pid-5867] balanceSheet( SMHU) no file
2026-10-02T03:26:17.344Z [INFO] [History] [pid-5867] balanceSheet( THEOU) no file
2026-10-02T03:26:17.346Z [INFO] [History] [pid-5867] Unknown asset type: UNIT {"Symbol":"THEOU","AssetType":"UNIT","Name":"BOA Acquisition Corp. II Units","Description":"None","CIK":"None","Exchange":"NASDAQ","Currency":"USD","Country":"USA","Sector":"FINANCIAL SERVICES","Industry":"SHELL COMPANIES","Address":"2600 VIRGINIA AVE NW, WASHINGTON, DC, UNITED STATES, 20037","OfficialSite":"https://www.betonamerica2.com","FiscalYearEnd":"December","LatestQuarter":"2026-06-30","MarketCapitalization":"None","EBITDA":"None","PERatio":"None","PEGRatio":"None","BookValue":"-0.024","DividendPerShare":"None","DividendYield":"None","EPS":"None","RevenuePerShareTTM":"0","ProfitMargin":"0","OperatingMarginTTM":"0","ReturnOnAssetsTTM":"0","ReturnOnEquityTTM":"0","RevenueTTM":"0","GrossProfitTTM":"0","DilutedEPSTTM":"0","QuarterlyEarningsGrowthYOY":"0","QuarterlyRevenueGrowthYOY":"0","AnalystTargetPrice":"None","AnalystRatingStrongBuy":"-","AnalystRatingBuy":"-","AnalystRatingHold":"-","AnalystRatingSell":"-","AnalystRatingStrongSell":"-","TrailingPE":"-","ForwardPE":"-","PriceToSalesRatioTTM":"-","PriceToBookRatio":"-","EVToRevenue":"-","EVToEBITDA":"-","Beta":"None","52WeekHigh":"10.25","52WeekLow":"10.07","50DayMovingAverage":"10.16","200DayMovingAverage":"10.16","SharesOutstanding":"0","SharesFloat":"14610300","PercentInsiders":"5.705","PercentInstitutions":"8.478","DividendDate":"None","ExDividendDate":"None"}
2026-10-02T03:26:17.347Z [INFO] [History] [pid-5867] balanceSheet( TCGX) no file
2026-10-02T03:26:17.347Z [INFO] [History] [pid-5867] income statement( OCAC-WS) no file
2026-10-02T03:26:17.348Z [INFO] [History] [pid-5867] Cash flow( OCAC-WS) no file
2026-10-02T03:26:17.350Z [INFO] [History] [pid-5867] income statement( FDMM) no file
2026-10-02T03:26:17.350Z [INFO] [History] [pid-5867] Cash flow( FDMM) no file
2026-10-02T03:26:17.350Z [INFO] [History] [pid-5867] income statement( FJDIU) no file
2026-10-02T03:26:17.350Z [INFO] [History] [pid-5867] Cash flow( FJDIU) no file
2026-10-02T03:26:17.350Z [INFO] [History] [pid-5867] income statement( MUA-R) no file
2026-10-02T03:26:17.350Z [INFO] [History] [pid-5867] Cash flow( MUA-R) no file
2026-10-02T03:26:17.350Z [INFO] [History] [pid-5867] income statement( SMHD) no file
2026-10-02T03:26:17.350Z [INFO] [History] [pid-5867] Cash flow( SMHD) no file
2026-10-02T03:26:17.350Z [INFO] [History] [pid-5867] income statement( SMHU) no file
2026-10-02T03:26:17.350Z [INFO] [History] [pid-5867] Cash flow( SMHU) no file
2026-10-02T03:26:17.350Z [INFO] [History] [pid-5867] income statement( THEOU) no file
2026-10-02T03:26:17.350Z [INFO] [History] [pid-5867] Cash flow( THEOU) no file
2026-10-02T03:26:17.353Z [INFO] [History] [pid-5867] balanceSheet( BCCQW) no file
2026-10-02T03:26:17.366Z [INFO] [History] [pid-5867] loadData( ATTO) no year 2024
2026-10-02T03:26:17.366Z [INFO] [History] [pid-5867] loadData( ATTO) no year 2025
2026-10-02T03:26:17.367Z [INFO] [History] [pid-5867] balanceSheet( ATLQ) no file
2026-10-02T03:26:17.368Z [INFO] [History] [pid-5867] balanceSheet( ATLQR) no file
2026-10-02T03:26:17.369Z [INFO] [History] [pid-5867] balanceSheet( ATLQW) no file
2026-10-02T03:26:17.371Z [INFO] [History] [pid-5867] income statement( TCGX) no file
2026-10-02T03:26:17.371Z [INFO] [History] [pid-5867] Cash flow( TCGX) no file
2026-10-02T03:26:17.373Z [INFO] [History] [pid-5867] balanceSheet( FDMMW) no file
2026-10-02T03:26:17.380Z [INFO] [History] [pid-5867] balanceSheet( OCLTU) no file
2026-10-02T03:26:17.380Z [INFO] [History] [pid-5867] balanceSheet( PNAQ-U) no file
2026-10-02T03:26:17.382Z [INFO] [History] [pid-5867] balanceSheet( QVCG) no file
2026-10-02T03:26:17.382Z [INFO] [History] [pid-5867] income statement( BCCQW) no file
2026-10-02T03:26:17.382Z [INFO] [History] [pid-5867] Cash flow( BCCQW) no file
2026-10-02T03:26:17.383Z [INFO] [History] [pid-5867] income statement( ATLQ) no file
2026-10-02T03:26:17.383Z [INFO] [History] [pid-5867] Cash flow( ATLQ) no file
2026-10-02T03:26:17.383Z [INFO] [History] [pid-5867] income statement( ATLQR) no file
2026-10-02T03:26:17.383Z [INFO] [History] [pid-5867] Cash flow( ATLQR) no file
2026-10-02T03:26:17.383Z [INFO] [History] [pid-5867] income statement( ATLQW) no file
2026-10-02T03:26:17.383Z [INFO] [History] [pid-5867] Cash flow( ATLQW) no file
2026-10-02T03:26:17.396Z [INFO] [History] [pid-5867] balanceSheet( WLCO) no file
2026-10-02T03:26:17.401Z [INFO] [History] [pid-5867] income statement( FDMMW) no file
2026-10-02T03:26:17.401Z [INFO] [History] [pid-5867] Cash flow( FDMMW) no file
2026-10-02T03:26:17.403Z [INFO] [History] [pid-5867] income statement( OCLTU) no file
2026-10-02T03:26:17.404Z [INFO] [History] [pid-5867] Cash flow( OCLTU) no file
2026-10-02T03:26:17.404Z [INFO] [History] [pid-5867] income statement( PNAQ-U) no file
2026-10-02T03:26:17.404Z [INFO] [History] [pid-5867] Cash flow( PNAQ-U) no file
2026-10-02T03:26:17.405Z [INFO] [History] [pid-5867] income statement( QVCG) no file
2026-10-02T03:26:17.405Z [INFO] [History] [pid-5867] Cash flow( QVCG) no file
2026-10-02T03:26:17.407Z [INFO] [History] [pid-5867] balanceSheet( CNL) no file
2026-10-02T03:26:17.408Z [INFO] [History] [pid-5867] loadEarnings( HYGD) no file
2026-10-02T03:26:17.409Z [INFO] [History] [pid-5867] balanceSheet( HYGD) no file
2026-10-02T03:26:17.409Z [INFO] [History] [pid-5867] balanceSheet( HYGU) no file
2026-10-02T03:26:17.410Z [INFO] [History] [pid-5867] balanceSheet( LQDD) no file
2026-10-02T03:26:17.410Z [INFO] [History] [pid-5867] loadEarnings( LQDU) no file
2026-10-02T03:26:17.410Z [INFO] [History] [pid-5867] balanceSheet( LQDU) no file
2026-10-02T03:26:17.411Z [INFO] [History] [pid-5867] income statement( WLCO) no file
2026-10-02T03:26:17.411Z [INFO] [History] [pid-5867] Cash flow( WLCO) no file
2026-10-02T03:26:17.413Z [INFO] [History] [pid-5867] loadEarnings( SITX) no file
2026-10-02T03:26:17.413Z [INFO] [History] [pid-5867] balanceSheet( SITX) no file
2026-10-02T03:26:17.419Z [INFO] [History] [pid-5867] loadEarnings( FOIL) no file
2026-10-02T03:26:17.419Z [INFO] [History] [pid-5867] balanceSheet( FOIL) no file
2026-10-02T03:26:17.419Z [INFO] [History] [pid-5867] balanceSheet( PLCI) no file
2026-10-02T03:26:17.419Z [INFO] [History] [pid-5867] balanceSheet( PLCIR) no file
2026-10-02T03:26:17.420Z [INFO] [History] [pid-5867] balanceSheet( SNSC) no file
2026-10-02T03:26:17.431Z [INFO] [History] [pid-5867] income statement( HYGD) no file
2026-10-02T03:26:17.431Z [INFO] [History] [pid-5867] Cash flow( HYGD) no file
2026-10-02T03:26:17.431Z [INFO] [History] [pid-5867] income statement( HYGU) no file
2026-10-02T03:26:17.431Z [INFO] [History] [pid-5867] Cash flow( HYGU) no file
2026-10-02T03:26:17.431Z [INFO] [History] [pid-5867] income statement( LQDD) no file
2026-10-02T03:26:17.431Z [INFO] [History] [pid-5867] Cash flow( LQDD) no file
2026-10-02T03:26:17.431Z [INFO] [History] [pid-5867] income statement( LQDU) no file
2026-10-02T03:26:17.431Z [INFO] [History] [pid-5867] Cash flow( LQDU) no file
2026-10-02T03:26:17.434Z [INFO] [History] [pid-5867] balanceSheet( WLCOW) no file
2026-10-02T03:26:17.435Z [INFO] [History] [pid-5867] loadEarnings( DACL) no file
2026-10-02T03:26:17.435Z [INFO] [History] [pid-5867] balanceSheet( DACL) no file
2026-10-02T03:26:17.435Z [INFO] [History] [pid-5867] income statement( SITX) no file
2026-10-02T03:26:17.435Z [INFO] [History] [pid-5867] Cash flow( SITX) no file
2026-10-02T03:26:17.438Z [INFO] [History] [pid-5867] income statement( FOIL) no file
2026-10-02T03:26:17.438Z [INFO] [History] [pid-5867] Cash flow( FOIL) no file
2026-10-02T03:26:17.438Z [INFO] [History] [pid-5867] income statement( PLCI) no file
2026-10-02T03:26:17.438Z [INFO] [History] [pid-5867] Cash flow( PLCI) no file
2026-10-02T03:26:17.438Z [INFO] [History] [pid-5867] income statement( PLCIR) no file
2026-10-02T03:26:17.438Z [INFO] [History] [pid-5867] Cash flow( PLCIR) no file
2026-10-02T03:26:17.438Z [INFO] [History] [pid-5867] income statement( SNSC) no file
2026-10-02T03:26:17.438Z [INFO] [History] [pid-5867] Cash flow( SNSC) no file
2026-10-02T03:26:17.444Z [INFO] [History] [pid-5867] balanceSheet( GHXI) no file
2026-10-02T03:26:17.445Z [INFO] [History] [pid-5867] balanceSheet( RVII) no file
2026-10-02T03:26:17.446Z [INFO] [History] [pid-5867] balanceSheet( TBCVU) no file
2026-10-02T03:26:17.446Z [INFO] [History] [pid-5867] balanceSheet( NXH) no file
2026-10-02T03:26:17.454Z [INFO] [History] [pid-5867] income statement( WLCOW) no file
2026-10-02T03:26:17.455Z [INFO] [History] [pid-5867] Cash flow( WLCOW) no file
2026-10-02T03:26:17.455Z [INFO] [History] [pid-5867] income statement( DACL) no file
2026-10-02T03:26:17.455Z [INFO] [History] [pid-5867] Cash flow( DACL) no file
2026-10-02T03:26:17.467Z [INFO] [History] [pid-5867] balanceSheet( EWAV) no file
2026-10-02T03:26:17.467Z [INFO] [History] [pid-5867] balanceSheet( EWAVR) no file
2026-10-02T03:26:17.468Z [INFO] [History] [pid-5867] balanceSheet( GHXIW) no file
2026-10-02T03:26:17.469Z [INFO] [History] [pid-5867] balanceSheet( THEO) no file
2026-10-02T03:26:17.470Z [INFO] [History] [pid-5867] balanceSheet( THEOR) no file
2026-10-02T03:26:17.481Z [INFO] [History] [pid-5867] balanceSheet( ADAMK) no file
2026-10-02T03:26:17.481Z [INFO] [History] [pid-5867] balanceSheet( CGCF) no file
2026-10-02T03:26:17.481Z [INFO] [History] [pid-5867] income statement( GHXI) no file
2026-10-02T03:26:17.481Z [INFO] [History] [pid-5867] Cash flow( GHXI) no file
2026-10-02T03:26:17.481Z [INFO] [History] [pid-5867] income statement( RVII) no file
2026-10-02T03:26:17.481Z [INFO] [History] [pid-5867] Cash flow( RVII) no file
2026-10-02T03:26:17.481Z [INFO] [History] [pid-5867] income statement( TBCVU) no file
2026-10-02T03:26:17.481Z [INFO] [History] [pid-5867] Cash flow( TBCVU) no file
2026-10-02T03:26:17.502Z [INFO] [History] [pid-5867] balanceSheet( CGCFW) no file
2026-10-02T03:26:17.503Z [INFO] [History] [pid-5867] income statement( EWAV) no file
2026-10-02T03:26:17.503Z [INFO] [History] [pid-5867] Cash flow( EWAV) no file
2026-10-02T03:26:17.503Z [INFO] [History] [pid-5867] income statement( EWAVR) no file
2026-10-02T03:26:17.503Z [INFO] [History] [pid-5867] Cash flow( EWAVR) no file
2026-10-02T03:26:17.503Z [INFO] [History] [pid-5867] income statement( GHXIW) no file
2026-10-02T03:26:17.503Z [INFO] [History] [pid-5867] Cash flow( GHXIW) no file
2026-10-02T03:26:17.503Z [INFO] [History] [pid-5867] income statement( THEO) no file
2026-10-02T03:26:17.503Z [INFO] [History] [pid-5867] Cash flow( THEO) no file
2026-10-02T03:26:17.503Z [INFO] [History] [pid-5867] income statement( THEOR) no file
2026-10-02T03:26:17.503Z [INFO] [History] [pid-5867] Cash flow( THEOR) no file
2026-10-02T03:26:17.506Z [INFO] [History] [pid-5867] income statement( ADAMK) no file
2026-10-02T03:26:17.506Z [INFO] [History] [pid-5867] Cash flow( ADAMK) no file
2026-10-02T03:26:17.506Z [INFO] [History] [pid-5867] income statement( CGCF) no file
2026-10-02T03:26:17.506Z [INFO] [History] [pid-5867] Cash flow( CGCF) no file
2026-10-02T03:26:17.509Z [INFO] [History] [pid-5867] balanceSheet( MRCO) no file
2026-10-02T03:26:17.509Z [INFO] [History] [pid-5867] balanceSheet( MRCOW) no file
2026-10-02T03:26:17.511Z [INFO] [History] [pid-5867] balanceSheet( BBBYW) no file
2026-10-02T03:26:17.540Z [INFO] [History] [pid-5867] income statement( CGCFW) no file
2026-10-02T03:26:17.541Z [INFO] [History] [pid-5867] Cash flow( CGCFW) no file
2026-10-02T03:26:17.560Z [INFO] [History] [pid-5867] balanceSheet( NSAIU) no file
2026-10-02T03:26:17.560Z [INFO] [History] [pid-5867] balanceSheet( XTERU) no file
2026-10-02T03:26:17.561Z [INFO] [History] [pid-5867] balanceSheet( LYNX) no file
2026-10-02T03:26:17.562Z [INFO] [History] [pid-5867] balanceSheet( MEGX) no file
2026-10-02T03:26:17.563Z [INFO] [History] [pid-5867] balanceSheet( USGX) no file
2026-10-02T03:26:17.565Z [INFO] [History] [pid-5867] balanceSheet( USLX) no file
2026-10-02T03:26:17.566Z [INFO] [History] [pid-5867] balanceSheet( USMX) no file
2026-10-02T03:26:17.567Z [INFO] [History] [pid-5867] loadEarnings( BRZD) no file
2026-10-02T03:26:17.568Z [INFO] [History] [pid-5867] balanceSheet( BRZD) no file
2026-10-02T03:26:17.569Z [INFO] [History] [pid-5867] income statement( MRCO) no file
2026-10-02T03:26:17.569Z [INFO] [History] [pid-5867] Cash flow( MRCO) no file
2026-10-02T03:26:17.569Z [INFO] [History] [pid-5867] income statement( MRCOW) no file
2026-10-02T03:26:17.569Z [INFO] [History] [pid-5867] Cash flow( MRCOW) no file
2026-10-02T03:26:17.572Z [INFO] [History] [pid-5867] income statement( BBBYW) no file
2026-10-02T03:26:17.572Z [INFO] [History] [pid-5867] Cash flow( BBBYW) no file
2026-10-02T03:26:17.590Z [INFO] [History] [pid-5867] balanceSheet( CHTRP) no file
2026-10-02T03:26:17.590Z [INFO] [History] [pid-5867] Unknown asset type: UNIT {"Symbol":"NSAIU","AssetType":"UNIT","Name":"NorthStrive Acquisition Corp I. Units","Description":"Northstrive Acquisition Corp I. focuses on effecting a merger, amalgamation, share exchange, asset acquisition, share purchase, recapitalization, reorganization or similar business combination with one or more businesses. The company is headquartered in Newport Beach, California.","CIK":"None","Exchange":"NASDAQ","Currency":"USD","Country":"USA","Sector":"FINANCIAL SERVICES","Industry":"SHELL COMPANIES","Address":"120 NEWPORT CENTER DRIVE, NEWPORT BEACH, CA, UNITED STATES, 92660","OfficialSite":"None","FiscalYearEnd":"None","LatestQuarter":"2026-06-30","MarketCapitalization":"None","EBITDA":"None","PERatio":"None","PEGRatio":"None","BookValue":"0.002","DividendPerShare":"None","DividendYield":"None","EPS":"None","RevenuePerShareTTM":"0","ProfitMargin":"0","OperatingMarginTTM":"0","ReturnOnAssetsTTM":"0","ReturnOnEquityTTM":"0","RevenueTTM":"0","GrossProfitTTM":"0","DilutedEPSTTM":"0","QuarterlyEarningsGrowthYOY":"0","QuarterlyRevenueGrowthYOY":"0","AnalystTargetPrice":"None","AnalystRatingStrongBuy":"-","AnalystRatingBuy":"-","AnalystRatingHold":"-","AnalystRatingSell":"-","AnalystRatingStrongSell":"-","TrailingPE":"-","ForwardPE":"-","PriceToSalesRatioTTM":"-","PriceToBookRatio":"-","EVToRevenue":"-","EVToEBITDA":"-","Beta":"None","52WeekHigh":"10.57","52WeekLow":"9.97","50DayMovingAverage":"10.02","200DayMovingAverage":"10.02","SharesOutstanding":"0","SharesFloat":"0","PercentInsiders":"8.796","PercentInstitutions":"0.000","DividendDate":"None","ExDividendDate":"None"}
2026-10-02T03:26:17.604Z [INFO] [History] [pid-5867] income statement( NSAIU) no file
2026-10-02T03:26:17.604Z [INFO] [History] [pid-5867] Cash flow( NSAIU) no file
2026-10-02T03:26:17.604Z [INFO] [History] [pid-5867] income statement( XTERU) no file
2026-10-02T03:26:17.604Z [INFO] [History] [pid-5867] Cash flow( XTERU) no file
2026-10-02T03:26:17.604Z [INFO] [History] [pid-5867] income statement( LYNX) no file
2026-10-02T03:26:17.604Z [INFO] [History] [pid-5867] Cash flow( LYNX) no file
2026-10-02T03:26:17.604Z [INFO] [History] [pid-5867] income statement( MEGX) no file
2026-10-02T03:26:17.604Z [INFO] [History] [pid-5867] Cash flow( MEGX) no file
2026-10-02T03:26:17.604Z [INFO] [History] [pid-5867] income statement( USGX) no file
2026-10-02T03:26:17.604Z [INFO] [History] [pid-5867] Cash flow( USGX) no file
2026-10-02T03:26:17.604Z [INFO] [History] [pid-5867] income statement( USLX) no file
2026-10-02T03:26:17.604Z [INFO] [History] [pid-5867] Cash flow( USLX) no file
2026-10-02T03:26:17.604Z [INFO] [History] [pid-5867] income statement( USMX) no file
2026-10-02T03:26:17.605Z [INFO] [History] [pid-5867] Cash flow( USMX) no file
2026-10-02T03:26:17.605Z [INFO] [History] [pid-5867] income statement( BRZD) no file
2026-10-02T03:26:17.605Z [INFO] [History] [pid-5867] Cash flow( BRZD) no file
2026-10-02T03:26:17.609Z [INFO] [History] [pid-5867] balanceSheet( FBDT) no file
2026-10-02T03:26:17.609Z [INFO] [History] [pid-5867] balanceSheet( JPND) no file
2026-10-02T03:26:17.610Z [INFO] [History] [pid-5867] loadEarnings( JPNU) no file
2026-10-02T03:26:17.610Z [INFO] [History] [pid-5867] balanceSheet( JPNU) no file
2026-10-02T03:26:17.611Z [INFO] [History] [pid-5867] balanceSheet( SNUS-P-H) no file
2026-10-02T03:26:17.612Z [INFO] [History] [pid-5867] balanceSheet( SNUS-P-I) no file
2026-10-02T03:26:17.613Z [INFO] [History] [pid-5867] income statement( CHTRP) no file
2026-10-02T03:26:17.613Z [INFO] [History] [pid-5867] Cash flow( CHTRP) no file
2026-10-02T03:26:17.614Z [INFO] [History] [pid-5867] balanceSheet( TAWN) no file
2026-10-02T03:26:17.615Z [INFO] [History] [pid-5867] loadEarnings( TPEI) no file
2026-10-02T03:26:17.615Z [INFO] [History] [pid-5867] balanceSheet( TPEI) no file
2026-10-02T03:26:17.615Z [INFO] [History] [pid-5867] balanceSheet( TREO) no file
2026-10-02T03:26:17.616Z [INFO] [History] [pid-5867] balanceSheet( OSPR) no file
2026-10-02T03:26:17.616Z [INFO] [History] [pid-5867] balanceSheet( OSPRW) no file
2026-10-02T03:26:17.630Z [INFO] [History] [pid-5867] balanceSheet( MIAC) no file
2026-10-02T03:26:17.630Z [INFO] [History] [pid-5867] income statement( FBDT) no file
2026-10-02T03:26:17.630Z [INFO] [History] [pid-5867] Cash flow( FBDT) no file
2026-10-02T03:26:17.630Z [INFO] [History] [pid-5867] income statement( JPND) no file
2026-10-02T03:26:17.630Z [INFO] [History] [pid-5867] Cash flow( JPND) no file
2026-10-02T03:26:17.630Z [INFO] [History] [pid-5867] income statement( JPNU) no file
2026-10-02T03:26:17.630Z [INFO] [History] [pid-5867] Cash flow( JPNU) no file
2026-10-02T03:26:17.630Z [INFO] [History] [pid-5867] income statement( SNUS-P-H) no file
2026-10-02T03:26:17.630Z [INFO] [History] [pid-5867] Cash flow( SNUS-P-H) no file
2026-10-02T03:26:17.630Z [INFO] [History] [pid-5867] income statement( SNUS-P-I) no file
2026-10-02T03:26:17.630Z [INFO] [History] [pid-5867] Cash flow( SNUS-P-I) no file
2026-10-02T03:26:17.633Z [INFO] [History] [pid-5867] balanceSheet( MIACW) no file
2026-10-02T03:26:17.654Z [INFO] [History] [pid-5867] balanceSheet( ADBT) no file
2026-10-02T03:26:17.654Z [INFO] [History] [pid-5867] income statement( TAWN) no file
2026-10-02T03:26:17.654Z [INFO] [History] [pid-5867] Cash flow( TAWN) no file
2026-10-02T03:26:17.654Z [INFO] [History] [pid-5867] income statement( TPEI) no file
2026-10-02T03:26:17.655Z [INFO] [History] [pid-5867] Cash flow( TPEI) no file
2026-10-02T03:26:17.655Z [INFO] [History] [pid-5867] income statement( TREO) no file
2026-10-02T03:26:17.655Z [INFO] [History] [pid-5867] Cash flow( TREO) no file
2026-10-02T03:26:17.655Z [INFO] [History] [pid-5867] income statement( OSPR) no file
2026-10-02T03:26:17.655Z [INFO] [History] [pid-5867] Cash flow( OSPR) no file
2026-10-02T03:26:17.655Z [INFO] [History] [pid-5867] income statement( OSPRW) no file
2026-10-02T03:26:17.655Z [INFO] [History] [pid-5867] Cash flow( OSPRW) no file
2026-10-02T03:26:17.658Z [INFO] [History] [pid-5867] income statement( MIAC) no file
2026-10-02T03:26:17.658Z [INFO] [History] [pid-5867] Cash flow( MIAC) no file
2026-10-02T03:26:17.677Z [INFO] [History] [pid-5867] balanceSheet( KLXER) no file
2026-10-02T03:26:17.691Z [INFO] [History] [pid-5867] balanceSheet( JTTT) no file
2026-10-02T03:26:17.692Z [INFO] [History] [pid-5867] balanceSheet( SCATU) no file
2026-10-02T03:26:17.720Z [INFO] [History] [pid-5867] income statement( MIACW) no file
2026-10-02T03:26:17.720Z [INFO] [History] [pid-5867] Cash flow( MIACW) no file
2026-10-02T03:26:17.723Z [INFO] [History] [pid-5867] income statement( ADBT) no file
2026-10-02T03:26:17.723Z [INFO] [History] [pid-5867] Cash flow( ADBT) no file
2026-10-02T03:26:17.737Z [INFO] [History] [pid-5867] Unknown asset type: UNIT {"Symbol":"SCATU","AssetType":"UNIT","Name":"Southern Cross Acquisition II Corp. Units","Description":"Southern Cross Acquisition II Corp. The company is headquartered in New York, New York.","CIK":"None","Exchange":"NASDAQ","Currency":"USD","Country":"USA","Sector":"FINANCIAL SERVICES","Industry":"SHELL COMPANIES","Address":"1412 BROADWAY, NEW YORK, NY, UNITED STATES, 10018","OfficialSite":"None","FiscalYearEnd":"December","LatestQuarter":"2026-06-30","MarketCapitalization":"None","EBITDA":"None","PERatio":"None","PEGRatio":"None","BookValue":"-0.013","DividendPerShare":"None","DividendYield":"None","EPS":"None","RevenuePerShareTTM":"0","ProfitMargin":"0","OperatingMarginTTM":"0","ReturnOnAssetsTTM":"0","ReturnOnEquityTTM":"0","RevenueTTM":"0","GrossProfitTTM":"-41828","DilutedEPSTTM":"0","QuarterlyEarningsGrowthYOY":"0","QuarterlyRevenueGrowthYOY":"0","AnalystTargetPrice":"None","AnalystRatingStrongBuy":"-","AnalystRatingBuy":"-","AnalystRatingHold":"-","AnalystRatingSell":"-","AnalystRatingStrongSell":"-","TrailingPE":"-","ForwardPE":"-","PriceToSalesRatioTTM":"-","PriceToBookRatio":"-","EVToRevenue":"-","EVToEBITDA":"-","Beta":"None","52WeekHigh":"11","52WeekLow":"9.99","50DayMovingAverage":"10.02","200DayMovingAverage":"10.02","SharesOutstanding":"0","SharesFloat":"0","PercentInsiders":"14.411","PercentInstitutions":"0.000","DividendDate":"None","ExDividendDate":"None"}
2026-10-02T03:26:17.749Z [INFO] [History] [pid-5867] loadData( AAC) no year 2024
2026-10-02T03:26:17.749Z [INFO] [History] [pid-5867] loadData( AAC) no year 2025
2026-10-02T03:26:17.751Z [INFO] [History] [pid-5867] balanceSheet( IPXGW) no file
2026-10-02T03:26:17.752Z [INFO] [History] [pid-5867] balanceSheet( MNGU) no file
2026-10-02T03:26:17.752Z [INFO] [History] [pid-5867] balanceSheet( RNAQU) no file
2026-10-02T03:26:17.753Z [INFO] [History] [pid-5867] balanceSheet( SAX) no file
2026-10-02T03:26:17.755Z [INFO] [History] [pid-5867] balanceSheet( XTER) no file
2026-10-02T03:26:17.755Z [INFO] [History] [pid-5867] balanceSheet( XTERW) no file
2026-10-02T03:26:17.755Z [INFO] [History] [pid-5867] income statement( KLXER) no file
2026-10-02T03:26:17.756Z [INFO] [History] [pid-5867] Cash flow( KLXER) no file
2026-10-02T03:26:17.763Z [INFO] [History] [pid-5867] income statement( JTTT) no file
2026-10-02T03:26:17.763Z [INFO] [History] [pid-5867] Cash flow( JTTT) no file
2026-10-02T03:26:17.764Z [INFO] [History] [pid-5867] income statement( SCATU) no file
2026-10-02T03:26:17.764Z [INFO] [History] [pid-5867] Cash flow( SCATU) no file
2026-10-02T03:26:17.774Z [INFO] [History] [pid-5867] balanceSheet( IPHXU) no file
2026-10-02T03:26:17.777Z [INFO] [History] [pid-5867] income statement( IPXGW) no file
2026-10-02T03:26:17.777Z [INFO] [History] [pid-5867] Cash flow( IPXGW) no file
2026-10-02T03:26:17.777Z [INFO] [History] [pid-5867] income statement( MNGU) no file
2026-10-02T03:26:17.777Z [INFO] [History] [pid-5867] Cash flow( MNGU) no file
2026-10-02T03:26:17.777Z [INFO] [History] [pid-5867] income statement( RNAQU) no file
2026-10-02T03:26:17.777Z [INFO] [History] [pid-5867] Cash flow( RNAQU) no file
2026-10-02T03:26:17.777Z [INFO] [History] [pid-5867] income statement( SAX) no file
2026-10-02T03:26:17.777Z [INFO] [History] [pid-5867] Cash flow( SAX) no file
2026-10-02T03:26:17.777Z [INFO] [History] [pid-5867] income statement( XTER) no file
2026-10-02T03:26:17.778Z [INFO] [History] [pid-5867] Cash flow( XTER) no file
2026-10-02T03:26:17.778Z [INFO] [History] [pid-5867] income statement( XTERW) no file
2026-10-02T03:26:17.778Z [INFO] [History] [pid-5867] Cash flow( XTERW) no file
2026-10-02T03:26:17.779Z [INFO] [History] [pid-5867] balanceSheet( PSQLW) no file
2026-10-02T03:26:17.780Z [INFO] [History] [pid-5867] balanceSheet( XLABW) no file
2026-10-02T03:26:17.782Z [INFO] [History] [pid-5867] income statement( IPHXU) no file
2026-10-02T03:26:17.782Z [INFO] [History] [pid-5867] Cash flow( IPHXU) no file
2026-10-02T03:26:17.784Z [INFO] [History] [pid-5867] balanceSheet( JAB) no file
2026-10-02T03:26:17.785Z [INFO] [History] [pid-5867] balanceSheet( JABRR) no file
2026-10-02T03:26:17.785Z [INFO] [History] [pid-5867] balanceSheet( JABRW) no file
2026-10-02T03:26:17.785Z [INFO] [History] [pid-5867] balanceSheet( SAMO) no file
2026-10-02T03:26:17.786Z [INFO] [History] [pid-5867] balanceSheet( SAMO-WS) no file
2026-10-02T03:26:17.786Z [INFO] [History] [pid-5867] balanceSheet( SGLD) no file
2026-10-02T03:26:17.787Z [INFO] [History] [pid-5867] income statement( PSQLW) no file
2026-10-02T03:26:17.787Z [INFO] [History] [pid-5867] Cash flow( PSQLW) no file
2026-10-02T03:26:17.789Z [INFO] [History] [pid-5867] income statement( XLABW) no file
2026-10-02T03:26:17.789Z [INFO] [History] [pid-5867] Cash flow( XLABW) no file
2026-10-02T03:26:17.792Z [INFO] [History] [pid-5867] balanceSheet( TLACU) no file
2026-10-02T03:26:17.792Z [INFO] [History] [pid-5867] balanceSheet( GIXI) no file
2026-10-02T03:26:17.793Z [INFO] [History] [pid-5867] income statement( JAB) no file
2026-10-02T03:26:17.793Z [INFO] [History] [pid-5867] Cash flow( JAB) no file
2026-10-02T03:26:17.793Z [INFO] [History] [pid-5867] income statement( JABRR) no file
2026-10-02T03:26:17.793Z [INFO] [History] [pid-5867] Cash flow( JABRR) no file
2026-10-02T03:26:17.793Z [INFO] [History] [pid-5867] income statement( JABRW) no file
2026-10-02T03:26:17.793Z [INFO] [History] [pid-5867] Cash flow( JABRW) no file
2026-10-02T03:26:17.793Z [INFO] [History] [pid-5867] income statement( SAMO) no file
2026-10-02T03:26:17.793Z [INFO] [History] [pid-5867] Cash flow( SAMO) no file
2026-10-02T03:26:17.793Z [INFO] [History] [pid-5867] income statement( SAMO-WS) no file
2026-10-02T03:26:17.793Z [INFO] [History] [pid-5867] Cash flow( SAMO-WS) no file
2026-10-02T03:26:17.793Z [INFO] [History] [pid-5867] income statement( SGLD) no file
2026-10-02T03:26:17.794Z [INFO] [History] [pid-5867] Cash flow( SGLD) no file
2026-10-02T03:26:17.795Z [INFO] [History] [pid-5867] balanceSheet( NSAI) no file
2026-10-02T03:26:17.795Z [INFO] [History] [pid-5867] balanceSheet( NSAIR) no file
2026-10-02T03:26:17.795Z [INFO] [History] [pid-5867] balanceSheet( NSAIW) no file
2026-10-02T03:26:17.796Z [INFO] [History] [pid-5867] balanceSheet( JONER) no file
2026-10-02T03:26:17.797Z [INFO] [History] [pid-5867] income statement( TLACU) no file
2026-10-02T03:26:17.797Z [INFO] [History] [pid-5867] Cash flow( TLACU) no file
2026-10-02T03:26:17.797Z [INFO] [History] [pid-5867] income statement( GIXI) no file
2026-10-02T03:26:17.797Z [INFO] [History] [pid-5867] Cash flow( GIXI) no file
2026-10-02T03:26:17.800Z [INFO] [History] [pid-5867] balanceSheet( SGRX) no file
2026-10-02T03:26:17.800Z [INFO] [History] [pid-5867] balanceSheet( XTND) no file
2026-10-02T03:26:17.801Z [INFO] [History] [pid-5867] balanceSheet( AMAC) no file
2026-10-02T03:26:17.801Z [INFO] [History] [pid-5867] balanceSheet( AMACW) no file
2026-10-02T03:26:17.801Z [INFO] [History] [pid-5867] loadEarnings( CHAD) no file
2026-10-02T03:26:17.802Z [INFO] [History] [pid-5867] balanceSheet( CHAD) no file
2026-10-02T03:26:17.802Z [INFO] [History] [pid-5867] balanceSheet( NMCO-R-W) no file
2026-10-02T03:26:17.802Z [INFO] [History] [pid-5867] income statement( NSAI) no file
2026-10-02T03:26:17.802Z [INFO] [History] [pid-5867] Cash flow( NSAI) no file
2026-10-02T03:26:17.803Z [INFO] [History] [pid-5867] income statement( NSAIR) no file
2026-10-02T03:26:17.803Z [INFO] [History] [pid-5867] Cash flow( NSAIR) no file
2026-10-02T03:26:17.803Z [INFO] [History] [pid-5867] income statement( NSAIW) no file
2026-10-02T03:26:17.803Z [INFO] [History] [pid-5867] Cash flow( NSAIW) no file
2026-10-02T03:26:17.805Z [INFO] [History] [pid-5867] income statement( JONER) no file
2026-10-02T03:26:17.805Z [INFO] [History] [pid-5867] Cash flow( JONER) no file
2026-10-02T03:26:17.807Z [INFO] [History] [pid-5867] balanceSheet( NXATW) no file
2026-10-02T03:26:17.808Z [INFO] [History] [pid-5867] income statement( SGRX) no file
2026-10-02T03:26:17.808Z [INFO] [History] [pid-5867] Cash flow( SGRX) no file
2026-10-02T03:26:17.808Z [INFO] [History] [pid-5867] income statement( XTND) no file
2026-10-02T03:26:17.808Z [INFO] [History] [pid-5867] Cash flow( XTND) no file
2026-10-02T03:26:17.808Z [INFO] [History] [pid-5867] income statement( AMAC) no file
2026-10-02T03:26:17.808Z [INFO] [History] [pid-5867] Cash flow( AMAC) no file
2026-10-02T03:26:17.808Z [INFO] [History] [pid-5867] income statement( AMACW) no file
2026-10-02T03:26:17.808Z [INFO] [History] [pid-5867] Cash flow( AMACW) no file
2026-10-02T03:26:17.808Z [INFO] [History] [pid-5867] income statement( CHAD) no file
2026-10-02T03:26:17.808Z [INFO] [History] [pid-5867] Cash flow( CHAD) no file
2026-10-02T03:26:17.808Z [INFO] [History] [pid-5867] income statement( NMCO-R-W) no file
2026-10-02T03:26:17.809Z [INFO] [History] [pid-5867] Cash flow( NMCO-R-W) no file
2026-10-02T03:26:17.812Z [INFO] [History] [pid-5867] balanceSheet( BRTM) no file
2026-10-02T03:26:17.812Z [INFO] [History] [pid-5867] balanceSheet( BRTMW) no file
2026-10-02T03:26:17.813Z [INFO] [History] [pid-5867] balanceSheet( NMCO-R) no file
2026-10-02T03:26:17.813Z [INFO] [History] [pid-5867] balanceSheet( OCLT) no file
2026-10-02T03:26:17.813Z [INFO] [History] [pid-5867] balanceSheet( OCLTR) no file
2026-10-02T03:26:17.813Z [INFO] [History] [pid-5867] balanceSheet( OCLTW) no file
2026-10-02T03:26:17.814Z [INFO] [History] [pid-5867] income statement( NXATW) no file
2026-10-02T03:26:17.814Z [INFO] [History] [pid-5867] Cash flow( NXATW) no file
2026-10-02T03:26:17.816Z [INFO] [History] [pid-5867] loadData( PORTU) no year 2025
2026-10-02T03:26:17.817Z [INFO] [History] [pid-5867] balanceSheet( NFEGP) no file
2026-10-02T03:26:17.817Z [INFO] [History] [pid-5867] balanceSheet( RNAQ) no file
2026-10-02T03:26:17.818Z [INFO] [History] [pid-5867] balanceSheet( RNAQW) no file
2026-10-02T03:26:17.818Z [INFO] [History] [pid-5867] balanceSheet( ASBH) no file
2026-10-02T03:26:17.818Z [INFO] [History] [pid-5867] income statement( BRTM) no file
2026-10-02T03:26:17.818Z [INFO] [History] [pid-5867] Cash flow( BRTM) no file
2026-10-02T03:26:17.818Z [INFO] [History] [pid-5867] income statement( BRTMW) no file
2026-10-02T03:26:17.818Z [INFO] [History] [pid-5867] Cash flow( BRTMW) no file
2026-10-02T03:26:17.818Z [INFO] [History] [pid-5867] income statement( NMCO-R) no file
2026-10-02T03:26:17.818Z [INFO] [History] [pid-5867] Cash flow( NMCO-R) no file
2026-10-02T03:26:17.819Z [INFO] [History] [pid-5867] income statement( OCLT) no file
2026-10-02T03:26:17.819Z [INFO] [History] [pid-5867] Cash flow( OCLT) no file
2026-10-02T03:26:17.819Z [INFO] [History] [pid-5867] income statement( OCLTR) no file
2026-10-02T03:26:17.819Z [INFO] [History] [pid-5867] Cash flow( OCLTR) no file
2026-10-02T03:26:17.819Z [INFO] [History] [pid-5867] income statement( OCLTW) no file
2026-10-02T03:26:17.819Z [INFO] [History] [pid-5867] Cash flow( OCLTW) no file
2026-10-02T03:26:17.872Z [INFO] [History] [pid-5867] balanceSheet( CATL) no file
2026-10-02T03:26:17.872Z [INFO] [History] [pid-5867] balanceSheet( CATLR) no file
2026-10-02T03:26:17.874Z [INFO] [History] [pid-5867] income statement( NFEGP) no file
2026-10-02T03:26:17.874Z [INFO] [History] [pid-5867] Cash flow( NFEGP) no file
2026-10-02T03:26:17.874Z [INFO] [History] [pid-5867] income statement( RNAQ) no file
2026-10-02T03:26:17.874Z [INFO] [History] [pid-5867] Cash flow( RNAQ) no file
2026-10-02T03:26:17.874Z [INFO] [History] [pid-5867] income statement( RNAQW) no file
2026-10-02T03:26:17.874Z [INFO] [History] [pid-5867] Cash flow( RNAQW) no file
2026-10-02T03:26:17.875Z [INFO] [History] [pid-5867] income statement( ASBH) no file
2026-10-02T03:26:17.875Z [INFO] [History] [pid-5867] Cash flow( ASBH) no file
2026-10-02T03:26:17.895Z [INFO] [History] [pid-5867] balanceSheet( MTAK) no file
2026-10-02T03:26:17.897Z [INFO] [History] [pid-5867] balanceSheet( MTAKW) no file
2026-10-02T03:26:17.897Z [INFO] [History] [pid-5867] balanceSheet( TLAC) no file
2026-10-02T03:26:17.898Z [INFO] [History] [pid-5867] balanceSheet( TLACW) no file
2026-10-02T03:26:17.925Z [INFO] [History] [pid-5867] loadData( OIG) no year 2024
2026-10-02T03:26:17.925Z [INFO] [History] [pid-5867] loadData( OIG) no year 2025
2026-10-02T03:26:17.926Z [INFO] [History] [pid-5867] balanceSheet( ASGI-R-W) no file
2026-10-02T03:26:17.938Z [INFO] [History] [pid-5867] income statement( CATL) no file
2026-10-02T03:26:17.938Z [INFO] [History] [pid-5867] Cash flow( CATL) no file
2026-10-02T03:26:17.938Z [INFO] [History] [pid-5867] income statement( CATLR) no file
2026-10-02T03:26:17.938Z [INFO] [History] [pid-5867] Cash flow( CATLR) no file
2026-10-02T03:26:17.952Z [INFO] [History] [pid-5867] balanceSheet( ETRA) no file
2026-10-02T03:26:17.963Z [INFO] [History] [pid-5867] balanceSheet( HOST) no file
2026-10-02T03:26:17.963Z [INFO] [History] [pid-5867] balanceSheet( LEDRU) no file
2026-10-02T03:26:17.963Z [INFO] [History] [pid-5867] balanceSheet( XIII) no file
2026-10-02T03:26:17.974Z [INFO] [History] [pid-5867] balanceSheet( XIIIW) no file
2026-10-02T03:26:17.981Z [INFO] [History] [pid-5867] income statement( MTAK) no file
2026-10-02T03:26:17.981Z [INFO] [History] [pid-5867] Cash flow( MTAK) no file
2026-10-02T03:26:17.981Z [INFO] [History] [pid-5867] income statement( MTAKW) no file
2026-10-02T03:26:17.981Z [INFO] [History] [pid-5867] Cash flow( MTAKW) no file
2026-10-02T03:26:17.981Z [INFO] [History] [pid-5867] income statement( TLAC) no file
2026-10-02T03:26:17.981Z [INFO] [History] [pid-5867] Cash flow( TLAC) no file
2026-10-02T03:26:17.981Z [INFO] [History] [pid-5867] income statement( TLACW) no file
2026-10-02T03:26:17.981Z [INFO] [History] [pid-5867] Cash flow( TLACW) no file
2026-10-02T03:26:17.993Z [INFO] [History] [pid-5867] income statement( ASGI-R-W) no file
2026-10-02T03:26:17.993Z [INFO] [History] [pid-5867] Cash flow( ASGI-R-W) no file
2026-10-02T03:26:17.996Z [INFO] [History] [pid-5867] balanceSheet( GCPU) no file
2026-10-02T03:26:17.998Z [INFO] [History] [pid-5867] balanceSheet( NWCL) no file
2026-10-02T03:26:17.998Z [INFO] [History] [pid-5867] balanceSheet( NWCLW) no file
2026-10-02T03:26:17.998Z [INFO] [History] [pid-5867] balanceSheet( SVIAW) no file
2026-10-02T03:26:17.999Z [INFO] [History] [pid-5867] income statement( ETRA) no file
2026-10-02T03:26:18.000Z [INFO] [History] [pid-5867] Cash flow( ETRA) no file
2026-10-02T03:26:18.000Z [INFO] [History] [pid-5867] income statement( HOST) no file
2026-10-02T03:26:18.000Z [INFO] [History] [pid-5867] Cash flow( HOST) no file
2026-10-02T03:26:18.000Z [INFO] [History] [pid-5867] income statement( LEDRU) no file
2026-10-02T03:26:18.000Z [INFO] [History] [pid-5867] Cash flow( LEDRU) no file
2026-10-02T03:26:18.000Z [INFO] [History] [pid-5867] income statement( XIII) no file
2026-10-02T03:26:18.000Z [INFO] [History] [pid-5867] Cash flow( XIII) no file
2026-10-02T03:26:18.000Z [INFO] [History] [pid-5867] income statement( XIIIW) no file
2026-10-02T03:26:18.000Z [INFO] [History] [pid-5867] Cash flow( XIIIW) no file
2026-10-02T03:26:18.008Z [INFO] [History] [pid-5867] balanceSheet( LOVIU) no file
2026-10-02T03:26:18.009Z [INFO] [History] [pid-5867] balanceSheet( ASGI-R) no file
2026-10-02T03:26:18.009Z [INFO] [History] [pid-5867] balanceSheet( BCAT-R-W) no file
2026-10-02T03:26:18.009Z [INFO] [History] [pid-5867] balanceSheet( FJDI) no file
2026-10-02T03:26:18.010Z [INFO] [History] [pid-5867] income statement( GCPU) no file
2026-10-02T03:26:18.010Z [INFO] [History] [pid-5867] Cash flow( GCPU) no file
2026-10-02T03:26:18.010Z [INFO] [History] [pid-5867] income statement( NWCL) no file
2026-10-02T03:26:18.010Z [INFO] [History] [pid-5867] Cash flow( NWCL) no file
2026-10-02T03:26:18.010Z [INFO] [History] [pid-5867] income statement( NWCLW) no file
2026-10-02T03:26:18.010Z [INFO] [History] [pid-5867] Cash flow( NWCLW) no file
2026-10-02T03:26:18.011Z [INFO] [History] [pid-5867] income statement( SVIAW) no file
2026-10-02T03:26:18.011Z [INFO] [History] [pid-5867] Cash flow( SVIAW) no file
2026-10-02T03:26:18.013Z [INFO] [History] [pid-5867] balanceSheet( FJDIR) no file
2026-10-02T03:26:18.014Z [INFO] [History] [pid-5867] balanceSheet( FJDIW) no file
2026-10-02T03:26:18.015Z [INFO] [History] [pid-5867] balanceSheet( ADRX) no file
2026-10-02T03:26:18.015Z [INFO] [History] [pid-5867] balanceSheet( BRRKU) no file
2026-10-02T03:26:18.016Z [INFO] [History] [pid-5867] balanceSheet( PNAQ) no file
2026-10-02T03:26:18.016Z [INFO] [History] [pid-5867] balanceSheet( PNAQ-R) no file
2026-10-02T03:26:18.016Z [INFO] [History] [pid-5867] loadEarnings( GOW) no file
2026-10-02T03:26:18.016Z [INFO] [History] [pid-5867] balanceSheet( GOW) no file
2026-10-02T03:26:18.016Z [INFO] [History] [pid-5867] income statement( LOVIU) no file
2026-10-02T03:26:18.017Z [INFO] [History] [pid-5867] Cash flow( LOVIU) no file
2026-10-02T03:26:18.017Z [INFO] [History] [pid-5867] income statement( ASGI-R) no file
2026-10-02T03:26:18.017Z [INFO] [History] [pid-5867] Cash flow( ASGI-R) no file
2026-10-02T03:26:18.017Z [INFO] [History] [pid-5867] income statement( BCAT-R-W) no file
2026-10-02T03:26:18.017Z [INFO] [History] [pid-5867] Cash flow( BCAT-R-W) no file
2026-10-02T03:26:18.017Z [INFO] [History] [pid-5867] income statement( FJDI) no file
2026-10-02T03:26:18.017Z [INFO] [History] [pid-5867] Cash flow( FJDI) no file
2026-10-02T03:26:18.118Z [INFO] [History] [pid-5867] income statement( FJDIR) no file
2026-10-02T03:26:18.118Z [INFO] [History] [pid-5867] Cash flow( FJDIR) no file
2026-10-02T03:26:18.118Z [INFO] [History] [pid-5867] income statement( FJDIW) no file
2026-10-02T03:26:18.118Z [INFO] [History] [pid-5867] Cash flow( FJDIW) no file
2026-10-02T03:26:18.118Z [INFO] [History] [pid-5867] income statement( ADRX) no file
2026-10-02T03:26:18.118Z [INFO] [History] [pid-5867] Cash flow( ADRX) no file
2026-10-02T03:26:18.118Z [INFO] [History] [pid-5867] income statement( BRRKU) no file
2026-10-02T03:26:18.119Z [INFO] [History] [pid-5867] Cash flow( BRRKU) no file
2026-10-02T03:26:18.119Z [INFO] [History] [pid-5867] income statement( PNAQ) no file
2026-10-02T03:26:18.119Z [INFO] [History] [pid-5867] Cash flow( PNAQ) no file
2026-10-02T03:26:18.119Z [INFO] [History] [pid-5867] income statement( PNAQ-R) no file
2026-10-02T03:26:18.119Z [INFO] [History] [pid-5867] Cash flow( PNAQ-R) no file
2026-10-02T03:26:18.119Z [INFO] [History] [pid-5867] income statement( GOW) no file
2026-10-02T03:26:18.119Z [INFO] [History] [pid-5867] Cash flow( GOW) no file
2026-10-02T03:26:18.130Z [INFO] [History] [pid-5867] loadEarnings( ONEN) no file
2026-10-02T03:26:18.130Z [INFO] [History] [pid-5867] balanceSheet( ONEN) no file
2026-10-02T03:26:18.130Z [INFO] [History] [pid-5867] loadEarnings( ACCV) no file
2026-10-02T03:26:18.130Z [INFO] [History] [pid-5867] balanceSheet( ACCV) no file
2026-10-02T03:26:18.130Z [INFO] [History] [pid-5867] loadEarnings( IVAI) no file
2026-10-02T03:26:18.130Z [INFO] [History] [pid-5867] balanceSheet( IVAI) no file
2026-10-02T03:26:18.131Z [INFO] [History] [pid-5867] loadEarnings( RZAI) no file
2026-10-02T03:26:18.131Z [INFO] [History] [pid-5867] balanceSheet( RZAI) no file
2026-10-02T03:26:18.141Z [INFO] [History] [pid-5867] income statement( ONEN) no file
2026-10-02T03:26:18.141Z [INFO] [History] [pid-5867] Cash flow( ONEN) no file
2026-10-02T03:26:18.141Z [INFO] [History] [pid-5867] income statement( ACCV) no file
2026-10-02T03:26:18.141Z [INFO] [History] [pid-5867] Cash flow( ACCV) no file
2026-10-02T03:26:18.141Z [INFO] [History] [pid-5867] income statement( IVAI) no file
2026-10-02T03:26:18.141Z [INFO] [History] [pid-5867] Cash flow( IVAI) no file
2026-10-02T03:26:18.141Z [INFO] [History] [pid-5867] income statement( RZAI) no file
2026-10-02T03:26:18.141Z [INFO] [History] [pid-5867] Cash flow( RZAI) no file
2026-10-02T03:26:18.142Z [INFO] [timing] [pid-5867] [timing] History.init symbol-read-write-loop duration=3m 40s (220s) symbols=18390 loaded=13158
2026-10-02T03:26:30.665Z [INFO] [timing] [pid-5867] [timing] History.init cache-write duration=12s (12s) branch=rebuild symbols=13157
2026-10-02T03:26:30.665Z [INFO] [timing] [pid-5867] [timing] History.init duration=3m 53s (233s) branch=rebuild stocks=13157
2026-10-02T03:26:30.673Z [INFO] [HistoryApp] [pid-5867] History: 233427 ms
🧮 deno test memory plan: DENO_JOBS=1, --max-old-space-size=12288 MB per worker (aggregate ceiling 12288 MB, host 24 GB total / 20643 MB available)
....................................................................................................
....................................................................................................
....................................................................................................
....................................................................................................
....................................................................................................
....................................................................................................
....................................................................................................
....................................................................................................
....................................................................................................
....................................................................................................
....................................................................................................
....................................................................................................
....................................................................................................
....................................................................................................
....................................................................................................
....................................................................................................
....................................................................................................
....................................................................................................
....................................................................................................
....................................................................................................
....................................................................................................
....................................................................................................
....................................................................................................
....................................................................................................
....................................................................................................
....................................................................................................
....................................................................................................
....................................................................................................
....................................................................................................
....................................................................................................
....................................................................................................
....................................................................................................
....................................................................................................
....................................................................................................
....................................................................................................
....................................................................................................
....................................................................................................
....................................................................................................
....................................................................................................
....................................................................................................
....................................................................................................
....................................................................................................
....................................................................................................
....................................................................................................
....................................................................................................
....................................................................................................
....................................................................................................
....................................................................................................
....................................................................................................
....................................................................................................
....................................................................................................
....................................................................................................
....................................................................................................
....................................................................................................
...........................................,..,,,,,.................................................
....................................................................................................
....................................................................................................
....................................................................................................
....................................................................................................
....................................................................................................
....................................................................................................
.................!..................................................................................
....................................................................................................
....................................................................................................
....................................................................................................
....................................................................................................
....................................................................................................
....................................................................................................
....................................................................................................
....................................................................................................
...,................................................................................................
....................................................................................................
....................................................................................................
................................................!...................................................
....................................................................................................
....................................................................................................
....................................................................................................
....................................................................................................
....................................................................................................
....................................................................................................
....................................................................................................
....................................................................................................
....................................................................................................
....................................................................................................
....................................................................................................
....................................................................................................
....................................................................................................
....................................................................................................
..........

 ERRORS 

commodities => ./test/v42.ts:5:6
error: AssertionError: gdp_qtr was: 0.5496738999999999
    throw new AssertionError(msg);
          ^
    at assert (https://jsr.io/@std/assert/1.0.19/assert.ts:22:11)
    at file:///Users/elephant/GRQ/test/v42.ts:19:9

reconcile: unparseable month warns and continues, never trips the caller's ERR trap (#4282) => ./test/worker/ModelCheckinScoresIndexReconcile.ts:333:6
error: AssertionError: Values are not equal: the benign unparseable-month skip fired the caller's ERR trap:
❌ [model_checkin] command failed at line 53 with exit 1: return 1
❌ [model_checkin] working directory: /var/folders/wq/z3gg11zn3318tp4x24l49stc0000gr/T/checkin_reconcile_53f25d86f1f891d/GRQ-validation
❌ [model_checkin] command failed at line 81 with exit 1: return 1
❌ [model_checkin] working directory: /var/folders/wq/z3gg11zn3318tp4x24l49stc0000gr/T/checkin_reconcile_53f25d86f1f891d/GRQ-validation
⚠️  Could not reconcile 2026/Sept/01.tsv (unparseable date?)
reconciled=1



    [Diff] Actual / Expected


-   true
+   false

  throw new AssertionError(message);
        ^
    at assertEquals (https://jsr.io/@std/assert/1.0.19/equals.ts:67:9)
    at file:///Users/elephant/GRQ/test/worker/ModelCheckinScoresIndexReconcile.ts:360:5

 FAILURES 

commodities => ./test/v42.ts:5:6
reconcile: unparseable month warns and continues, never trips the caller's ERR trap (#4282) => ./test/worker/ModelCheckinScoresIndexReconcile.ts:333:6

FAILED | 8532 passed (269 steps) | 2 failed | 7 ignored (118m6s)

error: Test failed
❌ deno test failed (exit 1)
