1516, P/CF ratio (TTM) trend (8 quarters),3
1517, P/CF ratio (TTM) trend (12 quarters),3
1518, P/CF ratio (TTM) trend (20 quarters),6
1519, P/CF ratio (TTM) trend (40 quarters),4
1520, P/FCF ratio (TTM) trend (2 quarters),2
1521, P/FCF ratio (TTM) trend (4 quarters),2
1522, P/FCF ratio (TTM) trend (8 quarters),2
1523, P/FCF ratio (TTM) trend (12 quarters),2
1524, P/FCF ratio (TTM) trend (20 quarters),2
1525, P/FCF ratio (TTM) trend (40 quarters),1
1526, Pretax margin (TTM) trend (2 quarters),2
1527, Pretax margin (TTM) trend (4 quarters),0
1528, Pretax margin (TTM) trend (8 quarters),1
1529, Pretax margin (TTM) trend (12 quarters),5
1530, Pretax margin (TTM) trend (20 quarters),3
1531, Pretax margin (TTM) trend (40 quarters),7
1532, Asset turnover (FQ) trend (2 quarters),0
1533, Asset turnover (FQ) trend (4 quarters),0
1534, Asset turnover (FQ) trend (8 quarters),3
1535, Asset turnover (FQ) trend (12 quarters),1
1536, Asset turnover (FQ) trend (20 quarters),3
1537, Asset turnover (FQ) trend (40 quarters),3
1538, ROIC (TTM) trend (2 quarters),1
1539, ROIC (TTM) trend (4 quarters),1
1540, ROIC (TTM) trend (8 quarters),3
1541, ROIC (TTM) trend (12 quarters),2
1542, ROIC (TTM) trend (20 quarters),1
1543, ROIC (TTM) trend (40 quarters),1
1544, Dividend yield (indicated) trend (2 quarters),0
1545, Dividend yield (indicated) trend (4 quarters),3
1546, Dividend yield (indicated) trend (8 quarters),2
1547, Dividend yield (indicated) trend (12 quarters),0
1548, Dividend yield (indicated) trend (20 quarters),1
1549, Dividend yield (indicated) trend (40 quarters),0
1550, Dividend payout ratio (TTM) trend (2 quarters),0
1551, Dividend payout ratio (TTM) trend (4 quarters),0
1552, Dividend payout ratio (TTM) trend (8 quarters),1
1553, Dividend payout ratio (TTM) trend (12 quarters),0
1554, Dividend payout ratio (TTM) trend (20 quarters),3
1555, Dividend payout ratio (TTM) trend (40 quarters),6
1556, ROE (TTM),1
1557, ROA (TTM),1
1558, Gross margin (TTM),0
1559, Operating margin (TTM),0
1560, Net margin (TTM),2
1561, EBITDA margin (TTM),2
1562, DuPont: Profit margin,1
1563, DuPont: Asset turnover,0
1564, DuPont: Equity multiplier,2
1565, ROE (TTM) trend (2 quarters),0
1566, ROE (TTM) trend (4 quarters),1
1567, ROE (TTM) trend (8 quarters),0
1568, ROE (TTM) trend (12 quarters),0
1569, ROE (TTM) trend (20 quarters),1
1570, ROE (TTM) trend (40 quarters),2
1571, ROA (TTM) trend (2 quarters),2
1572, ROA (TTM) trend (4 quarters),1
1573, ROA (TTM) trend (8 quarters),2
1574, ROA (TTM) trend (12 quarters),0
1575, ROA (TTM) trend (20 quarters),1
1576, ROA (TTM) trend (40 quarters),2
1577, Gross margin (TTM) trend (2 quarters),1
1578, Gross margin (TTM) trend (4 quarters),3
1579, Gross margin (TTM) trend (8 quarters),0
1580, Gross margin (TTM) trend (12 quarters),0
1581, Gross margin (TTM) trend (20 quarters),4
1582, Gross margin (TTM) trend (40 quarters),2
1583, Operating margin (TTM) trend (2 quarters),0
1584, Operating margin (TTM) trend (4 quarters),1
1585, Operating margin (TTM) trend (8 quarters),2
1586, Operating margin (TTM) trend (12 quarters),2
1587, Operating margin (TTM) trend (20 quarters),6
1588, Operating margin (TTM) trend (40 quarters),0
1589, Net margin (TTM) trend (2 quarters),1
1590, Net margin (TTM) trend (4 quarters),1
1591, Net margin (TTM) trend (8 quarters),0
1592, Net margin (TTM) trend (12 quarters),1
1593, Net margin (TTM) trend (20 quarters),0
1594, Net margin (TTM) trend (40 quarters),1
1595, EBITDA margin (TTM) trend (2 quarters),1
1596, EBITDA margin (TTM) trend (4 quarters),2
1597, EBITDA margin (TTM) trend (8 quarters),0
1598, EBITDA margin (TTM) trend (12 quarters),0
1599, EBITDA margin (TTM) trend (20 quarters),1
1600, EBITDA margin (TTM) trend (40 quarters),0
1601, DuPont: Profit margin trend (2 quarters),3
1602, DuPont: Profit margin trend (4 quarters),0
1603, DuPont: Profit margin trend (8 quarters),1
1604, DuPont: Profit margin trend (12 quarters),1
1605, DuPont: Profit margin trend (20 quarters),0
1606, DuPont: Profit margin trend (40 quarters),2
1607, DuPont: Asset turnover trend (2 quarters),0
1608, DuPont: Asset turnover trend (4 quarters),0
1609, DuPont: Asset turnover trend (8 quarters),1
1610, DuPont: Asset turnover trend (12 quarters),2
1611, DuPont: Asset turnover trend (20 quarters),2
1612, DuPont: Asset turnover trend (40 quarters),3
1613, DuPont: Equity multiplier trend (2 quarters),0
1614, DuPont: Equity multiplier trend (4 quarters),1
1615, DuPont: Equity multiplier trend (8 quarters),1
1616, DuPont: Equity multiplier trend (12 quarters),1
1617, DuPont: Equity multiplier trend (20 quarters),4
1618, DuPont: Equity multiplier trend (40 quarters),2
1619, Current ratio,0
1620, Quick ratio,0
1621, Cash ratio,1
1622, Working capital ratio,2
1623, Cash to current assets,3
1624, Inventory to current assets,2
1625, Current liabilities coverage (OCF),1
1626, Net working capital trend (QoQ),4
1627, Current ratio trend (2 quarters),1
1628, Current ratio trend (4 quarters),2
1629, Current ratio trend (8 quarters),0
1630, Current ratio trend (12 quarters),1
1631, Current ratio trend (20 quarters),1
1632, Current ratio trend (40 quarters),0
1633, Quick ratio trend (2 quarters),1
1634, Quick ratio trend (4 quarters),1
1635, Quick ratio trend (8 quarters),1
1636, Quick ratio trend (12 quarters),2
1637, Quick ratio trend (20 quarters),3
1638, Quick ratio trend (40 quarters),1
1639, Cash ratio trend (2 quarters),0
1640, Cash ratio trend (4 quarters),0
1641, Cash ratio trend (8 quarters),1
1642, Cash ratio trend (12 quarters),3
1643, Cash ratio trend (20 quarters),0
1644, Cash ratio trend (40 quarters),1
1645, Working capital ratio trend (2 quarters),1
1646, Working capital ratio trend (4 quarters),0
1647, Working capital ratio trend (8 quarters),2
1648, Working capital ratio trend (12 quarters),1
1649, Working capital ratio trend (20 quarters),1
1650, Working capital ratio trend (40 quarters),0
1651, Cash to current assets trend (2 quarters),0
1652, Cash to current assets trend (4 quarters),1
1653, Cash to current assets trend (8 quarters),2
1654, Cash to current assets trend (12 quarters),1
1655, Cash to current assets trend (20 quarters),0
1656, Cash to current assets trend (40 quarters),3
1657, Inventory to current assets trend (2 quarters),3
1658, Inventory to current assets trend (4 quarters),0
1659, Inventory to current assets trend (8 quarters),0
1660, Inventory to current assets trend (12 quarters),1
1661, Inventory to current assets trend (20 quarters),2
1662, Inventory to current assets trend (40 quarters),3
1663, Current liabilities coverage (OCF) trend (2 quarters),0
1664, Current liabilities coverage (OCF) trend (4 quarters),0
1665, Current liabilities coverage (OCF) trend (8 quarters),1
1666, Current liabilities coverage (OCF) trend (12 quarters),1
1667, Current liabilities coverage (OCF) trend (20 quarters),2
1668, Current liabilities coverage (OCF) trend (40 quarters),2
1669, Net working capital trend (QoQ) trend (2 quarters),2
1670, Net working capital trend (QoQ) trend (4 quarters),2
1671, Net working capital trend (QoQ) trend (8 quarters),2
1672, Net working capital trend (QoQ) trend (12 quarters),0
1673, Net working capital trend (QoQ) trend (20 quarters),2
1674, Net working capital trend (QoQ) trend (40 quarters),2
1675, Debt-to-equity,2
1676, Net debt-to-equity,2
1677, Debt-to-assets,1
1678, Debt-to-EBITDA (TTM),3
1679, Net debt-to-EBITDA (TTM),2
1680, Interest coverage (TTM),3
1681, EBITDA coverage (TTM),1
1682, Equity ratio,1
1683, Long-term debt ratio,4
1684, Financial leverage,2
1685, Liabilities-to-equity,2
1686, Cash-to-debt,3
1687, Debt-to-equity trend (2 quarters),1
1688, Debt-to-equity trend (4 quarters),2
1689, Debt-to-equity trend (8 quarters),2
1690, Debt-to-equity trend (12 quarters),2
1691, Debt-to-equity trend (20 quarters),0
1692, Debt-to-equity trend (40 quarters),1
1693, Net debt-to-equity trend (2 quarters),1
1694, Net debt-to-equity trend (4 quarters),2
1695, Net debt-to-equity trend (8 quarters),2
1696, Net debt-to-equity trend (12 quarters),1
1697, Net debt-to-equity trend (20 quarters),0
1698, Net debt-to-equity trend (40 quarters),0
1699, Debt-to-assets trend (2 quarters),3
1700, Debt-to-assets trend (4 quarters),2
1701, Debt-to-assets trend (8 quarters),1
1702, Debt-to-assets trend (12 quarters),0
1703, Debt-to-assets trend (20 quarters),2
1704, Debt-to-assets trend (40 quarters),0
1705, Debt-to-EBITDA (TTM) trend (2 quarters),1
1706, Debt-to-EBITDA (TTM) trend (4 quarters),0
1707, Debt-to-EBITDA (TTM) trend (8 quarters),2
1708, Debt-to-EBITDA (TTM) trend (12 quarters),0
1709, Debt-to-EBITDA (TTM) trend (20 quarters),1
1710, Debt-to-EBITDA (TTM) trend (40 quarters),2
1711, Net debt-to-EBITDA (TTM) trend (2 quarters),2
1712, Net debt-to-EBITDA (TTM) trend (4 quarters),2
1713, Net debt-to-EBITDA (TTM) trend (8 quarters),0
1714, Net debt-to-EBITDA (TTM) trend (12 quarters),3
1715, Net debt-to-EBITDA (TTM) trend (20 quarters),0
1716, Net debt-to-EBITDA (TTM) trend (40 quarters),5
1717, Interest coverage (TTM) trend (2 quarters),1
1718, Interest coverage (TTM) trend (4 quarters),0
1719, Interest coverage (TTM) trend (8 quarters),2
1720, Interest coverage (TTM) trend (12 quarters),1
1721, Interest coverage (TTM) trend (20 quarters),4
1722, Interest coverage (TTM) trend (40 quarters),1
1723, EBITDA coverage (TTM) trend (2 quarters),2
1724, EBITDA coverage (TTM) trend (4 quarters),2
1725, EBITDA coverage (TTM) trend (8 quarters),0
1726, EBITDA coverage (TTM) trend (12 quarters),1
1727, EBITDA coverage (TTM) trend (20 quarters),2
1728, EBITDA coverage (TTM) trend (40 quarters),4
1729, Equity ratio trend (2 quarters),2
1730, Equity ratio trend (4 quarters),0
1731, Equity ratio trend (8 quarters),3
1732, Equity ratio trend (12 quarters),2
1733, Equity ratio trend (20 quarters),5
1734, Equity ratio trend (40 quarters),0
1735, Long-term debt ratio trend (2 quarters),3
1736, Long-term debt ratio trend (4 quarters),1
1737, Long-term debt ratio trend (8 quarters),1
1738, Long-term debt ratio trend (12 quarters),1
1739, Long-term debt ratio trend (20 quarters),1
1740, Long-term debt ratio trend (40 quarters),1
1741, Financial leverage trend (2 quarters),0
1742, Financial leverage trend (4 quarters),1
1743, Financial leverage trend (8 quarters),2
1744, Financial leverage trend (12 quarters),2
1745, Financial leverage trend (20 quarters),0
1746, Financial leverage trend (40 quarters),0
1747, Liabilities-to-equity trend (2 quarters),4
1748, Liabilities-to-equity trend (4 quarters),0
1749, Liabilities-to-equity trend (8 quarters),3
1750, Liabilities-to-equity trend (12 quarters),3
1751, Liabilities-to-equity trend (20 quarters),0
1752, Liabilities-to-equity trend (40 quarters),0
1753, Cash-to-debt trend (2 quarters),3
1754, Cash-to-debt trend (4 quarters),3
1755, Cash-to-debt trend (8 quarters),2
1756, Cash-to-debt trend (12 quarters),2
1757, Cash-to-debt trend (20 quarters),3
1758, Cash-to-debt trend (40 quarters),2
1759, Asset turnover (TTM),1
1760, Fixed asset turnover (TTM),1
1761, Inventory turnover (TTM),2
1762, Days inventory outstanding,1
1763, Equity turnover (TTM),1
1764, Working capital turnover (TTM),2
1765, Current asset turnover (TTM),1
1766, Capital intensity,0
1767, Inventory-to-sales,1
1768, COGS-to-revenue,1
1769, Asset turnover (TTM) trend (2 quarters),1
1770, Asset turnover (TTM) trend (4 quarters),2
1771, Asset turnover (TTM) trend (8 quarters),0
1772, Asset turnover (TTM) trend (12 quarters),0
1773, Asset turnover (TTM) trend (20 quarters),1
1774, Asset turnover (TTM) trend (40 quarters),1
1775, Fixed asset turnover (TTM) trend (2 quarters),2
1776, Fixed asset turnover (TTM) trend (4 quarters),2
1777, Fixed asset turnover (TTM) trend (8 quarters),2
1778, Fixed asset turnover (TTM) trend (12 quarters),1
1779, Fixed asset turnover (TTM) trend (20 quarters),0
1780, Fixed asset turnover (TTM) trend (40 quarters),0
1781, Inventory turnover (TTM) trend (2 quarters),0
1782, Inventory turnover (TTM) trend (4 quarters),3
1783, Inventory turnover (TTM) trend (8 quarters),1
1784, Inventory turnover (TTM) trend (12 quarters),4
1785, Inventory turnover (TTM) trend (20 quarters),1
1786, Inventory turnover (TTM) trend (40 quarters),1
1787, Days inventory outstanding trend (2 quarters),0
1788, Days inventory outstanding trend (4 quarters),2
1789, Days inventory outstanding trend (8 quarters),1
1790, Days inventory outstanding trend (12 quarters),1
1791, Days inventory outstanding trend (20 quarters),2
1792, Days inventory outstanding trend (40 quarters),0
1793, Equity turnover (TTM) trend (2 quarters),2
1794, Equity turnover (TTM) trend (4 quarters),0
1795, Equity turnover (TTM) trend (8 quarters),1
1796, Equity turnover (TTM) trend (12 quarters),2
1797, Equity turnover (TTM) trend (20 quarters),3
1798, Equity turnover (TTM) trend (40 quarters),2
1799, Working capital turnover (TTM) trend (2 quarters),1
1800, Working capital turnover (TTM) trend (4 quarters),2
1801, Working capital turnover (TTM) trend (8 quarters),2
1802, Working capital turnover (TTM) trend (12 quarters),1
1803, Working capital turnover (TTM) trend (20 quarters),4
1804, Working capital turnover (TTM) trend (40 quarters),2
1805, Current asset turnover (TTM) trend (2 quarters),2
1806, Current asset turnover (TTM) trend (4 quarters),1
1807, Current asset turnover (TTM) trend (8 quarters),1
1808, Current asset turnover (TTM) trend (12 quarters),3
1809, Current asset turnover (TTM) trend (20 quarters),0
1810, Current asset turnover (TTM) trend (40 quarters),1
1811, Capital intensity trend (2 quarters),2
1812, Capital intensity trend (4 quarters),0
1813, Capital intensity trend (8 quarters),0
1814, Capital intensity trend (12 quarters),3
1815, Capital intensity trend (20 quarters),2
1816, Capital intensity trend (40 quarters),5
1817, Inventory-to-sales trend (2 quarters),1
1818, Inventory-to-sales trend (4 quarters),0
1819, Inventory-to-sales trend (8 quarters),2
1820, Inventory-to-sales trend (12 quarters),1
1821, Inventory-to-sales trend (20 quarters),3
1822, Inventory-to-sales trend (40 quarters),2
1823, COGS-to-revenue trend (2 quarters),5
1824, COGS-to-revenue trend (4 quarters),1
1825, COGS-to-revenue trend (8 quarters),1
1826, COGS-to-revenue trend (12 quarters),2
1827, COGS-to-revenue trend (20 quarters),2
1828, COGS-to-revenue trend (40 quarters),1
1829, Accruals ratio (TTM),2
1830, Cash flow quality (TTM),0
1831, Earnings quality score (TTM),2
1832, Operating accruals (TTM),3
1833, Total accruals (TTM),2
1834, D&A-to-assets (TTM),1
1835, R&D intensity (TTM),3
1836, Operating leverage,1
1837, Earnings persistence,0
1838, Revenue quality (TTM),1
1839, Non-cash ratio (TTM),2
1840, Sustainable earnings (TTM),0
1841, Accruals ratio (TTM) trend (2 quarters),5
1842, Accruals ratio (TTM) trend (4 quarters),1
1843, Accruals ratio (TTM) trend (8 quarters),0
1844, Accruals ratio (TTM) trend (12 quarters),1
1845, Accruals ratio (TTM) trend (20 quarters),1
1846, Accruals ratio (TTM) trend (40 quarters),0
1847, Cash flow quality (TTM) trend (2 quarters),1
1848, Cash flow quality (TTM) trend (4 quarters),1
1849, Cash flow quality (TTM) trend (8 quarters),1
1850, Cash flow quality (TTM) trend (12 quarters),1
1851, Cash flow quality (TTM) trend (20 quarters),1
1852, Cash flow quality (TTM) trend (40 quarters),1
1853, D&A-to-assets (TTM) trend (2 quarters),1
1854, D&A-to-assets (TTM) trend (4 quarters),1
1855, D&A-to-assets (TTM) trend (8 quarters),4
1856, D&A-to-assets (TTM) trend (12 quarters),0
1857, D&A-to-assets (TTM) trend (20 quarters),1
1858, D&A-to-assets (TTM) trend (40 quarters),1
1859, R&D intensity (TTM) trend (2 quarters),1
1860, R&D intensity (TTM) trend (4 quarters),3
1861, R&D intensity (TTM) trend (8 quarters),1
1862, R&D intensity (TTM) trend (12 quarters),1
1863, R&D intensity (TTM) trend (20 quarters),1
1864, R&D intensity (TTM) trend (40 quarters),0
1865, Operating leverage trend (2 quarters),2
1866, Operating leverage trend (4 quarters),3
1867, Operating leverage trend (8 quarters),0
1868, Operating leverage trend (12 quarters),3
1869, Operating leverage trend (20 quarters),1
1870, Operating leverage trend (40 quarters),1
1871, Revenue quality (TTM) trend (2 quarters),2
1872, Revenue quality (TTM) trend (4 quarters),1
1873, Revenue quality (TTM) trend (8 quarters),0
1874, Revenue quality (TTM) trend (12 quarters),1
1875, Revenue quality (TTM) trend (20 quarters),1
1876, Revenue quality (TTM) trend (40 quarters),0
1877, Non-cash ratio (TTM) trend (2 quarters),1
1878, Non-cash ratio (TTM) trend (4 quarters),1
1879, Non-cash ratio (TTM) trend (8 quarters),0
1880, Non-cash ratio (TTM) trend (12 quarters),0
1881, Non-cash ratio (TTM) trend (20 quarters),2
1882, Non-cash ratio (TTM) trend (40 quarters),1
1883, Earnings persistence trend (2 quarters),1
1884, Earnings persistence trend (4 quarters),0
1885, Earnings persistence trend (8 quarters),1
1886, Earnings persistence trend (12 quarters),2
1887, Earnings persistence trend (20 quarters),1
1888, Earnings persistence trend (40 quarters),0
1889, Revenue growth YoY,1
1890, Revenue growth QoQ,2
1891, Revenue CAGR (2Y),1
1892, Net income growth YoY,3
1893, Net income growth QoQ,2
1894, Operating income growth YoY,2
1895, EBITDA growth YoY,6
1896, EPS growth YoY,2
1897, FCF growth YoY,3
1898, OCF growth YoY,1
1899, Revenue acceleration,1
1900, Earnings acceleration,1
1901, Margin expansion,2
1902, Revenue CAGR (3Y),2
1903, Earnings CAGR (3Y),2
1904, Sustainable growth rate,2
1905, Revenue growth YoY trend (2 quarters),2
1906, Revenue growth YoY trend (4 quarters),2
1907, Revenue growth YoY trend (8 quarters),1
1908, Revenue growth YoY trend (12 quarters),1
1909, Revenue growth YoY trend (20 quarters),3
1910, Revenue growth YoY trend (40 quarters),1
1911, Net income growth YoY trend (2 quarters),1
1912, Net income growth YoY trend (4 quarters),1
1913, Net income growth YoY trend (8 quarters),1
1914, Net income growth YoY trend (12 quarters),4
1915, Net income growth YoY trend (20 quarters),2
1916, Net income growth YoY trend (40 quarters),3
1917, Operating income growth YoY trend (2 quarters),1
1918, Operating income growth YoY trend (4 quarters),0
1919, Operating income growth YoY trend (8 quarters),2
1920, Operating income growth YoY trend (12 quarters),2
1921, Operating income growth YoY trend (20 quarters),1
1922, Operating income growth YoY trend (40 quarters),1
1923, EBITDA growth YoY trend (2 quarters),2
1924, EBITDA growth YoY trend (4 quarters),2
1925, EBITDA growth YoY trend (8 quarters),2
1926, EBITDA growth YoY trend (12 quarters),0
1927, EBITDA growth YoY trend (20 quarters),3
1928, EBITDA growth YoY trend (40 quarters),0
1929, EPS growth YoY trend (2 quarters),4
1930, EPS growth YoY trend (4 quarters),4
1931, EPS growth YoY trend (8 quarters),1
1932, EPS growth YoY trend (12 quarters),3
1933, EPS growth YoY trend (20 quarters),4
1934, EPS growth YoY trend (40 quarters),0
1935, FCF growth YoY trend (2 quarters),3
1936, FCF growth YoY trend (4 quarters),1
1937, FCF growth YoY trend (8 quarters),2
1938, FCF growth YoY trend (12 quarters),1
1939, FCF growth YoY trend (20 quarters),5
1940, FCF growth YoY trend (40 quarters),0
1941, OCF growth YoY trend (2 quarters),2
1942, OCF growth YoY trend (4 quarters),1
1943, OCF growth YoY trend (8 quarters),4
1944, OCF growth YoY trend (12 quarters),2
1945, OCF growth YoY trend (20 quarters),4
1946, OCF growth YoY trend (40 quarters),1
1947, Margin expansion trend (2 quarters),1
1948, Margin expansion trend (4 quarters),3
1949, Margin expansion trend (8 quarters),0
1950, Margin expansion trend (12 quarters),2
1951, Margin expansion trend (20 quarters),3
1952, Margin expansion trend (40 quarters),3
1953, EPS surprise %,1
1954, EPS surprise raw,0
1955, Beat/miss indicator,1
1956, Surprise magnitude,3
1957, EPS surprise Q-1,1
1958, EPS surprise Q-2,3
1959, EPS surprise Q-3,3
1960, Average surprise (4Q),1
1961, Surprise consistency,0
1962, Beat streak,1
1963, Miss streak,1
1964, Surprise trend,1
1965, EPS surprise % trend (2 quarters),1
1966, EPS surprise % trend (4 quarters),3
1967, EPS surprise % trend (8 quarters),1
1968, EPS surprise % trend (12 quarters),3
1969, EPS surprise % trend (20 quarters),1
1970, EPS surprise % trend (40 quarters),2
1971, Surprise magnitude trend (2 quarters),0
1972, Surprise magnitude trend (4 quarters),2
1973, Surprise magnitude trend (8 quarters),1
1974, Surprise magnitude trend (12 quarters),5
1975, Surprise magnitude trend (20 quarters),0
1976, Surprise magnitude trend (40 quarters),2
1977, Beat/miss indicator trend (2 quarters),1
1978, Beat/miss indicator trend (4 quarters),1
1979, Beat/miss indicator trend (8 quarters),0
1980, Beat/miss indicator trend (12 quarters),5
1981, Beat/miss indicator trend (20 quarters),2
1982, Beat/miss indicator trend (40 quarters),1
1983, Average surprise (4Q) trend (2 quarters),2
1984, Average surprise (4Q) trend (4 quarters),1
1985, Average surprise (4Q) trend (8 quarters),0
1986, Average surprise (4Q) trend (12 quarters),0
1987, Average surprise (4Q) trend (20 quarters),1
1988, Average surprise (4Q) trend (40 quarters),1
1989, Beat streak trend (2 quarters),1
1990, Beat streak trend (4 quarters),2
1991, Beat streak trend (8 quarters),0
1992, Beat streak trend (12 quarters),0
1993, Beat streak trend (20 quarters),1
1994, Beat streak trend (40 quarters),0
1995, Surprise consistency trend (2 quarters),0
1996, Surprise consistency trend (4 quarters),0
1997, Surprise consistency trend (8 quarters),0
1998, Surprise consistency trend (12 quarters),2
1999, Surprise consistency trend (20 quarters),2
2000, Surprise consistency trend (40 quarters),1
2001, FCF (TTM),0
2002, FCF margin,3
2003, FCF yield,0
2004, FCF to net income,2
2005, FCF to operating income,3
2006, CapEx intensity,1
2007, CapEx to D&A,2
2008, CapEx to OCF,1
2009, OCF margin,2
2010, Cash conversion proxy,0
2011, Dividend coverage by FCF,3
2012, Debt paydown capacity,0
2013, Cashflow quality OCF growth,0
2014, Cashflow quality FCF growth,0
2015, FCF margin trend (2 quarters),3
2016, FCF margin trend (4 quarters),0
2017, FCF margin trend (8 quarters),1
2018, FCF margin trend (12 quarters),1
2019, FCF margin trend (20 quarters),1
2020, FCF margin trend (40 quarters),1
2021, FCF yield trend (2 quarters),0
2022, FCF yield trend (4 quarters),3
2023, FCF yield trend (8 quarters),2
2024, FCF yield trend (12 quarters),2
2025, FCF yield trend (20 quarters),1
2026, FCF yield trend (40 quarters),2
2027, FCF to net income trend (2 quarters),2
2028, FCF to net income trend (4 quarters),4
2029, FCF to net income trend (8 quarters),1
2030, FCF to net income trend (12 quarters),1
2031, FCF to net income trend (20 quarters),2
2032, FCF to net income trend (40 quarters),4
2033, FCF to operating income trend (2 quarters),2
2034, FCF to operating income trend (4 quarters),1
2035, FCF to operating income trend (8 quarters),0
2036, FCF to operating income trend (12 quarters),2
2037, FCF to operating income trend (20 quarters),1
2038, FCF to operating income trend (40 quarters),2
2039, CapEx intensity trend (2 quarters),2
2040, CapEx intensity trend (4 quarters),3
2041, CapEx intensity trend (8 quarters),1
2042, CapEx intensity trend (12 quarters),2
2043, CapEx intensity trend (20 quarters),3
2044, CapEx intensity trend (40 quarters),1
2045, CapEx to D&A trend (2 quarters),0
2046, CapEx to D&A trend (4 quarters),3
2047, CapEx to D&A trend (8 quarters),2
2048, CapEx to D&A trend (12 quarters),0
2049, CapEx to D&A trend (20 quarters),2
2050, CapEx to D&A trend (40 quarters),1
2051, CapEx to OCF trend (2 quarters),2
2052, CapEx to OCF trend (4 quarters),2
2053, CapEx to OCF trend (8 quarters),1
2054, CapEx to OCF trend (12 quarters),0
2055, CapEx to OCF trend (20 quarters),2
2056, CapEx to OCF trend (40 quarters),1
2057, OCF margin trend (2 quarters),0
2058, OCF margin trend (4 quarters),0
2059, OCF margin trend (8 quarters),0
2060, OCF margin trend (12 quarters),4
2061, OCF margin trend (20 quarters),1
2062, OCF margin trend (40 quarters),0
2063, Dividend coverage by FCF trend (2 quarters),2
2064, Dividend coverage by FCF trend (4 quarters),6
2065, Dividend coverage by FCF trend (8 quarters),2
2066, Dividend coverage by FCF trend (12 quarters),0
2067, Dividend coverage by FCF trend (20 quarters),3
2068, Dividend coverage by FCF trend (40 quarters),3
2069, Debt paydown capacity trend (2 quarters),0
2070, Debt paydown capacity trend (4 quarters),1
2071, Debt paydown capacity trend (8 quarters),3
2072, Debt paydown capacity trend (12 quarters),2
2073, Debt paydown capacity trend (20 quarters),5
2074, Debt paydown capacity trend (40 quarters),2
2075, NFP level (normalised),1
2076, NFP month-over-month change,1
2077, NFP year-over-year change,2
2078, NFP 3-month moving average,0
2079, NFP 6-month moving average,0
2080, NFP 12-month moving average,0
2081, NFP volatility (12-month),0
2082, NFP momentum (3m vs 12m),3
2083, NFP acceleration,0
2084, NFP deviation from trend,0
2085, NFP month-over-month change trend (2 months),4
2086, NFP month-over-month change trend (4 months),2
2087, NFP month-over-month change trend (8 months),1
2088, NFP month-over-month change trend (12 months),3
2089, NFP month-over-month change trend (20 months),1
2090, NFP month-over-month change trend (40 months),0
2091, NFP year-over-year change trend (2 months),1
2092, NFP year-over-year change trend (4 months),0
2093, NFP year-over-year change trend (8 months),0
2094, NFP year-over-year change trend (12 months),1
2095, NFP year-over-year change trend (20 months),1
2096, NFP year-over-year change trend (40 months),0
2097, NFP 3-month moving average trend (2 months),1
2098, NFP 3-month moving average trend (4 months),0
2099, NFP 3-month moving average trend (8 months),0
2100, NFP 3-month moving average trend (12 months),0
2101, NFP 3-month moving average trend (20 months),2
2102, NFP 3-month moving average trend (40 months),1
2103, NFP 6-month moving average trend (2 months),0
2104, NFP 6-month moving average trend (4 months),1
2105, NFP 6-month moving average trend (8 months),2
2106, NFP 6-month moving average trend (12 months),0
2107, NFP 6-month moving average trend (20 months),0
2108, NFP 6-month moving average trend (40 months),1
2109, NFP 12-month moving average trend (2 months),0
2110, NFP 12-month moving average trend (4 months),0
2111, NFP 12-month moving average trend (8 months),0
2112, NFP 12-month moving average trend (12 months),0
2113, NFP 12-month moving average trend (20 months),0
2114, NFP 12-month moving average trend (40 months),0
2115, NFP volatility (12-month) trend (2 months),1
2116, NFP volatility (12-month) trend (4 months),1
2117, NFP volatility (12-month) trend (8 months),1
2118, NFP volatility (12-month) trend (12 months),1
2119, NFP volatility (12-month) trend (20 months),0
2120, NFP volatility (12-month) trend (40 months),1
2121, NFP momentum (3m vs 12m) trend (2 months),3
2122, NFP momentum (3m vs 12m) trend (4 months),2
2123, NFP momentum (3m vs 12m) trend (8 months),2
2124, NFP momentum (3m vs 12m) trend (12 months),0
2125, NFP momentum (3m vs 12m) trend (20 months),0
2126, NFP momentum (3m vs 12m) trend (40 months),0
2127, NFP acceleration trend (2 months),2
2128, NFP acceleration trend (4 months),1
2129, NFP acceleration trend (8 months),0
2130, NFP acceleration trend (12 months),2
2131, NFP acceleration trend (20 months),0
2132, NFP acceleration trend (40 months),1
2133, Effective tax rate (TTM),1
2134, Tax burden ratio (TTM),0
2135, Tax-to-revenue ratio (TTM),0
2136, Cash tax rate proxy,1
2137, Tax variability,2
2138, Deferred tax indicator,1
2139, Tax shield from interest,1
2140, Pre-tax vs after-tax margin gap,1
2141, Tax rate trend (YoY),1
2142, Income before tax growth (YoY),1
2143, Effective tax rate (TTM) trend (2 quarters),0
2144, Effective tax rate (TTM) trend (4 quarters),1
2145, Effective tax rate (TTM) trend (8 quarters),3
2146, Effective tax rate (TTM) trend (12 quarters),2
2147, Effective tax rate (TTM) trend (20 quarters),1
2148, Effective tax rate (TTM) trend (40 quarters),0
2149, Tax burden ratio (TTM) trend (2 quarters),3
2150, Tax burden ratio (TTM) trend (4 quarters),3
2151, Tax burden ratio (TTM) trend (8 quarters),1
2152, Tax burden ratio (TTM) trend (12 quarters),0
2153, Tax burden ratio (TTM) trend (20 quarters),2
2154, Tax burden ratio (TTM) trend (40 quarters),1
2155, Tax-to-revenue ratio (TTM) trend (2 quarters),1
2156, Tax-to-revenue ratio (TTM) trend (4 quarters),1
2157, Tax-to-revenue ratio (TTM) trend (8 quarters),2
2158, Tax-to-revenue ratio (TTM) trend (12 quarters),0
2159, Tax-to-revenue ratio (TTM) trend (20 quarters),5
2160, Tax-to-revenue ratio (TTM) trend (40 quarters),1
2161, Cash tax rate proxy trend (2 quarters),2
2162, Cash tax rate proxy trend (4 quarters),0
2163, Cash tax rate proxy trend (8 quarters),5
2164, Cash tax rate proxy trend (12 quarters),4
2165, Cash tax rate proxy trend (20 quarters),1
2166, Cash tax rate proxy trend (40 quarters),1
2167, Tax variability trend (2 quarters),1
2168, Tax variability trend (4 quarters),2
2169, Tax variability trend (8 quarters),2
2170, Tax variability trend (12 quarters),2
2171, Tax variability trend (20 quarters),1
2172, Tax variability trend (40 quarters),1
2173, Deferred tax indicator trend (2 quarters),1
2174, Deferred tax indicator trend (4 quarters),1
2175, Deferred tax indicator trend (8 quarters),1
2176, Deferred tax indicator trend (12 quarters),1
2177, Deferred tax indicator trend (20 quarters),0
2178, Deferred tax indicator trend (40 quarters),0
2179, Tax shield from interest trend (2 quarters),4
2180, Tax shield from interest trend (4 quarters),0
2181, Tax shield from interest trend (8 quarters),1
2182, Tax shield from interest trend (12 quarters),3
2183, Tax shield from interest trend (20 quarters),2
2184, Tax shield from interest trend (40 quarters),2
2185, Pre-tax vs after-tax margin gap trend (2 quarters),0
2186, Pre-tax vs after-tax margin gap trend (4 quarters),0
2187, Pre-tax vs after-tax margin gap trend (8 quarters),3
2188, Pre-tax vs after-tax margin gap trend (12 quarters),0
2189, Pre-tax vs after-tax margin gap trend (20 quarters),2
2190, Pre-tax vs after-tax margin gap trend (40 quarters),2
2191, Tax rate trend (YoY) trend (2 quarters),3
2192, Tax rate trend (YoY) trend (4 quarters),2
2193, Tax rate trend (YoY) trend (8 quarters),0
2194, Tax rate trend (YoY) trend (12 quarters),3
2195, Tax rate trend (YoY) trend (20 quarters),1
2196, Tax rate trend (YoY) trend (40 quarters),3
2197, Income before tax growth (YoY) trend (2 quarters),0
2198, Income before tax growth (YoY) trend (4 quarters),2
2199, Income before tax growth (YoY) trend (8 quarters),1
2200, Income before tax growth (YoY) trend (12 quarters),2
2201, Income before tax growth (YoY) trend (20 quarters),3
2202, Income before tax growth (YoY) trend (40 quarters),2
2203, Indicated dividend yield,3
2204, Trailing dividend yield,1
2205, Dividend payout ratio (TTM)v2,0
2206, Cash payout ratio (TTM),2
2207, Dividend growth (YoY),2
2208, Dividend growth (QoQ),3
2209, Dividend consistency,0
2210, Dividend cut indicator,1
2211, Ex-dividend recency,1
2212, Yield spread vs price trend,2
2213, Dividend-to-FCF ratio (TTM),2
2214, Special dividend flag,2
2215, Indicated dividend yield trend (2 quarters),7
2216, Indicated dividend yield trend (4 quarters),4
2217, Indicated dividend yield trend (8 quarters),1
2218, Indicated dividend yield trend (12 quarters),1
2219, Indicated dividend yield trend (20 quarters),3
2220, Indicated dividend yield trend (40 quarters),0
2221, Trailing dividend yield trend (2 quarters),3
2222, Trailing dividend yield trend (4 quarters),2
2223, Trailing dividend yield trend (8 quarters),2
2224, Trailing dividend yield trend (12 quarters),3
2225, Trailing dividend yield trend (20 quarters),0
2226, Trailing dividend yield trend (40 quarters),0
2227, Dividend payout ratio (TTM)v2 trend (2 quarters),3
2228, Dividend payout ratio (TTM)v2 trend (4 quarters),2
2229, Dividend payout ratio (TTM)v2 trend (8 quarters),0
2230, Dividend payout ratio (TTM)v2 trend (12 quarters),1
2231, Dividend payout ratio (TTM)v2 trend (20 quarters),4
2232, Dividend payout ratio (TTM)v2 trend (40 quarters),3
2233, Cash payout ratio (TTM) trend (2 quarters),0
2234, Cash payout ratio (TTM) trend (4 quarters),1
2235, Cash payout ratio (TTM) trend (8 quarters),1
2236, Cash payout ratio (TTM) trend (12 quarters),3
2237, Cash payout ratio (TTM) trend (20 quarters),1
2238, Cash payout ratio (TTM) trend (40 quarters),0
2239, Dividend growth (YoY) trend (2 quarters),1
2240, Dividend growth (YoY) trend (4 quarters),1
2241, Dividend growth (YoY) trend (8 quarters),2
2242, Dividend growth (YoY) trend (12 quarters),1
2243, Dividend growth (YoY) trend (20 quarters),0
2244, Dividend growth (YoY) trend (40 quarters),2
2245, Dividend growth (QoQ) trend (2 quarters),1
2246, Dividend growth (QoQ) trend (4 quarters),1
2247, Dividend growth (QoQ) trend (8 quarters),0
2248, Dividend growth (QoQ) trend (12 quarters),0
2249, Dividend growth (QoQ) trend (20 quarters),4
2250, Dividend growth (QoQ) trend (40 quarters),2
2251, Dividend-to-FCF ratio (TTM) trend (2 quarters),1
2252, Dividend-to-FCF ratio (TTM) trend (4 quarters),2
2253, Dividend-to-FCF ratio (TTM) trend (8 quarters),4
2254, Dividend-to-FCF ratio (TTM) trend (12 quarters),3
2255, Dividend-to-FCF ratio (TTM) trend (20 quarters),2
2256, Dividend-to-FCF ratio (TTM) trend (40 quarters),0
2257, Yield spread vs price trend trend (2 quarters),3
2258, Yield spread vs price trend trend (4 quarters),2
2259, Yield spread vs price trend trend (8 quarters),1
2260, Yield spread vs price trend trend (12 quarters),0
2261, Yield spread vs price trend trend (20 quarters),0
2262, Yield spread vs price trend trend (40 quarters),2
2263, EPS (TTM),1
2264, Revenue per share (TTM),2
2265, OCF per share (TTM),2
2266, Book value per share,1
2267, EBITDA per share (TTM),1
2268, Share dilution (YoY),1
2269, Share dilution (QoQ),1
2270, Share buyback indicator,1
2271, Dilution-adjusted EPS growth,2
2272, Shares trend slope,1
2273, Net income per share growth (YoY),0
2274, Overview vs statement shares gap,2
2275, EPS (TTM) trend (2 quarters),3
2276, EPS (TTM) trend (4 quarters),2
2277, EPS (TTM) trend (8 quarters),3
2278, EPS (TTM) trend (12 quarters),1
2279, EPS (TTM) trend (20 quarters),0
2280, EPS (TTM) trend (40 quarters),2
2281, Revenue per share (TTM) trend (2 quarters),0
2282, Revenue per share (TTM) trend (4 quarters),2
2283, Revenue per share (TTM) trend (8 quarters),0
2284, Revenue per share (TTM) trend (12 quarters),0
2285, Revenue per share (TTM) trend (20 quarters),3
2286, Revenue per share (TTM) trend (40 quarters),1
2287, OCF per share (TTM) trend (2 quarters),0
2288, OCF per share (TTM) trend (4 quarters),2
2289, OCF per share (TTM) trend (8 quarters),0
2290, OCF per share (TTM) trend (12 quarters),0
2291, OCF per share (TTM) trend (20 quarters),2
2292, OCF per share (TTM) trend (40 quarters),1
2293, Book value per share trend (2 quarters),0
2294, Book value per share trend (4 quarters),0
2295, Book value per share trend (8 quarters),2
2296, Book value per share trend (12 quarters),0
2297, Book value per share trend (20 quarters),0
2298, Book value per share trend (40 quarters),0
2299, EBITDA per share (TTM) trend (2 quarters),2
2300, EBITDA per share (TTM) trend (4 quarters),0
2301, EBITDA per share (TTM) trend (8 quarters),0
2302, EBITDA per share (TTM) trend (12 quarters),0
2303, EBITDA per share (TTM) trend (20 quarters),0
2304, EBITDA per share (TTM) trend (40 quarters),0
2305, Share dilution (YoY) trend (2 quarters),1
2306, Share dilution (YoY) trend (4 quarters),2
2307, Share dilution (YoY) trend (8 quarters),1
2308, Share dilution (YoY) trend (12 quarters),1
2309, Share dilution (YoY) trend (20 quarters),1
2310, Share dilution (YoY) trend (40 quarters),4
2311, Share dilution (QoQ) trend (2 quarters),4
2312, Share dilution (QoQ) trend (4 quarters),1
2313, Share dilution (QoQ) trend (8 quarters),1
2314, Share dilution (QoQ) trend (12 quarters),3
2315, Share dilution (QoQ) trend (20 quarters),0
2316, Share dilution (QoQ) trend (40 quarters),1
2317, Shares trend slope trend (2 quarters),2
2318, Shares trend slope trend (4 quarters),0
2319, Shares trend slope trend (8 quarters),1
2320, Shares trend slope trend (12 quarters),2
2321, Shares trend slope trend (20 quarters),2
2322, Shares trend slope trend (40 quarters),1
2323, Gap frequency,2
2324, Volume-price divergence,2
2325, Overnight return,3
2326, Average gap magnitude,0
2327, Open-to-close return,2
2328, Gap frequency trend (5 days),0
2329, Gap frequency trend (10 days),1
2330, Gap frequency trend (21 days),1
2331, Gap frequency trend (63 days),0
2332, Gap frequency trend (126 days),0
2333, Gap frequency trend (189 days),1
2334, Gap frequency trend (252 days),0
2335, Overnight return trend (5 days),1
2336, Overnight return trend (10 days),0
2337, Overnight return trend (21 days),0
2338, Overnight return trend (63 days),1
2339, Overnight return trend (126 days),1
2340, Overnight return trend (189 days),0
2341, Overnight return trend (252 days),0
2342, Average gap magnitude trend (5 days),0
2343, Average gap magnitude trend (10 days),0
2344, Average gap magnitude trend (21 days),1
2345, Average gap magnitude trend (63 days),0
2346, Average gap magnitude trend (126 days),1
2347, Average gap magnitude trend (189 days),2
2348, Average gap magnitude trend (252 days),1
2349, Open-to-close return trend (5 days),4
2350, Open-to-close return trend (10 days),3
2351, Open-to-close return trend (21 days),5
2352, Open-to-close return trend (63 days),1
2353, Open-to-close return trend (126 days),1
2354, Open-to-close return trend (189 days),0
2355, Open-to-close return trend (252 days),0
2356, Shares float ratio,1
2357, Treasury 3M last,1
2358, Treasury 3M change 3D,1
2359, Treasury 3M mean 3D,0
2360, Treasury 3M slope 3D,1
2361, Treasury 3M change 7D,0
2362, Treasury 3M mean 7D,1
2363, Treasury 3M slope 7D,1
2364, Treasury 3M change 14D,1
2365, Treasury 3M mean 14D,0
2366, Treasury 3M slope 14D,0
2367, Treasury 3M change 28D,2
2368, Treasury 3M mean 28D,0
2369, Treasury 3M slope 28D,0
2370, Treasury 2Y last,0
2371, Treasury 2Y change 3D,1
2372, Treasury 2Y mean 3D,0
2373, Treasury 2Y slope 3D,1
2374, Treasury 2Y change 7D,0
2375, Treasury 2Y mean 7D,2
2376, Treasury 2Y slope 7D,0
2377, Treasury 2Y change 14D,1
2378, Treasury 2Y mean 14D,0
2379, Treasury 2Y slope 14D,1
2380, Treasury 2Y change 28D,0
2381, Treasury 2Y mean 28D,0
2382, Treasury 2Y slope 28D,1
2383, Treasury 5Y last,1
2384, Treasury 5Y change 3D,0
2385, Treasury 5Y mean 3D,0
2386, Treasury 5Y slope 3D,0
2387, Treasury 5Y change 7D,0
2388, Treasury 5Y mean 7D,0
2389, Treasury 5Y slope 7D,1
2390, Treasury 5Y change 14D,0
2391, Treasury 5Y mean 14D,1
2392, Treasury 5Y slope 14D,0
2393, Treasury 5Y change 28D,1
2394, Treasury 5Y mean 28D,0
2395, Treasury 5Y slope 28D,1
2396, Treasury 10Y last,1
2397, Treasury 10Y change 3D,2
2398, Treasury 10Y mean 3D,1
2399, Treasury 10Y slope 3D,1
2400, Treasury 10Y change 7D,1
2401, Treasury 10Y mean 7D,2
2402, Treasury 10Y slope 7D,0
2403, Treasury 10Y change 14D,0
2404, Treasury 10Y mean 14D,0
2405, Treasury 10Y slope 14D,0
2406, Treasury 10Y change 28D,1
2407, Treasury 10Y mean 28D,0
2408, Treasury 10Y slope 28D,1
2409, Treasury 30Y last,3
2410, Treasury 30Y change 3D,0
2411, Treasury 30Y mean 3D,1
2412, Treasury 30Y slope 3D,2
2413, Treasury 30Y change 7D,0
2414, Treasury 30Y mean 7D,0
2415, Treasury 30Y slope 7D,1
2416, Treasury 30Y change 14D,0
2417, Treasury 30Y mean 14D,0
2418, Treasury 30Y slope 14D,1
2419, Treasury 30Y change 28D,2
2420, Treasury 30Y mean 28D,0
2421, Treasury 30Y slope 28D,0
2422, Fed Funds Rate last,0
2423, Fed Funds Rate change 3D,2
2424, Fed Funds Rate mean 3D,1
2425, Fed Funds Rate slope 3D,0
2426, Fed Funds Rate change 7D,0
2427, Fed Funds Rate mean 7D,3
2428, Fed Funds Rate slope 7D,1
2429, Fed Funds Rate change 14D,1
2430, Fed Funds Rate mean 14D,0
2431, Fed Funds Rate slope 14D,2
2432, Fed Funds Rate change 28D,2
2433, Fed Funds Rate mean 28D,1
2434, Fed Funds Rate slope 28D,0
2435, T10Y2Y last,0
2436, T10Y2Y change 3D,0
2437, T10Y2Y mean 3D,1
2438, T10Y2Y slope 3D,0
2439, T10Y2Y change 7D,1
2440, T10Y2Y mean 7D,0
2441, T10Y2Y slope 7D,3
2442, T10Y2Y change 14D,2
2443, T10Y2Y mean 14D,0
2444, T10Y2Y slope 14D,0
2445, T10Y2Y change 28D,0
2446, T10Y2Y mean 28D,0
2447, T10Y2Y slope 28D,2
2448, T10Y3M last,0
2449, T10Y3M change 3D,1
2450, T10Y3M mean 3D,1
2451, T10Y3M slope 3D,1
2452, T10Y3M change 7D,1
2453, T10Y3M mean 7D,1
2454, T10Y3M slope 7D,0
2455, T10Y3M change 14D,1
2456, T10Y3M mean 14D,0
2457, T10Y3M slope 14D,0
2458, T10Y3M change 28D,0
2459, T10Y3M mean 28D,1
2460, T10Y3M slope 28D,0
[0m[38;5;245m----- post-test output end -----[0m
[0m[38;5;245mrunning 0 tests from ./test/ObservationsList.ts[0m
[0m[38;5;245mrunning 5 tests from ./test/PidGuardParseEtime.ts[0m
pid_guard: parse_etime_to_seconds parses MM:SS ... [0m[32mok[0m [0m[38;5;245m(9ms)[0m
pid_guard: parse_etime_to_seconds parses HH:MM:SS ... [0m[32mok[0m [0m[38;5;245m(4ms)[0m
pid_guard: parse_etime_to_seconds handles leading-zero 08 in HH:MM:SS ... [0m[32mok[0m [0m[38;5;245m(4ms)[0m
pid_guard: parse_etime_to_seconds handles leading-zero 08/09 in MM:SS ... [0m[32mok[0m [0m[38;5;245m(4ms)[0m
pid_guard: parse_etime_to_seconds parses DD-HH:MM:SS ... [0m[32mok[0m [0m[38;5;245m(4ms)[0m
[0m[38;5;245mrunning 1 test from ./test/PidGuardRespawnRace.ts[0m
pid_guard: terminate clears respawning loop parent and children ... [0m[32mok[0m [0m[38;5;245m(1s)[0m
[0m[38;5;245mrunning 9 tests from ./test/PidGuardStaleProgressOnly.ts[0m
compute_stale_age default uses max when process_age dominates ... [0m[32mok[0m [0m[38;5;245m(7ms)[0m
compute_stale_age default uses max when file_age dominates ... [0m[32mok[0m [0m[38;5;245m(4ms)[0m
compute_stale_age default omitted third arg behaves like max ... [0m[32mok[0m [0m[38;5;245m(4ms)[0m
compute_stale_age progress_only ignores process_age (healthy worker survives) ... [0m[32mok[0m [0m[38;5;245m(4ms)[0m
compute_stale_age progress_only still detects a hung worker ... [0m[32mok[0m [0m[38;5;245m(3ms)[0m
compute_stale_age accepts numeric 1 as progress_only ... [0m[32mok[0m [0m[38;5;245m(3ms)[0m
compute_stale_age treats non-numeric ages as 0 (fail-safe) ... [0m[32mok[0m [0m[38;5;245m(7ms)[0m
run_core.sh --stale-progress-only is documented in help ... [0m[32mok[0m [0m[38;5;245m(29ms)[0m
run_core.sh accepts --stale-progress-only as a known flag ... [0m[32mok[0m [0m[38;5;245m(41ms)[0m
[0m[38;5;245mrunning 4 tests from ./test/PidGuardTerminateTree.ts[0m
pid_guard: kill_descendants recursively kills child processes ... [0m[32mok[0m [0m[38;5;245m(204ms)[0m
pid_guard: kill_descendants handles nested grandchildren ... [0m[32mok[0m [0m[38;5;245m(237ms)[0m
pid_guard: kill_pgid_signal_safe does not signal caller process group ... [0m[32mok[0m [0m[38;5;245m(8ms)[0m
pid_guard: kill_pgid_signal_safe skips pgid kill when caller pgid is unreadable ... [0m[32mok[0m [0m[38;5;245m(5ms)[0m
[0m[38;5;245m------- post-test output -------[0m
2026-07-21T22:36:48.263Z [INFO] [History] [pid-28741] History Loaded
[0m[38;5;245m----- post-test output end -----[0m
[0m[38;5;245mrunning 2 tests from ./test/Portfolio.ts[0m
diversity ...
[0m[38;5;245m------- post-test output -------[0m
[neat-ai] running version 5.9.27
2026-07-21T22:36:48.275Z [INFO] [Portfolio] [pid-28741] lastTradeDay 2021-10-22
2026-07-21T22:36:48.279Z [INFO] [PortfolioUtils] [pid-28741] No cache file found: .portfolio/d688048b-976b-50bf-b3b8-70114e5aa492/2021/Oct/22.json
[0m[32mCheck[0m src/portfolio/deno/worker.ts
2026-07-21T22:36:53.368Z [INFO] [History] [pid-28741] History Loaded
[neat-ai] running version 5.9.27
2026-07-21T22:36:53.672Z [INFO] [Utilities] [pid-28741] Loading data from ../GRQ-WorldUncertaintyIndex/data/F1.csv
2026-07-21T22:36:53.673Z [INFO] [Utilities] [pid-28741] Loading data from ../GRQ-WorldUncertaintyIndex/data/F2.csv
2026-07-21T22:36:53.673Z [INFO] [Utilities] [pid-28741] Loading data from ../GRQ-WorldUncertaintyIndex/data/T1.csv
2026-07-21T22:36:53.675Z [WARN] [TrainV88] [pid-28741] No model for FX USDEUR
2026-07-21T22:36:53.675Z [WARN] [TrainV88] [pid-28741] No model for FX GBPUSD
2026-07-21T22:36:53.675Z [WARN] [TrainV88] [pid-28741] No model for FX USDJPY
2026-07-21T22:36:53.675Z [WARN] [TrainV88] [pid-28741] No model for FX USDCNY
2026-07-21T22:37:06.561Z [WARN] [TrainV88] [pid-28741] No model for FX USDEUR
2026-07-21T22:37:06.561Z [WARN] [TrainV88] [pid-28741] No model for FX GBPUSD
2026-07-21T22:37:06.561Z [WARN] [TrainV88] [pid-28741] No model for FX USDJPY
2026-07-21T22:37:06.561Z [WARN] [TrainV88] [pid-28741] No model for FX USDCNY
2026-07-21T22:37:07.203Z [WARN] [TrainV88] [pid-28741] No model for FX USDCAD
2026-07-21T22:37:07.210Z [WARN] [TrainV88] [pid-28741] No model for FX USDEUR
2026-07-21T22:37:07.210Z [WARN] [TrainV88] [pid-28741] No model for FX GBPUSD
2026-07-21T22:37:07.210Z [WARN] [TrainV88] [pid-28741] No model for FX USDJPY
2026-07-21T22:37:07.210Z [WARN] [TrainV88] [pid-28741] No model for FX USDCNY
./quality.sh: line 127: 28741 Killed: 9               deno test --no-prompt --v8-flags=--max-old-space-size=${QUALITY_MAX_OLD_SPACE_MB},--expose-gc --allow-read --allow-write --allow-net --allow-env --allow-run --allow-import --unstable-worker-options --trace-leaks --parallel --config ./deno.json
❌ deno test failed (exit 137)
