./test/worker/ToolchainCacheDetection.ts => purge_toolchain_caches frees a non-zero amount on a host with populated caches ... ok (429ms)
./test/worker/ToolchainCacheDetection.ts => clean_build_artefacts fails loud when it deletes artefacts of an undetected toolchain ... ok (406ms)
./test/worker/ToolchainCacheDetection.ts => no contradiction is reported when the toolchain was detected ... ok (827ms)
./test/worker/TrainDataExchangeHeapSize.ts => trainDataExchange.sh resolves MAX_HEAP_SIZE from shared/memory_calc.sh ... ok (13ms)
./test/worker/Terminal.ts => terminal — staging behaviour (test_terminal.sh) ... ok (9s)
./test/worker/Terminal.ts => terminal.sh defines the public functions when sourced ... ok (14ms)
./test/worker/Terminal.ts => run.sh sources run_stage.sh and not terminal.sh ... ok (10ms)
./test/worker/Terminal.ts => run.sh no longer embeds the terminal-promote gate ... ok (389µs)
./test/worker/TrainDataExchangeResume.ts => worker/trainDataExchange.sh — resumes from shadow after a simulated interrupt ... ok (1s)
./test/worker/Terminal.ts => terminal-promote.sh runs from the repo root and syncs tacit around ID ... ok (2s)
./test/worker/Terminal.ts => terminal-promote.sh is a no-op for an opted-out island ... ok (48ms)
./test/worker/TrainDataFXResume.ts => worker/trainDataFX.sh — resumes from shadow after a simulated interrupt ... ok (2s)
./test/worker/TrainDataFetchLease.ts => fetched training data is leased so the disk sweep cannot delete it mid-task ... ok (1s)
./test/worker/TrainDataFetchOnly.ts => evolution path with TRAINING_WRITE_URL but no read URL refuses generation ... ok (957ms)
./test/worker/TrainDataFetchLease.ts => without the lease the same sweep deletes the fetched dataset (regression) ... ok (477ms)
./test/worker/TrainDataFetchOnly.ts => evolution path fails loud when fetch fails (no generate fallthrough) ... ok (1s)
./test/worker/TrainDataFetchLease.ts => the fetch path announces where the training data landed ... ok (1s)
./test/worker/TrainDataFetchOnly.ts => evolution path exits 0 on successful fetch without generating ... ok (1s)
./test/worker/TrainDataFetchLease.ts => the announced location matches even when the temp root is reached via a symlink (regression) ... ok (1s)
./test/worker/TrainDataFetchOnly.ts => --generate without TRAINING_WRITE_URL fails loud ... ok (916ms)
./test/worker/TrainDataFetchLease.ts => lease owner falls back to the parent task when NODE_PID is unusable ... ok (1s)
./test/worker/TrainDataIndustryHeapSize.ts => trainDataIndustry.sh resolves MAX_HEAP_SIZE from shared/memory_calc.sh ... ok (10ms)
./test/worker/TrainDataFetchOnly.ts => --generate with TRAINING_WRITE_URL reaches the generation path ... ok (1s)
./test/worker/TrainDataFetchOnly.ts => fetch-path success (#1301-style) never reaches generation body ... ok (1s)
./test/worker/TrainDataIndustryResume.ts => worker/trainDataIndustry.sh — resumes from shadow after a simulated interrupt ... ok (1s)
./test/worker/TrainDataLeaseProtection.ts => acquire_leased_dir_lock writes the caller PID and held-by confirms it ... ok (23ms)
./test/worker/TrainDataLeaseProtection.ts => acquire_leased_dir_lock fails loud on a missing directory ... ok (3ms)
./test/worker/TrainDataLeaseProtection.ts => release_leased_dir_lock removes the lease and is a no-op when absent ... ok (13ms)
./test/worker/TrainDataLeaseProtection.ts => safe_remove_leased_glob keeps a live-leased dataset and removes an unleased one ... ok (20ms)
./test/worker/TrainDataLeaseProtection.ts => broken lease is detectable so the task can fail loud (discovery contract, #3518) ... ok (9ms)
./test/worker/TrainDataLeaseProtection.ts => cleanup_cache.sh heavy purge skips a live-leased dataset (GRQ-23, #3518) ... ok (242ms)
./test/worker/TrainDataLeaseProtection.ts => pre_health_cleanup.sh skips a live-leased dataset at low disk (#3518) ... ok (467ms)
./test/worker/TrainDataLeaseProtection.ts => disk_guard purge step skips a live-leased dataset (#3518) ... ok (56ms)
./test/worker/TrainDataLocationHeapSize.ts => trainDataLocation.sh resolves MAX_HEAP_SIZE from shared/memory_calc.sh ... ok (15ms)
./test/worker/TrainDataLeaseCleanup.ts => worker stage scripts remove .trainData* through the lease (#3916) ... ok (1s)
./test/worker/TrainDataLocationResume.ts => worker/trainDataLocation.sh — resumes from shadow after a simulated interrupt ... ok (1s)
./test/worker/TrainDataMarketDataClone.ts => trainDataStocks.sh (Cluster mode) does NOT fetch market data on the remote fast path (#3403) ... ok (1s)
./test/worker/TrainDataSentimentClone.ts => trainDataStocks.sh does NOT fetch GRQ-sentiment-* on the remote fast path (#3398) ... ok (2s)
./test/worker/TrainDataMarketDataClone.ts => trainDataStocks.sh reaches ./repos.sh on the generation path (#3403) ... ok (2s)
./test/worker/TrainDataSentimentClone.ts => trainDataIndustry.sh does NOT fetch GRQ-sentiment-* on the remote fast path (#3398) ... ok (1s)
./test/worker/TrainDataMarketDataClone.ts => repos.sh fetches market data via alphavantage.sh (genuine-consumer path, #3403) ... ok (1s)
./test/worker/TrainDataShadow.ts => worker/shared/train_data_shadow.sh — seed / preserve / cleanup paths ... ok (225ms)
./test/worker/TrainDataStocksDataMode.ts => data mode never runs cluster.sh (#3842) ... ok (17ms)
./test/worker/TrainDataStocksDataMode.ts => learn path (no TRAIN_MODE) still runs cluster.sh (#3842) ... ok (495ms)
./test/worker/TrainDataStocksDataMode.ts => other TRAIN_MODE values keep their own branches (#3842) ... ok (56ms)
./test/worker/TrainDataSentimentClone.ts => trainDataLocation.sh does NOT fetch GRQ-sentiment-* on the remote fast path (#3398) ... ok (2s)
./test/worker/TrainDataStocksDataMode.ts => taskData.sh runs trainDataStocks.sh in data mode (#3842) ... ok (3s)
./test/worker/TrainDataSentimentClone.ts => trainDataFX.sh does NOT fetch GRQ-sentiment-* on the remote fast path (#3398) ... ok (2s)
./test/worker/TrainDataSentimentClone.ts => trainDataExchange.sh does NOT fetch GRQ-sentiment-* on the remote fast path (#3398) ... ok (2s)
./test/worker/TrainDataStocksDataMode.ts => taskData.sh passes --generate to every stage (fetch-only evolution) ... ok (2s)
./test/worker/TrainDataStocksHeapSize.ts => trainDataStocks.sh resolves TRAIN_WORKER_MAX_OLD_SPACE_MB from memory_calc.sh ... ok (7ms)
./test/worker/TrainDataStocksHeapSize.ts => trainDataStocks.sh TRAIN_WORKER_MAX_OLD_SPACE_MB env override still works ... ok (4ms)
./test/worker/TrainDataStocksSegmentRetryLoop.ts => exit 42 with no new .bin stops after NO_PROGRESS_LIMIT attempts (#3915) ... ok (105ms)
./test/worker/TrainDataStocksSegmentRetryLoop.ts => exit 42 after new segments retries and completes (#3915) ... ok (51ms)
./test/worker/TrainDataStocksSegmentRetryLoop.ts => a non-retryable exit 1 fails the stage immediately (#3915) ... ok (14ms)
./test/worker/TrainDataStocksSegmentRetryLoop.ts => NO_PROGRESS_LIMIT is honoured when overridden (#3915) ... ok (32ms)
./test/worker/TrainDataStocksSegmentRetryLoop.ts => every ParallelTrainData attempt is bracketed with [stage] markers for the cap handler (#4061) ... ok (34ms)
./test/worker/TrainDataTmpLeaseProtection.ts => a generation staging dir survives the sweep while its writer is alive (#3863) ... ok (39ms)
./test/worker/TrainDataTmpLeaseProtection.ts => disk_guard's purge step skips an in-flight generation staging dir (#3863) ... ok (28ms)
./test/worker/TrainDataTmpLeaseProtection.ts => the lease is dropped once the staging dir is published (#3863) ... ok (30ms)
./test/worker/TrainDataTmpLeaseProtection.ts => trainDataStocks.sh leases the dataset it writes in place and releases it on exit (#3863) ... ok (24ms)
./test/worker/TrainDataTmpPathUniqueness.ts => segmentTmpPath - two writers on one prefix get different paths ... ok (729µs)
./test/worker/TrainDataTmpPathUniqueness.ts => segmentTmpPath - both writers complete and the rename yields exactly <prefix>.bin ... ok (1ms)
./test/worker/TrainDataTmpPathUniqueness.ts => segmentTmpPath - #1034 partial-segment truncation still renames to <prefix>.bin ... ok (1ms)
./test/worker/TrainDataTmpPathUniqueness.ts => segmentTmpPid - recovers the writing pid, ignores other names ... ok (220µs)
./test/worker/TrainDataTmpPathUniqueness.ts => sweepStaleSegmentTmp - removes dead-pid orphans, keeps live-pid temps ... ok (15ms)
./test/worker/TrainDataTmpPathUniqueness.ts => sweepStaleSegmentTmp - missing dataset dir sweeps nothing ... ok (345µs)
./test/worker/TrainDataSentimentClone.ts => trainDataExchange.sh runs ./repos.sh with GRQ_SKIP_SENTIMENT=1 on the generation path (#3398) ... ok (1s)
./test/worker/TrainDataSentimentClone.ts => trainDataStocks.sh runs ./repos.sh without GRQ_SKIP_SENTIMENT on the generation path (#3398) ... ok (1s)
./test/worker/TrainDataSentimentClone.ts => repos.sh clones GRQ-sentiment-* by default (generation / scoring path, #3398) ... ok (1s)
./test/worker/TrainingHangCapture.ts => training_hang_capture.sh — abandoned tasks are captured and reported (#4289) ... ok (4s)
./test/worker/TrainDataSentimentClone.ts => repos.sh skips GRQ-sentiment-* when GRQ_SKIP_SENTIMENT=1 (#3398) ... ok (1s)
./test/worker/TrainingOutcomeHealth.ts => training_outcome_health.sh — improvement record, skipped=, warn-only (#4083/#4084/#4085) ... ok (613ms)
./test/worker/UpgradeAllowNet.ts => worker/sampler.sh grants --allow-net=jsr.io:443 to Upgrade.ts (#2282) ... ok (1ms)
./test/worker/UpgradeAllowNet.ts => worker/teams/run.sh grants --allow-net=jsr.io:443 to Upgrade.ts (#2282) ... ok (411µs)
./test/worker/UpgradeAllowNet.ts => Upgrade.ts CLI does not throw 'reading length' when granted net+import (#2282) ... ok (627ms)
./test/worker/UpgradeJqResilience.ts => upgrade() handles file deleted between -f check and jq call (#1731) ... ok (23ms)
./test/worker/UpgradeJqResilience.ts => upgrade() with || fallback survives missing file (#1731) ... ok (13ms)
./test/worker/UpgradeJqResilience.ts => upgrade() with || fallback works for existing valid files (#1731) ... ok (8ms)
./test/worker/UpgradeJqResilience.ts => sampler.sh upgrade function handles deleted file gracefully (#1731) ... ok (13ms)
./test/worker/UpgradeJqResilience.ts => teams/run.sh version safety check handles missing file (#1731) ... ok (7ms)
./test/worker/UpgradeShIntegrityCheck.ts => verify_sha256.sh exists and is executable as a sourceable file ... ok (583µs)
./test/worker/UpgradeShIntegrityCheck.ts => verify_sha256 returns 0 when hash matches ... ok (14ms)
./test/worker/UpgradeShIntegrityCheck.ts => verify_sha256 returns non-zero and reports mismatch ... ok (10ms)
./test/worker/UpgradeShIntegrityCheck.ts => verify_sha256 fails when file is missing ... ok (6ms)
./test/worker/UpgradeShIntegrityCheck.ts => verify_sha256 fails when expected hash is empty ... ok (7ms)
./test/worker/UpgradeShIntegrityCheck.ts => upgrade.sh sources verify_sha256 and refuses to exec install.sh on mismatch ... ok (12ms)
./test/worker/UpgradeShIntegrityCheck.ts => upgrade.sh exposes pinned constants resolvable by the shell ... ok (40ms)
./test/worker/UpgradeShIntegrityCheck.ts => upgrade.sh hardened flow: private dir is unwritable by others and survives a TOCTOU rewrite attempt ... ok (29ms)
./test/worker/UpgradeShIntegrityCheck.ts => upgrade.sh install path aborts on tampered install.sh and never executes it ... ok (12ms)
./test/worker/UtcDate.ts => worker/shared/utc_date.sh — UTC date functions are consistent ... ok (68ms)
./test/worker/ValidateForCheckinGate.ts => validate_for_checkin — shared gate (test_validate_for_checkin.sh) ... ok (2s)
./test/worker/ValidateForCheckinGate.ts => validate_for_checkin.sh defines the gate when sourced alone ... ok (6ms)
./test/worker/ValidateForCheckinGate.ts => only the shared helper invokes ValidateForCheckin.ts ... ok (80ms)
./test/worker/ValidateJsonShell.ts => validate_json.sh staged validates only staged JSON files ... ok (176ms)
./test/worker/ValidateJsonShell.ts => validate_json.sh staged fails on invalid staged JSON and writes diagnostics ... ok (957ms)
./test/worker/ValidateJsonShell.ts => validate_json.sh git_range validates JSON changed between refs ... ok (282ms)
./test/worker/ValidateJsonShell.ts => validate_json.sh changed includes untracked JSON files ... ok (161ms)
./test/worker/ValidationCsvRowGuard.ts => worker/validation.sh — preserves published market data + fails loud on shrink (#3099) ... ok (3s)
./test/worker/ValidationDataRoots.ts => worker/validation.sh — exports the GRQ-validation data roots (#3859) ... ok (2s)
./test/worker/UpdateHealthRepo.ts => update_health_repo — bash tests pass ... ok (12s)
./test/worker/WasmActivationHealth.ts => wasm_activation_health — empty log emits zero summary ... ok (22ms)
./test/worker/WasmActivationHealth.ts => wasm_activation_health — counts N failures and extracts UUID + stage ... ok (36ms)
./test/worker/WasmActivationHealth.ts => wasm_activation_health — no stage marker reports stage=unknown ... ok (28ms)
./test/worker/WasmActivationHealth.ts => wasm_activation_health — custom anchor via env ... ok (30ms)
./test/worker/WasmActivationHealth.ts => wasm_activation_health — missing log file is safe ... ok (2ms)
./test/worker/WasmActivationHealth.ts => wasm_activation_health — no log path argument is safe ... ok (2ms)
./test/worker/WasmActivationHealth.ts => wasm_activation_health — default anchors cover both producer messages (#2286) ... ok (36ms)
./test/worker/WasmActivationHealth.ts => wasm_activation_health — explicit WASM_ACTIVATION_HEALTH_ANCHORS list (#2286) ... ok (31ms)
./test/worker/WasmActivationHealth.ts => wasm_activation_health — counts WASM activation load failure (requireWasm path) (#3422) ... ok (56ms)
./test/worker/WorkerHeapHarmonisation.ts => worker/shared/memory_calc.sh exports MAX_HEAP_SIZE as a positive integer (#2098) ... ok (10ms)
./test/worker/WorkerHeapHarmonisation.ts => worker/shared/memory_calc.sh is safe to source multiple times (#2098) ... ok (7ms)
./test/worker/ValidationScoresIndexGuard.ts => worker/validation.sh — restores index + fails loud on published-date regression (#3100) ... ok (3s)
./test/worker/fxShell.ts => worker/fx.sh --help prints usage and exits cleanly (no side effects) ... ok (106ms)
./test/worker/WorldUncertaintyHealth.ts => worldUncertaintyIndex health tracking — bash tests pass ... ok (2s)
./test/worker/fxShell.ts => worker/fx.sh rejects unknown args with usage and non-zero exit (no side effects) ... ok (88ms)
./test/worker/memoryCalcGrowthReserve.ts => growth reserve: default is 15% of the available snapshot ... ok (9ms)
./test/worker/memoryCalcGrowthReserve.ts => growth reserve: GRQ_MEMORY_GROWTH_RESERVE_PCT overrides the percentage ... ok (5ms)
./test/worker/memoryCalcGrowthReserve.ts => growth reserve: GRQ_MEMORY_GROWTH_RESERVE_MB sets an absolute reserve ... ok (4ms)
./test/worker/memoryCalcGrowthReserve.ts => growth reserve: out-of-range percentage falls back to 15% ... ok (17ms)
./test/worker/memoryCalcGrowthReserve.ts => rust budget: subtracts the growth reserve (16 GB host) ... ok (13ms)
./test/worker/memoryCalcHeadroom.ts => memory_calc #1768: 1536 MB headroom subtracted before percentage ... ok (24ms)
./test/worker/memoryCalcGrowthReserve.ts => rust budget: leaves headroom — sum stays strictly below available (elephant #3182) ... ok (15ms)
./test/worker/memoryCalcGrowthReserve.ts => rust budget: growth reserve can be tuned off via GRQ_MEMORY_GROWTH_RESERVE_MB=0 ... ok (10ms)
./test/worker/memoryCalcHeadroom.ts => memory_calc #1768: default percentage is 65 (was 80) ... ok (12ms)
./test/worker/memoryCalcGrowthReserve.ts => rust budget: still floors at 256 MB when reserve would drive it negative ... ok (8ms)
./test/worker/memoryCalcHeadroom.ts => memory_calc #1768: 8 GB host yields MAX_HEAP_SIZE <= 4 GB ... ok (11ms)
./test/worker/memoryCalcHeadroom.ts => memory_calc #1768: GRQ-13 (8 GB sloth host) heap <= 4 GB ... ok (11ms)
./test/worker/memoryCalcHeadroom.ts => memory_calc #1768: heap floors when the budget is below the headroom ... ok (13ms)
./test/worker/memoryCalcHeadroom.ts => memory_calc #1768: heap capped at 24576 MB for very large hosts ... ok (11ms)
./test/worker/memoryCalcHeadroom.ts => memory_calc #1768: MEMORY_FFI_OS_HEADROOM_MB is overridable ... ok (8ms)
./test/worker/memoryCalcRamCap.ts => memory_calc: 15GB machine gets heap under upper cap ... ok (12ms)
./test/worker/memoryCalcHeadroom.ts => memory_calc #3712: 8 GB host — heap + FFI/OS headroom fits physical RAM ... ok (9ms)
./test/worker/memoryCalcRamCap.ts => memory_calc: 96GB machine gets heap capped at 24576 MB ... ok (10ms)
./test/worker/memoryCalcRamCap.ts => memory_calc: 192GB machine gets heap capped at 24576 MB ... ok (15ms)
./test/worker/memoryCalcRamCap.ts => memory_calc: 32GB machine sizes from the stable budget, below the cap (#3712) ... ok (15ms)
./test/worker/memoryCalcRamCap.ts => memory_calc: 64GB machine sizes from the stable budget, below the cap (#3712) ... ok (18ms)
./test/worker/memoryCalcRamCap.ts => memory_calc: 4GB machine gets post-headroom heap (#1768) ... ok (19ms)
./test/worker/memoryCalcRamCap.ts => memory_calc: 2GB machine gets post-headroom heap above minimum ... ok (23ms)
./test/worker/memoryCalcHeadroom.ts => memory_calc #3712: heap + headroom never exceeds physical RAM ... ok (122ms)
./test/worker/memoryCalcRamCap.ts => memory_calc: 1GB machine gets minimum heap of 1536 MB ... ok (19ms)
./test/worker/memoryCalcRamCap.ts => memory_calc: 8GB machine gets post-headroom heap (#1768) ... ok (19ms)
./test/worker/memoryCalcRamCap.ts => memory_calc: 16GB machine post-headroom heap (#1768) ... ok (27ms)
./test/worker/memoryCalcRamCap.ts => memory_calc: 20GB machine post-headroom heap under the cap (#1768) ... ok (16ms)
./test/worker/memoryCalcRustBudget.ts => memory_calc: get_rust_memory_budget_mb returns positive value ... ok (16ms)
./test/worker/memoryCalcRustBudget.ts => memory_calc: get_rust_memory_budget_mb subtracts heap and safety margin ... ok (13ms)
./test/worker/memoryCalcRustBudget.ts => memory_calc: get_rust_memory_budget_mb floors at 256 MB ... ok (10ms)
./test/worker/memoryCalcRustBudget.ts => memory_calc: get_rust_memory_budget_mb floors when available equals heap ... ok (14ms)
./test/worker/memoryCalcRustBudget.ts => memory_calc: get_rust_memory_budget_mb works with real system memory ... ok (50ms)
./test/worker/memoryCalcRamCap.ts => memory_calc: heap never exceeds physical RAM ... ok (140ms)
./test/worker/memoryCalcRustBudget.ts => memory_calc: rust budget never exceeds available minus heap ... ok (46ms)
./test/worker/memoryCalcRustBudget.ts => memory_calc: OOM scenario from GRQ-22-sloth (#1567) ... ok (10ms)
./test/worker/memoryCalcStableHostSizing.ts => memory_calc: get_available_memory_mb returns a positive value ... ok (29ms)
./test/worker/memoryStartupLog.ts => log_memory_startup_info: emits info line with heap, total RAM, and available memory ... ok (12ms)
./test/worker/memoryStartupLog.ts => log_memory_startup_info: info line contains all three memory metrics ... ok (6ms)
./test/worker/memoryStartupLog.ts => log_memory_startup_info: emits warning when heap exceeds available memory ... ok (9ms)
./test/worker/memoryStartupLog.ts => log_memory_startup_info: warning contains both heap and available values ... ok (8ms)
./test/worker/memoryCalcStableHostSizing.ts => memory_calc: get_available_memory_mb returns less than total RAM ... ok (26ms)
./test/worker/memoryStartupLog.ts => log_memory_startup_info: no warning when heap is within available memory ... ok (6ms)
./test/worker/memoryStartupLog.ts => log_memory_startup_info: no warning when heap equals available memory ... ok (8ms)
./test/worker/memoryCalcStableHostSizing.ts => memory_calc #3712: constrained ≥16 GB host gets the same grant as an idle one ... ok (22ms)
./test/worker/memoryStartupLog.ts => log_memory_startup_info: works with small machines ... ok (9ms)
./test/worker/memoryStartupLog.ts => log_memory_startup_info: works with large machines ... ok (8ms)
./test/worker/memoryCalcStableHostSizing.ts => memory_calc #2243: the scorer's 4096 MB floor still applies on a ≥16 GB host ... ok (12ms)
./test/worker/memoryStartupLog.ts => log_memory_plan_info: single line contains all six plan fields ... ok (5ms)
./test/worker/memoryStartupLog.ts => log_memory_plan_info: emits a value for a zero envelope (constrained host) ... ok (4ms)
./test/worker/memoryStartupLog.ts => log_memory_startup_info: reproduces issue #1566 scenario exactly ... ok (6ms)
./test/worker/memoryCalcStableHostSizing.ts => memory_calc #3294: GRQ-22 aggregate fits available (heap+rust+envelope+margin+growth ≤ available) ... ok (20ms)
./test/worker/memoryCalcStableHostSizing.ts => memory_calc #3294: worker envelope and per-worker cap are non-negative ... ok (19ms)
./test/worker/memoryCalcStableHostSizing.ts => memory_calc: a drained 16 GB host still clears the scorer floor ... ok (24ms)
./test/worker/memoryCalcStableHostSizing.ts => memory_calc: heap scales with host RAM, not with free RAM ... ok (22ms)
./test/worker/memoryCalcStableHostSizing.ts => memory_calc: heap respects minimum floor on micro hosts ... ok (11ms)
./test/worker/memoryCalcStableHostSizing.ts => memory_calc: max cap applies to very large hosts ... ok (15ms)
./test/worker/memoryCalcStableHostSizing.ts => memory_calc: existing get_total_memory_gb unchanged ... ok (12ms)
./test/worker/memoryCalcStableHostSizing.ts => memory_calc: Discovery 50% scenario — OOM machine (#1564) ... ok (13ms)
./test/worker/memoryCalcStableHostSizing.ts => memory_calc: heap never exceeds physical RAM across machine sizes ... ok (58ms)
./test/worker/shared/SparseRatio.ts => sparse_ratio.sh: random draws only ever yield the candidate set ... ok (337ms)
./test/worker/shared/SparseRatio.ts => sparse_ratio.sh: sparse_ratio_value picks lazily when no pick has run ... ok (6ms)
./test/worker/shared/SparseRatio.ts => sparse_ratio.sh: SPARSE_RATIO override pins a candidate value ... ok (27ms)
./test/worker/shared/SparseRatio.ts => sparse_ratio.sh: out-of-set override warns loudly and a candidate is drawn ... ok (10ms)
./test/worker/shared/SparseRatio.ts => sparse_ratio.sh: a non-numeric override is rejected, not passed through ... ok (7ms)
./test/worker/shared/TrainingSampleRate.ts => training_sample_rate.sh: random draws only ever yield the candidate set ... ok (304ms)
./test/worker/shared/TrainingSampleRate.ts => training_sample_rate.sh: training_sample_rate_value picks lazily when no pick has run ... ok (5ms)
./test/worker/shared/TrainingSampleRate.ts => training_sample_rate.sh: TRAINING_SAMPLE_RATE override pins a candidate value ... ok (20ms)
./test/worker/shared/TrainingSampleRate.ts => training_sample_rate.sh: out-of-set override warns loudly and a candidate is drawn ... ok (5ms)
./test/worker/shared/TrainingSampleRate.ts => training_sample_rate.sh: a non-numeric override is rejected, not passed through ... ok (4ms)

 ERRORS 

truncated training data fails fast with the scorer's own diagnostic — no WASM fallback => ./test/score/FallbackClassification.ts:139:6
error: AssertionError: Values are not equal.


    [Diff] Actual / Expected


-   /var/folders/c1/l92vbl9x2gl03mxbvkl_v30h0000gq/T/grq-scorer-corrupt-5a7d15c42f294f30/data/data.bin
+   /var/folders/c1/l92vbl9x2gl03mxbvkl_v30h0000gq/T/grq-scorer-corrupt-5a7d15c42f294f30/data


  throw new AssertionError(message);
        ^
    at assertEquals (https://jsr.io/@std/assert/1.0.19/equals.ts:67:9)
    at file:///Volumes/GRQ/Elephant/GRQ/test/score/FallbackClassification.ts:163:5

backprop — helpers + island opt-in (test_backprop.sh) => ./test/worker/Backprop.ts:13:6
error: AssertionError: Values are not equal: test_backprop.sh failed:
=== score helpers ===
  PASS: read score
  PASS: read message
  PASS: read message ignores lamarck (#3952)
  PASS: read message picks backpropagation when both present (#3952)
  PASS: 0.43 beats 0.42
  PASS: 0.42 does not beat 0.42
  PASS: format score 6 s.f.

=== score improves (MIN_SCORE_IMPROVEMENT margin) ===
  PASS: +0.001 improves
  PASS: +1e-6 improves (boundary)
  PASS: +6.88e-08 rescore noise does not improve
  PASS: equal does not improve
  PASS: non-numeric candidate rejected

=== accepted epochs from journal ===
  PASS: counts accepted epochs
  PASS: all rejected counts zero
  PASS: missing journal counts zero

=== select fittest sample ===
  PASS: fittest basename
  PASS: fittest score

=== accept suffix ===
  PASS: backprop suffix
  PASS: lamarck suffix unchanged

=== ISLAND_BACKPROP opt-in ===
  PASS: ISLAND_BACKPROP=1 enables
  PASS: NoBackprop off (Lamarck alone does not enable)
  PASS: list backprop
  PASS: BackpropIsle counts as island-enabled

=== hermetic GRQ_BACKPROP_HOOK run ===
  PASS: hook wrote best.json
  PASS: hook improved score

=== train argv omits --accept-always by default and includes --scorer ===
  PASS: stub run wrote best.json
  PASS: argv starts with train
  PASS: argv omits --accept-always by default
  PASS: argv includes --scorer
  PASS: argv scorer path
  PASS: argv epochs default 8 (#4074)
  PASS: argv --epochs 8 (#4074)
  PASS: argv --learning-rate 0.00005 (#4074)
  PASS: argv --step-scale 0.01 (#4074)
  PASS: argv --learning-rate-strategy fixed (#4074)
  PASS: argv omits --max-records when corpus empty (#4074)

=== GRQ_BACKPROP_ACCEPT_ALWAYS=1 opts in to --accept-always ===
  PASS: opt-in run wrote best.json
  PASS: argv includes --accept-always when opted in

=== default 10% sample and SAMPLE_RATE=1 full-corpus override (#4074) ===
  PASS: count training records
  PASS: resolve max-records 10% of 10
  PASS: sample run wrote best.json
  PASS: argv --max-records 1 (#4074)
  PASS: full-corpus override wrote best.json
  PASS: SAMPLE_RATE=1 omits --max-records (#4074)
  PASS: explicit MAX_RECORDS wins

=== real CreatureExport shape: top-level input/output counts (#4074) ===
  PASS: bytes/record from top-level counts (3+1)*4
  PASS: resolve max-records 10% of 20 via export counts
  PASS: no width error / warning for real export

=== production-shape width: GRQ-3-1 (input 2511, output 1) → 10048 B/rec (#4121) ===
  PASS: creature width prints 'inputs outputs'
  PASS: bytes/record (2511+1)*4
  PASS: resolve max-records 10% of 20 prod-width records
  PASS: prod-width run wrote best.json
  PASS: prod-width argv --max-records 2
  PASS: run log prints derived width and record count
  PASS: run log prints input/output
  PASS: best.json width matches source (guard passes)

=== invalid observation width is a hard error, never a full-corpus fallback (#4121) ===
  PASS: input:0 → bytes_per_record fails
  PASS: input:0 → bytes_per_record prints nothing
  PASS: input:0 → loud ❌ with values
  PASS: input:0 → resolve_max_records fails (no silent omit)
  PASS: input:0 → resolve prints nothing
  PASS: input:0 → no 'omitting --max-records' downgrade
  PASS: input:0 → run fails (rc 1)
  PASS: input:0 → run prints no best.json path
  PASS: input:0 → binary never invoked
  PASS: input:0 → no best.json written
  PASS: input:0 → run is loud
  PASS: input:0 with SAMPLE_RATE=1 still fails
  PASS: input:0 with explicit MAX_RECORDS still fails
  PASS: input:0 overrides never invoked the binary
  PASS: missing input/output, no typed neurons → fails
  PASS: missing width error names both as missing
  PASS: missing width → run fails
  PASS: missing width → binary never invoked
  PASS: output present but input missing → fails even with typed neurons
  PASS: string input count → fails
  PASS: string input count reported as non-numeric
  PASS: null input count → fails
  PASS: output:0 → fails
  PASS: input:0 in hook mode → run fails
  PASS: input:0 in hook mode → hook never invoked

=== check-in guard: best.json width must equal the source (#4121) ===
  PASS: guard accepts equal width
  PASS: guard rejects input 4 vs source 3
  PASS: guard mismatch is loud with both widths
  PASS: guard rejects width-less candidate
  PASS: guard rejects output:0 candidate
  PASS: guard accepts typed-neuron source vs matching export candidate
  PASS: binary wrote a re-shaped best.json → run fails
  PASS: re-shaped best.json → no path printed
  PASS: re-shaped best.json → loud ❌

=== the binary's stdout never reaches the caller (#4463) ===
  PASS: run returns only the best.json path
  PASS: the returned value is a readable file
  PASS: the score reads off the returned path
  PASS: the run summary is kept on stderr

=== wall-clock kill without best.json is a clean skip (rc 2) ===
  PASS: timeout without best.json returns 2
  PASS: timeout without best.json prints nothing
  PASS: timeout skip is loud

=== island fitted timeout does not bleed across islands ===
  PASS: durable timeout still 2700 after island run
  PASS: one-shot run timeout cleared after island run
  PASS: child saw fitted 90s one-shot budget

=== island Backprop discards on 0 accepted epochs (#4013) ===
  PASS: 0-accept island run is a clean success
  PASS: 0-accept run did not write backprop-100
  PASS: 0-accept run did not invoke check-in
  PASS: 0-accept discard is loud

=== island Backprop refuses a re-shaped best.json before the accept gate (#4121) ===
  PASS: re-shaped best.json island run faults (rc 1)
  PASS: re-shaped best.json did not write backprop-100
  PASS: re-shaped best.json did not invoke check-in
  PASS: re-shaped best.json island fault is loud
  PASS: input:0 island source faults (rc 1)
  PASS: input:0 island source did not invoke check-in
  PASS: input:0 island source did not run the hook
  PASS: input:0 island fault is loud

=== ensure_binary self-heals the missing sibling checkout (#3991) ===
  PASS: fetched checkout yields binary path
  PASS: fetch synced Backpropagation then core
  PASS: existing binary re-validated after sync
  PASS: second call syncs again

=== version stamp gates the rebuild ===
  PASS: first call builds
  PASS: build yields binary
  PASS: unchanged sources skip cargo
  PASS: skip still yields binary
  PASS: version bump alone triggers rebuild
  PASS: binary --version logged after build
  PASS: test mode without hook refuses to fetch
  PASS: hermetic refusal is loud

=== check-in commit subject is the backpropagation tag verbatim (#3998) ===
  FAIL: 🌀 tag used verbatim as the commit subject
    expected: '🌀 Backprop · 2 accepts / 8 epochs · score: 0.6 improved by 0.1'
    actual:   'seed'
  FAIL: checked in the host sample
    expected: '0'
    actual:   '1'
  PASS: run banner uses 🌀
  PASS: run log drops 🔁
  FAIL: legacy 🔁 tag used verbatim (no double marker)
    expected: '🔁 Backprop · 1 accept / 4 epochs · score: 0.6 improved by 0.1'
    actual:   'seed'
  FAIL: fallback subject is GRQ's own 🌀 wording
    expected: '🌀 Backprop improvement of Mac-Ultra-M2-backprop.json, score: 0.6 improved by 0.1'
    actual:   'seed'
  PASS: re-shaped best.json is not checked in (tip stays at seed)
  PASS: re-shaped best.json check-in refusal is loud
  PASS: re-shaped best.json fails the Backprop task

=== the rebase outcome is recorded in the publish commit (#4436) ===
  FAIL: subject records the rebase, the new score and the original candidate
    expected: '🌀 Backprop · rebased [🪢 rebase: applied, score: 0.7 improved by 0.1 vs candidate 0.6]'
    actual:   'seed'
  FAIL: subject says the rebase was attempted and lost
    expected: '🌀 Backprop · 2 accepts / 8 epochs · score: 0.6 improved by 0.1 [🪢 rebase: attempted, kept the run's own candidate]'
    actual:   'seed'

=== summary: 129 passed, 6 failed ===




    [Diff] Actual / Expected


-   1
+   0

  throw new AssertionError(message);
        ^
    at assertEquals (https://jsr.io/@std/assert/1.0.19/equals.ts:67:9)
    at file:///Volumes/GRQ/Elephant/GRQ/test/worker/Backprop.ts:22:3

creature provenance guard (test_creature_provenance_guard.sh) => ./test/worker/CreatureProvenanceGuard.ts:16:6
error: AssertionError: Values are not equal: test_creature_provenance_guard.sh failed:
=== strip identity (requirement 3: strip, never fail) ===
  PASS: strip returns 0
  PASS: uuid removed
  PASS: memetic removed
  PASS: creature tags survive the strip
  PASS: neuron tags survive the strip
  PASS: input width survives the strip
  PASS: strip names both keys loudly
  PASS: clean candidate strip returns 0
  PASS: clean candidate is byte-identical after strip
  PASS: no .tmp sidecar left behind
  PASS: missing candidate fails loud
  PASS: malformed candidate fails loud

=== requirement 1: creature-level tag names preserved ===
  PASS: faithful candidate loses no creature tag
  PASS: dropped creature tag is reported
  PASS: candidate with no tags array reports every source tag

=== requirement 2: per-neuron tags preserved by uuid ===
  PASS: faithful candidate loses no neuron tags
  PASS: candidate that dropped all neuron tags reports both uuids
  PASS: emptied tags array counts as lost
  PASS: removed tagged neuron counts as lost

=== the composite check-in gate ===
  PASS: faithful candidate passes the gate
  PASS: identity keys are stripped, not failed
  PASS: gate stripped uuid
  PASS: gate stripped memetic
  PASS: lost per-neuron tags fail the gate
  PASS: gate names the lost uuids loudly
  PASS: lost creature tag fails the gate
  PASS: gate names the lost creature tag loudly
  PASS: missing source fails loud

=== the lineage gate (#4491) ===
  PASS: no rebase: a faithful candidate passes
  PASS: no rebase: lost provenance is still refused
  PASS: onto-champion: judged against the champion it was built on
  PASS: onto-champion: says which ancestor it judged against
  PASS: the same pair is refused when judged against source.json
  PASS: onto-champion: losing the champion's own tags is refused
  PASS: onto-candidate: a faithful chain passes
  PASS: onto-candidate: the optimiser hop is still checked
  PASS: a replaced candidate with no declared base is refused
  PASS: and says the lineage could not be verified
  PASS: a declared base that does not exist is refused

=== sampler check-in blocks (worker/*/run.sh) ===
  PASS: every sampler check-in worker is driven through the guard (#4318)
  PASS: Backprop run.sh guard passes a faithful candidate
  PASS: Backprop run.sh guard did not skip the check-in
  PASS: Backprop run.sh guard let the check-in proceed
  PASS: Backprop run.sh guard stripped uuid before check-in
  PASS: Backprop run.sh guard stripped memetic before check-in
  PASS: Backprop run.sh guard preserves creature-level tags
  PASS: Backprop run.sh guard preserves every neurons[].tags entry
  PASS: Backprop run.sh guard leaves per-neuron uuid untouched
  PASS: Backprop run.sh guard exits 0 on lost provenance — a skip, not a stage failure
  PASS: Backprop run.sh guard raised no stage failure
  PASS: Backprop run.sh guard says the check-in was skipped
  PASS: Backprop run.sh guard still names the lost provenance loudly
  PASS: Backprop run.sh guard passes a creature rebased onto the champion
  PASS: Backprop run.sh guard checked the rebased creature in
  PASS: Backprop run.sh guard skips a rebase that lost the champion's tags
  PASS: Backprop run.sh guard names the champion's lost uuids
  PASS: Forests run.sh guard passes a faithful candidate
  PASS: Forests run.sh guard did not skip the check-in
  PASS: Forests run.sh guard let the check-in proceed
  PASS: Forests run.sh guard stripped uuid before check-in
  PASS: Forests run.sh guard stripped memetic before check-in
  PASS: Forests run.sh guard preserves creature-level tags
  PASS: Forests run.sh guard preserves every neurons[].tags entry
  PASS: Forests run.sh guard leaves per-neuron uuid untouched
  PASS: Forests run.sh guard exits 0 on lost provenance — a skip, not a stage failure
  PASS: Forests run.sh guard raised no stage failure
  PASS: Forests run.sh guard says the check-in was skipped
  PASS: Forests run.sh guard still names the lost provenance loudly
  PASS: Forests run.sh guard passes a creature rebased onto the champion
  PASS: Forests run.sh guard checked the rebased creature in
  PASS: Forests run.sh guard skips a rebase that lost the champion's tags
  PASS: Forests run.sh guard names the champion's lost uuids
  PASS: Lamarck run.sh guard passes a faithful candidate
  PASS: Lamarck run.sh guard did not skip the check-in
  PASS: Lamarck run.sh guard let the check-in proceed
  PASS: Lamarck run.sh guard stripped uuid before check-in
  PASS: Lamarck run.sh guard stripped memetic before check-in
  PASS: Lamarck run.sh guard preserves creature-level tags
  PASS: Lamarck run.sh guard preserves every neurons[].tags entry
  PASS: Lamarck run.sh guard leaves per-neuron uuid untouched
  PASS: Lamarck run.sh guard exits 0 on lost provenance — a skip, not a stage failure
  PASS: Lamarck run.sh guard raised no stage failure
  PASS: Lamarck run.sh guard says the check-in was skipped
  PASS: Lamarck run.sh guard still names the lost provenance loudly
  PASS: Lamarck run.sh guard passes a creature rebased onto the champion
  PASS: Lamarck run.sh guard checked the rebased creature in
  PASS: Lamarck run.sh guard skips a rebase that lost the champion's tags
  PASS: Lamarck run.sh guard names the champion's lost uuids
  PASS: Ockham run.sh guard passes a faithful candidate
  PASS: Ockham run.sh guard did not skip the check-in
  PASS: Ockham run.sh guard let the check-in proceed
  PASS: Ockham run.sh guard stripped uuid before check-in
  PASS: Ockham run.sh guard stripped memetic before check-in
  PASS: Ockham run.sh guard preserves creature-level tags
  PASS: Ockham run.sh guard preserves every neurons[].tags entry
  PASS: Ockham run.sh guard leaves per-neuron uuid untouched
  PASS: Ockham run.sh guard exits 0 on lost provenance — a skip, not a stage failure
  PASS: Ockham run.sh guard raised no stage failure
  PASS: Ockham run.sh guard says the check-in was skipped
  PASS: Ockham run.sh guard still names the lost provenance loudly
  PASS: Ockham run.sh guard passes a creature rebased onto the champion
  PASS: Ockham run.sh guard checked the rebased creature in
  PASS: Ockham run.sh guard skips a rebase that lost the champion's tags
  PASS: Ockham run.sh guard names the champion's lost uuids

=== island check-in (grq_island_accept_candidate) ===
  FAIL: island gate faults on lost per-neuron tags
    expected: '1'
    actual:   '3'
  PASS: no creature written when provenance was lost
  PASS: no commit landed when provenance was lost
  PASS: island gate accepts a faithful candidate
  PASS: accepted creature written
  PASS: checked-in creature has no uuid
  PASS: checked-in creature has no memetic
  PASS: checked-in creature keeps per-neuron tags
  PASS: accepted creature is committed

=== pool-wide: nothing any check-in path published carries uuid/memetic ===
  PASS: no published creature carries a top-level uuid or memetic
  PASS: the sweep saw every check-in path's published creature

================================================
=== summary: 114 passed, 1 failed ===

warning: You appear to have cloned an empty repository.
warning: You appear to have cloned an empty repository.



    [Diff] Actual / Expected


-   1
+   0

  throw new AssertionError(message);
        ^
    at assertEquals (https://jsr.io/@std/assert/1.0.19/equals.ts:67:9)
    at file:///Volumes/GRQ/Elephant/GRQ/test/worker/CreatureProvenanceGuard.ts:26:3

node.sh's announce block names the run's dumps before reporting (#4283) => ./test/worker/DiagnosticsAnnounceInNodeLog.ts:234:6
error: AssertionError: Expected actual: "" to contain: "[diagnostics] file=intelligentDesign-worker-error-2026-08-21T15-26-28-475468018Z.txt".
  throw new AssertionError(msg);
        ^
    at assertStringIncludes (https://jsr.io/@std/assert/1.0.19/string_includes.ts:29:9)
    at file:///Volumes/GRQ/Elephant/GRQ/test/worker/DiagnosticsAnnounceInNodeLog.ts:265:7
    at async withTempDir (file:///Volumes/GRQ/Elephant/GRQ/test/worker/DiagnosticsAnnounceInNodeLog.ts:71:12)
    at async file:///Volumes/GRQ/Elephant/GRQ/test/worker/DiagnosticsAnnounceInNodeLog.ts:250:5

sloth.sh draws Forests as often as Lamarck (#4215) => ./test/worker/ForestsSchedulerWeights.ts:54:8
error: AssertionError: Values are not equal: sloth.sh: Forests must be drawn as often as Lamarck (2)


    [Diff] Actual / Expected


-   4
+   2

  throw new AssertionError(message);
        ^
    at assertEquals (https://jsr.io/@std/assert/1.0.19/equals.ts:67:9)
    at file:///Volumes/GRQ/Elephant/GRQ/test/worker/ForestsSchedulerWeights.ts:59:5

elephant.sh draws Forests as often as Lamarck (#4215) => ./test/worker/ForestsSchedulerWeights.ts:54:8
error: AssertionError: Values are not equal: elephant.sh: Forests must be drawn as often as Lamarck (2)


    [Diff] Actual / Expected


-   3
+   2

  throw new AssertionError(message);
        ^
    at assertEquals (https://jsr.io/@std/assert/1.0.19/equals.ts:67:9)
    at file:///Volumes/GRQ/Elephant/GRQ/test/worker/ForestsSchedulerWeights.ts:59:5

fx fail-loud: bare command exit 2 surfaces the failing command + stderr to the log => ./test/worker/FxStageFailLoud.ts:63:6
error: AssertionError: Values are not equal.


    [Diff] Actual / Expected


-   1
+   2

  throw new AssertionError(message);
        ^
    at assertEquals (https://jsr.io/@std/assert/1.0.19/equals.ts:67:9)
    at file:///Volumes/GRQ/Elephant/GRQ/test/worker/FxStageFailLoud.ts:86:5
    at async withNodeLog (file:///Volumes/GRQ/Elephant/GRQ/test/worker/FxStageFailLoud.ts:57:5)
    at async file:///Volumes/GRQ/Elephant/GRQ/test/worker/FxStageFailLoud.ts:64:3

fx fail-loud: only the FIRST failing command is reported (single marker on unwind) => ./test/worker/FxStageFailLoud.ts:106:6
error: AssertionError: Values are not equal.


    [Diff] Actual / Expected


-   1
+   3

  throw new AssertionError(message);
        ^
    at assertEquals (https://jsr.io/@std/assert/1.0.19/equals.ts:67:9)
    at file:///Volumes/GRQ/Elephant/GRQ/test/worker/FxStageFailLoud.ts:122:5
    at async withNodeLog (file:///Volumes/GRQ/Elephant/GRQ/test/worker/FxStageFailLoud.ts:57:5)
    at async file:///Volumes/GRQ/Elephant/GRQ/test/worker/FxStageFailLoud.ts:107:3

model_fetch.sh + repos.sh — log which repo failed (#2030) => ./test/worker/ModelFetchRepoNameLogged.ts:13:6
error: Error: test_model_fetch_repo_name_logged.sh exited with code 1
    throw new Error(
          ^
    at file:///Volumes/GRQ/Elephant/GRQ/test/worker/ModelFetchRepoNameLogged.ts:28:11

a NEAT-AI-core fetch that exhausts its retries fails the stage and never builds (#4285) => ./test/worker/NativeScorerSiblingFetchFailLoud.ts:187:6
error: AssertionError: Expected actual: "/var/folders/c1/l92vbl9x2gl03mxbvkl_v30h0000gq/T/grq-scorer-fetch-fail-8bed5845d00ea984/parent/GRQ/worker/shared/ensure_neat_ai_native_scorer.sh: line 258: /private/var/folders/c1/l92vbl9x2gl03mxbvkl_v30h0000gq/T/grq-scorer-fetch-fail-8bed5845d00ea984/parent/GRQ/worker/shared/../shared/scorer_build_fingerprint.sh: No such file or directory
" to contain: "model_fetch NEAT-AI-core failed (rc 1)".
  throw new AssertionError(msg);
        ^
    at assertStringIncludes (https://jsr.io/@std/assert/1.0.19/string_includes.ts:29:9)
    at file:///Volumes/GRQ/Elephant/GRQ/test/worker/NativeScorerSiblingFetchFailLoud.ts:205:7

every sibling fetch is announced by the consumer that asked for it (#4285) => ./test/worker/NativeScorerSiblingFetchFailLoud.ts:225:6
error: AssertionError: Values are not equal: expected a clean exit. stdout:

stderr:
/var/folders/c1/l92vbl9x2gl03mxbvkl_v30h0000gq/T/grq-scorer-fetch-fail-13024fdac7da0614/parent/GRQ/worker/shared/ensure_neat_ai_native_scorer.sh: line 258: /private/var/folders/c1/l92vbl9x2gl03mxbvkl_v30h0000gq/T/grq-scorer-fetch-fail-13024fdac7da0614/parent/GRQ/worker/shared/../shared/scorer_build_fingerprint.sh: No such file or directory



    [Diff] Actual / Expected


-   1
+   0

  throw new AssertionError(message);
        ^
    at assertEquals (https://jsr.io/@std/assert/1.0.19/equals.ts:67:9)
    at file:///Volumes/GRQ/Elephant/GRQ/test/worker/NativeScorerSiblingFetchFailLoud.ts:232:7

a missing sibling checkout is announced as missing, then fetched (#4285) => ./test/worker/NativeScorerSiblingFetchFailLoud.ts:256:6
error: AssertionError: Values are not equal: expected a clean exit. stdout:

stderr:
/var/folders/c1/l92vbl9x2gl03mxbvkl_v30h0000gq/T/grq-scorer-fetch-fail-38eec2ad04cf9276/parent/GRQ/worker/shared/ensure_neat_ai_native_scorer.sh: line 258: /private/var/folders/c1/l92vbl9x2gl03mxbvkl_v30h0000gq/T/grq-scorer-fetch-fail-38eec2ad04cf9276/parent/GRQ/worker/shared/../shared/scorer_build_fingerprint.sh: No such file or directory



    [Diff] Actual / Expected


-   1
+   0

  throw new AssertionError(message);
        ^
    at assertEquals (https://jsr.io/@std/assert/1.0.19/equals.ts:67:9)
    at file:///Volumes/GRQ/Elephant/GRQ/test/worker/NativeScorerSiblingFetchFailLoud.ts:267:7

neat-ai fleet version gate — resolve, compare, refuse a stale host => ./test/worker/NeatAiVersionGate.ts:15:6
error: AssertionError: Values are not equal: test_neat_ai_version.sh failed:
=== resolved version: deno.lock is the source of truth ===

jq: error: syntax error, unexpected '+', expecting '}' (Unix shell quoting issues?) at <top-level>, line 1:
{specifiers:{"jsr:@std/assert@1.0.19":"1.0.19"} + {($k):$v}}                                                
jq: error: May need parentheses around object key expression at <top-level>, line 1:
{specifiers:{"jsr:@std/assert@1.0.19":"1.0.19"} + {($k):$v}} 
jq: error: syntax error, unexpected '}', expecting end of file (Unix shell quoting issues?) at <top-level>, line 1:
{specifiers:{"jsr:@std/assert@1.0.19":"1.0.19"} + {($k):$v}}                                                           
jq: 3 compile errors



    [Diff] Actual / Expected


-   3
+   0

  throw new AssertionError(message);
        ^
    at assertEquals (https://jsr.io/@std/assert/1.0.19/equals.ts:67:9)
    at file:///Volumes/GRQ/Elephant/GRQ/test/worker/NeatAiVersionGate.ts:24:3

no_legacy_creature_json — fails and names the straggler => ./test/worker/NoLegacyCreatureJsonGate.ts:65:6
error: AssertionError: Values are not equal.


    [Diff] Actual / Expected


-   0
+   1

  throw new AssertionError(message);
        ^
    at assertEquals (https://jsr.io/@std/assert/1.0.19/equals.ts:67:9)
    at file:///Volumes/GRQ/Elephant/GRQ/test/worker/NoLegacyCreatureJsonGate.ts:72:5

no_legacy_creature_json — catches the hidden worker checkpoint too => ./test/worker/NoLegacyCreatureJsonGate.ts:83:6
error: AssertionError: Values are not equal.


    [Diff] Actual / Expected


-   0
+   1

  throw new AssertionError(message);
        ^
    at assertEquals (https://jsr.io/@std/assert/1.0.19/equals.ts:67:9)
    at file:///Volumes/GRQ/Elephant/GRQ/test/worker/NoLegacyCreatureJsonGate.ts:90:5

no_legacy_creature_json — a committed fixture keeping the retired NAME is caught => ./test/worker/NoLegacyCreatureJsonGate.ts:97:6
error: AssertionError: Values are not equal.


    [Diff] Actual / Expected


-   0
+   1

  throw new AssertionError(message);
        ^
    at assertEquals (https://jsr.io/@std/assert/1.0.19/equals.ts:67:9)
    at file:///Volumes/GRQ/Elephant/GRQ/test/worker/NoLegacyCreatureJsonGate.ts:106:5

Ockham general-population check-in (test_ockham_checkin.sh) => ./test/worker/OckhamCheckin.ts:12:6
error: AssertionError: Values are not equal: test_ockham_checkin.sh failed:
=== strict improvement is checked in with the creature's own ockham tag ===
  FAIL: improvement run is a success
    expected: '0'
    actual:   '1'
  FAIL: candidate landed at samples/Mac-Ultra-M2-ockham.json
    expected: '0'
    actual:   '1'
  FAIL: committed creature carries the candidate score
    expected: '0.70'
    actual:   ''
  FAIL: commit subject is the ockham tag verbatim
    expected: '🪒 Ockham · search · 3 cuts · score: 0.700000 (+1.00e-1)'
    actual:   'init'
  FAIL: check-in reached the remote
    expected: '0'
    actual:   '1'
  PASS: Ockham never wrote the source creature
  PASS: the optimiser ran on the work-dir COPY, not the sample
  FAIL: stale identity stripped before check-in (#4216)
    expected: 'true'
    actual:   ''

=== an ockham tag without the razor gains exactly one prefix ===
  FAIL: prefixed run is a success
    expected: '0'
    actual:   '1'
  FAIL: subject carries one razor and no second score clause
    expected: '🪒 Ockham · search · 1 cut · score: 0.700000'
    actual:   'init'

=== a candidate that does not beat this run's source is a clean discard ===
  PASS: equal score is a clean success
  PASS: nothing was written
  PASS: nothing was committed

=== the tip Mac-Ultra-M2-ockham.json is the second half of the gate ===
  FAIL: losing to the pulled tip is a clean success
    expected: '0'
    actual:   '1'
  FAIL: the better tip was left untouched
    expected: '0.80'
    actual:   ''
  PASS: nothing was pushed over the tip

=== the rebase outcome is recorded in the publish commit (#4436) ===
  FAIL: winning rebase is a success
    expected: '0'
    actual:   '1'
  FAIL: the REBASED creature is what was published
    expected: '0.75'
    actual:   ''
  FAIL: subject records the rebase, the new score and the original candidate
    expected: '🪒 Ockham · rebased [🪢 rebase: applied, score: 0.75 improved by 0.05 vs candidate 0.7]'
    actual:   'init'
  FAIL: a rebase that cannot help is still a success
    expected: '0'
    actual:   '1'
  FAIL: the run's own candidate is what was published
    expected: '0.70'
    actual:   ''
  FAIL: subject says the rebase was attempted and lost
    expected: '🪒 Ockham · search · 2 cuts [🪢 rebase: attempted, kept the run's own candidate]'
    actual:   'init'

=== a non-path candidate is named for what it is (#4463) ===
  PASS: a non-path candidate fails the run
  PASS: the failure names the real fault
  PASS: the creature is no longer blamed for a missing score tag
  PASS: the captured stdout is not dumped into the log
  PASS: nothing was checked in
  FAIL: one stage-failure marker, isolated to the test log
    expected: '1'
    actual:   '6'

=== summary: 11 passed, 17 failed ===

jq: error: Could not open file /var/folders/c1/l92vbl9x2gl03mxbvkl_v30h0000gq/T/grq-ockham-checkin.XXXXXX.imNZcIbSxu/accept/GRQ-sampler/samples/Mac-Ultra-M2-ockham.json: No such file or directory
jq: error: Could not open file /var/folders/c1/l92vbl9x2gl03mxbvkl_v30h0000gq/T/grq-ockham-checkin.XXXXXX.imNZcIbSxu/accept/GRQ-sampler/samples/Mac-Ultra-M2-ockham.json: No such file or directory
jq: error: Could not open file /var/folders/c1/l92vbl9x2gl03mxbvkl_v30h0000gq/T/grq-ockham-checkin.XXXXXX.imNZcIbSxu/tip/GRQ-sampler/samples/Mac-Ultra-M2-ockham.json: No such file or directory
jq: error: Could not open file /var/folders/c1/l92vbl9x2gl03mxbvkl_v30h0000gq/T/grq-ockham-checkin.XXXXXX.imNZcIbSxu/rebase-win/GRQ-sampler/samples/Mac-Ultra-M2-ockham.json: No such file or directory
jq: error: Could not open file /var/folders/c1/l92vbl9x2gl03mxbvkl_v30h0000gq/T/grq-ockham-checkin.XXXXXX.imNZcIbSxu/rebase-kept/GRQ-sampler/samples/Mac-Ultra-M2-ockham.json: No such file or directory



    [Diff] Actual / Expected


-   1
+   0

  throw new AssertionError(message);
        ^
    at assertEquals (https://jsr.io/@std/assert/1.0.19/equals.ts:67:9)
    at file:///Volumes/GRQ/Elephant/GRQ/test/worker/OckhamCheckin.ts:21:3

sloth.sh draws Ockham as often as Forests (#4398) => ./test/worker/OckhamSchedulerWeights.ts:55:8
error: AssertionError: Values are not equal: sloth.sh: Ockham must be drawn as often as Forests (4)


    [Diff] Actual / Expected


-   1
+   4

  throw new AssertionError(message);
        ^
    at assertEquals (https://jsr.io/@std/assert/1.0.19/equals.ts:67:9)
    at file:///Volumes/GRQ/Elephant/GRQ/test/worker/OckhamSchedulerWeights.ts:60:5

elephant.sh draws Ockham as often as Forests (#4398) => ./test/worker/OckhamSchedulerWeights.ts:55:8
error: AssertionError: Values are not equal: elephant.sh: Ockham must be drawn as often as Forests (3)


    [Diff] Actual / Expected


-   1
+   3

  throw new AssertionError(message);
        ^
    at assertEquals (https://jsr.io/@std/assert/1.0.19/equals.ts:67:9)
    at file:///Volumes/GRQ/Elephant/GRQ/test/worker/OckhamSchedulerWeights.ts:60:5

#4378: the build records the sibling commits it compiled => ./test/worker/ScorerBuildFingerprint.ts:192:6
error: AssertionError: Expected actual: "[native-scorer] enabled path=/private/var/folders/c1/l92vbl9x2gl03mxbvkl_v30h0000gq/T/grq-4378-fc32ff7ece0f5fc3/parent/NEAT-AI-scorer/target/release/rust_scorer core_sha=d7ce8334186da7f11afdc4284d62a30da1685186 core_dirty=no scorer_src_sha=09ffedf07f87833f7eb53a68c14314a626c5f3fc scorer_src_dirty=no" to contain: "path=/var/folders/c1/l92vbl9x2gl03mxbvkl_v30h0000gq/T/grq-4378-fc32ff7ece0f5fc3/parent/NEAT-AI-scorer/target/release/rust_scorer".
  throw new AssertionError(msg);
        ^
    at assertStringIncludes (https://jsr.io/@std/assert/1.0.19/string_includes.ts:29:9)
    at file:///Volumes/GRQ/Elephant/GRQ/test/worker/ScorerBuildFingerprint.ts:202:5

team-Learn stage markers — bash tests pass => ./test/worker/TeamLearnStageMarkers.ts:18:6
error: AssertionError: Values are not equal: Bash tests failed:
Test: bracketing sits outside the argv-extraction anchors
  PASS: no stage markers inside the extracted anchor block
  PASS: begin marker precedes the anchor
  PASS: end marker follows the anchor with the Learn exit code

Test: the extracted launch region records live stage state (the cap-kill view)
  PASS: region extracted
  PASS: harness runs
  PASS: start marker emitted
  FAIL: done marker emitted
    expected: '1'
    actual:   '0'
  FAIL: live state named the team stage WHILE Learn ran
    expected: '1'
    actual:   ''
  PASS: state cleared after the stage

Results: 7 passed, 2 failed




    [Diff] Actual / Expected


-   1
+   0

  throw new AssertionError(message);
        ^
    at assertEquals (https://jsr.io/@std/assert/1.0.19/equals.ts:67:9)
    at file:///Volumes/GRQ/Elephant/GRQ/test/worker/TeamLearnStageMarkers.ts:33:3

ALLOWED_SQUASHES reaches every Learn stage invocation => ./test/worker/TeamsSquashBudgetArgs.ts:130:6
error: AssertionError: Values are not equal: squash-budget harness failed: /bin/bash: line 66: run_learn_with_poison_quarantine_retry: command not found
/bin/bash: line 111: run_learn_with_poison_quarantine_retry: command not found
/bin/bash: line 156: run_learn_with_poison_quarantine_retry: command not found



    [Diff] Actual / Expected


-   127
+   0

  throw new AssertionError(message);
        ^
    at assertEquals (https://jsr.io/@std/assert/1.0.19/equals.ts:67:9)
    at runTeam (file:///Volumes/GRQ/Elephant/GRQ/test/worker/TeamsSquashBudgetArgs.ts:116:3)
    at async file:///Volumes/GRQ/Elephant/GRQ/test/worker/TeamsSquashBudgetArgs.ts:131:32

a team without the key gets a byte-identical command line => ./test/worker/TeamsSquashBudgetArgs.ts:155:6
error: AssertionError: Values are not equal: squash-budget harness failed: /bin/bash: line 66: run_learn_with_poison_quarantine_retry: command not found



    [Diff] Actual / Expected


-   127
+   0

  throw new AssertionError(message);
        ^
    at assertEquals (https://jsr.io/@std/assert/1.0.19/equals.ts:67:9)
    at runTeam (file:///Volumes/GRQ/Elephant/GRQ/test/worker/TeamsSquashBudgetArgs.ts:116:3)
    at async file:///Volumes/GRQ/Elephant/GRQ/test/worker/TeamsSquashBudgetArgs.ts:156:19

 FAILURES 

truncated training data fails fast with the scorer's own diagnostic — no WASM fallback => ./test/score/FallbackClassification.ts:139:6
backprop — helpers + island opt-in (test_backprop.sh) => ./test/worker/Backprop.ts:13:6
creature provenance guard (test_creature_provenance_guard.sh) => ./test/worker/CreatureProvenanceGuard.ts:16:6
node.sh's announce block names the run's dumps before reporting (#4283) => ./test/worker/DiagnosticsAnnounceInNodeLog.ts:234:6
sloth.sh draws Forests as often as Lamarck (#4215) => ./test/worker/ForestsSchedulerWeights.ts:54:8
elephant.sh draws Forests as often as Lamarck (#4215) => ./test/worker/ForestsSchedulerWeights.ts:54:8
fx fail-loud: bare command exit 2 surfaces the failing command + stderr to the log => ./test/worker/FxStageFailLoud.ts:63:6
fx fail-loud: only the FIRST failing command is reported (single marker on unwind) => ./test/worker/FxStageFailLoud.ts:106:6
model_fetch.sh + repos.sh — log which repo failed (#2030) => ./test/worker/ModelFetchRepoNameLogged.ts:13:6
a NEAT-AI-core fetch that exhausts its retries fails the stage and never builds (#4285) => ./test/worker/NativeScorerSiblingFetchFailLoud.ts:187:6
every sibling fetch is announced by the consumer that asked for it (#4285) => ./test/worker/NativeScorerSiblingFetchFailLoud.ts:225:6
a missing sibling checkout is announced as missing, then fetched (#4285) => ./test/worker/NativeScorerSiblingFetchFailLoud.ts:256:6
neat-ai fleet version gate — resolve, compare, refuse a stale host => ./test/worker/NeatAiVersionGate.ts:15:6
no_legacy_creature_json — fails and names the straggler => ./test/worker/NoLegacyCreatureJsonGate.ts:65:6
no_legacy_creature_json — catches the hidden worker checkpoint too => ./test/worker/NoLegacyCreatureJsonGate.ts:83:6
no_legacy_creature_json — a committed fixture keeping the retired NAME is caught => ./test/worker/NoLegacyCreatureJsonGate.ts:97:6
Ockham general-population check-in (test_ockham_checkin.sh) => ./test/worker/OckhamCheckin.ts:12:6
sloth.sh draws Ockham as often as Forests (#4398) => ./test/worker/OckhamSchedulerWeights.ts:55:8
elephant.sh draws Ockham as often as Forests (#4398) => ./test/worker/OckhamSchedulerWeights.ts:55:8
#4378: the build records the sibling commits it compiled => ./test/worker/ScorerBuildFingerprint.ts:192:6
team-Learn stage markers — bash tests pass => ./test/worker/TeamLearnStageMarkers.ts:18:6
ALLOWED_SQUASHES reaches every Learn stage invocation => ./test/worker/TeamsSquashBudgetArgs.ts:130:6
a team without the key gets a byte-identical command line => ./test/worker/TeamsSquashBudgetArgs.ts:155:6

FAILED | 7573 passed (269 steps) | 23 failed | 7 ignored (45m2s)

error: Test failed
❌ deno test failed (exit 1)
