Check src/v/TrainV108.ts
Check src/v/TrainV109.ts
Check src/v/TrainV11.ts
Check src/v/TrainV110.ts
Check src/v/TrainV111.ts
Check src/v/TrainV112.ts
Check src/v/TrainV113.ts
Check src/v/TrainV114.ts
Check src/v/TrainV116.ts
Check src/v/TrainV14.ts
Check src/v/TrainV15.ts
Check src/v/TrainV16.ts
Check src/v/TrainV18.ts
Check src/v/TrainV20.ts
Check src/v/TrainV31.ts
Check src/v/TrainV33.ts
Check src/v/TrainV38.ts
Check src/v/TrainV42.ts
Check src/v/TrainV47.ts
Check src/v/TrainV51.ts
Check src/v/TrainV52.ts
Check src/v/TrainV55.ts
Check src/v/TrainV56.ts
Check src/v/TrainV57.ts
Check src/v/TrainV58.ts
Check src/v/TrainV59.ts
Check src/v/TrainV60.ts
Check src/v/TrainV61.ts
Check src/v/TrainV62.ts
Check src/v/TrainV63.ts
Check src/v/TrainV64.ts
Check src/v/TrainV65.ts
Check src/v/TrainV67.ts
Check src/v/TrainV68.ts
Check src/v/TrainV69.ts
Check src/v/TrainV70.ts
Check src/v/TrainV71.ts
Check src/v/TrainV72.ts
Check src/v/TrainV73.ts
Check src/v/TrainV74.ts
Check src/v/TrainV75.ts
Check src/v/TrainV76.ts
Check src/v/TrainV77.ts
Check src/v/TrainV78.ts
Check src/v/TrainV79.ts
Check src/v/TrainV80.ts
Check src/v/TrainV81.ts
Check src/v/TrainV82.ts
Check src/v/TrainV83.ts
Check src/v/TrainV84.ts
Check src/v/TrainV85.ts
Check src/v/TrainV89.ts
Check src/v/TrainV90.ts
Check src/v/TrainV91.ts
Check src/v/TrainV92.ts
Check src/v/TrainV93.ts
Check src/v/TrainV94.ts
Check src/v/TrainV95.ts
Check src/v/TrainV96.ts
Check src/v/TrainV97.ts
Check src/v/TrainV98.ts
Check src/v/TrainV99.ts
Check src/v/Utilities.ts
Check src/v/V116/Candles.ts
Check src/v/V116/Drawdown.ts
Check src/v/V116/Fourier.ts
Check src/v/V116/LogEpsGrowth.ts
Check src/v/V116/NewsVolume.ts
Check src/v/V116/ValuationStretch.ts
Check src/v/VersionManager.ts
Check src/v/WUI/TrainV87.ts
Check src/v/WUI/Utilities.ts
Check src/validation/ScoresIndexGuard.ts
Check src/wasmAutoInitGuard.ts
Check test/Annualize/IncomeStatement.ts
Check test/BHP.ts
Check test/BetterResult.ts
Check test/BumpDeps.ts
Check test/Buyer.ts
Check test/BuyerVolumeGuards.ts
Check test/CPIImputationRegression.ts
Check test/CRISPR.ts
Check test/CargoUpgradeQuarantine.ts
Check test/CoreModuleDocs.ts
Check test/CreatureActivation.ts
Check test/DedupWarner.ts
Check test/Delisted/CBD.ts
Check test/Discovery/ScanHeapRelease.ts
Check test/Discovery/ScanRustBudgetRunSh.ts
Check test/Discovery/ScanWatchdog.ts
Check test/DnaMatchInspectCli.ts
Check test/EPS.ts
Check test/FXRecoveryLogLevel_test.ts
Check test/History.ts
Check test/Industry/AllValidIndustries.ts
Check test/IntelligentDesign/ImproveSquashAlternativeMessage_test.ts
Check test/IntelligentDesign/run_fetch_test.ts
Check test/IntrinsticValue/CRESY.ts
Check test/IntrinsticValue/SONY.ts
Check test/JovianDnaCli.ts
Check test/LearnUtilPrecompute.ts
Check test/LimitOrderCreator.ts
Check test/LimitOrderScanner.ts
Check test/Location.ts
Check test/Market.ts
Check test/MarketModuleDocs.ts
Check test/MissingDividends.ts
Check test/ModelSanitizer.ts
Check test/OBV.ts
Check test/ObservationsList.ts
Check test/PidGuardParseEtime.ts
Check test/PidGuardRespawnRace.ts
Check test/PidGuardStaleProgressOnly.ts
Check test/PidGuardTerminateTree.ts
Check test/Portfolio.ts
Check test/PublicModuleDocs2790.ts
Check test/RecoveryEmojiPolicy_test.ts
Check test/ScoreNaNRegression.ts
Check test/Sector.ts
Check test/SeededName.ts
Check test/Shell.ts
Check test/ShellcheckGateBaseline_test.ts
Check test/StopOrderCreator.ts
Check test/StopOrderScanner.ts
Check test/TeamDnaCli.ts
Check test/TeamSeedCreature.ts
Check test/TrainingDataErrorLabelPrefix.ts
Check test/TrainingDataFiniteRegression.ts
Check test/Upgrade.ts
Check test/UpgradeScorePreservation.ts
Check test/V38.ts
Check test/Valid.ts
Check test/auditCreatureForwardOnly.ts
Check test/cache/CacheConcurrency.ts
Check test/cache/CacheManager.ts
Check test/cache/CacheMonthly.ts
Check test/cache/concurrentStoreWorker.ts
Check test/cache_clear_before_each.ts
Check test/cleanup_cache_mkdir.ts
Check test/data/portfolio/mockWorker.ts
Check test/data/portfolio/stubbornWorker.ts
Check test/exchange/EvolveAppShutdown.ts
Check test/exchange/EvolvePopulationSize.ts
Check test/fx/FXPredictionUtils.ts
Check test/fx/FXTrainingData.ts
Check test/fx/FXValidationFramework.ts
Check test/fx/FXValidationPipeline.ts
Check test/fx/FXValidationUtils.ts
Check test/fx/NormalizedFXData.ts
Check test/fx/validateModel.ts
Check test/fx/validateScalingConfig.ts
Check test/helpers/captureLog.ts
Check test/helpers/copySharedScripts.ts
Check test/helpers/isolatedDiagnostics.ts
Check test/helpers/isolatedStageFailure.ts
Check test/helpers/loadScaledTimeout.ts
Check test/loadAndRepairCreature.ts
Check test/portfolio/DiagnoseLearningApp.ts
Check test/portfolio/FindRecommendation.ts
Check test/portfolio/PTP.ts
Check test/portfolio/ParallelScheduler.ts
Check test/portfolio/PortfolioWorkerPool.ts
Check test/portfolio/PortfolioWorkerPoolShutdown.ts
Check test/portfolio/ScoreApp.ts
Check test/portfolio/ScoreAppAnalystTargetPrice.ts
Check test/portfolio/ScoreAppEps.ts
Check test/portfolio/SortByYield.ts
Check test/portfolio/Worker.ts
Check test/portfolio/terminalStatus.ts
Check test/preload_cache_clear.ts
Check test/retryWithBackoff.ts
Check test/saveValidatedCreatureExport.ts
Check test/saveValidatedCreatureExportForwardOnly.ts
Check test/scorer/CriticalRepoFreshness_test.ts
Check test/scorer/ScorerRetry_test.ts
Check test/scorer/ScorerScheduleCli_test.ts
Check test/tools/scanCreatureFilesAllowNet.ts
Check test/tools/scanCreatureFilesNoNeatAi.ts
Check test/train/ConstantsApp.ts
Check test/train/EvolveHeapGrowth.ts
Check test/train/HeapSnapshotDefaultDiskProbe.ts
Check test/train/SamplerLifecycle_test.ts
Check test/train/common.ts
Check test/train/compressTrainingData.ts
Check test/train/evolveAbortController_test.ts
Check test/train/evolveExposeGc.ts
Check test/train/oomStability_2068.ts
Check test/train/overrun_warn_only.test.ts
Check test/train/terminalStatus.ts
Check test/train/wasmMemoryDisposal.ts
Check test/unit/00_memory_profiler.ts
Check test/unit/ActionlintWorkflow.ts
Check test/unit/ArchiveMemberGuard.ts
Check test/unit/CPIKeyNormalisation.ts
Check test/unit/CRISPR-alias-resolution.ts
Check test/unit/CRISPR-legacy-conversion.ts
Check test/unit/CRISPR-macd.ts
Check test/unit/CRISPR-momentum-volume.ts
Check test/unit/CRISPR-output-min.ts
Check test/unit/CRISPR-output-tanh-mimic.ts
Check test/unit/CRISPR-post-cleave-assertion.ts
Check test/unit/CRISPR-recommendations-missing.ts
Check test/unit/CRISPR-recoverable-evolve.ts
Check test/unit/CRISPR-rsi.ts
Check test/unit/CRISPR-sentiment-divergence.ts
Check test/unit/CRISPR-sma-crossover.ts
Check test/unit/CRISPR-subdirectory-format.ts
Check test/unit/CRISPR-uuid-format-validation.ts
Check test/unit/CRISPR-value-trap.ts
Check test/unit/CRISPR-yield-curve.ts
Check test/unit/CargoQualityWorkflow.ts
Check test/unit/CargoRepositoryDeclared.ts
Check test/unit/CargoUpgradeEmergencyBypass.ts
Check test/unit/CargoUpgradeWorkflow.ts
Check test/unit/CashFlowFields_test.ts
Check test/unit/CodeOwnersCoverage.ts
Check test/unit/CompareScenarios.ts
Check test/unit/Convert.ts
Check test/unit/CorruptCreatureRegistry.ts
Check test/unit/DeadDependencyBytes.ts
Check test/unit/DenoAuditWorkflow.ts
Check test/unit/DenoImportsLocked.ts
Check test/unit/DenoLintRecommended.ts
Check test/unit/DenoLockfileEnabled.ts
Check test/unit/DependabotConfig.ts
Check test/unit/DependencyReviewWorkflow.ts
Check test/unit/DetectTrianglePatterns.ts
Check test/unit/DiagnosticsDirOverride.ts
Check test/unit/DiagnosticsLeakGuard.ts
Check test/unit/Difference.ts
Check test/unit/Discovery/AwaitCleanupOnCritical.ts
Check test/unit/Discovery/MemoryPressureVerification.ts
Check test/unit/Discovery/PruneDiscoveryCaches.ts
Check test/unit/Discovery/Replay.ts
Check test/unit/Discovery/ReplayRunReplay.ts
Check test/unit/Discovery/ReplayWorkerWasmReady.ts
Check test/unit/Discovery/Rescore.ts
Check test/unit/Discovery/RescoreCorruption.ts
Check test/unit/Discovery/RescoreHealOnLoad.ts
Check test/unit/Discovery/Scan.ts
Check test/unit/Discovery/ScanCorruptedCreature.ts
Check test/unit/Discovery/ScanFocusRankingMemoryBudget.ts
Check test/unit/Discovery/ScanHealOnLoad.ts
Check test/unit/Discovery/ScanQuarantine.ts
Check test/unit/Discovery/ScanRustMemoryBudget.ts
Check test/unit/Discovery/ScanTuning.ts
Check test/unit/Discovery/ScorerSummary.ts
Check test/unit/Discovery/fixOutputNeuronUUIDs.ts
Check test/unit/Discovery/logFormatter.ts
Check test/unit/DnaMatchInspect.ts
Check test/unit/EarlyRejection.ts
Check test/unit/EvolveSaveForwardOnly.ts
Check test/unit/FollowTheGradient.ts
Check test/unit/FollowTheGradientNewParams.ts
Check test/unit/GitleaksWorkflow.ts
Check test/unit/GtcPriceSmoothing.ts
Check test/unit/HealOnLoadDomains.ts
Check test/unit/History/errorHandling_test.ts
Check test/unit/History/loadHistoryCacheChunks_test.ts
Check test/unit/Industry/IndustryMappingNewIndustries.ts
Check test/unit/Industry/IndustryMappingProfessionalCommercialServices.ts
Check test/unit/IntelligentDesign/RecurrentSynapseAtSave.ts
Check test/unit/IntelligentDesign/ScorerCounters_test.ts
Check test/unit/IntelligentDesign/TacitKnowledgeBackpressure_test.ts
Check test/unit/IntelligentDesign/TacitKnowledgeKnowledge_test.ts
Check test/unit/IntelligentDesign/UpgradeForwardOnly.ts
Check test/unit/IntelligentDesign/WorkerPool_test.ts
Check test/unit/IntelligentDesign/loadBestCreature_test.ts
Check test/unit/IntelligentDesign/prioritiseNeurons_test.ts
Check test/unit/IntelligentDesign/readTacitKnowledgeJson_test.ts
Check test/unit/IntelligentDesign/recordImprovement_test.ts
Check test/unit/IntelligentDesign/safeRemoveSync_test.ts
Check test/unit/IntelligentDesign/selectScannableNeurons_test.ts
Check test/unit/IntelligentDesign/updateCheatSheet_test.ts
Check test/unit/IntrinsticValue/TFPM.ts
Check test/unit/Issue2160RocketSnapshot.ts
Check test/unit/JovianDna.ts
Check test/unit/Learn/LearnCriticalAbort.ts
Check test/unit/Learn/TeamsMemProfile.ts
Check test/unit/Learn/TeamsMemProfileIntegration.ts
Check test/unit/LearnCostName.ts
Check test/unit/LearnCreatureTraceIntegration.ts
Check test/unit/LearnHeavyTaskWorkerCount.ts
Check test/unit/LearnUtil.ts
Check test/unit/LicenceDeclared.ts
Check test/unit/LoadScaledTimeout.ts
Check test/unit/MakeDateUTCRegression.ts
Check test/unit/MakeResultsPriceValidation.ts
Check test/unit/MarkdownLintWorkflow.ts
Check test/unit/MarketClearRegistration.ts
Check test/unit/MarketFinancialsGetEarnings.ts
Check test/unit/MarketFinancialsStatementPublication.ts
Check test/unit/MarketPriceDataDelisting.ts
Check test/unit/MarketPriceDataStability.ts
Check test/unit/MarketPriceDataWeekEnd.ts
Check test/unit/MarketPriceDataYearCache.ts
Check test/unit/MarketStockInfo.ts
Check test/unit/ModelSanitizerForwardOnly.ts
Check test/unit/ModelSanitizerMemeticFallback.ts
Check test/unit/NeatAiAggregateSquashFixPin.ts
Check test/unit/NeatAiCacheFirstWasmPin.ts
Check test/unit/NetworkUtil.ts
Check test/unit/NetworkUtilLoad.ts
Check test/unit/NumericGuard.ts
Check test/unit/ObservationProposalSquashRequirement.ts
Check test/unit/ObservationsEffectiveShape.ts
Check test/unit/OptionsErrorObjects.ts
Check test/unit/OverviewNewFields.ts
Check test/unit/ParameterMutationNewFields.ts
Check test/unit/PlainDates.ts
Check test/unit/PortfolioOptions.ts
Check test/unit/PortfolioUtils.ts
Check test/unit/PriceValidator.ts
Check test/unit/QualityShellcheckGate.ts
Check test/unit/QualityWorkflowAutofixIsolation.ts
Check test/unit/QualityWorkflowDenoQuarantine.ts
Check test/unit/QualityWorkflowLeastPrivilege.ts
Check test/unit/QualityWorkflowPinning.ts
Check test/unit/QualityWorkflowPushInjection.ts
Check test/unit/QualityWorkflowUnitTestJob.ts
Check test/unit/Quarter.ts
Check test/unit/RandomizeAdjustConfig.ts
Check test/unit/RandomizeIterationLimit.ts
Check test/unit/RunPidManager.ts
Check test/unit/RustLintPosture.ts
Check test/unit/SanitisedThresholds.ts
Check test/unit/ScenarioOrder.ts
Check test/unit/ScoreBalanceCents.ts
Check test/unit/ScoreStateCurrent.ts
Check test/unit/ScoresIndexGuard.ts
Check test/unit/SecurityPolicy.ts
Check test/unit/SemgrepWorkflow.ts
Check test/unit/SentimentLoaderCache.ts
Check test/unit/SpellcheckWorkflowPinning.ts
Check test/unit/StockCacheVersion.ts
Check test/unit/StopLoss.ts
Check test/unit/SymlinkTargetGuard.ts
Check test/unit/TeamDna.ts
Check test/unit/ThresholdSanitisationWarnings.ts
Check test/unit/TieredStopLoss.ts
Check test/unit/TopologyErrorHandler.ts
Check test/unit/UnitTestTaskContract.ts
Check test/unit/VolatilityOptions.ts
Check test/unit/VolatilitySizing.ts
Check test/unit/VolumeGuardOptions.ts
Check test/unit/WorkflowConcurrency.ts
Check test/unit/atomicWrite.ts
Check test/unit/auditCreatureArtefacts.ts
Check test/unit/bench/trainDataStocksLogParser_test.ts
Check test/unit/cache/CacheRegistry.ts
Check test/unit/cache/CacheRegistryBounds.ts
Check test/unit/cache/LRUCache.ts
Check test/unit/cache/YearDataCache.ts
Check test/unit/cache/fileLock.ts
Check test/unit/cache/namedCacheLogging.ts
Check test/unit/cache/stringIntern.ts
Check test/unit/cache/trainCacheBounding.ts
Check test/unit/captureRecurrentSynapseEvidence.ts
Check test/unit/crispr/prepareAppendCrisprDnaForValidate.ts
Check test/unit/dateAdjustment.ts
Check test/unit/enforceForwardOnly.ts
Check test/unit/equivalence/compareTrainData_test.ts
Check test/unit/fetchWithRetry.ts
Check test/unit/forwardOnlyEnforce.ts
Check test/unit/forwardOnlyLoadEnforcement.ts
Check test/unit/forwardOnlyProducerSites.ts
Check test/unit/fundamentalCoverageAudit.ts
Check test/unit/fx/BinaryDataWriting.ts
Check test/unit/fx/ClampingStats.ts
Check test/unit/fx/CostFX.ts
Check test/unit/fx/DirectoryCleanup.ts
Check test/unit/fx/DirectoryStructure.ts
Check test/unit/fx/EvolveAppErrorHandling.ts
Check test/unit/fx/EvolveAppFilter.ts
Check test/unit/fx/FXClampingDiagnostics.ts
Check test/unit/fx/FXHorizonClamp.ts
Check test/unit/fx/FXOutputRanges.ts
Check test/unit/fx/FXRateFallback.ts
Check test/unit/fx/GenerateDailyPredictionsSavePlan.ts
Check test/unit/fx/HistoricalDataCoverage.ts
Check test/unit/fx/IncrementalPredictionStore.ts
Check test/unit/fx/IntelligentDesignFXOutputTacit.ts
Check test/unit/fx/IntelligentDesignFXScorerReconcile.ts
Check test/unit/fx/IntelligentDesignFXTacitCombine.ts
Check test/unit/fx/NormalizedFXCarryForward.ts
Check test/unit/fx/RecordSizeConsistency.ts
Check test/unit/fx/SkipReasonAggregator.ts
Check test/unit/fx/TrainDirLifecycle.ts
Check test/unit/fx/TrainingDataAccumulation.ts
Check test/unit/fx/TrainingDataValidation.ts
Check test/unit/fx/USDCNY_Data_Investigation.ts
Check test/unit/fx/ValidationMainIndex.ts
Check test/unit/fx/isKnownFXPair.ts
Check test/unit/helpers/copySharedScripts_test.ts
Check test/unit/helpers/workflowYaml.ts
Check test/unit/inspectCreatureExport.ts
Check test/unit/installCreatureFromJSONCaptureHook.ts
Check test/unit/interruptTimeouts.ts
Check test/unit/isSystemLevelError.ts
Check test/unit/loadAndRepairCreatureConvergence.ts
Check test/unit/loadAndRepairCreatureTransform.ts
Check test/unit/location/EvolveAppSymbolFilter.ts
Check test/unit/log_test.ts
Check test/unit/mermaid/ExtractMermaidBlocks.ts
Check test/unit/portfolio/AdaptiveCooldown.ts
Check test/unit/portfolio/AdaptiveQuantum.ts
Check test/unit/portfolio/AdaptiveRandomize.ts
Check test/unit/portfolio/AfterTaxFitness.ts
Check test/unit/portfolio/AfterTaxTuningExperiment.ts
Check test/unit/portfolio/AfterTaxValue.ts
Check test/unit/portfolio/CacheDiagnostics.ts
Check test/unit/portfolio/ClampDividendDates.ts
Check test/unit/portfolio/ClampLimitOrders.ts
Check test/unit/portfolio/CommitMessage.ts
Check test/unit/portfolio/CompanyTax.ts
Check test/unit/portfolio/ConvergenceEscape.ts
Check test/unit/portfolio/ConvergenceReset.ts
Check test/unit/portfolio/DateUtils.ts
Check test/unit/portfolio/DiagnoseLearning.ts
Check test/unit/portfolio/DividendValidation.ts
Check test/unit/portfolio/DynamicSizing.ts
Check test/unit/portfolio/EarCalculation.ts
Check test/unit/portfolio/EarValidation.ts
Check test/unit/portfolio/ExperimentTrackerPersistence.ts
Check test/unit/portfolio/FileWriteHandler.ts
Check test/unit/portfolio/FinancialCalculations.ts
Check test/unit/portfolio/GtcCsv.ts
Check test/unit/portfolio/GuidedSearch.ts
Check test/unit/portfolio/LearnChainsClampVerification1939.ts
Check test/unit/portfolio/LimitOrderCreatorClampOnLoss.ts
Check test/unit/portfolio/LocalMinimumAnalysis.ts
Check test/unit/portfolio/MakeResultsAfterTax.ts
Check test/unit/portfolio/MakeResultsTaxableEvents.ts
Check test/unit/portfolio/MissingNetworkGuard.ts
Check test/unit/portfolio/MonitorWorkerExit.ts
Check test/unit/portfolio/NetworkRecovery.ts
Check test/unit/portfolio/NumericalSafety.ts
Check test/unit/portfolio/ParameterModel.ts
Check test/unit/portfolio/ParseFactional.ts
Check test/unit/portfolio/PartialResultsGuard.ts
Check test/unit/portfolio/PortfolioAdvantageFormula.ts
Check test/unit/portfolio/RandomizeAppInvalidDir.ts
Check test/unit/portfolio/RecommendationSignals.ts
Check test/unit/portfolio/ResultFormatter.ts
Check test/unit/portfolio/RoundCents.ts
Check test/unit/portfolio/ScaledProfitTaking.ts
Check test/unit/portfolio/ScaledProfitTakingOrders.ts
Check test/unit/portfolio/ScanDividendsTax.ts
Check test/unit/portfolio/ScenarioCheckpointResume.ts
Check test/unit/portfolio/ScenarioCountCheck.ts
Check test/unit/portfolio/ScenarioDefinitions.ts
Check test/unit/portfolio/ScenarioExecutor.ts
Check test/unit/portfolio/ScenarioResultValidation.ts
Check test/unit/portfolio/ScenarioRunner.ts
Check test/unit/portfolio/StalenessCheck.ts
Check test/unit/portfolio/StateCompare.ts
Check test/unit/portfolio/StockVolatility.ts
Check test/unit/portfolio/TakeProfits.ts
Check test/unit/portfolio/TaxableEvents.ts
Check test/unit/portfolio/ThresholdSanitisationWarnings.ts
Check test/unit/portfolio/TrailingStop.ts
Check test/unit/portfolio/ValidateGTC.ts
Check test/unit/portfolio/ValidateMonetaryValues.ts
Check test/unit/portfolio/ValidateRunCompleteness.ts
Check test/unit/portfolio/WarmRestart.ts
Check test/unit/portfolio/buildPortfolioArgs.ts
Check test/unit/portfolio/isCurrentTradingDay.ts
Check test/unit/preloadWasmRetry.ts
Check test/unit/quality/BashSyntaxGateWiring.ts
Check test/unit/quality_sh_test.ts
Check test/unit/recurrent-synapse-validation.ts
Check test/unit/refresh/FundamentalsStalenessGate.ts
Check test/unit/saveValidatedCreatureExport/ConvertedCallSites.ts
Check test/unit/saveValidatedCreatureExport/RecurrentSynapseAtSave.ts
Check test/unit/saveValidatedCreatureExportSelfLoopAssert.ts
Check test/unit/sbom/DenoSbom.ts
Check test/unit/sbom/GenerateDenoSbom.ts
Check test/unit/sbom/SbomWorkflow.ts
Check test/unit/scorer/NyseSchedule.ts
Check test/unit/scoringAudit.ts
Check test/unit/sentimentLoader.ts
Check test/unit/tools/EvolutionModeLeaderboard.ts
Check test/unit/tools/FailureIssueReport.ts
Check test/unit/tools/repairCreatureExportPure.ts
Check test/unit/tools/scanCreatureFiles.ts
Check test/unit/tools/scanCreatureFilesWiring.ts
Check test/unit/train/DefensiveValidation.ts
Check test/unit/train/DistributedVerifier_test.ts
Check test/unit/train/EffectiveExtension.ts
Check test/unit/train/HeapSnapshotOnPanic.ts
Check test/unit/train/HeapSnapshotWriter.ts
Check test/unit/train/LatestYearDeferral.ts
Check test/unit/train/MemoryAccountant_test.ts
Check test/unit/train/MemoryPressureSnapshot.ts
Check test/unit/train/MemoryWatchdog.ts
Check test/unit/train/MemoryWatchdogPanic.ts
Check test/unit/train/OomSnapshotInspect.ts
Check test/unit/train/ParallelTrainDataTimeout.ts
Check test/unit/train/PrefixSubset_test.ts
Check test/unit/train/RssDiagnostics_test.ts
Check test/unit/train/RssMonitoring_test.ts
Check test/unit/train/RustExtensionsShim_test.ts
Check test/unit/train/RustV60Equivalence_test.ts
Check test/unit/train/SegmentTimer_test.ts
Check test/unit/train/SystemMemoryMonitorAdaptive_test.ts
Check test/unit/train/SystemMemoryMonitorLastSnapshot.ts
Check test/unit/train/SystemMemoryMonitorPanic.ts
Check test/unit/train/SystemMemoryMonitorRss.ts
Check test/unit/train/SystemMemoryMonitor_test.ts
Check test/unit/train/TrainingDataUtils.ts
Check test/unit/train/TrainingMemoryDiagnostics_test.ts
Check test/unit/train/TrainingPerfTracker_test.ts
Check test/unit/train/WasmRequired.ts
Check test/unit/train/WorkerProcessor.ts
Check test/unit/train/capPopulationLoader_test.ts
Check test/unit/train/clearWasmLruCache.ts
Check test/unit/train/disposeAllWasmInstances.ts
Check test/unit/train/disposeWasmInstance.ts
Check test/unit/train/evolveIterationCleanup.ts
Check test/unit/train/formatDurationShort_test.ts
Check test/unit/train/inlineDiscoveryMemory.ts
Check test/unit/train/memoryProfile.ts
Check test/unit/train/memoryTuning.ts
Check test/unit/train/prefixMemoryReset.ts
Check test/unit/train/schedulerErrorHandling.ts
Check test/unit/train/schedulerGracefulShutdown.ts
Check test/unit/train/schedulerPoolStateRecovery.ts
Check test/unit/train/trainingDiagnosticsOptIn_test.ts
Check test/unit/train/wasmCacheCap.ts
Check test/unit/train/wasmCacheCapBounds.ts
Check test/unit/train/wasmCacheCapMemoryScaling.ts
Check test/unit/train/workerAutoScale.ts
Check test/unit/train/workerAutoScaleBounds.ts
Check test/unit/train/workerAutoScaleConfigurations_test.ts
Check test/unit/train/workerAutoScaleMemory.ts
Check test/unit/train/workerHandlerCallback.ts
Check test/unit/train/workerHandlerCrashRecovery.ts
Check test/unit/v/AppendOnlyRule.ts
Check test/unit/v/DuplicateMajorVersion.ts
Check test/unit/v/EconomicIndicatorSchedule.ts
Check test/unit/v/ExtensionRegistry.ts
Check test/unit/v/ExtensionVersionPlan.ts
Check test/unit/v/LastFinancialQuarter_test.ts
Check test/unit/v/ObservationRange.ts
Check test/unit/v/PublicationLag.ts
Check test/unit/v/SharedTrainHelpersSquash.ts
Check test/unit/v/SharedTrainHelpers_test.ts
Check test/unit/v/TrainV60FindMomentum_test.ts
Check test/unit/v/Utilities.ts
Check test/unit/v/V38AvailabilityGuard.ts
Check test/unit/v/V80AvailabilityGuard.ts
Check test/unit/v/VersionManager.ts
Check test/unit/v/issue1591_vix_assessment.ts
Check test/unit/v/issue2388_v80_patch_bump.ts
Check test/unit/v/v103.ts
Check test/unit/v/v115.ts
Check test/unit/worker/DiscoveryHealthStamp.ts
Check test/unit/worker/GhApiCache.ts
Check test/unit/worker/GhApiRateLimitLogging.ts
Check test/unit/worker/RaiseFailureIssueCli.ts
Check test/unit/worker/ScenarioCountCheckCli.ts
Check test/unit/worker/StageFailMarkerHelpers.ts
Check test/unit/worker/StalenessCheckCli.ts
Check test/unit/worker/WorkerSourcePathsExist.ts
Check test/v/AggregateModelLeakage.ts
Check test/v/AggregateModelPointInTime.ts
Check test/v/CommodityFutureDataLeakage.ts
Check test/v/FutureDataLeakage.ts
Check test/v/FutureDataLeakageEconomic.ts
Check test/v/FutureDataLeakageInsider.ts
Check test/v/FutureDataLeakageOther.ts
Check test/v/ObservationRange.ts
Check test/v/ObservationValueStability.ts
Check test/v/TrainV74CagrEncapsulation.ts
Check test/v/TrainV74Encapsulation.ts
Check test/v/V116/Candles.ts
Check test/v/V116/Drawdown.ts
Check test/v/V116/Fourier.ts
Check test/v/V116/LogEpsGrowth.ts
Check test/v/V116/NewsVolume.ts
Check test/v/V116/ValuationStretch.ts
Check test/v/issue1589_commodity_assessment.ts
Check test/v/issue1590_insider_assessment.ts
Check test/v/v04.ts
Check test/v/v100.ts
Check test/v/v101.ts
Check test/v/v102.ts
Check test/v/v104.ts
Check test/v/v105.ts
Check test/v/v106.ts
Check test/v/v107.ts
Check test/v/v108.ts
Check test/v/v109.ts
Check test/v/v110.ts
Check test/v/v111.ts
Check test/v/v112.ts
Check test/v/v113.ts
Check test/v/v114.ts
Check test/v/v68_precompute.ts
Check test/v/v74_precompute.ts
Check test/v/v83.ts
Check test/v/v84.ts
Check test/v/v85.ts
Check test/v/v86.ts
Check test/v/v87.ts
Check test/v/v88.ts
Check test/v/v88_precompute.ts
Check test/v/v89.ts
Check test/v/v90.ts
Check test/v/v91.ts
Check test/v/v92.ts
Check test/v/v93.ts
Check test/v/v94.ts
Check test/v/v95.ts
Check test/v/v96.ts
Check test/v/v97.ts
Check test/v/v98.ts
Check test/v/v99.ts
Check test/v04.ts
Check test/v09.ts
Check test/v11.ts
Check test/v14.ts
Check test/v15.ts
Check test/v16.ts
Check test/v18.ts
Check test/v18ModelCache.ts
Check test/v20.ts
Check test/v31.ts
Check test/v33.ts
Check test/v42.ts
Check test/v51.ts
Check test/v52.ts
Check test/v55.ts
Check test/v56.ts
Check test/v57.ts
Check test/v58.ts
Check test/v59.ts
Check test/v60.ts
Check test/v61.ts
Check test/v62.ts
Check test/v62_months_optimisation.ts
Check test/v63.ts
Check test/v64.ts
Check test/v64ModelCache.ts
Check test/v65.ts
Check test/v67.ts
Check test/v68.ts
Check test/v69-cache.ts
Check test/v69.ts
Check test/v70.ts
Check test/v71.ts
Check test/v72.ts
Check test/v73.ts
Check test/v74.ts
Check test/v75.ts
Check test/v76.ts
Check test/v77.ts
Check test/v78.ts
Check test/v79.ts
Check test/v80.ts
Check test/v80_cache.ts
Check test/v81.ts
Check test/v82.ts
Check test/wasmAutoInitGuard.ts
Check test/worker/ArchivePrivateScores.ts
Check test/worker/AssertCorrectRepo.ts
Check test/worker/AssertCwdIsParentDir.ts
Check test/worker/AtoFailureHealthReporting.ts
Check test/worker/AtoFetchDividends.ts
Check test/worker/BackfillGrqScores.ts
Check test/worker/BashSyntaxGate.ts
Check test/worker/BudgetFit.ts
Check test/worker/CapFailureDiagnostics.ts
Check test/worker/CheckRepoFreshness.ts
Check test/worker/CheckinProvenance.ts
Check test/worker/CheckinSampleAlwaysStage.ts
Check test/worker/CheckinSampleEvolutionMode.ts
Check test/worker/CheckinSampleStalePreserve.ts
Check test/worker/CircuitBreaker.ts
Check test/worker/CleanupCacheBackgroundPurge.ts
Check test/worker/CleanupCacheLogsRetention.ts
Check test/worker/CleanupCacheLowDisk.ts
Check test/worker/CleanupCachePortfolioCacheSurvives.ts
Check test/worker/CleanupCacheSyncHook.ts
Check test/worker/CloneCallersCwdGuard.ts
Check test/worker/ClusterActiveTeamsDna.ts
Check test/worker/ClusterDateInjection.ts
Check test/worker/ClusterPushRetry.ts
Check test/worker/ClusterTrainingDataShaGate.ts
Check test/worker/ComputeVersionEmoji.ts
Check test/worker/ConvertToPartialClone.ts
Check test/worker/CoordinationSelfHeal.ts
Check test/worker/CostOfGrowthTier.ts
Check test/worker/CriticalRepos.ts
Check test/worker/CsvRowGuard.ts
Check test/worker/DataPrepBudget.ts
Check test/worker/DiscoveryAwaitCleanup.ts
Check test/worker/DiscoveryBudget.ts
Check test/worker/DiscoveryCacheDroughtRotation.ts
Check test/worker/DiscoveryDeferredFailureCache.ts
Check test/worker/DiscoveryEvolutionMode.ts
Check test/worker/DiscoveryGracefulExitTrail.ts
Check test/worker/DiscoveryHeapOOMPrevention.ts
Check test/worker/DiscoveryHeapSize.ts
Check test/worker/DiscoveryLogTimestamp.ts
Check test/worker/DiscoveryOomDiagnostics.ts
Check test/worker/DiscoveryReplayHealthReporting.ts
Check test/worker/DiscoveryReplayNoImprovementSignal_2390.ts
Check test/worker/DiscoveryReplaySegfaultDiagnostics_2357.ts
Check test/worker/DiscoveryRunShellcheckClean.ts
Check test/worker/DiscoveryScanTuning.ts
Check test/worker/DiscoverySegfaultDiagnostics_2357.ts
Check test/worker/DiscoveryWorkerFallbackHealth.ts
Check test/worker/DiskGuardBuildArtefactCleanup.ts
Check test/worker/DiskGuardEmergencyCleanup.ts
Check test/worker/DiskGuardEscalation.ts
Check test/worker/DiskGuardOsTempCleanup.ts
Check test/worker/DiskGuardPurgeableMeasure.ts
Check test/worker/DiskGuardSiblingCloneCleanup.ts
Check test/worker/DiskGuardStaleTrainingExtractionCleanup.ts
Check test/worker/DiskPreflightEnforce.ts
Check test/worker/EasySequenceBudget.ts
Check test/worker/ElephantRunTimeouts.ts
Check test/worker/EnforceNeverMergeJson.ts
Check test/worker/EnsureNeatAiNativeScorerCircuitBreaker.ts
Check test/worker/EstimateLoopBudget.ts
Check test/worker/EvolutionModeHelper.ts
Check test/worker/EvolutionTimeout.ts
Check test/worker/EvolveUnitRetry.ts
Check test/worker/ExchangeEvolutionTimeout.ts
Check test/worker/FXEvolutionTimeout.ts
Check test/worker/FXPredictionsHealth.ts
Check test/worker/FXRecordingBudget.ts
Check test/worker/FXRecordingReconciliation.ts
Check test/worker/FailLoudTaskExported.ts
Check test/worker/FetchSessionTmpHardening.ts
Check test/worker/FetchTrainingDataCleanup.ts
Check test/worker/FetchTrainingDataErrexitState.ts
Check test/worker/FetchTrainingDataFallback.ts
Check test/worker/FetchTrainingDataRetryMessages.ts
Check test/worker/FetchTrainingDataShaTag.ts
Check test/worker/FetchTrainingDataSymlinkTraversal.ts
Check test/worker/FetchTrainingDataZipSlip.ts
Check test/worker/FinalizeResultsPartialGuard.ts
Check test/worker/FxDailyShell.ts
Check test/worker/FxDailyTask.ts
Check test/worker/FxFetchSentimentTopics.ts
Check test/worker/FxQuarantineList.ts
Check test/worker/FxStageFailLoud.ts
Check test/worker/GenerateNeatAiExploreSnapshot.ts
Check test/worker/GenerateNeatAiExploreSnapshotCargoPath.ts
Check test/worker/GitGradedSelfHeal.ts
Check test/worker/GitOperations.ts
Check test/worker/GitOperationsClassifier.ts
Check test/worker/GitResetHardSafe.ts
Check test/worker/GitSafeWrappersAdoption.ts
Check test/worker/GitSelfHeal.ts
Check test/worker/Grq22OomRegression.ts
Check test/worker/GrqCommitInfoPreamble.ts
Check test/worker/HealthConflictResolution.ts
Check test/worker/HealthSyncLogging.ts
Check test/worker/IDCheckinModifyDeleteRegression.ts
Check test/worker/IndustryEvolutionTimeout.ts
Check test/worker/IntelligentDesignBudget.ts
Check test/worker/IntelligentDesignEvolutionMode.ts
Check test/worker/IntelligentDesignFXAll.ts
Check test/worker/IntelligentDesignFXCheckinSelfHeal.ts
Check test/worker/IntelligentDesignFXEvolutionMode.ts
Check test/worker/IntelligentDesignFXNoEvolutionModeSidecar_2389.ts
Check test/worker/IntelligentDesignFXRunNativeScorer.ts
Check test/worker/IntelligentDesignFXScripts.ts
Check test/worker/IntelligentDesignFXSegfaultDiagnostics_2356.ts
Check test/worker/IntelligentDesignNoEvolutionModeSidecar_2389.ts
Check test/worker/IntelligentDesignScoreTmpToctou.ts
Check test/worker/IntelligentDesignScripts.ts
Check test/worker/IntelligentDesignSegfaultDiagnostics_2357.ts
Check test/worker/JovianDnaTagging.ts
Check test/worker/JsonMergeMarkerScan.ts
Check test/worker/LearnClusterPullNeverMergesJson.ts
Check test/worker/LearnCopyNetworksSelfHeal.ts
Check test/worker/LearnEvolutionMode.ts
Check test/worker/LearnNoHardTimeout.ts
Check test/worker/LearnShMissingTimeout.ts
Check test/worker/LearnShPassthrough.ts
Check test/worker/LeaveRepoClean.ts
Check test/worker/LocationPerSymbolLoop.ts
Check test/worker/LogRotation.ts
Check test/worker/LowDiskToolchainCleanup.ts
Check test/worker/MemoryBrake.ts
Check test/worker/MemoryCalcHeapSize.ts
Check test/worker/MemoryCalcHostFloor.ts
Check test/worker/MemoryCalcMacOSAvailable.ts
Check test/worker/MemoryPanicExitCode.ts
Check test/worker/ModelCheckinCsvRowGuard.ts
Check test/worker/ModelCheckinModifyDeleteRegression.ts
Check test/worker/ModelCheckinScoresArchiveAutoresolve.ts
Check test/worker/ModelCheckinSidecarAutoresolve.ts
Check test/worker/ModelCheckinSidecarAutoresolveBulk.ts
Check test/worker/ModelCheckinTimeoutPropagation.ts
Check test/worker/ModelFetchConnectivity.ts
Check test/worker/ModelFetchGitTimeout.ts
Check test/worker/ModelFetchGradedSelfHeal.ts
Check test/worker/ModelFetchPartialClone.ts
Check test/worker/ModelFetchPrefetchCheck.ts
Check test/worker/ModelFetchPreserveOnTransientFailure.ts
Check test/worker/ModelFetchPromisorReclone.ts
Check test/worker/ModelFetchRepoNameLogged.ts
Check test/worker/ModelFetchResetFailMarker.ts
Check test/worker/ModelFetchShortCircuit.ts
Check test/worker/ModelFetchStripEmbeddedAfterReset.ts
Check test/worker/ModelFetchTempRace.ts
Check test/worker/NeatAiCloneIntoSelf.ts
Check test/worker/NeverMergeJsonE2E.ts
Check test/worker/NodeLogTestIsolation_test.ts
Check test/worker/NodeShMaxTaskLogPush.ts
Check test/worker/NodeShOptionRotation.ts
Check test/worker/NodeShPostDispatcherReporting.ts
Check test/worker/NodeShSystemInfoDetection.ts
Check test/worker/NodeShTwoTierDiskCleanup.ts
Check test/worker/OomGuardClassification.ts
Check test/worker/OomGuardContinuesBatch.ts
Check test/worker/PerformanceCsvOnModelChange.ts
Check test/worker/PhaseTimer.ts
Check test/worker/PortableReadlink.ts
Check test/worker/PortfolioDispatcherFailLoud.ts
Check test/worker/PortfolioShellcheckClean.ts
Check test/worker/PortfolioTaskFailureMarker.ts
Check test/worker/PortfolioTaskRaiseOnFailure.ts
Check test/worker/PreHealthCleanup.ts
Check test/worker/PromoteEmbargoedScores.ts
Check test/worker/PurgeStrayPortfolioOrphans.ts
Check test/worker/PurgeStrayWorkers.ts
Check test/worker/QualityShExitPropagation.ts
Check test/worker/QualitySkip.ts
Check test/worker/QualityTaskFailureHardening.ts
Check test/worker/QualityTaskRaiseOnFailure.ts
Check test/worker/QualityTaskSkip.ts
Check test/worker/RecordPerformance.ts
Check test/worker/RecordTeamPerformance.ts
Check test/worker/RepoSyncResilience.ts
Check test/worker/ResolveRebaseConflicts.ts
Check test/worker/RetryWithBackoff.ts
Check test/worker/RetryWithBackoffExitCode.ts
Check test/worker/RunBudget.ts
Check test/worker/RunCoreTaskDeadlineEnv.ts
Check test/worker/RunCoreWallClockCapExit.ts
Check test/worker/RunStageLogging.ts
Check test/worker/RunSyncFailureDiagnostics.ts
Check test/worker/RustScorerAllowRunArgsHelper.ts
Check test/worker/SafeGitAdd.ts
Check test/worker/SafeGitCommitAndPushRebase.ts
Check test/worker/SamplerConflictAutoResolve.ts
Check test/worker/SamplerErrTrap.ts
Check test/worker/SamplerEvolutionMode.ts
Check test/worker/SamplerEvolutionTimeout.ts
Check test/worker/SamplerFinalLoop.ts
Check test/worker/SamplerGitPullSafe.ts
Check test/worker/SamplerHeapBudgetProfile.ts
Check test/worker/SamplerHeapSize.ts
Check test/worker/SamplerLifecycleShell.ts
Check test/worker/SamplerLoopBudget.ts
Check test/worker/SamplerModifyDeleteRegression.ts
Check test/worker/SamplerNativeScorer.ts
Check test/worker/SamplerOomRetry.ts
Check test/worker/SamplerPullAutostash.ts
Check test/worker/SamplerRunSummary.ts
Check test/worker/SamplerShPassthrough.ts
Check test/worker/SamplerTopologyRetry.ts
Check test/worker/ScoreSkipRepos.ts
Check test/worker/ScorerGuardReconciliation.ts
Check test/worker/ScorerMarketDataAndTimezone.ts
Check test/worker/ScorerTaskHeapStability.ts
Check test/worker/ScoresIndexGuard.ts
Check test/worker/SegfaultDiagnostics_2355.ts
Check test/worker/SegfaultFixture_2357.ts
Check test/worker/Sha256Wrapper.ts
Check test/worker/ShouldPushToRemote.ts
Check test/worker/SidecarCleanup.ts
Check test/worker/SingleCommitCheckin.ts
Check test/worker/StageFailMarkerHelpers.ts
Check test/worker/StageFailureContext.ts
Check test/worker/StageFailureHealth.ts
Check test/worker/StageFailureSandboxGuard.ts
Check test/worker/SyncTrainingS3LogAppend.ts
Check test/worker/SystemMemoryPressureDiagnostics.ts
Check test/worker/TaskBudget.ts
Check test/worker/TaskDataFailureMarker.ts
Check test/worker/TaskDataSelfHeal.ts
Check test/worker/TaskDataStageSummary.ts
Check test/worker/TeamEmoji.ts
Check test/worker/TeamRepoPushConflictResolution.ts
Check test/worker/TeamsCheckinFormatJson.ts
Check test/worker/TeamsCheckinPerStageFile.ts
Check test/worker/TeamsRunEvolutionMode.ts
Check test/worker/TeamsRunFinalSafetyCheck.ts
Check test/worker/TeamsRunFinalSafetyCheckSelfHeal.ts
Check test/worker/TeamsRunForwardOnlyCheck.ts
Check test/worker/TeamsRunFourStageSchedule.ts
Check test/worker/TeamsRunHeapSize.ts
Check test/worker/TeamsRunIsolatedCrisprEnabled.ts
Check test/worker/TeamsRunIsolatedDisableCRISPR.ts
Check test/worker/TeamsRunIsolatedHappyPath.ts
Check test/worker/TeamsRunIsolatedUpgradeNoSilentSkip.ts
Check test/worker/TeamsRunLoopCrashRecovery.ts
Check test/worker/TeamsRunOomRetry.ts
Check test/worker/TeamsRunOomSalvage.ts
Check test/worker/TeamsRunPerformanceCsvWiring.ts
Check test/worker/TeamsRunPopulationScaling.ts
Check test/worker/TeamsRunPurgeStrayCreatures.ts
Check test/worker/TeamsRunReseedEachLoop.ts
Check test/worker/TeamsRunSafetyPipelineRegression.ts
Check test/worker/TeamsRunSamplerCheckinOncePerRun.ts
Check test/worker/TeamsRunScriptVersion.ts
Check test/worker/TeamsRunSemverCheckLogging.ts
Check test/worker/TeamsRunTeamCrisprPolicy.ts
Check test/worker/TeamsRunTeamSelection.ts
Check test/worker/TeamsRunUpgradePath.ts
Check test/worker/Terminal.ts
Check test/worker/TerminalDiagnostic.ts
Check test/worker/TerminalFailureMarker.ts
Check test/worker/TerminalNativeScorer.ts
Check test/worker/ToolchainCacheCleanup.ts
Check test/worker/TrainDataExchangeHeapSize.ts
Check test/worker/TrainDataExchangeResume.ts
Check test/worker/TrainDataFXResume.ts
Check test/worker/TrainDataIndustryHeapSize.ts
Check test/worker/TrainDataIndustryResume.ts
Check test/worker/TrainDataLeaseProtection.ts
Check test/worker/TrainDataLocationHeapSize.ts
Check test/worker/TrainDataLocationResume.ts
Check test/worker/TrainDataMarketDataClone.ts
Check test/worker/TrainDataSentimentClone.ts
Check test/worker/TrainDataShadow.ts
Check test/worker/TrainDataStocksHeapSize.ts
Check test/worker/UpdateHealthRepo.ts
Check test/worker/UpgradeAllowNet.ts
Check test/worker/UpgradeJqResilience.ts
Check test/worker/UpgradeShIntegrityCheck.ts
Check test/worker/UtcDate.ts
Check test/worker/ValidateJsonShell.ts
Check test/worker/ValidationCsvRowGuard.ts
Check test/worker/ValidationScoresIndexGuard.ts
Check test/worker/WasmActivationHealth.ts
Check test/worker/WorkerHeapHarmonisation.ts
Check test/worker/WorldUncertaintyHealth.ts
Check test/worker/fxShell.ts
Check test/worker/memoryCalcAvailableCap.ts
Check test/worker/memoryCalcGrowthReserve.ts
Check test/worker/memoryCalcHeadroom.ts
Check test/worker/memoryCalcRamCap.ts
Check test/worker/memoryCalcRustBudget.ts
Check test/worker/memoryStartupLog.ts
TS2561 [ERROR]: Object literal may only specify known properties, but 'rawShared' does not exist in type 'DnaStats'. Did you mean to write 'shared'?
  assertEquals(stats, { shared: 0, total: 0, percent: 0, rawShared: 0 });
                                                         ~~~~~~~~~
    at file:///Volumes/GRQ/Elephant/GRQ/test/unit/JovianDna.ts:235:58

TS2561 [ERROR]: Object literal may only specify known properties, but 'rawShared' does not exist in type 'DnaStats'. Did you mean to write 'shared'?
  assertEquals(stats, { shared: 0, total: 2, percent: 0, rawShared: 0 });
                                                         ~~~~~~~~~
    at file:///Volumes/GRQ/Elephant/GRQ/test/unit/JovianDna.ts:247:58

TS2561 [ERROR]: Object literal may only specify known properties, but 'rawShared' does not exist in type 'DnaStats'. Did you mean to write 'shared'?
  assertEquals(stats, { shared: 1, total: 2, percent: 50, rawShared: 1 });
                                                          ~~~~~~~~~
    at file:///Volumes/GRQ/Elephant/GRQ/test/unit/TeamDna.ts:66:59

TS2551 [ERROR]: Property 'rawShared' does not exist on type 'DnaStats'. Did you mean 'shared'?
  assertEquals(stats.rawShared, 2);
                     ~~~~~~~~~
    at file:///Volumes/GRQ/Elephant/GRQ/test/unit/TeamDna.ts:101:22

    'shared' is declared here.
      shared: number;
      ~~~~~~
        at file:///Volumes/GRQ/Elephant/GRQ/src/TeamDna.ts:98:3

TS2551 [ERROR]: Property 'rawShared' does not exist on type 'DnaStats'. Did you mean 'shared'?
  assertEquals(stats.rawShared, (stats.shared ?? 0) + 1);
                     ~~~~~~~~~
    at file:///Volumes/GRQ/Elephant/GRQ/test/unit/TeamDna.ts:102:22

    'shared' is declared here.
      shared: number;
      ~~~~~~
        at file:///Volumes/GRQ/Elephant/GRQ/src/TeamDna.ts:98:3

TS2561 [ERROR]: Object literal may only specify known properties, but 'rawShared' does not exist in type 'DnaStats'. Did you mean to write 'shared'?
      rawShared: 7,
      ~~~~~~~~~
    at file:///Volumes/GRQ/Elephant/GRQ/test/unit/TeamDna.ts:117:7

TS2561 [ERROR]: Object literal may only specify known properties, but 'rawShared' does not exist in type 'DnaStats'. Did you mean to write 'shared'?
      rawShared: 12,
      ~~~~~~~~~
    at file:///Volumes/GRQ/Elephant/GRQ/test/unit/TeamDna.ts:131:7

Found 7 errors.

error: Type checking failed.
