NVSA MIN rsi-vs-location-9d=-0.5387424489505699
NVSA MIN rsi-vs-location-14d=-0.6003497048534191
WK MIN location-rsi-9d=-0.2113414968460516
DTCX MAX rsi-vs-russell2000-21d=0.3730552122411274
GEEX MIN rsi-vs-russell2000-21d=-0.6269447877588725
CHEA MIN location-rsi-9d=-0.23725658979347378
ACQR MIN rsi-vs-location-21d=-0.6109666490329262
FIZZ MAX rsi-vs-location-14d=0.4353122329809315
COSO MIN rsi-vs-location-21d=-0.6620460931850117
TSM MAX location-rsi-21d=0.4031581055480245
CYBN MAX rsi-vs-location-9d=0.527248595280956
RLTY MAX rsi-vs-location-14d=0.4436952011886963
RLTY MAX rsi-vs-russell2000-14d=0.4316133732808882
LBBB MIN rsi-vs-location-9d=-0.556627385438556
LBBB MIN rsi-vs-location-14d=-0.6127898996167905
Min [
  -0.23725658979347378,
  -0.556627385438556,
  0.0036052598182384392,
  -0.5018026299091192,
  -0.08351247663394487,
  -0.6127898996167905,
  0.13677325343822355,
  -0.5683866267191118,
  -0.18617369816680024,
  -0.6620460931850117,
  0.25388957551774516,
  -0.6269447877588725
] Max [
  0.18086602932709706,
  0.527248595280956,
  0.0036052598182384392,
  0.4981973700908808,
  0.3652991301631502,
  0.4436952011886963,
  0.13677325343822355,
  0.4316133732808882,
  0.4031581055480245,
  0.3921947397378982,
  0.25388957551774516,
  0.3730552122411274
] Pos [
  2221, 2032, 3947,
  2008, 3858, 2057,
  3947, 2017, 3914,
  2111, 3947, 1972
] Neg [
  1725,           1914,
  <1 empty item>, 1939,
  88,             1889,
  <1 empty item>, 1930,
  32,             1835,
  <1 empty item>, 1975
] Cnt [
  3947, 3947, 3947,
  3947, 3947, 3947,
  3947, 3947, 3947,
  3947, 3947, 3947
] Limit []
[0m[38;5;245m----- post-test output end -----[0m
all:2022-09-16 ... [0m[32mok[0m [0m[38;5;245m(2s)[0m
russell2000-rsi-consistent-across-stocks ... [0m[32mok[0m [0m[38;5;245m(1ms)[0m
location-rsi-consistent-for-same-location ... [0m[32mok[0m [0m[38;5;245m(2ms)[0m
[0m[38;5;245m------- post-test output -------[0m
2026-08-17T03:29:25.305Z [INFO] [History] [pid-28024] History Loaded
[0m[38;5;245m----- post-test output end -----[0m
[0m[38;5;245mrunning 1 test from ./test/v79.ts[0m
all:2022-09-16 ...
[0m[38;5;245m------- post-test output -------[0m
GRMN MAX net-profit-margin-vs-industry=0.08138572226164749
GRMN MIN net-profit-margin-vs-industry=0.08138572226164749
GRMN MAX net-profit-margin-industry=0.12558973742687585
GRMN MIN net-profit-margin-industry=0.12558973742687585
GRMN MAX net-profit-margin-vs-location=0.10506921184659578
GRMN MIN net-profit-margin-vs-location=0.10506921184659578
GRMN MAX net-profit-margin-location=0.10200801029667286
GRMN MIN net-profit-margin-location=0.10200801029667286
GRMN MAX net-profit-margin-vs-exchange=0.1252769092380984
GRMN MIN net-profit-margin-vs-exchange=0.1252769092380984
GRMN MAX net-profit-margin-exchange=0.08170143765875307
GRMN MIN net-profit-margin-exchange=0.08170143765875307
GRMN MAX net-profit-margin-vs-russell=0.11870645406458503
GRMN MIN net-profit-margin-vs-russell=0.11870645406458503
GRMN MAX net-profit-margin-vs-sp500=0.10628424182844345
GRMN MIN net-profit-margin-vs-sp500=0.10628424182844345
SIG MIN net-profit-margin-vs-industry=0.007724817826486809
SIG MIN net-profit-margin-industry=0.07498772030099377
SIG MIN net-profit-margin-vs-location=-0.14318920383833506
SIG MAX net-profit-margin-location=0.22321176950144422
SIG MIN net-profit-margin-vs-exchange=0.0009697652268996445
SIG MIN net-profit-margin-vs-russell=-0.00569991222368991
SIG MIN net-profit-margin-vs-sp500=-0.01827954265300275
HCC MAX net-profit-margin-vs-industry=0.38009412684789845
HCC MIN net-profit-margin-industry=0.07475921171554781
HCC MAX net-profit-margin-vs-location=0.2620409782033909
HCC MAX net-profit-margin-vs-exchange=0.3741024479899671
HCC MAX net-profit-margin-vs-russell=0.3683518928483276
HCC MAX net-profit-margin-vs-sp500=0.35742734623105393
CVGI MIN net-profit-margin-vs-industry=-0.01370966886490361
CVGI MIN net-profit-margin-industry=0.023612496052897874
CVGI MIN net-profit-margin-location=0.05798627425890839
CVGI MIN net-profit-margin-vs-exchange=-0.07559117291378935
CVGI MAX net-profit-margin-exchange=0.08543323372723474
CVGI MIN net-profit-margin-vs-russell=-0.07848558480836755
CVGI MIN net-profit-margin-vs-sp500=-0.09097669363125273
ABCL MIN net-profit-margin-industry=-0.22200784823667435
ABCL MIN net-profit-margin-vs-location=-0.28389912018732544
ABCL MIN net-profit-margin-vs-exchange=-0.2292603326195805
ABCL MIN net-profit-margin-vs-russell=-0.2320171396440411
ABCL MIN net-profit-margin-vs-sp500=-0.2438861786108115
BEAT MAX net-profit-margin-vs-industry=0.6674252648091774
BEAT MIN net-profit-margin-industry=-0.6674252648091774
SPIR MIN net-profit-margin-vs-industry=-0.9649223476265633
SPIR MIN net-profit-margin-vs-location=-0.9655628035925974
SPIR MIN net-profit-margin-location=0.04922732269332327
SPIR MIN net-profit-margin-vs-exchange=-0.9677024422527779
SPIR MIN net-profit-margin-vs-russell=-0.9681235929371651
SPIR MIN net-profit-margin-vs-sp500=-0.9689033820275456
SAFE MAX net-profit-margin-industry=0.20255746943914316
ONVO MAX net-profit-margin-vs-industry=0.7012608476798986
ONVO MIN net-profit-margin-industry=-0.7012608476798986
LLAP MIN net-profit-margin-vs-location=-0.9813957861044164
LLAP MIN net-profit-margin-vs-exchange=-0.9808291320758703
LLAP MIN net-profit-margin-vs-russell=-0.9810807603363398
LLAP MIN net-profit-margin-vs-sp500=-0.9815465516057336
TUYA MIN net-profit-margin-location=0.04647979141633849
OVV MAX net-profit-margin-industry=0.2980063885260015
OLP MAX net-profit-margin-vs-location=0.5913871433460653
OLP MAX net-profit-margin-vs-exchange=0.6011471077308121
OLP MAX net-profit-margin-vs-russell=0.596870581032652
OLP MAX net-profit-margin-vs-sp500=0.5887103800613308
CNET MIN net-profit-margin-location=-0.49592159993527546
CMP MAX net-profit-margin-industry=0.43185637674303357
BPMC MIN net-profit-margin-vs-industry=-0.9988834770347953
BPMC MIN net-profit-margin-vs-location=-0.9997255932515152
BPMC MIN net-profit-margin-vs-exchange=-0.9997302987300566
BPMC MIN net-profit-margin-vs-russell=-0.9997318645314098
BPMC MIN net-profit-margin-vs-sp500=-0.9997385266270823
NG MAX net-profit-margin-exchange=0.11356165342152724
IBIO MIN net-profit-margin-vs-industry=-0.9999967013161741
IBIO MIN net-profit-margin-vs-location=-0.9999983440845139
IBIO MIN net-profit-margin-vs-exchange=-0.9999982304837914
IBIO MIN net-profit-margin-vs-russell=-0.9999982407584185
IBIO MIN net-profit-margin-vs-sp500=-0.9999982844742245
VMI MAX net-profit-margin-vs-location=0.741469422405466
VMI MIN net-profit-margin-location=-0.7097655211989505
ACRS MIN net-profit-margin-vs-industry=-0.999999999993305
ACRS MIN net-profit-margin-vs-location=-0.9999999999961418
ACRS MIN net-profit-margin-vs-exchange=-0.9999999999964087
ACRS MIN net-profit-margin-vs-russell=-0.9999999999964294
ACRS MIN net-profit-margin-vs-sp500=-0.9999999999965182
SCPL MAX net-profit-margin-location=0.26619840309175585
AB MAX net-profit-margin-vs-exchange=0.6763450152744735
AB MAX net-profit-margin-vs-russell=0.6727099546057006
AB MAX net-profit-margin-vs-sp500=0.665763586568409
WERN MAX net-profit-margin-vs-location=0.7500869908467926
WK MAX net-profit-margin-location=0.3192715662322223
HUSA MIN net-profit-margin-exchange=-0.27517697395181684
SAND MAX net-profit-margin-vs-industry=0.7592459682812805
SAND MAX net-profit-margin-vs-exchange=0.770583937402034
SAND MAX net-profit-margin-vs-russell=0.767860730790533
SAND MAX net-profit-margin-vs-sp500=0.7626472754688467
LEGN MIN net-profit-margin-vs-industry=-0.99999999999997
LEGN MIN net-profit-margin-vs-location=-0.9999999999999853
LEGN MIN net-profit-margin-vs-exchange=-0.9999999999999839
LEGN MIN net-profit-margin-vs-russell=-0.999999999999984
LEGN MIN net-profit-margin-vs-sp500=-0.9999999999999845
TSM MAX net-profit-margin-location=0.32608495450998226
LEV MAX net-profit-margin-vs-industry=0.9994846630683738
LEV MAX net-profit-margin-vs-location=0.9965622401419961
LEV MAX net-profit-margin-vs-exchange=0.9969641646032824
LEV MAX net-profit-margin-vs-russell=0.9969234595468303
LEV MAX net-profit-margin-vs-sp500=0.9968451853437735
ATPC MIN net-profit-margin-location=-0.780191612807633
ZVRA MIN net-profit-margin-vs-industry=-0.9999999999999998
ZVRA MIN net-profit-margin-vs-location=-0.9999999999999999
ZVRA MIN net-profit-margin-vs-exchange=-0.9999999999999999
ZVRA MIN net-profit-margin-vs-russell=-0.9999999999999999
ZVRA MIN net-profit-margin-vs-sp500=-0.9999999999999999
BHP MAX net-profit-margin-location=0.5064740705244859
ARQQ MAX net-profit-margin-vs-industry=0.9999999992607648
ARQQ MAX net-profit-margin-vs-location=0.9999999991880658
ARQQ MAX net-profit-margin-vs-exchange=0.9999999992923461
ARQQ MAX net-profit-margin-vs-russell=0.999999999288213
ARQQ MAX net-profit-margin-vs-sp500=0.999999999270075
HYZN MAX net-profit-margin-vs-industry=1
HYZN MAX net-profit-margin-vs-location=1
HYZN MAX net-profit-margin-vs-exchange=1
HYZN MAX net-profit-margin-vs-russell=1
HYZN MAX net-profit-margin-vs-sp500=1
URG MIN net-profit-margin-vs-industry=-0.9999999999999999
PDO MIN net-profit-margin-industry=-0.9825237253090797
Min [
  -0.9999999999999999,
  -0.9825237253090797,
  -0.9999999999999999,
  -0.780191612807633,
  -0.9999999999999999,
  -0.27517697395181684,
  -0.9999999999999999,
  -0.9999999999999999
] Max [
  1,
  0.43185637674303357,
  1,
  0.5064740705244859,
  1,
  0.11356165342152724,
  1,
  1
] Pos [
  1715, 2985, 1456,
  3679, 1484, 3724,
  1432, 1317
] Neg [
  1929,  756, 2192,
    65, 2161,   17,
  2217, 2332
] Cnt [
  3947, 3947, 3947,
  3947, 3947, 3947,
  3947, 3947
] Limit [
  298, 203, 298,
  203, 298, 203,
  298, 298
]
[0m[38;5;245m----- post-test output end -----[0m
all:2022-09-16 ... [0m[32mok[0m [0m[38;5;245m(45s)[0m
[0m[38;5;245m------- post-test output -------[0m
2026-08-17T03:30:14.602Z [INFO] [History] [pid-28024] History Loaded
[0m[38;5;245m----- post-test output end -----[0m
[0m[38;5;245mrunning 4 tests from ./test/v80.ts[0m
BIAF ...
[0m[38;5;245m------- post-test output -------[0m
{
  input: [
                         0,                      0,
                         0,                      0,
                         0,   -0.04421685651704099,
                         1,                      0,
        0.7615941559557649,                      0,
     -0.022034279974730935,                      1,
                         0,     0.7615941559557649,
     -6.806945072110532e-8, -0.0032831780481626686,
                         1,                      0,
        0.7615941559557649,  -3.061354379839667e-8,
    -0.0032831780481626686,                      1,
                         0,     0.7615941559557649,
     -3.061354379839667e-8
  ],
  labels: [
    "insider-net-activity-7",
    "insider-avg-price-7",
    "insider-volume-7",
    "insider-trade-concentration-7",
    "insider-trend-7",
    "insider-net-activity-14",
    "insider-avg-price-14",
    "insider-volume-14",
    "insider-trade-concentration-14",
    "insider-trend-14",
    "insider-net-activity-30",
    "insider-avg-price-30",
    "insider-volume-30",
    "insider-trade-concentration-30",
    "insider-trend-30",
    "insider-net-activity-60",
    "insider-avg-price-60",
    "insider-volume-60",
    "insider-trade-concentration-60",
    "insider-trend-60",
    "insider-net-activity-90",
    "insider-avg-price-90",
    "insider-volume-90",
    "insider-trade-concentration-90",
    "insider-trend-90"
  ]
}
[0m[38;5;245m----- post-test output end -----[0m
BIAF ... [0m[32mok[0m [0m[38;5;245m(6ms)[0m
AVT ...
[0m[38;5;245m------- post-test output -------[0m
{
  input: [
                          0,                      0,
                          0,                      0,
                          0,                      0,
                          0,                      0,
                          0,                      0,
     -0.0005492233236475499,     0.9721254639251969,
      0.0009872002343077875,     0.7615941559557649,
    0.000001001912270543186, -0.0010105537367652608,
                          1,  0.0017627974973498117,
         0.7615941559557649,  3.4641462658742136e-7,
     -0.0006618496721000469,                      1,
      0.0011545228783751036,     0.7615941559557649,
       3.029850642571427e-7
  ],
  labels: [
    "insider-net-activity-7",
    "insider-avg-price-7",
    "insider-volume-7",
    "insider-trade-concentration-7",
    "insider-trend-7",
    "insider-net-activity-14",
    "insider-avg-price-14",
    "insider-volume-14",
    "insider-trade-concentration-14",
    "insider-trend-14",
    "insider-net-activity-30",
    "insider-avg-price-30",
    "insider-volume-30",
    "insider-trade-concentration-30",
    "insider-trend-30",
    "insider-net-activity-60",
    "insider-avg-price-60",
    "insider-volume-60",
    "insider-trade-concentration-60",
    "insider-trend-60",
    "insider-net-activity-90",
    "insider-avg-price-90",
    "insider-volume-90",
    "insider-trade-concentration-90",
    "insider-trend-90"
  ]
}
[0m[38;5;245m----- post-test output end -----[0m
AVT ... [0m[32mok[0m [0m[38;5;245m(6ms)[0m
NCNO ...
[0m[38;5;245m------- post-test output -------[0m
{
  input: [
    -0.026673778156455347,
    0.37874250816367117,
    0.026673778156455347,
    0.7615941559557649,
    -0.000025102123201128825,
    -0.7588276562007072,
    0.20269692185909718,
    0.7588276562007072,
    0.7615941559557649,
    0.00038876819184818746,
    -0.4880785595501123,
    0.9840928783098055,
    0.48979429145243336,
    0.7615941559557649,
    -0.0000549258040637812,
    -0.34108710127593767,
    0.9209591814330639,
    0.3421344684726217,
    0.7615941559557649,
    -0.000017094158190596215,
    -0.2639332812733269,
    0.9702922592724642,
    0.2651900144893145,
    0.7615941559557649,
    -0.000009592738833969442
  ],
  labels: [
    "insider-net-activity-7",
    "insider-avg-price-7",
    "insider-volume-7",
    "insider-trade-concentration-7",
    "insider-trend-7",
    "insider-net-activity-14",
    "insider-avg-price-14",
    "insider-volume-14",
    "insider-trade-concentration-14",
    "insider-trend-14",
    "insider-net-activity-30",
    "insider-avg-price-30",
    "insider-volume-30",
    "insider-trade-concentration-30",
    "insider-trend-30",
    "insider-net-activity-60",
    "insider-avg-price-60",
    "insider-volume-60",
    "insider-trade-concentration-60",
    "insider-trend-60",
    "insider-net-activity-90",
    "insider-avg-price-90",
    "insider-volume-90",
    "insider-trade-concentration-90",
    "insider-trend-90"
  ]
}
[0m[38;5;245m----- post-test output end -----[0m
NCNO ... [0m[32mok[0m [0m[38;5;245m(3ms)[0m
all:2022-09-16 ...
[0m[38;5;245m------- post-test output -------[0m
PRM MAX insider-net-activity-7=0
PRM MIN insider-net-activity-7=0
PRM MAX insider-avg-price-7=0
PRM MIN insider-avg-price-7=0
PRM MAX insider-volume-7=0
PRM MIN insider-volume-7=0
PRM MAX insider-trade-concentration-7=0
PRM MIN insider-trade-concentration-7=0
PRM MAX insider-trend-7=0
PRM MIN insider-trend-7=0
PRM MAX insider-net-activity-14=0
PRM MIN insider-net-activity-14=0
PRM MAX insider-avg-price-14=0
PRM MIN insider-avg-price-14=0
PRM MAX insider-volume-14=0
PRM MIN insider-volume-14=0
PRM MAX insider-trade-concentration-14=0
PRM MIN insider-trade-concentration-14=0
PRM MAX insider-trend-14=0
PRM MIN insider-trend-14=0
PRM MAX insider-net-activity-30=0
PRM MIN insider-net-activity-30=0
PRM MAX insider-avg-price-30=0
PRM MIN insider-avg-price-30=0
PRM MAX insider-volume-30=0
PRM MIN insider-volume-30=0
PRM MAX insider-trade-concentration-30=0
PRM MIN insider-trade-concentration-30=0
PRM MAX insider-trend-30=0
PRM MIN insider-trend-30=0
PRM MAX insider-net-activity-60=0
PRM MIN insider-net-activity-60=0
PRM MAX insider-avg-price-60=0
PRM MIN insider-avg-price-60=0
PRM MAX insider-volume-60=0
PRM MIN insider-volume-60=0
PRM MAX insider-trade-concentration-60=0
PRM MIN insider-trade-concentration-60=0
PRM MAX insider-trend-60=0
PRM MIN insider-trend-60=0
PRM MAX insider-net-activity-90=0
PRM MIN insider-net-activity-90=0
PRM MAX insider-avg-price-90=0
PRM MIN insider-avg-price-90=0
PRM MAX insider-volume-90=0
PRM MIN insider-volume-90=0
PRM MAX insider-trade-concentration-90=0
PRM MIN insider-trade-concentration-90=0
PRM MAX insider-trend-90=0
PRM MIN insider-trend-90=0
SENS MAX insider-net-activity-30=0.009078457636622652
SENS MAX insider-avg-price-30=1
SENS MAX insider-volume-30=0.009078457636622652
SENS MAX insider-trade-concentration-30=0.7615941559557649
SENS MAX insider-net-activity-60=0.0006203535245292101
SENS MAX insider-avg-price-60=1
SENS MAX insider-volume-60=0.005727342960034946
SENS MAX insider-trade-concentration-60=0.7615941559557649
SENS MAX insider-trend-60=0.0000018250811099910066
SENS MAX insider-net-activity-90=0.0028034916600076696
SENS MAX insider-avg-price-90=1
SENS MAX insider-volume-90=0.006856975208430011
SENS MAX insider-trade-concentration-90=0.7615941559557649
SENS MAX insider-trend-90=1.157477749520386e-7
AMRN MIN insider-net-activity-30=-0.002002464407805753
AMRN MIN insider-net-activity-60=-0.007022670400238084
AMRN MAX insider-net-activity-90=0.09488876607868177
AMRN MIN insider-trend-90=-0.0000015318547334128635
ANET MAX insider-net-activity-7=0.0002670825406570983
ANET MAX insider-avg-price-7=1
ANET MAX insider-volume-7=0.0034081484745328476
ANET MAX insider-trade-concentration-7=0.7615941559557649
ANET MAX insider-trend-7=0.000024848537909589392
ANET MAX insider-net-activity-14=0.0001706451678262574
ANET MAX insider-avg-price-14=1
ANET MAX insider-volume-14=0.002177549275087474
ANET MAX insider-trade-concentration-14=0.7615941559557649
ANET MAX insider-trend-14=0.000024848537909589392
ANET MAX insider-trend-30=2.148792265560369e-7
ANET MIN insider-net-activity-90=-0.00048661048345363303
NOC MIN insider-trend-60=-8.662229144375392e-8
LPX MAX insider-trend-90=2.1346431018039488e-7
LILA MAX insider-net-activity-60=0.015064887083434265
LILA MIN insider-trend-60=-0.0000982718718493173
LILA MAX insider-trend-90=0.000007070805304694001
PRVA MIN insider-net-activity-14=-0.00529007747472681
PRVA MIN insider-trend-14=-0.000006597319707528
PRVA MIN insider-net-activity-30=-0.0066272367415552
PRVA MAX insider-trend-30=5.381306726932737e-7
PRVA MIN insider-net-activity-60=-0.017309559018783522
PRVA MIN insider-net-activity-90=-0.016914236740000158
FITB MIN insider-trend-90=-0.0000017892438996027049
ANGO MAX insider-net-activity-60=0.061574474709461834
ANGO MAX insider-volume-60=0.019056544126304382
ANGO MAX insider-volume-90=0.021249824065125815
MTDR MAX insider-volume-30=0.021466827275697643
MTDR MAX insider-trend-30=0.000004832698472239252
MTDR MAX insider-trend-60=0.00000250120212665132
LUMN MAX insider-trend-60=0.00005051005168068296
LUMN MAX insider-trend-90=0.0000464480545236489
AMRX MAX insider-net-activity-14=0.027799043682153746
AMRX MAX insider-net-activity-30=0.012928452800994158
AMRX MAX insider-trend-60=0.00007409671225604878
GTN MIN insider-avg-price-90=-0.06374324227890102
CVM MIN insider-avg-price-90=-0.9015526736294548
GXO MIN insider-net-activity-60=-0.07402671801236103
GXO MAX insider-volume-60=0.0740467690858623
GXO MAX insider-trend-60=0.00019901671022589
GXO MIN insider-net-activity-90=-0.04783918667478457
GXO MAX insider-volume-90=0.04785217224841368
GXO MAX insider-trend-90=0.00018481045610050815
ZIMV MIN insider-trend-90=-0.00000193919378268675
BKNG MIN insider-trend-30=-4.2895537057419646e-8
IP MIN insider-net-activity-7=-0.18567747248667044
IP MIN insider-net-activity-14=-0.11581004382240771
IP MIN insider-net-activity-30=-0.056233781568768786
IP MIN insider-trend-60=-0.000189559953573124
IP MIN insider-trend-90=-0.000189559953573124
MEI MAX insider-net-activity-7=0.013374843640755854
MEI MAX insider-volume-7=0.013374843640755854
MEI MAX insider-volume-14=0.006917167087143185
BLFS MAX insider-trend-30=0.00001789569040988668
PRCT MIN insider-net-activity-7=-0.3333837430572096
PRCT MAX insider-volume-7=0.3333837430572096
PRCT MIN insider-net-activity-14=-0.3870527226641742
PRCT MAX insider-volume-14=0.3870527226641742
PRCT MIN insider-trend-14=-0.00007598125416041383
PRCT MIN insider-net-activity-30=-0.29575963924902915
PRCT MAX insider-volume-30=0.29575963924902915
PRCT MIN insider-trend-30=-0.00006595706066035663
PRCT MIN insider-net-activity-60=-0.1675274909756244
PRCT MAX insider-volume-60=0.1675274909756244
PRCT MIN insider-net-activity-90=-0.0778344671191391
PRCT MAX insider-volume-90=0.07828005402974554
PGNY MIN insider-trend-7=-0.0000029927248508792243
FNB MAX insider-trend-30=0.0000230559191970047
TXG MAX insider-net-activity-7=0.13168938854072254
TXG MAX insider-trend-7=0.0000689824914889193
TXG MAX insider-net-activity-14=0.06310301307221501
TXG MAX insider-trend-14=0.0000683720269643797
TXG MAX insider-net-activity-30=0.03111500905903654
FENC MIN insider-avg-price-7=-0.9999998464448172
FENC MIN insider-avg-price-14=-0.9995946956477502
FENC MIN insider-avg-price-30=-0.9990787615790793
FENC MIN insider-avg-price-60=-0.9987009188128704
FENC MIN insider-avg-price-90=-0.9394956681112435
KDP MIN insider-trend-7=-0.000016296105913501305
BKKT MAX insider-net-activity-7=0.1836694411488337
BKKT MAX insider-net-activity-14=0.1080910088552692
BKKT MAX insider-net-activity-30=0.10821398623665732
HLLY MIN insider-net-activity-60=-0.4568600804239228
HLLY MAX insider-volume-60=0.7615941559557649
HLLY MIN insider-net-activity-90=-0.4775613878861502
HLLY MAX insider-volume-90=0.7615941559557649
CL MIN insider-trend-7=-0.00005935675459899639
SNAP MAX insider-trend-30=0.00047909064681309294
EOLS MIN insider-trend-7=-0.00009538401535860559
EOLS MIN insider-trend-14=-0.00007609832668618954
QLYS MIN insider-avg-price-30=-0.9992726984893713
TCRT MAX insider-net-activity-60=0.15316313127768563
TCRT MAX insider-net-activity-90=0.4218113111442259
ATEN MIN insider-net-activity-14=-0.5658621655047654
ATEN MAX insider-volume-14=0.5658621655047654
ATEN MIN insider-trend-14=-0.014878167361364502
ATEN MIN insider-net-activity-30=-0.35338342570311365
ATEN MAX insider-volume-30=0.35338342570311365
ATEN MIN insider-trend-30=-0.00024319231305012015
SYM MAX insider-net-activity-30=0.1329382410609084
SYM MAX insider-net-activity-60=0.7615941559557649
SYM MAX insider-net-activity-90=0.6851712999627372
BNED MIN insider-net-activity-90=-0.6812264830364838
NUTX MAX insider-net-activity-7=0.7615941559557649
NUTX MAX insider-volume-7=0.7615941559557649
NUTX MAX insider-net-activity-14=0.7615941559557649
NUTX MAX insider-volume-14=0.7615941559557649
NUTX MAX insider-net-activity-30=0.7615941559557649
NUTX MAX insider-volume-30=0.7615941559557649
NUTX MAX insider-net-activity-90=0.7117821375861072
VERI MIN insider-trend-7=-0.00022632136199468708
SPOK MAX insider-trend-7=0.0008353266174599927
SPOK MAX insider-trend-14=0.00007837299006654577
WKHS MIN insider-net-activity-30=-0.7615941559557649
LIDR MIN insider-net-activity-7=-0.7615941559557649
LIDR MIN insider-net-activity-14=-0.7615941559557649
LIDR MAX insider-trend-30=0.0006378284042867932
LIDR MIN insider-net-activity-60=-0.7615941559557649
LIDR MIN insider-net-activity-90=-0.7615941559557649
WES MAX insider-trend-60=0.0008261833368430891
WES MAX insider-trend-90=0.00044326135647746064
PWP MIN insider-trend-30=-0.0005558343479153246
PWP MIN insider-trend-60=-0.00028536140561626305
PWP MIN insider-trend-90=-0.0002189073820960778
LXP MIN insider-avg-price-60=-0.999627701024018
LXP MIN insider-avg-price-90=-0.9995169796862605
MDXG MAX insider-trend-14=0.0002421704664386611
IBIO MAX insider-net-activity-90=0.7615941559557649
BPOP MIN insider-avg-price-60=-0.9998115855381674
BPOP MIN insider-avg-price-90=-0.9999417707798154
MRSN MIN insider-avg-price-30=-0.9999397341095196
USB MIN insider-avg-price-60=-0.9999125041740418
HTLF MIN insider-avg-price-14=-0.9999355818399648
VITL MAX insider-trend-14=0.00027133356288053007
LEN MIN insider-trend-30=-0.0013934709380772794
HCAT MAX insider-trend-14=0.0003683207922217114
FSP MIN insider-trend-7=-0.001929009888247741
AVPT MIN insider-trend-60=-0.00036472352774081916
INVA MIN insider-trend-90=-0.0008882604754697983
PSTX MAX insider-trend-60=0.0009697917233643445
PSTX MAX insider-trend-90=0.000845181677374888
USEG MAX insider-trend-60=0.025288432928052045
USEG MAX insider-trend-90=0.025288432928052045
LXRX MIN insider-trend-60=-0.012080114311764902
LXRX MIN insider-trend-90=-0.00662105721336664
ALHC MAX insider-trend-14=0.0004961891682904035
CWEN-A MIN insider-trend-7=-0.023336497656938553
CWEN-A MIN insider-trend-14=-0.019938956165094144
CWEN-A MIN insider-trend-30=-0.002200442623935554
RKLB MAX insider-trend-30=0.0007311519147790843
SGMO MAX insider-trend-30=0.003616883295256526
XAIR MIN insider-avg-price-30=-0.9999774493960617
NKLA MIN insider-avg-price-14=-0.9999998821752072
BRK-A MIN insider-avg-price-30=-0.9999999482733414
BRK-A MIN insider-avg-price-60=-0.9999997412976216
BRK-A MIN insider-avg-price-90=-0.9999867289469845
ET MIN insider-trend-7=-0.03642247851817057
ET MIN insider-trend-14=-0.023882982437529447
PR MAX insider-trend-30=0.014446757511935514
IE MIN insider-trend-30=-0.0027262010066389465
CXM MAX insider-trend-7=0.0026068586712325588
JPM MIN insider-avg-price-60=-0.99999983888127
LDI MAX insider-trend-7=0.004514472273100484
PYCR MAX insider-trend-14=0.001862982230307825
Min [
     -0.7615941559557649,   -0.9999998464448172,
                       0,                     0,
    -0.03642247851817057,   -0.7615941559557649,
     -0.9999998821752072,                     0,
                       0, -0.023882982437529447,
     -0.7615941559557649,   -0.9999999482733414,
                       0,                     0,
  -0.0027262010066389465,   -0.7615941559557649,
       -0.99999983888127,                     0,
                       0, -0.012080114311764902,
     -0.7615941559557649,   -0.9999867289469845,
                       0,                     0,
    -0.00662105721336664
] Max [
    0.7615941559557649,                    1,
    0.7615941559557649,   0.7615941559557649,
  0.004514472273100484,   0.7615941559557649,
                     1,   0.7615941559557649,
    0.7615941559557649, 0.001862982230307825,
    0.7615941559557649,                    1,
    0.7615941559557649,   0.7615941559557649,
  0.014446757511935514,   0.7615941559557649,
                     1,   0.7615941559557649,
    0.7615941559557649, 0.025288432928052045,
    0.7615941559557649,                    1,
    0.7615941559557649,   0.7615941559557649,
  0.025288432928052045
] Pos [
   190, 277,  315,  559,  76,
   326, 413,  523,  899, 137,
   645, 651,  996, 1645, 435,
   968, 718, 1420, 2221, 775,
  1222, 690, 1581, 2438, 835
] Neg [
  357,             39,
  <2 empty items>, 72,
  556,             58,
  <2 empty items>, 217,
  966,             80,
  <2 empty items>, 488,
  1233,            64,
  <2 empty items>, 873,
  1202,            60,
  <2 empty items>, 1164
] Cnt [
  3947, 3947, 3947, 3947, 3947,
  3947, 3947, 3947, 3947, 3947,
  3947, 3947, 3947, 3947, 3947,
  3947, 3947, 3947, 3947, 3947,
  3947, 3947, 3947, 3947, 3947
] Limit [
  <1 empty item>,
  243,
  <4 empty items>,
  428,
  <4 empty items>,
  914,
  <4 empty items>,
  1439,
  <4 empty items>,
  1688
]
[0m[38;5;245m----- post-test output end -----[0m
all:2022-09-16 ... [0m[32mok[0m [0m[38;5;245m(11s)[0m
[0m[38;5;245m------- post-test output -------[0m
2026-08-17T03:30:29.739Z [INFO] [History] [pid-28024] History Loaded
[0m[38;5;245m----- post-test output end -----[0m
[0m[38;5;245mrunning 6 tests from ./test/v80_cache.ts[0m
V80 insider cache: populated after loadInsiderFile() ... [0m[32mok[0m [0m[38;5;245m(3ms)[0m
V80 insider cache: negative results cached for missing symbols ... [0m[32mok[0m [0m[38;5;245m(266µs)[0m
V80 insider cache: cache hit returns same data ... [0m[32mok[0m [0m[38;5;245m(2ms)[0m
V80 insider cache: clearInsiderCache resets to zero ... [0m[32mok[0m [0m[38;5;245m(126µs)[0m
V80 data correctness preserved: BIAF outputs valid ... [0m[32mok[0m [0m[38;5;245m(1ms)[0m
V80 data correctness preserved: NCNO structural invariants ... [0m[32mok[0m [0m[38;5;245m(273µs)[0m
[0m[38;5;245mrunning 1 test from ./test/v81.ts[0m
dates v81 ...
[0m[38;5;245m------- post-test output -------[0m
2022-09-16 MAX ATLSBUSRGUP_Latest=0.04753
2022-09-16 MIN ATLSBUSRGUP_Latest=0.04753
2022-09-16 MAX ATLSBUSRGUP_3M_Avg=0.04843000000000001
2022-09-16 MIN ATLSBUSRGUP_3M_Avg=0.04843000000000001
2022-09-16 MAX ATLSBUSRGUP_6M_Avg=0.046380000000000005
2022-09-16 MIN ATLSBUSRGUP_6M_Avg=0.046380000000000005
2022-09-16 MAX ATLSBUSRGUP_12M_Avg=0.044963333333333334
2022-09-16 MIN ATLSBUSRGUP_12M_Avg=0.044963333333333334
2022-09-16 MAX ATLSBUSRGUP_MoM_Change=-0.0027700000000000016
2022-09-16 MIN ATLSBUSRGUP_MoM_Change=-0.0027700000000000016
2015-02-15 MIN ATLSBUSRGUP_Latest=0
2015-02-15 MIN ATLSBUSRGUP_3M_Avg=0
2015-02-15 MIN ATLSBUSRGUP_6M_Avg=0
2015-02-15 MIN ATLSBUSRGUP_12M_Avg=0
2015-02-15 MAX ATLSBUSRGUP_MoM_Change=0
Min [ 0, 0, 0, 0, -0.0027700000000000016 ] Max [
  0.04753,
  0.04843000000000001,
  0.046380000000000005,
  0.044963333333333334,
  0
] Pos [ 1, 1, 1, 1 ] Neg [ <4 empty items>, 1 ] Cnt [ 2, 2, 2, 2, 2 ] Limit []
[0m[38;5;245m----- post-test output end -----[0m
dates v81 ... [0m[32mok[0m [0m[38;5;245m(1ms)[0m
[0m[38;5;245mrunning 9 tests from ./test/v82.ts[0m
lastAvailableANDENO - Before Release Date ... [0m[32mok[0m [0m[38;5;245m(253µs)[0m
lastAvailableANDENO - After Release Date ... [0m[32mok[0m [0m[38;5;245m(26µs)[0m
lastAvailablePERMIT - Before Release Date ... [0m[32mok[0m [0m[38;5;245m(44µs)[0m
lastAvailablePERMIT - After Release Date ... [0m[32mok[0m [0m[38;5;245m(23µs)[0m
lastAvailableAWHMAN - Before First Friday ... [0m[32mok[0m [0m[38;5;245m(43µs)[0m
lastAvailableAWHMAN - After First Friday ... [0m[32mok[0m [0m[38;5;245m(25µs)[0m
lastAvailableAWHMAN - TODAY ... [0m[32mok[0m [0m[38;5;245m(36µs)[0m
validateAsOf - timezone aware comparison ... [0m[32mok[0m [0m[38;5;245m(27µs)[0m
dates v82 ...
[0m[38;5;245m------- post-test output -------[0m
2022-09-16 MAX AWHMAN=0.00409
2022-09-16 MIN AWHMAN=0.00409
2022-09-16 MAX AWHMAN-best-fit-3=0
2022-09-16 MIN AWHMAN-best-fit-3=0
2022-09-16 MAX AWHMAN-best-fit-6=-0.001171427767685961
2022-09-16 MIN AWHMAN-best-fit-6=-0.001171427767685961
2022-09-16 MAX AWHMAN-best-fit-9=-0.0007666664413519537
2022-09-16 MIN AWHMAN-best-fit-9=-0.0007666664413519537
2022-09-16 MAX AWHMAN-best-fit-12=-0.00045454540758828674
2022-09-16 MIN AWHMAN-best-fit-12=-0.00045454540758828674
2022-09-16 MAX AWHMAN-best-fit-18=-0.0003250773822044792
2022-09-16 MIN AWHMAN-best-fit-18=-0.0003250773822044792
2022-09-16 MAX AWHMAN-best-fit-24=-0.00016304347609376378
2022-09-16 MIN AWHMAN-best-fit-24=-0.00016304347609376378
2022-09-16 MAX AWHMAN-best-fit-48=-0.00010811984305019919
2022-09-16 MIN AWHMAN-best-fit-48=-0.00010811984305019919
2022-09-16 MAX AWHMAN-best-fit-96=-0.00010769804603846164
2022-09-16 MIN AWHMAN-best-fit-96=-0.00010769804603846164
2022-09-16 MAX ANDENO=0.19257768425493427
2022-09-16 MIN ANDENO=0.19257768425493427
2022-09-16 MAX ANDENO-best-fit-3=0.026746510753944196
2022-09-16 MIN ANDENO-best-fit-3=0.026746510753944196
2022-09-16 MAX ANDENO-best-fit-6=0.0041403558478279754
2022-09-16 MIN ANDENO-best-fit-6=0.0041403558478279754
2022-09-16 MAX ANDENO-best-fit-9=-0.0017945800408022403
2022-09-16 MIN ANDENO-best-fit-9=-0.0017945800408022403
2022-09-16 MAX ANDENO-best-fit-12=0.003847655255518156
2022-09-16 MIN ANDENO-best-fit-12=0.003847655255518156
2022-09-16 MAX ANDENO-best-fit-18=0.006117188398855053
2022-09-16 MIN ANDENO-best-fit-18=0.006117188398855053
2022-09-16 MAX ANDENO-best-fit-24=0.010982075022597853
2022-09-16 MIN ANDENO-best-fit-24=0.010982075022597853
2022-09-16 MAX ANDENO-best-fit-36=0.011819999238737907
2022-09-16 MIN ANDENO-best-fit-36=0.011819999238737907
2022-09-16 MAX PERMIT=0.10746385253716889
2022-09-16 MIN PERMIT=0.10746385253716889
2022-09-16 MAX PERMIT-best-fit-3=-0.0012826916254052836
2022-09-16 MIN PERMIT-best-fit-3=-0.0012826916254052836
2022-09-16 MAX PERMIT-best-fit-6=-0.02439422437967602
2022-09-16 MIN PERMIT-best-fit-6=-0.02439422437967602
2022-09-16 MAX PERMIT-best-fit-9=-0.012122021641884032
2022-09-16 MIN PERMIT-best-fit-9=-0.012122021641884032
2022-09-16 MAX PERMIT-best-fit-12=0.0017215935023561048
2022-09-16 MIN PERMIT-best-fit-12=0.0017215935023561048
2022-09-16 MAX PERMIT-best-fit-18=0.004114705116728185
2022-09-16 MIN PERMIT-best-fit-18=0.004114705116728185
2022-09-16 MAX PERMIT-best-fit-24=0.004479701163784441
2022-09-16 MIN PERMIT-best-fit-24=0.004479701163784441
2022-09-16 MAX PERMIT-best-fit-36=0.008639653735894648
2022-09-16 MIN PERMIT-best-fit-36=0.008639653735894648
2015-02-15 MAX AWHMAN=0.0042
2015-02-15 MIN AWHMAN-best-fit-3=-0.0009999995000004038
2015-02-15 MAX AWHMAN-best-fit-6=0.00002857142855976679
2015-02-15 MAX AWHMAN-best-fit-9=0.00001666666666435094
2015-02-15 MAX AWHMAN-best-fit-12=0.00025874125008027983
2015-02-15 MAX AWHMAN-best-fit-18=0.00018885448579624543
2015-02-15 MAX AWHMAN-best-fit-24=0.00014913043312428828
2015-02-15 MAX AWHMAN-best-fit-48=0.0001485019523356351
2015-02-15 MAX AWHMAN-best-fit-96=0.00016435838085111776
2015-02-15 MIN ANDENO=-0.08432335549839409
2015-02-15 MIN ANDENO-best-fit-3=-0.018013073591686683
2015-02-15 MIN ANDENO-best-fit-6=-0.10997509657032026
2015-02-15 MIN ANDENO-best-fit-9=-0.01865476537810923
2015-02-15 MIN ANDENO-best-fit-12=-0.0017753602279774773
2015-02-15 MIN ANDENO-best-fit-18=-0.0018168181523609548
2015-02-15 MIN ANDENO-best-fit-24=-0.0017570802101756237
2015-02-15 MIN ANDENO-best-fit-36=0.002380633858815494
2015-02-15 MAX PERMIT=0.23882996411317178
2015-02-15 MIN PERMIT-best-fit-3=-0.011955970737979797
2015-02-15 MAX PERMIT-best-fit-6=0.0010393099062242306
2015-02-15 MAX PERMIT-best-fit-9=0.004086203226477989
2015-02-15 MAX PERMIT-best-fit-12=0.005896198641304731
2015-02-15 MAX PERMIT-best-fit-18=0.0057761012167094625
2015-02-15 MAX PERMIT-best-fit-24=0.006120265367820272
2015-02-15 MAX PERMIT-best-fit-36=0.010813193214492799
Min [
                  0.00409,  -0.0009999995000004038,
    -0.001171427767685961,  -0.0007666664413519537,
  -0.00045454540758828674,  -0.0003250773822044792,
  -0.00016304347609376378, -0.00010811984305019919,
  -0.00010769804603846164,    -0.08432335549839409,
    -0.018013073591686683,    -0.10997509657032026,
     -0.01865476537810923,  -0.0017753602279774773,
   -0.0018168181523609548,  -0.0017570802101756237,
     0.002380633858815494,     0.10746385253716889,
    -0.011955970737979797,    -0.02439422437967602,
    -0.012122021641884032,   0.0017215935023561048,
     0.004114705116728185,    0.004479701163784441,
     0.008639653735894648
] Max [
                  0.0042,                      0,
  0.00002857142855976679, 0.00001666666666435094,
  0.00025874125008027983, 0.00018885448579624543,
  0.00014913043312428828,  0.0001485019523356351,
  0.00016435838085111776,    0.19257768425493427,
    0.026746510753944196,  0.0041403558478279754,
  -0.0017945800408022403,   0.003847655255518156,
    0.006117188398855053,   0.010982075022597853,
    0.011819999238737907,    0.23882996411317178,
  -0.0012826916254052836,  0.0010393099062242306,
    0.004086203226477989,   0.005896198641304731,
   0.0057761012167094625,   0.006120265367820272,
    0.010813193214492799
] Pos [
  2,              <1 empty item>, 1,
  1,              1,              1,
  1,              1,              1,
  1,              1,              1,
  <1 empty item>, 1,              1,
  1,              2,              2,
  <1 empty item>, 1,              1,
  2,              2,              2,
  2
] Neg [
  <1 empty item>,  1,
  1,               1,
  1,               1,
  1,               1,
  1,               1,
  1,               1,
  2,               1,
  1,               1,
  <2 empty items>, 2,
  1,               1
] Cnt [
  2, 2, 2, 2, 2, 2, 2, 2,
  2, 2, 2, 2, 2, 2, 2, 2,
  2, 2, 2, 2, 2, 2, 2, 2,
  2
] Limit []
[0m[38;5;245m----- post-test output end -----[0m
dates v82 ... [0m[32mok[0m [0m[38;5;245m(2ms)[0m
[0m[38;5;245mrunning 3 tests from ./test/wasmAutoInitGuard.ts[0m
wasmAutoInitGuard sets the skip flag to true on first import ... [0m[32mok[0m [0m[38;5;245m(614µs)[0m
wasmAutoInitGuard re-asserts the flag if it was cleared after the first load ... [0m[32mok[0m [0m[38;5;245m(36µs)[0m
wasmAutoInitGuard module graph has no dependencies (must evaluate before any neat-ai import) ... [0m[32mok[0m [0m[38;5;245m(60ms)[0m
[0m[38;5;245mrunning 6 tests from ./test/worker/ArchivePrivateScores.ts[0m
archive: writes header + top-1000 rows, copies analysis, indexes day ... [0m[32mok[0m [0m[38;5;245m(41ms)[0m
archive: fewer than 1000 rows keeps all of them ... [0m[32mok[0m [0m[38;5;245m(28ms)[0m
archive: re-run for the same day is a skipped no-op ... [0m[32mok[0m [0m[38;5;245m(34ms)[0m
archive: never overwrites an existing archived file (no force) ... [0m[32mok[0m [0m[38;5;245m(8ms)[0m
archive: force overwrites without duplicating the index entry ... [0m[32mok[0m [0m[38;5;245m(40ms)[0m
archive: missing source scores file fails clearly ... [0m[32mok[0m [0m[38;5;245m(8ms)[0m
[0m[38;5;245mrunning 3 tests from ./test/worker/AssertCorrectRepo.ts[0m
assert_correct_repo passes when in the expected repo ... [0m[32mok[0m [0m[38;5;245m(81ms)[0m
assert_correct_repo fails when in the wrong repo ... [0m[32mok[0m [0m[38;5;245m(68ms)[0m
assert_correct_repo fails when in parent directory ... [0m[32mok[0m [0m[38;5;245m(86ms)[0m
[0m[38;5;245mrunning 1 test from ./test/worker/AssertCwdIsParentDir.ts[0m
worker/shared — assert_cwd_is_parent_dir bash tests pass ... [0m[32mok[0m [0m[38;5;245m(388ms)[0m
[0m[38;5;245mrunning 5 tests from ./test/worker/AtoFailureHealthReporting.ts[0m
ATO.sh records GRQ-health --failed when GRQ-ATO/run.sh exits non-zero (#3462) ... [0m[32mok[0m [0m[38;5;245m(778ms)[0m
ATO.sh records GRQ-health --failed for exit 124 timeout (#3462) ... [0m[32mok[0m [0m[38;5;245m(590ms)[0m
ATO.sh does NOT record GRQ-health --failed on success (#3462) ... [0m[32mok[0m [0m[38;5;245m(703ms)[0m
ATO.sh fails loud when GRQ-ATO/run.sh omits grq_dividends_dir (#3462) ... [0m[32mok[0m [0m[38;5;245m(256ms)[0m
ATO.sh passes --log with --failed so GRQ-health accepts the record (#4058) ... [0m[32mok[0m [0m[38;5;245m(593ms)[0m
[0m[38;5;245mrunning 2 tests from ./test/worker/AtoFetchDividends.ts[0m
worker/ATO.sh fetches GRQ-dividends before invoking GRQ-ATO/run.sh (#3438) ... [0m[32mok[0m [0m[38;5;245m(876ms)[0m
worker/ATO.sh fails loud when the GRQ-dividends checkout never appears (#3438) ... [0m[32mok[0m [0m[38;5;245m(411ms)[0m
[0m[38;5;245mrunning 7 tests from ./test/worker/BackfillGrqScores.ts[0m
backfill: mirrors tsv + analysis files byte-identically ... [0m[32mok[0m [0m[38;5;245m(80ms)[0m
backfill: index.json is valid JSON with one entry per day, no dupes ... [0m[32mok[0m [0m[38;5;245m(79ms)[0m
backfill: second run is a no-op (idempotent) ... [0m[32mok[0m [0m[38;5;245m(92ms)[0m
backfill: never overwrites an existing destination file ... [0m[32mok[0m [0m[38;5;245m(68ms)[0m
backfill: merges into an existing index without duplicating ... [0m[32mok[0m [0m[38;5;245m(70ms)[0m
month_name_to_number maps names and rejects junk ... [0m[32mok[0m [0m[38;5;245m(12ms)[0m
iso_date_from_parts builds zero-padded ISO dates ... [0m[32mok[0m [0m[38;5;245m(12ms)[0m
[0m[38;5;245mrunning 3 tests from ./test/worker/Backprop.ts[0m
backprop — helpers + island opt-in (test_backprop.sh) ... [0m[32mok[0m [0m[38;5;245m(6s)[0m
island_backprop.sh defines the public run helper ... [0m[32mok[0m [0m[38;5;245m(18ms)[0m
backprop.sh defines public helpers ... [0m[32mok[0m [0m[38;5;245m(4ms)[0m
[0m[38;5;245mrunning 2 tests from ./test/worker/BashSyntaxGate.ts[0m
bash_syntax.sh passes a tree of syntactically valid scripts ... [0m[32mok[0m [0m[38;5;245m(18ms)[0m
bash_syntax.sh fails and names a script with a syntax error ... [0m[32mok[0m [0m[38;5;245m(13ms)[0m
[0m[38;5;245mrunning 1 test from ./test/worker/BudgetFit.ts[0m
worker/shared/budget_fit.sh — budget-fit scheduling decisions ... [0m[32mok[0m [0m[38;5;245m(38ms)[0m
[0m[38;5;245mrunning 1 test from ./test/worker/CapFailureDiagnostics.ts[0m
worker/shared/cap_failure_diagnostics.sh — reports stage + elapsed on a cap hit ... [0m[32mok[0m [0m[38;5;245m(79ms)[0m
[0m[38;5;245mrunning 8 tests from ./test/worker/CheckRepoFreshness.ts[0m
check_repo_freshness returns 0 for a recently committed repo ... [0m[32mok[0m [0m[38;5;245m(77ms)[0m
check_repo_freshness returns 1 for a stale repo ... [0m[32mok[0m [0m[38;5;245m(72ms)[0m
check_repo_freshness returns 1 for non-git directory ... [0m[32mok[0m [0m[38;5;245m(4ms)[0m
check_repo_freshness uses default 72h threshold ... [0m[32mok[0m [0m[38;5;245m(72ms)[0m
check_repo_freshness respects custom threshold ... [0m[32mok[0m [0m[38;5;245m(89ms)[0m
check_repo_behind_remote returns 0 when up to date ... [0m[32mok[0m [0m[38;5;245m(188ms)[0m
check_repo_behind_remote returns 1 when behind ... [0m[32mok[0m [0m[38;5;245m(293ms)[0m
check_repo_behind_remote returns 1 for non-git directory ... [0m[32mok[0m [0m[38;5;245m(4ms)[0m
[0m[38;5;245mrunning 1 test from ./test/worker/CheckinProvenance.ts[0m
worker/shared/checkin_provenance.sh — check-in provenance line (#2612) ... [0m[32mok[0m [0m[38;5;245m(111ms)[0m
[0m[38;5;245mrunning 4 tests from ./test/worker/CheckinSampleAlwaysStage.ts[0m
checkin-sample.sh: non-improving score + same version but different bytes is still staged (#2602) ... [0m[32mok[0m [0m[38;5;245m(13ms)[0m
checkin-sample.sh: team check-in with non-improving score is still staged (#2602) ... [0m[32mok[0m [0m[38;5;245m(9ms)[0m
checkin-sample.sh: a strictly better candidate is also staged (#2602) ... [0m[32mok[0m [0m[38;5;245m(9ms)[0m
checkin-sample.sh: the #2240 skip gate is removed from the source (#2602) ... [0m[32mok[0m [0m[38;5;245m(173µs)[0m
[0m[38;5;245mrunning 3 tests from ./test/worker/CheckinSampleStalePreserve.ts[0m
stale-cleanup preserves this host's own sample so the score gate has a baseline (#2428) ... [0m[32mok[0m [0m[38;5;245m(9ms)[0m
stale-cleanup with no team name still preserves this host's own sample (#2428) ... [0m[32mok[0m [0m[38;5;245m(5ms)[0m
checkin-sample.sh source contains the preserve-host-and-team guard (#2428) ... [0m[32mok[0m [0m[38;5;245m(208µs)[0m
[0m[38;5;245mrunning 8 tests from ./test/worker/CircuitBreaker.ts[0m
circuit_breaker — three different failures do not trip the breaker ... [0m[32mok[0m [0m[38;5;245m(122ms)[0m
circuit_breaker — three identical failures trip the breaker ... [0m[32mok[0m [0m[38;5;245m(120ms)[0m
circuit_breaker — threshold is configurable via CIRCUIT_BREAKER_THRESHOLD ... [0m[32mok[0m [0m[38;5;245m(98ms)[0m
circuit_breaker — cool-off elapsing re-opens the breaker ... [0m[32mok[0m [0m[38;5;245m(112ms)[0m
circuit_breaker — watched source mtime change re-opens the breaker ... [0m[32mok[0m [0m[38;5;245m(109ms)[0m
circuit_breaker — circuit_breaker_record_success clears state ... [0m[32mok[0m [0m[38;5;245m(114ms)[0m
circuit_breaker — different exit codes reset the consecutive count ... [0m[32mok[0m [0m[38;5;245m(81ms)[0m
circuit_breaker — describe emits a [circuit-breaker] log line once tripped ... [0m[32mok[0m [0m[38;5;245m(87ms)[0m
[0m[38;5;245mrunning 5 tests from ./test/worker/CleanupCacheBackgroundPurge.ts[0m
cleanup_cache.sh detaches the timer-only purge to the background (#3450) ... [0m[32mok[0m [0m[38;5;245m(456ms)[0m
cleanup_cache.sh keeps the purge synchronous when disk is low (#3450) ... [0m[32mok[0m [0m[38;5;245m(488ms)[0m
cleanup_cache.sh does not start a second sweep while one holds the lock (#3450) ... [0m[32mok[0m [0m[38;5;245m(180ms)[0m
cleanup_cache.sh reclaims a stale lock left by a dead sweep (#3450) ... [0m[32mok[0m [0m[38;5;245m(228ms)[0m
cleanup_cache.sh fails loud and does not stamp when the sweep fails (#3450) ... [0m[32mok[0m [0m[38;5;245m(357ms)[0m
[0m[38;5;245mrunning 3 tests from ./test/worker/CleanupCacheLogsRetention.ts[0m
disk_guard light sweep prunes ~/logs/ with default retention ... [0m[32mok[0m [0m[38;5;245m(18ms)[0m
disk_guard light sweep honours GRQ_LOGS_RETENTION_DAYS override ... [0m[32mok[0m [0m[38;5;245m(13ms)[0m
disk_guard light sweep always exits 0 after pruning logs ... [0m[32mok[0m [0m[38;5;245m(13ms)[0m
[0m[38;5;245mrunning 3 tests from ./test/worker/CleanupCacheLowDisk.ts[0m
cleanup_cache.sh forces heavy cleanup on low free GB even when the timer has not fired ... [0m[32mok[0m [0m[38;5;245m(439ms)[0m
cleanup_cache.sh forces heavy cleanup on low free percentage even when the timer has not fired ... [0m[32mok[0m [0m[38;5;245m(434ms)[0m
cleanup_cache.sh respects the 7-day timer when free space is healthy ... [0m[32mok[0m [0m[38;5;245m(362ms)[0m
[0m[38;5;245mrunning 1 test from ./test/worker/CleanupCachePortfolioCacheSurvives.ts[0m
cleanup_cache.sh scheduled purge preserves the .portfolio resume cache (#3453) ... [0m[32mok[0m [0m[38;5;245m(487ms)[0m
[0m[38;5;245mrunning 1 test from ./test/worker/CleanupCacheSyncHook.ts[0m
cleanup_cache.sh runs the purge inline under CLEANUP_CACHE_SYNC even when the sweep is slow (#3509) ... [0m[32mok[0m [0m[38;5;245m(1s)[0m
[0m[38;5;245mrunning 1 test from ./test/worker/CloneCallersCwdGuard.ts[0m
worker/shared — clone callers wire assert_cwd_is_parent_dir guard ... [0m[32mok[0m [0m[38;5;245m(457ms)[0m
[0m[38;5;245mrunning 9 tests from ./test/worker/ClusterActiveTeamsDna.ts[0m
list_active_team_samples — returns island samples only, excludes host samples ... [0m[32mok[0m [0m[38;5;245m(22ms)[0m
list_active_team_samples — excludes arbitrarily-named host sample (Issue #3163) ... [0m[32mok[0m [0m[38;5;245m(10ms)[0m
list_active_team_samples — logs diagnostic when samples dir missing ... [0m[32mok[0m [0m[38;5;245m(4ms)[0m
build_active_team_dna_trailers — share of the promoted population per team (#3335) ... [0m[32mok[0m [0m[38;5;245m(63ms)[0m
build_active_team_dna_trailers — every line uses the promoted population denominator (#3335) ... [0m[32mok[0m [0m[38;5;245m(53ms)[0m
build_active_team_dna_trailers — falls back to team name when no demonym ... [0m[32mok[0m [0m[38;5;245m(31ms)[0m
build_cluster_promotion_commit_message — multi-line body, one trailer per team (#2467) ... [0m[32mok[0m [0m[38;5;245m(60ms)[0m
build_cluster_promotion_commit_message — not_island when only host samples (#3573) ... [0m[32mok[0m [0m[38;5;245m(18ms)[0m
build_cluster_promotion_commit_message — fallback when sampler repo missing (#2467) ... [0m[32mok[0m [0m[38;5;245m(13ms)[0m
[0m[38;5;245mrunning 7 tests from ./test/worker/ClusterDailyRegressionOncePerSha.ts[0m
daily latch — matches only the current training-data sha ... [0m[32mok[0m [0m[38;5;245m(225ms)[0m
daily latch — re-scan after fetch sees another host's regression ... [0m[32mok[0m [0m[38;5;245m(368ms)[0m
daily latch — still matches when the scanned log is large ... [0m[32mok[0m [0m[38;5;245m(1s)[0m
daily latch — no match anywhere leaves the re-baseline open ... [0m[32mok[0m [0m[38;5;245m(226ms)[0m
cluster.sh — second host does not re-baseline an already-recorded sha ... [0m[32mok[0m [0m[38;5;245m(931ms)[0m
cluster.sh — a new sha still re-baselines once when only older shas are latched ... [0m[32mok[0m [0m[38;5;245m(756ms)[0m
cluster.sh — a better score still promotes on a latched sha ... [0m[32mok[0m [0m[38;5;245m(679ms)[0m
[0m[38;5;245mrunning 7 tests from ./test/worker/ClusterDateInjection.ts[0m
normalise_cluster_date — passes through a plain numeric date ... [0m[32mok[0m [0m[38;5;245m(4ms)[0m
normalise_cluster_date — strips embedded v<digit> version markers ... [0m[32mok[0m [0m[38;5;245m(1ms)[0m
normalise_cluster_date — preserves the all-zero initial value ... [0m[32mok[0m [0m[38;5;245m(1ms)[0m
normalise_cluster_date — defaults non-numeric input to 0 ... [0m[32mok[0m [0m[38;5;245m(1ms)[0m
normalise_cluster_date — empty input defaults to 0 ... [0m[32mok[0m [0m[38;5;245m(1ms)[0m
normalise_cluster_date — neutralises arithmetic command-injection payload ... [0m[32mok[0m [0m[38;5;245m(1ms)[0m
normalise_cluster_date — safe in arithmetic comparison context ... [0m[32mok[0m [0m[38;5;245m(2ms)[0m
[0m[38;5;245mrunning 2 tests from ./test/worker/ClusterPushErrTrapQuiet.ts[0m
a push rejection recovered by rebase leaves no [stage] FAIL marker (#4011) ... [0m[32mok[0m [0m[38;5;245m(23s)[0m
an unrecoverable push still fails loud with a [stage] FAIL marker (#4011, #3234) ..../quality.sh: line 144: 28024 Killed: 9               deno test --no-prompt --v8-flags=--max-old-space-size=${QUALITY_MAX_OLD_SPACE_MB},--expose-gc --allow-read --allow-write --allow-net --allow-env --allow-run --allow-import --unstable-worker-options --trace-leaks --parallel --config ./deno.json
❌ deno test failed (exit 137)

========================================
DENO TEST KILLED (exit 137 / SIGKILL)
========================================
[quality-test-kill] signal=SIGKILL classification=watchdog-or-external exit=137 evidence=none jobs=1 heapMB=10997 aggregateMB=10997 availableMB=13271
No kernel memory-kill evidence: something outside this suite sent SIGKILL (a watchdog, a broad pkill, or an operator). The memory plan below is NOT implicated — look for the killer, not for a leak.
========================================

