DRD CONSTANTIA OFFICE PARK, JOHANNESBURG, SOUTH AFRICA, 1709
AHMA 630 BUSINESS VILLAGE, BLOCK B, DUBAI, UNITED ARAB EMIRATES
NYXH RUE EDOUARD BELIN 12, MONT-SAINT-GUIBERT, BELGIUM, 1435
SBSW BRIDGEVIEW HOUSE, WELTEVREDENPARK, SOUTH AFRICA, 1709
MTLS TECHNOLOGIELAAN 15, LEUVEN, BELGIUM, 3001
SQM EL TROVADOR 4285, SANTIAGO, CHILE
VFS DINH VU ? CAT HAI ECONOMIC ZONE, HAI PHONG, VIETNAM
RDY 8-2-337, ROAD NO. 3, HYDERABAD, INDIA, 500034
IBN ICICI BANK TOWERS, MUMBAI, INDIA, 400051
GNTA VIA OLGETTINA NO. 58, MILAN, MI, ITALY, 20132
NIPG ROSENLUNDSGATAN 31, STOCKHOLM, SWEDEN, 118 63
NOK KARAKAARI 7, ESPOO, FINLAND, 02610
LKFT SCHALIENHOEVEDREEF 20 T, MECHELEN, BELGIUM, 2800
PKX POSCO CENTER, SEOUL, SOUTH KOREA, 06194
GRFS PARQUE EMPRESARIAL CAN SANT JOAN, BARCELONA, SPAIN, 08174
GFI 150 HELEN ROAD, SANDTON, SOUTH AFRICA, 2196
OLK SALAGATAN 16F, UPPSALA, SWEDEN, 753 30
CIB CARRERA 48 # 26-85, MEDELLÍN, COLOMBIA
SIFYR TIDEL PARK, 2ND FLOOR, NO. 4, CANAL BANK ROAD, TARAMANI, CHENNAI 600 113, IN
PSNY ASSAR GABRIELSSONS VÄG 9, GOTHENBURG, SWEDEN, 405 31
OSW PINEAPPLE BUSINESS PARK, NASSAU, BAHAMAS
IFS TORRE INTERBANK, LIMA, PERU, 13
MRT BUYUKDERE CD. NO:237, ISTANBUL, TURKEY, 34485
DLO WORLD TRADE CENTRE FREE ZONE TOWER 2, MONTEVIDEO, URUGUAY, 11300
SKM SK T-TOWER, SEOUL, SOUTH KOREA, 04539
OTLY ANGFAERJEKAJEN 8, MALMÖ, SWEDEN, 211 19
ATON CLARENCE THOMAS BUILDING, ROAD TOWN, BRITISH VIRGIN ISLANDS, VG1110
BPOP 209 MUÑOZ RIVERA AVENUE, HATO REY, PR, UNITED STATES, 00918
ASND TUBORG BOULEVARD 12, HELLERUP, DENMARK, 2900
ALP CLARENCE THOMAS BUILDING, TORTOLA, BRITISH VIRGIN ISLANDS
LSAK PRESIDENT PLACE, JOHANNESBURG, SOUTH AFRICA, 2196
EURN DE GERLACHEKAAI 20, ANTWERP, BE
LIQT INDUSTRIPARKEN 22C, BALLERUP, DENMARK, 2750
SAN SANTANDER GROUP CITY, MADRID, SPAIN, 28660
NIVF PS TOWER, BANGKOK, THAILAND, 10110
BBVA PLAZA SAN NICOLÁS, 4, BILBAO, SPAIN, 48005
WF 51, SOGONG-RO, SEOUL, SOUTH KOREA, 04632
HAVAR 166 YEONGSIN, SEOUL, SOUTH KOREA, 07362
E PIAZZALE ENRICO MATTEI 1, ROME, RM, ITALY, 00144
BLX TORRE V, BUSINESS PARK, PANAMA CITY, PANAMA
AVAL CARRERA 13 NO. 26A ? 47, BOGOTÁ, COLOMBIA, 110311
AKO-B AVENIDA MIRAFLORES 9153, SANTIAGO, CHILE
KEP 55, JEOLLYEOK-RO, NAJU-SI, SOUTH KOREA, 58322
KYIV INDEX TOWER, DUBAI, UNITED ARAB EMIRATES
MELI WTC FREE ZONE, MONTEVIDEO, URUGUAY, 11300
AS SILTASAARENKATU 8-10, HELSINKI, FINLAND, 00530
MX 76, JIKJI-DAERO, CHEONGJU-SI, SOUTH KOREA, 28581
NTZ VIA IAZZITIELLO 47, SANTERAMO IN COLLE, BA, ITALY, 70029
ALV KLARABERGSVIADUKTEN 70, STOCKHOLM, SWEDEN, 107 24
HDB HDFC BANK HOUSE, MUMBAI, INDIA, 400018
TURB STREET ISABEL LA CAT LICA, 8, VALENCIA, SPAIN, 46004
BROG C/O BROOGE PETROLEUM & GAS INVESTMENT CO, P.O. BOX 50170, FUJAIRAH, AE
NWTN OFFICE 114-117, FLOOR 1, BUILDING A1,DUBAI DIGITAL PARK, DUBAI, AE
CPA COSTA DEL ESTE, PANAMA CITY, PANAMA, 0816-06819
TKC TURKCELL KÜÇÜKYALI PLAZA, ISTANBUL, TURKEY, 34854
NKLR VIA MATTEO TRENTA 117, LUCCA, LU, ITALY, 55100
NEON KARLAVÄGEN 100, STOCKHOLM, SWEDEN, 115 26
OPRA VITAMINVEIEN 4, OSLO, NORWAY, 0485
EXTO CARRERA 48 NO. 32B SUR - 139, AVENIDA LAS VEGASENVIGADO, COLOMBIA, ENVIGADO, CO
STVN VIA MOLINELLA 17, PIOMBINO DESE, PD, ITALY, 35017
KT 90, BULJEONG-RO (206 JUNGJA-DONG), SEONGNAM-SI, SOUTH KOREA, 13606
EQNR FORUSBEEN 50, STAVANGER, NORWAY, 4035
WBX-WS CARRER DEL FOC, 68, BARCELONA, ES
WIT DODDAKANNELLI, BENGALURU, INDIA, 560035
YTRA PLOT NO. 272, GULF ADIBA, GURUGRAM, INDIA, 122008
SIFY TIDEL PARK, CHENNAI, INDIA, 600113
IQMXW KEILARANTA 19, ESPOO, FINLAND, 02150
HMY RANDFONTEIN OFFICE PARK, RANDFONTEIN, SOUTH AFRICA, 1759
AKO-A AVENIDA MIRAFLORES 9153, SANTIAGO, CHILE
IOBT OLE MAALOEES VEJ 3, COPENHAGEN, DENMARK, 2200
DDI GANGNAM FINANCE CENTER, SEOUL, SOUTH KOREA, 06236
BUD BROUWERIJPLEIN 1, LEUVEN, BELGIUM, 3000
RACE VIA ABETONE INFERIORE N. 4, MARANELLO, MO, ITALY, 41053
CDLR KALVEBOD BRYGGE 43, COPENHAGEN, DENMARK, 1560
CPAC CALLE LA COLONIA 150, LIMA, PERU
BVN TORRE BEGONIAS, LIMA, PERU, 15046
TTAM SIGNATURE CITY CENTRE, BRUSSELS, BELGIUM, 1000
PSNYW ASSAR GABRIELSSONS VÄG 9, GOTHENBURG, SWEDEN, 405 31
NWTNW OFFICE 114-117, FLOOR 1, BUILDING A1,DUBAI DIGITAL PARK, DUBAI, AE
HAVA 166 YEONGSIN, SEOUL, SOUTH KOREA, 07362
FBP 1519 PONCE DE LEON AVENUE, SAN JUAN, PR, UNITED STATES, 00908
CCU AVENIDA VITACURA Nº 2670, SANTIAGO, CHILE
CMRE 7 RUE DU GABIAN, MONACO, MONACO, 98000
ENRDW STADSGÅRDEN 6, STOCKHOLM, SWEDEN, 116 45
BCH AHUMADA 251, SANTIAGO, CHILE
NUTR 28F AIA CENTRAL, JAKARTA, INDONESIA, 12930
ARCO RIO NEGRO 1338, MONTEVIDEO, URUGUAY, 11100
HRYU 160, YEOUISEO-RO, SEOUL, SOUTH KOREA, 07231
AIIR FESTIVAL OFFICE TOWER, DUBAI, UNITED ARAB EMIRATES, 50819
SSII 405, ILABS INFO TECHNOLOGY CENTRE, GURUGRAM, INDIA, 122016
WNS GODREJ & BOYCE COMPLEX, MUMBAI, INDIA, 400079
GITS 160, YEOUISEO-RO, SEOUL, SOUTH KOREA, 07231
OFG 254 MUNOZ RIVERA AVENUE, SAN JUAN, PR, UNITED STATES, 00918
INFY PLOT NO. 44/97 A, BENGALURU, INDIA, 56 0100
ENIC TOWER 2, SANTIAGO, CHILE
LTM PRESIDENTE RIESCO 5711, SANTIAGO, CHILE
LPA PLAZA TEMPO, EDIFICIO B, SAN JOSÉ, COSTA RICA
MDXH CAP BUSINESS CENTER, HERSTAL, BELGIUM, 4040
[0m[38;5;245m----- post-test output end -----[0m
OTHER ... [0m[32mok[0m [0m[38;5;245m(54ms)[0m
locationFromAddress-China ... [0m[32mok[0m [0m[38;5;245m(51µs)[0m
locationFromAddress-Canada ... [0m[32mok[0m [0m[38;5;245m(23µs)[0m
locationFromAddress-Israel ... [0m[32mok[0m [0m[38;5;245m(30µs)[0m
locationFromAddress-Australia ... [0m[32mok[0m [0m[38;5;245m(54µs)[0m
locationFromAddress-Singapore ... [0m[32mok[0m [0m[38;5;245m(28µs)[0m
locationFromAddress-Macau ... [0m[32mok[0m [0m[38;5;245m(14µs)[0m
locationFromAddress-USA ... [0m[32mok[0m [0m[38;5;245m(14µs)[0m
all ...
[0m[38;5;245m------- post-test output -------[0m
RBNE NONE 223 CHRISTODOULOU CHATZIPAVLOU STREET, LIMASSOL, CYPRUS, 3036
AFRI NONE MADISON BUILDING, GIBRALTAR, GIBRALTAR, GX11 1AA
KSPI NONE 154A, NAURYZBAI BATYR STREET, ALMATY, KAZAKHSTAN, 050013
IGIC NONE 74 ABDEL HAMID SHARAF STREET, AMMAN, JORDAN, 11194
LZM NONE ST GEORGE'S COURT, DOUGLAS, ISLE OF MAN, IM1 1EE
TORO NONE 223 CHRISTODOULOU CHATZIPAVLOU STREET, LIMASSOL, CYPRUS, 3036
ZGM NONE NO. 47-53A, MACAU SQUARE, MACAU, MACAU, 999078
CTRM NONE 223 CHRISTODOULOU CHATZIPAVLOU STREET, LIMASSOL, CYPRUS, 3036
FRO NONE IRIS HOUSE, LIMASSOL, CYPRUS, 3106
GRSD NONE 22 GRENVILLE STREET, SAINT HELIER, JERSEY, JE4 8PX
CMCL NONE 2 MULCASTER STREET, SAINT HELIER, JERSEY, JE2 3NJ
CSHR NONE 2 HILL STREET, SAINT HELIER, JERSEY, JE2 4UA
OZON NONE ARCH. MAKARIOU III, NICOSIA, CYPRUS, 1065
ZTG NONE NO. 47-53A, MACAU SQUARE, MACAU, MACAU, 999078
GDEV NONE 55, GRIVA DIGENI, LIMASSOL, CYPRUS, 3101
GAMB NONE 22 GRENVILLE STREET, SAINT HELIER, JERSEY, JE4 8PX
BUR NONE OAK HOUSE, SAINT PETER PORT, GUERNSEY, GY1 2NP
SGHC NONE KINGSWAY HOUSE, SAINT PETER PORT, GUERNSEY, GY1 2QE
WSHP NONE HAWK HOUSE, SAINT HELIER, JERSEY, JE1 1HH
State Count: 5279, Error Count: 0, Other Count: 1637, None Count: 807 Total: 7723 
Known Countries: CANADA, HONG_KONG, BERMUDA, SWEDEN, CHINA, TAIWAN, FRANCE, SINGAPORE, IRELAND, JAPAN, UNITED_KINGDOM, ISRAEL, DENMARK, SWITZERLAND, UNITED_ARAB_EMIRATES, CAYMAN_ISLANDS, GERMANY, LUXEMBOURG, NETHERLANDS, MEXICO, AUSTRALIA, BRAZIL, BELGIUM, CHILE, GREECE, TURKEY, SOUTH_AFRICA, SMALL_STATE, SPAIN, MONACO, MALAYSIA, SOUTH_KOREA, PHILIPPINES, PERU, U_S_VIRGIN_ISLANDS, ARGENTINA, ITALY, PUERTO_RICO, INDONESIA, COLOMBIA, INDIA, MAURITIUS, FINLAND, VIETNAM, BAHAMAS, URUGUAY, CAMBODIA, VIRGIN_ISLANDS, THAILAND, PANAMA, NORWAY, COSTA_RICA
[0m[38;5;245m----- post-test output end -----[0m
all ... [0m[32mok[0m [0m[38;5;245m(43ms)[0m
normalizeLocation ...
[0m[38;5;245m------- post-test output -------[0m
State Count: 5711, Error Count: 0, Other Count: 1577, None Count: 216, Total: 7504
Known Countries: BERMUDA, UNITED_KINGDOM, OTHER, SMALL_STATE, CHINA, CANADA, ISRAEL, HONG_KONG, MEXICO, SWITZERLAND, NETHERLANDS, MALAYSIA, LUXEMBOURG, FRANCE, IRELAND, CAYMAN_ISLANDS, GERMANY, JAPAN, SINGAPORE, GREECE, ARGENTINA, AUSTRALIA, BRAZIL, TAIWAN
[0m[38;5;245m----- post-test output end -----[0m
normalizeLocation ... [0m[32mok[0m [0m[38;5;245m(40ms)[0m
normalizeLocation 2022-02-11 ...
[0m[38;5;245m------- post-test output -------[0m
State Count: 5964, Error Count: 0, Other Count: 1543, None Count: 193, Total: 7700
Known Countries: SINGAPORE, OTHER, CAYMAN_ISLANDS, BERMUDA, CHINA, CANADA, BRAZIL, GERMANY, UNITED_KINGDOM, MALAYSIA, ISRAEL, SMALL_STATE, SWITZERLAND, HONG_KONG, FRANCE, GREECE, AUSTRALIA, LUXEMBOURG, JAPAN, IRELAND, NETHERLANDS, MEXICO, ARGENTINA, TAIWAN
[0m[38;5;245m----- post-test output end -----[0m
normalizeLocation 2022-02-11 ... [0m[32mok[0m [0m[38;5;245m(39ms)[0m
[0m[38;5;245mrunning 43 tests from ./test/Market.ts[0m
reportedDate ...
[0m[38;5;245m------- post-test output -------[0m
2026-08-12T06:48:36.358Z [INFO] [History] [pid-43309] History Loaded
[0m[38;5;245m----- post-test output end -----[0m
reportedDate ... [0m[32mok[0m [0m[38;5;245m(2s)[0m
lastQuarter ... [0m[32mok[0m [0m[38;5;245m(110µs)[0m
reportedDate:2023-04-27 ... [0m[32mok[0m [0m[38;5;245m(66µs)[0m
reportedDate:2023-05-05 ...
[0m[38;5;245m------- post-test output -------[0m
{
  reportedDate: "2023-05-04",
  fiscalDateEnding: "2023-03-31",
  estimatedEPS: 143,
  reportedEPS: 152
}
[0m[38;5;245m----- post-test output end -----[0m
reportedDate:2023-05-05 ... [0m[32mok[0m [0m[38;5;245m(230µs)[0m
not trading day ... [0m[32mok[0m [0m[38;5;245m(178µs)[0m
Trading day ... [0m[32mok[0m [0m[38;5;245m(50µs)[0m
fiscalYearEnd ...
[0m[38;5;245m------- post-test output -------[0m
Map(13) {
  "None" => 1376,
  "December" => 5498,
  "March" => 264,
  "January" => 134,
  "September" => 274,
  "July" => 35,
  "June" => 303,
  "February" => 29,
  "August" => 43,
  "April" => 55,
  "October" => 63,
  "November" => 34,
  "May" => 36
}
None
December
March
January
September
July
June
February
August
April
October
November
May
[0m[38;5;245m----- post-test output end -----[0m
fiscalYearEnd ... [0m[32mok[0m [0m[38;5;245m(10ms)[0m
dividends ...
[0m[38;5;245m------- post-test output -------[0m
[
  null, null, 0, 4.6,
  0,    0,    0, null,
  null, 0
]
[0m[38;5;245m----- post-test output end -----[0m
dividends ... [0m[32mok[0m [0m[38;5;245m(188µs)[0m
allDays ...
[0m[38;5;245m------- post-test output -------[0m
[
  null,    1379666, 2306566,
  2501427, 2001997, 1673673,
  null,    null,    null,
  2586279, 3762611, 5482685,
  3436405, null,    null
]
[
  null,    1379666, 2306566,
  2501427, 2001997, 1673673,
  null,    null,    null,
  2586279, 3762611, 5482685,
  3436405, null,    null
]
[0m[38;5;245m----- post-test output end -----[0m
allDays ... [0m[32mok[0m [0m[38;5;245m(170µs)[0m
WeekDayOnly backwards ...
[0m[38;5;245m------- post-test output -------[0m
[
  null,    1379666,
  2306566, 2501427,
  2001997, null,
  null,    2586279,
  3762611
]
[
  null,    1379666,
  2306566, 2501427,
  2001997, null,
  null,    2586279,
  3762611
]
[
  null,    1379666,
  2306566, 2501427,
  2001997, null,
  null,    2586279,
  3762611
]
[0m[38;5;245m----- post-test output end -----[0m
WeekDayOnly backwards ... [0m[32mok[0m [0m[38;5;245m(112µs)[0m
WeekDayOnly forwards ...
[0m[38;5;245m------- post-test output -------[0m
[
  null,    3723435,
  7154856, 3280450,
  4178714, null,
  4720491, 5156075,
  5830184
]
[
  null,    3723435,
  7154856, 3280450,
  4178714, null,
  4720491, 5156075,
  5830184
]
[
  null,    3723435,
  7154856, 3280450,
  4178714, null,
  4720491, 5156075,
  5830184
]
[0m[38;5;245m----- post-test output end -----[0m
WeekDayOnly forwards ... [0m[32mok[0m [0m[38;5;245m(77µs)[0m
makeDateUTC ... [0m[32mok[0m [0m[38;5;245m(26µs)[0m
latestQuarter: LatestQuarter None returns null ... [0m[32mok[0m [0m[38;5;245m(153µs)[0m
allDays backwards ...
[0m[38;5;245m------- post-test output -------[0m
[
  1014427, 771634,  null,
  null,    1208477, 1382162,
  null,    805841,  802618,
  null,    null,    836551,
  736234,  null,    416922
]
[
  1014427, 771634,  null,
  null,    1208477, 1382162,
  null,    805841,  802618,
  null,    null,    836551,
  736234,  null,    416922
]
[0m[38;5;245m----- post-test output end -----[0m
allDays backwards ... [0m[32mok[0m [0m[38;5;245m(69µs)[0m
allDays forwards ...
[0m[38;5;245m------- post-test output -------[0m
[
  1108716, 416922,  null,
  736234,  836551,  null,
  null,    802618,  805841,
  null,    1382162, 1208477,
  null,    null,    771634
]
[
  1108716, 416922,  null,
  736234,  836551,  null,
  null,    802618,  805841,
  null,    1382162, 1208477,
  null,    null,    771634
]
[0m[38;5;245m----- post-test output end -----[0m
allDays forwards ... [0m[32mok[0m [0m[38;5;245m(104µs)[0m
best fit ...
[0m[38;5;245m------- post-test output -------[0m
{
  slope: 0.6,
  count: 5,
  angle: 30.96375653207352,
  sin: 0.5144957554275266,
  yStart: 2.2
}
[0m[38;5;245m----- post-test output end -----[0m
best fit ... [0m[32mok[0m [0m[38;5;245m(110µs)[0m
best fit nulls compared to known  ...
[0m[38;5;245m------- post-test output -------[0m
{
  slope: 0.1,
  count: 7,
  angle: 5.710593137499643,
  sin: 0.09950371902099893,
  yStart: -0.30000000000000004
}
{
  slope: 0.10000000000000002,
  count: 5,
  angle: 5.710593137499644,
  sin: 0.09950371902099894,
  yStart: -0.30000000000000004
}
[0m[38;5;245m----- post-test output end -----[0m
best fit nulls compared to known  ... [0m[32mok[0m [0m[38;5;245m(83µs)[0m
best fit nulls versus zero  ...
[0m[38;5;245m------- post-test output -------[0m
{ slope: 0, count: 5, angle: 0, sin: 0, yStart: 1.2 }
{ slope: 0, count: 4, angle: 0, sin: 0, yStart: 1.5 }
[0m[38;5;245m----- post-test output end -----[0m
best fit nulls versus zero  ... [0m[32mok[0m [0m[38;5;245m(88µs)[0m
best fit nulls  ...
[0m[38;5;245m------- post-test output -------[0m
{
  slope: 0.6,
  count: 6,
  angle: 30.96375653207352,
  sin: 0.5144957554275266,
  yStart: 2.1999999999999997
}
[0m[38;5;245m----- post-test output end -----[0m
best fit nulls  ... [0m[32mok[0m [0m[38;5;245m(42µs)[0m
best fit close ...
[0m[38;5;245m------- post-test output -------[0m
[
  53.84, 53.84, 53.76,
  53.71, 53.18, 53.78,
  53.45, 53.45, 53.45,
  53.45
]
{
  slope: -0.04830303030303017,
  count: 10,
  angle: -2.7654103746573973,
  sin: -0.04824677881944584,
  yStart: 53.85666666666666
}
-3.045957225685546 -0.09548971213349651
[0m[38;5;245m----- post-test output end -----[0m
best fit close ... [0m[32mok[0m [0m[38;5;245m(103µs)[0m
BHP best fit close ...
[0m[38;5;245m------- post-test output -------[0m
{
  slope: -0.04830303030303017,
  count: 10,
  angle: -2.7654103746573973,
  sin: -0.04824677881944584,
  yStart: 53.85666666666666
}
[0m[38;5;245m----- post-test output end -----[0m
BHP best fit close ... [0m[32mok[0m [0m[38;5;245m(72µs)[0m
best fit not NaN ...
[0m[38;5;245m------- post-test output -------[0m
{ slope: 0, count: 1, angle: 0, sin: 0, yStart: 14.86 }
{
  slope: -1.25,
  count: 3,
  angle: -51.34019174590991,
  sin: -0.7808688094430303,
  yStart: 16.22
}
{
  slope: -0.6067857142857142,
  count: 7,
  angle: -31.2487779571596,
  sin: -0.5187550239083597,
  yStart: 14.694285714285712
}
{
  slope: 0.0033571428571428745,
  count: 15,
  angle: 0.19234939432022116,
  sin: 0.0033571239391176535,
  yStart: 12.369809523809522
}
{
  slope: 0.2775906562847608,
  count: 30,
  angle: 15.51415724414477,
  sin: 0.2674764718708695,
  yStart: 10.444344827586207
}
{
  slope: 0.1681581027667984,
  count: 45,
  angle: 9.545445499525206,
  sin: 0.16582984955908914,
  yStart: 11.966363636363633
}
{
  slope: 0.16831468905626215,
  count: 90,
  angle: 9.554170291020796,
  sin: 0.16598001561369038,
  yStart: 12.58179275905118
}
{
  slope: -0.00721069580336842,
  count: 180,
  angle: -0.41313527678133655,
  sin: -0.0072105083537362955,
  yStart: 19.628901303538186
}
{
  slope: -0.037414929557305465,
  count: 365,
  angle: -2.1427180801633074,
  sin: -0.03738876887160209,
  yStart: 21.787781424055392
}
[0m[38;5;245m----- post-test output end -----[0m
best fit not NaN ... [0m[32mok[0m [0m[38;5;245m(241µs)[0m
BHP is a STOCK ... [0m[32mok[0m [0m[38;5;245m(17µs)[0m
NOT a STOCK ... [0m[32mok[0m [0m[38;5;245m(15µs)[0m
listCommonStock ...
[0m[38;5;245m------- post-test output -------[0m
listCommonStock: 7723
[0m[38;5;245m----- post-test output end -----[0m
listCommonStock ... [0m[32mok[0m [0m[38;5;245m(659µs)[0m
isStockValid ... [0m[32mok[0m [0m[38;5;245m(179µs)[0m
listValidStocks ...
[0m[38;5;245m------- post-test output -------[0m
listValidStocks: 3856
[0m[38;5;245m----- post-test output end -----[0m
listValidStocks ... [0m[32mok[0m [0m[38;5;245m(36ms)[0m
listStock ... [0m[32mok[0m [0m[38;5;245m(7ms)[0m
BHP 2012Q2 EPS ... [0m[32mok[0m [0m[38;5;245m(2ms)[0m
BHP 2014Q4 EPS ... [0m[32mok[0m [0m[38;5;245m(30µs)[0m
Last quarter BHP ... [0m[32mok[0m [0m[38;5;245m(63µs)[0m
BHP end of year ... [0m[32mok[0m [0m[38;5;245m(45µs)[0m
Last quarter BHP boxing day ... [0m[32mok[0m [0m[38;5;245m(27µs)[0m
dividends ... [0m[32mok[0m [0m[38;5;245m(43µs)[0m
Last quarter A ... [0m[32mok[0m [0m[38;5;245m(33µs)[0m
BHP BestFit ... [0m[32mok[0m [0m[38;5;245m(96µs)[0m
BHP bestFit -8 ... [0m[32mok[0m [0m[38;5;245m(61µs)[0m
target earnings yield ...
[0m[38;5;245m------- post-test output -------[0m
{
  slope: 0.002901434191605446,
  count: 4,
  angle: 0.16623946722929342,
  sin: 0.0029014219790812765,
  yStart: 0.00808861838752885
}
[0m[38;5;245m----- post-test output end -----[0m
target earnings yield ... [0m[32mok[0m [0m[38;5;245m(94µs)[0m
BHP stability ... [0m[32mok[0m [0m[38;5;245m(246µs)[0m
All stability ... [0m[32mok[0m [0m[38;5;245m(203ms)[0m
delistingDate returns undefined for non-delisted stock ... [0m[32mok[0m [0m[38;5;245m(397µs)[0m
delisted stock price returns half of last price after delisting ... [0m[32mok[0m [0m[38;5;245m(384µs)[0m
findLowPrice for delisted stock returns half of last price ... [0m[32mok[0m [0m[38;5;245m(182µs)[0m
[0m[38;5;245mrunning 4 tests from ./test/MarketModuleDocs.ts[0m
module doc present: src/MarketFinancials.ts ... [0m[32mok[0m [0m[38;5;245m(33ms)[0m
module doc present: src/MarketPriceData.ts ... [0m[32mok[0m [0m[38;5;245m(22ms)[0m
module doc present: src/MarketStockInfo.ts ... [0m[32mok[0m [0m[38;5;245m(24ms)[0m
module doc present: src/MarketLocation.ts ... [0m[32mok[0m [0m[38;5;245m(8ms)[0m
[0m[38;5;245mrunning 1 test from ./test/MissingDividends.ts[0m
Missing Dividend ...
[0m[38;5;245m------- post-test output -------[0m
2026-08-12T06:48:39.744Z [INFO] [History] [pid-43309] History Loaded
[
  {
    symbol: "STVN",
    cents: 5.8,
    amount: 1.26095856768,
    units: 21.74066496,
    tax: 0.19,
    date: "2023-06-07"
  },
  {
    symbol: "GEF",
    cents: 50,
    amount: 5,
    units: 10,
    tax: 0.75,
    date: "2023-06-15"
  },
  {
    symbol: "KWR",
    cents: 43.5,
    amount: 1.74,
    units: 4,
    tax: 0.26,
    date: "2023-07-14"
  },
  {
    symbol: "TRI",
    cents: 49.768,
    amount: 3.98144,
    units: 8,
    tax: 0.6,
    date: "2023-08-16"
  },
  {
    symbol: "CLX",
    cents: 120,
    amount: 6,
    units: 5,
    tax: 0.9,
    date: "2023-08-08"
  },
  {
    symbol: "CNO",
    cents: 15,
    amount: 6.449999999999999,
    units: 43,
    tax: 0.97,
    date: "2023-09-07"
  },
  {
    symbol: "BELFB",
    cents: 7,
    amount: 0.77,
    units: 11,
    tax: 0.12,
    date: "2023-10-12"
  }
]
[0m[38;5;245m----- post-test output end -----[0m
Missing Dividend ... [0m[32mok[0m [0m[38;5;245m(2s)[0m
[0m[38;5;245mrunning 4 tests from ./test/ModelSanitizer.ts[0m
sanitizeModels extends smaller input models via Upgrade.correct ...
[0m[38;5;245m------- post-test output -------[0m
[neat-ai] running version 6.3.5
[0m[38;5;245m----- post-test output end -----[0m
sanitizeModels extends smaller input models via Upgrade.correct ... [0m[32mok[0m [0m[38;5;245m(5ms)[0m
sanitizeModels memetic fallback also uses Upgrade.correct ... [0m[32mok[0m [0m[38;5;245m(1ms)[0m
sanitizeModels rejects models with larger input than expected ... [0m[32mok[0m [0m[38;5;245m(774µs)[0m
sanitizeModels handles models with matching input size ... [0m[32mok[0m [0m[38;5;245m(688µs)[0m
[0m[38;5;245mrunning 1 test from ./test/OBV.ts[0m
IBM ...
[0m[38;5;245m------- post-test output -------[0m
2026-08-12T06:48:43.002Z [INFO] [History] [pid-43309] History Loaded
2023-05-25T00:00:00.000Z 0.5967366141419052
2023-05-19T00:00:00.000Z 1
2008-01-11T00:00:00.000Z -0.21147408683889973
2007-12-28T00:00:00.000Z 0.30168670674682696
2009-12-24T00:00:00.000Z 0.5986988970729177
[0m[38;5;245m----- post-test output end -----[0m
IBM ... [0m[32mok[0m [0m[38;5;245m(3s)[0m
[0m[38;5;245mrunning 5 tests from ./test/PidGuardParseEtime.ts[0m
pid_guard: parse_etime_to_seconds parses MM:SS ... [0m[32mok[0m [0m[38;5;245m(12ms)[0m
pid_guard: parse_etime_to_seconds parses HH:MM:SS ... [0m[32mok[0m [0m[38;5;245m(5ms)[0m
pid_guard: parse_etime_to_seconds handles leading-zero 08 in HH:MM:SS ... [0m[32mok[0m [0m[38;5;245m(5ms)[0m
pid_guard: parse_etime_to_seconds handles leading-zero 08/09 in MM:SS ... [0m[32mok[0m [0m[38;5;245m(5ms)[0m
pid_guard: parse_etime_to_seconds parses DD-HH:MM:SS ... [0m[32mok[0m [0m[38;5;245m(5ms)[0m
[0m[38;5;245mrunning 1 test from ./test/PidGuardRespawnRace.ts[0m
pid_guard: terminate clears respawning loop parent and children ... [0m[32mok[0m [0m[38;5;245m(1s)[0m
[0m[38;5;245mrunning 9 tests from ./test/PidGuardStaleProgressOnly.ts[0m
compute_stale_age default uses max when process_age dominates ... [0m[32mok[0m [0m[38;5;245m(7ms)[0m
compute_stale_age default uses max when file_age dominates ... [0m[32mok[0m [0m[38;5;245m(4ms)[0m
compute_stale_age default omitted third arg behaves like max ... [0m[32mok[0m [0m[38;5;245m(4ms)[0m
compute_stale_age progress_only ignores process_age (healthy worker survives) ... [0m[32mok[0m [0m[38;5;245m(3ms)[0m
compute_stale_age progress_only still detects a hung worker ... [0m[32mok[0m [0m[38;5;245m(4ms)[0m
compute_stale_age accepts numeric 1 as progress_only ... [0m[32mok[0m [0m[38;5;245m(3ms)[0m
compute_stale_age treats non-numeric ages as 0 (fail-safe) ... [0m[32mok[0m [0m[38;5;245m(7ms)[0m
run_core.sh --stale-progress-only is documented in help ... [0m[32mok[0m [0m[38;5;245m(28ms)[0m
run_core.sh accepts --stale-progress-only as a known flag ... [0m[32mok[0m [0m[38;5;245m(49ms)[0m
[0m[38;5;245mrunning 4 tests from ./test/PidGuardTerminateTree.ts[0m
pid_guard: kill_descendants recursively kills child processes ... [0m[32mok[0m [0m[38;5;245m(209ms)[0m
pid_guard: kill_descendants handles nested grandchildren ... [0m[32mok[0m [0m[38;5;245m(239ms)[0m
pid_guard: kill_pgid_signal_safe does not signal caller process group ... [0m[32mok[0m [0m[38;5;245m(8ms)[0m
pid_guard: kill_pgid_signal_safe skips pgid kill when caller pgid is unreadable ... [0m[32mok[0m [0m[38;5;245m(4ms)[0m
[0m[38;5;245m------- post-test output -------[0m
2026-08-12T06:48:48.198Z [INFO] [History] [pid-43309] History Loaded
[0m[38;5;245m----- post-test output end -----[0m
[0m[38;5;245mrunning 2 tests from ./test/Portfolio.ts[0m
diversity ...
[0m[38;5;245m------- post-test output -------[0m
[neat-ai] running version 6.3.5
2026-08-12T06:48:48.208Z [INFO] [Portfolio] [pid-43309] lastTradeDay 2021-10-22
2026-08-12T06:48:48.210Z [INFO] [PortfolioUtils] [pid-43309] No cache file found: .portfolio/d688048b-976b-50bf-b3b8-70114e5aa492/2021/Oct/22.json
[0m[32mCheck[0m src/portfolio/deno/worker.ts
2026-08-12T06:48:52.817Z [INFO] [History] [pid-43309] History Loaded
[neat-ai] running version 6.3.5
2026-08-12T06:48:53.107Z [INFO] [Utilities] [pid-43309] Loading data from ../GRQ-WorldUncertaintyIndex/data/F1.csv
2026-08-12T06:48:53.108Z [INFO] [Utilities] [pid-43309] Loading data from ../GRQ-WorldUncertaintyIndex/data/F2.csv
2026-08-12T06:48:53.108Z [INFO] [Utilities] [pid-43309] Loading data from ../GRQ-WorldUncertaintyIndex/data/T1.csv
2026-08-12T06:49:16.436Z [INFO] [Portfolio] [pid-43309] Scored 11/11 symbols
2026-08-12T06:49:16.453Z [INFO] [Portfolio] [pid-43309] 0) BHP 0.2512815594673157, industry: OTHER INDUSTRIAL METALS & MINING
2026-08-12T06:49:16.453Z [INFO] [Portfolio] [pid-43309] 1) PLNT 0.11443455517292023, industry: LEISURE
2026-08-12T06:49:16.453Z [INFO] [Portfolio] [pid-43309] 2) D 0.030945058912038803, industry: UTILITIES - REGULATED ELECTRIC
2026-08-12T06:49:16.453Z [INFO] [Portfolio] [pid-43309] 3) BDC -0.09822908788919449, industry: COMMUNICATION EQUIPMENT
2026-08-12T06:49:16.453Z [INFO] [Portfolio] [pid-43309] 4) CIO -0.11239195615053177, industry: REIT - OFFICE
2026-08-12T06:49:16.453Z [INFO] [Portfolio] [pid-43309] 5) AMBA -0.11454085260629654, industry: SEMICONDUCTOR EQUIPMENT & MATERIALS
2026-08-12T06:49:16.453Z [INFO] [Portfolio] [pid-43309] 6) S -0.1423557996749878, industry: SOFTWARE - INFRASTRUCTURE
2026-08-12T06:49:16.453Z [INFO] [Portfolio] [pid-43309] 7) IRTC -0.17637358605861664, industry: MEDICAL DEVICES
2026-08-12T06:49:16.453Z [INFO] [Portfolio] [pid-43309] 8) M -0.2956163287162781, industry: DEPARTMENT STORES
2026-08-12T06:49:16.453Z [INFO] [Portfolio] [pid-43309] 9) PHUN -0.4552688002586365, industry: SOFTWARE - APPLICATION
2026-08-12T06:49:16.453Z [INFO] [Portfolio] [pid-43309] Buys: [33m0[39m sells: [33m8[39m hold: [33m3[39m total: [33m11[39m errors: [33m0[39m
2026-08-12T06:49:16.454Z [INFO] [LimitOrderCreator] [pid-43309] Total Value is $10,000
{
  version: "1.0.0",
  balanceCents: 1000000,
  maxStockConcentrationPercent: 0.05,
  buyThreshold: 0.5,
  universe: [
    "PLNT", "CIO",  "AMBA",
    "PHUN", "BHP",  "BDC",
    "IRTC", "LQDA", "M",
    "PAE",  "D",    "S"
  ],
  maxPercentOfDailyVolume: 0.001,
  sellThreshold: 0.01,
  factionalCents: 100000,
  forceSellThreshold: -1,
  stopOrderPercent: -1,
  stopLossPercent: -1,
  stopLossBlockDays: 7,
  minDaysSoftSELL: 7,
  minDaysModerateSELL: 7,
  minDaysStrongSELL: 7,
  gtcPercentFirmHOLD: 0.5,
  gtcPercentNeutralHOLD: 0.5,
  gtcPercentSoftHOLD: 0.5,
  gtcPercentSoftSELL: 1,
  gtcPercentModerateSELL: 1,
  gtcPercentStrongSELL: 1,
  gtcHoldBaseLineAveragePriceWeight: 0,
  gtcSellBaseLineAveragePriceWeight: 0,
  gtcPriceSmoothingDays: 1,
  gtcMinProfitPercent: 0,
  minBuyDollars: 500,
  keepBuyGTC: false,
  eliteCancelGTC: 0,
  profitTakingPercent: 1,
  maxIndustryConcentrationPercent: 1,
  trailingStopEnabled: false,
  trailingStopPercent: -1,
  trailingStopActivationPercent: 0,
  dynamicSizingEnabled: false,
  strongBuyMultiplier: 1,
  weakBuyMultiplier: 1,
  scaledProfitTakingEnabled: false,
  profitTakeTier1Gain: 0.15,
  profitTakeTier1SellPercent: 0.25,
  profitTakeTier2Gain: 0.3,
  profitTakeTier2SellPercent: 0.25,
  minDailyVolumeDollars: 0,
  volumeSpikeMultiplier: 0,
  volumeAverageDays: 20,
  volatilityAdjustedSizingEnabled: false,
  volatilityLookbackDays: 30,
  volatilityMultiplier: 1,
  recommendationMomentumDays: 0,
  recommendationDecayEnabled: false,
  recommendationHalfLifeDays: 30,
  tieredStopLossEnabled: false,
  stopLossTier1Percent: -0.05,
  stopLossTier1SellPercent: 0.25,
  stopLossTier2Percent: -0.1,
  stopLossTier2SellPercent: 0.25,
  stopLossTier3Percent: -0.2,
  regimeAdaptiveEnabled: false,
  regimeLookbackDays: 60,
  regimeBearDrawdownPercent: -0.1,
  regimeBullTrendPercent: 0.05,
  regimeBearExposureMultiplier: 0.5,
  regimeBullExposureMultiplier: 1,
  regimeBearBuyThresholdShift: 0.1,
  targetPortfolioEnabled: false,
  targetPortfolioRiskAversion: 3,
  targetPortfolioGroupPenalty: 0.5,
  targetPortfolioCostAversion: 1,
  targetPortfolioMaxParticipationPercent: 0.05,
  targetPortfolioMaxTurnoverPercent: 0.25,
  targetPortfolioMaxHoldings: 20,
  targetPortfolioCashBufferPercent: 0,
  valueCents: 1000000,
  current: [],
  history: [],
  afterTaxValueCents: 1000000
}
2026-08-12T06:49:16.454Z [INFO] [Portfolio] [pid-43309] lastTradeDay 2021-10-29
2026-08-12T06:49:16.454Z [INFO] [PortfolioUtils] [pid-43309] No cache file found: .portfolio/d688048b-976b-50bf-b3b8-70114e5aa492/2021/Oct/29.json
2026-08-12T06:49:20.857Z [INFO] [History] [pid-43309] History Loaded
[neat-ai] running version 6.3.5
2026-08-12T06:49:21.087Z [INFO] [Utilities] [pid-43309] Loading data from ../GRQ-WorldUncertaintyIndex/data/F1.csv
2026-08-12T06:49:21.088Z [INFO] [Utilities] [pid-43309] Loading data from ../GRQ-WorldUncertaintyIndex/data/F2.csv
2026-08-12T06:49:21.088Z [INFO] [Utilities] [pid-43309] Loading data from ../GRQ-WorldUncertaintyIndex/data/T1.csv
2026-08-12T06:49:47.322Z [INFO] [Portfolio] [pid-43309] Scored 11/11 symbols
2026-08-12T06:49:47.325Z [INFO] [Portfolio] [pid-43309] 0) BHP 0.28210026025772095, industry: OTHER INDUSTRIAL METALS & MINING
2026-08-12T06:49:47.325Z [INFO] [Portfolio] [pid-43309] 1) PLNT 0.18566621840000153, industry: LEISURE
2026-08-12T06:49:47.325Z [INFO] [Portfolio] [pid-43309] 2) D 0.12043986469507217, industry: UTILITIES - REGULATED ELECTRIC
2026-08-12T06:49:47.325Z [INFO] [Portfolio] [pid-43309] 3) BDC -0.028681842610239983, industry: COMMUNICATION EQUIPMENT
2026-08-12T06:49:47.325Z [INFO] [Portfolio] [pid-43309] 4) CIO -0.02979155443608761, industry: REIT - OFFICE
2026-08-12T06:49:47.325Z [INFO] [Portfolio] [pid-43309] 5) S -0.16297289729118347, industry: SOFTWARE - INFRASTRUCTURE
2026-08-12T06:49:47.325Z [INFO] [Portfolio] [pid-43309] 6) AMBA -0.18395569920539856, industry: SEMICONDUCTOR EQUIPMENT & MATERIALS
2026-08-12T06:49:47.325Z [INFO] [Portfolio] [pid-43309] 7) IRTC -0.2953973710536957, industry: MEDICAL DEVICES
2026-08-12T06:49:47.325Z [INFO] [Portfolio] [pid-43309] 8) M -0.33409231901168823, industry: DEPARTMENT STORES
2026-08-12T06:49:47.325Z [INFO] [Portfolio] [pid-43309] 9) LQDA -0.4203413724899292, industry: DRUG MANUFACTURERS - SPECIALTY & GENERIC
2026-08-12T06:49:47.325Z [INFO] [Portfolio] [pid-43309] Buys: [33m0[39m sells: [33m8[39m hold: [33m3[39m total: [33m11[39m errors: [33m0[39m
2026-08-12T06:49:47.327Z [INFO] [LimitOrderCreator] [pid-43309] Total Value is $10,000
{
  version: "1.0.0",
  balanceCents: 1000000,
  maxStockConcentrationPercent: 0.1,
  buyThreshold: 0.5,
  universe: [
    "PLNT", "CIO",  "AMBA",
    "PHUN", "BHP",  "BDC",
    "IRTC", "LQDA", "M",
    "PAE",  "D",    "S"
  ],
  maxPercentOfDailyVolume: 0.001,
  sellThreshold: 0.01,
  factionalCents: 100000,
  forceSellThreshold: -1,
  stopOrderPercent: -1,
  stopLossPercent: -1,
  stopLossBlockDays: 7,
  minDaysSoftSELL: 7,
  minDaysModerateSELL: 7,
  minDaysStrongSELL: 7,
  gtcPercentFirmHOLD: 0.5,
  gtcPercentNeutralHOLD: 0.5,
  gtcPercentSoftHOLD: 0.5,
  gtcPercentSoftSELL: 1,
  gtcPercentModerateSELL: 1,
  gtcPercentStrongSELL: 1,
  gtcHoldBaseLineAveragePriceWeight: 0,
  gtcSellBaseLineAveragePriceWeight: 0,
  gtcPriceSmoothingDays: 1,
  gtcMinProfitPercent: 0,
  minBuyDollars: 500,
  keepBuyGTC: false,
  eliteCancelGTC: 0,
  profitTakingPercent: 1,
  maxIndustryConcentrationPercent: 1,
  trailingStopEnabled: false,
  trailingStopPercent: -1,
  trailingStopActivationPercent: 0,
  dynamicSizingEnabled: false,
  strongBuyMultiplier: 1,
  weakBuyMultiplier: 1,
  scaledProfitTakingEnabled: false,
  profitTakeTier1Gain: 0.15,
  profitTakeTier1SellPercent: 0.25,
  profitTakeTier2Gain: 0.3,
  profitTakeTier2SellPercent: 0.25,
  minDailyVolumeDollars: 0,
  volumeSpikeMultiplier: 0,
  volumeAverageDays: 20,
  volatilityAdjustedSizingEnabled: false,
  volatilityLookbackDays: 30,
  volatilityMultiplier: 1,
  recommendationMomentumDays: 0,
  recommendationDecayEnabled: false,
  recommendationHalfLifeDays: 30,
  tieredStopLossEnabled: false,
  stopLossTier1Percent: -0.05,
  stopLossTier1SellPercent: 0.25,
  stopLossTier2Percent: -0.1,
  stopLossTier2SellPercent: 0.25,
  stopLossTier3Percent: -0.2,
  regimeAdaptiveEnabled: false,
  regimeLookbackDays: 60,
  regimeBearDrawdownPercent: -0.1,
  regimeBullTrendPercent: 0.05,
  regimeBearExposureMultiplier: 0.5,
  regimeBullExposureMultiplier: 1,
  regimeBearBuyThresholdShift: 0.1,
  targetPortfolioEnabled: false,
  targetPortfolioRiskAversion: 3,
  targetPortfolioGroupPenalty: 0.5,
  targetPortfolioCostAversion: 1,
  targetPortfolioMaxParticipationPercent: 0.05,
  targetPortfolioMaxTurnoverPercent: 0.25,
  targetPortfolioMaxHoldings: 20,
  targetPortfolioCashBufferPercent: 0,
  valueCents: 1000000,
  current: [],
  history: [],
  afterTaxValueCents: 1000000
}
{
  version: "1.0.0",
  balanceCents: 1000000,
  maxStockConcentrationPercent: 0.1,
  buyThreshold: 0.5,
  universe: [
    "PLNT", "CIO",  "AMBA",
    "PHUN", "BHP",  "BDC",
    "IRTC", "LQDA", "M",
    "PAE",  "D",    "S"
  ],
  maxPercentOfDailyVolume: 0.001,
  sellThreshold: 0.01,
  factionalCents: 100000,
  forceSellThreshold: -1,
  stopOrderPercent: -1,
  stopLossPercent: -1,
  stopLossBlockDays: 7,
  minDaysSoftSELL: 7,
  minDaysModerateSELL: 7,
  minDaysStrongSELL: 7,
  gtcPercentFirmHOLD: 0.5,
  gtcPercentNeutralHOLD: 0.5,
  gtcPercentSoftHOLD: 0.5,
  gtcPercentSoftSELL: 1,
  gtcPercentModerateSELL: 1,
  gtcPercentStrongSELL: 1,
  gtcHoldBaseLineAveragePriceWeight: 0,
  gtcSellBaseLineAveragePriceWeight: 0,
  gtcPriceSmoothingDays: 1,
  gtcMinProfitPercent: 0,
  minBuyDollars: 500,
  keepBuyGTC: false,
  eliteCancelGTC: 0,
  profitTakingPercent: 1,
  maxIndustryConcentrationPercent: 1,
  trailingStopEnabled: false,
  trailingStopPercent: -1,
  trailingStopActivationPercent: 0,
  dynamicSizingEnabled: false,
  strongBuyMultiplier: 1,
  weakBuyMultiplier: 1,
  scaledProfitTakingEnabled: false,
  profitTakeTier1Gain: 0.15,
  profitTakeTier1SellPercent: 0.25,
  profitTakeTier2Gain: 0.3,
  profitTakeTier2SellPercent: 0.25,
  minDailyVolumeDollars: 0,
  volumeSpikeMultiplier: 0,
  volumeAverageDays: 20,
  volatilityAdjustedSizingEnabled: false,
  volatilityLookbackDays: 30,
  volatilityMultiplier: 1,
  recommendationMomentumDays: 0,
  recommendationDecayEnabled: false,
  recommendationHalfLifeDays: 30,
  tieredStopLossEnabled: false,
  stopLossTier1Percent: -0.05,
  stopLossTier1SellPercent: 0.25,
  stopLossTier2Percent: -0.1,
  stopLossTier2SellPercent: 0.25,
  stopLossTier3Percent: -0.2,
  regimeAdaptiveEnabled: false,
  regimeLookbackDays: 60,
  regimeBearDrawdownPercent: -0.1,
  regimeBullTrendPercent: 0.05,
  regimeBearExposureMultiplier: 0.5,
  regimeBullExposureMultiplier: 1,
  regimeBearBuyThresholdShift: 0.1,
  targetPortfolioEnabled: false,
  targetPortfolioRiskAversion: 3,
  targetPortfolioGroupPenalty: 0.5,
  targetPortfolioCostAversion: 1,
  targetPortfolioMaxParticipationPercent: 0.05,
  targetPortfolioMaxTurnoverPercent: 0.25,
  targetPortfolioMaxHoldings: 20,
  targetPortfolioCashBufferPercent: 0,
  valueCents: 1000000,
  current: [],
  history: [],
  afterTaxValueCents: 1000000
}
[0m[38;5;245m----- post-test output end -----[0m
diversity ... [0m[32mok[0m [0m[38;5;245m(59s)[0m
low Volume ...
[0m[38;5;245m------- post-test output -------[0m
2026-08-12T06:49:47.373Z [INFO] [Portfolio] [pid-43309] lastTradeDay 2021-08-27
2026-08-12T06:49:47.373Z [INFO] [PortfolioUtils] [pid-43309] No cache file found: .portfolio/06d112dd-7264-5936-a730-cd077072255a/2021/Aug/29.json
2026-08-12T06:49:47.374Z [INFO] [Portfolio] [pid-43309] Buys: [33m0[39m sells: [33m0[39m hold: [33m0[39m total: [33m0[39m errors: [33m0[39m
2026-08-12T06:49:47.374Z [INFO] [LimitOrderCreator] [pid-43309] Total Value is $1,000
State {
  version: "1.0.0",
  balanceCents: 100000,
  maxStockConcentrationPercent: 0.1,
  universe: [ "IONM", "BRG" ],
  maxPercentOfDailyVolume: 0.001,
  sellThreshold: 0.01,
  buyThreshold: 0.05,
  factionalCents: 100000,
  forceSellThreshold: -1,
  stopOrderPercent: -1,
  stopLossPercent: -1,
  stopLossBlockDays: 7,
  minDaysSoftSELL: 7,
  minDaysModerateSELL: 7,
  minDaysStrongSELL: 7,
  gtcPercentFirmHOLD: 0.5,
  gtcPercentNeutralHOLD: 0.5,
  gtcPercentSoftHOLD: 0.5,
  gtcPercentSoftSELL: 1,
  gtcPercentModerateSELL: 1,
  gtcPercentStrongSELL: 1,
  gtcHoldBaseLineAveragePriceWeight: 0,
  gtcSellBaseLineAveragePriceWeight: 0,
  gtcPriceSmoothingDays: 1,
  gtcMinProfitPercent: 0,
  minBuyDollars: 500,
  keepBuyGTC: false,
  eliteCancelGTC: 0,
  profitTakingPercent: 1,
  maxIndustryConcentrationPercent: 1,
  trailingStopEnabled: false,
  trailingStopPercent: -1,
  trailingStopActivationPercent: 0,
  dynamicSizingEnabled: false,
  strongBuyMultiplier: 1,
  weakBuyMultiplier: 1,
  scaledProfitTakingEnabled: false,
  profitTakeTier1Gain: 0.15,
  profitTakeTier1SellPercent: 0.25,
  profitTakeTier2Gain: 0.3,
  profitTakeTier2SellPercent: 0.25,
  minDailyVolumeDollars: 0,
  volumeSpikeMultiplier: 0,
  volumeAverageDays: 20,
  volatilityAdjustedSizingEnabled: false,
  volatilityLookbackDays: 30,
  volatilityMultiplier: 1,
  recommendationMomentumDays: 0,
  recommendationDecayEnabled: false,
  recommendationHalfLifeDays: 30,
  tieredStopLossEnabled: false,
  stopLossTier1Percent: -0.05,
  stopLossTier1SellPercent: 0.25,
  stopLossTier2Percent: -0.1,
  stopLossTier2SellPercent: 0.25,
  stopLossTier3Percent: -0.2,
  regimeAdaptiveEnabled: false,
  regimeLookbackDays: 60,
  regimeBearDrawdownPercent: -0.1,
  regimeBullTrendPercent: 0.05,
  regimeBearExposureMultiplier: 0.5,
  regimeBullExposureMultiplier: 1,
  regimeBearBuyThresholdShift: 0.1,
  targetPortfolioEnabled: false,
  targetPortfolioRiskAversion: 3,
  targetPortfolioGroupPenalty: 0.5,
  targetPortfolioCostAversion: 1,
  targetPortfolioMaxParticipationPercent: 0.05,
  targetPortfolioMaxTurnoverPercent: 0.25,
  targetPortfolioMaxHoldings: 20,
  targetPortfolioCashBufferPercent: 0,
  valueCents: 100000,
  current: [],
  history: [],
  afterTaxValueCents: 100000
}
[0m[38;5;245m----- post-test output end -----[0m
low Volume ... [0m[32mok[0m [0m[38;5;245m(46ms)[0m
[0m[38;5;245mrunning 3 tests from ./test/PublicModuleDocs2790.ts[0m
module doc present: src/LearnUtilTypes.ts ... [0m[32mok[0m [0m[38;5;245m(199ms)[0m
module doc present: src/ModelSanitizer.ts ... [0m[32mok[0m [0m[38;5;245m(80ms)[0m
module doc present: src/VersionFeatures.ts ... [0m[32mok[0m [0m[38;5;245m(101ms)[0m
[0m[38;5;245mrunning 6 tests from ./test/RecoveryEmojiPolicy_test.ts[0m
loadBestCreature recovery log uses ℹ️ not ⚠️ for missing file (#1582) ... [0m[32mok[0m [0m[38;5;245m(4s)[0m
loadBestCreature recovery log uses ℹ️ not ⚠️ for invalid JSON (#1582) ... [0m[32mok[0m [0m[38;5;245m(3s)[0m
check_repo_freshness uses ℹ️ not ⚠️ for non-git directory (#1582) ... [0m[32mok[0m [0m[38;5;245m(5ms)[0m
check_repo_freshness uses ℹ️ not ⚠️ for stale repo (#1582) ... [0m[32mok[0m [0m[38;5;245m(83ms)[0m
check_repo_behind_remote uses ℹ️ not ⚠️ for non-git directory (#1582) ... [0m[32mok[0m [0m[38;5;245m(3ms)[0m
resolve_rebase_conflicts uses ℹ️ not ⚠️ for concurrent conflicts (#1603) ... [0m[32mok[0m [0m[38;5;245m(383ms)[0m
[0m[38;5;245mrunning 1 test from ./test/ScoreNaNRegression.ts[0m
score regression: inputOnly mode should not throw on NaN inputs ...
[0m[38;5;245m------- post-test output -------[0m
2026-08-12T06:49:59.926Z [INFO] [History] [pid-43309] History Loaded
2026-08-12T06:50:26.884Z [INFO] [Utilities] [pid-43309] Loading data from ../GRQ-WorldUncertaintyIndex/data/F1.csv
2026-08-12T06:50:26.886Z [INFO] [Utilities] [pid-43309] Loading data from ../GRQ-WorldUncertaintyIndex/data/F2.csv
2026-08-12T06:50:26.886Z [INFO] [Utilities] [pid-43309] Loading data from ../GRQ-WorldUncertaintyIndex/data/T1.csv
[neat-ai] running version 6.3.5
./quality.sh: line 140: 43309 Killed: 9               deno test --no-prompt --v8-flags=--max-old-space-size=${QUALITY_MAX_OLD_SPACE_MB},--expose-gc --allow-read --allow-write --allow-net --allow-env --allow-run --allow-import --unstable-worker-options --trace-leaks --parallel --config ./deno.json
❌ deno test failed (exit 137)
