2026-10-08T17:17:52.062Z [INFO] [History] [pid-26551] income statement( XEUR) no file
2026-10-08T17:17:52.062Z [INFO] [History] [pid-26551] Cash flow( XEUR) no file
2026-10-08T17:17:52.062Z [INFO] [History] [pid-26551] income statement( XHOA) no file
2026-10-08T17:17:52.062Z [INFO] [History] [pid-26551] Cash flow( XHOA) no file
2026-10-08T17:17:52.062Z [INFO] [History] [pid-26551] income statement( XIWC) no file
2026-10-08T17:17:52.062Z [INFO] [History] [pid-26551] Cash flow( XIWC) no file
2026-10-08T17:17:52.062Z [INFO] [History] [pid-26551] income statement( XKRE) no file
2026-10-08T17:17:52.062Z [INFO] [History] [pid-26551] Cash flow( XKRE) no file
2026-10-08T17:17:52.067Z [INFO] [History] [pid-26551] loadEarnings( XLEX) no file
2026-10-08T17:17:52.067Z [INFO] [History] [pid-26551] balanceSheet( XLEX) no file
2026-10-08T17:17:52.068Z [INFO] [History] [pid-26551] loadEarnings( XLFX) no file
2026-10-08T17:17:52.068Z [INFO] [History] [pid-26551] balanceSheet( XLFX) no file
2026-10-08T17:17:52.068Z [INFO] [History] [pid-26551] loadEarnings( XLIX) no file
2026-10-08T17:17:52.068Z [INFO] [History] [pid-26551] balanceSheet( XLIX) no file
2026-10-08T17:17:52.069Z [INFO] [History] [pid-26551] loadEarnings( XLKX) no file
2026-10-08T17:17:52.069Z [INFO] [History] [pid-26551] balanceSheet( XLKX) no file
2026-10-08T17:17:52.069Z [INFO] [History] [pid-26551] loadEarnings( XLPX) no file
2026-10-08T17:17:52.069Z [INFO] [History] [pid-26551] balanceSheet( XLPX) no file
2026-10-08T17:17:52.070Z [INFO] [History] [pid-26551] loadEarnings( XLUX) no file
2026-10-08T17:17:52.070Z [INFO] [History] [pid-26551] balanceSheet( XLUX) no file
2026-10-08T17:17:52.070Z [INFO] [History] [pid-26551] income statement( XLBX) no file
2026-10-08T17:17:52.070Z [INFO] [History] [pid-26551] Cash flow( XLBX) no file
2026-10-08T17:17:52.070Z [INFO] [History] [pid-26551] loadEarnings( XLVX) no file
2026-10-08T17:17:52.071Z [INFO] [History] [pid-26551] balanceSheet( XLVX) no file
2026-10-08T17:17:52.071Z [INFO] [History] [pid-26551] loadEarnings( XLYX) no file
2026-10-08T17:17:52.071Z [INFO] [History] [pid-26551] balanceSheet( XLYX) no file
2026-10-08T17:17:52.071Z [INFO] [History] [pid-26551] loadEarnings( XPAV) no file
2026-10-08T17:17:52.071Z [INFO] [History] [pid-26551] balanceSheet( XPAV) no file
2026-10-08T17:17:52.071Z [INFO] [History] [pid-26551] income statement( XLEX) no file
2026-10-08T17:17:52.071Z [INFO] [History] [pid-26551] Cash flow( XLEX) no file
2026-10-08T17:17:52.071Z [INFO] [History] [pid-26551] income statement( XLFX) no file
2026-10-08T17:17:52.071Z [INFO] [History] [pid-26551] Cash flow( XLFX) no file
2026-10-08T17:17:52.071Z [INFO] [History] [pid-26551] income statement( XLIX) no file
2026-10-08T17:17:52.071Z [INFO] [History] [pid-26551] Cash flow( XLIX) no file
2026-10-08T17:17:52.071Z [INFO] [History] [pid-26551] income statement( XLKX) no file
2026-10-08T17:17:52.071Z [INFO] [History] [pid-26551] Cash flow( XLKX) no file
2026-10-08T17:17:52.071Z [INFO] [History] [pid-26551] income statement( XLPX) no file
2026-10-08T17:17:52.071Z [INFO] [History] [pid-26551] Cash flow( XLPX) no file
2026-10-08T17:17:52.071Z [INFO] [History] [pid-26551] income statement( XLUX) no file
2026-10-08T17:17:52.072Z [INFO] [History] [pid-26551] Cash flow( XLUX) no file
2026-10-08T17:17:52.081Z [INFO] [History] [pid-26551] loadEarnings( XSEM) no file
2026-10-08T17:17:52.081Z [INFO] [History] [pid-26551] balanceSheet( XSEM) no file
2026-10-08T17:17:52.081Z [INFO] [History] [pid-26551] loadEarnings( XTAI) no file
2026-10-08T17:17:52.082Z [INFO] [History] [pid-26551] balanceSheet( XTAI) no file
2026-10-08T17:17:52.082Z [INFO] [History] [pid-26551] loadEarnings( XVO) no file
2026-10-08T17:17:52.082Z [INFO] [History] [pid-26551] balanceSheet( XVO) no file
2026-10-08T17:17:52.083Z [INFO] [History] [pid-26551] loadEarnings( XW) no file
2026-10-08T17:17:52.083Z [INFO] [History] [pid-26551] balanceSheet( XW) no file
2026-10-08T17:17:52.083Z [INFO] [History] [pid-26551] loadEarnings( XVUG) no file
2026-10-08T17:17:52.084Z [INFO] [History] [pid-26551] balanceSheet( XVUG) no file
2026-10-08T17:17:52.084Z [INFO] [History] [pid-26551] income statement( XLVX) no file
2026-10-08T17:17:52.085Z [INFO] [History] [pid-26551] Cash flow( XLVX) no file
2026-10-08T17:17:52.085Z [INFO] [History] [pid-26551] income statement( XLYX) no file
2026-10-08T17:17:52.085Z [INFO] [History] [pid-26551] Cash flow( XLYX) no file
2026-10-08T17:17:52.085Z [INFO] [History] [pid-26551] income statement( XPAV) no file
2026-10-08T17:17:52.085Z [INFO] [History] [pid-26551] Cash flow( XPAV) no file
2026-10-08T17:17:52.086Z [INFO] [History] [pid-26551] loadEarnings( CBIL) no file
2026-10-08T17:17:52.086Z [INFO] [History] [pid-26551] balanceSheet( CBIL) no file
2026-10-08T17:17:52.087Z [INFO] [History] [pid-26551] loadEarnings( CGOV) no file
2026-10-08T17:17:52.087Z [INFO] [History] [pid-26551] balanceSheet( CGOV) no file
2026-10-08T17:17:52.087Z [INFO] [History] [pid-26551] loadEarnings( CHYG) no file
2026-10-08T17:17:52.088Z [INFO] [History] [pid-26551] balanceSheet( CHYG) no file
2026-10-08T17:17:52.088Z [INFO] [History] [pid-26551] loadEarnings( CIVG) no file
2026-10-08T17:17:52.088Z [INFO] [History] [pid-26551] balanceSheet( CIVG) no file
2026-10-08T17:17:52.089Z [INFO] [History] [pid-26551] loadEarnings( CUST) no file
2026-10-08T17:17:52.089Z [INFO] [History] [pid-26551] balanceSheet( CUST) no file
2026-10-08T17:17:52.089Z [INFO] [History] [pid-26551] income statement( XSEM) no file
2026-10-08T17:17:52.089Z [INFO] [History] [pid-26551] Cash flow( XSEM) no file
2026-10-08T17:17:52.089Z [INFO] [History] [pid-26551] income statement( XTAI) no file
2026-10-08T17:17:52.089Z [INFO] [History] [pid-26551] Cash flow( XTAI) no file
2026-10-08T17:17:52.089Z [INFO] [History] [pid-26551] income statement( XVO) no file
2026-10-08T17:17:52.089Z [INFO] [History] [pid-26551] Cash flow( XVO) no file
2026-10-08T17:17:52.090Z [INFO] [History] [pid-26551] income statement( XW) no file
2026-10-08T17:17:52.090Z [INFO] [History] [pid-26551] Cash flow( XW) no file
2026-10-08T17:17:52.090Z [INFO] [History] [pid-26551] income statement( XVUG) no file
2026-10-08T17:17:52.090Z [INFO] [History] [pid-26551] Cash flow( XVUG) no file
2026-10-08T17:17:52.093Z [INFO] [History] [pid-26551] income statement( CBIL) no file
2026-10-08T17:17:52.093Z [INFO] [History] [pid-26551] Cash flow( CBIL) no file
2026-10-08T17:17:52.093Z [INFO] [History] [pid-26551] income statement( CGOV) no file
2026-10-08T17:17:52.093Z [INFO] [History] [pid-26551] Cash flow( CGOV) no file
2026-10-08T17:17:52.093Z [INFO] [History] [pid-26551] income statement( CHYG) no file
2026-10-08T17:17:52.093Z [INFO] [History] [pid-26551] Cash flow( CHYG) no file
2026-10-08T17:17:52.093Z [INFO] [History] [pid-26551] income statement( CIVG) no file
2026-10-08T17:17:52.093Z [INFO] [History] [pid-26551] Cash flow( CIVG) no file
2026-10-08T17:17:52.093Z [INFO] [History] [pid-26551] income statement( CUST) no file
2026-10-08T17:17:52.093Z [INFO] [History] [pid-26551] Cash flow( CUST) no file
2026-10-08T17:17:52.098Z [INFO] [History] [pid-26551] loadEarnings( LGL-R-W) no file
2026-10-08T17:17:52.098Z [INFO] [History] [pid-26551] balanceSheet( LGL-R-W) no file
2026-10-08T17:17:52.102Z [INFO] [History] [pid-26551] Unknown asset type: UNIT {"Symbol":"IPVVU","AssetType":"UNIT","Name":"InterPrivate Investment Partners V, Inc. Units","Description":"InterPrivate Investment Partners V, Inc. Units (IPVVU) is a special purpose acquisition company (SPAC) dedicated to identifying and merging with high-potential growth-oriented firms primarily within the technology and financial services sectors. Led by a seasoned management team, IPVVU employs a strategic investment approach that leverages industry connections to enhance shareholder value. As a publicly traded SPAC, IPVVU offers institutional investors a unique opportunity to gain exposure to transformative acquisition opportunities poised for significant returns in a rapidly evolving market landscape.","CIK":"None","Exchange":"NASDAQ","Currency":"USD","Country":"USA","Sector":"FINANCIAL SERVICES","Industry":"SHELL COMPANIES","Address":"1350 AVENUE OF THE AMERICAS, NEW YORK, NY, UNITED STATES, 10019","OfficialSite":"None","FiscalYearEnd":"December","LatestQuarter":"2026-06-30","MarketCapitalization":"None","EBITDA":"None","PERatio":"None","PEGRatio":"None","BookValue":"7.56","DividendPerShare":"None","DividendYield":"None","EPS":"None","RevenuePerShareTTM":"0","ProfitMargin":"0","OperatingMarginTTM":"0","ReturnOnAssetsTTM":"0","ReturnOnEquityTTM":"0","RevenueTTM":"0","GrossProfitTTM":"0","DilutedEPSTTM":"0","QuarterlyEarningsGrowthYOY":"0","QuarterlyRevenueGrowthYOY":"0","AnalystTargetPrice":"None","AnalystRatingStrongBuy":"-","AnalystRatingBuy":"-","AnalystRatingHold":"-","AnalystRatingSell":"-","AnalystRatingStrongSell":"-","TrailingPE":"-","ForwardPE":"-","PriceToSalesRatioTTM":"-","PriceToBookRatio":"-","EVToRevenue":"-","EVToEBITDA":"-","Beta":"None","52WeekHigh":"10","52WeekLow":"9.9","50DayMovingAverage":"9.92","200DayMovingAverage":"9.93","SharesOutstanding":"0","SharesFloat":"0","PercentInsiders":"1.766","PercentInstitutions":"92.011","DividendDate":"None","ExDividendDate":"None"}
2026-10-08T17:17:52.102Z [INFO] [History] [pid-26551] Unknown asset type: UNIT {"Symbol":"LTGRU","AssetType":"UNIT","Name":"Long Table Growth Corp. Units","Description":"Long Table Growth Corp. Units (LTGRU) is a dynamic investment vehicle focused on identifying and acquiring high-growth companies within the food, beverage, and agricultural sectors. Leveraging expert insights and strategic partnerships, LTGRU aims to foster innovation and scalability in its portfolio, positioning itself to capitalize on emerging trends in the market. With a commitment to sustainable practices and consumer-oriented solutions, Long Table Growth is poised to deliver strong returns for institutional investors seeking exposure to the burgeoning growth in the agribusiness landscape.","CIK":"None","Exchange":"NASDAQ","Currency":"USD","Country":"USA","Sector":"FINANCIAL SERVICES","Industry":"SHELL COMPANIES","Address":"8400 WESTCHESTER DRIVE, DALLAS, TX, UNITED STATES, 75225","OfficialSite":"https://longtablepartners.com","FiscalYearEnd":"December","LatestQuarter":"2026-06-30","MarketCapitalization":"None","EBITDA":"None","PERatio":"None","PEGRatio":"None","BookValue":"-378.56","DividendPerShare":"None","DividendYield":"None","EPS":"None","RevenuePerShareTTM":"0","ProfitMargin":"0","OperatingMarginTTM":"0","ReturnOnAssetsTTM":"0","ReturnOnEquityTTM":"0","RevenueTTM":"0","GrossProfitTTM":"0","DilutedEPSTTM":"0","QuarterlyEarningsGrowthYOY":"0","QuarterlyRevenueGrowthYOY":"0","AnalystTargetPrice":"None","AnalystRatingStrongBuy":"-","AnalystRatingBuy":"-","AnalystRatingHold":"-","AnalystRatingSell":"-","AnalystRatingStrongSell":"-","TrailingPE":"-","ForwardPE":"-","PriceToSalesRatioTTM":"-","PriceToBookRatio":"-","EVToRevenue":"-","EVToEBITDA":"-","Beta":"None","52WeekHigh":"10.53","52WeekLow":"9.75","50DayMovingAverage":"10.09","200DayMovingAverage":"10.06","SharesOutstanding":"0","SharesFloat":"15660700","PercentInsiders":"0.000","PercentInstitutions":"98.110","DividendDate":"None","ExDividendDate":"None"}
2026-10-08T17:17:52.107Z [INFO] [History] [pid-26551] loadEarnings( WYFL) no file
2026-10-08T17:17:52.107Z [INFO] [History] [pid-26551] balanceSheet( WYFL) no file
2026-10-08T17:17:52.107Z [INFO] [History] [pid-26551] loadEarnings( YCLO) no file
2026-10-08T17:17:52.107Z [INFO] [History] [pid-26551] balanceSheet( YCLO) no file
2026-10-08T17:17:52.110Z [INFO] [History] [pid-26551] income statement( LGL-R-W) no file
2026-10-08T17:17:52.110Z [INFO] [History] [pid-26551] Cash flow( LGL-R-W) no file
2026-10-08T17:17:52.113Z [INFO] [History] [pid-26551] loadEarnings( INFH) no file
2026-10-08T17:17:52.114Z [INFO] [History] [pid-26551] balanceSheet( INFH) no file
2026-10-08T17:17:52.116Z [INFO] [History] [pid-26551] income statement( WYFL) no file
2026-10-08T17:17:52.116Z [INFO] [History] [pid-26551] Cash flow( WYFL) no file
2026-10-08T17:17:52.116Z [INFO] [History] [pid-26551] income statement( YCLO) no file
2026-10-08T17:17:52.116Z [INFO] [History] [pid-26551] Cash flow( YCLO) no file
2026-10-08T17:17:52.119Z [INFO] [History] [pid-26551] loadEarnings( PCPP) no file
2026-10-08T17:17:52.122Z [INFO] [History] [pid-26551] balanceSheet( PCPP) no file
2026-10-08T17:17:52.123Z [INFO] [History] [pid-26551] loadEarnings( AQLG) no file
2026-10-08T17:17:52.123Z [INFO] [History] [pid-26551] balanceSheet( AQLG) no file
2026-10-08T17:17:52.123Z [INFO] [History] [pid-26551] loadEarnings( FPAA) no file
2026-10-08T17:17:52.123Z [INFO] [History] [pid-26551] balanceSheet( FPAA) no file
2026-10-08T17:17:52.124Z [INFO] [History] [pid-26551] income statement( INFH) no file
2026-10-08T17:17:52.124Z [INFO] [History] [pid-26551] Cash flow( INFH) no file
2026-10-08T17:17:52.126Z [INFO] [History] [pid-26551] balanceSheet( FRTT) no file
2026-10-08T17:17:52.126Z [INFO] [History] [pid-26551] loadEarnings( LGL-R) no file
2026-10-08T17:17:52.126Z [INFO] [History] [pid-26551] balanceSheet( LGL-R) no file
2026-10-08T17:17:52.127Z [INFO] [History] [pid-26551] loadEarnings( SLWS) no file
2026-10-08T17:17:52.128Z [INFO] [History] [pid-26551] balanceSheet( SLWS) no file
2026-10-08T17:17:52.131Z [INFO] [History] [pid-26551] income statement( PCPP) no file
2026-10-08T17:17:52.131Z [INFO] [History] [pid-26551] Cash flow( PCPP) no file
2026-10-08T17:17:52.131Z [INFO] [History] [pid-26551] income statement( AQLG) no file
2026-10-08T17:17:52.131Z [INFO] [History] [pid-26551] Cash flow( AQLG) no file
2026-10-08T17:17:52.131Z [INFO] [History] [pid-26551] income statement( FPAA) no file
2026-10-08T17:17:52.131Z [INFO] [History] [pid-26551] Cash flow( FPAA) no file
2026-10-08T17:17:52.138Z [INFO] [History] [pid-26551] income statement( FRTT) no file
2026-10-08T17:17:52.138Z [INFO] [History] [pid-26551] Cash flow( FRTT) no file
2026-10-08T17:17:52.138Z [INFO] [History] [pid-26551] income statement( LGL-R) no file
2026-10-08T17:17:52.138Z [INFO] [History] [pid-26551] Cash flow( LGL-R) no file
2026-10-08T17:17:52.140Z [INFO] [History] [pid-26551] income statement( SLWS) no file
2026-10-08T17:17:52.140Z [INFO] [History] [pid-26551] Cash flow( SLWS) no file
2026-10-08T17:17:52.153Z [INFO] [History] [pid-26551] balanceSheet( APURR) no file
2026-10-08T17:17:52.162Z [INFO] [History] [pid-26551] balanceSheet( ATLQU) no file
2026-10-08T17:17:52.164Z [INFO] [History] [pid-26551] Cash flow( APURR) no file
2026-10-08T17:17:52.169Z [INFO] [History] [pid-26551] Unknown asset type: UNIT {"Symbol":"ATLQU","AssetType":"UNIT","Name":"JAB Acquisition Corp I Unit","Description":"JAB Acquisition Corp I focuses on effecting a merger, amalgamation, share exchange, asset acquisition, share purchase, reorganization, or similar business combination with one or more businesses. The company is headquartered in Englewood Cliffs, New Jersey.","CIK":"None","Exchange":"NASDAQ","Currency":"USD","Country":"USA","Sector":"FINANCIAL SERVICES","Industry":"SHELL COMPANIES","Address":"270 SYLVAN AVE., ENGLEWOOD CLIFFS, NJ, UNITED STATES, 07632","OfficialSite":"None","FiscalYearEnd":"None","LatestQuarter":"2026-06-30","MarketCapitalization":"None","EBITDA":"None","PERatio":"None","PEGRatio":"None","BookValue":"0.01","DividendPerShare":"None","DividendYield":"None","EPS":"None","RevenuePerShareTTM":"0","ProfitMargin":"0","OperatingMarginTTM":"0","ReturnOnAssetsTTM":"0","ReturnOnEquityTTM":"0","RevenueTTM":"0","GrossProfitTTM":"0","DilutedEPSTTM":"0","QuarterlyEarningsGrowthYOY":"0","QuarterlyRevenueGrowthYOY":"0","AnalystTargetPrice":"None","AnalystRatingStrongBuy":"-","AnalystRatingBuy":"-","AnalystRatingHold":"-","AnalystRatingSell":"-","AnalystRatingStrongSell":"-","TrailingPE":"-","ForwardPE":"-","PriceToSalesRatioTTM":"-","PriceToBookRatio":"-","EVToRevenue":"-","EVToEBITDA":"-","Beta":"None","52WeekHigh":"10.19","52WeekLow":"9.97","50DayMovingAverage":"10.1","200DayMovingAverage":"10.08","SharesOutstanding":"0","SharesFloat":"0","PercentInsiders":"7.992","PercentInstitutions":"90.587","DividendDate":"None","ExDividendDate":"None"}
2026-10-08T17:17:52.223Z [INFO] [History] [pid-26551] loadEarnings( NUIF) no file
2026-10-08T17:17:52.223Z [INFO] [History] [pid-26551] balanceSheet( NUIF) no file
2026-10-08T17:17:52.234Z [INFO] [History] [pid-26551] income statement( NUIF) no file
2026-10-08T17:17:52.234Z [INFO] [History] [pid-26551] Cash flow( NUIF) no file
2026-10-08T17:17:52.266Z [INFO] [History] [pid-26551] loadEarnings( WELD) no file
2026-10-08T17:17:52.266Z [INFO] [History] [pid-26551] balanceSheet( WELD) no file
2026-10-08T17:17:52.272Z [INFO] [History] [pid-26551] loadEarnings( BKLG) no file
2026-10-08T17:17:52.272Z [INFO] [History] [pid-26551] balanceSheet( BKLG) no file
2026-10-08T17:17:52.272Z [INFO] [History] [pid-26551] loadEarnings( CDNG) no file
2026-10-08T17:17:52.273Z [INFO] [History] [pid-26551] balanceSheet( CDNG) no file
2026-10-08T17:17:52.276Z [INFO] [History] [pid-26551] income statement( WELD) no file
2026-10-08T17:17:52.276Z [INFO] [History] [pid-26551] Cash flow( WELD) no file
2026-10-08T17:17:52.283Z [INFO] [History] [pid-26551] income statement( BKLG) no file
2026-10-08T17:17:52.283Z [INFO] [History] [pid-26551] Cash flow( BKLG) no file
2026-10-08T17:17:52.283Z [INFO] [History] [pid-26551] income statement( CDNG) no file
2026-10-08T17:17:52.283Z [INFO] [History] [pid-26551] Cash flow( CDNG) no file
2026-10-08T17:17:52.302Z [INFO] [History] [pid-26551] Updated LatestQuarter for  ACLZ  to  2019-06-30  from  None
2026-10-08T17:17:52.317Z [INFO] [History] [pid-26551] loadEarnings( AMAA) no file
2026-10-08T17:17:52.317Z [INFO] [History] [pid-26551] balanceSheet( AMAA) no file
2026-10-08T17:17:52.317Z [INFO] [History] [pid-26551] loadEarnings( AMDC) no file
2026-10-08T17:17:52.317Z [INFO] [History] [pid-26551] balanceSheet( AMDC) no file
2026-10-08T17:17:52.318Z [INFO] [History] [pid-26551] loadEarnings( ASTT) no file
2026-10-08T17:17:52.318Z [INFO] [History] [pid-26551] balanceSheet( ASTT) no file
2026-10-08T17:17:52.318Z [INFO] [History] [pid-26551] loadEarnings( COIX) no file
2026-10-08T17:17:52.318Z [INFO] [History] [pid-26551] balanceSheet( COIX) no file
2026-10-08T17:17:52.322Z [INFO] [History] [pid-26551] loadEarnings( FBX) no file
2026-10-08T17:17:52.322Z [INFO] [History] [pid-26551] balanceSheet( FBX) no file
2026-10-08T17:17:52.324Z [INFO] [History] [pid-26551] income statement( AMAA) no file
2026-10-08T17:17:52.324Z [INFO] [History] [pid-26551] Cash flow( AMAA) no file
2026-10-08T17:17:52.324Z [INFO] [History] [pid-26551] income statement( AMDC) no file
2026-10-08T17:17:52.324Z [INFO] [History] [pid-26551] Cash flow( AMDC) no file
2026-10-08T17:17:52.325Z [INFO] [History] [pid-26551] income statement( ASTT) no file
2026-10-08T17:17:52.325Z [INFO] [History] [pid-26551] Cash flow( ASTT) no file
2026-10-08T17:17:52.325Z [INFO] [History] [pid-26551] income statement( COIX) no file
2026-10-08T17:17:52.325Z [INFO] [History] [pid-26551] Cash flow( COIX) no file
2026-10-08T17:17:52.326Z [INFO] [History] [pid-26551] loadEarnings( MSTC) no file
2026-10-08T17:17:52.326Z [INFO] [History] [pid-26551] balanceSheet( MSTC) no file
2026-10-08T17:17:52.327Z [INFO] [History] [pid-26551] loadEarnings( SNDC) no file
2026-10-08T17:17:52.327Z [INFO] [History] [pid-26551] balanceSheet( SNDC) no file
2026-10-08T17:17:52.328Z [INFO] [History] [pid-26551] income statement( FBX) no file
2026-10-08T17:17:52.328Z [INFO] [History] [pid-26551] Cash flow( FBX) no file
2026-10-08T17:17:52.333Z [INFO] [History] [pid-26551] income statement( MSTC) no file
2026-10-08T17:17:52.333Z [INFO] [History] [pid-26551] Cash flow( MSTC) no file
2026-10-08T17:17:52.334Z [INFO] [History] [pid-26551] income statement( SNDC) no file
2026-10-08T17:17:52.334Z [INFO] [History] [pid-26551] Cash flow( SNDC) no file
2026-10-08T17:17:52.350Z [INFO] [History] [pid-26551] Updated LatestQuarter for  OSPRU  to  2018-06-30  from  None
2026-10-08T17:17:52.357Z [INFO] [History] [pid-26551] Unknown asset type: UNIT {"Symbol":"ALPXU","AssetType":"UNIT","Name":"Alpex Acquisition Corporation Unit","Description":"Alpex Acquisition Corporation Unit (Ticker: ALPXU) is a special purpose acquisition company (SPAC) focused on identifying and merging with innovative companies in growth sectors. With a robust framework for strategic acquisition, ALPXU aims to deliver value for its shareholders by leveraging management's extensive experience in operational execution and industry insight. The company is positioned to capitalize on emerging market trends, thereby enhancing its portfolio and creating sustainable growth opportunities. As a SPAC, it offers a unique investment proposition for institutional investors looking to gain exposure to successful business combinations in a streamlined process.","CIK":"None","Exchange":"NASDAQ","Currency":"USD","Country":"USA","Sector":"FINANCIAL SERVICES","Industry":"SHELL COMPANIES","Address":"300 DELAWARE AVE., WILMINGTON, DE, UNITED STATES, 19801","OfficialSite":"None","FiscalYearEnd":"None","LatestQuarter":"2026-06-30","MarketCapitalization":"None","EBITDA":"None","PERatio":"None","PEGRatio":"None","BookValue":"7.76","DividendPerShare":"None","DividendYield":"None","EPS":"None","RevenuePerShareTTM":"0","ProfitMargin":"0","OperatingMarginTTM":"0","ReturnOnAssetsTTM":"0","ReturnOnEquityTTM":"0","RevenueTTM":"0","GrossProfitTTM":"0","DilutedEPSTTM":"0","QuarterlyEarningsGrowthYOY":"0","QuarterlyRevenueGrowthYOY":"0","AnalystTargetPrice":"None","AnalystRatingStrongBuy":"-","AnalystRatingBuy":"-","AnalystRatingHold":"-","AnalystRatingSell":"-","AnalystRatingStrongSell":"-","TrailingPE":"-","ForwardPE":"-","PriceToSalesRatioTTM":"-","PriceToBookRatio":"-","EVToRevenue":"-","EVToEBITDA":"-","Beta":"None","52WeekHigh":"10.75","52WeekLow":"9.99","50DayMovingAverage":"10.15","200DayMovingAverage":"10.13","SharesOutstanding":"0","SharesFloat":"0","PercentInsiders":"1.604","PercentInstitutions":"91.207","DividendDate":"None","ExDividendDate":"None"}
2026-10-08T17:17:52.359Z [INFO] [History] [pid-26551] loadEarnings( MBGL-WI) no file
2026-10-08T17:17:52.360Z [INFO] [History] [pid-26551] balanceSheet( MBGL-WI) no file
2026-10-08T17:17:52.377Z [INFO] [History] [pid-26551] income statement( MBGL-WI) no file
2026-10-08T17:17:52.377Z [INFO] [History] [pid-26551] Cash flow( MBGL-WI) no file
2026-10-08T17:17:52.489Z [INFO] [History] [pid-26551] loadEarnings( DRVR) no file
2026-10-08T17:17:52.489Z [INFO] [History] [pid-26551] balanceSheet( DRVR) no file
2026-10-08T17:17:52.493Z [INFO] [History] [pid-26551] balanceSheet( SAMO-U) no file
2026-10-08T17:17:52.501Z [INFO] [History] [pid-26551] income statement( DRVR) no file
2026-10-08T17:17:52.501Z [INFO] [History] [pid-26551] Cash flow( DRVR) no file
2026-10-08T17:17:52.506Z [INFO] [History] [pid-26551] income statement( SAMO-U) no file
2026-10-08T17:17:52.506Z [INFO] [History] [pid-26551] Cash flow( SAMO-U) no file
2026-10-08T17:17:52.569Z [INFO] [History] [pid-26551] balanceSheet( DGAC-R) no file
2026-10-08T17:17:52.570Z [INFO] [History] [pid-26551] balanceSheet( DGACR) no file
2026-10-08T17:17:52.572Z [INFO] [History] [pid-26551] balanceSheet( BID) no file
2026-10-08T17:17:52.611Z [INFO] [History] [pid-26551] income statement( DGAC-R) no file
2026-10-08T17:17:52.611Z [INFO] [History] [pid-26551] Cash flow( DGAC-R) no file
2026-10-08T17:17:52.611Z [INFO] [History] [pid-26551] income statement( DGACR) no file
2026-10-08T17:17:52.611Z [INFO] [History] [pid-26551] Cash flow( DGACR) no file
2026-10-08T17:17:52.646Z [INFO] [History] [pid-26551] balanceSheet( VII-WS) no file
2026-10-08T17:17:52.675Z [INFO] [History] [pid-26551] balanceSheet( PSA-P-T) no file
2026-10-08T17:17:52.703Z [INFO] [History] [pid-26551] balanceSheet( PSA-P-U) no file
2026-10-08T17:17:52.706Z [INFO] [History] [pid-26551] income statement( VII-WS) no file
2026-10-08T17:17:52.706Z [INFO] [History] [pid-26551] Cash flow( VII-WS) no file
2026-10-08T17:17:52.742Z [INFO] [History] [pid-26551] loadData( BIOTW) no year 2024
2026-10-08T17:17:52.742Z [INFO] [History] [pid-26551] loadData( BIOTW) no year 2025
2026-10-08T17:17:52.753Z [INFO] [History] [pid-26551] balanceSheet( BIOTW) no file
2026-10-08T17:17:52.756Z [INFO] [History] [pid-26551] income statement( PSA-P-T) no file
2026-10-08T17:17:52.756Z [INFO] [History] [pid-26551] Cash flow( PSA-P-T) no file
2026-10-08T17:17:52.760Z [INFO] [History] [pid-26551] income statement( PSA-P-U) no file
2026-10-08T17:17:52.760Z [INFO] [History] [pid-26551] Cash flow( PSA-P-U) no file
2026-10-08T17:17:52.766Z [INFO] [History] [pid-26551] loadData( BIOT) no year 2024
2026-10-08T17:17:52.766Z [INFO] [History] [pid-26551] loadData( BIOT) no year 2025
2026-10-08T17:17:52.779Z [INFO] [History] [pid-26551] balanceSheet( FTRA) no file
2026-10-08T17:17:52.782Z [INFO] [History] [pid-26551] balanceSheet( FTRA-WS) no file
2026-10-08T17:17:52.783Z [INFO] [History] [pid-26551] balanceSheet( IPVV) no file
2026-10-08T17:17:52.785Z [INFO] [History] [pid-26551] income statement( BIOTW) no file
2026-10-08T17:17:52.785Z [INFO] [History] [pid-26551] Cash flow( BIOTW) no file
2026-10-08T17:17:52.787Z [INFO] [History] [pid-26551] balanceSheet( LTGR) no file
2026-10-08T17:17:52.789Z [INFO] [History] [pid-26551] balanceSheet( LTGRW) no file
2026-10-08T17:17:52.790Z [INFO] [History] [pid-26551] balanceSheet( TONT-U) no file
2026-10-08T17:17:52.790Z [INFO] [History] [pid-26551] balanceSheet( TONT-WS) no file
2026-10-08T17:17:52.795Z [INFO] [History] [pid-26551] income statement( FTRA) no file
2026-10-08T17:17:52.795Z [INFO] [History] [pid-26551] Cash flow( FTRA) no file
2026-10-08T17:17:52.795Z [INFO] [History] [pid-26551] income statement( FTRA-WS) no file
2026-10-08T17:17:52.795Z [INFO] [History] [pid-26551] Cash flow( FTRA-WS) no file
2026-10-08T17:17:52.795Z [INFO] [History] [pid-26551] income statement( IPVV) no file
2026-10-08T17:17:52.795Z [INFO] [History] [pid-26551] Cash flow( IPVV) no file
2026-10-08T17:17:52.809Z [INFO] [History] [pid-26551] income statement( LTGR) no file
2026-10-08T17:17:52.809Z [INFO] [History] [pid-26551] Cash flow( LTGR) no file
2026-10-08T17:17:52.809Z [INFO] [History] [pid-26551] income statement( LTGRW) no file
2026-10-08T17:17:52.809Z [INFO] [History] [pid-26551] Cash flow( LTGRW) no file
2026-10-08T17:17:52.809Z [INFO] [History] [pid-26551] income statement( TONT-U) no file
2026-10-08T17:17:52.809Z [INFO] [History] [pid-26551] Cash flow( TONT-U) no file
2026-10-08T17:17:52.809Z [INFO] [History] [pid-26551] income statement( TONT-WS) no file
2026-10-08T17:17:52.809Z [INFO] [History] [pid-26551] Cash flow( TONT-WS) no file
2026-10-08T17:17:52.832Z [INFO] [History] [pid-26551] balanceSheet( CATLU) no file
2026-10-08T17:17:52.834Z [INFO] [History] [pid-26551] loadEarnings( MUA-R-W) no file
2026-10-08T17:17:52.835Z [INFO] [History] [pid-26551] balanceSheet( MUA-R-W) no file
2026-10-08T17:17:52.861Z [INFO] [History] [pid-26551] balanceSheet( IMC) no file
2026-10-08T17:17:52.862Z [INFO] [History] [pid-26551] balanceSheet( IPVVW) no file
2026-10-08T17:17:52.862Z [INFO] [History] [pid-26551] loadEarnings( ADIG-W) no file
2026-10-08T17:17:52.862Z [INFO] [History] [pid-26551] balanceSheet( ADIG-W) no file
2026-10-08T17:17:52.863Z [INFO] [History] [pid-26551] balanceSheet( ISNR) no file
2026-10-08T17:17:52.863Z [INFO] [History] [pid-26551] balanceSheet( ISNRW) no file
2026-10-08T17:17:52.872Z [INFO] [History] [pid-26551] income statement( CATLU) no file
2026-10-08T17:17:52.872Z [INFO] [History] [pid-26551] Cash flow( CATLU) no file
2026-10-08T17:17:52.872Z [INFO] [History] [pid-26551] income statement( MUA-R-W) no file
2026-10-08T17:17:52.872Z [INFO] [History] [pid-26551] Cash flow( MUA-R-W) no file
2026-10-08T17:17:52.876Z [INFO] [History] [pid-26551] income statement( IMC) no file
2026-10-08T17:17:52.876Z [INFO] [History] [pid-26551] Cash flow( IMC) no file
2026-10-08T17:17:52.876Z [INFO] [History] [pid-26551] income statement( IPVVW) no file
2026-10-08T17:17:52.876Z [INFO] [History] [pid-26551] Cash flow( IPVVW) no file
2026-10-08T17:17:52.876Z [INFO] [History] [pid-26551] income statement( ADIG-W) no file
2026-10-08T17:17:52.876Z [INFO] [History] [pid-26551] Cash flow( ADIG-W) no file
2026-10-08T17:17:52.877Z [INFO] [History] [pid-26551] income statement( ISNR) no file
2026-10-08T17:17:52.877Z [INFO] [History] [pid-26551] Cash flow( ISNR) no file
2026-10-08T17:17:52.877Z [INFO] [History] [pid-26551] income statement( ISNRW) no file
2026-10-08T17:17:52.877Z [INFO] [History] [pid-26551] Cash flow( ISNRW) no file
2026-10-08T17:17:52.882Z [INFO] [History] [pid-26551] loadData( FWAC) no year 2024
2026-10-08T17:17:52.882Z [INFO] [History] [pid-26551] loadData( FWAC) no year 2025
2026-10-08T17:17:52.883Z [INFO] [History] [pid-26551] balanceSheet( CCCT) no file
2026-10-08T17:17:52.887Z [INFO] [History] [pid-26551] balanceSheet( CCCTW) no file
2026-10-08T17:17:52.887Z [INFO] [History] [pid-26551] balanceSheet( EWAVU) no file
2026-10-08T17:17:52.889Z [INFO] [History] [pid-26551] balanceSheet( FWACR) no file
2026-10-08T17:17:52.890Z [INFO] [History] [pid-26551] balanceSheet( FWACW) no file
2026-10-08T17:17:52.890Z [INFO] [History] [pid-26551] balanceSheet( NCO) no file
2026-10-08T17:17:52.892Z [INFO] [History] [pid-26551] balanceSheet( NCOOR) no file
2026-10-08T17:17:52.892Z [INFO] [History] [pid-26551] balanceSheet( NCOOW) no file
2026-10-08T17:17:52.893Z [INFO] [History] [pid-26551] balanceSheet( XIIIU) no file
2026-10-08T17:17:52.894Z [INFO] [History] [pid-26551] balanceSheet( BCCQ) no file
2026-10-08T17:17:52.894Z [INFO] [History] [pid-26551] balanceSheet( OCAC) no file
2026-10-08T17:17:52.896Z [INFO] [History] [pid-26551] income statement( CCCT) no file
2026-10-08T17:17:52.896Z [INFO] [History] [pid-26551] Cash flow( CCCT) no file
2026-10-08T17:17:52.897Z [INFO] [History] [pid-26551] balanceSheet( OCAC-R) no file
2026-10-08T17:17:52.897Z [INFO] [History] [pid-26551] income statement( CCCTW) no file
2026-10-08T17:17:52.897Z [INFO] [History] [pid-26551] Cash flow( CCCTW) no file
2026-10-08T17:17:52.898Z [INFO] [History] [pid-26551] income statement( EWAVU) no file
2026-10-08T17:17:52.898Z [INFO] [History] [pid-26551] Cash flow( EWAVU) no file
2026-10-08T17:17:52.898Z [INFO] [History] [pid-26551] income statement( FWACR) no file
2026-10-08T17:17:52.898Z [INFO] [History] [pid-26551] Cash flow( FWACR) no file
2026-10-08T17:17:52.898Z [INFO] [History] [pid-26551] income statement( FWACW) no file
2026-10-08T17:17:52.898Z [INFO] [History] [pid-26551] Cash flow( FWACW) no file
2026-10-08T17:17:52.898Z [INFO] [History] [pid-26551] income statement( NCO) no file
2026-10-08T17:17:52.898Z [INFO] [History] [pid-26551] Cash flow( NCO) no file
2026-10-08T17:17:52.898Z [INFO] [History] [pid-26551] income statement( NCOOR) no file
2026-10-08T17:17:52.898Z [INFO] [History] [pid-26551] Cash flow( NCOOR) no file
2026-10-08T17:17:52.898Z [INFO] [History] [pid-26551] income statement( NCOOW) no file
2026-10-08T17:17:52.898Z [INFO] [History] [pid-26551] Cash flow( NCOOW) no file
2026-10-08T17:17:52.898Z [INFO] [History] [pid-26551] income statement( XIIIU) no file
2026-10-08T17:17:52.898Z [INFO] [History] [pid-26551] Cash flow( XIIIU) no file
2026-10-08T17:17:52.898Z [INFO] [History] [pid-26551] income statement( BCCQ) no file
2026-10-08T17:17:52.899Z [INFO] [History] [pid-26551] Cash flow( BCCQ) no file
2026-10-08T17:17:52.899Z [INFO] [History] [pid-26551] income statement( OCAC) no file
2026-10-08T17:17:52.899Z [INFO] [History] [pid-26551] Cash flow( OCAC) no file
2026-10-08T17:17:52.902Z [INFO] [History] [pid-26551] balanceSheet( OCAC-WS) no file
2026-10-08T17:17:52.910Z [INFO] [History] [pid-26551] income statement( OCAC-R) no file
2026-10-08T17:17:52.910Z [INFO] [History] [pid-26551] Cash flow( OCAC-R) no file
2026-10-08T17:17:52.912Z [INFO] [History] [pid-26551] balanceSheet( FDMM) no file
2026-10-08T17:17:52.913Z [INFO] [History] [pid-26551] balanceSheet( FJDIU) no file
2026-10-08T17:17:52.913Z [INFO] [History] [pid-26551] balanceSheet( MUA-R) no file
2026-10-08T17:17:52.913Z [INFO] [History] [pid-26551] loadEarnings( SMHD) no file
2026-10-08T17:17:52.913Z [INFO] [History] [pid-26551] balanceSheet( SMHD) no file
2026-10-08T17:17:52.914Z [INFO] [History] [pid-26551] loadEarnings( SMHU) no file
2026-10-08T17:17:52.915Z [INFO] [History] [pid-26551] balanceSheet( SMHU) no file
2026-10-08T17:17:52.916Z [INFO] [History] [pid-26551] balanceSheet( THEOU) no file
2026-10-08T17:17:52.916Z [INFO] [History] [pid-26551] balanceSheet( TCGX) no file
2026-10-08T17:17:52.924Z [INFO] [History] [pid-26551] loadData( ATTO) no year 2024
2026-10-08T17:17:52.924Z [INFO] [History] [pid-26551] loadData( ATTO) no year 2025
2026-10-08T17:17:52.925Z [INFO] [History] [pid-26551] balanceSheet( BCCQW) no file
2026-10-08T17:17:52.926Z [INFO] [History] [pid-26551] balanceSheet( ATLQ) no file
2026-10-08T17:17:52.926Z [INFO] [History] [pid-26551] income statement( OCAC-WS) no file
2026-10-08T17:17:52.926Z [INFO] [History] [pid-26551] Cash flow( OCAC-WS) no file
2026-10-08T17:17:52.932Z [INFO] [History] [pid-26551] Unknown asset type: UNIT {"Symbol":"THEOU","AssetType":"UNIT","Name":"BOA Acquisition Corp. II Units","Description":"None","CIK":"None","Exchange":"NASDAQ","Currency":"USD","Country":"USA","Sector":"FINANCIAL SERVICES","Industry":"SHELL COMPANIES","Address":"2600 VIRGINIA AVE NW, WASHINGTON, DC, UNITED STATES, 20037","OfficialSite":"https://www.betonamerica2.com","FiscalYearEnd":"December","LatestQuarter":"2026-06-30","MarketCapitalization":"None","EBITDA":"None","PERatio":"None","PEGRatio":"None","BookValue":"-0.021","DividendPerShare":"None","DividendYield":"None","EPS":"None","RevenuePerShareTTM":"0","ProfitMargin":"0","OperatingMarginTTM":"0","ReturnOnAssetsTTM":"0","ReturnOnEquityTTM":"0","RevenueTTM":"0","GrossProfitTTM":"0","DilutedEPSTTM":"0","QuarterlyEarningsGrowthYOY":"0","QuarterlyRevenueGrowthYOY":"0","AnalystTargetPrice":"None","AnalystRatingStrongBuy":"-","AnalystRatingBuy":"-","AnalystRatingHold":"-","AnalystRatingSell":"-","AnalystRatingStrongSell":"-","TrailingPE":"-","ForwardPE":"-","PriceToSalesRatioTTM":"-","PriceToBookRatio":"-","EVToRevenue":"-","EVToEBITDA":"-","Beta":"None","52WeekHigh":"10.25","52WeekLow":"10.07","50DayMovingAverage":"10.17","200DayMovingAverage":"10.17","SharesOutstanding":"0","SharesFloat":"14610300","PercentInsiders":"5.705","PercentInstitutions":"8.478","DividendDate":"None","ExDividendDate":"None"}
2026-10-08T17:17:52.933Z [INFO] [History] [pid-26551] balanceSheet( ATLQR) no file
2026-10-08T17:17:52.934Z [INFO] [History] [pid-26551] balanceSheet( ATLQW) no file
2026-10-08T17:17:52.935Z [INFO] [History] [pid-26551] income statement( FDMM) no file
2026-10-08T17:17:52.936Z [INFO] [History] [pid-26551] Cash flow( FDMM) no file
2026-10-08T17:17:52.936Z [INFO] [History] [pid-26551] income statement( FJDIU) no file
2026-10-08T17:17:52.936Z [INFO] [History] [pid-26551] Cash flow( FJDIU) no file
2026-10-08T17:17:52.936Z [INFO] [History] [pid-26551] income statement( MUA-R) no file
2026-10-08T17:17:52.936Z [INFO] [History] [pid-26551] Cash flow( MUA-R) no file
2026-10-08T17:17:52.936Z [INFO] [History] [pid-26551] income statement( SMHD) no file
2026-10-08T17:17:52.936Z [INFO] [History] [pid-26551] Cash flow( SMHD) no file
2026-10-08T17:17:52.936Z [INFO] [History] [pid-26551] income statement( SMHU) no file
2026-10-08T17:17:52.936Z [INFO] [History] [pid-26551] Cash flow( SMHU) no file
2026-10-08T17:17:52.936Z [INFO] [History] [pid-26551] income statement( THEOU) no file
2026-10-08T17:17:52.936Z [INFO] [History] [pid-26551] Cash flow( THEOU) no file
2026-10-08T17:17:52.936Z [INFO] [History] [pid-26551] income statement( TCGX) no file
2026-10-08T17:17:52.936Z [INFO] [History] [pid-26551] Cash flow( TCGX) no file
2026-10-08T17:17:52.937Z [INFO] [History] [pid-26551] income statement( BCCQW) no file
2026-10-08T17:17:52.937Z [INFO] [History] [pid-26551] Cash flow( BCCQW) no file
2026-10-08T17:17:52.937Z [INFO] [History] [pid-26551] income statement( ATLQ) no file
2026-10-08T17:17:52.937Z [INFO] [History] [pid-26551] Cash flow( ATLQ) no file
2026-10-08T17:17:52.941Z [INFO] [History] [pid-26551] income statement( ATLQR) no file
2026-10-08T17:17:52.941Z [INFO] [History] [pid-26551] Cash flow( ATLQR) no file
2026-10-08T17:17:52.941Z [INFO] [History] [pid-26551] income statement( ATLQW) no file
2026-10-08T17:17:52.941Z [INFO] [History] [pid-26551] Cash flow( ATLQW) no file
2026-10-08T17:17:52.943Z [INFO] [History] [pid-26551] balanceSheet( FDMMW) no file
2026-10-08T17:17:52.949Z [INFO] [History] [pid-26551] balanceSheet( OCLTU) no file
2026-10-08T17:17:52.949Z [INFO] [History] [pid-26551] balanceSheet( PNAQ-U) no file
2026-10-08T17:17:52.950Z [INFO] [History] [pid-26551] balanceSheet( QVCG) no file
2026-10-08T17:17:52.951Z [INFO] [History] [pid-26551] balanceSheet( WLCO) no file
2026-10-08T17:17:52.955Z [INFO] [History] [pid-26551] balanceSheet( CNL) no file
2026-10-08T17:17:52.956Z [INFO] [History] [pid-26551] loadEarnings( HYGD) no file
2026-10-08T17:17:52.956Z [INFO] [History] [pid-26551] balanceSheet( HYGD) no file
2026-10-08T17:17:52.956Z [INFO] [History] [pid-26551] balanceSheet( HYGU) no file
2026-10-08T17:17:52.957Z [INFO] [History] [pid-26551] income statement( FDMMW) no file
2026-10-08T17:17:52.957Z [INFO] [History] [pid-26551] Cash flow( FDMMW) no file
2026-10-08T17:17:52.959Z [INFO] [History] [pid-26551] income statement( OCLTU) no file
2026-10-08T17:17:52.959Z [INFO] [History] [pid-26551] Cash flow( OCLTU) no file
2026-10-08T17:17:52.960Z [INFO] [History] [pid-26551] income statement( PNAQ-U) no file
2026-10-08T17:17:52.960Z [INFO] [History] [pid-26551] Cash flow( PNAQ-U) no file
2026-10-08T17:17:52.960Z [INFO] [History] [pid-26551] income statement( QVCG) no file
2026-10-08T17:17:52.960Z [INFO] [History] [pid-26551] Cash flow( QVCG) no file
2026-10-08T17:17:52.961Z [INFO] [History] [pid-26551] income statement( WLCO) no file
2026-10-08T17:17:52.961Z [INFO] [History] [pid-26551] Cash flow( WLCO) no file
2026-10-08T17:17:52.963Z [INFO] [History] [pid-26551] loadEarnings( LQDU) no file
2026-10-08T17:17:52.963Z [INFO] [History] [pid-26551] balanceSheet( LQDU) no file
2026-10-08T17:17:52.964Z [INFO] [History] [pid-26551] loadEarnings( SITX) no file
2026-10-08T17:17:52.964Z [INFO] [History] [pid-26551] balanceSheet( SITX) no file
2026-10-08T17:17:52.964Z [INFO] [History] [pid-26551] balanceSheet( LQDD) no file
2026-10-08T17:17:52.969Z [INFO] [History] [pid-26551] income statement( HYGD) no file
2026-10-08T17:17:52.969Z [INFO] [History] [pid-26551] Cash flow( HYGD) no file
2026-10-08T17:17:52.969Z [INFO] [History] [pid-26551] income statement( HYGU) no file
2026-10-08T17:17:52.969Z [INFO] [History] [pid-26551] Cash flow( HYGU) no file
2026-10-08T17:17:52.974Z [INFO] [History] [pid-26551] loadEarnings( FOIL) no file
2026-10-08T17:17:52.974Z [INFO] [History] [pid-26551] balanceSheet( FOIL) no file
2026-10-08T17:17:52.974Z [INFO] [History] [pid-26551] balanceSheet( PLCI) no file
2026-10-08T17:17:52.975Z [INFO] [History] [pid-26551] balanceSheet( PLCIR) no file
2026-10-08T17:17:52.975Z [INFO] [History] [pid-26551] balanceSheet( SNSC) no file
2026-10-08T17:17:52.976Z [INFO] [History] [pid-26551] income statement( LQDU) no file
2026-10-08T17:17:52.977Z [INFO] [History] [pid-26551] Cash flow( LQDU) no file
2026-10-08T17:17:52.977Z [INFO] [History] [pid-26551] income statement( SITX) no file
2026-10-08T17:17:52.977Z [INFO] [History] [pid-26551] Cash flow( SITX) no file
2026-10-08T17:17:52.977Z [INFO] [History] [pid-26551] income statement( LQDD) no file
2026-10-08T17:17:52.977Z [INFO] [History] [pid-26551] Cash flow( LQDD) no file
2026-10-08T17:17:52.978Z [INFO] [History] [pid-26551] balanceSheet( WLCOW) no file
2026-10-08T17:17:52.979Z [INFO] [History] [pid-26551] loadEarnings( DACL) no file
2026-10-08T17:17:52.979Z [INFO] [History] [pid-26551] balanceSheet( DACL) no file
2026-10-08T17:17:52.979Z [INFO] [History] [pid-26551] balanceSheet( GHXI) no file
2026-10-08T17:17:52.980Z [INFO] [History] [pid-26551] balanceSheet( RVII) no file
2026-10-08T17:17:52.980Z [INFO] [History] [pid-26551] balanceSheet( TBCVU) no file
2026-10-08T17:17:52.981Z [INFO] [History] [pid-26551] balanceSheet( NXH) no file
2026-10-08T17:17:52.983Z [INFO] [History] [pid-26551] income statement( FOIL) no file
2026-10-08T17:17:52.983Z [INFO] [History] [pid-26551] Cash flow( FOIL) no file
2026-10-08T17:17:52.983Z [INFO] [History] [pid-26551] income statement( PLCI) no file
2026-10-08T17:17:52.983Z [INFO] [History] [pid-26551] Cash flow( PLCI) no file
2026-10-08T17:17:52.983Z [INFO] [History] [pid-26551] income statement( PLCIR) no file
2026-10-08T17:17:52.983Z [INFO] [History] [pid-26551] Cash flow( PLCIR) no file
2026-10-08T17:17:52.983Z [INFO] [History] [pid-26551] income statement( SNSC) no file
2026-10-08T17:17:52.983Z [INFO] [History] [pid-26551] Cash flow( SNSC) no file
2026-10-08T17:17:52.991Z [INFO] [History] [pid-26551] income statement( WLCOW) no file
2026-10-08T17:17:52.991Z [INFO] [History] [pid-26551] Cash flow( WLCOW) no file
2026-10-08T17:17:52.991Z [INFO] [History] [pid-26551] income statement( DACL) no file
2026-10-08T17:17:52.991Z [INFO] [History] [pid-26551] Cash flow( DACL) no file
2026-10-08T17:17:52.992Z [INFO] [History] [pid-26551] income statement( GHXI) no file
2026-10-08T17:17:52.992Z [INFO] [History] [pid-26551] Cash flow( GHXI) no file
2026-10-08T17:17:52.992Z [INFO] [History] [pid-26551] income statement( RVII) no file
2026-10-08T17:17:52.992Z [INFO] [History] [pid-26551] Cash flow( RVII) no file
2026-10-08T17:17:52.992Z [INFO] [History] [pid-26551] income statement( TBCVU) no file
2026-10-08T17:17:52.992Z [INFO] [History] [pid-26551] Cash flow( TBCVU) no file
2026-10-08T17:17:52.996Z [INFO] [History] [pid-26551] balanceSheet( EWAV) no file
2026-10-08T17:17:52.996Z [INFO] [History] [pid-26551] balanceSheet( EWAVR) no file
2026-10-08T17:17:52.997Z [INFO] [History] [pid-26551] balanceSheet( GHXIW) no file
2026-10-08T17:17:52.997Z [INFO] [History] [pid-26551] balanceSheet( THEO) no file
2026-10-08T17:17:52.998Z [INFO] [History] [pid-26551] balanceSheet( THEOR) no file
2026-10-08T17:17:53.001Z [INFO] [History] [pid-26551] balanceSheet( ADAMK) no file
2026-10-08T17:17:53.001Z [INFO] [History] [pid-26551] balanceSheet( CGCF) no file
2026-10-08T17:17:53.006Z [INFO] [History] [pid-26551] balanceSheet( CGCFW) no file
2026-10-08T17:17:53.006Z [INFO] [History] [pid-26551] balanceSheet( MRCO) no file
2026-10-08T17:17:53.007Z [INFO] [History] [pid-26551] balanceSheet( MRCOW) no file
2026-10-08T17:17:53.008Z [INFO] [History] [pid-26551] balanceSheet( BBBYW) no file
2026-10-08T17:17:53.008Z [INFO] [History] [pid-26551] income statement( EWAV) no file
2026-10-08T17:17:53.008Z [INFO] [History] [pid-26551] Cash flow( EWAV) no file
2026-10-08T17:17:53.008Z [INFO] [History] [pid-26551] income statement( EWAVR) no file
2026-10-08T17:17:53.008Z [INFO] [History] [pid-26551] Cash flow( EWAVR) no file
2026-10-08T17:17:53.008Z [INFO] [History] [pid-26551] income statement( GHXIW) no file
2026-10-08T17:17:53.008Z [INFO] [History] [pid-26551] Cash flow( GHXIW) no file
2026-10-08T17:17:53.008Z [INFO] [History] [pid-26551] income statement( THEO) no file
2026-10-08T17:17:53.008Z [INFO] [History] [pid-26551] Cash flow( THEO) no file
2026-10-08T17:17:53.008Z [INFO] [History] [pid-26551] income statement( THEOR) no file
2026-10-08T17:17:53.008Z [INFO] [History] [pid-26551] Cash flow( THEOR) no file
2026-10-08T17:17:53.011Z [INFO] [History] [pid-26551] income statement( ADAMK) no file
2026-10-08T17:17:53.011Z [INFO] [History] [pid-26551] Cash flow( ADAMK) no file
2026-10-08T17:17:53.011Z [INFO] [History] [pid-26551] income statement( CGCF) no file
2026-10-08T17:17:53.011Z [INFO] [History] [pid-26551] Cash flow( CGCF) no file
2026-10-08T17:17:53.038Z [INFO] [History] [pid-26551] income statement( CGCFW) no file
2026-10-08T17:17:53.038Z [INFO] [History] [pid-26551] Cash flow( CGCFW) no file
2026-10-08T17:17:53.038Z [INFO] [History] [pid-26551] income statement( MRCO) no file
2026-10-08T17:17:53.038Z [INFO] [History] [pid-26551] Cash flow( MRCO) no file
2026-10-08T17:17:53.038Z [INFO] [History] [pid-26551] income statement( MRCOW) no file
2026-10-08T17:17:53.038Z [INFO] [History] [pid-26551] Cash flow( MRCOW) no file
2026-10-08T17:17:53.039Z [INFO] [History] [pid-26551] income statement( BBBYW) no file
2026-10-08T17:17:53.039Z [INFO] [History] [pid-26551] Cash flow( BBBYW) no file
2026-10-08T17:17:53.048Z [INFO] [History] [pid-26551] balanceSheet( NSAIU) no file
2026-10-08T17:17:53.048Z [INFO] [History] [pid-26551] balanceSheet( XTERU) no file
2026-10-08T17:17:53.049Z [INFO] [History] [pid-26551] balanceSheet( LYNX) no file
2026-10-08T17:17:53.049Z [INFO] [History] [pid-26551] balanceSheet( MEGX) no file
2026-10-08T17:17:53.049Z [INFO] [History] [pid-26551] balanceSheet( USGX) no file
2026-10-08T17:17:53.050Z [INFO] [History] [pid-26551] balanceSheet( USLX) no file
2026-10-08T17:17:53.050Z [INFO] [History] [pid-26551] balanceSheet( USMX) no file
2026-10-08T17:17:53.051Z [INFO] [History] [pid-26551] loadEarnings( BRZD) no file
2026-10-08T17:17:53.051Z [INFO] [History] [pid-26551] balanceSheet( BRZD) no file
2026-10-08T17:17:53.052Z [INFO] [History] [pid-26551] balanceSheet( CHTRP) no file
2026-10-08T17:17:53.061Z [INFO] [History] [pid-26551] Unknown asset type: UNIT {"Symbol":"NSAIU","AssetType":"UNIT","Name":"NorthStrive Acquisition Corp I. Units","Description":"Northstrive Acquisition Corp I. focuses on effecting a merger, amalgamation, share exchange, asset acquisition, share purchase, recapitalization, reorganization or similar business combination with one or more businesses. The company is headquartered in Newport Beach, California.","CIK":"None","Exchange":"NASDAQ","Currency":"USD","Country":"USA","Sector":"FINANCIAL SERVICES","Industry":"SHELL COMPANIES","Address":"120 NEWPORT CENTER DRIVE, NEWPORT BEACH, CA, UNITED STATES, 92660","OfficialSite":"None","FiscalYearEnd":"None","LatestQuarter":"2026-06-30","MarketCapitalization":"None","EBITDA":"None","PERatio":"None","PEGRatio":"None","BookValue":"0.002","DividendPerShare":"None","DividendYield":"None","EPS":"None","RevenuePerShareTTM":"0","ProfitMargin":"0","OperatingMarginTTM":"0","ReturnOnAssetsTTM":"0","ReturnOnEquityTTM":"0","RevenueTTM":"0","GrossProfitTTM":"0","DilutedEPSTTM":"0","QuarterlyEarningsGrowthYOY":"0","QuarterlyRevenueGrowthYOY":"0","AnalystTargetPrice":"None","AnalystRatingStrongBuy":"-","AnalystRatingBuy":"-","AnalystRatingHold":"-","AnalystRatingSell":"-","AnalystRatingStrongSell":"-","TrailingPE":"-","ForwardPE":"-","PriceToSalesRatioTTM":"-","PriceToBookRatio":"-","EVToRevenue":"-","EVToEBITDA":"-","Beta":"None","52WeekHigh":"10.57","52WeekLow":"9.97","50DayMovingAverage":"10.02","200DayMovingAverage":"10.02","SharesOutstanding":"0","SharesFloat":"0","PercentInsiders":"8.796","PercentInstitutions":"0.000","DividendDate":"None","ExDividendDate":"None"}
2026-10-08T17:17:53.063Z [INFO] [History] [pid-26551] balanceSheet( FBDT) no file
2026-10-08T17:17:53.063Z [INFO] [History] [pid-26551] balanceSheet( JPND) no file
2026-10-08T17:17:53.063Z [INFO] [History] [pid-26551] loadEarnings( JPNU) no file
2026-10-08T17:17:53.063Z [INFO] [History] [pid-26551] balanceSheet( JPNU) no file
2026-10-08T17:17:53.064Z [INFO] [History] [pid-26551] balanceSheet( SNUS-P-H) no file
2026-10-08T17:17:53.064Z [INFO] [History] [pid-26551] income statement( NSAIU) no file
2026-10-08T17:17:53.064Z [INFO] [History] [pid-26551] Cash flow( NSAIU) no file
2026-10-08T17:17:53.064Z [INFO] [History] [pid-26551] income statement( XTERU) no file
2026-10-08T17:17:53.064Z [INFO] [History] [pid-26551] Cash flow( XTERU) no file
2026-10-08T17:17:53.064Z [INFO] [History] [pid-26551] income statement( LYNX) no file
2026-10-08T17:17:53.064Z [INFO] [History] [pid-26551] Cash flow( LYNX) no file
2026-10-08T17:17:53.064Z [INFO] [History] [pid-26551] income statement( MEGX) no file
2026-10-08T17:17:53.064Z [INFO] [History] [pid-26551] Cash flow( MEGX) no file
2026-10-08T17:17:53.064Z [INFO] [History] [pid-26551] income statement( USGX) no file
2026-10-08T17:17:53.064Z [INFO] [History] [pid-26551] Cash flow( USGX) no file
2026-10-08T17:17:53.064Z [INFO] [History] [pid-26551] income statement( USLX) no file
2026-10-08T17:17:53.065Z [INFO] [History] [pid-26551] Cash flow( USLX) no file
2026-10-08T17:17:53.065Z [INFO] [History] [pid-26551] income statement( USMX) no file
2026-10-08T17:17:53.065Z [INFO] [History] [pid-26551] Cash flow( USMX) no file
2026-10-08T17:17:53.065Z [INFO] [History] [pid-26551] income statement( BRZD) no file
2026-10-08T17:17:53.065Z [INFO] [History] [pid-26551] Cash flow( BRZD) no file
2026-10-08T17:17:53.066Z [INFO] [History] [pid-26551] income statement( CHTRP) no file
2026-10-08T17:17:53.066Z [INFO] [History] [pid-26551] Cash flow( CHTRP) no file
2026-10-08T17:17:53.068Z [INFO] [History] [pid-26551] balanceSheet( SNUS-P-I) no file
2026-10-08T17:17:53.068Z [INFO] [History] [pid-26551] income statement( FBDT) no file
2026-10-08T17:17:53.069Z [INFO] [History] [pid-26551] Cash flow( FBDT) no file
2026-10-08T17:17:53.069Z [INFO] [History] [pid-26551] income statement( JPND) no file
2026-10-08T17:17:53.069Z [INFO] [History] [pid-26551] Cash flow( JPND) no file
2026-10-08T17:17:53.069Z [INFO] [History] [pid-26551] income statement( JPNU) no file
2026-10-08T17:17:53.069Z [INFO] [History] [pid-26551] Cash flow( JPNU) no file
2026-10-08T17:17:53.069Z [INFO] [History] [pid-26551] income statement( SNUS-P-H) no file
2026-10-08T17:17:53.069Z [INFO] [History] [pid-26551] Cash flow( SNUS-P-H) no file
2026-10-08T17:17:53.070Z [INFO] [History] [pid-26551] balanceSheet( TAWN) no file
2026-10-08T17:17:53.070Z [INFO] [History] [pid-26551] loadEarnings( TPEI) no file
2026-10-08T17:17:53.070Z [INFO] [History] [pid-26551] balanceSheet( TPEI) no file
2026-10-08T17:17:53.071Z [INFO] [History] [pid-26551] balanceSheet( TREO) no file
2026-10-08T17:17:53.071Z [INFO] [History] [pid-26551] balanceSheet( OSPR) no file
2026-10-08T17:17:53.071Z [INFO] [History] [pid-26551] balanceSheet( OSPRW) no file
2026-10-08T17:17:53.081Z [INFO] [History] [pid-26551] balanceSheet( MIAC) no file
2026-10-08T17:17:53.081Z [INFO] [History] [pid-26551] balanceSheet( MIACW) no file
2026-10-08T17:17:53.082Z [INFO] [History] [pid-26551] income statement( SNUS-P-I) no file
2026-10-08T17:17:53.082Z [INFO] [History] [pid-26551] Cash flow( SNUS-P-I) no file
2026-10-08T17:17:53.088Z [INFO] [History] [pid-26551] balanceSheet( ADBT) no file
2026-10-08T17:17:53.089Z [INFO] [History] [pid-26551] balanceSheet( KLXER) no file
2026-10-08T17:17:53.095Z [INFO] [History] [pid-26551] balanceSheet( JTTT) no file
2026-10-08T17:17:53.096Z [INFO] [History] [pid-26551] balanceSheet( SCATU) no file
2026-10-08T17:17:53.096Z [INFO] [History] [pid-26551] income statement( TAWN) no file
2026-10-08T17:17:53.096Z [INFO] [History] [pid-26551] Cash flow( TAWN) no file
2026-10-08T17:17:53.096Z [INFO] [History] [pid-26551] income statement( TPEI) no file
2026-10-08T17:17:53.096Z [INFO] [History] [pid-26551] Cash flow( TPEI) no file
2026-10-08T17:17:53.096Z [INFO] [History] [pid-26551] income statement( TREO) no file
2026-10-08T17:17:53.096Z [INFO] [History] [pid-26551] Cash flow( TREO) no file
2026-10-08T17:17:53.096Z [INFO] [History] [pid-26551] income statement( OSPR) no file
2026-10-08T17:17:53.096Z [INFO] [History] [pid-26551] Cash flow( OSPR) no file
2026-10-08T17:17:53.096Z [INFO] [History] [pid-26551] income statement( OSPRW) no file
2026-10-08T17:17:53.097Z [INFO] [History] [pid-26551] Cash flow( OSPRW) no file
2026-10-08T17:17:53.099Z [INFO] [History] [pid-26551] income statement( MIAC) no file
2026-10-08T17:17:53.099Z [INFO] [History] [pid-26551] Cash flow( MIAC) no file
2026-10-08T17:17:53.099Z [INFO] [History] [pid-26551] income statement( MIACW) no file
2026-10-08T17:17:53.099Z [INFO] [History] [pid-26551] Cash flow( MIACW) no file
2026-10-08T17:17:53.108Z [INFO] [History] [pid-26551] Unknown asset type: UNIT {"Symbol":"SCATU","AssetType":"UNIT","Name":"Southern Cross Acquisition II Corp. Units","Description":"Southern Cross Acquisition II Corp. The company is headquartered in New York, New York.","CIK":"None","Exchange":"NASDAQ","Currency":"USD","Country":"USA","Sector":"FINANCIAL SERVICES","Industry":"SHELL COMPANIES","Address":"1412 BROADWAY, NEW YORK, NY, UNITED STATES, 10018","OfficialSite":"None","FiscalYearEnd":"December","LatestQuarter":"2026-06-30","MarketCapitalization":"None","EBITDA":"None","PERatio":"None","PEGRatio":"None","BookValue":"-0.013","DividendPerShare":"None","DividendYield":"None","EPS":"None","RevenuePerShareTTM":"0","ProfitMargin":"0","OperatingMarginTTM":"0","ReturnOnAssetsTTM":"0","ReturnOnEquityTTM":"0","RevenueTTM":"0","GrossProfitTTM":"-41828","DilutedEPSTTM":"0","QuarterlyEarningsGrowthYOY":"0","QuarterlyRevenueGrowthYOY":"0","AnalystTargetPrice":"None","AnalystRatingStrongBuy":"-","AnalystRatingBuy":"-","AnalystRatingHold":"-","AnalystRatingSell":"-","AnalystRatingStrongSell":"-","TrailingPE":"-","ForwardPE":"-","PriceToSalesRatioTTM":"-","PriceToBookRatio":"-","EVToRevenue":"-","EVToEBITDA":"-","Beta":"None","52WeekHigh":"11","52WeekLow":"9.99","50DayMovingAverage":"10.03","200DayMovingAverage":"10.03","SharesOutstanding":"0","SharesFloat":"0","PercentInsiders":"14.411","PercentInstitutions":"0.000","DividendDate":"None","ExDividendDate":"None"}
2026-10-08T17:17:53.128Z [INFO] [History] [pid-26551] income statement( ADBT) no file
2026-10-08T17:17:53.128Z [INFO] [History] [pid-26551] Cash flow( ADBT) no file
2026-10-08T17:17:53.129Z [INFO] [History] [pid-26551] income statement( KLXER) no file
2026-10-08T17:17:53.129Z [INFO] [History] [pid-26551] Cash flow( KLXER) no file
2026-10-08T17:17:53.132Z [INFO] [History] [pid-26551] income statement( JTTT) no file
2026-10-08T17:17:53.132Z [INFO] [History] [pid-26551] Cash flow( JTTT) no file
2026-10-08T17:17:53.132Z [INFO] [History] [pid-26551] income statement( SCATU) no file
2026-10-08T17:17:53.132Z [INFO] [History] [pid-26551] Cash flow( SCATU) no file
2026-10-08T17:17:53.141Z [INFO] [History] [pid-26551] loadData( AAC) no year 2024
2026-10-08T17:17:53.141Z [INFO] [History] [pid-26551] loadData( AAC) no year 2025
2026-10-08T17:17:53.142Z [INFO] [History] [pid-26551] balanceSheet( IPXGW) no file
2026-10-08T17:17:53.142Z [INFO] [History] [pid-26551] balanceSheet( MNGU) no file
2026-10-08T17:17:53.143Z [INFO] [History] [pid-26551] balanceSheet( RNAQU) no file
2026-10-08T17:17:53.143Z [INFO] [History] [pid-26551] balanceSheet( SAX) no file
2026-10-08T17:17:53.143Z [INFO] [History] [pid-26551] balanceSheet( XTER) no file
2026-10-08T17:17:53.144Z [INFO] [History] [pid-26551] balanceSheet( XTERW) no file
2026-10-08T17:17:53.144Z [INFO] [History] [pid-26551] balanceSheet( IPHXU) no file
2026-10-08T17:17:53.150Z [INFO] [History] [pid-26551] balanceSheet( PSQLW) no file
2026-10-08T17:17:53.151Z [INFO] [History] [pid-26551] balanceSheet( XLABW) no file
2026-10-08T17:17:53.154Z [INFO] [History] [pid-26551] income statement( IPXGW) no file
2026-10-08T17:17:53.166Z [INFO] [History] [pid-26551] Cash flow( IPXGW) no file
2026-10-08T17:17:53.166Z [INFO] [History] [pid-26551] income statement( MNGU) no file
2026-10-08T17:17:53.166Z [INFO] [History] [pid-26551] Cash flow( MNGU) no file
2026-10-08T17:17:53.166Z [INFO] [History] [pid-26551] income statement( RNAQU) no file
2026-10-08T17:17:53.166Z [INFO] [History] [pid-26551] Cash flow( RNAQU) no file
2026-10-08T17:17:53.166Z [INFO] [History] [pid-26551] income statement( SAX) no file
2026-10-08T17:17:53.166Z [INFO] [History] [pid-26551] Cash flow( SAX) no file
2026-10-08T17:17:53.166Z [INFO] [History] [pid-26551] income statement( XTER) no file
2026-10-08T17:17:53.166Z [INFO] [History] [pid-26551] Cash flow( XTER) no file
2026-10-08T17:17:53.166Z [INFO] [History] [pid-26551] income statement( XTERW) no file
2026-10-08T17:17:53.166Z [INFO] [History] [pid-26551] Cash flow( XTERW) no file
2026-10-08T17:17:53.166Z [INFO] [History] [pid-26551] income statement( IPHXU) no file
2026-10-08T17:17:53.166Z [INFO] [History] [pid-26551] Cash flow( IPHXU) no file
2026-10-08T17:17:53.172Z [INFO] [History] [pid-26551] income statement( PSQLW) no file
2026-10-08T17:17:53.172Z [INFO] [History] [pid-26551] Cash flow( PSQLW) no file
2026-10-08T17:17:53.173Z [INFO] [History] [pid-26551] income statement( XLABW) no file
2026-10-08T17:17:53.173Z [INFO] [History] [pid-26551] Cash flow( XLABW) no file
2026-10-08T17:17:53.176Z [INFO] [History] [pid-26551] balanceSheet( JAB) no file
2026-10-08T17:17:53.177Z [INFO] [History] [pid-26551] balanceSheet( JABRR) no file
2026-10-08T17:17:53.177Z [INFO] [History] [pid-26551] balanceSheet( JABRW) no file
2026-10-08T17:17:53.177Z [INFO] [History] [pid-26551] balanceSheet( SAMO) no file
2026-10-08T17:17:53.178Z [INFO] [History] [pid-26551] balanceSheet( SAMO-WS) no file
2026-10-08T17:17:53.178Z [INFO] [History] [pid-26551] balanceSheet( SGLD) no file
2026-10-08T17:17:53.178Z [INFO] [History] [pid-26551] balanceSheet( TLACU) no file
2026-10-08T17:17:53.179Z [INFO] [History] [pid-26551] balanceSheet( GIXI) no file
2026-10-08T17:17:53.179Z [INFO] [History] [pid-26551] balanceSheet( NSAI) no file
2026-10-08T17:17:53.180Z [INFO] [History] [pid-26551] balanceSheet( NSAIR) no file
2026-10-08T17:17:53.180Z [INFO] [History] [pid-26551] balanceSheet( NSAIW) no file
2026-10-08T17:17:53.180Z [INFO] [History] [pid-26551] income statement( JAB) no file
2026-10-08T17:17:53.180Z [INFO] [History] [pid-26551] Cash flow( JAB) no file
2026-10-08T17:17:53.180Z [INFO] [History] [pid-26551] income statement( JABRR) no file
2026-10-08T17:17:53.180Z [INFO] [History] [pid-26551] Cash flow( JABRR) no file
2026-10-08T17:17:53.180Z [INFO] [History] [pid-26551] income statement( JABRW) no file
2026-10-08T17:17:53.180Z [INFO] [History] [pid-26551] Cash flow( JABRW) no file
2026-10-08T17:17:53.180Z [INFO] [History] [pid-26551] income statement( SAMO) no file
2026-10-08T17:17:53.181Z [INFO] [History] [pid-26551] Cash flow( SAMO) no file
2026-10-08T17:17:53.181Z [INFO] [History] [pid-26551] income statement( SAMO-WS) no file
2026-10-08T17:17:53.181Z [INFO] [History] [pid-26551] Cash flow( SAMO-WS) no file
2026-10-08T17:17:53.181Z [INFO] [History] [pid-26551] income statement( SGLD) no file
2026-10-08T17:17:53.181Z [INFO] [History] [pid-26551] Cash flow( SGLD) no file
2026-10-08T17:17:53.181Z [INFO] [History] [pid-26551] income statement( TLACU) no file
2026-10-08T17:17:53.181Z [INFO] [History] [pid-26551] Cash flow( TLACU) no file
2026-10-08T17:17:53.183Z [INFO] [History] [pid-26551] balanceSheet( JONER) no file
2026-10-08T17:17:53.183Z [INFO] [History] [pid-26551] balanceSheet( SGRX) no file
2026-10-08T17:17:53.184Z [INFO] [History] [pid-26551] balanceSheet( XTND) no file
2026-10-08T17:17:53.184Z [INFO] [History] [pid-26551] income statement( GIXI) no file
2026-10-08T17:17:53.184Z [INFO] [History] [pid-26551] Cash flow( GIXI) no file
2026-10-08T17:17:53.184Z [INFO] [History] [pid-26551] income statement( NSAI) no file
2026-10-08T17:17:53.184Z [INFO] [History] [pid-26551] Cash flow( NSAI) no file
2026-10-08T17:17:53.184Z [INFO] [History] [pid-26551] income statement( NSAIR) no file
2026-10-08T17:17:53.184Z [INFO] [History] [pid-26551] Cash flow( NSAIR) no file
2026-10-08T17:17:53.184Z [INFO] [History] [pid-26551] income statement( NSAIW) no file
2026-10-08T17:17:53.184Z [INFO] [History] [pid-26551] Cash flow( NSAIW) no file
2026-10-08T17:17:53.186Z [INFO] [History] [pid-26551] balanceSheet( AMAC) no file
2026-10-08T17:17:53.186Z [INFO] [History] [pid-26551] balanceSheet( AMACW) no file
2026-10-08T17:17:53.186Z [INFO] [History] [pid-26551] loadEarnings( CHAD) no file
2026-10-08T17:17:53.186Z [INFO] [History] [pid-26551] balanceSheet( CHAD) no file
2026-10-08T17:17:53.187Z [INFO] [History] [pid-26551] balanceSheet( NMCO-R-W) no file
2026-10-08T17:17:53.189Z [INFO] [History] [pid-26551] income statement( JONER) no file
2026-10-08T17:17:53.189Z [INFO] [History] [pid-26551] Cash flow( JONER) no file
2026-10-08T17:17:53.189Z [INFO] [History] [pid-26551] income statement( SGRX) no file
2026-10-08T17:17:53.189Z [INFO] [History] [pid-26551] Cash flow( SGRX) no file
2026-10-08T17:17:53.189Z [INFO] [History] [pid-26551] income statement( XTND) no file
2026-10-08T17:17:53.189Z [INFO] [History] [pid-26551] Cash flow( XTND) no file
2026-10-08T17:17:53.190Z [INFO] [History] [pid-26551] balanceSheet( NXATW) no file
2026-10-08T17:17:53.190Z [INFO] [History] [pid-26551] balanceSheet( BRTM) no file
2026-10-08T17:17:53.191Z [INFO] [History] [pid-26551] balanceSheet( BRTMW) no file
2026-10-08T17:17:53.191Z [INFO] [History] [pid-26551] balanceSheet( NMCO-R) no file
2026-10-08T17:17:53.191Z [INFO] [History] [pid-26551] income statement( AMAC) no file
2026-10-08T17:17:53.191Z [INFO] [History] [pid-26551] Cash flow( AMAC) no file
2026-10-08T17:17:53.192Z [INFO] [History] [pid-26551] income statement( AMACW) no file
2026-10-08T17:17:53.192Z [INFO] [History] [pid-26551] Cash flow( AMACW) no file
2026-10-08T17:17:53.192Z [INFO] [History] [pid-26551] income statement( CHAD) no file
2026-10-08T17:17:53.192Z [INFO] [History] [pid-26551] Cash flow( CHAD) no file
2026-10-08T17:17:53.192Z [INFO] [History] [pid-26551] income statement( NMCO-R-W) no file
2026-10-08T17:17:53.192Z [INFO] [History] [pid-26551] Cash flow( NMCO-R-W) no file
2026-10-08T17:17:53.194Z [INFO] [History] [pid-26551] balanceSheet( OCLT) no file
2026-10-08T17:17:53.194Z [INFO] [History] [pid-26551] balanceSheet( OCLTR) no file
2026-10-08T17:17:53.195Z [INFO] [History] [pid-26551] balanceSheet( OCLTW) no file
2026-10-08T17:17:53.196Z [INFO] [History] [pid-26551] loadData( PORTU) no year 2025
2026-10-08T17:17:53.197Z [INFO] [History] [pid-26551] balanceSheet( NFEGP) no file
2026-10-08T17:17:53.197Z [INFO] [History] [pid-26551] income statement( NXATW) no file
2026-10-08T17:17:53.197Z [INFO] [History] [pid-26551] Cash flow( NXATW) no file
2026-10-08T17:17:53.197Z [INFO] [History] [pid-26551] income statement( BRTM) no file
2026-10-08T17:17:53.197Z [INFO] [History] [pid-26551] Cash flow( BRTM) no file
2026-10-08T17:17:53.197Z [INFO] [History] [pid-26551] income statement( BRTMW) no file
2026-10-08T17:17:53.198Z [INFO] [History] [pid-26551] Cash flow( BRTMW) no file
2026-10-08T17:17:53.198Z [INFO] [History] [pid-26551] income statement( NMCO-R) no file
2026-10-08T17:17:53.198Z [INFO] [History] [pid-26551] Cash flow( NMCO-R) no file
2026-10-08T17:17:53.239Z [INFO] [History] [pid-26551] balanceSheet( RNAQ) no file
2026-10-08T17:17:53.250Z [INFO] [History] [pid-26551] balanceSheet( RNAQW) no file
2026-10-08T17:17:53.260Z [INFO] [History] [pid-26551] balanceSheet( ASBH) no file
2026-10-08T17:17:53.266Z [INFO] [History] [pid-26551] income statement( OCLT) no file
2026-10-08T17:17:53.266Z [INFO] [History] [pid-26551] Cash flow( OCLT) no file
2026-10-08T17:17:53.266Z [INFO] [History] [pid-26551] income statement( OCLTR) no file
2026-10-08T17:17:53.266Z [INFO] [History] [pid-26551] Cash flow( OCLTR) no file
2026-10-08T17:17:53.266Z [INFO] [History] [pid-26551] income statement( OCLTW) no file
2026-10-08T17:17:53.266Z [INFO] [History] [pid-26551] Cash flow( OCLTW) no file
2026-10-08T17:17:53.267Z [INFO] [History] [pid-26551] income statement( NFEGP) no file
2026-10-08T17:17:53.268Z [INFO] [History] [pid-26551] Cash flow( NFEGP) no file
2026-10-08T17:17:53.272Z [INFO] [History] [pid-26551] balanceSheet( CATL) no file
2026-10-08T17:17:53.272Z [INFO] [History] [pid-26551] balanceSheet( CATLR) no file
2026-10-08T17:17:53.273Z [INFO] [History] [pid-26551] balanceSheet( MTAK) no file
2026-10-08T17:17:53.273Z [INFO] [History] [pid-26551] balanceSheet( MTAKW) no file
2026-10-08T17:17:53.273Z [INFO] [History] [pid-26551] balanceSheet( TLAC) no file
2026-10-08T17:17:53.274Z [INFO] [History] [pid-26551] balanceSheet( TLACW) no file
2026-10-08T17:17:53.278Z [INFO] [History] [pid-26551] income statement( RNAQ) no file
2026-10-08T17:17:53.278Z [INFO] [History] [pid-26551] Cash flow( RNAQ) no file
2026-10-08T17:17:53.278Z [INFO] [History] [pid-26551] income statement( RNAQW) no file
2026-10-08T17:17:53.278Z [INFO] [History] [pid-26551] Cash flow( RNAQW) no file
2026-10-08T17:17:53.279Z [INFO] [History] [pid-26551] income statement( ASBH) no file
2026-10-08T17:17:53.279Z [INFO] [History] [pid-26551] Cash flow( ASBH) no file
2026-10-08T17:17:53.299Z [INFO] [History] [pid-26551] loadData( OIG) no year 2024
2026-10-08T17:17:53.299Z [INFO] [History] [pid-26551] loadData( OIG) no year 2025
2026-10-08T17:17:53.300Z [INFO] [History] [pid-26551] balanceSheet( ASGI-R-W) no file
2026-10-08T17:17:53.300Z [INFO] [History] [pid-26551] balanceSheet( ETRA) no file
2026-10-08T17:17:53.301Z [INFO] [History] [pid-26551] income statement( CATL) no file
2026-10-08T17:17:53.301Z [INFO] [History] [pid-26551] Cash flow( CATL) no file
2026-10-08T17:17:53.301Z [INFO] [History] [pid-26551] income statement( CATLR) no file
2026-10-08T17:17:53.301Z [INFO] [History] [pid-26551] Cash flow( CATLR) no file
2026-10-08T17:17:53.301Z [INFO] [History] [pid-26551] income statement( MTAK) no file
2026-10-08T17:17:53.302Z [INFO] [History] [pid-26551] Cash flow( MTAK) no file
2026-10-08T17:17:53.302Z [INFO] [History] [pid-26551] income statement( MTAKW) no file
2026-10-08T17:17:53.302Z [INFO] [History] [pid-26551] Cash flow( MTAKW) no file
2026-10-08T17:17:53.302Z [INFO] [History] [pid-26551] income statement( TLAC) no file
2026-10-08T17:17:53.302Z [INFO] [History] [pid-26551] Cash flow( TLAC) no file
2026-10-08T17:17:53.302Z [INFO] [History] [pid-26551] income statement( TLACW) no file
2026-10-08T17:17:53.302Z [INFO] [History] [pid-26551] Cash flow( TLACW) no file
2026-10-08T17:17:53.314Z [INFO] [History] [pid-26551] balanceSheet( HOST) no file
2026-10-08T17:17:53.315Z [INFO] [History] [pid-26551] balanceSheet( LEDRU) no file
2026-10-08T17:17:53.315Z [INFO] [History] [pid-26551] balanceSheet( XIII) no file
2026-10-08T17:17:53.315Z [INFO] [History] [pid-26551] balanceSheet( XIIIW) no file
2026-10-08T17:17:53.323Z [INFO] [History] [pid-26551] balanceSheet( GCPU) no file
2026-10-08T17:17:53.323Z [INFO] [History] [pid-26551] balanceSheet( NWCL) no file
2026-10-08T17:17:53.329Z [INFO] [History] [pid-26551] income statement( ASGI-R-W) no file
2026-10-08T17:17:53.329Z [INFO] [History] [pid-26551] Cash flow( ASGI-R-W) no file
2026-10-08T17:17:53.329Z [INFO] [History] [pid-26551] income statement( ETRA) no file
2026-10-08T17:17:53.329Z [INFO] [History] [pid-26551] Cash flow( ETRA) no file
2026-10-08T17:17:53.332Z [INFO] [History] [pid-26551] balanceSheet( NWCLW) no file
2026-10-08T17:17:53.333Z [INFO] [History] [pid-26551] balanceSheet( SVIAW) no file
2026-10-08T17:17:53.333Z [INFO] [History] [pid-26551] balanceSheet( LOVIU) no file
2026-10-08T17:17:53.334Z [INFO] [History] [pid-26551] balanceSheet( ASGI-R) no file
2026-10-08T17:17:53.335Z [INFO] [History] [pid-26551] income statement( HOST) no file
2026-10-08T17:17:53.337Z [INFO] [History] [pid-26551] Cash flow( HOST) no file
2026-10-08T17:17:53.337Z [INFO] [History] [pid-26551] income statement( LEDRU) no file
2026-10-08T17:17:53.337Z [INFO] [History] [pid-26551] Cash flow( LEDRU) no file
2026-10-08T17:17:53.337Z [INFO] [History] [pid-26551] income statement( XIII) no file
2026-10-08T17:17:53.337Z [INFO] [History] [pid-26551] Cash flow( XIII) no file
2026-10-08T17:17:53.337Z [INFO] [History] [pid-26551] income statement( XIIIW) no file
2026-10-08T17:17:53.337Z [INFO] [History] [pid-26551] Cash flow( XIIIW) no file
2026-10-08T17:17:53.339Z [INFO] [History] [pid-26551] income statement( GCPU) no file
2026-10-08T17:17:53.339Z [INFO] [History] [pid-26551] Cash flow( GCPU) no file
2026-10-08T17:17:53.339Z [INFO] [History] [pid-26551] income statement( NWCL) no file
2026-10-08T17:17:53.339Z [INFO] [History] [pid-26551] Cash flow( NWCL) no file
2026-10-08T17:17:53.341Z [INFO] [History] [pid-26551] balanceSheet( BCAT-R-W) no file
2026-10-08T17:17:53.341Z [INFO] [History] [pid-26551] balanceSheet( FJDI) no file
2026-10-08T17:17:53.342Z [INFO] [History] [pid-26551] balanceSheet( FJDIR) no file
2026-10-08T17:17:53.342Z [INFO] [History] [pid-26551] balanceSheet( FJDIW) no file
2026-10-08T17:17:53.343Z [INFO] [History] [pid-26551] balanceSheet( ADRX) no file
2026-10-08T17:17:53.343Z [INFO] [History] [pid-26551] income statement( NWCLW) no file
2026-10-08T17:17:53.343Z [INFO] [History] [pid-26551] Cash flow( NWCLW) no file
2026-10-08T17:17:53.343Z [INFO] [History] [pid-26551] income statement( SVIAW) no file
2026-10-08T17:17:53.343Z [INFO] [History] [pid-26551] Cash flow( SVIAW) no file
2026-10-08T17:17:53.343Z [INFO] [History] [pid-26551] income statement( LOVIU) no file
2026-10-08T17:17:53.343Z [INFO] [History] [pid-26551] Cash flow( LOVIU) no file
2026-10-08T17:17:53.343Z [INFO] [History] [pid-26551] income statement( ASGI-R) no file
2026-10-08T17:17:53.343Z [INFO] [History] [pid-26551] Cash flow( ASGI-R) no file
2026-10-08T17:17:53.355Z [INFO] [History] [pid-26551] balanceSheet( BRRKU) no file
2026-10-08T17:17:53.355Z [INFO] [History] [pid-26551] balanceSheet( PNAQ) no file
2026-10-08T17:17:53.355Z [INFO] [History] [pid-26551] balanceSheet( PNAQ-R) no file
2026-10-08T17:17:53.356Z [INFO] [History] [pid-26551] income statement( BCAT-R-W) no file
2026-10-08T17:17:53.356Z [INFO] [History] [pid-26551] Cash flow( BCAT-R-W) no file
2026-10-08T17:17:53.356Z [INFO] [History] [pid-26551] income statement( FJDI) no file
2026-10-08T17:17:53.356Z [INFO] [History] [pid-26551] Cash flow( FJDI) no file
2026-10-08T17:17:53.356Z [INFO] [History] [pid-26551] income statement( FJDIR) no file
2026-10-08T17:17:53.356Z [INFO] [History] [pid-26551] Cash flow( FJDIR) no file
2026-10-08T17:17:53.357Z [INFO] [History] [pid-26551] income statement( FJDIW) no file
2026-10-08T17:17:53.357Z [INFO] [History] [pid-26551] Cash flow( FJDIW) no file
2026-10-08T17:17:53.357Z [INFO] [History] [pid-26551] income statement( ADRX) no file
2026-10-08T17:17:53.357Z [INFO] [History] [pid-26551] Cash flow( ADRX) no file
2026-10-08T17:17:53.359Z [INFO] [History] [pid-26551] loadEarnings( GOW) no file
2026-10-08T17:17:53.360Z [INFO] [History] [pid-26551] balanceSheet( GOW) no file
2026-10-08T17:17:53.409Z [INFO] [History] [pid-26551] loadEarnings( ONEN) no file
2026-10-08T17:17:53.409Z [INFO] [History] [pid-26551] balanceSheet( ONEN) no file
2026-10-08T17:17:53.409Z [INFO] [History] [pid-26551] loadEarnings( ACCV) no file
2026-10-08T17:17:53.409Z [INFO] [History] [pid-26551] balanceSheet( ACCV) no file
2026-10-08T17:17:53.410Z [INFO] [History] [pid-26551] income statement( BRRKU) no file
2026-10-08T17:17:53.410Z [INFO] [History] [pid-26551] Cash flow( BRRKU) no file
2026-10-08T17:17:53.410Z [INFO] [History] [pid-26551] income statement( PNAQ) no file
2026-10-08T17:17:53.410Z [INFO] [History] [pid-26551] Cash flow( PNAQ) no file
2026-10-08T17:17:53.410Z [INFO] [History] [pid-26551] income statement( PNAQ-R) no file
2026-10-08T17:17:53.410Z [INFO] [History] [pid-26551] Cash flow( PNAQ-R) no file
2026-10-08T17:17:53.416Z [INFO] [History] [pid-26551] loadEarnings( IVAI) no file
2026-10-08T17:17:53.416Z [INFO] [History] [pid-26551] balanceSheet( IVAI) no file
2026-10-08T17:17:53.417Z [INFO] [History] [pid-26551] loadEarnings( RZAI) no file
2026-10-08T17:17:53.417Z [INFO] [History] [pid-26551] balanceSheet( RZAI) no file
2026-10-08T17:17:53.418Z [INFO] [History] [pid-26551] loadData( PORT-U) no year 2025
2026-10-08T17:17:53.419Z [INFO] [History] [pid-26551] loadEarnings( CHWM) no file
2026-10-08T17:17:53.419Z [INFO] [History] [pid-26551] balanceSheet( CHWM) no file
2026-10-08T17:17:53.419Z [INFO] [History] [pid-26551] loadEarnings( UWMC-R-W) no file
2026-10-08T17:17:53.419Z [INFO] [History] [pid-26551] balanceSheet( UWMC-R-W) no file
2026-10-08T17:17:53.419Z [INFO] [History] [pid-26551] loadEarnings( VYLR) no file
2026-10-08T17:17:53.419Z [INFO] [History] [pid-26551] balanceSheet( VYLR) no file
2026-10-08T17:17:53.419Z [INFO] [History] [pid-26551] loadEarnings( SAIQ) no file
2026-10-08T17:17:53.420Z [INFO] [History] [pid-26551] balanceSheet( SAIQ) no file
2026-10-08T17:17:53.420Z [INFO] [History] [pid-26551] income statement( GOW) no file
2026-10-08T17:17:53.420Z [INFO] [History] [pid-26551] Cash flow( GOW) no file
2026-10-08T17:17:53.426Z [INFO] [History] [pid-26551] income statement( ONEN) no file
2026-10-08T17:17:53.426Z [INFO] [History] [pid-26551] Cash flow( ONEN) no file
2026-10-08T17:17:53.426Z [INFO] [History] [pid-26551] income statement( ACCV) no file
2026-10-08T17:17:53.426Z [INFO] [History] [pid-26551] Cash flow( ACCV) no file
2026-10-08T17:17:53.430Z [INFO] [History] [pid-26551] loadEarnings( DX-P-D) no file
2026-10-08T17:17:53.430Z [INFO] [History] [pid-26551] balanceSheet( DX-P-D) no file
2026-10-08T17:17:53.430Z [INFO] [History] [pid-26551] loadEarnings( NSTR) no file
2026-10-08T17:17:53.430Z [INFO] [History] [pid-26551] balanceSheet( NSTR) no file
2026-10-08T17:17:53.430Z [INFO] [History] [pid-26551] income statement( IVAI) no file
2026-10-08T17:17:53.430Z [INFO] [History] [pid-26551] Cash flow( IVAI) no file
2026-10-08T17:17:53.430Z [INFO] [History] [pid-26551] income statement( RZAI) no file
2026-10-08T17:17:53.431Z [INFO] [History] [pid-26551] Cash flow( RZAI) no file
2026-10-08T17:17:53.431Z [INFO] [History] [pid-26551] income statement( CHWM) no file
2026-10-08T17:17:53.431Z [INFO] [History] [pid-26551] Cash flow( CHWM) no file
2026-10-08T17:17:53.431Z [INFO] [History] [pid-26551] income statement( UWMC-R-W) no file
2026-10-08T17:17:53.431Z [INFO] [History] [pid-26551] Cash flow( UWMC-R-W) no file
2026-10-08T17:17:53.432Z [INFO] [History] [pid-26551] income statement( VYLR) no file
2026-10-08T17:17:53.432Z [INFO] [History] [pid-26551] Cash flow( VYLR) no file
2026-10-08T17:17:53.432Z [INFO] [History] [pid-26551] income statement( SAIQ) no file
2026-10-08T17:17:53.432Z [INFO] [History] [pid-26551] Cash flow( SAIQ) no file
2026-10-08T17:17:53.433Z [INFO] [History] [pid-26551] loadEarnings( NSTR-WS) no file
2026-10-08T17:17:53.433Z [INFO] [History] [pid-26551] balanceSheet( NSTR-WS) no file
2026-10-08T17:17:53.448Z [INFO] [History] [pid-26551] loadEarnings( BCAT-R) no file
2026-10-08T17:17:53.448Z [INFO] [History] [pid-26551] balanceSheet( BCAT-R) no file
2026-10-08T17:17:53.448Z [INFO] [History] [pid-26551] loadEarnings( IPHX) no file
2026-10-08T17:17:53.449Z [INFO] [History] [pid-26551] balanceSheet( IPHX) no file
2026-10-08T17:17:53.449Z [INFO] [History] [pid-26551] income statement( DX-P-D) no file
2026-10-08T17:17:53.449Z [INFO] [History] [pid-26551] Cash flow( DX-P-D) no file
2026-10-08T17:17:53.450Z [INFO] [History] [pid-26551] income statement( NSTR) no file
2026-10-08T17:17:53.450Z [INFO] [History] [pid-26551] Cash flow( NSTR) no file
2026-10-08T17:17:53.452Z [INFO] [History] [pid-26551] loadEarnings( IPHXW) no file
2026-10-08T17:17:53.452Z [INFO] [History] [pid-26551] balanceSheet( IPHXW) no file
2026-10-08T17:17:53.453Z [INFO] [History] [pid-26551] loadEarnings( MMEDV) no file
2026-10-08T17:17:53.453Z [INFO] [History] [pid-26551] balanceSheet( MMEDV) no file
2026-10-08T17:17:53.453Z [INFO] [History] [pid-26551] loadEarnings( RWAYM) no file
2026-10-08T17:17:53.453Z [INFO] [History] [pid-26551] balanceSheet( RWAYM) no file
2026-10-08T17:17:53.453Z [INFO] [History] [pid-26551] loadEarnings( TBCV) no file
2026-10-08T17:17:53.453Z [INFO] [History] [pid-26551] balanceSheet( TBCV) no file
2026-10-08T17:17:53.453Z [INFO] [History] [pid-26551] loadEarnings( TBCVW) no file
2026-10-08T17:17:53.453Z [INFO] [History] [pid-26551] balanceSheet( TBCVW) no file
2026-10-08T17:17:53.453Z [INFO] [History] [pid-26551] loadEarnings( WQEY) no file
2026-10-08T17:17:53.454Z [INFO] [History] [pid-26551] balanceSheet( WQEY) no file
2026-10-08T17:17:53.454Z [INFO] [History] [pid-26551] loadEarnings( PAXGU) no file
2026-10-08T17:17:53.454Z [INFO] [History] [pid-26551] balanceSheet( PAXGU) no file
2026-10-08T17:17:53.454Z [INFO] [History] [pid-26551] loadEarnings( UWMC-R) no file
2026-10-08T17:17:53.454Z [INFO] [History] [pid-26551] balanceSheet( UWMC-R) no file
2026-10-08T17:17:53.456Z [INFO] [History] [pid-26551] income statement( NSTR-WS) no file
2026-10-08T17:17:53.456Z [INFO] [History] [pid-26551] Cash flow( NSTR-WS) no file
2026-10-08T17:17:53.459Z [INFO] [History] [pid-26551] income statement( BCAT-R) no file
2026-10-08T17:17:53.459Z [INFO] [History] [pid-26551] Cash flow( BCAT-R) no file
2026-10-08T17:17:53.459Z [INFO] [History] [pid-26551] income statement( IPHX) no file
2026-10-08T17:17:53.459Z [INFO] [History] [pid-26551] Cash flow( IPHX) no file
2026-10-08T17:17:53.466Z [INFO] [History] [pid-26551] income statement( IPHXW) no file
2026-10-08T17:17:53.466Z [INFO] [History] [pid-26551] Cash flow( IPHXW) no file
2026-10-08T17:17:53.466Z [INFO] [History] [pid-26551] income statement( MMEDV) no file
2026-10-08T17:17:53.466Z [INFO] [History] [pid-26551] Cash flow( MMEDV) no file
2026-10-08T17:17:53.466Z [INFO] [History] [pid-26551] income statement( RWAYM) no file
2026-10-08T17:17:53.466Z [INFO] [History] [pid-26551] Cash flow( RWAYM) no file
2026-10-08T17:17:53.467Z [INFO] [History] [pid-26551] income statement( TBCV) no file
2026-10-08T17:17:53.467Z [INFO] [History] [pid-26551] Cash flow( TBCV) no file
2026-10-08T17:17:53.467Z [INFO] [History] [pid-26551] income statement( TBCVW) no file
2026-10-08T17:17:53.467Z [INFO] [History] [pid-26551] Cash flow( TBCVW) no file
2026-10-08T17:17:53.467Z [INFO] [History] [pid-26551] income statement( WQEY) no file
2026-10-08T17:17:53.467Z [INFO] [History] [pid-26551] Cash flow( WQEY) no file
2026-10-08T17:17:53.467Z [INFO] [History] [pid-26551] income statement( PAXGU) no file
2026-10-08T17:17:53.467Z [INFO] [History] [pid-26551] Cash flow( PAXGU) no file
2026-10-08T17:17:53.467Z [INFO] [History] [pid-26551] income statement( UWMC-R) no file
2026-10-08T17:17:53.467Z [INFO] [History] [pid-26551] Cash flow( UWMC-R) no file
2026-10-08T17:17:53.476Z [INFO] [timing] [pid-26551] [timing] History.init symbol-read-write-loop duration=3m 27s (207s) symbols=18415 loaded=13177
2026-10-08T17:18:04.215Z [INFO] [timing] [pid-26551] [timing] History.init cache-write duration=10s (10s) branch=rebuild symbols=13176
2026-10-08T17:18:04.216Z [INFO] [timing] [pid-26551] [timing] History.init duration=3m 37s (217s) branch=rebuild stocks=13176
2026-10-08T17:18:04.228Z [INFO] [HistoryApp] [pid-26551] History: 217863 ms
⏳ quality: 9338 MB available < 13824 MB needed for safe heap; waiting… (0/60s)
⏳ quality: 9584 MB available < 13824 MB needed for safe heap; waiting… (5/60s)
⏳ quality: 10076 MB available < 13824 MB needed for safe heap; waiting… (10/60s)
⏳ quality: 10076 MB available < 13824 MB needed for safe heap; waiting… (15/60s)
⏳ quality: 10321 MB available < 13824 MB needed for safe heap; waiting… (20/60s)
⏳ quality: 10321 MB available < 13824 MB needed for safe heap; waiting… (25/60s)
⏳ quality: 10813 MB available < 13824 MB needed for safe heap; waiting… (30/60s)
⏳ quality: 10076 MB available < 13824 MB needed for safe heap; waiting… (35/60s)
⏳ quality: 11059 MB available < 13824 MB needed for safe heap; waiting… (40/60s)
⏳ quality: 11550 MB available < 13824 MB needed for safe heap; waiting… (45/60s)
⏳ quality: 11796 MB available < 13824 MB needed for safe heap; waiting… (50/60s)
⏳ quality: 12288 MB available < 13824 MB needed for safe heap; waiting… (55/60s)
⚠️ quality: only 12288 MB available after waiting 60s (wanted 13824 MB for a 12288 MB heap). Proceeding with host-sized plan.
🧮 deno test memory plan: DENO_JOBS=1, --max-old-space-size=10752 MB per worker (aggregate ceiling 10752 MB, host 24 GB total / 12288 MB available)
....................................................................................................
....................................................................................................
....................................................................................................
....................................................................................................
....................................................................................................
....................................................................................................
....................................................................................................
....................................................................................................
....................................................................................................
....................................................................................................
....................................................................................................
....................................................................................................
....................................................................................................
....................................................................................................
....................................................................................................
....................................................................................................
....................................................................................................
....................................................................................................
....................................................................................................
....................................................................................................
....................................................................................................
....................................................................................................
....................................................................................................
....................................................................................................
....................................................................................................
....................................................................................................
....................................................................................................
....................................................................................................
....................................................................................................
....................................................................................................
....................................................................................................
....................................................................................................
....................................................................................................
....................................................................................................
....................................................................................................
....................................................................................................
....................................................................................................
....................................................................................................
....................................................................................................
....................................................................................................
....................................................................................................
....................................................................................................
....................................................................................................
....................................................................................................
....................................................................................................
....................................................................................................
....................................................................................................
....................................................................................................
....................................................................................................
....................................................................................................
....................................................................................................
....................................................................................................
....................................................................................................
....................................................................................................
.................................................................................,..,,,,,...........
....................................................................................................
....................................................................................................
....................................................................................................
....................................................................................................
....................................................................................................
....................................................................................................
...............................................................!!........!!!!.!.....................
....................................................................................................
....................................................................................................
....................................................................................................
....................................................................................................
....................................................................................................
....................................................................................................
....................................................................................................
....................................................................................................
.........................................................,..........................................
....................................................................................................
....................................................................................................
....................................................................................................
....................................................................................................
....................................................................................................
....................................................................................................
....................................................................................................
....................................................................................................
....................................................................................................
....................................................................................................
....................................................................................................
....................................................................................................
....................................................................................................
....................................................................................................
....................................................................................................
....................................................................................................
....................................................................................................
....................................................................................................
..........................................

 ERRORS 

2022-02-24 => ./test/v55.ts:16:6
error: Error: No space left on device (os error 28): mkdir '.cache/TDv2/55.5.1/B/BHP/2022'
    Deno.mkdirSync(dirPath, { recursive: true });
         ^
    at Object.mkdirSync (ext:deno_fs/30_fs.js:1:2920)
    at CacheManager.storeToDisk (file:///Users/elephant/GRQ/src/cache/CacheManager.ts:164:10)
    at CacheEntity.store (file:///Users/elephant/GRQ/src/cache/CacheEntity.ts:40:23)
    at data (file:///Users/elephant/GRQ/src/v/TrainV55.ts:91:15)
    at file:///Users/elephant/GRQ/test/v55.ts:19:14

all:2021-08-19 => ./test/v55.ts:28:6
error: Error: No space left on device (os error 28): mkdir '.cache/TDv2/55.5.1/N/NEXN/2021'
    Deno.mkdirSync(dirPath, { recursive: true });
         ^
    at Object.mkdirSync (ext:deno_fs/30_fs.js:1:2920)
    at CacheManager.storeToDisk (file:///Users/elephant/GRQ/src/cache/CacheManager.ts:164:10)
    at CacheEntity.store (file:///Users/elephant/GRQ/src/cache/CacheEntity.ts:40:23)
    at data (file:///Users/elephant/GRQ/src/v/TrainV55.ts:91:15)
    at file:///Users/elephant/GRQ/test/v55.ts:40:16
    at Array.forEach (<anonymous>)
    at file:///Users/elephant/GRQ/test/v55.ts:39:10

2023-02-24 => ./test/v60.ts:8:6
error: Error: No space left on device (os error 28): mkdir '.cache/TDv2/60.35.4/A/AAPL/2023'
    Deno.mkdirSync(dirPath, { recursive: true });
         ^
    at Object.mkdirSync (ext:deno_fs/30_fs.js:1:2920)
    at CacheManager.storeToDisk (file:///Users/elephant/GRQ/src/cache/CacheManager.ts:164:10)
    at CacheEntity.store (file:///Users/elephant/GRQ/src/cache/CacheEntity.ts:40:23)
    at data (file:///Users/elephant/GRQ/src/v/TrainV60.ts:43:15)
    at file:///Users/elephant/GRQ/test/v60.ts:11:14

2020-02-24 => ./test/v60.ts:26:6
error: Error: No space left on device (os error 28): mkdir '.cache/TDv2/60.35.4/A/AAPL/2022'
    Deno.mkdirSync(dirPath, { recursive: true });
         ^
    at Object.mkdirSync (ext:deno_fs/30_fs.js:1:2920)
    at CacheManager.storeToDisk (file:///Users/elephant/GRQ/src/cache/CacheManager.ts:164:10)
    at CacheEntity.store (file:///Users/elephant/GRQ/src/cache/CacheEntity.ts:40:23)
    at data (file:///Users/elephant/GRQ/src/v/TrainV60.ts:43:15)
    at file:///Users/elephant/GRQ/test/v60.ts:29:14

UNKNOWN => ./test/v60.ts:41:6
error: Error: No space left on device (os error 28): mkdir '.cache/TDv2/60.35.4/U/UNKNOWN-5/2023'
    Deno.mkdirSync(dirPath, { recursive: true });
         ^
    at Object.mkdirSync (ext:deno_fs/30_fs.js:1:2920)
    at CacheManager.storeToDisk (file:///Users/elephant/GRQ/src/cache/CacheManager.ts:164:10)
    at CacheEntity.store (file:///Users/elephant/GRQ/src/cache/CacheEntity.ts:40:23)
    at data (file:///Users/elephant/GRQ/src/v/TrainV60.ts:43:15)
    at file:///Users/elephant/GRQ/test/v60.ts:44:14

all:2022-08-19 => ./test/v60.ts:56:6
error: Error: No space left on device (os error 28): mkdir '.cache/TDv2/60.35.4/H/HAFN/2022'
    Deno.mkdirSync(dirPath, { recursive: true });
         ^
    at Object.mkdirSync (ext:deno_fs/30_fs.js:1:2920)
    at CacheManager.storeToDisk (file:///Users/elephant/GRQ/src/cache/CacheManager.ts:164:10)
    at CacheEntity.store (file:///Users/elephant/GRQ/src/cache/CacheEntity.ts:40:23)
    at data (file:///Users/elephant/GRQ/src/v/TrainV60.ts:43:15)
    at file:///Users/elephant/GRQ/test/v60.ts:68:16
    at Array.forEach (<anonymous>)
    at file:///Users/elephant/GRQ/test/v60.ts:67:10

all:2022-08-19 => ./test/v61.ts:24:6
error: Error: No space left on device (os error 28): mkdir '.cache/TDv2/61.16.1/L/LUNA/2022'
    Deno.mkdirSync(dirPath, { recursive: true });
         ^
    at Object.mkdirSync (ext:deno_fs/30_fs.js:1:2920)
    at CacheManager.storeToDisk (file:///Users/elephant/GRQ/src/cache/CacheManager.ts:164:10)
    at CacheEntity.store (file:///Users/elephant/GRQ/src/cache/CacheEntity.ts:40:23)
    at data (file:///Users/elephant/GRQ/src/v/TrainV61.ts:96:15)
    at file:///Users/elephant/GRQ/test/v61.ts:36:16
    at Array.forEach (<anonymous>)
    at file:///Users/elephant/GRQ/test/v61.ts:35:10

 FAILURES 

2022-02-24 => ./test/v55.ts:16:6
all:2021-08-19 => ./test/v55.ts:28:6
2023-02-24 => ./test/v60.ts:8:6
2020-02-24 => ./test/v60.ts:26:6
UNKNOWN => ./test/v60.ts:41:6
all:2022-08-19 => ./test/v60.ts:56:6
all:2022-08-19 => ./test/v61.ts:24:6

FAILED | 8659 passed (269 steps) | 7 failed | 7 ignored (107m29s)

error: Test failed
❌ deno test failed (exit 1)
