[0m[32mDownload[0m https://jsr.io/@std/fs/1.0.24/unstable_utime.ts
[0m[32mDownload[0m https://jsr.io/@std/fs/1.0.24/unstable_symlink.ts
[0m[32mDownload[0m https://jsr.io/@std/fs/1.0.24/unstable_truncate.ts
[0m[32mDownload[0m https://jsr.io/@std/fs/1.0.24/unstable_types.ts
[0m[32mDownload[0m https://jsr.io/@std/fs/1.0.24/unstable_umask.ts
[0m[32mDownload[0m https://jsr.io/@std/fs/1.0.24/unstable_write_file.ts
[0m[32mDownload[0m https://jsr.io/@std/fs/1.0.24/unstable_write_text_file.ts
[0m[32mDownload[0m https://jsr.io/@std/fmt/1.0.10/bytes.ts
[0m[32mDownload[0m https://jsr.io/@std/fmt/1.0.10/printf.ts
[0m[32mDownload[0m https://jsr.io/@std/csv/1.0.6/unstable_stringify.ts
[0m[32mDownload[0m https://jsr.io/@std/cli/1.0.32/unstable_ansi.ts
[0m[32mDownload[0m https://jsr.io/@std/cli/1.0.32/unstable_get_cursor.ts
[0m[32mDownload[0m https://jsr.io/@std/cli/1.0.32/unstable_progress_bar.ts
[0m[32mDownload[0m https://jsr.io/@std/cli/1.0.32/unstable_progress_bar_stream.ts
[0m[32mDownload[0m https://jsr.io/@std/cli/1.0.32/unstable_prompt_select.ts
[0m[32mDownload[0m https://jsr.io/@std/cli/1.0.32/unstable_prompt_multiple_select.ts
[0m[32mDownload[0m https://jsr.io/@std/cli/1.0.32/unstable_spinner.ts
[0m[32mDownload[0m https://jsr.io/@std/cli/1.0.32/unstable_static_line.ts
[0m[32mDownload[0m https://jsr.io/@std/assert/1.0.19/unstable_equals.ts
[0m[32mDownload[0m https://jsr.io/@std/assert/1.0.19/unstable_never.ts
[0m[32mDownload[0m https://jsr.io/@std/assert/1.0.19/unstable_strict_equals.ts
[0m[32mDownload[0m https://jsr.io/@std/jsonc/1.0.2/mod.ts
[0m[32mDownload[0m https://jsr.io/@std/jsonc/1.0.2/parse.ts
[0m[32mDownload[0m https://jsr.io/@std/yaml/1.2.0/mod.ts
[0m[32mDownload[0m https://jsr.io/@std/yaml/1.2.0/parse.ts
[0m[32mDownload[0m https://jsr.io/@std/yaml/1.2.0/stringify.ts
[0m[32mDownload[0m https://jsr.io/@std/yaml/1.2.0/types.ts
[0m[32mDownload[0m https://jsr.io/@std/yaml/1.2.0/unstable_stringify.ts
[0m[32mDownload[0m https://jsr.io/@std/yaml/1.2.0/unstable_parse.ts
[0m[32mDownload[0m https://jsr.io/@std/testing/1.0.20/bdd.ts
[0m[32mDownload[0m https://jsr.io/@std/testing/1.0.20/snapshot.ts
[0m[32mDownload[0m https://jsr.io/@std/testing/1.0.20/time.ts
[0m[32mDownload[0m https://jsr.io/@std/testing/1.0.20/types.ts
[0m[32mDownload[0m https://jsr.io/@std/testing/1.0.20/unstable_bdd.ts
[0m[32mDownload[0m https://jsr.io/@std/testing/1.0.20/unstable_snapshot.ts
[0m[32mDownload[0m https://jsr.io/@std/testing/1.0.20/unstable_stub.ts
[0m[32mDownload[0m https://jsr.io/@std/testing/1.0.20/unstable_stub_property.ts
[0m[32mDownload[0m https://jsr.io/@std/testing/1.0.20/unstable_types.ts
[0m[32mDownload[0m https://jsr.io/@std/dotenv/0.225.8/mod.ts
[0m[32mDownload[0m https://jsr.io/@std/dotenv/0.225.8/load.ts
[0m[32mDownload[0m https://jsr.io/@std/dotenv/0.225.8/parse.ts
[0m[32mDownload[0m https://jsr.io/@std/dotenv/0.225.8/stringify.ts
[0m[32mDownload[0m https://jsr.io/@stsoftware/neat-ai/6.6.34/mod.ts
[0m[32mDownload[0m https://jsr.io/@std/testing/1.0.20/_mock_utils.ts
[0m[32mDownload[0m https://jsr.io/@stsoftware/tags/1.0.14/src/TagInterface.ts
[0m[32mDownload[0m https://jsr.io/@std/streams/1.1.2/_types.ts
[0m[32mDownload[0m https://jsr.io/@std/fs/1.0.24/_utils.ts
[0m[32mDownload[0m https://jsr.io/@std/fs/1.0.24/_map_error.ts
[0m[32mDownload[0m https://jsr.io/@std/fs/1.0.24/_to_file_info.ts
[0m[32mDownload[0m https://jsr.io/@std/fs/1.0.24/_get_fs_flag.ts
[0m[32mDownload[0m https://jsr.io/@std/fs/1.0.24/_node_fs_file.ts
[0m[32mDownload[0m https://jsr.io/@std/fs/1.0.24/_to_dir_entry.ts
[0m[32mDownload[0m https://jsr.io/@std/crypto/1.1.0/_types.ts
[0m[32mDownload[0m https://jsr.io/@std/cli/1.0.32/_unit.ts
[0m[32mDownload[0m https://jsr.io/@std/cli/1.0.32/_types.ts
[0m[32mDownload[0m https://jsr.io/@std/cli/1.0.32/_prompt_select.ts
[0m[32mDownload[0m https://jsr.io/@std/yaml/1.2.0/_chars.ts
[0m[32mDownload[0m https://jsr.io/@std/yaml/1.2.0/_loader_state.ts
[0m[32mDownload[0m https://jsr.io/@std/yaml/1.2.0/_schema.ts
[0m[32mDownload[0m https://jsr.io/@std/yaml/1.2.0/_dumper_state.ts
[0m[32mDownload[0m https://jsr.io/@std/yaml/1.2.0/_type.ts
[0m[32mDownload[0m https://jsr.io/@std/testing/1.0.20/_test_suite.ts
[0m[32mDownload[0m https://jsr.io/@std/testing/1.0.20/_snapshot_utils.ts
[0m[32mDownload[0m https://jsr.io/@std/testing/1.0.20/_time.ts
[0m[32mDownload[0m https://jsr.io/@stsoftware/neat-ai/6.6.34/src/Creature.ts
[0m[32mDownload[0m https://jsr.io/@stsoftware/neat-ai/6.6.34/src/creature/CreatureSerialization.ts
[0m[32mDownload[0m https://jsr.io/@stsoftware/neat-ai/6.6.34/src/architecture/CreatureFactory.ts
[0m[32mDownload[0m https://jsr.io/@stsoftware/neat-ai/6.6.34/src/creature/EpisodeAdapter.ts
[0m[32mDownload[0m https://jsr.io/@stsoftware/neat-ai/6.6.34/src/creature/EpisodeRunner.ts
[0m[32mDownload[0m https://jsr.io/@stsoftware/neat-ai/6.6.34/src/creature/CreatureTraining.ts
[0m[32mDownload[0m https://jsr.io/@stsoftware/neat-ai/6.6.34/src/creature/PhaseTimingTotals.ts
[0m[32mDownload[0m https://jsr.io/@stsoftware/neat-ai/6.6.34/src/creature/EvolveRLStatistics.ts
[0m[32mDownload[0m https://jsr.io/@stsoftware/neat-ai/6.6.34/src/creature/EvolveRunStatistics.ts
[0m[32mDownload[0m https://jsr.io/@stsoftware/neat-ai/6.6.34/src/creature/TrainingOutcomeTotals.ts
[0m[32mDownload[0m https://jsr.io/@stsoftware/neat-ai/6.6.34/src/creature/EpisodicFitnessTypes.ts
[0m[32mDownload[0m https://jsr.io/@stsoftware/neat-ai/6.6.34/src/architecture/CreatureInterfaces.ts
[0m[32mDownload[0m https://jsr.io/@stsoftware/neat-ai/6.6.34/src/architecture/CreatureUtils.ts
[0m[32mDownload[0m https://jsr.io/@stsoftware/neat-ai/6.6.34/src/config/NeatOptions.ts
[0m[32mDownload[0m https://jsr.io/@stsoftware/neat-ai/6.6.34/src/config/NeatConfig.ts
[0m[32mDownload[0m https://jsr.io/@stsoftware/neat-ai/6.6.34/src/config/OutputRangeConfig.ts
[0m[32mDownload[0m https://jsr.io/@stsoftware/neat-ai/6.6.34/src/architecture/OutputRangePenalty.ts
[0m[32mDownload[0m https://jsr.io/@stsoftware/neat-ai/6.6.34/src/config/MCMCConfig.ts
[0m[32mDownload[0m https://jsr.io/@stsoftware/neat-ai/6.6.34/src/config/AdaptivePopulationConfig.ts
[0m[32mDownload[0m https://jsr.io/@stsoftware/neat-ai/6.6.34/src/config/SelectionPressureConfig.ts
[0m[32mDownload[0m https://jsr.io/@stsoftware/neat-ai/6.6.34/src/config/ParallelEvaluationConfig.ts
[0m[32mDownload[0m https://jsr.io/@stsoftware/neat-ai/6.6.34/src/config/DataFuzzingConfig.ts
[0m[32mDownload[0m https://jsr.io/@stsoftware/neat-ai/6.6.34/src/costs/CostInterface.ts
[0m[32mDownload[0m https://jsr.io/@stsoftware/neat-ai/6.6.34/src/Costs.ts
[0m[32mDownload[0m https://jsr.io/@stsoftware/neat-ai/6.6.34/src/costs/CostTaskDescriptor.ts
[0m[32mDownload[0m https://jsr.io/@stsoftware/neat-ai/6.6.34/src/methods/Selection.ts
[0m[32mDownload[0m https://jsr.io/@stsoftware/neat-ai/6.6.34/src/NEAT/Mutation.ts
[0m[32mDownload[0m https://jsr.io/@stsoftware/neat-ai/6.6.34/src/reconstruct/CRISPR.ts
[0m[32mDownload[0m https://jsr.io/@stsoftware/neat-ai/6.6.34/src/errors/CrisprError.ts
[0m[32mDownload[0m https://jsr.io/@stsoftware/neat-ai/6.6.34/src/errors/BreedExhaustionError.ts
[0m[32mDownload[0m https://jsr.io/@stsoftware/neat-ai/6.6.34/src/errors/DatasetError.ts
[0m[32mDownload[0m https://jsr.io/@stsoftware/neat-ai/6.6.34/src/errors/ScorerStrictError.ts
[0m[32mDownload[0m https://jsr.io/@stsoftware/neat-ai/6.6.34/src/reconstruct/validateDNA.ts
[0m[32mDownload[0m https://jsr.io/@stsoftware/neat-ai/6.6.34/src/reconstruct/Upgrade.ts
[0m[32mDownload[0m https://jsr.io/@stsoftware/neat-ai/6.6.34/src/reconstruct/ConnectMissing.ts
[0m[32mDownload[0m https://jsr.io/@stsoftware/neat-ai/6.6.34/src/architecture/TypedTopology.ts
[0m[32mDownload[0m https://jsr.io/@stsoftware/neat-ai/6.6.34/src/architecture/NeuronInterfaces.ts
[0m[32mDownload[0m https://jsr.io/@stsoftware/neat-ai/6.6.34/src/architecture/SynapseInterfaces.ts
[0m[32mDownload[0m https://jsr.io/@stsoftware/neat-ai/6.6.34/src/architecture/NormaliseCreatureExport.ts
[0m[32mDownload[0m https://jsr.io/@stsoftware/neat-ai/6.6.34/src/upgrade/UpgradeTwo.ts
[0m[32mDownload[0m https://jsr.io/@stsoftware/neat-ai/6.6.34/src/discovery/DiscoveryRunner.ts
[0m[32mDownload[0m https://jsr.io/@stsoftware/neat-ai/6.6.34/src/architecture/ErrorGuidedStructuralEvolution/RustDiscovery.ts
[0m[32mDownload[0m https://jsr.io/@stsoftware/neat-ai/6.6.34/src/discovery/DiscoveryCleanup.ts
[0m[32mDownload[0m https://jsr.io/@stsoftware/neat-ai/6.6.34/src/discovery/DiskSpaceMonitor.ts
[0m[32mDownload[0m https://jsr.io/@stsoftware/neat-ai/6.6.34/src/config/DiskSpaceConfig.ts
[0m[32mDownload[0m https://jsr.io/@stsoftware/neat-ai/6.6.34/src/intelligentDesign/mod.ts
[0m[32mDownload[0m https://jsr.io/@stsoftware/neat-ai/6.6.34/src/NEAT/PlateauDetector.ts
[0m[32mDownload[0m https://jsr.io/@stsoftware/neat-ai/6.6.34/src/NEAT/Species.ts
[0m[32mDownload[0m https://jsr.io/@stsoftware/neat-ai/6.6.34/src/NEAT/Genus.ts
[0m[32mDownload[0m https://jsr.io/@stsoftware/neat-ai/6.6.34/src/wasm/WasmCreatureActivationLRU.ts
[0m[32mDownload[0m https://jsr.io/@stsoftware/neat-ai/6.6.34/src/cache/CacheStats.ts
[0m[32mDownload[0m https://jsr.io/@stsoftware/neat-ai/6.6.34/src/cache/getCacheStats.ts
[0m[32mDownload[0m https://jsr.io/@stsoftware/neat-ai/6.6.34/src/breed/DistanceCache.ts
[0m[32mDownload[0m https://jsr.io/@stsoftware/neat-ai/6.6.34/src/multithreading/workers/WorkerHandler.ts
[0m[32mDownload[0m https://jsr.io/@stsoftware/neat-ai/6.6.34/src/workers/WasmActivationPayload.ts
[0m[32mDownload[0m https://jsr.io/@stsoftware/neat-ai/6.6.34/src/workers/WasmWorkerInit.ts
[0m[32mDownload[0m https://jsr.io/@stsoftware/neat-ai/6.6.34/src/utils/Logger.ts
[0m[32mDownload[0m https://jsr.io/@stsoftware/neat-ai/6.6.34/src/utils/RandomNumberGenerator.ts
[0m[32mDownload[0m https://jsr.io/@stsoftware/neat-ai/6.6.34/src/config/TrainingEvent.ts
[0m[32mDownload[0m https://jsr.io/@stsoftware/neat-ai/6.6.34/src/presets/Presets.ts
[0m[32mDownload[0m https://jsr.io/@stsoftware/neat-ai/6.6.34/src/transfer/mod.ts
[0m[32mDownload[0m https://jsr.io/@stsoftware/neat-ai/6.6.34/src/onnx/mod.ts
[0m[32mDownload[0m https://jsr.io/@stsoftware/neat-ai/6.6.34/src/wasm/WasmTopologyExport.ts
[0m[32mDownload[0m https://jsr.io/@std/fs/1.0.24/unstable_errors.js
[0m[32mDownload[0m https://jsr.io/@std/yaml/1.2.0/_utils.ts
[0m[32mDownload[0m https://jsr.io/@std/yaml/1.2.0/_type/binary.ts
[0m[32mDownload[0m https://jsr.io/@std/yaml/1.2.0/_type/bool.ts
[0m[32mDownload[0m https://jsr.io/@std/yaml/1.2.0/_type/float.ts
[0m[32mDownload[0m https://jsr.io/@std/yaml/1.2.0/_type/int.ts
[0m[32mDownload[0m https://jsr.io/@std/yaml/1.2.0/_type/map.ts
[0m[32mDownload[0m https://jsr.io/@std/yaml/1.2.0/_type/merge.ts
[0m[32mDownload[0m https://jsr.io/@std/yaml/1.2.0/_type/nil.ts
[0m[32mDownload[0m https://jsr.io/@std/yaml/1.2.0/_type/omap.ts
[0m[32mDownload[0m https://jsr.io/@std/yaml/1.2.0/_type/pairs.ts
[0m[32mDownload[0m https://jsr.io/@std/yaml/1.2.0/_type/regexp.ts
[0m[32mDownload[0m https://jsr.io/@std/yaml/1.2.0/_type/seq.ts
[0m[32mDownload[0m https://jsr.io/@std/yaml/1.2.0/_type/set.ts
[0m[32mDownload[0m https://jsr.io/@std/yaml/1.2.0/_type/str.ts
[0m[32mDownload[0m https://jsr.io/@std/yaml/1.2.0/_type/timestamp.ts
[0m[32mDownload[0m https://jsr.io/@std/yaml/1.2.0/_type/undefined.ts
[0m[32mDownload[0m https://jsr.io/@stsoftware/neat-ai/6.6.34/src/globalAccessors.ts
[0m[32mDownload[0m https://jsr.io/@stsoftware/neat-ai/6.6.34/src/architecture/CreatureState.ts
[0m[32mDownload[0m https://jsr.io/@stsoftware/neat-ai/6.6.34/src/architecture/CreatureValidate.ts
[0m[32mDownload[0m https://jsr.io/@stsoftware/neat-ai/6.6.34/src/architecture/DataSet.ts
[0m[32mDownload[0m https://jsr.io/@stsoftware/neat-ai/6.6.34/src/architecture/ErrorGuidedStructuralEvolution/DiscoverStructure.ts
[0m[32mDownload[0m https://jsr.io/@stsoftware/neat-ai/6.6.34/src/architecture/Neuron.ts
[0m[32mDownload[0m https://jsr.io/@stsoftware/neat-ai/6.6.34/src/architecture/NeuronId.ts
[0m[32mDownload[0m https://jsr.io/@stsoftware/neat-ai/6.6.34/src/architecture/Synapse.ts
[0m[32mDownload[0m https://jsr.io/@stsoftware/neat-ai/6.6.34/src/blackbox/MemeticInterface.ts
[0m[32mDownload[0m https://jsr.io/@stsoftware/neat-ai/6.6.34/src/compact/CompactCreature.ts
[0m[32mDownload[0m https://jsr.io/@stsoftware/neat-ai/6.6.34/src/compact/CompactVariants.ts
[0m[32mDownload[0m https://jsr.io/@stsoftware/neat-ai/6.6.34/src/methods/activations/Activations.ts
[0m[32mDownload[0m https://jsr.io/@stsoftware/neat-ai/6.6.34/src/costs/CostOutputSquash.ts
[0m[32mDownload[0m https://jsr.io/@stsoftware/neat-ai/6.6.34/src/propagate/BackPropagation.ts
[0m[32mDownload[0m https://jsr.io/@stsoftware/neat-ai/6.6.34/src/propagate/sparse/SparseConfig.ts
[0m[32mDownload[0m https://jsr.io/@stsoftware/neat-ai/6.6.34/src/propagate/sparse/SparseConfigLike.ts
[0m[32mDownload[0m https://jsr.io/@stsoftware/neat-ai/6.6.34/src/wasm/mod.ts
[0m[32mDownload[0m https://jsr.io/@stsoftware/neat-ai/6.6.34/src/errors/ActivationError.ts
[0m[32mDownload[0m https://jsr.io/@stsoftware/neat-ai/6.6.34/src/errors/TopologyError.ts
[0m[32mDownload[0m https://jsr.io/@stsoftware/neat-ai/6.6.34/src/architecture/ForwardOnlySynapseGuard.ts
[0m[32mDownload[0m https://jsr.io/@stsoftware/neat-ai/6.6.34/src/architecture/RepairDiagnostics.ts
[0m[32mDownload[0m https://jsr.io/@stsoftware/neat-ai/6.6.34/src/creature/CreatureActivation.ts
[0m[32mDownload[0m https://jsr.io/@stsoftware/neat-ai/6.6.34/src/creature/CreatureTopology.ts
[0m[32mDownload[0m https://jsr.io/@stsoftware/neat-ai/6.6.34/src/creature/CreatureMutation.ts
[0m[32mDownload[0m https://jsr.io/@stsoftware/neat-ai/6.6.34/src/discovery/DiscoveryReplayRunner.ts
[0m[32mDownload[0m https://jsr.io/@stsoftware/neat-ai/6.6.34/src/utils/Version.ts
[0m[32mDownload[0m https://jsr.io/@stsoftware/neat-ai/6.6.34/src/config/RustScorerConfig.ts
[0m[32mDownload[0m https://jsr.io/@stsoftware/neat-ai/6.6.34/src/architecture/NormaliseComputationalNeuronOrder.ts
[0m[32mDownload[0m https://jsr.io/@stsoftware/neat-ai/6.6.34/src/architecture/RepairInvalidIfNeurons.ts
[0m[32mDownload[0m https://jsr.io/@stsoftware/neat-ai/6.6.34/src/blackbox/MemeticWireData.ts
[0m[32mDownload[0m https://jsr.io/@stsoftware/neat-ai/6.6.34/src/creature/MemeticWireExport.ts
[0m[32mDownload[0m https://jsr.io/@stsoftware/neat-ai/6.6.34/src/creature/CreatureShapeValidation.ts
[0m[32mDownload[0m https://jsr.io/@stsoftware/neat-ai/6.6.34/src/creature/CreatureUuidValidation.ts
[0m[32mDownload[0m https://jsr.io/@stsoftware/neat-ai/6.6.34/src/utils/TypeGuards.ts
[0m[32mDownload[0m https://jsr.io/@stsoftware/neat-ai/6.6.34/src/utils/WeightBiasClamp.ts
[0m[32mDownload[0m https://jsr.io/@stsoftware/neat-ai/6.6.34/src/architecture/ForwardOnlyAssertion.ts
[0m[32mDownload[0m https://jsr.io/@stsoftware/neat-ai/6.6.34/src/utils/CreatureStructuralHash.ts
[0m[32mDownload[0m https://jsr.io/@stsoftware/neat-ai/6.6.34/src/compact/OrphanedNeuronCleanup.ts
[0m[32mDownload[0m https://jsr.io/@stsoftware/neat-ai/6.6.34/src/compact/MemeticCleanup.ts
[0m[32mDownload[0m https://jsr.io/@stsoftware/neat-ai/6.6.34/src/compact/SynapsePruning.ts
[0m[32mDownload[0m https://jsr.io/@stsoftware/neat-ai/6.6.34/src/upgrade/UpgradeOne.ts
[0m[32mDownload[0m https://jsr.io/@stsoftware/neat-ai/6.6.34/src/utils/CreatureExportBuilder.ts
[0m[32mDownload[0m https://jsr.io/@stsoftware/neat-ai/6.6.34/src/errors/AdapterContractError.ts
[0m[32mDownload[0m https://jsr.io/@stsoftware/neat-ai/6.6.34/src/creature/CheckpointWriter.ts
[0m[32mDownload[0m https://jsr.io/@stsoftware/neat-ai/6.6.34/src/architecture/DatasetIO.ts
[0m[32mDownload[0m https://jsr.io/@stsoftware/neat-ai/6.6.34/src/architecture/Score.ts
[0m[32mDownload[0m https://jsr.io/@stsoftware/neat-ai/6.6.34/src/architecture/Training.ts
[0m[32mDownload[0m https://jsr.io/@stsoftware/neat-ai/6.6.34/src/config/TrainPerGen.ts
[0m[32mDownload[0m https://jsr.io/@stsoftware/neat-ai/6.6.34/src/NEAT/Neat.ts
[0m[32mDownload[0m https://jsr.io/@stsoftware/neat-ai/6.6.34/src/NEAT/HardDeadline.ts
[0m[32mDownload[0m https://jsr.io/@stsoftware/neat-ai/6.6.34/src/propagate/TopologicalBackpropagation.ts
[0m[32mDownload[0m https://jsr.io/@stsoftware/neat-ai/6.6.34/src/propagate/MuonGradientHook.ts
[0m[32mDownload[0m https://jsr.io/@stsoftware/neat-ai/6.6.34/src/propagate/sparse/CalculatePathsToOutput.ts
[0m[32mDownload[0m https://jsr.io/@stsoftware/neat-ai/6.6.34/src/architecture/PopulateRuntimeIdsFromCreature.ts
[0m[32mDownload[0m https://jsr.io/@stsoftware/neat-ai/6.6.34/src/utils/BufferPool.ts
[0m[32mDownload[0m https://jsr.io/@stsoftware/neat-ai/6.6.34/src/wasm/WasmCompilationCache.ts
[0m[32mDownload[0m https://jsr.io/@stsoftware/neat-ai/6.6.34/src/NEAT/TrainingEventEmitter.ts
[0m[32mDownload[0m https://jsr.io/@stsoftware/neat-ai/6.6.34/src/architecture/Fitness.ts
[0m[32mDownload[0m https://jsr.io/@stsoftware/neat-ai/6.6.34/src/creature/EvolveRLSeedSet.ts
[0m[32mDownload[0m https://jsr.io/@stsoftware/neat-ai/6.6.34/src/creature/EvolveTeardown.ts
[0m[32mDownload[0m https://jsr.io/@stsoftware/neat-ai/6.6.34/src/creature/EvolveGenerationTail.ts
[0m[32mDownload[0m https://jsr.io/@stsoftware/neat-ai/6.6.34/src/creature/ScorerUtilisationTotals.ts
[0m[32mDownload[0m https://jsr.io/@stsoftware/neat-ai/6.6.34/src/creature/ScoreImprovementMilestones.ts
[0m[32mDownload[0m https://jsr.io/@stsoftware/neat-ai/6.6.34/src/creature/EvolveOptionsEcho.ts
[0m[32mDownload[0m https://jsr.io/@stsoftware/neat-ai/6.6.34/src/creature/EpisodeWorkerProtocol.ts
[0m[32mDownload[0m https://jsr.io/@stsoftware/neat-ai/6.6.34/src/creature/EvolveHardwareDescriptors.ts
[0m[32mDownload[0m https://jsr.io/@stsoftware/neat-ai/6.6.34/src/NEAT/TrainingRegressionTracker.ts
[0m[32mDownload[0m https://jsr.io/@stsoftware/neat-ai/6.6.34/src/architecture/SyncV5.ts
[0m[32mDownload[0m https://jsr.io/@stsoftware/neat-ai/6.6.34/src/errors/ValidationError.ts
[0m[32mDownload[0m https://jsr.io/@stsoftware/neat-ai/6.6.34/src/neuron/NeuronSerialization.ts
[0m[32mDownload[0m https://jsr.io/@stsoftware/neat-ai/6.6.34/src/config/AdaptiveMutationThresholds.ts
[0m[32mDownload[0m https://jsr.io/@stsoftware/neat-ai/6.6.34/src/config/CompatibilityGatingConfig.ts
[0m[32mDownload[0m https://jsr.io/@stsoftware/neat-ai/6.6.34/src/config/DiscoveryMinCandidatesPerCategory.ts
[0m[32mDownload[0m https://jsr.io/@stsoftware/neat-ai/6.6.34/src/config/FineTunePopulationConfig.ts
[0m[32mDownload[0m https://jsr.io/@stsoftware/neat-ai/6.6.34/src/config/FitnessSharingConfig.ts
[0m[32mDownload[0m https://jsr.io/@stsoftware/neat-ai/6.6.34/src/config/RandomImmigrantsConfig.ts
[0m[32mDownload[0m https://jsr.io/@stsoftware/neat-ai/6.6.34/src/config/SpeciesStagnationConfig.ts
[0m[32mDownload[0m https://jsr.io/@stsoftware/neat-ai/6.6.34/src/config/NeatArguments.ts
[0m[32mDownload[0m https://jsr.io/@stsoftware/neat-ai/6.6.34/src/config/PredictiveCodingConfig.ts
[0m[32mDownload[0m https://jsr.io/@stsoftware/neat-ai/6.6.34/src/config/QuantumStepConfig.ts
[0m[32mDownload[0m https://jsr.io/@stsoftware/neat-ai/6.6.34/src/config/BiasRegularisationConfig.ts
[0m[32mDownload[0m https://jsr.io/@stsoftware/neat-ai/6.6.34/src/config/MemoryConfig.ts
[0m[32mDownload[0m https://jsr.io/@stsoftware/neat-ai/6.6.34/src/config/DiscoveryCacheConfig.ts
[0m[32mDownload[0m https://jsr.io/@stsoftware/neat-ai/6.6.34/src/config/WasmCacheConfig.ts
[0m[32mDownload[0m https://jsr.io/@stsoftware/neat-ai/6.6.34/src/config/WeightRegularisationConfig.ts
[0m[32mDownload[0m https://jsr.io/@stsoftware/neat-ai/6.6.34/src/config/WorkerThreadCapConfig.ts
[0m[32mDownload[0m https://jsr.io/@stsoftware/neat-ai/6.6.34/src/config/CrossValidationConfig.ts
[0m[32mDownload[0m https://jsr.io/@stsoftware/neat-ai/6.6.34/src/config/DataQuantisationConfig.ts
[0m[32mDownload[0m https://jsr.io/@stsoftware/neat-ai/6.6.34/src/config/SquashEffectivenessConfig.ts
[0m[32mDownload[0m https://jsr.io/@stsoftware/neat-ai/6.6.34/src/config/SquashBudgetConfig.ts
[0m[32mDownload[0m https://jsr.io/@stsoftware/neat-ai/6.6.34/src/architecture/ErrorGuidedStructuralEvolution/constants.ts
[0m[32mDownload[0m https://jsr.io/@stsoftware/neat-ai/6.6.34/src/config/ParseOptions.ts
[0m[32mDownload[0m https://jsr.io/@stsoftware/neat-ai/6.6.34/src/config/NeatConfigParsers.ts
[0m[32mDownload[0m https://jsr.io/@stsoftware/neat-ai/6.6.34/src/config/NeatConfigValidation.ts
[0m[32mDownload[0m https://jsr.io/@stsoftware/neat-ai/6.6.34/src/config/DiscoveryWorkerEnvelope.ts
[0m[32mDownload[0m https://jsr.io/@stsoftware/neat-ai/6.6.34/src/config/AnalysisMemoryBudgetEnv.ts
[0m[32mDownload[0m https://jsr.io/@stsoftware/neat-ai/6.6.34/src/costs/CrossEntropy.ts
[0m[32mDownload[0m https://jsr.io/@stsoftware/neat-ai/6.6.34/src/costs/HINGE.ts
[0m[32mDownload[0m https://jsr.io/@stsoftware/neat-ai/6.6.34/src/costs/MAE.ts
[0m[32mDownload[0m https://jsr.io/@stsoftware/neat-ai/6.6.34/src/costs/MAPE.ts
[0m[32mDownload[0m https://jsr.io/@stsoftware/neat-ai/6.6.34/src/costs/MSE.ts
[0m[32mDownload[0m https://jsr.io/@stsoftware/neat-ai/6.6.34/src/costs/MSLE.ts
[0m[32mDownload[0m https://jsr.io/@stsoftware/neat-ai/6.6.34/src/costs/RMSE.ts
[0m[32mDownload[0m https://jsr.io/@stsoftware/neat-ai/6.6.34/src/NEAT/MutationInterface.ts
[0m[32mDownload[0m https://jsr.io/@stsoftware/neat-ai/6.6.34/src/wasm/ProducerCompileGuard.ts
[0m[32mDownload[0m https://jsr.io/@stsoftware/neat-ai/6.6.34/src/mutate/AddConnection.ts
[0m[32mDownload[0m https://jsr.io/@stsoftware/neat-ai/6.6.34/src/utils/Diagnostics.ts
[0m[32mDownload[0m https://jsr.io/@stsoftware/neat-ai/6.6.34/src/wasm/SquashType.ts
[0m[32mDownload[0m https://jsr.io/@stsoftware/neat-ai/6.6.34/src/wasm/CompileToWasm.ts
[0m[32mDownload[0m https://jsr.io/@stsoftware/neat-ai/6.6.34/src/errors/WasmError.ts
[0m[32mDownload[0m https://jsr.io/@stsoftware/neat-ai/6.6.34/src/wasm/WasmBinaryValidator.ts
[0m[32mDownload[0m https://jsr.io/@stsoftware/neat-ai/6.6.34/src/wasm/WasmTopologyOps.ts
[0m[32mDownload[0m https://jsr.io/@stsoftware/neat-ai/6.6.34/src/propagate/SynapseState.ts
[0m[32mDownload[0m https://jsr.io/@stsoftware/neat-ai/6.6.34/src/methods/activations/types/IDENTITY.ts
[0m[32mDownload[0m https://jsr.io/@stsoftware/neat-ai/6.6.34/src/methods/activations/types/SQRT.ts
[0m[32mDownload[0m https://jsr.io/@stsoftware/neat-ai/6.6.34/src/methods/activations/types/SQUARE.ts
[0m[32mDownload[0m https://jsr.io/@stsoftware/neat-ai/6.6.34/src/errors/ConfigurationError.ts
[0m[32mDownload[0m https://jsr.io/@stsoftware/neat-ai/6.6.34/src/errors/DiscoveryError.ts
[0m[32mDownload[0m https://jsr.io/@stsoftware/neat-ai/6.6.34/src/architecture/ErrorGuidedStructuralEvolution/DiscoverResult.ts
[0m[32mDownload[0m https://jsr.io/@stsoftware/neat-ai/6.6.34/src/discovery/CandidateFiltering.ts
[0m[32mDownload[0m https://jsr.io/@stsoftware/neat-ai/6.6.34/src/discovery/DiscoveryCandidates.ts
[0m[32mDownload[0m https://jsr.io/@stsoftware/neat-ai/6.6.34/src/discovery/DiscoveryDiagnostics.ts
[0m[32mDownload[0m https://jsr.io/@stsoftware/neat-ai/6.6.34/src/discovery/DiscoveryEvaluationSummary.ts
[0m[32mDownload[0m https://jsr.io/@stsoftware/neat-ai/6.6.34/src/discovery/DiscoveryRunnerEvaluation.ts
[0m[32mDownload[0m https://jsr.io/@stsoftware/neat-ai/6.6.34/src/discovery/DiscoveryRunnerTypes.ts
[0m[32mDownload[0m https://jsr.io/@stsoftware/neat-ai/6.6.34/src/discovery/FailureCache.ts
[0m[32mDownload[0m https://jsr.io/@stsoftware/neat-ai/6.6.34/src/discovery/SupplementFromCache.ts
[0m[32mDownload[0m https://jsr.io/@stsoftware/neat-ai/6.6.34/src/discovery/DiscoveryFormatting.ts
[0m[32mDownload[0m https://jsr.io/@stsoftware/neat-ai/6.6.34/src/architecture/ErrorGuidedStructuralEvolution/RustDiscoveryTypes.ts
[0m[32mDownload[0m https://jsr.io/@stsoftware/neat-ai/6.6.34/src/architecture/ErrorGuidedStructuralEvolution/RustDiscoveryInput.ts
[0m[32mDownload[0m https://jsr.io/@stsoftware/neat-ai/6.6.34/src/architecture/ErrorGuidedStructuralEvolution/RustDiscoveryLibrary.ts
[0m[32mDownload[0m https://jsr.io/@stsoftware/neat-ai/6.6.34/src/architecture/ErrorGuidedStructuralEvolution/RustDiscoveryOperations.ts
[0m[32mDownload[0m https://jsr.io/@stsoftware/neat-ai/6.6.34/src/intelligentDesign/AlternativeSquashes.ts
[0m[32mDownload[0m https://jsr.io/@stsoftware/neat-ai/6.6.34/src/intelligentDesign/BestNeuronSquash.ts
[0m[32mDownload[0m https://jsr.io/@stsoftware/neat-ai/6.6.34/src/intelligentDesign/SafeWrite.ts
[0m[32mDownload[0m https://jsr.io/@stsoftware/neat-ai/6.6.34/src/intelligentDesign/TacitKnowledge.ts
[0m[32mDownload[0m https://jsr.io/@stsoftware/neat-ai/6.6.34/src/intelligentDesign/SquashSubstitutionEligibility.ts
[0m[32mDownload[0m https://jsr.io/@stsoftware/neat-ai/6.6.34/src/intelligentDesign/ImproveSquash.ts
[0m[32mDownload[0m https://jsr.io/@stsoftware/neat-ai/6.6.34/src/intelligentDesign/workers/WorkerHandler.ts
[0m[32mDownload[0m https://jsr.io/@stsoftware/neat-ai/6.6.34/src/intelligentDesign/workers/WorkerProcessor.ts
[0m[32mDownload[0m https://jsr.io/@stsoftware/neat-ai/6.6.34/src/intelligentDesign/workers/ResponseData.ts
[0m[32mDownload[0m https://jsr.io/@stsoftware/neat-ai/6.6.34/src/architecture/ErrorGuidedStructuralEvolution/CoordinatedStructuralCandidate.ts
[0m[32mDownload[0m https://jsr.io/@stsoftware/neat-ai/6.6.34/src/config/TrainOptions.ts
[0m[32mDownload[0m https://jsr.io/@stsoftware/neat-ai/6.6.34/src/utils/ReleasableRef.ts
[0m[32mDownload[0m https://jsr.io/@stsoftware/neat-ai/6.6.34/src/workers/WorkerHandlerBase.ts
[0m[32mDownload[0m https://jsr.io/@stsoftware/neat-ai/6.6.34/src/workers/WorkerInterface.ts
[0m[32mDownload[0m https://jsr.io/@stsoftware/neat-ai/6.6.34/src/multithreading/workers/MockWorker.ts
[0m[32mDownload[0m https://jsr.io/@stsoftware/neat-ai/6.6.34/src/transfer/CheckpointInterface.ts
[0m[32mDownload[0m https://jsr.io/@stsoftware/neat-ai/6.6.34/src/transfer/Checkpoint.ts
[0m[32mDownload[0m https://jsr.io/@stsoftware/neat-ai/6.6.34/src/transfer/PopulationSeeding.ts
[0m[32mDownload[0m https://jsr.io/@stsoftware/neat-ai/6.6.34/src/transfer/DnaSharingStrategy.ts
[0m[32mDownload[0m https://jsr.io/@stsoftware/neat-ai/6.6.34/src/transfer/NoOpStrategy.ts
[0m[32mDownload[0m https://jsr.io/@stsoftware/neat-ai/6.6.34/src/transfer/DnaSharingBakeOff.ts
[0m[32mDownload[0m https://jsr.io/@stsoftware/neat-ai/6.6.34/src/transfer/CompactModuleGraft.ts
[0m[32mDownload[0m https://jsr.io/@stsoftware/neat-ai/6.6.34/src/transfer/PruningTemplate.ts
[0m[32mDownload[0m https://jsr.io/@stsoftware/neat-ai/6.6.34/src/onnx/OnnxExport.ts
[0m[32mDownload[0m https://jsr.io/@stsoftware/neat-ai/6.6.34/src/onnx/ActivationMapping.ts
[0m[32mDownload[0m https://jsr.io/@stsoftware/neat-ai/6.6.34/src/wasm/WasmCompiledNetwork.ts
[0m[32mDownload[0m https://jsr.io/@stsoftware/neat-ai/6.6.34/src/wasm/WasmModuleLoader.ts
[0m[32mDownload[0m https://jsr.io/@std/fs/1.0.24/unstable_errors.d.ts
[0m[32mDownload[0m https://jsr.io/@std/crypto/1.1.0/_wasm/lib/deno_std_wasm_crypto.d.mts
[0m[32mDownload[0m https://jsr.io/@stsoftware/neat-ai/6.6.34/src/propagate/BackpropBuffers.ts
[0m[32mDownload[0m https://jsr.io/@stsoftware/neat-ai/6.6.34/src/propagate/TopologicalBackpropCache.ts
[0m[32mDownload[0m https://jsr.io/@stsoftware/neat-ai/6.6.34/src/architecture/DenseNumberMap.ts
[0m[32mDownload[0m https://jsr.io/@stsoftware/neat-ai/6.6.34/src/architecture/CreatureValidateMarshal.ts
[0m[32mDownload[0m https://jsr.io/@stsoftware/neat-ai/6.6.34/src/wasm/WasmCreatureValidate.ts
[0m[32mDownload[0m https://jsr.io/@stsoftware/neat-ai/6.6.34/src/architecture/CreatureValidatePack.ts
[0m[32mDownload[0m https://jsr.io/@stsoftware/neat-ai/6.6.34/src/architecture/ErrorGuidedStructuralEvolution/DiscoverStructureTypes.ts
[0m[32mDownload[0m https://jsr.io/@stsoftware/neat-ai/6.6.34/src/architecture/ErrorGuidedStructuralEvolution/DiscoveryApplication.ts
[0m[32mDownload[0m https://jsr.io/@stsoftware/neat-ai/6.6.34/src/architecture/ErrorGuidedStructuralEvolution/DiscoverStructureAnalysis.ts
[0m[32mDownload[0m https://jsr.io/@stsoftware/neat-ai/6.6.34/src/architecture/ErrorGuidedStructuralEvolution/DiscoverStructureBase.ts
[0m[32mDownload[0m https://jsr.io/@stsoftware/neat-ai/6.6.34/src/methods/activations/ActivationInterface.ts
[0m[32mDownload[0m https://jsr.io/@stsoftware/neat-ai/6.6.34/src/methods/activations/NeuronActivationInterface.ts
[0m[32mDownload[0m https://jsr.io/@stsoftware/neat-ai/6.6.34/src/methods/activations/UnSquashInterface.ts
[0m[32mDownload[0m https://jsr.io/@stsoftware/neat-ai/6.6.34/src/optimize/FunctionCache.ts
[0m[32mDownload[0m https://jsr.io/@stsoftware/neat-ai/6.6.34/src/neuron/NeuronActivation.ts
[0m[32mDownload[0m https://jsr.io/@stsoftware/neat-ai/6.6.34/src/neuron/NeuronPropagation.ts
[0m[32mDownload[0m https://jsr.io/@stsoftware/neat-ai/6.6.34/src/neuron/NeuronRecord.ts
[0m[32mDownload[0m https://jsr.io/@stsoftware/neat-ai/6.6.34/src/neuron/NeuronTopology.ts
[0m[32mDownload[0m https://jsr.io/@stsoftware/neat-ai/6.6.34/src/NEAT/LogApproach.ts
[0m[32mDownload[0m https://jsr.io/@stsoftware/neat-ai/6.6.34/src/methods/activations/types/COMPLEMENT.ts
[0m[32mDownload[0m https://jsr.io/@stsoftware/neat-ai/6.6.34/src/methods/activations/SquashUtils.ts
[0m[32mDownload[0m https://jsr.io/@stsoftware/neat-ai/6.6.34/src/compact/CompactUtils.ts
[0m[32mDownload[0m https://jsr.io/@stsoftware/neat-ai/6.6.34/src/architecture/AssertValidSynapseReferences.ts
[0m[32mDownload[0m https://jsr.io/@stsoftware/neat-ai/6.6.34/src/compact/ParallelBridgeMerge.ts
[0m[32mDownload[0m https://jsr.io/@stsoftware/neat-ai/6.6.34/src/compact/SimplifyLargeWeights.ts
[0m[32mDownload[0m https://jsr.io/@stsoftware/neat-ai/6.6.34/src/compact/ConstantFold.ts
[0m[32mDownload[0m https://jsr.io/@stsoftware/neat-ai/6.6.34/src/compact/ConstantMerge.ts
[0m[32mDownload[0m https://jsr.io/@stsoftware/neat-ai/6.6.34/src/compact/AggressivePrune.ts
[0m[32mDownload[0m https://jsr.io/@stsoftware/neat-ai/6.6.34/src/compact/IfCollapse.ts
[0m[32mDownload[0m https://jsr.io/@stsoftware/neat-ai/6.6.34/src/compact/RemoveBackwardSynapses.ts
[0m[32mDownload[0m https://jsr.io/@stsoftware/neat-ai/6.6.34/src/architecture/BehaviourGuard.ts
[0m[32mDownload[0m https://jsr.io/@stsoftware/neat-ai/6.6.34/src/utils/TagUtils.ts
[0m[32mDownload[0m https://jsr.io/@stsoftware/neat-ai/6.6.34/src/deprecated/HYPOT.ts
[0m[32mDownload[0m https://jsr.io/@stsoftware/neat-ai/6.6.34/src/deprecated/HYPOTv2.ts
[0m[32mDownload[0m https://jsr.io/@stsoftware/neat-ai/6.6.34/src/deprecated/MEAN.ts
[0m[32mDownload[0m https://jsr.io/@stsoftware/neat-ai/6.6.34/src/methods/activations/AbstractActivationInterface.ts
[0m[32mDownload[0m https://jsr.io/@stsoftware/neat-ai/6.6.34/src/methods/activations/aggregate/IF.ts
[0m[32mDownload[0m https://jsr.io/@stsoftware/neat-ai/6.6.34/src/methods/activations/aggregate/MAXIMUM.ts
[0m[32mDownload[0m https://jsr.io/@stsoftware/neat-ai/6.6.34/src/methods/activations/aggregate/MINIMUM.ts
[0m[32mDownload[0m https://jsr.io/@stsoftware/neat-ai/6.6.34/src/methods/activations/types/ABSOLUTE.ts
[0m[32mDownload[0m https://jsr.io/@stsoftware/neat-ai/6.6.34/src/methods/activations/types/ArcTan.ts
[0m[32mDownload[0m https://jsr.io/@stsoftware/neat-ai/6.6.34/src/methods/activations/types/BENT_IDENTITY.ts
[0m[32mDownload[0m https://jsr.io/@stsoftware/neat-ai/6.6.34/src/methods/activations/types/BIPOLAR.ts
[0m[32mDownload[0m https://jsr.io/@stsoftware/neat-ai/6.6.34/src/methods/activations/types/BIPOLAR_SIGMOID.ts
[0m[32mDownload[0m https://jsr.io/@stsoftware/neat-ai/6.6.34/src/methods/activations/types/Cosine.ts
[0m[32mDownload[0m https://jsr.io/@stsoftware/neat-ai/6.6.34/src/methods/activations/types/Cube.ts
[0m[32mDownload[0m https://jsr.io/@stsoftware/neat-ai/6.6.34/src/methods/activations/types/ELU.ts
[0m[32mDownload[0m https://jsr.io/@stsoftware/neat-ai/6.6.34/src/methods/activations/types/Exponential.ts
[0m[32mDownload[0m https://jsr.io/@stsoftware/neat-ai/6.6.34/src/methods/activations/types/GAUSSIAN.ts
[0m[32mDownload[0m https://jsr.io/@stsoftware/neat-ai/6.6.34/src/methods/activations/types/GELU.ts
[0m[32mDownload[0m https://jsr.io/@stsoftware/neat-ai/6.6.34/src/methods/activations/types/HARD_TANH.ts
[0m[32mDownload[0m https://jsr.io/@stsoftware/neat-ai/6.6.34/src/methods/activations/types/ISRU.ts
[0m[32mDownload[0m https://jsr.io/@stsoftware/neat-ai/6.6.34/src/methods/activations/types/LOGISTIC.ts
[0m[32mDownload[0m https://jsr.io/@stsoftware/neat-ai/6.6.34/src/methods/activations/types/LeakyReLU.ts
[0m[32mDownload[0m https://jsr.io/@stsoftware/neat-ai/6.6.34/src/methods/activations/types/LogSigmoid.ts
[0m[32mDownload[0m https://jsr.io/@stsoftware/neat-ai/6.6.34/src/methods/activations/types/Mish.ts
[0m[32mDownload[0m https://jsr.io/@stsoftware/neat-ai/6.6.34/src/methods/activations/types/ReLU.ts
[0m[32mDownload[0m https://jsr.io/@stsoftware/neat-ai/6.6.34/src/methods/activations/types/ReLU6.ts
[0m[32mDownload[0m https://jsr.io/@stsoftware/neat-ai/6.6.34/src/methods/activations/types/SELU.ts
[0m[32mDownload[0m https://jsr.io/@stsoftware/neat-ai/6.6.34/src/methods/activations/types/SINE.ts
[0m[32mDownload[0m https://jsr.io/@stsoftware/neat-ai/6.6.34/src/methods/activations/types/SOFTMAX.ts
[0m[32mDownload[0m https://jsr.io/@stsoftware/neat-ai/6.6.34/src/methods/activations/types/SOFTSIGN.ts
[0m[32mDownload[0m https://jsr.io/@stsoftware/neat-ai/6.6.34/src/methods/activations/types/STEP.ts
[0m[32mDownload[0m https://jsr.io/@stsoftware/neat-ai/6.6.34/src/methods/activations/types/Softplus.ts
[0m[32mDownload[0m https://jsr.io/@stsoftware/neat-ai/6.6.34/src/methods/activations/types/StdInverse.ts
[0m[32mDownload[0m https://jsr.io/@stsoftware/neat-ai/6.6.34/src/methods/activations/types/Swish.ts
[0m[32mDownload[0m https://jsr.io/@stsoftware/neat-ai/6.6.34/src/methods/activations/types/TAN.ts
[0m[32mDownload[0m https://jsr.io/@stsoftware/neat-ai/6.6.34/src/methods/activations/types/TANH.ts
[0m[32mDownload[0m https://jsr.io/@stsoftware/neat-ai/6.6.34/src/wasm/ActivationMethods.ts
[0m[32mDownload[0m https://jsr.io/@stsoftware/neat-ai/6.6.34/src/propagate/sparse/ChooseNeurons.ts
[0m[32mDownload[0m https://jsr.io/@stsoftware/neat-ai/6.6.34/src/wasm/WasmStandaloneFunctions.ts
[0m[32mDownload[0m https://jsr.io/@stsoftware/neat-ai/6.6.34/src/wasm/WasmActivation.ts
[0m[32mDownload[0m https://jsr.io/@stsoftware/neat-ai/6.6.34/src/wasm/WasmAutoInit.ts
[0m[32mDownload[0m https://jsr.io/@stsoftware/neat-ai/6.6.34/src/wasm/EnsureWasmActivation.ts
[0m[32mDownload[0m https://jsr.io/@stsoftware/neat-ai/6.6.34/src/wasm/WasmTrainingState.ts
[0m[32mDownload[0m https://jsr.io/@stsoftware/neat-ai/6.6.34/src/wasm/WasmBatchOps.ts
[0m[32mDownload[0m https://jsr.io/@stsoftware/neat-ai/6.6.34/src/wasm/WasmCachePreWarmer.ts
[0m[32mDownload[0m https://jsr.io/@stsoftware/neat-ai/6.6.34/src/methods/activations/aggregate/RunnerUpProximity.ts
[0m[32mDownload[0m https://jsr.io/@stsoftware/neat-ai/6.6.34/src/score/RustScorerBridge.ts
[0m[32mDownload[0m https://jsr.io/@stsoftware/neat-ai/6.6.34/src/discovery/PriorityDiscoveryQueue.ts
[0m[32mDownload[0m https://jsr.io/@stsoftware/neat-ai/6.6.34/src/discovery/SuccessCache.ts
[0m[32mDownload[0m https://jsr.io/@stsoftware/neat-ai/6.6.34/src/discovery/ReplayEntryApplication.ts
[0m[32mDownload[0m https://jsr.io/@stsoftware/neat-ai/6.6.34/src/discovery/ReplayHelpers.ts
[0m[32mDownload[0m https://jsr.io/@stsoftware/neat-ai/6.6.34/src/discovery/DiscoveryReplayRunnerTypes.ts
[0m[32mDownload[0m https://jsr.io/@stsoftware/neat-ai/6.6.34/src/utils/SynapseTypeUnify.ts
[0m[32mDownload[0m https://jsr.io/@stsoftware/neat-ai/6.6.34/src/upgrade/SemanticVersionValidation.ts
[0m[32mDownload[0m https://jsr.io/@stsoftware/neat-ai/6.6.34/src/upgrade/Upgrade.ts
[0m[32mDownload[0m https://jsr.io/@stsoftware/neat-ai/6.6.34/src/utils/NumericValidation.ts
[0m[32mDownload[0m https://jsr.io/@stsoftware/neat-ai/6.6.34/src/architecture/CrossValidationTrainer.ts
[0m[32mDownload[0m https://jsr.io/@stsoftware/neat-ai/6.6.34/src/architecture/training/TrainingSetup.ts
[0m[32mDownload[0m https://jsr.io/@stsoftware/neat-ai/6.6.34/src/architecture/training/TrainingLoop.ts
[0m[32mDownload[0m https://jsr.io/@stsoftware/neat-ai/6.6.34/src/architecture/training/TrainingTeardown.ts
[0m[32mDownload[0m https://jsr.io/@stsoftware/neat-ai/6.6.34/src/architecture/training/RustTrainDirBridge.ts
[0m[32mDownload[0m https://jsr.io/@stsoftware/neat-ai/6.6.34/src/architecture/training/TrainingPredictiveCoding.ts
[0m[32mDownload[0m https://jsr.io/@stsoftware/neat-ai/6.6.34/src/architecture/training/TrainingTypes.ts
[0m[32mDownload[0m https://jsr.io/@stsoftware/neat-ai/6.6.34/src/architecture/DeDuplicator.ts
[0m[32mDownload[0m https://jsr.io/@stsoftware/neat-ai/6.6.34/src/blackbox/AdaptiveFineTuneTracker.ts
[0m[32mDownload[0m https://jsr.io/@stsoftware/neat-ai/6.6.34/src/breed/Breed.ts
[0m[32mDownload[0m https://jsr.io/@stsoftware/neat-ai/6.6.34/src/multithreading/WorkerPool.ts
[0m[32mDownload[0m https://jsr.io/@stsoftware/neat-ai/6.6.34/src/NEAT/Mutator.ts
[0m[32mDownload[0m https://jsr.io/@stsoftware/neat-ai/6.6.34/src/NEAT/MCMCState.ts
[0m[32mDownload[0m https://jsr.io/@stsoftware/neat-ai/6.6.34/src/NEAT/RandomImmigrants.ts
[0m[32mDownload[0m https://jsr.io/@stsoftware/neat-ai/6.6.34/src/NEAT/SpeciesPlateauDetector.ts
[0m[32mDownload[0m https://jsr.io/@stsoftware/neat-ai/6.6.34/src/NEAT/SquashEffectivenessTracker.ts
[0m[32mDownload[0m https://jsr.io/@stsoftware/neat-ai/6.6.34/src/NEAT/DiscoveryReplayQueue.ts
[0m[32mDownload[0m https://jsr.io/@stsoftware/neat-ai/6.6.34/src/NEAT/PerTaskTrainingTimeout.ts
[0m[32mDownload[0m https://jsr.io/@stsoftware/neat-ai/6.6.34/src/discovery/SubnetworkHashIndex.ts
[0m[32mDownload[0m https://jsr.io/@stsoftware/neat-ai/6.6.34/src/NEAT/NeatEvolution.ts
[0m[32mDownload[0m https://jsr.io/@stsoftware/neat-ai/6.6.34/src/NEAT/NeatScheduling.ts
[0m[32mDownload[0m https://jsr.io/@stsoftware/neat-ai/6.6.34/src/propagate/WasmTopologicalBackprop.ts
[0m[32mDownload[0m https://jsr.io/@stsoftware/neat-ai/6.6.34/src/propagate/LayerAssignment.ts
[0m[32mDownload[0m https://jsr.io/@stsoftware/neat-ai/6.6.34/src/propagate/MuonOrthogonalisation.ts
[0m[32mDownload[0m https://jsr.io/@stsoftware/neat-ai/6.6.34/src/multithreading/EvaluationScheduling.ts
[0m[32mDownload[0m https://jsr.io/@stsoftware/neat-ai/6.6.34/src/score/BatchRustScorerBridge.ts
[0m[32mDownload[0m https://jsr.io/@stsoftware/neat-ai/6.6.34/src/score/BatchScorerReconciler.ts
[0m[32mDownload[0m https://jsr.io/@stsoftware/neat-ai/6.6.34/src/score/BatchScorerDiagnostics.ts
[0m[32mDownload[0m https://jsr.io/@stsoftware/neat-ai/6.6.34/src/costs/CostAwareEarlyStop.ts
[0m[32mDownload[0m https://jsr.io/@stsoftware/neat-ai/6.6.34/src/config/parsers/RuntimeParsers.ts
[0m[32mDownload[0m https://jsr.io/@stsoftware/neat-ai/6.6.34/src/config/parsers/DiscoveryParsers.ts
[0m[32mDownload[0m https://jsr.io/@stsoftware/neat-ai/6.6.34/src/config/parsers/MutationParsers.ts
[0m[32mDownload[0m https://jsr.io/@stsoftware/neat-ai/6.6.34/src/config/parsers/PopulationParsers.ts
[0m[32mDownload[0m https://jsr.io/@stsoftware/neat-ai/6.6.34/src/config/parsers/TrainingParsers.ts
[0m[32mDownload[0m https://jsr.io/@stsoftware/neat-ai/6.6.34/src/config/parsers/SelectionParsers.ts
[0m[32mDownload[0m https://jsr.io/@stsoftware/neat-ai/6.6.34/src/config/parsers/RegularisationParsers.ts
[0m[32mDownload[0m https://jsr.io/@stsoftware/neat-ai/6.6.34/src/config/parsers/DataParsers.ts
[0m[32mDownload[0m https://jsr.io/@stsoftware/neat-ai/6.6.34/src/workers/WorkerHeapBudget.ts
[0m[32mDownload[0m https://jsr.io/@stsoftware/neat-ai/6.6.34/src/ConnectionOptions.ts
[0m[32mDownload[0m https://jsr.io/@stsoftware/neat-ai/6.6.34/src/predictiveCoding/PredictionErrorGuidedMutation.ts
[0m[32mDownload[0m https://jsr.io/@stsoftware/neat-ai/6.6.34/src/mutate/AbstractMutationOperator.ts
[0m[32mDownload[0m https://jsr.io/@stsoftware/neat-ai/6.6.34/src/utils/OverflowGuardStats.ts
[0m[32mDownload[0m https://jsr.io/@stsoftware/neat-ai/6.6.34/src/propagate/ActivationRange.ts
[0m[32mDownload[0m https://jsr.io/@stsoftware/neat-ai/6.6.34/src/propagate/ErrorHelper.ts
[0m[32mDownload[0m https://jsr.io/@stsoftware/neat-ai/6.6.34/src/utils/ArrayAppend.ts
[0m[32mDownload[0m https://jsr.io/@stsoftware/neat-ai/6.6.34/src/discovery/CandidateDescriptions.ts
[0m[32mDownload[0m https://jsr.io/@stsoftware/neat-ai/6.6.34/src/discovery/CombinedCandidates.ts
[0m[32mDownload[0m https://jsr.io/@stsoftware/neat-ai/6.6.34/src/discovery/CandidateCreation.ts
[0m[32mDownload[0m https://jsr.io/@stsoftware/neat-ai/6.6.34/src/discovery/CacheInformedRemovalCandidates.ts
[0m[32mDownload[0m https://jsr.io/@stsoftware/neat-ai/6.6.34/src/discovery/DiscoveryCacheEviction.ts
[0m[32mDownload[0m https://jsr.io/@stsoftware/neat-ai/6.6.34/src/discovery/FailureCacheDiagnostics.ts
[0m[32mDownload[0m https://jsr.io/@stsoftware/neat-ai/6.6.34/src/discovery/FailureCacheKey.ts
[0m[32mDownload[0m https://jsr.io/@stsoftware/neat-ai/6.6.34/src/discovery/FailureCacheTypes.ts
[0m[32mDownload[0m https://jsr.io/@stsoftware/neat-ai/6.6.34/src/discovery/DiscoveryWireFormat.ts
[0m[32mDownload[0m https://jsr.io/@stsoftware/neat-ai/6.6.34/src/architecture/ErrorGuidedStructuralEvolution/DiscoveryWireIdentity.ts
[0m[32mDownload[0m https://jsr.io/@stsoftware/neat-ai/6.6.34/src/costs/TaskDescriptorRustWire.ts
[0m[32mDownload[0m https://jsr.io/@stsoftware/neat-ai/6.6.34/src/utils/ModuleSiblingPath.ts
[0m[32mDownload[0m https://jsr.io/@stsoftware/neat-ai/6.6.34/src/intelligentDesign/SquashOutputPath.ts
[0m[32mDownload[0m https://jsr.io/@stsoftware/neat-ai/6.6.34/src/intelligentDesign/workers/MockWorker.ts
[0m[32mDownload[0m https://jsr.io/@stsoftware/neat-ai/6.6.34/src/workers/WorkerHeartbeat.ts
[0m[32mDownload[0m https://jsr.io/@stsoftware/neat-ai/6.6.34/src/wasm/WasmInitDiagnostics.ts
[0m[32mDownload[0m https://jsr.io/@stsoftware/neat-ai/6.6.34/src/multithreading/workers/WorkerProcessor.ts
[0m[32mDownload[0m https://jsr.io/@stsoftware/neat-ai/6.6.34/src/multithreading/workers/WorkerErrorResponse.ts
[0m[32mDownload[0m https://jsr.io/@stsoftware/neat-ai/6.6.34/src/utils/ErrorSerialisation.ts
[0m[32mDownload[0m https://jsr.io/@stsoftware/neat-ai/6.6.34/src/onnx/OnnxModel.ts
[0m[32mDownload[0m https://jsr.io/@stsoftware/neat-ai/6.6.34/src/wasm/WasmBundleCache.ts
[0m[32mDownload[0m https://jsr.io/@stsoftware/neat-ai/6.6.34/src/wasm/WasmBundleSha256.ts
[0m[32mDownload[0m https://jsr.io/@stsoftware/neat-ai/6.6.34/src/wasm/WasmMemoryModel.ts
[0m[32mDownload[0m https://jsr.io/@stsoftware/neat-ai/6.6.34/src/propagate/Bias.ts
[0m[32mDownload[0m https://jsr.io/@stsoftware/neat-ai/6.6.34/src/propagate/Weight.ts
[0m[32mDownload[0m https://jsr.io/@stsoftware/neat-ai/6.6.34/src/architecture/ErrorGuidedStructuralEvolution/DiscoveryValidation.ts
[0m[32mDownload[0m https://jsr.io/@stsoftware/neat-ai/6.6.34/src/architecture/ErrorGuidedStructuralEvolution/DiscoverySynapseOps.ts
[0m[32mDownload[0m https://jsr.io/@stsoftware/neat-ai/6.6.34/src/architecture/ErrorGuidedStructuralEvolution/DiscoveryNeuronAddition.ts
[0m[32mDownload[0m https://jsr.io/@stsoftware/neat-ai/6.6.34/src/architecture/ErrorGuidedStructuralEvolution/DiscoveryNeuronRemoval.ts
[0m[32mDownload[0m https://jsr.io/@stsoftware/neat-ai/6.6.34/src/architecture/ErrorGuidedStructuralEvolution/DiscoverAnalysis.ts
[0m[32mDownload[0m https://jsr.io/@stsoftware/neat-ai/6.6.34/src/architecture/ErrorGuidedStructuralEvolution/RustAnalysisCache.ts
[0m[32mDownload[0m https://jsr.io/@stsoftware/neat-ai/6.6.34/src/architecture/ErrorGuidedStructuralEvolution/DiscoverSquashAnalysis.ts
[0m[32mDownload[0m https://jsr.io/@stsoftware/neat-ai/6.6.34/src/architecture/ErrorGuidedStructuralEvolution/FocusSelection.ts
[0m[32mDownload[0m https://jsr.io/@stsoftware/neat-ai/6.6.34/src/architecture/ErrorGuidedStructuralEvolution/DiscoverLogging.ts
[0m[32mDownload[0m https://jsr.io/@stsoftware/neat-ai/6.6.34/src/architecture/ErrorGuidedStructuralEvolution/DiscoverStructureRecording.ts
[0m[32mDownload[0m https://jsr.io/@stsoftware/neat-ai/6.6.34/src/discovery/NeuronErrorImpactEstimator.ts
[0m[32mDownload[0m https://jsr.io/@stsoftware/neat-ai/6.6.34/src/utils/PathContainment.ts
[0m[32mDownload[0m https://jsr.io/@stsoftware/neat-ai/6.6.34/src/discovery/DiscoveryTempDirRemoval.ts
[0m[32mDownload[0m https://jsr.io/@stsoftware/neat-ai/6.6.34/src/architecture/ErrorGuidedStructuralEvolution/RustFlushDiagnostics.ts
[0m[32mDownload[0m https://jsr.io/@stsoftware/neat-ai/6.6.34/src/architecture/ErrorGuidedStructuralEvolution/DiscoverDataLoading.ts
[0m[32mDownload[0m https://jsr.io/@stsoftware/neat-ai/6.6.34/src/architecture/ErrorGuidedStructuralEvolution/NeuronImpact.ts
[0m[32mDownload[0m https://jsr.io/@stsoftware/neat-ai/6.6.34/src/optimize/MakeActivationFunctionInterface.ts
[0m[32mDownload[0m https://jsr.io/@stsoftware/neat-ai/6.6.34/src/methods/activations/ApplyLearningsInterface.ts
[0m[32mDownload[0m https://jsr.io/@stsoftware/neat-ai/6.6.34/src/methods/activations/NeuronFixableInterface.ts
[0m[32mDownload[0m https://jsr.io/@stsoftware/neat-ai/6.6.34/src/propagate/ElasticDistribution.ts
[0m[32mDownload[0m https://jsr.io/@stsoftware/neat-ai/6.6.34/src/propagate/BackpropCoordination.ts
[0m[32mDownload[0m https://jsr.io/@stsoftware/neat-ai/6.6.34/src/architecture/NoChangePropagate.ts
[0m[32mDownload[0m https://jsr.io/@stsoftware/neat-ai/6.6.34/src/propagate/RecordElasticity.ts
[0m[32mDownload[0m https://jsr.io/@stsoftware/neat-ai/6.6.34/src/compact/CloneCreatureExport.ts
[0m[32mDownload[0m https://jsr.io/@stsoftware/neat-ai/6.6.34/src/compact/DeadSubgraphPruning.ts
[0m[32mDownload[0m https://jsr.io/@stsoftware/neat-ai/6.6.34/src/optimize/makeSynapsesValue.ts
[0m[32mDownload[0m https://jsr.io/@stsoftware/neat-ai/6.6.34/src/optimize/InlineActivationInterface.ts
[0m[32mDownload[0m https://jsr.io/@stsoftware/neat-ai/6.6.34/src/neuron/AggregateRecord.ts
[0m[32mDownload[0m https://jsr.io/@stsoftware/neat-ai/6.6.34/src/methods/activations/NewtonRaphsonConstants.ts
[0m[32mDownload[0m https://jsr.io/@stsoftware/neat-ai/6.6.34/src/methods/activations/SafeZoneAdjustment.ts
[0m[32mDownload[0m https://jsr.io/@stsoftware/neat-ai/6.6.34/src/optimize/SimplifyBiasInterface.ts
[0m[32mDownload[0m https://jsr.io/@stsoftware/neat-ai/6.6.34/src/methods/activations/TypeGuards.ts
[0m[32mDownload[0m https://jsr.io/@stsoftware/neat-ai/6.6.34/src/wasm/NativeCoreLibrary.ts
[0m[32mDownload[0m https://jsr.io/@stsoftware/neat-ai/6.6.34/src/score/ScorerFailureClassification.ts
[0m[32mDownload[0m https://jsr.io/@stsoftware/neat-ai/6.6.34/src/score/RustScorerBridgeInternal.ts
[0m[32mDownload[0m https://jsr.io/@stsoftware/neat-ai/6.6.34/src/architecture/ErrorGuidedStructuralEvolution/ApplyCoordinatedStructuralCandidate.ts
[0m[32mDownload[0m https://jsr.io/@stsoftware/neat-ai/6.6.34/src/architecture/KFoldSplitter.ts
[0m[32mDownload[0m https://jsr.io/@stsoftware/neat-ai/6.6.34/src/propagate/SyntheticSynapses.ts
[0m[32mDownload[0m https://jsr.io/@stsoftware/neat-ai/6.6.34/src/architecture/training/TrainingEpoch.ts
[0m[32mDownload[0m https://jsr.io/@stsoftware/neat-ai/6.6.34/src/architecture/training/TrainingOutcome.ts
[0m[32mDownload[0m https://jsr.io/@stsoftware/neat-ai/6.6.34/src/compact/CompactUnused.ts
[0m[32mDownload[0m https://jsr.io/@stsoftware/neat-ai/6.6.34/src/propagate/RemoveSyntheticSynapses.ts
[0m[32mDownload[0m https://jsr.io/@stsoftware/neat-ai/6.6.34/src/architecture/training/NativeBackpropLibrary.ts
[0m[32mDownload[0m https://jsr.io/@stsoftware/neat-ai/6.6.34/src/predictiveCoding/PredictiveCodingTrainer.ts
[0m[32mDownload[0m https://jsr.io/@stsoftware/neat-ai/6.6.34/src/utils/BloomFilter.ts
[0m[32mDownload[0m https://jsr.io/@stsoftware/neat-ai/6.6.34/src/architecture/Offspring.ts
[0m[32mDownload[0m https://jsr.io/@stsoftware/neat-ai/6.6.34/src/blackbox/Discover.ts
[0m[32mDownload[0m https://jsr.io/@stsoftware/neat-ai/6.6.34/src/breed/FitnessRanking.ts
[0m[32mDownload[0m https://jsr.io/@stsoftware/neat-ai/6.6.34/src/breed/ParentSelection.ts
[0m[32mDownload[0m https://jsr.io/@stsoftware/neat-ai/6.6.34/src/multithreading/WorkStealingQueue.ts
[0m[32mDownload[0m https://jsr.io/@stsoftware/neat-ai/6.6.34/src/blackbox/MemeticUpdate.ts
[0m[32mDownload[0m https://jsr.io/@stsoftware/neat-ai/6.6.34/src/mutate/AddBackCon.ts
[0m[32mDownload[0m https://jsr.io/@stsoftware/neat-ai/6.6.34/src/mutate/AddNeuron.ts
[0m[32mDownload[0m https://jsr.io/@stsoftware/neat-ai/6.6.34/src/mutate/AddSelfCon.ts
[0m[32mDownload[0m https://jsr.io/@stsoftware/neat-ai/6.6.34/src/mutate/ModBias.ts
[0m[32mDownload[0m https://jsr.io/@stsoftware/neat-ai/6.6.34/src/mutate/ModSquash.ts
[0m[32mDownload[0m https://jsr.io/@stsoftware/neat-ai/6.6.34/src/mutate/ModWeight.ts
[0m[32mDownload[0m https://jsr.io/@stsoftware/neat-ai/6.6.34/src/mutate/RadioactiveInterface.ts
[0m[32mDownload[0m https://jsr.io/@stsoftware/neat-ai/6.6.34/src/mutate/SubBackCon.ts
[0m[32mDownload[0m https://jsr.io/@stsoftware/neat-ai/6.6.34/src/mutate/SubConnection.ts
[0m[32mDownload[0m https://jsr.io/@stsoftware/neat-ai/6.6.34/src/mutate/SubNeuron.ts
[0m[32mDownload[0m https://jsr.io/@stsoftware/neat-ai/6.6.34/src/mutate/SubSelfCon.ts
[0m[32mDownload[0m https://jsr.io/@stsoftware/neat-ai/6.6.34/src/mutate/SwapNeurons.ts
[0m[32mDownload[0m https://jsr.io/@stsoftware/neat-ai/6.6.34/src/NEAT/MetropolisHastings.ts
[0m[32mDownload[0m https://jsr.io/@stsoftware/neat-ai/6.6.34/src/NEAT/MCMCDiagnostics.ts
[0m[32mDownload[0m https://jsr.io/@stsoftware/neat-ai/6.6.34/src/NEAT/PopulationCap.ts
[0m[32mDownload[0m https://jsr.io/@stsoftware/neat-ai/6.6.34/src/architecture/ElitismUtils.ts
[0m[32mDownload[0m https://jsr.io/@stsoftware/neat-ai/6.6.34/src/blackbox/FineTunePopulation.ts
[0m[32mDownload[0m https://jsr.io/@stsoftware/neat-ai/6.6.34/src/breed/ParallelBreeding.ts
[0m[32mDownload[0m https://jsr.io/@stsoftware/neat-ai/6.6.34/src/NEAT/BreedingQuotas.ts
[0m[32mDownload[0m https://jsr.io/@stsoftware/neat-ai/6.6.34/src/NEAT/MemoryMonitor.ts
[0m[32mDownload[0m https://jsr.io/@stsoftware/neat-ai/6.6.34/src/NEAT/createMemoryPressureSink.ts
[0m[32mDownload[0m https://jsr.io/@stsoftware/neat-ai/6.6.34/src/optimize/Simplify.ts
[0m[32mDownload[0m https://jsr.io/@stsoftware/neat-ai/6.6.34/src/NEAT/SquashHistogram.ts
[0m[32mDownload[0m https://jsr.io/@stsoftware/neat-ai/6.6.34/src/NEAT/TopologyAverages.ts
[0m[32mDownload[0m https://jsr.io/@stsoftware/neat-ai/6.6.34/src/NEAT/ThroughputMetrics.ts
[0m[32mDownload[0m https://jsr.io/@stsoftware/neat-ai/6.6.34/src/NEAT/AdaptivePopulationSizer.ts
[0m[32mDownload[0m https://jsr.io/@stsoftware/neat-ai/6.6.34/src/NEAT/CpuUtilisation.ts
[0m[32mDownload[0m https://jsr.io/@stsoftware/neat-ai/6.6.34/src/NEAT/PopulationBudget.ts
[0m[32mDownload[0m https://jsr.io/@stsoftware/neat-ai/6.6.34/src/NEAT/ProcessCompletedResults.ts
[0m[32mDownload[0m https://jsr.io/@stsoftware/neat-ai/6.6.34/src/NEAT/TrainingCandidates.ts
[0m[32mDownload[0m https://jsr.io/@stsoftware/neat-ai/6.6.34/src/blackbox/FineTune.ts
[0m[32mDownload[0m https://jsr.io/@stsoftware/neat-ai/6.6.34/src/discovery/DiscoveryTimeout.ts
[0m[32mDownload[0m https://jsr.io/@stsoftware/neat-ai/6.6.34/src/NEAT/TrainingErrorComparison.ts
[0m[32mDownload[0m https://jsr.io/@stsoftware/neat-ai/6.6.34/src/costs/CostDescriptor.ts
[0m[32mDownload[0m https://jsr.io/@stsoftware/neat-ai/6.6.34/src/discovery/CandidateApplication.ts
[0m[32mDownload[0m https://jsr.io/@stsoftware/neat-ai/6.6.34/src/discovery/CombinedCandidateBuilders.ts
[0m[32mDownload[0m https://jsr.io/@stsoftware/neat-ai/6.6.34/src/discovery/CombinedFromSuccessful.ts
[0m[32mDownload[0m https://jsr.io/@stsoftware/neat-ai/6.6.34/src/utils/assertNever.ts
[0m[32mDownload[0m https://jsr.io/@stsoftware/neat-ai/6.6.34/src/architecture/ErrorGuidedStructuralEvolution/DiscoverDirectory.ts
[0m[32mDownload[0m https://jsr.io/@stsoftware/neat-ai/6.6.34/src/breed/BreedingSubPhaseAccumulator.ts
[0m[32mDownload[0m https://jsr.io/@stsoftware/neat-ai/6.6.34/src/utils/ModuleSpecifierGuard.ts
[0m[32mDownload[0m https://jsr.io/@stsoftware/neat-ai/6.6.34/src/architecture/DatasetFileListCache.ts
[0m[32mDownload[0m https://jsr.io/@stsoftware/neat-ai/6.6.34/src/onnx/ProtobufEncoder.ts
[0m[32mDownload[0m https://jsr.io/@stsoftware/neat-ai/6.6.34/src/architecture/ErrorGuidedStructuralEvolution/FocusSelectionRanking.ts
[0m[32mDownload[0m https://jsr.io/@stsoftware/neat-ai/6.6.34/src/architecture/ErrorGuidedStructuralEvolution/FocusSelectionWeighting.ts
[0m[32mDownload[0m https://jsr.io/@stsoftware/neat-ai/6.6.34/src/architecture/ErrorGuidedStructuralEvolution/DiscoverLoggingCore.ts
[0m[32mDownload[0m https://jsr.io/@stsoftware/neat-ai/6.6.34/src/architecture/ErrorGuidedStructuralEvolution/DiscoverDiagnosticFormatting.ts
[0m[32mDownload[0m https://jsr.io/@stsoftware/neat-ai/6.6.34/src/propagate/Dropout.ts
[0m[32mDownload[0m https://jsr.io/@stsoftware/neat-ai/6.6.34/src/architecture/training/TrainingSamples.ts
[0m[32mDownload[0m https://jsr.io/@stsoftware/neat-ai/6.6.34/src/predictiveCoding/PredictiveCodingInference.ts
[0m[32mDownload[0m https://jsr.io/@stsoftware/neat-ai/6.6.34/src/predictiveCoding/PredictiveCodingLearning.ts
[0m[32mDownload[0m https://jsr.io/@stsoftware/neat-ai/6.6.34/src/predictiveCoding/AdaptiveScaling.ts
[0m[32mDownload[0m https://jsr.io/@stsoftware/neat-ai/6.6.34/src/propagate/DataFuzzing.ts
[0m[32mDownload[0m https://jsr.io/@stsoftware/neat-ai/6.6.34/src/propagate/DataQuantisation.ts
[0m[32mDownload[0m https://jsr.io/@stsoftware/neat-ai/6.6.34/src/breed/EditParentByIndex.ts
[0m[32mDownload[0m https://jsr.io/@stsoftware/neat-ai/6.6.34/src/breed/GeneticCompatibility.ts
[0m[32mDownload[0m https://jsr.io/@stsoftware/neat-ai/6.6.34/src/breed/InputWeightCrossover.ts
[0m[32mDownload[0m https://jsr.io/@stsoftware/neat-ai/6.6.34/src/breed/SubgraphTransplant.ts
[0m[32mDownload[0m https://jsr.io/@stsoftware/neat-ai/6.6.34/src/breed/RestoreGraftAliases.ts
[0m[32mDownload[0m https://jsr.io/@stsoftware/neat-ai/6.6.34/src/breed/AdaptiveTournamentSize.ts
[0m[32mDownload[0m https://jsr.io/@stsoftware/neat-ai/6.6.34/src/breed/Father.ts
[0m[32mDownload[0m https://jsr.io/@stsoftware/neat-ai/6.6.34/src/breed/FatherSelectionCache.ts
[0m[32mDownload[0m https://jsr.io/@stsoftware/neat-ai/6.6.34/src/NEAT/GroupRelativeAdvantage.ts
[0m[32mDownload[0m https://jsr.io/@stsoftware/neat-ai/6.6.34/src/architecture/SynapseOrderGuard.ts
[0m[32mDownload[0m https://jsr.io/@stsoftware/neat-ai/6.6.34/src/blackbox/RestoreSource.ts
[0m[32mDownload[0m https://jsr.io/@stsoftware/neat-ai/6.6.34/src/blackbox/Retry.ts
[0m[32mDownload[0m https://jsr.io/@stsoftware/neat-ai/6.6.34/src/NEAT/SpeciesDiversity.ts
[0m[32mDownload[0m https://jsr.io/@stsoftware/neat-ai/6.6.34/src/discovery/DiscoveryPostValidate.ts
[0m[32mDownload[0m https://jsr.io/@stsoftware/neat-ai/6.6.34/src/NEAT/DiscoveryOutcome.ts
[0m[32mDownload[0m https://jsr.io/@stsoftware/neat-ai/6.6.34/src/blackbox/BiasWeightCoordination.ts
[0m[32mDownload[0m https://jsr.io/@stsoftware/neat-ai/6.6.34/src/blackbox/MemeticTrajectory.ts
[0m[32mDownload[0m https://jsr.io/@stsoftware/neat-ai/6.6.34/src/discovery/CandidateApplicationOps.ts
[0m[32mDownload[0m https://jsr.io/@stsoftware/neat-ai/6.6.34/src/discovery/CandidateScoring.ts
[0m[32mDownload[0m https://jsr.io/@stsoftware/neat-ai/6.6.34/src/architecture/ErrorGuidedStructuralEvolution/DataRecorder.ts
[0m[32mDownload[0m https://jsr.io/@stsoftware/neat-ai/6.6.34/src/architecture/ErrorGuidedStructuralEvolution/DiscoveryPerformance.ts
[0m[32mDownload[0m https://jsr.io/@stsoftware/neat-ai/6.6.34/src/architecture/PredictionNodeState.ts
[0m[32mDownload[0m https://jsr.io/@stsoftware/neat-ai/6.6.34/src/predictiveCoding/PredictionErrorComputation.ts
[0m[32mDownload[0m https://jsr.io/@stsoftware/neat-ai/6.6.34/src/breed/NeuronSimilarity.ts
[0m[32mDownload[0m https://jsr.io/@stsoftware/neat-ai/6.6.34/src/breed/SyntheticLocationUuid.ts
[0m[32mDownload[0m https://jsr.io/@stsoftware/neat-ai/6.6.34/src/architecture/ErrorGuidedStructuralEvolution/DiscoveryAnalysisMemory.ts
[0m[32mDownload[0m https://jsr.io/@stsoftware/neat-ai/6.6.34/src/architecture/ErrorGuidedStructuralEvolution/PhaseDiagnostics.ts
[0m[32mDownload[0m https://jsr.io/@stsoftware/neat-ai/6.6.34/src/architecture/ErrorGuidedStructuralEvolution/DataRecorderRecording.ts
[0m[32mDownload[0m https://jsr.io/@stsoftware/neat-ai/6.6.34/src/architecture/ErrorGuidedStructuralEvolution/DataRecorderAnalysis.ts
[0m[32mDownload[0m https://jsr.io/@stsoftware/neat-ai/6.6.34/src/architecture/ErrorGuidedStructuralEvolution/AnalysisExtensionBoundary.ts
[0m[32mDownload[0m https://jsr.io/@stsoftware/neat-ai/6.6.34/src/architecture/ErrorGuidedStructuralEvolution/RecordCoverage.ts
[0m[32mDownload[0m https://jsr.io/@stsoftware/neat-ai/6.6.34/src/architecture/ErrorGuidedStructuralEvolution/AnalysisHeapGuard.ts
[0m[32mDownload[0m https://jsr.io/@stsoftware/neat-ai/6.6.34/src/architecture/ErrorGuidedStructuralEvolution/SubmitDiscoveryRecordBatch.ts
[0m[32mDownload[0m https://jsr.io/@stsoftware/neat-ai/6.6.34/src/architecture/ErrorGuidedStructuralEvolution/AnalysisDegradeDecision.ts
[0m[32mDownload[0m https://jsr.io/@std/internal/1.0.14/truncate_build_message.ts
[0m[32mDownload[0m https://jsr.io/@std/json/1.1.0/types.ts
[0m[32mDownload[0m https://jsr.io/@std/internal/1.0.14/assertion_state.ts
[0m[32mDownload[0m https://jsr.io/@std/data-structures/1.1.2/red_black_tree.ts
[0m[32mDownload[0m https://jsr.io/@std/data-structures/1.1.2/comparators.ts
[0m[32mDownload[0m https://jsr.io/@std/async/1.5.0/delay.ts
[0m[32mDownload[0m https://jsr.io/@std/bytes/1.0.6/_types.ts
[0m[32mDownload[0m https://jsr.io/@std/internal/1.0.14/types.ts
[0m[32mDownload[0m https://jsr.io/@std/data-structures/1.1.2/binary_search_tree.ts
[0m[32mDownload[0m https://jsr.io/@std/data-structures/1.1.2/_red_black_node.ts
[0m[32mDownload[0m https://jsr.io/@std/data-structures/1.1.2/_binary_search_tree_internals.ts
[0m[32mDownload[0m https://jsr.io/@std/data-structures/1.1.2/_binary_search_node.ts
[0m[32mDownload[0m https://jsr.io/@stsoftware/neat-ai/6.6.34/src/creature/RLEpisodeFitness.ts
[0m[32mDownload[0m https://jsr.io/@stsoftware/neat-ai/6.6.34/src/creature/EpisodicFitness.ts
[0m[32mDownload[0m https://jsr.io/@stsoftware/neat-ai/6.6.34/src/creature/EpisodeWorkerPool.ts
[0m[32mDownload[0m https://jsr.io/@stsoftware/neat-ai/6.6.34/src/creature/EpisodeWorkerHandler.ts
[0m[32mDownload[0m https://jsr.io/@stsoftware/neat-ai/6.6.34/src/creature/MockEpisodeWorker.ts
[0m[32mDownload[0m https://jsr.io/@stsoftware/neat-ai/6.6.34/src/creature/EpisodeWorkerProcessor.ts
[0m[32mDownload[0m https://registry.npmjs.org/markdownlint-cli2/-/markdownlint-cli2-0.23.2.tgz
[0m[32mDownload[0m https://registry.npmjs.org/cspell/-/cspell-10.0.0.tgz
[0m[32mDownload[0m https://registry.npmjs.org/jsdom/-/jsdom-25.0.1.tgz
[0m[32mDownload[0m https://registry.npmjs.org/mermaid/-/mermaid-11.16.1.tgz
[0m[32mDownload[0m https://registry.npmjs.org/markdown-it/-/markdown-it-14.3.0.tgz
[0m[32mDownload[0m https://registry.npmjs.org/markdownlint/-/markdownlint-0.41.1.tgz
[0m[32mDownload[0m https://registry.npmjs.org/globby/-/globby-16.2.2.tgz
[0m[32mDownload[0m https://registry.npmjs.org/smol-toml/-/smol-toml-1.7.0.tgz
[0m[32mDownload[0m https://registry.npmjs.org/js-yaml/-/js-yaml-5.2.2.tgz
[0m[32mDownload[0m https://registry.npmjs.org/micromatch/-/micromatch-4.0.8.tgz
[0m[32mDownload[0m https://registry.npmjs.org/jsonc-parser/-/jsonc-parser-3.3.1.tgz
[0m[32mDownload[0m https://registry.npmjs.org/jsonpointer/-/jsonpointer-5.0.1.tgz
[0m[32mDownload[0m https://registry.npmjs.org/markdownlint-cli2-formatter-default/-/markdownlint-cli2-formatter-default-0.0.6.tgz
[0m[32mDownload[0m https://registry.npmjs.org/flatted/-/flatted-3.4.2.tgz
[0m[32mDownload[0m https://registry.npmjs.org/chalk/-/chalk-5.6.2.tgz
[0m[32mDownload[0m https://registry.npmjs.org/@cspell/dynamic-import/-/dynamic-import-10.0.0.tgz
[0m[32mDownload[0m https://registry.npmjs.org/cspell-dictionary/-/cspell-dictionary-10.0.0.tgz
[0m[32mDownload[0m https://registry.npmjs.org/chalk-template/-/chalk-template-1.1.2.tgz
[0m[32mDownload[0m https://registry.npmjs.org/commander/-/commander-14.0.3.tgz
[0m[32mDownload[0m https://registry.npmjs.org/semver/-/semver-7.8.1.tgz
[0m[32mDownload[0m https://registry.npmjs.org/fast-json-stable-stringify/-/fast-json-stable-stringify-2.1.0.tgz
[0m[32mDownload[0m https://registry.npmjs.org/@cspell/cspell-worker/-/cspell-worker-10.0.0.tgz
[0m[32mDownload[0m https://registry.npmjs.org/cspell-lib/-/cspell-lib-10.0.0.tgz
[0m[32mDownload[0m https://registry.npmjs.org/@cspell/cspell-types/-/cspell-types-10.0.0.tgz
[0m[32mDownload[0m https://registry.npmjs.org/cspell-config-lib/-/cspell-config-lib-10.0.0.tgz
[0m[32mDownload[0m https://registry.npmjs.org/cspell-gitignore/-/cspell-gitignore-10.0.0.tgz
[0m[32mDownload[0m https://registry.npmjs.org/ansi-regex/-/ansi-regex-6.2.2.tgz
[0m[32mDownload[0m https://registry.npmjs.org/cspell-io/-/cspell-io-10.0.0.tgz
[0m[32mDownload[0m https://registry.npmjs.org/@cspell/url/-/url-10.0.0.tgz
[0m[32mDownload[0m https://registry.npmjs.org/@cspell/cspell-json-reporter/-/cspell-json-reporter-10.0.0.tgz
[0m[32mDownload[0m https://registry.npmjs.org/@cspell/cspell-performance-monitor/-/cspell-performance-monitor-10.0.0.tgz
[0m[32mDownload[0m https://registry.npmjs.org/@cspell/cspell-pipe/-/cspell-pipe-10.0.0.tgz
[0m[32mDownload[0m https://registry.npmjs.org/tinyglobby/-/tinyglobby-0.2.16.tgz
[0m[32mDownload[0m https://registry.npmjs.org/cspell-glob/-/cspell-glob-10.0.0.tgz
[0m[32mDownload[0m https://registry.npmjs.org/xml-name-validator/-/xml-name-validator-5.0.0.tgz
[0m[32mDownload[0m https://registry.npmjs.org/is-potential-custom-element-name/-/is-potential-custom-element-name-1.0.1.tgz
[0m[32mDownload[0m https://registry.npmjs.org/parse5/-/parse5-7.3.0.tgz
[0m[32mDownload[0m https://registry.npmjs.org/http-proxy-agent/-/http-proxy-agent-7.0.2.tgz
[0m[32mDownload[0m https://registry.npmjs.org/saxes/-/saxes-6.0.0.tgz
[0m[32mDownload[0m https://registry.npmjs.org/w3c-xmlserializer/-/w3c-xmlserializer-5.0.0.tgz
[0m[32mDownload[0m https://registry.npmjs.org/cssstyle/-/cssstyle-4.6.0.tgz
[0m[32mDownload[0m https://registry.npmjs.org/html-encoding-sniffer/-/html-encoding-sniffer-4.0.0.tgz
[0m[32mDownload[0m https://registry.npmjs.org/https-proxy-agent/-/https-proxy-agent-7.0.6.tgz
[0m[32mDownload[0m https://registry.npmjs.org/nwsapi/-/nwsapi-2.2.24.tgz
[0m[32mDownload[0m https://registry.npmjs.org/tough-cookie/-/tough-cookie-5.1.2.tgz
[0m[32mDownload[0m https://registry.npmjs.org/rrweb-cssom/-/rrweb-cssom-0.7.1.tgz
[0m[32mDownload[0m https://registry.npmjs.org/form-data/-/form-data-4.0.6.tgz
[0m[32mDownload[0m https://registry.npmjs.org/webidl-conversions/-/webidl-conversions-7.0.0.tgz
[0m[32mDownload[0m https://registry.npmjs.org/symbol-tree/-/symbol-tree-3.2.4.tgz
[0m[32mDownload[0m https://registry.npmjs.org/whatwg-encoding/-/whatwg-encoding-3.1.1.tgz
[0m[32mDownload[0m https://registry.npmjs.org/whatwg-mimetype/-/whatwg-mimetype-4.0.0.tgz
[0m[32mDownload[0m https://registry.npmjs.org/whatwg-url/-/whatwg-url-14.2.0.tgz
[0m[32mDownload[0m https://registry.npmjs.org/ws/-/ws-8.21.2.tgz
[0m[32mDownload[0m https://registry.npmjs.org/decimal.js/-/decimal.js-10.6.0.tgz
[0m[32mDownload[0m https://registry.npmjs.org/data-urls/-/data-urls-5.0.0.tgz
[0m[32mDownload[0m https://registry.npmjs.org/@upsetjs/venn.js/-/venn.js-2.0.0.tgz
[0m[32mDownload[0m https://registry.npmjs.org/d3-sankey/-/d3-sankey-0.12.3.tgz
[0m[32mDownload[0m https://registry.npmjs.org/dompurify/-/dompurify-3.4.13.tgz
[0m[32mDownload[0m https://registry.npmjs.org/cytoscape/-/cytoscape-3.34.0.tgz
[0m[32mDownload[0m https://registry.npmjs.org/d3/-/d3-7.9.0.tgz
[0m[32mDownload[0m https://registry.npmjs.org/marked/-/marked-16.4.2.tgz
[0m[32mDownload[0m https://registry.npmjs.org/dagre-d3-es/-/dagre-d3-es-7.0.14.tgz
[0m[32mDownload[0m https://registry.npmjs.org/cytoscape-cose-bilkent/-/cytoscape-cose-bilkent-4.1.0.tgz
[0m[32mDownload[0m https://registry.npmjs.org/ts-dedent/-/ts-dedent-2.3.0.tgz
[0m[32mDownload[0m https://registry.npmjs.org/@mermaid-js/parser/-/parser-1.2.0.tgz
[0m[32mDownload[0m https://registry.npmjs.org/@types/d3/-/d3-7.4.3.tgz
[0m[32mDownload[0m https://registry.npmjs.org/khroma/-/khroma-2.1.0.tgz
[0m[32mDownload[0m https://registry.npmjs.org/katex/-/katex-0.16.47.tgz
[0m[32mDownload[0m https://registry.npmjs.org/cytoscape-fcose/-/cytoscape-fcose-2.2.0.tgz
[0m[32mDownload[0m https://registry.npmjs.org/@iconify/utils/-/utils-3.1.4.tgz
[0m[32mDownload[0m https://registry.npmjs.org/@braintree/sanitize-url/-/sanitize-url-7.1.2.tgz
[0m[32mDownload[0m https://registry.npmjs.org/es-toolkit/-/es-toolkit-1.50.0.tgz
[0m[32mDownload[0m https://registry.npmjs.org/stylis/-/stylis-4.4.0.tgz
[0m[32mDownload[0m https://registry.npmjs.org/uuid/-/uuid-14.0.1.tgz
[0m[32mDownload[0m https://registry.npmjs.org/dayjs/-/dayjs-1.11.21.tgz
[0m[32mDownload[0m https://registry.npmjs.org/roughjs/-/roughjs-4.6.6.tgz
[0m[32mDownload[0m https://registry.npmjs.org/entities/-/entities-4.5.0.tgz
[0m[32mDownload[0m https://registry.npmjs.org/argparse/-/argparse-2.0.1.tgz
[0m[32mDownload[0m https://registry.npmjs.org/mdurl/-/mdurl-2.1.0.tgz
[0m[32mDownload[0m https://registry.npmjs.org/linkify-it/-/linkify-it-5.0.2.tgz
[0m[32mDownload[0m https://registry.npmjs.org/punycode.js/-/punycode.js-2.3.1.tgz
[0m[32mDownload[0m https://registry.npmjs.org/uc.micro/-/uc.micro-2.1.0.tgz
[0m[32mDownload[0m https://registry.npmjs.org/micromark-extension-gfm-table/-/micromark-extension-gfm-table-2.1.1.tgz
[0m[32mDownload[0m https://registry.npmjs.org/micromark-extension-directive/-/micromark-extension-directive-4.0.0.tgz
[0m[32mDownload[0m https://registry.npmjs.org/micromark-extension-gfm-footnote/-/micromark-extension-gfm-footnote-2.1.0.tgz
[0m[32mDownload[0m https://registry.npmjs.org/micromark/-/micromark-4.0.2.tgz
[0m[32mDownload[0m https://registry.npmjs.org/micromark-core-commonmark/-/micromark-core-commonmark-2.0.3.tgz
[0m[32mDownload[0m https://registry.npmjs.org/micromark-extension-gfm-autolink-literal/-/micromark-extension-gfm-autolink-literal-2.1.0.tgz
[0m[32mDownload[0m https://registry.npmjs.org/micromark-extension-math/-/micromark-extension-math-3.1.0.tgz
[0m[32mDownload[0m https://registry.npmjs.org/micromark-util-types/-/micromark-util-types-2.0.2.tgz
[0m[32mDownload[0m https://registry.npmjs.org/string-width/-/string-width-8.2.1.tgz
[0m[32mDownload[0m https://registry.npmjs.org/unicorn-magic/-/unicorn-magic-0.4.0.tgz
[0m[32mDownload[0m https://registry.npmjs.org/ignore/-/ignore-7.0.6.tgz
[0m[32mDownload[0m https://registry.npmjs.org/@sindresorhus/merge-streams/-/merge-streams-4.0.0.tgz
[0m[32mDownload[0m https://registry.npmjs.org/fast-glob/-/fast-glob-3.3.3.tgz
[0m[32mDownload[0m https://registry.npmjs.org/is-path-inside/-/is-path-inside-4.0.0.tgz
[0m[32mDownload[0m https://registry.npmjs.org/slash/-/slash-5.1.0.tgz
[0m[32mDownload[0m https://registry.npmjs.org/braces/-/braces-3.0.3.tgz
[0m[32mDownload[0m https://registry.npmjs.org/picomatch/-/picomatch-2.3.2.tgz
[0m[32mDownload[0m https://registry.npmjs.org/import-meta-resolve/-/import-meta-resolve-4.2.0.tgz
[0m[32mDownload[0m https://registry.npmjs.org/cspell-trie-lib/-/cspell-trie-lib-10.0.0.tgz
[0m[32mDownload[0m https://registry.npmjs.org/fast-equals/-/fast-equals-6.0.0.tgz
[0m[32mDownload[0m https://registry.npmjs.org/vscode-languageserver-textdocument/-/vscode-languageserver-textdocument-1.0.12.tgz
[0m[32mDownload[0m https://registry.npmjs.org/@cspell/cspell-resolver/-/cspell-resolver-10.0.0.tgz
[0m[32mDownload[0m https://registry.npmjs.org/env-paths/-/env-paths-4.0.0.tgz
[0m[32mDownload[0m https://registry.npmjs.org/resolve-from/-/resolve-from-5.0.0.tgz
[0m[32mDownload[0m https://registry.npmjs.org/vscode-uri/-/vscode-uri-3.1.0.tgz
[0m[32mDownload[0m https://registry.npmjs.org/@cspell/strong-weak-map/-/strong-weak-map-10.0.0.tgz
[0m[32mDownload[0m https://registry.npmjs.org/xdg-basedir/-/xdg-basedir-5.1.0.tgz
[0m[32mDownload[0m https://registry.npmjs.org/@cspell/cspell-bundled-dicts/-/cspell-bundled-dicts-10.0.0.tgz
[0m[32mDownload[0m https://registry.npmjs.org/gensequence/-/gensequence-8.0.8.tgz
[0m[32mDownload[0m https://registry.npmjs.org/@cspell/rpc/-/rpc-10.0.0.tgz
[0m[32mDownload[0m https://registry.npmjs.org/cspell-grammar/-/cspell-grammar-10.0.0.tgz
[0m[32mDownload[0m https://registry.npmjs.org/import-fresh/-/import-fresh-4.0.0.tgz
[0m[32mDownload[0m https://registry.npmjs.org/@cspell/filetypes/-/filetypes-10.0.0.tgz
[0m[32mDownload[0m https://registry.npmjs.org/comment-json/-/comment-json-4.6.2.tgz
[0m[32mDownload[0m https://registry.npmjs.org/yaml/-/yaml-2.9.0.tgz
[0m[32mDownload[0m https://registry.npmjs.org/@cspell/cspell-service-bus/-/cspell-service-bus-10.0.0.tgz
[0m[32mDownload[0m https://registry.npmjs.org/fdir/-/fdir-6.5.0.tgz
[0m[32mDownload[0m https://registry.npmjs.org/picomatch/-/picomatch-4.0.4.tgz
[0m[32mDownload[0m https://registry.npmjs.org/entities/-/entities-6.0.1.tgz
[0m[32mDownload[0m https://registry.npmjs.org/debug/-/debug-4.4.3.tgz
[0m[32mDownload[0m https://registry.npmjs.org/agent-base/-/agent-base-7.1.4.tgz
[0m[32mDownload[0m https://registry.npmjs.org/xmlchars/-/xmlchars-2.2.0.tgz
[0m[32mDownload[0m https://registry.npmjs.org/@asamuzakjp/css-color/-/css-color-3.2.0.tgz
[0m[32mDownload[0m https://registry.npmjs.org/rrweb-cssom/-/rrweb-cssom-0.8.0.tgz
[0m[32mDownload[0m https://registry.npmjs.org/tldts/-/tldts-6.1.86.tgz
[0m[32mDownload[0m https://registry.npmjs.org/asynckit/-/asynckit-0.4.0.tgz
[0m[32mDownload[0m https://registry.npmjs.org/hasown/-/hasown-2.0.4.tgz
[0m[32mDownload[0m https://registry.npmjs.org/mime-types/-/mime-types-2.1.35.tgz
[0m[32mDownload[0m https://registry.npmjs.org/combined-stream/-/combined-stream-1.0.8.tgz
[0m[32mDownload[0m https://registry.npmjs.org/es-set-tostringtag/-/es-set-tostringtag-2.1.0.tgz
[0m[32mDownload[0m https://registry.npmjs.org/iconv-lite/-/iconv-lite-0.6.3.tgz
[0m[32mDownload[0m https://registry.npmjs.org/tr46/-/tr46-5.1.1.tgz
[0m[32mDownload[0m https://registry.npmjs.org/d3-selection/-/d3-selection-3.0.0.tgz
[0m[32mDownload[0m https://registry.npmjs.org/d3-transition/-/d3-transition-3.0.1.tgz
[0m[32mDownload[0m https://registry.npmjs.org/d3-shape/-/d3-shape-1.3.7.tgz
[0m[32mDownload[0m https://registry.npmjs.org/d3-array/-/d3-array-2.12.1.tgz
[0m[32mDownload[0m https://registry.npmjs.org/@types/trusted-types/-/trusted-types-2.0.7.tgz
[0m[32mDownload[0m https://registry.npmjs.org/d3-delaunay/-/d3-delaunay-6.0.4.tgz
[0m[32mDownload[0m https://registry.npmjs.org/d3-geo/-/d3-geo-3.1.1.tgz
[0m[32mDownload[0m https://registry.npmjs.org/d3-format/-/d3-format-3.1.2.tgz
[0m[32mDownload[0m https://registry.npmjs.org/d3-interpolate/-/d3-interpolate-3.0.1.tgz
[0m[32mDownload[0m https://registry.npmjs.org/d3-scale/-/d3-scale-4.0.2.tgz
[0m[32mDownload[0m https://registry.npmjs.org/d3-time/-/d3-time-3.1.0.tgz
[0m[32mDownload[0m https://registry.npmjs.org/d3-force/-/d3-force-3.0.0.tgz
[0m[32mDownload[0m https://registry.npmjs.org/d3-timer/-/d3-timer-3.0.1.tgz
[0m[32mDownload[0m https://registry.npmjs.org/d3-contour/-/d3-contour-4.0.2.tgz
[0m[32mDownload[0m https://registry.npmjs.org/d3-array/-/d3-array-3.2.4.tgz
[0m[32mDownload[0m https://registry.npmjs.org/d3-ease/-/d3-ease-3.0.1.tgz
[0m[32mDownload[0m https://registry.npmjs.org/d3-chord/-/d3-chord-3.0.1.tgz
[0m[32mDownload[0m https://registry.npmjs.org/d3-path/-/d3-path-3.1.0.tgz
[0m[32mDownload[0m https://registry.npmjs.org/d3-fetch/-/d3-fetch-3.0.1.tgz
[0m[32mDownload[0m https://registry.npmjs.org/d3-axis/-/d3-axis-3.0.0.tgz
[0m[32mDownload[0m https://registry.npmjs.org/d3-dispatch/-/d3-dispatch-3.0.1.tgz
[0m[32mDownload[0m https://registry.npmjs.org/d3-dsv/-/d3-dsv-3.0.1.tgz
[0m[32mDownload[0m https://registry.npmjs.org/d3-shape/-/d3-shape-3.2.0.tgz
[0m[32mDownload[0m https://registry.npmjs.org/d3-zoom/-/d3-zoom-3.0.0.tgz
[0m[32mDownload[0m https://registry.npmjs.org/d3-color/-/d3-color-3.1.0.tgz
[0m[32mDownload[0m https://registry.npmjs.org/d3-polygon/-/d3-polygon-3.0.1.tgz
[0m[32mDownload[0m https://registry.npmjs.org/d3-hierarchy/-/d3-hierarchy-3.1.2.tgz
[0m[32mDownload[0m https://registry.npmjs.org/d3-quadtree/-/d3-quadtree-3.0.1.tgz
[0m[32mDownload[0m https://registry.npmjs.org/d3-drag/-/d3-drag-3.0.0.tgz
[0m[32mDownload[0m https://registry.npmjs.org/d3-random/-/d3-random-3.0.1.tgz
[0m[32mDownload[0m https://registry.npmjs.org/d3-time-format/-/d3-time-format-4.1.0.tgz
[0m[32mDownload[0m https://registry.npmjs.org/d3-scale-chromatic/-/d3-scale-chromatic-3.1.0.tgz
[0m[32mDownload[0m https://registry.npmjs.org/d3-brush/-/d3-brush-3.0.0.tgz
[0m[32mDownload[0m https://registry.npmjs.org/lodash-es/-/lodash-es-4.18.1.tgz
[0m[32mDownload[0m https://registry.npmjs.org/cose-base/-/cose-base-1.0.3.tgz
[0m[32mDownload[0m https://registry.npmjs.org/@chevrotain/types/-/types-11.1.2.tgz
[0m[32mDownload[0m https://registry.npmjs.org/@types/d3-timer/-/d3-timer-3.0.2.tgz
[0m[32mDownload[0m https://registry.npmjs.org/@types/d3-color/-/d3-color-3.1.3.tgz
[0m[32mDownload[0m https://registry.npmjs.org/@types/d3-fetch/-/d3-fetch-3.0.7.tgz
[0m[32mDownload[0m https://registry.npmjs.org/@types/d3-delaunay/-/d3-delaunay-6.0.4.tgz
[0m[32mDownload[0m https://registry.npmjs.org/@types/d3-drag/-/d3-drag-3.0.7.tgz
[0m[32mDownload[0m https://registry.npmjs.org/@types/d3-hierarchy/-/d3-hierarchy-3.1.7.tgz
[0m[32mDownload[0m https://registry.npmjs.org/@types/d3-transition/-/d3-transition-3.0.9.tgz
[0m[32mDownload[0m https://registry.npmjs.org/@types/d3-zoom/-/d3-zoom-3.0.8.tgz
[0m[32mDownload[0m https://registry.npmjs.org/@types/d3-time/-/d3-time-3.0.4.tgz
[0m[32mDownload[0m https://registry.npmjs.org/@types/d3-shape/-/d3-shape-3.1.8.tgz
[0m[32mDownload[0m https://registry.npmjs.org/@types/d3-format/-/d3-format-3.0.4.tgz
[0m[32mDownload[0m https://registry.npmjs.org/@types/d3-axis/-/d3-axis-3.0.6.tgz
[0m[32mDownload[0m https://registry.npmjs.org/@types/d3-path/-/d3-path-3.1.1.tgz
[0m[32mDownload[0m https://registry.npmjs.org/@types/d3-polygon/-/d3-polygon-3.0.2.tgz
[0m[32mDownload[0m https://registry.npmjs.org/@types/d3-interpolate/-/d3-interpolate-3.0.4.tgz
[0m[32mDownload[0m https://registry.npmjs.org/@types/d3-selection/-/d3-selection-3.0.11.tgz
[0m[32mDownload[0m https://registry.npmjs.org/@types/d3-random/-/d3-random-3.0.4.tgz
[0m[32mDownload[0m https://registry.npmjs.org/@types/d3-scale/-/d3-scale-4.0.9.tgz
[0m[32mDownload[0m https://registry.npmjs.org/@types/d3-contour/-/d3-contour-3.0.6.tgz
[0m[32mDownload[0m https://registry.npmjs.org/@types/d3-geo/-/d3-geo-3.1.1.tgz
[0m[32mDownload[0m https://registry.npmjs.org/@types/d3-quadtree/-/d3-quadtree-3.0.6.tgz
[0m[32mDownload[0m https://registry.npmjs.org/@types/d3-brush/-/d3-brush-3.0.6.tgz
[0m[32mDownload[0m https://registry.npmjs.org/@types/d3-chord/-/d3-chord-3.0.6.tgz
[0m[32mDownload[0m https://registry.npmjs.org/@types/d3-scale-chromatic/-/d3-scale-chromatic-3.1.0.tgz
[0m[32mDownload[0m https://registry.npmjs.org/@types/d3-time-format/-/d3-time-format-4.0.3.tgz
[0m[32mDownload[0m https://registry.npmjs.org/@types/d3-dsv/-/d3-dsv-3.0.7.tgz
[0m[32mDownload[0m https://registry.npmjs.org/@types/d3-ease/-/d3-ease-3.0.2.tgz
[0m[32mDownload[0m https://registry.npmjs.org/@types/d3-dispatch/-/d3-dispatch-3.0.7.tgz
[0m[32mDownload[0m https://registry.npmjs.org/@types/d3-force/-/d3-force-3.0.10.tgz
[0m[32mDownload[0m https://registry.npmjs.org/@types/d3-array/-/d3-array-3.2.2.tgz
[0m[32mDownload[0m https://registry.npmjs.org/commander/-/commander-8.3.0.tgz
[0m[32mDownload[0m https://registry.npmjs.org/cose-base/-/cose-base-2.2.0.tgz
[0m[32mDownload[0m https://registry.npmjs.org/@iconify/types/-/types-2.0.0.tgz
[0m[32mDownload[0m https://registry.npmjs.org/@antfu/install-pkg/-/install-pkg-1.1.0.tgz
[0m[32mDownload[0m https://registry.npmjs.org/points-on-path/-/points-on-path-0.2.1.tgz
[0m[32mDownload[0m https://registry.npmjs.org/path-data-parser/-/path-data-parser-0.1.0.tgz
[0m[32mDownload[0m https://registry.npmjs.org/points-on-curve/-/points-on-curve-0.2.0.tgz
[0m[32mDownload[0m https://registry.npmjs.org/hachure-fill/-/hachure-fill-0.5.2.tgz
[0m[32mDownload[0m https://registry.npmjs.org/micromark-util-symbol/-/micromark-util-symbol-2.0.1.tgz
[0m[32mDownload[0m https://registry.npmjs.org/micromark-factory-space/-/micromark-factory-space-2.0.1.tgz
[0m[32mDownload[0m https://registry.npmjs.org/devlop/-/devlop-1.1.0.tgz
[0m[32mDownload[0m https://registry.npmjs.org/micromark-util-character/-/micromark-util-character-2.1.1.tgz
[0m[32mDownload[0m https://registry.npmjs.org/parse-entities/-/parse-entities-4.0.2.tgz
[0m[32mDownload[0m https://registry.npmjs.org/micromark-factory-whitespace/-/micromark-factory-whitespace-2.0.1.tgz
[0m[32mDownload[0m https://registry.npmjs.org/micromark-util-normalize-identifier/-/micromark-util-normalize-identifier-2.0.1.tgz
[0m[32mDownload[0m https://registry.npmjs.org/micromark-util-sanitize-uri/-/micromark-util-sanitize-uri-2.0.1.tgz
[0m[32mDownload[0m https://registry.npmjs.org/@types/debug/-/debug-4.1.13.tgz
[0m[32mDownload[0m https://registry.npmjs.org/decode-named-character-reference/-/decode-named-character-reference-1.3.0.tgz
[0m[32mDownload[0m https://registry.npmjs.org/micromark-util-resolve-all/-/micromark-util-resolve-all-2.0.1.tgz
[0m[32mDownload[0m https://registry.npmjs.org/micromark-util-subtokenize/-/micromark-util-subtokenize-2.1.0.tgz
[0m[32mDownload[0m https://registry.npmjs.org/micromark-util-chunked/-/micromark-util-chunked-2.0.1.tgz
[0m[32mDownload[0m https://registry.npmjs.org/micromark-util-decode-numeric-character-reference/-/micromark-util-decode-numeric-character-reference-2.0.2.tgz
[0m[32mDownload[0m https://registry.npmjs.org/micromark-util-combine-extensions/-/micromark-util-combine-extensions-2.0.1.tgz
[0m[32mDownload[0m https://registry.npmjs.org/micromark-util-encode/-/micromark-util-encode-2.0.1.tgz
[0m[32mDownload[0m https://registry.npmjs.org/micromark-factory-title/-/micromark-factory-title-2.0.1.tgz
[0m[32mDownload[0m https://registry.npmjs.org/micromark-util-classify-character/-/micromark-util-classify-character-2.0.1.tgz
[0m[32mDownload[0m https://registry.npmjs.org/micromark-factory-destination/-/micromark-factory-destination-2.0.1.tgz
[0m[32mDownload[0m https://registry.npmjs.org/micromark-util-html-tag-name/-/micromark-util-html-tag-name-2.0.1.tgz
[0m[32mDownload[0m https://registry.npmjs.org/micromark-factory-label/-/micromark-factory-label-2.0.1.tgz
[0m[32mDownload[0m https://registry.npmjs.org/@types/katex/-/katex-0.16.8.tgz
[0m[32mDownload[0m https://registry.npmjs.org/get-east-asian-width/-/get-east-asian-width-1.6.0.tgz
[0m[32mDownload[0m https://registry.npmjs.org/strip-ansi/-/strip-ansi-7.2.0.tgz
[0m[32mDownload[0m https://registry.npmjs.org/@nodelib/fs.stat/-/fs.stat-2.0.5.tgz
[0m[32mDownload[0m https://registry.npmjs.org/@nodelib/fs.walk/-/fs.walk-1.2.8.tgz
[0m[32mDownload[0m https://registry.npmjs.org/merge2/-/merge2-1.4.1.tgz
[0m[32mDownload[0m https://registry.npmjs.org/glob-parent/-/glob-parent-5.1.2.tgz
[0m[32mDownload[0m https://registry.npmjs.org/fill-range/-/fill-range-7.1.1.tgz
[0m[32mDownload[0m https://registry.npmjs.org/global-directory/-/global-directory-5.0.0.tgz
[0m[32mDownload[0m https://registry.npmjs.org/is-safe-filename/-/is-safe-filename-0.1.1.tgz
[0m[32mDownload[0m https://registry.npmjs.org/@cspell/dict-cryptocurrencies/-/dict-cryptocurrencies-5.0.5.tgz
[0m[32mDownload[0m https://registry.npmjs.org/@cspell/dict-elixir/-/dict-elixir-4.0.8.tgz
[0m[32mDownload[0m https://registry.npmjs.org/@cspell/dict-latex/-/dict-latex-5.1.0.tgz
[0m[32mDownload[0m https://registry.npmjs.org/@cspell/dict-en_us/-/dict-en_us-4.4.33.tgz
[0m[32mDownload[0m https://registry.npmjs.org/@cspell/dict-scala/-/dict-scala-5.0.9.tgz
[0m[32mDownload[0m https://registry.npmjs.org/@cspell/dict-en-gb-mit/-/dict-en-gb-mit-3.1.22.tgz
[0m[32mDownload[0m https://registry.npmjs.org/@cspell/dict-typescript/-/dict-typescript-3.2.3.tgz
[0m[32mDownload[0m https://registry.npmjs.org/@cspell/dict-r/-/dict-r-2.1.1.tgz
[0m[32mDownload[0m https://registry.npmjs.org/@cspell/dict-zig/-/dict-zig-1.0.0.tgz
[0m[32mDownload[0m https://registry.npmjs.org/@cspell/dict-dart/-/dict-dart-2.3.2.tgz
[0m[32mDownload[0m https://registry.npmjs.org/@cspell/dict-rust/-/dict-rust-4.1.2.tgz
[0m[32mDownload[0m https://registry.npmjs.org/@cspell/dict-markdown/-/dict-markdown-2.0.16.tgz
[0m[32mDownload[0m https://registry.npmjs.org/@cspell/dict-k8s/-/dict-k8s-1.0.12.tgz
[0m[32mDownload[0m https://registry.npmjs.org/@cspell/dict-golang/-/dict-golang-6.0.26.tgz
[0m[32mDownload[0m https://registry.npmjs.org/@cspell/dict-julia/-/dict-julia-1.1.1.tgz
[0m[32mDownload[0m https://registry.npmjs.org/@cspell/dict-powershell/-/dict-powershell-5.0.15.tgz
[0m[32mDownload[0m https://registry.npmjs.org/@cspell/dict-html-symbol-entities/-/dict-html-symbol-entities-4.0.5.tgz
[0m[32mDownload[0m https://registry.npmjs.org/@cspell/dict-django/-/dict-django-4.1.6.tgz
[0m[32mDownload[0m https://registry.npmjs.org/@cspell/dict-filetypes/-/dict-filetypes-3.0.18.tgz
[0m[32mDownload[0m https://registry.npmjs.org/@cspell/dict-docker/-/dict-docker-1.1.17.tgz
[0m[32mDownload[0m https://registry.npmjs.org/@cspell/dict-cpp/-/dict-cpp-7.0.2.tgz
[0m[32mDownload[0m https://registry.npmjs.org/@cspell/dict-haskell/-/dict-haskell-4.0.6.tgz
[0m[32mDownload[0m https://registry.npmjs.org/@cspell/dict-shell/-/dict-shell-1.1.2.tgz
[0m[32mDownload[0m https://registry.npmjs.org/@cspell/dict-lua/-/dict-lua-4.0.8.tgz
[0m[32mDownload[0m https://registry.npmjs.org/@cspell/dict-aws/-/dict-aws-4.0.17.tgz
[0m[32mDownload[0m https://registry.npmjs.org/@cspell/dict-npm/-/dict-npm-5.2.38.tgz
[0m[32mDownload[0m https://registry.npmjs.org/@cspell/dict-al/-/dict-al-1.1.1.tgz
[0m[32mDownload[0m https://registry.npmjs.org/@cspell/dict-lorem-ipsum/-/dict-lorem-ipsum-4.0.5.tgz
[0m[32mDownload[0m https://registry.npmjs.org/@cspell/dict-fullstack/-/dict-fullstack-3.2.9.tgz
[0m[32mDownload[0m https://registry.npmjs.org/@cspell/dict-monkeyc/-/dict-monkeyc-1.0.12.tgz
[0m[32mDownload[0m https://registry.npmjs.org/@cspell/dict-data-science/-/dict-data-science-2.0.13.tgz
[0m[32mDownload[0m https://registry.npmjs.org/@cspell/dict-kotlin/-/dict-kotlin-1.1.1.tgz
[0m[32mDownload[0m https://registry.npmjs.org/@cspell/dict-fonts/-/dict-fonts-4.0.6.tgz
[0m[32mDownload[0m https://registry.npmjs.org/@cspell/dict-bash/-/dict-bash-4.2.2.tgz
[0m[32mDownload[0m https://registry.npmjs.org/@cspell/dict-terraform/-/dict-terraform-1.1.3.tgz
[0m[32mDownload[0m https://registry.npmjs.org/@cspell/dict-gaming-terms/-/dict-gaming-terms-1.1.2.tgz
[0m[32mDownload[0m https://registry.npmjs.org/@cspell/dict-java/-/dict-java-5.0.12.tgz
[0m[32mDownload[0m https://registry.npmjs.org/@cspell/dict-makefile/-/dict-makefile-1.0.5.tgz
[0m[32mDownload[0m https://registry.npmjs.org/@cspell/dict-ruby/-/dict-ruby-5.1.1.tgz
[0m[32mDownload[0m https://registry.npmjs.org/@cspell/dict-csharp/-/dict-csharp-4.0.8.tgz
[0m[32mDownload[0m https://registry.npmjs.org/@cspell/dict-flutter/-/dict-flutter-1.1.1.tgz
[0m[32mDownload[0m https://registry.npmjs.org/@cspell/dict-public-licenses/-/dict-public-licenses-2.0.16.tgz
[0m[32mDownload[0m https://registry.npmjs.org/@cspell/dict-css/-/dict-css-4.1.1.tgz
[0m[32mDownload[0m https://registry.npmjs.org/@cspell/dict-en-common-misspellings/-/dict-en-common-misspellings-2.1.12.tgz
[0m[32mDownload[0m https://registry.npmjs.org/@cspell/dict-fsharp/-/dict-fsharp-1.1.1.tgz
[0m[32mDownload[0m https://registry.npmjs.org/@cspell/dict-vue/-/dict-vue-3.0.5.tgz
[0m[32mDownload[0m https://registry.npmjs.org/@cspell/dict-companies/-/dict-companies-3.2.11.tgz
[0m[32mDownload[0m https://registry.npmjs.org/@cspell/dict-git/-/dict-git-3.1.0.tgz
[0m[32mDownload[0m https://registry.npmjs.org/@cspell/dict-sql/-/dict-sql-2.2.1.tgz
[0m[32mDownload[0m https://registry.npmjs.org/@cspell/dict-swift/-/dict-swift-2.0.6.tgz
[0m[32mDownload[0m https://registry.npmjs.org/@cspell/dict-python/-/dict-python-4.2.26.tgz
[0m[32mDownload[0m https://registry.npmjs.org/@cspell/dict-php/-/dict-php-4.1.1.tgz
[0m[32mDownload[0m https://registry.npmjs.org/@cspell/dict-node/-/dict-node-5.0.9.tgz
[0m[32mDownload[0m https://registry.npmjs.org/@cspell/dict-html/-/dict-html-4.0.15.tgz
[0m[32mDownload[0m https://registry.npmjs.org/@cspell/dict-svelte/-/dict-svelte-1.0.7.tgz
[0m[32mDownload[0m https://registry.npmjs.org/@cspell/dict-dotnet/-/dict-dotnet-5.0.13.tgz
[0m[32mDownload[0m https://registry.npmjs.org/@cspell/dict-software-terms/-/dict-software-terms-5.2.2.tgz
[0m[32mDownload[0m https://registry.npmjs.org/@cspell/dict-google/-/dict-google-1.0.9.tgz
[0m[32mDownload[0m https://registry.npmjs.org/@cspell/dict-ada/-/dict-ada-4.1.1.tgz
[0m[32mDownload[0m https://registry.npmjs.org/esprima/-/esprima-4.0.1.tgz
[0m[32mDownload[0m https://registry.npmjs.org/array-timsort/-/array-timsort-1.0.3.tgz
[0m[32mDownload[0m https://registry.npmjs.org/ms/-/ms-2.1.3.tgz
[0m[32mDownload[0m https://registry.npmjs.org/@csstools/css-tokenizer/-/css-tokenizer-3.0.4.tgz
[0m[32mDownload[0m https://registry.npmjs.org/@csstools/css-color-parser/-/css-color-parser-3.1.0.tgz
[0m[32mDownload[0m https://registry.npmjs.org/@csstools/css-calc/-/css-calc-2.1.4.tgz
[0m[32mDownload[0m https://registry.npmjs.org/lru-cache/-/lru-cache-10.4.3.tgz
[0m[32mDownload[0m https://registry.npmjs.org/@csstools/css-parser-algorithms/-/css-parser-algorithms-3.0.5.tgz
[0m[32mDownload[0m https://registry.npmjs.org/tldts-core/-/tldts-core-6.1.86.tgz
[0m[32mDownload[0m https://registry.npmjs.org/function-bind/-/function-bind-1.1.2.tgz
[0m[32mDownload[0m https://registry.npmjs.org/mime-db/-/mime-db-1.52.0.tgz
[0m[32mDownload[0m https://registry.npmjs.org/delayed-stream/-/delayed-stream-1.0.0.tgz
[0m[32mDownload[0m https://registry.npmjs.org/es-errors/-/es-errors-1.3.0.tgz
[0m[32mDownload[0m https://registry.npmjs.org/get-intrinsic/-/get-intrinsic-1.3.0.tgz
[0m[32mDownload[0m https://registry.npmjs.org/has-tostringtag/-/has-tostringtag-1.0.2.tgz
[0m[32mDownload[0m https://registry.npmjs.org/safer-buffer/-/safer-buffer-2.1.2.tgz
[0m[32mDownload[0m https://registry.npmjs.org/punycode/-/punycode-2.3.1.tgz
[0m[32mDownload[0m https://registry.npmjs.org/d3-path/-/d3-path-1.0.9.tgz
[0m[32mDownload[0m https://registry.npmjs.org/internmap/-/internmap-1.0.1.tgz
[0m[32mDownload[0m https://registry.npmjs.org/delaunator/-/delaunator-5.1.0.tgz
[0m[32mDownload[0m https://registry.npmjs.org/commander/-/commander-7.2.0.tgz
[0m[32mDownload[0m https://registry.npmjs.org/rw/-/rw-1.3.3.tgz
[0m[32mDownload[0m https://registry.npmjs.org/layout-base/-/layout-base-1.0.2.tgz
[0m[32mDownload[0m https://registry.npmjs.org/@types/geojson/-/geojson-7946.0.16.tgz
[0m[32mDownload[0m https://registry.npmjs.org/layout-base/-/layout-base-2.0.1.tgz
[0m[32mDownload[0m https://registry.npmjs.org/tinyexec/-/tinyexec-1.3.0.tgz
[0m[32mDownload[0m https://registry.npmjs.org/package-manager-detector/-/package-manager-detector-1.8.0.tgz
[0m[32mDownload[0m https://registry.npmjs.org/dequal/-/dequal-2.0.3.tgz
[0m[32mDownload[0m https://registry.npmjs.org/is-hexadecimal/-/is-hexadecimal-2.0.1.tgz
[0m[32mDownload[0m https://registry.npmjs.org/@types/unist/-/unist-2.0.11.tgz
[0m[32mDownload[0m https://registry.npmjs.org/is-alphanumerical/-/is-alphanumerical-2.0.1.tgz
[0m[32mDownload[0m https://registry.npmjs.org/character-reference-invalid/-/character-reference-invalid-2.0.1.tgz
[0m[32mDownload[0m https://registry.npmjs.org/character-entities-legacy/-/character-entities-legacy-3.0.0.tgz
[0m[32mDownload[0m https://registry.npmjs.org/is-decimal/-/is-decimal-2.0.1.tgz
[0m[32mDownload[0m https://registry.npmjs.org/@types/ms/-/ms-2.1.0.tgz
[0m[32mDownload[0m https://registry.npmjs.org/character-entities/-/character-entities-2.0.2.tgz
[0m[32mDownload[0m https://registry.npmjs.org/fastq/-/fastq-1.20.1.tgz
[0m[32mDownload[0m https://registry.npmjs.org/@nodelib/fs.scandir/-/fs.scandir-2.1.5.tgz
[0m[32mDownload[0m https://registry.npmjs.org/is-glob/-/is-glob-4.0.3.tgz
[0m[32mDownload[0m https://registry.npmjs.org/to-regex-range/-/to-regex-range-5.0.1.tgz
[0m[32mDownload[0m https://registry.npmjs.org/ini/-/ini-6.0.0.tgz
[0m[32mDownload[0m https://registry.npmjs.org/@csstools/color-helpers/-/color-helpers-5.1.0.tgz
[0m[32mDownload[0m https://registry.npmjs.org/es-define-property/-/es-define-property-1.0.1.tgz
[0m[32mDownload[0m https://registry.npmjs.org/call-bind-apply-helpers/-/call-bind-apply-helpers-1.0.2.tgz
[0m[32mDownload[0m https://registry.npmjs.org/has-symbols/-/has-symbols-1.1.0.tgz
[0m[32mDownload[0m https://registry.npmjs.org/gopd/-/gopd-1.2.0.tgz
[0m[32mDownload[0m https://registry.npmjs.org/get-proto/-/get-proto-1.0.1.tgz
[0m[32mDownload[0m https://registry.npmjs.org/es-object-atoms/-/es-object-atoms-1.1.2.tgz
[0m[32mDownload[0m https://registry.npmjs.org/math-intrinsics/-/math-intrinsics-1.1.0.tgz
[0m[32mDownload[0m https://registry.npmjs.org/robust-predicates/-/robust-predicates-3.0.3.tgz
[0m[32mDownload[0m https://registry.npmjs.org/is-alphabetical/-/is-alphabetical-2.0.1.tgz
[0m[32mDownload[0m https://registry.npmjs.org/reusify/-/reusify-1.1.0.tgz
[0m[32mDownload[0m https://registry.npmjs.org/run-parallel/-/run-parallel-1.2.0.tgz
[0m[32mDownload[0m https://registry.npmjs.org/is-extglob/-/is-extglob-2.1.1.tgz
[0m[32mDownload[0m https://registry.npmjs.org/is-number/-/is-number-7.0.0.tgz
[0m[32mDownload[0m https://registry.npmjs.org/dunder-proto/-/dunder-proto-1.0.1.tgz
[0m[32mDownload[0m https://registry.npmjs.org/queue-microtask/-/queue-microtask-1.2.3.tgz
[0m[33m╭[0m [0m[1m[33mWarning[0m
[0m[33m│[0m
[0m[33m│[0m  Ignored build scripts for packages:
[0m[33m│[0m  [0m[3mnpm:fsevents@2.3.2[0m
[0m[33m│[0m
[0m[33m│[0m  Lifecycle scripts are only supported when using a `node_modules` directory.
[0m[33m│[0m  Enable it in your deno config file:
[0m[33m│[0m  [0m[1m"nodeModulesDir": "auto"[0m
[0m[33m╰─[0m
Updated 1 dependency:
 - [0m[38;5;245mjsr:[0m@stsoftware/neat-ai [0m[38;5;245m6.6.33[0m -> [0m[32m6.6.34[0m
/Users/nigelleck/src/GRQ/CHANGELOG.md
Checked 3043 files
[0m[1m[31merror[no-unused-vars][0m: [0m[1m`populationSize` is never used[0m
   [0m[38;5;12m-->[0m [0m[36m/Users/nigelleck/src/GRQ/src/train/seedPopulation.ts[0m[0m[33m:127:3[0m
   [0m[38;5;12m | [0m
[0m[38;5;12m127 | [0m  populationSize: number,
   [0m[38;5;12m | [0m  [0m[1m[31m^^^^^^^^^^^^^^[0m
    [0m[38;5;12m=[0m [0m[1mhint[0m: If this is intentional, prefix it with an underscore like `_populationSize`

  [0m[38;5;12mdocs[0m: https://docs.deno.com/lint/rules/no-unused-vars


Found 1 problem
Checked 446 files
