================ Clean up START ================
Version 1.3.3
Disk usage:
Filesystem        Size  Used Avail Use% Mounted on
devtmpfs          4.0M     0  4.0M   0% /dev
tmpfs             7.7G     0  7.7G   0% /dev/shm
tmpfs             3.1G  448K  3.1G   1% /run
/dev/nvme0n1p1     40G  2.4G   38G   6% /
tmpfs             7.7G  4.0K  7.7G   1% /tmp
/dev/nvme0n1p128   10M  1.4M  8.7M  14% /boot/efi
/dev/nvme1n1      434G  102M  412G   1% /data
tmpfs             1.6G     0  1.6G   0% /run/user/1001
Uptime:  22:26:32 up 0 min,  0 users,  load average: 1.28, 0.37, 0.13
USER         PID    PPID COMMAND
GRQ        22794   22747 (sd-pam)
GRQ        22908   22518 /bin/bash /data/GRQ/run.sh --option=location
GRQ        26590   22908 /bin/bash ./check_spot_termination.sh
GRQ        26594   26590 sleep 5
GRQ        26595   22908 /bin/bash ./run.sh --run-once
GRQ        26611   26595 /bin/bash worker/node.sh
GRQ        26620   26611 ps -U GRQ -o user,pid,ppid,command
Host: ip-10-0-28-117
IP: 10.0.28.117
Number of CPUs: 8
Available Memory: 15Gi
================ Clean up ENDED ================
Use local deno
PATH: /data/GRQ/.deno/bin:/usr/local/sbin:/usr/local/bin:/usr/sbin:/usr/bin:/sbin:/bin:/var/lib/snapd/snap/bin
deno 2.4.3 (stable, release, aarch64-unknown-linux-gnu)
v8 13.7.152.14-rusty
typescript 5.8.3
aws-cli/2.23.11 Python/3.9.21 Linux/6.1.130-139.222.amzn2023.aarch64 source/aarch64.amzn.2023
Upgrading Deno to version v2.4.3...
Current Deno version: v2.4.3
Version 2.4.3 is already installed
Option: location
Starting Location... Tue Aug  5 10:26:33 PM UTC 2025
Already up to date.
📦 Cloning GRQ-location
Cloning into 'GRQ-location'...
Fetching S3 checksum file from: s3://grq-trainingdata/trainData-location_88/checksum.sha256
Checksum differs or not found locally. Downloading data file.
Decompressing S3 data file: ../../.cache/v2/trainData-location_88/data.tgz
S3 data successfully fetched and decompressed
🧹 Removing: trainData-location_*
📦 Cloning GRQ-portfolio
Cloning into 'GRQ-portfolio'...
Download https://jsr.io/@std/cli/meta.json
Download https://jsr.io/@std/fmt/meta.json
Download https://jsr.io/@std/fs/meta.json
Download https://jsr.io/@stsoftware/neat-ai/meta.json
Download https://jsr.io/@stsoftware/tags/meta.json
Download https://jsr.io/@std/assert/meta.json
Download https://jsr.io/@std/datetime/meta.json
Download https://jsr.io/@std/csv/meta.json
Download https://jsr.io/@std/cli/1.0.21_meta.json
Download https://jsr.io/@std/fmt/1.0.8_meta.json
Download https://jsr.io/@std/fs/1.0.19_meta.json
Download https://jsr.io/@stsoftware/neat-ai/0.181.0_meta.json
Download https://jsr.io/@stsoftware/tags/1.0.13_meta.json
Download https://jsr.io/@std/assert/1.0.13_meta.json
Download https://jsr.io/@std/datetime/0.225.5_meta.json
Download https://jsr.io/@std/csv/1.0.6_meta.json
Download https://jsr.io/@std/cli/1.0.21/_data.json
Download https://jsr.io/@std/path/meta.json
Download https://jsr.io/@std/internal/meta.json
Download https://jsr.io/@std/streams/meta.json
Download https://jsr.io/@std/bytes/meta.json
Download https://jsr.io/@std/crypto/meta.json
Download https://jsr.io/@std/path/1.1.1_meta.json
Download https://jsr.io/@std/internal/1.0.10_meta.json
Download https://jsr.io/@std/streams/1.0.10_meta.json
Download https://jsr.io/@std/bytes/1.0.6_meta.json
Download https://jsr.io/@std/crypto/1.0.5_meta.json
Download https://jsr.io/@std/cli/1.0.21/mod.ts
Download https://jsr.io/@std/fmt/1.0.8/colors.ts
Download https://jsr.io/@std/fs/1.0.19/mod.ts
Download https://jsr.io/@stsoftware/neat-ai/0.181.0/mod.ts
Download https://jsr.io/@stsoftware/tags/1.0.13/mod.ts
Download https://jsr.io/@std/assert/1.0.13/assert.ts
Download https://jsr.io/@std/datetime/0.225.5/mod.ts
Download https://jsr.io/@std/assert/1.0.13/mod.ts
Download https://jsr.io/@std/csv/1.0.6/mod.ts
Download https://jsr.io/@std/datetime/0.225.5/constants.ts
Download https://jsr.io/@std/fmt/1.0.8/duration.ts
Download https://jsr.io/@std/cli/1.0.21/parse_args.ts
Download https://jsr.io/@std/cli/1.0.21/prompt_secret.ts
Download https://jsr.io/@std/cli/1.0.21/unicode_width.ts
Download https://jsr.io/@std/fs/1.0.19/empty_dir.ts
Download https://jsr.io/@std/fs/1.0.19/ensure_dir.ts
Download https://jsr.io/@std/fs/1.0.19/ensure_file.ts
Download https://jsr.io/@std/fs/1.0.19/ensure_link.ts
Download https://jsr.io/@std/fs/1.0.19/ensure_symlink.ts
Download https://jsr.io/@std/fs/1.0.19/exists.ts
Download https://jsr.io/@std/fs/1.0.19/expand_glob.ts
Download https://jsr.io/@std/fs/1.0.19/move.ts
Download https://jsr.io/@std/fs/1.0.19/copy.ts
Download https://jsr.io/@std/fs/1.0.19/walk.ts
Download https://jsr.io/@std/fs/1.0.19/eol.ts
Download https://jsr.io/@stsoftware/neat-ai/0.181.0/src/Creature.ts
Download https://jsr.io/@stsoftware/neat-ai/0.181.0/src/architecture/CreatureUtils.ts
Download https://jsr.io/@stsoftware/neat-ai/0.181.0/src/methods/Selection.ts
Download https://jsr.io/@stsoftware/neat-ai/0.181.0/src/NEAT/Mutation.ts
Download https://jsr.io/@stsoftware/neat-ai/0.181.0/src/reconstruct/CRISPR.ts
Download https://jsr.io/@stsoftware/neat-ai/0.181.0/src/reconstruct/Upgrade.ts
Download https://jsr.io/@stsoftware/neat-ai/0.181.0/src/reconstruct/ConnectMissing.ts
Download https://jsr.io/@stsoftware/neat-ai/0.181.0/src/architecture/NeuronInterfaces.ts
Download https://jsr.io/@stsoftware/neat-ai/0.181.0/src/architecture/SynapseInterfaces.ts
Download https://jsr.io/@stsoftware/neat-ai/0.181.0/src/upgrade/UpgradeTwo.ts
Download https://jsr.io/@stsoftware/tags/1.0.13/src/TagAndRelease.ts
Download https://jsr.io/@stsoftware/tags/1.0.13/src/TagsInterface.ts
Download https://jsr.io/@std/assert/1.0.13/assertion_error.ts
Download https://jsr.io/@std/datetime/0.225.5/day_of_year.ts
Download https://jsr.io/@std/datetime/0.225.5/difference.ts
Download https://jsr.io/@std/datetime/0.225.5/format.ts
Download https://jsr.io/@std/datetime/0.225.5/is_leap.ts
Download https://jsr.io/@std/datetime/0.225.5/parse.ts
Download https://jsr.io/@std/datetime/0.225.5/week_of_year.ts
Download https://jsr.io/@std/assert/1.0.13/almost_equals.ts
Download https://jsr.io/@std/assert/1.0.13/array_includes.ts
Download https://jsr.io/@std/assert/1.0.13/equals.ts
Download https://jsr.io/@std/assert/1.0.13/exists.ts
Download https://jsr.io/@std/assert/1.0.13/false.ts
Download https://jsr.io/@std/assert/1.0.13/greater_or_equal.ts
Download https://jsr.io/@std/assert/1.0.13/greater.ts
Download https://jsr.io/@std/assert/1.0.13/instance_of.ts
Download https://jsr.io/@std/assert/1.0.13/is_error.ts
Download https://jsr.io/@std/assert/1.0.13/less_or_equal.ts
Download https://jsr.io/@std/assert/1.0.13/less.ts
Download https://jsr.io/@std/assert/1.0.13/match.ts
Download https://jsr.io/@std/assert/1.0.13/not_equals.ts
Download https://jsr.io/@std/assert/1.0.13/not_instance_of.ts
Download https://jsr.io/@std/assert/1.0.13/not_match.ts
Download https://jsr.io/@std/assert/1.0.13/not_strict_equals.ts
Download https://jsr.io/@std/assert/1.0.13/object_match.ts
Download https://jsr.io/@std/assert/1.0.13/rejects.ts
Download https://jsr.io/@std/assert/1.0.13/strict_equals.ts
Download https://jsr.io/@std/assert/1.0.13/string_includes.ts
Download https://jsr.io/@std/assert/1.0.13/throws.ts
Download https://jsr.io/@std/assert/1.0.13/equal.ts
Download https://jsr.io/@std/assert/1.0.13/fail.ts
Download https://jsr.io/@std/assert/1.0.13/unimplemented.ts
Download https://jsr.io/@std/assert/1.0.13/unreachable.ts
Download https://jsr.io/@std/csv/1.0.6/parse.ts
Download https://jsr.io/@std/csv/1.0.6/parse_stream.ts
Download https://jsr.io/@std/csv/1.0.6/stringify.ts
Download https://jsr.io/@std/csv/1.0.6/stringify_stream.ts
Download https://jsr.io/@std/cli/1.0.21/_run_length.ts
Download https://jsr.io/@std/fs/1.0.19/_to_path_string.ts
Download https://jsr.io/@std/fs/1.0.19/_get_file_info_type.ts
Download https://jsr.io/@std/fs/1.0.19/_create_walk_entry.ts
Download https://jsr.io/@std/fs/1.0.19/_is_subdir.ts
Download https://jsr.io/@std/fs/1.0.19/_is_same_path.ts
Download https://jsr.io/@stsoftware/neat-ai/0.181.0/src/architecture/CreatureState.ts
Download https://jsr.io/@stsoftware/neat-ai/0.181.0/src/architecture/CreatureValidate.ts
Download https://jsr.io/@stsoftware/neat-ai/0.181.0/src/architecture/DataSet.ts
Download https://jsr.io/@stsoftware/neat-ai/0.181.0/src/architecture/Neuron.ts
Download https://jsr.io/@stsoftware/neat-ai/0.181.0/src/architecture/Score.ts
Download https://jsr.io/@stsoftware/neat-ai/0.181.0/src/architecture/Synapse.ts
Download https://jsr.io/@stsoftware/neat-ai/0.181.0/src/architecture/Training.ts
Download https://jsr.io/@stsoftware/neat-ai/0.181.0/src/compact/CompactCreature.ts
Download https://jsr.io/@stsoftware/neat-ai/0.181.0/src/compact/CompactUtils.ts
Download https://jsr.io/@stsoftware/neat-ai/0.181.0/src/config/NeatConfig.ts
Download https://jsr.io/@stsoftware/neat-ai/0.181.0/src/Costs.ts
Download https://jsr.io/@stsoftware/neat-ai/0.181.0/src/methods/activations/Activations.ts
Download https://jsr.io/@stsoftware/neat-ai/0.181.0/src/multithreading/workers/WorkerHandler.ts
Download https://jsr.io/@stsoftware/neat-ai/0.181.0/src/NEAT/Neat.ts
Download https://jsr.io/@stsoftware/neat-ai/0.181.0/src/optimize/MakeCreatureActivationFunction.ts
Download https://jsr.io/@stsoftware/neat-ai/0.181.0/src/propagate/BackPropagation.ts
Download https://jsr.io/@stsoftware/neat-ai/0.181.0/src/propagate/sparse/SparseConfig.ts
Download https://jsr.io/@stsoftware/neat-ai/0.181.0/src/upgrade/UpgradeOne.ts
Download https://jsr.io/@stsoftware/neat-ai/0.181.0/src/utils/CreatureExportBuilder.ts
Download https://jsr.io/@stsoftware/neat-ai/0.181.0/src/architecture/SyncV5.ts
Download https://jsr.io/@stsoftware/neat-ai/0.181.0/src/mutate/AddConnection.ts
Download https://jsr.io/@stsoftware/neat-ai/0.181.0/src/methods/activations/types/IDENTITY.ts
Download https://jsr.io/@stsoftware/neat-ai/0.181.0/src/methods/activations/types/SQRT.ts
Download https://jsr.io/@stsoftware/neat-ai/0.181.0/src/methods/activations/types/SQUARE.ts
Download https://jsr.io/@std/datetime/0.225.5/_date_time_formatter.ts
Download https://jsr.io/@std/csv/1.0.6/_io.ts
Download https://jsr.io/@std/csv/1.0.6/_shared.ts
Download https://jsr.io/@stsoftware/neat-ai/0.181.0/src/propagate/SynapseState.ts
Download https://jsr.io/@stsoftware/neat-ai/0.181.0/src/errors/ValidationError.ts
Download https://jsr.io/@stsoftware/neat-ai/0.181.0/src/optimize/FunctionCache.ts
Download https://jsr.io/@stsoftware/neat-ai/0.181.0/src/propagate/Bias.ts
Download https://jsr.io/@stsoftware/neat-ai/0.181.0/src/propagate/Weight.ts
Download https://jsr.io/@stsoftware/neat-ai/0.181.0/src/architecture/NoChangePropagate.ts
Download https://jsr.io/@stsoftware/neat-ai/0.181.0/src/upgrade/Upgrade.ts
Download https://jsr.io/@stsoftware/neat-ai/0.181.0/src/compact/CompactUnused.ts
Download https://jsr.io/@stsoftware/neat-ai/0.181.0/src/methods/activations/types/LOGISTIC.ts
Download https://jsr.io/@stsoftware/neat-ai/0.181.0/src/costs/CrossEntropy.ts
Download https://jsr.io/@stsoftware/neat-ai/0.181.0/src/costs/HINGE.ts
Download https://jsr.io/@stsoftware/neat-ai/0.181.0/src/costs/MAE.ts
Download https://jsr.io/@stsoftware/neat-ai/0.181.0/src/costs/MAPE.ts
Download https://jsr.io/@stsoftware/neat-ai/0.181.0/src/costs/MSE.ts
Download https://jsr.io/@stsoftware/neat-ai/0.181.0/src/costs/MSLE.ts
Download https://jsr.io/@stsoftware/neat-ai/0.181.0/src/deprecated/MEAN.ts
Download https://jsr.io/@stsoftware/neat-ai/0.181.0/src/deprecated/HYPOT.ts
Download https://jsr.io/@stsoftware/neat-ai/0.181.0/src/deprecated/HYPOTv2.ts
Download https://jsr.io/@stsoftware/neat-ai/0.181.0/src/methods/activations/aggregate/IF.ts
Download https://jsr.io/@stsoftware/neat-ai/0.181.0/src/methods/activations/aggregate/MAXIMUM.ts
Download https://jsr.io/@stsoftware/neat-ai/0.181.0/src/methods/activations/aggregate/MINIMUM.ts
Download https://jsr.io/@stsoftware/neat-ai/0.181.0/src/methods/activations/types/ABSOLUTE.ts
Download https://jsr.io/@stsoftware/neat-ai/0.181.0/src/methods/activations/types/ArcTan.ts
Download https://jsr.io/@stsoftware/neat-ai/0.181.0/src/methods/activations/types/BENT_IDENTITY.ts
Download https://jsr.io/@stsoftware/neat-ai/0.181.0/src/methods/activations/types/BIPOLAR.ts
Download https://jsr.io/@stsoftware/neat-ai/0.181.0/src/methods/activations/types/BIPOLAR_SIGMOID.ts
Download https://jsr.io/@stsoftware/neat-ai/0.181.0/src/methods/activations/types/COMPLEMENT.ts
Download https://jsr.io/@stsoftware/neat-ai/0.181.0/src/methods/activations/types/Cosine.ts
Download https://jsr.io/@stsoftware/neat-ai/0.181.0/src/methods/activations/types/Cube.ts
Download https://jsr.io/@stsoftware/neat-ai/0.181.0/src/methods/activations/types/ELU.ts
Download https://jsr.io/@stsoftware/neat-ai/0.181.0/src/methods/activations/types/Exponential.ts
Download https://jsr.io/@stsoftware/neat-ai/0.181.0/src/methods/activations/types/GAUSSIAN.ts
Download https://jsr.io/@stsoftware/neat-ai/0.181.0/src/methods/activations/types/GELU.ts
Download https://jsr.io/@stsoftware/neat-ai/0.181.0/src/methods/activations/types/HARD_TANH.ts
Download https://jsr.io/@stsoftware/neat-ai/0.181.0/src/methods/activations/types/ISRU.ts
Download https://jsr.io/@stsoftware/neat-ai/0.181.0/src/methods/activations/types/LeakyReLU.ts
Download https://jsr.io/@stsoftware/neat-ai/0.181.0/src/methods/activations/types/LogSigmoid.ts
Download https://jsr.io/@stsoftware/neat-ai/0.181.0/src/methods/activations/types/Mish.ts
Download https://jsr.io/@stsoftware/neat-ai/0.181.0/src/methods/activations/types/ReLU.ts
Download https://jsr.io/@stsoftware/neat-ai/0.181.0/src/methods/activations/types/ReLU6.ts
Download https://jsr.io/@stsoftware/neat-ai/0.181.0/src/methods/activations/types/SELU.ts
Download https://jsr.io/@stsoftware/neat-ai/0.181.0/src/methods/activations/types/SINE.ts
Download https://jsr.io/@stsoftware/neat-ai/0.181.0/src/methods/activations/types/SOFTSIGN.ts
Download https://jsr.io/@stsoftware/neat-ai/0.181.0/src/methods/activations/types/STEP.ts
Download https://jsr.io/@stsoftware/neat-ai/0.181.0/src/methods/activations/types/Softplus.ts
Download https://jsr.io/@stsoftware/neat-ai/0.181.0/src/methods/activations/types/StdInverse.ts
Download https://jsr.io/@stsoftware/neat-ai/0.181.0/src/methods/activations/types/Swish.ts
Download https://jsr.io/@stsoftware/neat-ai/0.181.0/src/methods/activations/types/TAN.ts
Download https://jsr.io/@stsoftware/neat-ai/0.181.0/src/methods/activations/types/TANH.ts
Download https://jsr.io/@stsoftware/neat-ai/0.181.0/src/multithreading/workers/MockWorker.ts
Download https://jsr.io/@stsoftware/neat-ai/0.181.0/src/architecture/DeDuplicator.ts
Download https://jsr.io/@stsoftware/neat-ai/0.181.0/src/architecture/ElitismUtils.ts
Download https://jsr.io/@stsoftware/neat-ai/0.181.0/src/architecture/Fitness.ts
Download https://jsr.io/@stsoftware/neat-ai/0.181.0/src/blackbox/FineTune.ts
Download https://jsr.io/@stsoftware/neat-ai/0.181.0/src/blackbox/FineTunePopulation.ts
Download https://jsr.io/@stsoftware/neat-ai/0.181.0/src/breed/Breed.ts
Download https://jsr.io/@stsoftware/neat-ai/0.181.0/src/NEAT/Genus.ts
Download https://jsr.io/@stsoftware/neat-ai/0.181.0/src/NEAT/Mutator.ts
Download https://jsr.io/@stsoftware/neat-ai/0.181.0/src/optimize/Simplify.ts
Download https://jsr.io/@stsoftware/neat-ai/0.181.0/src/architecture/ErrorGuidedStructuralEvolution/DiscoverStructure.ts
Download https://jsr.io/@stsoftware/neat-ai/0.181.0/src/optimize/MakeNeuronActivation.ts
Download https://jsr.io/@stsoftware/neat-ai/0.181.0/src/propagate/sparse/CalculatePathsToOutput.ts
Download https://jsr.io/@stsoftware/neat-ai/0.181.0/src/propagate/sparse/ChooseNeurons.ts
Download https://jsr.io/@stsoftware/neat-ai/0.181.0/src/propagate/ActivationRange.ts
Download https://jsr.io/@stsoftware/neat-ai/0.181.0/src/propagate/ErrorHelper.ts
Download https://jsr.io/@stsoftware/neat-ai/0.181.0/src/methods/activations/AbstractActivationInterface.ts
Download https://jsr.io/@stsoftware/neat-ai/0.181.0/src/multithreading/workers/WorkerProcessor.ts
Download https://jsr.io/@stsoftware/neat-ai/0.181.0/src/NEAT/Species.ts
Download https://jsr.io/@stsoftware/neat-ai/0.181.0/src/NEAT/LogApproach.ts
Download https://jsr.io/@stsoftware/neat-ai/0.181.0/src/blackbox/RestoreSource.ts
Download https://jsr.io/@stsoftware/neat-ai/0.181.0/src/blackbox/Retry.ts
Download https://jsr.io/@stsoftware/neat-ai/0.181.0/src/architecture/Offspring.ts
Download https://jsr.io/@stsoftware/neat-ai/0.181.0/src/blackbox/Discover.ts
Download https://jsr.io/@stsoftware/neat-ai/0.181.0/src/breed/Father.ts
Download https://jsr.io/@stsoftware/neat-ai/0.181.0/src/blackbox/MemeticUpdate.ts
Download https://jsr.io/@stsoftware/neat-ai/0.181.0/src/mutate/AddNeuron.ts
Download https://jsr.io/@stsoftware/neat-ai/0.181.0/src/mutate/SubNeuron.ts
Download https://jsr.io/@stsoftware/neat-ai/0.181.0/src/mutate/SubConnection.ts
Download https://jsr.io/@stsoftware/neat-ai/0.181.0/src/mutate/ModWeight.ts
Download https://jsr.io/@stsoftware/neat-ai/0.181.0/src/mutate/ModBias.ts
Download https://jsr.io/@stsoftware/neat-ai/0.181.0/src/mutate/ModSquash.ts
Download https://jsr.io/@stsoftware/neat-ai/0.181.0/src/mutate/AddSelfCon.ts
Download https://jsr.io/@stsoftware/neat-ai/0.181.0/src/mutate/SubSelfCon.ts
Download https://jsr.io/@stsoftware/neat-ai/0.181.0/src/mutate/AddBackCon.ts
Download https://jsr.io/@stsoftware/neat-ai/0.181.0/src/mutate/SubBackCon.ts
Download https://jsr.io/@stsoftware/neat-ai/0.181.0/src/mutate/SwapNeurons.ts
Download https://jsr.io/@stsoftware/neat-ai/0.181.0/src/architecture/ErrorGuidedStructuralEvolution/DiscoverDirectory.ts
Download https://jsr.io/@stsoftware/neat-ai/0.181.0/src/breed/EditParentByIndex.ts
Download https://jsr.io/@stsoftware/neat-ai/0.181.0/src/breed/GeneticCompatibility.ts
Download https://jsr.io/@std/path/1.1.1/join.ts
Download https://jsr.io/@std/path/1.1.1/dirname.ts
Download https://jsr.io/@std/path/1.1.1/resolve.ts
Download https://jsr.io/@std/internal/1.0.10/os.ts
Download https://jsr.io/@std/path/1.1.1/glob_to_regexp.ts
Download https://jsr.io/@std/path/1.1.1/join_globs.ts
Download https://jsr.io/@std/path/1.1.1/is_glob.ts
Download https://jsr.io/@std/path/1.1.1/is_absolute.ts
Download https://jsr.io/@std/path/1.1.1/constants.ts
Download https://jsr.io/@std/path/1.1.1/basename.ts
Download https://jsr.io/@std/internal/1.0.10/format.ts
Download https://jsr.io/@std/internal/1.0.10/build_message.ts
Download https://jsr.io/@std/internal/1.0.10/diff.ts
Download https://jsr.io/@std/internal/1.0.10/diff_str.ts
Download https://jsr.io/@std/internal/1.0.10/styles.ts
Download https://jsr.io/@std/streams/1.0.10/text_delimiter_stream.ts
Download https://jsr.io/@std/path/1.1.1/from_file_url.ts
Download https://jsr.io/@std/path/1.1.1/normalize.ts
Download https://jsr.io/@std/bytes/1.0.6/mod.ts
Download https://jsr.io/@std/crypto/1.0.5/mod.ts
Download https://jsr.io/@std/path/1.1.1/posix/join.ts
Download https://jsr.io/@std/path/1.1.1/windows/join.ts
Download https://jsr.io/@std/path/1.1.1/posix/dirname.ts
Download https://jsr.io/@std/path/1.1.1/windows/dirname.ts
Download https://jsr.io/@std/path/1.1.1/posix/resolve.ts
Download https://jsr.io/@std/path/1.1.1/windows/resolve.ts
Download https://jsr.io/@std/internal/1.0.10/_os.ts
Download https://jsr.io/@std/path/1.1.1/posix/glob_to_regexp.ts
Download https://jsr.io/@std/path/1.1.1/windows/glob_to_regexp.ts
Download https://jsr.io/@std/path/1.1.1/posix/join_globs.ts
Download https://jsr.io/@std/path/1.1.1/windows/join_globs.ts
Download https://jsr.io/@std/path/1.1.1/posix/is_absolute.ts
Download https://jsr.io/@std/path/1.1.1/windows/is_absolute.ts
Download https://jsr.io/@std/path/1.1.1/posix/basename.ts
Download https://jsr.io/@std/path/1.1.1/windows/basename.ts
Download https://jsr.io/@std/streams/1.0.10/_common.ts
Download https://jsr.io/@std/path/1.1.1/posix/from_file_url.ts
Download https://jsr.io/@std/path/1.1.1/windows/from_file_url.ts
Download https://jsr.io/@std/path/1.1.1/posix/normalize.ts
Download https://jsr.io/@std/path/1.1.1/windows/normalize.ts
Download https://jsr.io/@std/bytes/1.0.6/concat.ts
Download https://jsr.io/@std/bytes/1.0.6/copy.ts
Download https://jsr.io/@std/bytes/1.0.6/ends_with.ts
Download https://jsr.io/@std/bytes/1.0.6/equals.ts
Download https://jsr.io/@std/bytes/1.0.6/includes_needle.ts
Download https://jsr.io/@std/bytes/1.0.6/index_of_needle.ts
Download https://jsr.io/@std/bytes/1.0.6/last_index_of_needle.ts
Download https://jsr.io/@std/bytes/1.0.6/repeat.ts
Download https://jsr.io/@std/bytes/1.0.6/starts_with.ts
Download https://jsr.io/@std/crypto/1.0.5/crypto.ts
Download https://jsr.io/@std/crypto/1.0.5/timing_safe_equal.ts
Download https://jsr.io/@std/path/1.1.1/_common/assert_path.ts
Download https://jsr.io/@std/path/1.1.1/windows/_util.ts
Download https://jsr.io/@std/path/1.1.1/_common/dirname.ts
Download https://jsr.io/@std/path/1.1.1/_common/strip_trailing_separators.ts
Download https://jsr.io/@std/path/1.1.1/posix/_util.ts
Download https://jsr.io/@std/path/1.1.1/_common/constants.ts
Download https://jsr.io/@std/path/1.1.1/_common/normalize_string.ts
Download https://jsr.io/@std/path/1.1.1/_common/glob_to_reg_exp.ts
Download https://jsr.io/@std/path/1.1.1/posix/constants.ts
Download https://jsr.io/@std/path/1.1.1/posix/normalize_glob.ts
Download https://jsr.io/@std/path/1.1.1/windows/constants.ts
Download https://jsr.io/@std/path/1.1.1/windows/normalize_glob.ts
Download https://jsr.io/@std/path/1.1.1/_common/basename.ts
Download https://jsr.io/@std/path/1.1.1/_common/from_file_url.ts
Download https://jsr.io/@std/path/1.1.1/_common/normalize.ts
Download https://jsr.io/@std/crypto/1.0.5/_wasm/mod.ts
Download https://jsr.io/@std/crypto/1.0.5/_wasm/lib/deno_std_wasm_crypto.mjs
Download https://jsr.io/@std/crypto/1.0.5/_wasm/lib/deno_std_wasm_crypto.internal.mjs
NC , score: 0.9519307869030625
process (poor score) NC , score: 0.9519307869030625 lvl: 2
loaded ../GRQ-portfolio/best/location/v1/NC.json
4 mutations, mutation rate 36.9%, elitism 8, mutation FFW, selection FITNESS_PROPORTIONATE
Creature count: 50
Download https://jsr.io/@stsoftware/neat-ai/0.181.0/src/multithreading/workers/deno/worker.ts
Culling duplicate creature at 1 of 51
DeDuplication of 1 creatures to 50 in 208ms (previous experiment )
Discovery 2f8a30ed scheduled
Training 2f8a30ed scheduled
Training 2f8a30ed with 1 binary file, target error: 0.05, iterations: 1, sample rate: 100%, sparse: 100%
Discovery 2f8a30ed with 1 binary files, sample rate: 100%, batch size: 512
Discovery 2f8a30ed initialize time 104ms
Discovery 2f8a30ed processing .trainData-location_88/NC/data.bin
Discovery 2f8a30ed read time 1ms for .trainData-location_88/NC/data.bin with 4613 records
Discovery 2f8a30ed scanning time 3s 603ms
Generation 1 score 0.9519307869030625 (avg: 0.7073) error 0.048038939098423994 avg time 734ms
Set training/discovery clean up count to 2
Waiting for discovery to complete
compactUnused hidden neuron e2cbf45d has no outward connections
Discovery 2f8a30ed recorded time 5s 572ms
Training 2f8a30ed completed after 4s 609ms
Training 2f8a30ed compacted
Generation 2 score 0.9519307869030625 (avg: -4.795464429649841e+28) error 0.048038939098423994 avg time 517ms
Waiting for discovery to complete
Compact 2f8a30ed Score: 0.9470859903986292, Error: 0.048038939098423994 -> 0.05288485860287594, 👿 -0.00485
Trained 2f8a30ed Score: 0.9388700389464001, Error: 0.048038939098423994 -> 0.06109968705508634, 👿 -0.0131
Generation 3 score 0.9519307869030625 (avg: -2.277080254934019e+26) error 0.048038939098423994 avg time 453ms
Waiting for discovery to complete
Discovered beneficial synapse from input-50 to 581a41bc-69b1-4217-860e-2026eddbc924 with weight -1.0000, helping 49.5% more records than it harms (2304/4613)
Discovery 2f8a30ed analyze time 9s 671ms found 1 candidates
Discovered harmful synapse from input-29 to 581a41bc-69b1-4217-860e-2026eddbc924, harming 49.5% more records than it helps (20/4613)
Discovery 2f8a30ed analyze harmful time 1s 246ms found 1 candidates
Generation 4 score 0.9519307869030625 (avg: 0.7200) error 0.048038939098423994 avg time 410ms
Waiting for discovery to complete
Discovery 2f8a30ed analyze squashes time 1s 279ms found 0 candidates
Culling duplicate creature at 42 of 51
DeDuplication of 1 creatures to 50 in 62ms (previous experiment )
Generation 5 score 0.9519307869030625 (avg: 0.8572) error 0.048038939098423994 avg time 397ms
Waiting for training/discovery clean up 2
Generation 6 score 0.9519307869030625 (avg: 0.9155) error 0.048038939098423994 avg time 354ms
Waiting for training/discovery clean up 1
Generation 7 score 0.9519307869030625 (avg: 0.9372) error 0.048038939098423994 avg time 364ms
{
  error: 0.048038939098423994,
  score: 0.9519307869030625,
  generation: 7,
  time: 32720,
  startScore: 0.9519307869030625
}
MN , score: 0.9578066996866591
process (poor score) MN , score: 0.9578066996866591 lvl: 2
loaded ../GRQ-portfolio/best/location/v1/MN.json
2 mutations, mutation rate 20.4%, elitism 4, mutation FFW, selection TOURNAMENT
Creature count: 50
Culling duplicate creature at 1 of 51
DeDuplication of 1 creatures to 50 in 256ms (previous experiment )
Discovery 866afe1c scheduled
Training 866afe1c scheduled
Training 866afe1c with 1 binary file, target error: 0.05, iterations: 1, sample rate: 100%, sparse: 100%
Discovery 866afe1c with 1 binary files, sample rate: 100%, batch size: 512
Discovery 866afe1c initialize time 104ms
Discovery 866afe1c processing .trainData-location_88/MN/data.bin
Generation 1 score 0.9578066996866591 (avg: 0.6902) error 0.04215976631340787 avg time 693ms
Set training/discovery clean up count to 2
Waiting for discovery to complete
Discovery 866afe1c read time 9ms for .trainData-location_88/MN/data.bin with 4613 records
Discovery 866afe1c scanning time 4s 791ms
Discovery 866afe1c recorded time 6s 28ms
Training 866afe1c completed after 5s 358ms
Training 866afe1c compacted
Over populated 52, expected 50.
Generation 2 score 0.9578066996866591 (avg: 0.2952) error 0.04215976631340787 avg time 619ms
Waiting for discovery to complete
Compact 866afe1c Score: 0.9578062489963968, Error: 0.04215976631340787 -> 0.042160337003670244, 👿 -5.71e-7
Fine 866afe1c Score: 0.9479994497864896, Error: 0.04215976631340787 -> 0.05196701621357608, 👿 -0.00981, Variant: overshot
Fine 866afe1c Score: 0.9354620974356564, Error: 0.04215976631340787 -> 0.06450436856440935, 👿 -0.0223, Variant: undershot
Trained 866afe1c Score: 0.8637623108904467, Error: 0.04215976631340787 -> 0.13620416511087705, 👿 -0.0940
Generation 3 score 0.9578066996866591 (avg: 0.6193) error 0.04215976631340787 avg time 602ms
Waiting for discovery to complete
Generation 4 score 0.9578092257299491 (avg: 0.9381) error 0.04215749027011795 avg time 603ms
Waiting for discovery to complete
Generation 5 score 0.957809389858049 (avg: 0.9385) error 0.042157316142018016 avg time 562ms
Waiting for discovery to complete
Discovered beneficial synapse from input-1672 to c30580db-ab56-414f-ac63-2c3f18df43ce with weight -1.0000, helping 36.5% more records than it harms (2859/4613)
Discovery 866afe1c analyze time 24s 823ms found 1 candidates
Discovered harmful synapse from input-1058 to c30580db-ab56-414f-ac63-2c3f18df43ce, harming 34.7% more records than it helps (1217/4613)
Discovery 866afe1c analyze harmful time 1s 411ms found 1 candidates
Generation 6 score 0.9578107007766817 (avg: 0.9536) error 0.0421557552233853 avg time 575ms
Waiting for discovery to complete
Discovery 866afe1c analyze squashes time 1s 767ms found 0 candidates
Fine tuning increased fitness by 0.0000011307779711478005 to 0.9578118315546529 adjusted 416 weights, 11 biases 
Generation 7 score 0.9578118315546529 (avg: 0.9568) error 0.04215462444541415 avg time 553ms
Waiting for training/discovery clean up 2
Fine tuning increased fitness by 1.1996825310944814e-7 to 0.957811951522906 adjusted 416 weights, 11 biases 
Generation 8 score 0.957811951522906 (avg: 0.9508) error 0.04215450447716108 avg time 531ms
Waiting for training/discovery clean up 1
Generation 9 score 0.9578132108165475 (avg: 0.9575) error 0.04215324518351956 avg time 527ms
{
  error: 0.04215324518351956,
  score: 0.9578132108165475,
  generation: 9,
  time: 53079,
  startScore: 0.9578066996866591
}
MI , score: 0.9501220791219229
process (poor score) MI , score: 0.9501220791219229 lvl: 2
loaded ../GRQ-portfolio/best/location/v1/MI.json
1 mutation, mutation rate 23.0%, elitism 9, mutation FFW, selection FITNESS_PROPORTIONATE
Creature count: 50
Culling duplicate creature at 1 of 51
DeDuplication of 1 creatures to 50 in 250ms (previous experiment )
Discovery fa6d692c scheduled
Training fa6d692c scheduled
Training fa6d692c with 1 binary file, target error: 0.05, iterations: 1, sample rate: 100%, sparse: 100%
Discovery fa6d692c with 1 binary files, sample rate: 100%, batch size: 512
Discovery fa6d692c initialize time 105ms
Discovery fa6d692c processing .trainData-location_88/MI/data.bin
Generation 1 score 0.9501220791219229 (avg: 0.6824) error 0.049846799880352316 avg time 662ms
Set training/discovery clean up count to 2
Waiting for discovery to complete
Discovery fa6d692c read time 9ms for .trainData-location_88/MI/data.bin with 4613 records
Discovery fa6d692c scanning time 3s 770ms
Discovery fa6d692c recorded time 5s 98ms
Training fa6d692c completed after 4s 633ms
Training fa6d692c compacted
Generation 2 score 0.9501220791219229 (avg: -7.9215) error 0.049846799880352316 avg time 462ms
Waiting for discovery to complete
Compact fa6d692c Score: 0.9490702548332458, Error: 0.049846799880352316 -> 0.05089876416902418, 👿 -0.00105
Trained fa6d692c Score: 0.9481118088178241, Error: 0.049846799880352316 -> 0.051857070184451216, 👿 -0.00201
Generation 3 score 0.9501220791219229 (avg: 0.3064) error 0.049846799880352316 avg time 388ms
Waiting for discovery to complete
Discovered beneficial synapse from input-1592 to 5c292e27-b741-4cd9-860b-c3f635a27f70 with weight -1.0000, helping 54.3% more records than it harms (2626/4613)
Discovery fa6d692c analyze time 9s 893ms found 1 candidates
Generation 4 score 0.9501249648473643 (avg: -1.7000) error 0.04984391415491101 avg time 374ms
Waiting for discovery to complete
Discovered harmful synapse from ff803337-404f-46d4-ac6e-7fa2d880baa1 to 5c292e27-b741-4cd9-860b-c3f635a27f70, harming 53.6% more records than it helps (136/4613)
Discovery fa6d692c analyze harmful time 1s 579ms found 1 candidates
Fine tuning increased fitness by 0.000032351206373903985 to 0.9501573160537382 adjusted 208 weights, 7 biases 
Discovery fa6d692c analyze squashes time 1s 514ms found 0 candidates
Generation 5 score 0.9501573160537382 (avg: 0.9167) error 0.049811562948537016 avg time 374ms
Waiting for discovery to complete
Generation 6 score 0.9501573160537382 (avg: 0.9487) error 0.049811562948537016 avg time 321ms
Waiting for training/discovery clean up 2
Generation 7 score 0.9501636604252802 (avg: 0.9268) error 0.04980521857699502 avg time 300ms
Waiting for training/discovery clean up 1
Fine tuning increased fitness by 0.000008346167349460032 to 0.9501720065926297 adjusted 78 weights, 3 biases 
Generation 8 score 0.9501720065926297 (avg: 0.9362) error 0.04979687240964556 avg time 303ms
{
  error: 0.04979687240964556,
  score: 0.9501720065926297,
  generation: 8,
  time: 32236,
  startScore: 0.9501220791219229
}
LUXEMBOURG , score: 0.8858633129178644
process (poor score) LUXEMBOURG , score: 0.8858633129178644 lvl: 2
loaded ../GRQ-portfolio/best/location/v1/LUXEMBOURG.json
8 mutations, mutation rate 5.0%, elitism 3, mutation FFW, selection TOURNAMENT
Creature count: 50
Culling duplicate creature at 1 of 51
DeDuplication of 1 creatures to 50 in 233ms (previous experiment )
Discovery 13a65760 scheduled
Training 13a65760 scheduled
Training 13a65760 with 1 binary file, target error: 0.05, iterations: 1, sample rate: 100%, sparse: 100%
Discovery 13a65760 with 1 binary files, sample rate: 100%, batch size: 512
Discovery 13a65760 initialize time 107ms
Discovery 13a65760 processing .trainData-location_88/LUXEMBOURG/data.bin
Discovery 13a65760 read time 9ms for .trainData-location_88/LUXEMBOURG/data.bin with 4613 records
Discovery 13a65760 scanning time 7s 938ms
Discovery 13a65760 recorded time 9s 371ms
Discovered beneficial synapse from input-78 to ad646a8b-7e05-4484-84e3-67d35ea6f4c5 with weight -1.0000, helping 23.1% more records than it harms (2469/4613)
Discovery 13a65760 analyze time 13s 408ms found 1 candidates
Training 04dba249 scheduled
Training 04dba249 with 1 binary file, target error: 0.05, iterations: 1, sample rate: 100%, sparse: 100%
Discovered harmful synapse from input-601 to ad646a8b-7e05-4484-84e3-67d35ea6f4c5, harming 26.0% more records than it helps (1362/4613)
Discovery 13a65760 analyze harmful time 2s 778ms found 1 candidates
Discovery 13a65760 analyze squashes time 2s 420ms found 1 candidate, Summary: ad646a8b-7e05-4484-84e3-67d35ea6f4c5 LogSigmoid -> COMPLEMENT improved: 29.6% error: 1.633446407576128e+31 -> 1.1504122878364854e+31
Training 13a65760 completed after 14s 558ms
Training 13a65760 compacted
Over populated 52, expected 50.
Compact 13a65760 Score: 0.8857942100586789, Error: 0.11407527808353886 -> 0.1141444909427238, 👿 -0.0000692
Fine 13a65760 Score: 0.8473637515416892, Error: 0.11407527808353886 -> 0.15257483945970626, 👿 -0.0385, Variant: undershot
Fine 13a65760 Score: 0.7789571231050731, Error: 0.11407527808353886 -> 0.22098146789632597, 👿 -0.107, Variant: overshot
Trained 13a65760 Score: 0.7514329050626147, Error: 0.11407527808353886 -> 0.2485056859387976, 👿 -0.134
Discovery f2a5504c scheduled
Discovery f2a5504c with 1 binary files, sample rate: 100%, batch size: 512
Discovery f2a5504c initialize time 108ms
Discovery f2a5504c processing .trainData-location_88/LUXEMBOURG/data.bin
Discovery f2a5504c read time 6ms for .trainData-location_88/LUXEMBOURG/data.bin with 4613 records
Discovery f2a5504c scanning time 7s 312ms
Over populated 53, expected 50.
Discovery f2a5504c recorded time 8s 551ms
Training dcb19332 scheduled
Training dcb19332 with 1 binary file, target error: 0.05, iterations: 1, sample rate: 100%, sparse: 100%
Discovered beneficial synapse from input-78 to ad646a8b-7e05-4484-84e3-67d35ea6f4c5 with weight -1.0000, helping 23.1% more records than it harms (2469/4613)
Discovery f2a5504c analyze time 13s 517ms found 1 candidates
Training 04dba249 completed after 14s 108ms
Training 04dba249 compacted
Discovered harmful synapse from input-601 to ad646a8b-7e05-4484-84e3-67d35ea6f4c5, harming 26.0% more records than it helps (1362/4613)
Discovery f2a5504c analyze harmful time 2s 941ms found 1 candidates
Discovery f2a5504c analyze squashes time 2s 610ms found 1 candidate, Summary: ad646a8b-7e05-4484-84e3-67d35ea6f4c5 LogSigmoid -> COMPLEMENT improved: 29.6% error: 1.633446407576128e+31 -> 1.1504122878364854e+31
Compact 04dba249 Score: 0.8858402289710743, Error: 0.11407524959309175 -> 0.11409847203032841, 👿 -0.0000232
Fine 04dba249 Score: 0.885780095006188, Error: 0.11407524959309175 -> 0.11415849599522306, 👿 -0.0000832, Variant: overshot
Trained 04dba249 Score: 0.8857181624881783, Error: 0.11407524959309175 -> 0.11422042851323413, 👿 -0.000145
Fine 04dba249 Score: 0.8855508351143506, Error: 0.11407524959309175 -> 0.11438775588705406, 👿 -0.000313, Variant: undershot
Discovery 1e8be390 scheduled
Training 1e8be390 scheduled
Training 1e8be390 with 1 binary file, target error: 0.05, iterations: 1, sample rate: 100%, sparse: 100%
Discovery 1e8be390 with 1 binary files, sample rate: 100%, batch size: 512
Discovery 1e8be390 initialize time 108ms
Discovery 1e8be390 processing .trainData-location_88/LUXEMBOURG/data.bin
Fine tuning increased fitness by 1.5176196721533586e-7 to 0.885863711987979 adjusted 132 weights, 4 biases 
Discovery 1e8be390 read time 8ms for .trainData-location_88/LUXEMBOURG/data.bin with 4613 records
Discovery 1e8be390 scanning time 7s 369ms
Training dcb19332 completed after 14s 30ms
Training dcb19332 compacted
Over populated 56, expected 50.
Discovery 1e8be390 recorded time 8s 709ms
Compact dcb19332 Score: 0.8857944642497381, Error: 0.11407503077539147 -> 0.11414423675166462, 👿 -0.0000692
Fine dcb19332 Score: 0.8702406724216153, Error: 0.11407503077539147 -> 0.12969791857979113, 👿 -0.0156, Variant: undershot
Fine dcb19332 Score: 0.8391340344848239, Error: 0.11407503077539147 -> 0.1608045565165832, 👿 -0.0467, Variant: overshot
Trained dcb19332 Score: 0.7555138541505197, Error: 0.11407503077539147 -> 0.24442475685089207, 👿 -0.130
Training 8e32e36c scheduled
Training 8e32e36c with 1 binary file, target error: 0.05, iterations: 1, sample rate: 100%, sparse: 100%
Fine tuning increased fitness by 9.87685500053459e-8 to 0.885863810756529 adjusted 132 weights, 4 biases 
Discovered beneficial synapse from input-78 to ad646a8b-7e05-4484-84e3-67d35ea6f4c5 with weight -1.0000, helping 23.1% more records than it harms (2469/4613)
Discovery 1e8be390 analyze time 13s 863ms found 1 candidates
Training 1e8be390 completed after 14s 361ms
Training 1e8be390 compacted
Over populated 52, expected 50.
Discovered harmful synapse from input-601 to ad646a8b-7e05-4484-84e3-67d35ea6f4c5, harming 26.0% more records than it helps (1362/4613)
Discovery 1e8be390 analyze harmful time 2s 714ms found 1 candidates
Discovery 1e8be390 analyze squashes time 2s 521ms found 1 candidate, Summary: ad646a8b-7e05-4484-84e3-67d35ea6f4c5 LogSigmoid -> COMPLEMENT improved: 29.6% error: 1.633446407576128e+31 -> 1.1504122878364854e+31
Compact 1e8be390 Score: 0.8858405995762739, Error: 0.11407487901342425 -> 0.11409810142512873, 👿 -0.0000232
Fine 1e8be390 Score: 0.7192072629022385, Error: 0.11407487901342425 -> 0.28073132809915974, 👿 -0.167, Variant: undershot
Fine 1e8be390 Score: 0.7031289857932095, Error: 0.11407487901342425 -> 0.29680960520819044, 👿 -0.183, Variant: overshot
Trained 1e8be390 Score: 0.6238557712515128, Error: 0.11407487901342425 -> 0.3760828197498995, 👿 -0.262
Discovery a2a618c6 scheduled
Training a2a618c6 scheduled
Training a2a618c6 with 1 binary file, target error: 0.05, iterations: 1, sample rate: 100%, sparse: 100%
Discovery a2a618c6 with 1 binary files, sample rate: 100%, batch size: 512
Discovery a2a618c6 initialize time 105ms
Discovery a2a618c6 processing .trainData-location_88/LUXEMBOURG/data.bin
Fine tuning increased fitness by 1.2725912879041346e-8 to 0.8858638234824419 adjusted 132 weights, 4 biases 
Discovery a2a618c6 read time 4ms for .trainData-location_88/LUXEMBOURG/data.bin with 4613 records
Discovery a2a618c6 scanning time 7s 273ms
Training 8e32e36c completed after 13s 936ms
Training 8e32e36c compacted
Over populated 56, expected 50.
Discovery a2a618c6 recorded time 8s 727ms
Compact 8e32e36c Score: 0.885840698344824, Error: 0.11407478024487422 -> 0.11409800265657867, 👿 -0.0000232
Fine 8e32e36c Score: 0.872464903513492, Error: 0.11407478024487422 -> 0.12747368748790575, 👿 -0.0134, Variant: overshot
Fine 8e32e36c Score: 0.8644121812055632, Error: 0.11407478024487422 -> 0.1355264097958261, 👿 -0.0215, Variant: undershot
Trained 8e32e36c Score: 0.8366349145372941, Error: 0.11407478024487422 -> 0.1633036764641182, 👿 -0.0492
Training 25bc523d scheduled
Training 25bc523d with 1 binary file, target error: 0.05, iterations: 1, sample rate: 100%, sparse: 100%
Fine tuning increased fitness by 1.2312223907073871e-8 to 0.8858638357946658 adjusted 132 weights, 4 biases 
Discovered beneficial synapse from input-78 to ad646a8b-7e05-4484-84e3-67d35ea6f4c5 with weight -1.0000, helping 23.1% more records than it harms (2469/4613)
Discovery a2a618c6 analyze time 13s 231ms found 1 candidates
Training a2a618c6 completed after 14s 835ms
Training a2a618c6 compacted
Discovered harmful synapse from input-531 to c58d86bd-0bda-4157-9539-e01b2e3b004f, harming 51.0% more records than it helps (1131/4613)
Discovery a2a618c6 analyze harmful time 3s 432ms found 1 candidates
Discovery a2a618c6 analyze squashes time 2s 846ms found 1 candidate, Summary: ad646a8b-7e05-4484-84e3-67d35ea6f4c5 LogSigmoid -> COMPLEMENT improved: 29.6% error: 1.633446407576128e+31 -> 1.1504122878364854e+31
Compact a2a618c6 Score: 0.8858407110671173, Error: 0.11407476751896144 -> 0.11409798993428548, 👿 -0.0000232
Fine a2a618c6 Score: 0.8105510365175378, Error: 0.11407476751896144 -> 0.18938755448386044, 👿 -0.0753, Variant: overshot
Fine a2a618c6 Score: 0.7604279388798433, Error: 0.11407476751896144 -> 0.2395106521215565, 👿 -0.125, Variant: undershot
Trained a2a618c6 Score: 0.6954299624637312, Error: 0.11407476751896144 -> 0.3045086285376811, 👿 -0.190
Discovery 0e993f80 scheduled
Discovery 0e993f80 with 1 binary files, sample rate: 100%, batch size: 512
Discovery 0e993f80 initialize time 101ms
Discovery 0e993f80 processing .trainData-location_88/LUXEMBOURG/data.bin
Fine tuning increased fitness by 1.3167028023453042e-8 to 0.8858638489616938 adjusted 132 weights, 4 biases 
Discovery 0e993f80 read time 6ms for .trainData-location_88/LUXEMBOURG/data.bin with 4613 records
Discovery 0e993f80 scanning time 7s 148ms
Generation 10 score 0.8858638489616938 (avg: 0.8781) error 0.11407474203970944 avg time 14s 3ms
Discovery 0e993f80 recorded time 8s 675ms
Training cf5738d9 scheduled
Training cf5738d9 with 1 binary file, target error: 0.05, iterations: 1, sample rate: 100%, sparse: 100%
Fine tuning increased fitness by 1.967191520790834e-8 to 0.885863868633609 adjusted 132 weights, 4 biases 
Training 25bc523d completed after 14s 565ms
Training 25bc523d compacted
Compact 25bc523d Score: 0.8858407233756566, Error: 0.11407475520673746 -> 0.11409797762574614, 👿 -0.0000232
Fine 25bc523d Score: 0.7149029772433261, Error: 0.11407475520673746 -> 0.28503561375807707, 👿 -0.171, Variant: undershot
Fine 25bc523d Score: 0.693261652442964, Error: 0.11407475520673746 -> 0.30667693855844547, 👿 -0.193, Variant: overshot
Trained 25bc523d Score: 0.6285368531179255, Error: 0.11407475520673746 -> 0.3714017478834866, 👿 -0.257
Training 2cc3f529 scheduled
Training 2cc3f529 with 1 binary file, target error: 0.05, iterations: 1, sample rate: 100%, sparse: 100%
Discovered beneficial synapse from input-78 to ad646a8b-7e05-4484-84e3-67d35ea6f4c5 with weight -1.0000, helping 23.1% more records than it harms (2469/4613)
Discovery 0e993f80 analyze time 23s 438ms found 1 candidates
Discovered harmful synapse from input-601 to ad646a8b-7e05-4484-84e3-67d35ea6f4c5, harming 26.0% more records than it helps (1362/4613)
Discovery 0e993f80 analyze harmful time 2s 577ms found 1 candidates
Training cf5738d9 completed after 13s 852ms
Training cf5738d9 compacted
Over populated 52, expected 50.
Discovery 0e993f80 analyze squashes time 2s 465ms found 1 candidate, Summary: ad646a8b-7e05-4484-84e3-67d35ea6f4c5 LogSigmoid -> COMPLEMENT improved: 29.6% error: 1.633446407576128e+31 -> 1.1504122878364854e+31
Fine cf5738d9 Score: 0.8858628378894013, Error: 0.1140747223677943 -> 0.11407575311199776, 👿 -0.00000103, Variant: overshot
Compact cf5738d9 Score: 0.8857947714363451, Error: 0.1140747223677943 -> 0.11414392956505763, 👿 -0.0000692
Fine cf5738d9 Score: 0.8857226875088859, Error: 0.1140747223677943 -> 0.11421590349250725, 👿 -0.000141, Variant: undershot
Trained cf5738d9 Score: 0.8857206609723797, Error: 0.1140747223677943 -> 0.11421794002903239, 👿 -0.000143
Discovery b386aaa9 scheduled
Training b386aaa9 scheduled
Training b386aaa9 with 1 binary file, target error: 0.05, iterations: 1, sample rate: 100%, sparse: 100%
Discovery b386aaa9 with 1 binary files, sample rate: 100%, batch size: 512
Discovery b386aaa9 initialize time 102ms
Discovery b386aaa9 processing .trainData-location_88/LUXEMBOURG/data.bin
Fine tuning increased fitness by 0.0000022105054731103024 to 0.8858673551614543 adjusted 301 weights, 10 biases 
Discovery b386aaa9 read time 9ms for .trainData-location_88/LUXEMBOURG/data.bin with 4613 records
Discovery b386aaa9 scanning time 7s 175ms
Training 2cc3f529 completed after 13s 685ms
Training 2cc3f529 compacted
Over populated 56, expected 50.
Discovery b386aaa9 recorded time 8s 831ms
Compact 2cc3f529 Score: 0.8858420321759846, Error: 0.11407344634542202 -> 0.11409666882541811, 👿 -0.0000232
Fine 2cc3f529 Score: 0.8853739342850219, Error: 0.11407344634542202 -> 0.11456465671637052, 👿 -0.000491, Variant: undershot
Fine 2cc3f529 Score: 0.8848238070433578, Error: 0.11407344634542202 -> 0.11511478395804785, 👿 -0.00104, Variant: overshot
Trained 2cc3f529 Score: 0.8839319317270743, Error: 0.11407344634542202 -> 0.11600667927433748, 👿 -0.00193
Training 596ffa73 scheduled
Training 596ffa73 with 1 binary file, target error: 0.05, iterations: 1, sample rate: 100%, sparse: 100%
Discovered beneficial synapse from input-78 to ad646a8b-7e05-4484-84e3-67d35ea6f4c5 with weight -1.0000, helping 23.1% more records than it harms (2470/4613)
Discovery b386aaa9 analyze time 14s 55ms found 1 candidates
Training b386aaa9 completed after 13s 893ms
Training b386aaa9 compacted
Discovered harmful synapse from input-601 to ad646a8b-7e05-4484-84e3-67d35ea6f4c5, harming 26.0% more records than it helps (1361/4613)
Discovery b386aaa9 analyze harmful time 2s 796ms found 1 candidates
Discovery b386aaa9 analyze squashes time 2s 674ms found 1 candidate, Summary: ad646a8b-7e05-4484-84e3-67d35ea6f4c5 LogSigmoid -> COMPLEMENT improved: 29.6% error: 1.633446407576128e+31 -> 1.1504122878364854e+31
Compact b386aaa9 Score: 0.885844242649622, Error: 0.11407123583994896 -> 0.11409445835178068, 👿 -0.0000232
Fine b386aaa9 Score: 0.8744950769925555, Error: 0.11407123583994896 -> 0.12544351400884135, 👿 -0.0114, Variant: overshot
Fine b386aaa9 Score: 0.8740952819981659, Error: 0.11407123583994896 -> 0.12584330900323962, 👿 -0.0118, Variant: undershot
Trained b386aaa9 Score: 0.8185770654519059, Error: 0.11407123583994896 -> 0.18136152554950652, 👿 -0.0673
Discovery 1b9cb914 scheduled
Training 1b9cb914 scheduled
Training 1b9cb914 with 1 binary file, target error: 0.05, iterations: 1, sample rate: 100%, sparse: 100%
Discovery 1b9cb914 with 1 binary files, sample rate: 100%, batch size: 512
Discovery 1b9cb914 initialize time 108ms
Discovery 1b9cb914 processing .trainData-location_88/LUXEMBOURG/data.bin
Fine tuning increased fitness by 0.0000037744917932291955 to 0.8858736993287762 adjusted 219 weights, 7 biases 
Discovery 1b9cb914 read time 8ms for .trainData-location_88/LUXEMBOURG/data.bin with 4613 records
Discovery 1b9cb914 scanning time 7s 571ms
Training 596ffa73 completed after 14s 84ms
Training 596ffa73 compacted
Over populated 56, expected 50.
Discovery 1b9cb914 recorded time 8s 908ms
Compact 596ffa73 Score: 0.8858008274174882, Error: 0.1140686661644202 -> 0.11413787358391446, 👿 -0.0000692
Fine 596ffa73 Score: 0.77865344567425, Error: 0.1140686661644202 -> 0.2212851453271498, 👿 -0.107, Variant: overshot
Fine 596ffa73 Score: 0.7690155931403724, Error: 0.1140686661644202 -> 0.23092299786103643, 👿 -0.117, Variant: undershot
Trained 596ffa73 Score: 0.7461767516101437, Error: 0.1140686661644202 -> 0.25376184939126833, 👿 -0.140
Fine tuning increased fitness by 0.000005111223495224415 to 0.8858788105522715 adjusted 219 weights, 7 biases 
Discovered beneficial synapse from input-78 to ad646a8b-7e05-4484-84e3-67d35ea6f4c5 with weight -1.0000, helping 23.1% more records than it harms (2470/4613)
Discovery 1b9cb914 analyze time 14s 235ms found 1 candidates
Training 1b9cb914 completed after 14s 805ms
Training 1b9cb914 compacted
Over populated 52, expected 50.
Discovered harmful synapse from input-601 to ad646a8b-7e05-4484-84e3-67d35ea6f4c5, harming 26.0% more records than it helps (1361/4613)
Discovery 1b9cb914 analyze harmful time 2s 786ms found 1 candidates
Discovery 1b9cb914 analyze squashes time 2s 741ms found 1 candidate, Summary: ad646a8b-7e05-4484-84e3-67d35ea6f4c5 LogSigmoid -> COMPLEMENT improved: 29.6% error: 1.633446407576128e+31 -> 1.1504122878364854e+31
Compact 1b9cb914 Score: 0.885804584502894, Error: 0.11406489167262696 -> 0.11413411649850867, 👿 -0.0000692
Fine 1b9cb914 Score: 0.7307865753869698, Error: 0.11406489167262696 -> 0.2691520156144331, 👿 -0.155, Variant: overshot
Fine 1b9cb914 Score: 0.6124057280931084, Error: 0.11406489167262696 -> 0.38753286290828926, 👿 -0.273, Variant: undershot
Trained 1b9cb914 Score: -39.409116743332405, Error: 0.11406489167262696 -> 40.409055344333815, 👿 -40.3
Fine tuning increased fitness by 0.000005395965922194712 to 0.8858842065181937 adjusted 219 weights, 7 biases 
Over populated 53, expected 50.
Generation 17 score 0.8858842065181937 (avg: 0.0990) error 0.11405438448320962 avg time 10s 541ms
Waiting for additional generation
Fine tuning increased fitness by 0.000007252257944068141 to 0.8858914587761377 adjusted 219 weights, 7 biases 
Generation 18 score 0.8858914587761377 (avg: 0.8641) error 0.1140471322252655 avg time 1s 386ms
{
  error: 0.1140471322252655,
  score: 0.8858914587761377,
  generation: 18,
  time: 259703,
  startScore: 0.8858633129178644
}
DC , score: 0.9499811697022976
process (poor score) DC , score: 0.9499811697022976 lvl: 2
loaded ../GRQ-portfolio/best/location/v1/DC.json
1 mutation, mutation rate 5.0%, elitism 3, mutation ALL, selection TOURNAMENT
Creature count: 50
Culling duplicate creature at 1 of 51
DeDuplication of 1 creatures to 50 in 176ms (previous experiment )
Discovery 6231eed9 scheduled
Training 6231eed9 scheduled
Training 6231eed9 with 1 binary file, target error: 0.05, iterations: 1, sample rate: 100%, sparse: 100%
Discovery 6231eed9 with 1 binary files, sample rate: 100%, batch size: 512
Discovery 6231eed9 initialize time 103ms
Discovery 6231eed9 processing .trainData-location_88/DC/data.bin
Generation 1 score 0.9499811697022976 (avg: 0.6340) error 0.04997978029946862 avg time 734ms
Set training/discovery clean up count to 2
Waiting for discovery to complete
Discovery 6231eed9 read time 2ms for .trainData-location_88/DC/data.bin with 4613 records
Discovery 6231eed9 scanning time 5s 286ms
Discovery 6231eed9 recorded time 6s 836ms
Generation 2 score 0.9499811697022976 (avg: -7386415.7093) error 0.04997978029946862 avg time 738ms
Waiting for discovery to complete
Training 6231eed9 completed after 7s 704ms
Training 6231eed9 compacted
Generation 3 score 0.9499812279256915 (avg: -31153695.3267) error 0.04997971207607529 avg time 679ms
Waiting for discovery to complete
Compact 6231eed9 Score: 0.9499750114095696, Error: 0.04997978029946862 -> 0.04998594859219612, 👿 -0.00000617
Trained 6231eed9 Score: 0.9428886081893474, Error: 0.04997978029946862 -> 0.05707234181241881, 👿 -0.00709
Fine tuning increased fitness by 1.1327377080760925e-7 to 0.9499813411994623 adjusted 1 weight 
Generation 4 score 0.9499813411994623 (avg: -341255.7520) error 0.0499795988023045 avg time 666ms
Waiting for discovery to complete
Fine tuning increased fitness by 2.5641667777964727e-7 to 0.9499815976161401 adjusted 1 weight 
Discovered beneficial synapse from input-1346 to fc36df80-a734-407f-81e5-f827ec562a1d with weight -1.0000, helping 35.6% more records than it harms (3068/4613)
Discovery 6231eed9 analyze time 21s 872ms found 1 candidates
Discovered harmful synapse from input-533 to fc36df80-a734-407f-81e5-f827ec562a1d, harming 35.1% more records than it helps (1436/4613)
Discovery 6231eed9 analyze harmful time 1s 437ms found 1 candidates
Generation 5 score 0.9499815976161401 (avg: -2624.1507) error 0.049979342385626714 avg time 626ms
Waiting for discovery to complete
Discovery 6231eed9 analyze squashes time 1s 388ms found 1 candidate, Summary: fc36df80-a734-407f-81e5-f827ec562a1d Swish -> BENT_IDENTITY improved: 74.0% error: 1.401862937289693e+26 -> 3.645502436708035e+25
Fine tuning increased fitness by 7.853092078846657e-7 to 0.949982382925348 adjusted 1 weight 
Generation 6 score 0.949982382925348 (avg: -3608.5526) error 0.049978557076418864 avg time 487ms
Waiting for training/discovery clean up 2
Fine tuning increased fitness by 0.0000013920405834699778 to 0.9499837749659314 adjusted 1 weight 
Generation 7 score 0.9499837749659314 (avg: 0.9499) error 0.0499771650358354 avg time 574ms
Waiting for training/discovery clean up 1
Fine tuning increased fitness by 5.449619726594079e-7 to 0.9499843199279041 adjusted 1 weight 
Generation 8 score 0.9499843199279041 (avg: 0.9498) error 0.04997662007386276 avg time 421ms
{
  error: 0.04997662007386276,
  score: 0.9499843199279041,
  generation: 8,
  time: 49586,
  startScore: 0.9499811697022976
}
HI , score: 0.9122332697797059
process (poor score) HI , score: 0.9122332697797059 lvl: 2
loaded ../GRQ-portfolio/best/location/v1/HI.json
8 mutations, mutation rate 24.1%, elitism 2, mutation ALL, selection POWER
Creature count: 50
Culling duplicate creature at 1 of 51
DeDuplication of 1 creatures to 50 in 135ms (previous experiment )
Discovery afaf0531 scheduled
Training afaf0531 scheduled
Training afaf0531 with 1 binary file, target error: 0.05, iterations: 1, sample rate: 100%, sparse: 100%
Discovery afaf0531 with 1 binary files, sample rate: 100%, batch size: 512
Discovery afaf0531 initialize time 109ms
Discovery afaf0531 processing .trainData-location_88/HI/data.bin
Discovery afaf0531 read time 6ms for .trainData-location_88/HI/data.bin with 4613 records
Discovery afaf0531 scanning time 7s 644ms
Discovery afaf0531 recorded time 9s 714ms
Training 0e5a2f62 scheduled
Training 0e5a2f62 with 1 binary file, target error: 0.05, iterations: 1, sample rate: 100%, sparse: 100%
Training afaf0531 completed after 16s 320ms
Training afaf0531 compacted
Compact afaf0531 Score: 0.9118568494896777, Error: 0.08770804722085797 -> 0.0880848475108871, 👿 -0.000377
Fine afaf0531 Score: 0.9118155254057293, Error: 0.08770804722085797 -> 0.08812579159436094, 👿 -0.000418, Variant: undershot
Fine afaf0531 Score: 0.911780175494235, Error: 0.08770804722085797 -> 0.08816114150585674, 👿 -0.000453, Variant: overshot
Trained afaf0531 Score: 0.9103621541906347, Error: 0.08770804722085797 -> 0.08957917281089077, 👿 -0.00187
Discovered beneficial synapse from input-1247 to 17e23ae3-58ff-4c4f-85a1-fdca561147f6 with weight -1.0000, helping 74.2% more records than it harms (4019/4613)
Discovery afaf0531 analyze time 41s 750ms found 1 candidates
Training 160391c1 scheduled
Training 160391c1 with 1 binary file, target error: 0.05, iterations: 1, sample rate: 100%, sparse: 100%
Discovered harmful synapse from input-1257 to 17e23ae3-58ff-4c4f-85a1-fdca561147f6, harming 75.2% more records than it helps (572/4613)
Discovery afaf0531 analyze harmful time 3s 366ms found 1 candidates
Discovery afaf0531 analyze squashes time 3s 826ms found 0 candidates
Training 0e5a2f62 completed after 17s 116ms
Training 0e5a2f62 compacted
Compact 0e5a2f62 Score: 0.9118568397661911, Error: 0.08770804700054283 -> 0.08808484723437372, 👿 -0.000377
Fine 0e5a2f62 Score: 0.8761881347843018, Error: 0.08770804700054283 -> 0.12375317221579099, 👿 -0.0360, Variant: undershot
Fine 0e5a2f62 Score: 0.8752655441353252, Error: 0.08770804700054283 -> 0.12467576286558073, 👿 -0.0370, Variant: overshot
Trained 0e5a2f62 Score: 0.8684583750240991, Error: 0.08770804700054283 -> 0.13148293197742705, 👿 -0.0438
Discovery 087ffb96 scheduled
Discovery 087ffb96 with 1 binary files, sample rate: 100%, batch size: 512
Discovery 087ffb96 initialize time 106ms
Discovery 087ffb96 processing .trainData-location_88/HI/data.bin
Fine tuning increased fitness by 1.5688117471768237e-11 to 0.9122332698363048 adjusted 1 weight, 1 bias 
Remove neuron c07bfed1-4d50-47d5-bc02-c7df48e7667c as no longer connected
Discovery 087ffb96 read time 5ms for .trainData-location_88/HI/data.bin with 4613 records
Discovery 087ffb96 scanning time 7s 712ms
Discovery 087ffb96 recorded time 9s 241ms
Training 1e09202f scheduled
Training 1e09202f with 1 binary file, target error: 0.05, iterations: 1, sample rate: 100%, sparse: 100%
Fine tuning increased fitness by 1.5366374839231867e-11 to 0.9122332698516712 adjusted 1 weight, 1 bias 
Training 160391c1 completed after 17s 117ms
Training 160391c1 compacted
Compact 160391c1 Score: 0.9118568495222118, Error: 0.08770804717994723 -> 0.088084847478353, 👿 -0.000377
Fine 160391c1 Score: 0.841828847092884, Error: 0.08770804717994723 -> 0.15811246990721103, 👿 -0.0704, Variant: overshot
Trained 160391c1 Score: 0.8220468474441299, Error: 0.08770804717994723 -> 0.17789447955739554, 👿 -0.0902
Fine 160391c1 Score: 0.811271920465486, Error: 0.08770804717994723 -> 0.18866939653460407, 👿 -0.101, Variant: undershot
Training d214ecf2 scheduled
Training d214ecf2 with 1 binary file, target error: 0.05, iterations: 1, sample rate: 100%, sparse: 100%
Discovered beneficial synapse from input-1474 to 3d6698ce-12b2-4f68-874a-1ff368522465 with weight -1.0000, helping 72.3% more records than it harms (3974/4613)
Discovery 087ffb96 analyze time 35s 649ms found 1 candidates
Training 1e09202f completed after 16s 684ms
Training 1e09202f compacted
Discovered harmful synapse from input-1354 to 3d6698ce-12b2-4f68-874a-1ff368522465, harming 71.6% more records than it helps (656/4613)
Discovery 087ffb96 analyze harmful time 3s 228ms found 1 candidates
Discovery 087ffb96 analyze squashes time 3s 397ms found 0 candidates
Compact 1e09202f Score: 0.9118568495602717, Error: 0.08770804714889265 -> 0.0880848474402931, 👿 -0.000377
Fine 1e09202f Score: 0.8766527045927242, Error: 0.08770804714889265 -> 0.12328861240736748, 👿 -0.0356, Variant: overshot
Trained 1e09202f Score: 0.8667959804117081, Error: 0.08770804714889265 -> 0.1331453465898174, 👿 -0.0454
Fine 1e09202f Score: 0.8468524678750146, Error: 0.08770804714889265 -> 0.1530888491250803, 👿 -0.0654, Variant: undershot
Discovery e4da4b8d scheduled
Discovery e4da4b8d with 1 binary files, sample rate: 100%, batch size: 512
Discovery e4da4b8d initialize time 107ms
Discovery e4da4b8d processing .trainData-location_88/HI/data.bin
Discovery e4da4b8d read time 4ms for .trainData-location_88/HI/data.bin with 4613 records
Discovery e4da4b8d scanning time 7s 496ms
Generation 10 score 0.9122336798788684 (avg: 0.8983) error 0.08770763712169553 avg time 13s 310ms
Discovery e4da4b8d recorded time 9s 283ms
Training 02e3d44c scheduled
Training 02e3d44c with 1 binary file, target error: 0.05, iterations: 1, sample rate: 100%, sparse: 100%
Training d214ecf2 completed after 16s 500ms
Training d214ecf2 compacted
Compact d214ecf2 Score: 0.9118582129260445, Error: 0.08770769690692175 -> 0.08808348407452023, 👿 -0.000376
Fine d214ecf2 Score: 0.9042260961745759, Error: 0.08770769690692175 -> 0.09571522082551737, 👿 -0.00801, Variant: overshot
Trained d214ecf2 Score: 0.887954344773106, Error: 0.08770769690692175 -> 0.11198701222841848, 👿 -0.0243
Fine d214ecf2 Score: 0.8855584908227755, Error: 0.08770769690692175 -> 0.11438282617731305, 👿 -0.0267, Variant: undershot
Fine tuning increased fitness by 0.00004828580969595819 to 0.9123453333808661 adjusted 6 weights, 1 bias 
Training e53b6669 scheduled
Training e53b6669 with 1 binary file, target error: 0.05, iterations: 1, sample rate: 100%, sparse: 100%
Training 02e3d44c completed after 17s 323ms
Training 02e3d44c compacted
Compact 02e3d44c Score: 0.9119217171550223, Error: 0.0876442894293935 -> 0.08801999984554225, 👿 -0.000376
Fine 02e3d44c Score: 0.9010757661208073, Error: 0.0876442894293935 -> 0.09886557087928569, 👿 -0.0112, Variant: overshot
Fine 02e3d44c Score: 0.8979377410871631, Error: 0.0876442894293935 -> 0.10200359591292767, 👿 -0.0144, Variant: undershot
Trained 02e3d44c Score: 0.8799968299614682, Error: 0.0876442894293935 -> 0.11994450704005695, 👿 -0.0323
Fine tuning increased fitness by 3.9640952642638894e-7 to 0.9123459573896849 adjusted 3 weights 
Remove neuron afe276bf-8ffc-46cd-91fe-745d37f0fd73 as no longer connected
Discovered beneficial synapse from input-1247 to 17e23ae3-58ff-4c4f-85a1-fdca561147f6 with weight -1.0000, helping 74.3% more records than it harms (4020/4613)
Discovery e4da4b8d analyze time 53s 618ms found 1 candidates
Training bc014d6d scheduled
Training bc014d6d with 1 binary file, target error: 0.05, iterations: 1, sample rate: 100%, sparse: 100%
Fine tuning increased fitness by 4.546012385420184e-7 to 0.9123464119909235 adjusted 3 weights 
Discovered harmful synapse from input-1257 to 17e23ae3-58ff-4c4f-85a1-fdca561147f6, harming 75.2% more records than it helps (571/4613)
Discovery e4da4b8d analyze harmful time 3s 306ms found 1 candidates
Discovery e4da4b8d analyze squashes time 3s 189ms found 0 candidates
Training e53b6669 completed after 16s 842ms
Training e53b6669 compacted
Compact e53b6669 Score: 0.9119699789027815, Error: 0.08759575602040534 -> 0.08797171809778329, 👿 -0.000376
Fine e53b6669 Score: 0.910934631843963, Error: 0.08759575602040534 -> 0.08900668515685693, 👿 -0.00141, Variant: overshot
Fine e53b6669 Score: 0.9057355062378257, Error: 0.08759575602040534 -> 0.09420581076226629, 👿 -0.00661, Variant: undershot
Trained e53b6669 Score: 0.9023339831828121, Error: 0.08759575602040534 -> 0.09760733381871363, 👿 -0.0100
Discovery 2ba37fd5 scheduled
Discovery 2ba37fd5 with 1 binary files, sample rate: 100%, batch size: 512
Discovery 2ba37fd5 initialize time 104ms
Discovery 2ba37fd5 processing .trainData-location_88/HI/data.bin
Fine tuning increased fitness by 4.28117942208317e-8 to 0.9123464548027177 adjusted 3 weights 
Discovery 2ba37fd5 read time 9ms for .trainData-location_88/HI/data.bin with 4613 records
Discovery 2ba37fd5 scanning time 7s 648ms
Discovery 2ba37fd5 recorded time 9s 323ms
Training 0d889c54 scheduled
Training 0d889c54 with 1 binary file, target error: 0.05, iterations: 1, sample rate: 100%, sparse: 100%
Fine tuning increased fitness by 7.983898309138482e-8 to 0.9123465346417008 adjusted 3 weights 
Training bc014d6d completed after 17s 650ms
Training bc014d6d compacted
Compact bc014d6d Score: 0.9119701971516743, Error: 0.08759490500964041 -> 0.08797149984889047, 👿 -0.000377
Fine bc014d6d Score: 0.8878317161268551, Error: 0.08759490500964041 -> 0.11210960087323346, 👿 -0.0245, Variant: undershot
Fine bc014d6d Score: 0.8747177346419368, Error: 0.08759490500964041 -> 0.12522358235815692, 👿 -0.0376, Variant: overshot
Trained bc014d6d Score: 0.870182297283285, Error: 0.08759490500964041 -> 0.12975901971824083, 👿 -0.0422
Training 0d889c54 completed after 16s 850ms
Training 0d889c54 compacted
Discovered beneficial synapse from input-1247 to 17e23ae3-58ff-4c4f-85a1-fdca561147f6 with weight -1.0000, helping 74.4% more records than it harms (4023/4613)
Discovery 2ba37fd5 analyze time 32s 391ms found 1 candidates
Compact 0d889c54 Score: 0.9119702041369377, Error: 0.08759478235886312 -> 0.08797149286362699, 👿 -0.000377
Fine 0d889c54 Score: 0.8991916984407945, Error: 0.08759478235886312 -> 0.10074961855929687, 👿 -0.0132, Variant: undershot
Fine 0d889c54 Score: 0.8991883251160413, Error: 0.08759478235886312 -> 0.10075299188505993, 👿 -0.0132, Variant: overshot
Trained 0d889c54 Score: 0.8688213671040701, Error: 0.08759478235886312 -> 0.13111995989745542, 👿 -0.0435
Discovered harmful synapse from input-1257 to 17e23ae3-58ff-4c4f-85a1-fdca561147f6, harming 75.4% more records than it helps (568/4613)
Discovery 2ba37fd5 analyze harmful time 3s 335ms found 1 candidates
Fine tuning increased fitness by 5.39108113706277e-9 to 0.9123474563109732 adjusted 6 weights, 1 bias 
Discovery 2ba37fd5 analyze squashes time 2s 893ms found 0 candidates
Remove neuron bf244594-6f03-43bc-b331-8f9c4da51318 as no longer connected
Generation 20 score 0.9123474563109732 (avg: 0.8865) error 0.08759386068959062 avg time 11s 871ms
Set training/discovery clean up count to 2
Waiting for discovery to complete
Fine tuning increased fitness by 4.8696664478597995e-9 to 0.9123474611806397 adjusted 6 weights, 1 bias 
Generation 21 score 0.9123474611806397 (avg: 0.8927) error 0.08759385581992421 avg time 1s 285ms
Waiting for training/discovery clean up 2
Generation 22 score 0.9123474643301192 (avg: 0.8747) error 0.08759385267044478 avg time 1s 327ms
Waiting for training/discovery clean up 1
Generation 23 score 0.9123474681670515 (avg: 0.8611) error 0.08759384883351244 avg time 1s 240ms
{
  error: 0.08759384883351244,
  score: 0.9123474681670515,
  generation: 23,
  time: 290633,
  startScore: 0.9122332697797059
}
AUSTRALIA , score: 0.7598693615734704
process (poor score) AUSTRALIA , score: 0.7598693615734704 lvl: 2
loaded ../GRQ-portfolio/best/location/v1/AUSTRALIA.json
9 mutations, mutation rate 5.0%, elitism 4, mutation ALL, selection TOURNAMENT
Creature count: 50
Culling duplicate creature at 1 of 51
DeDuplication of 1 creatures to 50 in 436ms (previous experiment )
Discovery 04169443 scheduled
Training 04169443 scheduled
Training 04169443 with 1 binary file, target error: 0.05, iterations: 1, sample rate: 100%, sparse: 100%
Discovery 04169443 with 1 binary files, sample rate: 100%, batch size: 512
Discovery 04169443 initialize time 108ms
Discovery 04169443 processing .trainData-location_88/AUSTRALIA/data.bin
Discovery 04169443 read time 6ms for .trainData-location_88/AUSTRALIA/data.bin with 4613 records
Discovery 04169443 scanning time 7s 537ms
Discovery 04169443 recorded time 9s 65ms
Training 0a602719 scheduled
Training 0a602719 with 1 binary file, target error: 0.05, iterations: 1, sample rate: 100%, sparse: 100%
Training 04169443 completed after 16s 547ms
Training 04169443 compacted
Discovered beneficial synapse from 06148af2-7c2f-41b0-8194-e55c9df5bbc0 to output-2 with weight -1.0000, helping 40.4% more records than it harms (3206/4613)
Discovery 04169443 analyze time 21s 304ms found 1 candidates
Discovered harmful synapse from input-883 to 06148af2-7c2f-41b0-8194-e55c9df5bbc0, harming 48.6% more records than it helps (1175/4613)
Discovery 04169443 analyze harmful time 3s 211ms found 1 candidates
Compact 04169443 Score: 0.7591747747618018, Error: 0.24007695242727056 -> 0.2407716892389381, 👿 -0.000695
Fine 04169443 Score: 0.6957120592892687, Error: 0.24007695242727056 -> 0.3042342547114903, 👿 -0.0642, Variant: overshot
Trained 04169443 Score: 0.6537508599727111, Error: 0.24007695242727056 -> 0.34619545402830615, 👿 -0.106
Fine 04169443 Score: 0.5889388773177586, Error: 0.24007695242727056 -> 0.41100743668312195, 👿 -0.171, Variant: undershot
Discovery 04169443 analyze squashes time 3s 315ms found 2 candidates, Summary: 52290c8e-797a-49cb-a845-46b34fdf2f59 SELU -> ABSOLUTE improved: 100.0% error: 3.0551283482675364e+26 -> 3.251726066734493e+21,c8965341-2782-4281-9d1a-e1b7be0903f4 Exponential -> ABSOLUTE improved: 25.0% error: 6.5013964657817e+26 -> 4.8790222979846314e+26
Discovery ae06a51c scheduled
Training ae06a51c scheduled
Training ae06a51c with 1 binary file, target error: 0.05, iterations: 1, sample rate: 100%, sparse: 100%
Discovery ae06a51c with 1 binary files, sample rate: 100%, batch size: 512
Discovery ae06a51c initialize time 107ms
Discovery ae06a51c processing .trainData-location_88/AUSTRALIA/data.bin
Fine tuning increased fitness by 1.4799073078108904e-8 to 0.7598693987721805 adjusted 6 weights 
Training 0a602719 completed after 14s 836ms
Training 0a602719 compacted
Over populated 54, expected 50.
Discovery ae06a51c read time 8ms for .trainData-location_88/AUSTRALIA/data.bin with 4613 records
Discovery ae06a51c scanning time 7s 256ms
Discovery ae06a51c recorded time 8s 818ms
Compact 0a602719 Score: 0.759174764761802, Error: 0.24007695242727056 -> 0.2407716892389381, 👿 -0.000695
Fine 0a602719 Score: 0.5591423643502061, Error: 0.24007695242727056 -> 0.4408039396507573, 👿 -0.201, Variant: overshot
Fine 0a602719 Score: 0.544219332885748, Error: 0.24007695242727056 -> 0.4557269711150066, 👿 -0.216, Variant: undershot
Trained 0a602719 Score: 0.5272123635619296, Error: 0.24007695242727056 -> 0.4727339404390878, 👿 -0.233
Fine tuning increased fitness by 8.288430830560856e-9 to 0.7598694070606113 adjusted 6 weights 
Training de6d5708 scheduled
Training de6d5708 with 1 binary file, target error: 0.05, iterations: 1, sample rate: 100%, sparse: 100%
Training ae06a51c completed after 14s 354ms
Training ae06a51c compacted
Compact ae06a51c Score: 0.7591747849093474, Error: 0.24007691522856048 -> 0.24077167909139258, 👿 -0.000695
Fine ae06a51c Score: 0.7536968150056339, Error: 0.24007691522856048 -> 0.24624949899536774, 👿 -0.00617, Variant: undershot
Fine ae06a51c Score: 0.7511487632509399, Error: 0.24007691522856048 -> 0.24879755074967067, 👿 -0.00872, Variant: overshot
Trained ae06a51c Score: 0.7489756561914421, Error: 0.24007691522856048 -> 0.2509706808095745, 👿 -0.0109
Training a798fff3 scheduled
Training a798fff3 with 1 binary file, target error: 0.05, iterations: 1, sample rate: 100%, sparse: 100%
Discovered beneficial synapse from input-1530 to 06148af2-7c2f-41b0-8194-e55c9df5bbc0 with weight 1.0000, helping 46.6% more records than it harms (3369/4613)
Discovery ae06a51c analyze time 45s 110ms found 1 candidates
Discovered harmful synapse from 06148af2-7c2f-41b0-8194-e55c9df5bbc0 to dda7aa95-4c0b-429b-9757-974758f2c44c, harming 41.0% more records than it helps (1349/4613)
Discovery ae06a51c analyze harmful time 3s 599ms found 1 candidates
Training de6d5708 completed after 15s 472ms
Training de6d5708 compacted
Discovery ae06a51c analyze squashes time 2s 987ms found 0 candidates
Compact de6d5708 Score: 0.7591747694249785, Error: 0.24007690691469177 -> 0.24077169457576145, 👿 -0.000695
Fine de6d5708 Score: 0.7128109483650272, Error: 0.24007690691469177 -> 0.28713536563559416, 👿 -0.0471, Variant: overshot
Trained de6d5708 Score: 0.6964391295388331, Error: 0.24007690691469177 -> 0.3035072574621825, 👿 -0.0634
Fine de6d5708 Score: 0.6703874995223874, Error: 0.24007690691469177 -> 0.32955881447856666, 👿 -0.0895, Variant: undershot
Discovery f6a29712 scheduled
Discovery f6a29712 with 1 binary files, sample rate: 100%, batch size: 512
Discovery f6a29712 initialize time 105ms
Discovery f6a29712 processing .trainData-location_88/AUSTRALIA/data.bin
Generation 10 score 0.759869469098889 (avg: 0.7440) error 0.2400768349018522 avg time 12s 208ms
Discovery f6a29712 read time 6ms for .trainData-location_88/AUSTRALIA/data.bin with 4613 records
Discovery f6a29712 scanning time 6s 726ms
Discovery f6a29712 recorded time 8s 346ms
Training e4e7b45e scheduled
Training e4e7b45e with 1 binary file, target error: 0.05, iterations: 1, sample rate: 100%, sparse: 100%
Fine tuning increased fitness by 6.057057710950886e-8 to 0.7598695296694661 adjusted 4 weights 
Training a798fff3 completed after 14s 457ms
Training a798fff3 compacted
Compact a798fff3 Score: 0.759174799577925, Error: 0.2400768719735047 -> 0.24077165442281517, 👿 -0.000695
Fine a798fff3 Score: 0.7551525273143304, Error: 0.2400768719735047 -> 0.2447937766865463, 👿 -0.00472, Variant: overshot
Fine a798fff3 Score: 0.7537396928004138, Error: 0.2400768719735047 -> 0.24620661120021747, 👿 -0.00613, Variant: undershot
Trained a798fff3 Score: 0.7457549274169154, Error: 0.2400768719735047 -> 0.254191419584101, 👿 -0.0141
Fine tuning increased fitness by 1.7407925234635968e-7 to 0.7598697037487184 adjusted 4 weights 
Discovered beneficial synapse from input-1530 to 06148af2-7c2f-41b0-8194-e55c9df5bbc0 with weight 1.0000, helping 46.6% more records than it harms (3369/4613)
Discovery f6a29712 analyze time 22s 553ms found 1 candidates
Discovered harmful synapse from input-59 to output-2, harming 36.9% more records than it helps (1423/4613)
Discovery f6a29712 analyze harmful time 3s 460ms found 1 candidates
Training a3fc8ee7 scheduled
Training a3fc8ee7 with 1 binary file, target error: 0.05, iterations: 1, sample rate: 100%, sparse: 100%
Discovery f6a29712 analyze squashes time 3s 121ms found 2 candidates, Summary: 52290c8e-797a-49cb-a845-46b34fdf2f59 SELU -> ABSOLUTE improved: 100.0% error: 3.0551283482675364e+26 -> 3.251726066734493e+21,c8965341-2782-4281-9d1a-e1b7be0903f4 Exponential -> COMPLEMENT improved: 25.0% error: 6.5013964657817e+26 -> 4.8790222979846314e+26
Training e4e7b45e completed after 14s 913ms
Training e4e7b45e compacted
Compact e4e7b45e Score: 0.7591749097162989, Error: 0.24007677433127503 -> 0.24077154428444125, 👿 -0.000695
Fine e4e7b45e Score: 0.7549478311185064, Error: 0.24007677433127503 -> 0.24499847288229748, 👿 -0.00492, Variant: undershot
Fine e4e7b45e Score: 0.7534540152887617, Error: 0.24007677433127503 -> 0.2464922887118404, 👿 -0.00642, Variant: overshot
Trained e4e7b45e Score: 0.7519953600136176, Error: 0.24007677433127503 -> 0.2479509639873994, 👿 -0.00787
Discovery 31f90344 scheduled
Discovery 31f90344 with 1 binary files, sample rate: 100%, batch size: 512
Discovery 31f90344 initialize time 104ms
Discovery 31f90344 processing .trainData-location_88/AUSTRALIA/data.bin
Fine tuning increased fitness by 8.030988820628693e-7 to 0.7598708255112819 adjusted 4 weights 
Discovery 31f90344 read time 5ms for .trainData-location_88/AUSTRALIA/data.bin with 4613 records
Discovery 31f90344 scanning time 7s 197ms
Discovery 31f90344 recorded time 9s 31ms
Training 794079ed scheduled
Training 794079ed with 1 binary file, target error: 0.05, iterations: 1, sample rate: 100%, sparse: 100%
Fine tuning increased fitness by 0.0000024259083258870717 to 0.7598732514196078 adjusted 4 weights 
Training a3fc8ee7 completed after 15s 742ms
Training a3fc8ee7 compacted
Compact a3fc8ee7 Score: 0.7591754656254059, Error: 0.2400762815883412 -> 0.2407709883753342, 👿 -0.000695
Fine a3fc8ee7 Score: 0.7549548579965195, Error: 0.2400762815883412 -> 0.2449914460041239, 👿 -0.00492, Variant: overshot
Fine a3fc8ee7 Score: 0.754455000294597, Error: 0.2400762815883412 -> 0.2454913037062461, 👿 -0.00542, Variant: undershot
Trained a3fc8ee7 Score: 0.7510985463620484, Error: 0.2400762815883412 -> 0.24884779063896825, 👿 -0.00877
Fine tuning increased fitness by 0.0000069176291080941255 to 0.7598801690487159 adjusted 4 weights 
Training 4e197878 scheduled
Training 4e197878 with 1 binary file, target error: 0.05, iterations: 1, sample rate: 100%, sparse: 100%
Fine tuning increased fitness by 0.000010180813677762579 to 0.7598903498623937 adjusted 4 weights 
Training 794079ed completed after 15s 183ms
Training 794079ed compacted
Compact 794079ed Score: 0.7591791065959574, Error: 0.24007305258113334 -> 0.24076734740478262, 👿 -0.000694
Fine 794079ed Score: 0.7491444139574538, Error: 0.24007305258113334 -> 0.25080189004333947, 👿 -0.0107, Variant: overshot
Fine 794079ed Score: 0.7359069539626715, Error: 0.24007305258113334 -> 0.2640393500378829, 👿 -0.0240, Variant: undershot
Trained 794079ed Score: 0.7348222852617542, Error: 0.24007305258113334 -> 0.26512406173926234, 👿 -0.0251
Fine tuning increased fitness by 0.00001814170014946548 to 0.7599084915625431 adjusted 4 weights 
Discovered beneficial synapse from input-1530 to 06148af2-7c2f-41b0-8194-e55c9df5bbc0 with weight 1.0000, helping 46.6% more records than it harms (3369/4613)
Discovery 31f90344 analyze time 42s 177ms found 1 candidates
Discovered harmful synapse from input-883 to 06148af2-7c2f-41b0-8194-e55c9df5bbc0, harming 48.6% more records than it helps (1175/4613)
Discovery 31f90344 analyze harmful time 3s 473ms found 1 candidates
Remove neuron 9176c6da-8530-41f9-a8bd-95f374bd45e1 as no longer connected
Discovery 31f90344 analyze squashes time 3s 82ms found 2 candidates, Summary: 52290c8e-797a-49cb-a845-46b34fdf2f59 SELU -> COMPLEMENT improved: 100.0% error: 3.0551283482675364e+26 -> 3.251726066734493e+21,c8965341-2782-4281-9d1a-e1b7be0903f4 Exponential -> ABSOLUTE improved: 25.0% error: 6.5013964657817e+26 -> 4.8790222979846314e+26
Fine tuning increased fitness by 0.000022438710163719122 to 0.7599309302727069 adjusted 4 weights 
Training 4e197878 completed after 15s 106ms
Training 4e197878 compacted
Compact 4e197878 Score: 0.7591985050536871, Error: 0.24005595413834746 -> 0.24074794894705304, 👿 -0.000692
Fine 4e197878 Score: 0.7545104874555187, Error: 0.24005595413834746 -> 0.2454358165450724, 👿 -0.00538, Variant: undershot
Fine 4e197878 Score: 0.752255109780855, Error: 0.24005595413834746 -> 0.2476911942197631, 👿 -0.00764, Variant: overshot
Trained 4e197878 Score: 0.7506464255950768, Error: 0.24005595413834746 -> 0.2492999014059402, 👿 -0.00924
Generation 20 score 0.7599588309122542 (avg: 0.7556) error 0.23998747308848675 avg time 11s 888ms
{
  error: 0.23998747308848675,
  score: 0.7599588309122542,
  generation: 20,
  time: 241546,
  startScore: 0.7598693615734704
}
JAPAN , score: 0.9313840855501963
process (poor score) JAPAN , score: 0.9313840855501963 lvl: 2
loaded ../GRQ-portfolio/best/location/v1/JAPAN.json
3 mutations, mutation rate 38.8%, elitism 8, mutation FFW, selection FITNESS_PROPORTIONATE
Creature count: 50
Culling duplicate creature at 1 of 51
DeDuplication of 1 creatures to 50 in 95ms (previous experiment )
Discovery d38d1900 scheduled
Training d38d1900 scheduled
Training d38d1900 with 1 binary file, target error: 0.05, iterations: 1, sample rate: 100%, sparse: 100%
Discovery d38d1900 with 1 binary files, sample rate: 100%, batch size: 512
Discovery d38d1900 initialize time 111ms
Discovery d38d1900 processing .trainData-location_88/JAPAN/data.bin
Discovery d38d1900 read time 9ms for .trainData-location_88/JAPAN/data.bin with 4613 records
Discovery d38d1900 scanning time 17s 294ms
Discovery d38d1900 recorded time 18s 606ms
Remove neuron 0ad8bb19-9a0f-430e-b528-1a0bf56a97d0 as no longer connected
Fine tuning increased fitness by 1.5826347388170348e-7 to 0.9313842438136701 adjusted 303 weights, 12 biases 
Training 031d00e0 scheduled
Training 031d00e0 with 1 binary file, target error: 0.05, iterations: 1, sample rate: 100%, sparse: 100%
Training d38d1900 completed after 33s 67ms
Training d38d1900 compacted
Compact d38d1900 Score: 0.9311748711831115, Error: 0.06854446145086085 -> 0.06875380581794473, 👿 -0.000209
Fine d38d1900 Score: 0.9067298693983508, Error: 0.06854446145086085 -> 0.09319867760268762, 👿 -0.0247, Variant: overshot
Trained d38d1900 Score: 0.8118889292857013, Error: 0.06854446145086085 -> 0.1880396177154427, 👿 -0.119
Fine d38d1900 Score: 0.7959681505410037, Error: 0.06854446145086085 -> 0.20396039645999198, 👿 -0.135, Variant: undershot
Discovered beneficial synapse from input-1214 to 52f04e11-504f-41f4-9100-56dd9b5d9361 with weight -1.0000, helping 94.7% more records than it harms (4486/4613)
Discovery d38d1900 analyze time 55s 157ms found 1 candidates
Training b195e62f scheduled
Training b195e62f with 1 binary file, target error: 0.05, iterations: 1, sample rate: 100%, sparse: 100%
Discovered harmful synapse from input-578 to 05b77aa6-456c-4501-b0b5-b1ba2a4c5686, harming 21.0% more records than it helps (1821/4613)
Discovery d38d1900 analyze harmful time 5s 471ms found 1 candidates
Discovery d38d1900 analyze squashes time 4s 994ms found 1 candidate, Summary: 05b77aa6-456c-4501-b0b5-b1ba2a4c5686 SINE -> ABSOLUTE improved: 3.4% error: 1.0807681869664087e+33 -> 1.0443753759833337e+33
Training 031d00e0 completed after 30s 763ms
Training 031d00e0 compacted
Over populated 52, expected 50.
Compact 031d00e0 Score: 0.9311875352441904, Error: 0.06853115357958318 -> 0.06874090175686694, 👿 -0.000210
Fine 031d00e0 Score: 0.9286055965426785, Error: 0.06853115357958318 -> 0.07132271045827687, 👿 -0.00279, Variant: undershot
Fine 031d00e0 Score: 0.9268622464631101, Error: 0.06853115357958318 -> 0.07306606053801006, 👿 -0.00453, Variant: overshot
Trained 031d00e0 Score: 0.9213336951292332, Error: 0.06853115357958318 -> 0.07859461187191198, 👿 -0.0101
Discovery b7d6edbe scheduled
Training b7d6edbe scheduled
Training b7d6edbe with 1 binary file, target error: 0.05, iterations: 1, sample rate: 100%, sparse: 100%
Discovery b7d6edbe with 1 binary files, sample rate: 100%, batch size: 512
Discovery b7d6edbe initialize time 109ms
Discovery b7d6edbe processing .trainData-location_88/JAPAN/data.bin
Training b195e62f completed after 33s 108ms
Training b195e62f compacted
Compact b195e62f Score: 0.9313497559643172, Error: 0.06853001633252831 -> 0.06857843103674152, 👿 -0.0000484
Fine b195e62f Score: 0.9056163033592951, Error: 0.06853001633252831 -> 0.0943118636417599, 👿 -0.0258, Variant: overshot
Trained b195e62f Score: 0.8723052817691899, Error: 0.06853001633252831 -> 0.12762292523195565, 👿 -0.0591
Fine b195e62f Score: 0.8366124770595708, Error: 0.06853001633252831 -> 0.1633156899413829, 👿 -0.0948, Variant: undershot
Discovery b7d6edbe read time 6ms for .trainData-location_88/JAPAN/data.bin with 4613 records
Discovery b7d6edbe scanning time 19s 488ms
Discovery b7d6edbe recorded time 20s 866ms
Generation 10 score 0.9314062749772775 (avg: 0.9193) error 0.0685219120237813 avg time 15s 693ms
Training 557848c2 scheduled
Training 557848c2 with 1 binary file, target error: 0.05, iterations: 1, sample rate: 100%, sparse: 100%
Training b7d6edbe completed after 29s 468ms
Training b7d6edbe compacted
Discovered beneficial synapse from 3badbc02-d21e-4fd5-bd65-c21f6443ec11 to 05b77aa6-456c-4501-b0b5-b1ba2a4c5686 with weight -1.0000, helping 14.3% more records than it harms (2637/4613)
Discovery b7d6edbe analyze time 21s 391ms found 1 candidates
Discovered harmful synapse from input-578 to 05b77aa6-456c-4501-b0b5-b1ba2a4c5686, harming 21.1% more records than it helps (1820/4613)
Discovery b7d6edbe analyze harmful time 5s 376ms found 1 candidates
Compact b7d6edbe Score: 0.9313578796638061, Error: 0.0685219120237813 -> 0.06857032733725217, 👿 -0.0000484
Fine b7d6edbe Score: 0.931314791478284, Error: 0.0685219120237813 -> 0.06861339552279212, 👿 -0.0000915, Variant: overshot
Fine b7d6edbe Score: 0.921141573277195, Error: 0.0685219120237813 -> 0.07878661372381358, 👿 -0.0103, Variant: undershot
Trained b7d6edbe Score: 0.9208459932551006, Error: 0.0685219120237813 -> 0.0790821937460452, 👿 -0.0106
Discovery b7d6edbe analyze squashes time 4s 806ms found 1 candidate, Summary: 05b77aa6-456c-4501-b0b5-b1ba2a4c5686 SINE -> COMPLEMENT improved: 3.4% error: 1.0807681869664087e+33 -> 1.0443753759833337e+33
Discovery cbc2b61d scheduled
Training cbc2b61d scheduled
Training cbc2b61d with 1 binary file, target error: 0.05, iterations: 1, sample rate: 100%, sparse: 100%
Discovery cbc2b61d with 1 binary files, sample rate: 100%, batch size: 512
Discovery cbc2b61d initialize time 108ms
Discovery cbc2b61d processing .trainData-location_88/JAPAN/data.bin
Fine tuning increased fitness by 0.0000029366150036125305 to 0.931416357051438 adjusted 43 weights, 2 biases 
Training 557848c2 completed after 33s 338ms
Training 557848c2 compacted
Over populated 56, expected 50.
Discovery cbc2b61d read time 6ms for .trainData-location_88/JAPAN/data.bin with 4613 records
Discovery cbc2b61d scanning time 17s 317ms
Compact 557848c2 Score: 0.9311972310417171, Error: 0.06851983016041811 -> 0.06873108595934088, 👿 -0.000211
Fine 557848c2 Score: 0.9285751717946668, Error: 0.06851983016041811 -> 0.07135301520636791, 👿 -0.00283, Variant: overshot
Fine 557848c2 Score: 0.9276308974458348, Error: 0.06851983016041811 -> 0.07229728955518952, 👿 -0.00378, Variant: undershot
Trained 557848c2 Score: 0.9202866703130063, Error: 0.06851983016041811 -> 0.07964151668813957, 👿 -0.0111
Discovery cbc2b61d recorded time 18s 747ms
Fine tuning increased fitness by 1.6942520375540226e-7 to 0.9314165264766417 adjusted 43 weights, 2 biases 
Discovered beneficial synapse from 3badbc02-d21e-4fd5-bd65-c21f6443ec11 to 05b77aa6-456c-4501-b0b5-b1ba2a4c5686 with weight -1.0000, helping 14.2% more records than it harms (2635/4613)
Discovery cbc2b61d analyze time 22s 110ms found 1 candidates
Training cbc2b61d completed after 32s 316ms
Training cbc2b61d compacted
Over populated 52, expected 50.
Generation 15 score 0.9314168525053731 (avg: 0.9155) error 0.06851133449568568 avg time 8s 522ms
Set training/discovery clean up count to 2
Waiting for discovery to complete
Discovered harmful synapse from input-1081 to 52f04e11-504f-41f4-9100-56dd9b5d9361, harming 94.4% more records than it helps (124/4613)
Discovery cbc2b61d analyze harmful time 5s 754ms found 1 candidates
Discovery cbc2b61d analyze squashes time 5s 160ms found 1 candidate, Summary: 05b77aa6-456c-4501-b0b5-b1ba2a4c5686 SINE -> COMPLEMENT improved: 3.4% error: 1.0807681869664087e+33 -> 1.0443753759833337e+33
Compact cbc2b61d Score: 0.9312064902933259, Error: 0.06851182994962085 -> 0.06872182670773203, 👿 -0.000210
Fine cbc2b61d Score: 0.9262723988861755, Error: 0.06851182994962085 -> 0.07365578811484531, 👿 -0.00514, Variant: overshot
Fine cbc2b61d Score: 0.9204507860605723, Error: 0.06851182994962085 -> 0.079477400940418, 👿 -0.0110, Variant: undershot
Trained cbc2b61d Score: 0.9127318831254367, Error: 0.06851182994962085 -> 0.08719630387570904, 👿 -0.0187
Fine tuning increased fitness by 2.2857678760868083e-7 to 0.9314170810821607 adjusted 43 weights, 2 biases 
Generation 16 score 0.9314170810821607 (avg: 0.9216) error 0.06851110591889813 avg time 1s 734ms
Waiting for discovery to complete
Over populated 53, expected 50.
Generation 17 score 0.9314186879503075 (avg: 0.5632) error 0.06850948905075151 avg time 1s 630ms
Waiting for training/discovery clean up 2
Generation 18 score 0.9314344494417627 (avg: 0.8943) error 0.06849374755929599 avg time 1s 600ms
Waiting for training/discovery clean up 1
Fine tuning increased fitness by 9.185257203725428e-7 to 0.931435367967483 adjusted 45 weights, 3 biases 
Generation 19 score 0.931435367967483 (avg: 0.9240) error 0.0684928090335759 avg time 1s 588ms
{
  error: 0.0684928090335759,
  score: 0.931435367967483,
  generation: 19,
  time: 307928,
  startScore: 0.9313840855501963
}
🧹 Cleaning up any inconsistent git state
✅ Git state cleanup completed
✅ Already on proper branch: Develop
From github.com:stSoftwareAU/GRQ-location
   f7f8a2e..1db2f54  Develop    -> origin/Develop
Updating f7f8a2e..1db2f54
Created autostash: f47da42
Fast-forward
 v1/AUSTRALIA.json   |  321 ++----------
 v1/CANADA.json      |   19 +-
 v1/CHINA.json       |   61 +--
 v1/COSTA_RICA.json  |  803 ++++--------------------------
 v1/HONG_KONG.json   |  626 ++++++++++++------------
 v1/IN.json          |   32 +-
 v1/MI.json          |  372 +++++++-------
 v1/NETHERLANDS.json | 1070 ++++++++++++++++++++--------------------
 v1/NJ.json          |  605 +----------------------
 v1/NY.json          |  662 ++++++++++++-------------
 v1/OH.json          |  539 +++++++++++++++++---
 v1/TAIWAN.json      |   18 +-
 v1/TX.json          | 1360 +++++++++++++++++++++++++++++++++++++++++++++++----
 13 files changed, 3314 insertions(+), 3174 deletions(-)
Applying autostash resulted in conflicts.
Your changes are safe in the stash.
You can run "git stash pop" or "git stash drop" at any time.
✅ Already on proper branch: Develop
📦 Changes detected — staging files and validating JSON
[0;32m🔍 Validating staged JSON files...[0m
[0;32m🔍 Validating: v1/AUSTRALIA.json[0m
[0;31m🚨 MERGE CONFLICT DETECTED in: v1/AUSTRALIA.json[0m
[1;33m   This file contains unresolved merge conflict markers:[0m
13630:<<<<<<< Updated upstream
13632:=======
13634:>>>>>>> Stashed changes
19727:<<<<<<< Updated upstream
19729:=======
[0;31m   ❌ FAILED: Merge conflicts detected[0m
[0;32m🔍 Validating: v1/DC.json[0m
[0;32m   ✅ PASSED: File is valid[0m
[0;32m🔍 Validating: v1/HI.json[0m
[0;32m   ✅ PASSED: File is valid[0m
[0;32m🔍 Validating: v1/JAPAN.json[0m
[0;32m   ✅ PASSED: File is valid[0m
[0;32m🔍 Validating: v1/LUXEMBOURG.json[0m
[0;32m   ✅ PASSED: File is valid[0m
[0;32m🔍 Validating: v1/MI.json[0m
[0;31m🚨 MERGE CONFLICT DETECTED in: v1/MI.json[0m
[1;33m   This file contains unresolved merge conflict markers:[0m
30:<<<<<<< Updated upstream
32:=======
34:>>>>>>> Stashed changes
154:<<<<<<< Updated upstream
156:=======
[0;31m   ❌ FAILED: Merge conflicts detected[0m
[0;32m🔍 Validating: v1/MN.json[0m
[0;32m   ✅ PASSED: File is valid[0m

[0;31m❌ Commit blocked due to invalid JSON files[0m
❌ JSON validation failed — aborting commit
🧹 Cleaning up staged changes
Unstaged changes after reset:
M	v1/AUSTRALIA.json
M	v1/DC.json
M	v1/HI.json
M	v1/JAPAN.json
M	v1/LUXEMBOURG.json
M	v1/MI.json
M	v1/MN.json
💥 Commit blocked due to invalid JSON files
🧹 Performing final git cleanup on exit...
✅ Final cleanup completed
Cloning into 'GRQ-logs'...
[Develop 6d82551] ip-10-0-28-117 status 1
 1 file changed, 1259 insertions(+)
 create mode 100644 ip-10-0-28-117.log
To github.com:stSoftwareAU/GRQ-logs.git
 ! [remote rejected] Develop -> Develop (cannot lock ref 'refs/heads/Develop': is at bdb2cc8cd4997d6eb08481edf27c282a135d20e3 but expected 2361e70070d831d0fcfa3c8b186eea347b9d6671)
error: failed to push some refs to 'github.com:stSoftwareAU/GRQ-logs.git'
📦 Cloning GRQ-health
Cloning into 'GRQ-health'...
Updating health information...
Updated health information for ip-10-0-28-117
