[log truncated by run.sh: showing the last 64 KB of 134 KB; the full log is on the host]
2026-10-02T13:27:38.826Z [INFO] [Learn] [pid-51039] [seed] loaded file=1.json score=0.43635534544284055
2026-10-02T13:27:38.939Z [INFO] [Learn] [pid-51039] [seed] loaded file=sampler-2.json score=0.4339797794762737
2026-10-02T13:27:39.048Z [INFO] [Learn] [pid-51039] [seed] loaded file=Mac-Ultra-M2-1.json score=0.4318840110907719
2026-10-02T13:27:39.157Z [INFO] [Learn] [pid-51039] [seed] loaded file=worker.json score=0.4318839564043567
2026-10-02T13:27:39.263Z [INFO] [Learn] [pid-51039] [seed] loaded file=11.json score=none
2026-10-02T13:27:39.362Z [INFO] [Learn] [pid-51039] [seed] loaded file=2.json score=0.43635534544284055
2026-10-02T13:27:39.473Z [INFO] [Learn] [pid-51039] [seed] loaded file=sampler-1.json score=0.43635534544284055
2026-10-02T13:27:39.574Z [INFO] [Learn] [pid-51039] [seed] loaded file=12.json score=none
2026-10-02T13:27:39.690Z [INFO] [Learn] [pid-51039] [seed] loaded file=GRQ-25-1.json score=0.43188400870681554
2026-10-02T13:27:39.800Z [INFO] [Learn] [pid-51039] [seed] loaded file=GRQ-18-ockham.json score=0.431862991270169
2026-10-02T13:27:39.919Z [INFO] [Learn] [pid-51039] [seed] loaded file=GRQ-21-lamarck.json score=0.43156595306532197
2026-10-02T13:27:40.071Z [INFO] [Learn] [pid-51039] [seed] loaded file=cluster.json score=0.4318544619846092
2026-10-02T13:27:40.191Z [INFO] [Learn] [pid-51039] [seed] loaded file=13.json score=none
2026-10-02T13:27:40.293Z [INFO] [Learn] [pid-51039] [seed] loaded file=3.json score=0.43635534544284055
2026-10-02T13:27:40.402Z [INFO] [Learn] [pid-51039] [seed] loaded file=8.json score=0.43635534544284055
2026-10-02T13:27:40.513Z [INFO] [Learn] [pid-51039] [seed] loaded file=18.json score=none
2026-10-02T13:27:40.627Z [INFO] [Learn] [pid-51039] [seed] loaded file=4.json score=0.43635534544284055
2026-10-02T13:27:40.733Z [INFO] [Learn] [pid-51039] [seed] loaded file=14.json score=none
2026-10-02T13:27:40.850Z [INFO] [Learn] [pid-51039] [seed] loaded file=GRQ-19-1.json score=0.43187247363069614
2026-10-02T13:27:40.962Z [INFO] [Learn] [pid-51039] [seed] loaded file=15.json score=none
2026-10-02T13:27:41.075Z [INFO] [Learn] [pid-51039] [seed] loaded file=5.json score=none
2026-10-02T13:27:41.183Z [INFO] [Learn] [pid-51039] [seed] loaded file=19.json score=0.43635534544284055
2026-10-02T13:27:41.293Z [INFO] [Learn] [pid-51039] [seed] loaded file=9.json score=none
2026-10-02T13:27:41.331Z [INFO] [Learn] [pid-51039] [seed] loaded=35 skipped=0 kept=35 dropped=0 populationSize=20 dir=.creatures (#4300)
2026-10-02T13:27:41.331Z [INFO] [Learn] [pid-51039] [seed] best=1.json@0.43635534544284055 worst-kept=15.json@-Infinity best-dropped=none (#4300)
2026-10-02T13:27:41.378Z [INFO] [Learn] [pid-51039] [learn] skipTrainingAfterConsecutiveRegressions=3
2026-10-02T13:27:41.378Z [INFO] [Learn] [pid-51039] [learn] skipTrainingAfterPopulationRegressions=6
2026-10-02T13:27:41.379Z [INFO] [Learn] [pid-51039] [learn] skipTrainingAfterPopulationNoProgress=0
2026-10-02T13:27:41.379Z [INFO] [Learn] [pid-51039] [inline-discovery-memory] nativeBudgetBytes=11489037516
2026-10-02T13:27:41.379Z [INFO] [Learn] [pid-51039] elitism 1, timeout 5, PopSize 20, cost MSE, SAMPLER
2026-10-02T13:27:41.379Z [INFO] [Learn] [pid-51039] Initialized in 4s 370ms
[WasmWorkerInit] worker=worker-1 outcome=ok handshakeMs=270 cache=hit cacheDir=/Users/rocket/.cache/neat-ai/wasm bundleBytes=1039872 bundleLoadMs=2 glueImportMs=12 instantiateMs=2 wasmTotalMs=16 workerError=none
[WasmWorkerInit] worker=worker-2 outcome=ok handshakeMs=160 cache=hit cacheDir=/Users/rocket/.cache/neat-ai/wasm bundleBytes=1039872 bundleLoadMs=2 glueImportMs=12 instantiateMs=2 wasmTotalMs=16 workerError=none
[WasmWorkerInit] worker=worker-3 outcome=ok handshakeMs=159 cache=hit cacheDir=/Users/rocket/.cache/neat-ai/wasm bundleBytes=1039872 bundleLoadMs=2 glueImportMs=12 instantiateMs=2 wasmTotalMs=16 workerError=none
[WasmWorkerInit] worker=worker-4 outcome=ok handshakeMs=157 cache=hit cacheDir=/Users/rocket/.cache/neat-ai/wasm bundleBytes=1039872 bundleLoadMs=2 glueImportMs=12 instantiateMs=2 wasmTotalMs=16 workerError=none
[WasmWorkerInit] worker=worker-5 outcome=ok handshakeMs=160 cache=hit cacheDir=/Users/rocket/.cache/neat-ai/wasm bundleBytes=1039872 bundleLoadMs=2 glueImportMs=12 instantiateMs=2 wasmTotalMs=16 workerError=none
[WasmWorkerInit] worker=worker-6 outcome=ok handshakeMs=163 cache=hit cacheDir=/Users/rocket/.cache/neat-ai/wasm bundleBytes=1039872 bundleLoadMs=2 glueImportMs=12 instantiateMs=2 wasmTotalMs=16 workerError=none
[WasmWorkerInit] worker=worker-7 outcome=ok handshakeMs=161 cache=hit cacheDir=/Users/rocket/.cache/neat-ai/wasm bundleBytes=1039872 bundleLoadMs=2 glueImportMs=12 instantiateMs=2 wasmTotalMs=16 workerError=none
[WasmWorkerInit] worker=worker-8 outcome=ok handshakeMs=158 cache=hit cacheDir=/Users/rocket/.cache/neat-ai/wasm bundleBytes=1039872 bundleLoadMs=2 glueImportMs=12 instantiateMs=2 wasmTotalMs=16 workerError=none
[WasmWorkerInit] worker=worker-9 outcome=ok handshakeMs=157 cache=hit cacheDir=/Users/rocket/.cache/neat-ai/wasm bundleBytes=1039872 bundleLoadMs=2 glueImportMs=12 instantiateMs=2 wasmTotalMs=16 workerError=none
[WasmWorkerInit] worker=worker-10 outcome=ok handshakeMs=160 cache=hit cacheDir=/Users/rocket/.cache/neat-ai/wasm bundleBytes=1039872 bundleLoadMs=2 glueImportMs=12 instantiateMs=2 wasmTotalMs=16 workerError=none
[WasmWorkerInit] worker=worker-11 outcome=ok handshakeMs=163 cache=hit cacheDir=/Users/rocket/.cache/neat-ai/wasm bundleBytes=1039872 bundleLoadMs=2 glueImportMs=12 instantiateMs=2 wasmTotalMs=16 workerError=none
[WasmWorkerInit] worker=worker-12 outcome=ok handshakeMs=158 cache=hit cacheDir=/Users/rocket/.cache/neat-ai/wasm bundleBytes=1039872 bundleLoadMs=2 glueImportMs=12 instantiateMs=2 wasmTotalMs=16 workerError=none
DeDuplication of 9 creatures to 27 in 2ms (previous experiment 1ms)
[DynamicPool] 2 idle heavy worker(s) assisting fitness evaluation
[NEAT-AI] Batch scorer partition: 27 forwardOnly batched, 0 recurrent batched, 0 per-creature
CRISPR macd-bearish-v1 Score: 0.33845800635201234, Error: 0.5667843919796632 -> 0.6615279107749277 regression -0.09474351879526444
Training 74db89a2 scheduled
Training 92630f4c scheduled
Training 1ac55bd5 scheduled
Training 44e131c3 scheduled
[neat-ai] running version 7.0.48
[neat-ai] running version 7.0.48
[neat-ai] running version 7.0.48
[neat-ai] running version 7.0.48
[neat-ai] running version 7.0.48
[neat-ai] running version 7.0.48
[neat-ai] running version 7.0.48
[WasmWorkerInit] worker=worker-13 outcome=ok handshakeMs=489 cache=hit cacheDir=/Users/rocket/.cache/neat-ai/wasm bundleBytes=1039872 bundleLoadMs=2 glueImportMs=12 instantiateMs=2 wasmTotalMs=16 workerError=none
[neat-ai] running version 7.0.48
[neat-ai] running version 7.0.48
[neat-ai] running version 7.0.48
[WasmWorkerInit] worker=worker-14 outcome=ok handshakeMs=620 cache=hit cacheDir=/Users/rocket/.cache/neat-ai/wasm bundleBytes=1039872 bundleLoadMs=2 glueImportMs=12 instantiateMs=2 wasmTotalMs=16 workerError=none
[WasmWorkerInit] worker=worker-15 outcome=ok handshakeMs=383 cache=hit cacheDir=/Users/rocket/.cache/neat-ai/wasm bundleBytes=1039872 bundleLoadMs=2 glueImportMs=12 instantiateMs=2 wasmTotalMs=16 workerError=none
[WasmWorkerInit] worker=worker-16 outcome=ok handshakeMs=393 cache=hit cacheDir=/Users/rocket/.cache/neat-ai/wasm bundleBytes=1039872 bundleLoadMs=2 glueImportMs=12 instantiateMs=2 wasmTotalMs=16 workerError=none
[WasmWorkerInit] worker=worker-17 outcome=ok handshakeMs=313 cache=hit cacheDir=/Users/rocket/.cache/neat-ai/wasm bundleBytes=1039872 bundleLoadMs=2 glueImportMs=12 instantiateMs=2 wasmTotalMs=16 workerError=none
[WasmWorkerInit] worker=worker-18 outcome=ok handshakeMs=336 cache=hit cacheDir=/Users/rocket/.cache/neat-ai/wasm bundleBytes=1039872 bundleLoadMs=2 glueImportMs=12 instantiateMs=2 wasmTotalMs=16 workerError=none
[WasmWorkerInit] worker=worker-19 outcome=ok handshakeMs=759 cache=hit cacheDir=/Users/rocket/.cache/neat-ai/wasm bundleBytes=1039872 bundleLoadMs=2 glueImportMs=12 instantiateMs=2 wasmTotalMs=16 workerError=none
[MCMC] Gen: temp=0.9751, acceptance=100.0% (smoothed=100.0%), proposed=4, accepted=4, rejected=0
[PreWarm] 9 new templates, 7 cached, 16 unique topologies (355ms)
[Timing] fitness=60628ms breeding=4566ms breedingWorker=4566ms mainThreadOverlap=0ms resultProcessing=0ms preWarm=355ms pipelineOverlap=376ms sort=0ms writeScores=32ms mutation=8406ms deduplication=755ms speciation=21ms total=83262ms
[Utilisation] fitness=0%fast/0%heavy breeding=0%fast/100%heavy overall=3%
[MutationOps] MOD_WEIGHT proposed=2 noChange=0 applied=2 reverted=0 evaluated=0 accepted=0 rejected=0 evalMs=0 depth[in=0 mid=0 out=0 ?=2] | MOD_BIAS proposed=2 noChange=0 applied=2 reverted=0 evaluated=0 accepted=0 rejected=0 evalMs=0 depth[in=0 mid=0 out=0 ?=2] || resolved=0 multiOperator=0 discarded=0 evalMs=0 mcmc=4/4
[Throughput] wall=83262ms nonFitness=22634ms gensPerHour=43.2 fast=busy24141ms/idle808479ms/depth27/wait7600ms heavy=busy0ms/idle166524ms/depth4/wait0ms scorer=155.7ms/scored27/batchScored27/perCreatureScored0/batchInvocations1/creaturesPerSec0.4 corruptParentSkips=0
[WasmWorkerInit] worker=worker-20 outcome=ok handshakeMs=9925 cache=hit cacheDir=/Users/rocket/.cache/neat-ai/wasm bundleBytes=1039872 bundleLoadMs=2 glueImportMs=12 instantiateMs=2 wasmTotalMs=16 workerError=none
[NEAT-AI] Batch scorer partition: 16 forwardOnly batched, 0 recurrent batched, 0 per-creature
[WasmWorkerInit] worker=worker-21 outcome=ok handshakeMs=758 cache=hit cacheDir=/Users/rocket/.cache/neat-ai/wasm bundleBytes=1039872 bundleLoadMs=2 glueImportMs=12 instantiateMs=2 wasmTotalMs=16 workerError=none
[WasmWorkerInit] worker=worker-22 outcome=ok handshakeMs=252 cache=hit cacheDir=/Users/rocket/.cache/neat-ai/wasm bundleBytes=1039872 bundleLoadMs=2 glueImportMs=12 instantiateMs=2 wasmTotalMs=16 workerError=none
[WasmWorkerInit] worker=worker-23 outcome=ok handshakeMs=252 cache=hit cacheDir=/Users/rocket/.cache/neat-ai/wasm bundleBytes=1039872 bundleLoadMs=2 glueImportMs=12 instantiateMs=2 wasmTotalMs=16 workerError=none
[WasmWorkerInit] worker=worker-24 outcome=ok handshakeMs=256 cache=hit cacheDir=/Users/rocket/.cache/neat-ai/wasm bundleBytes=1039872 bundleLoadMs=2 glueImportMs=12 instantiateMs=2 wasmTotalMs=16 workerError=none
[neat-ai] running version 7.0.48
[Neat] Discovery replay: no improvement found (evaluated: 0)
[WasmWorkerInit] worker=worker-25 outcome=ok handshakeMs=594 cache=hit cacheDir=/Users/rocket/.cache/neat-ai/wasm bundleBytes=1039872 bundleLoadMs=2 glueImportMs=12 instantiateMs=2 wasmTotalMs=16 workerError=none
[neat-ai] running version 7.0.48
[neat-ai] running version 7.0.48
[WasmWorkerInit] worker=worker-26 outcome=ok handshakeMs=478 cache=hit cacheDir=/Users/rocket/.cache/neat-ai/wasm bundleBytes=1039872 bundleLoadMs=2 glueImportMs=12 instantiateMs=2 wasmTotalMs=16 workerError=none
[WasmWorkerInit] worker=worker-27 outcome=ok handshakeMs=815 cache=hit cacheDir=/Users/rocket/.cache/neat-ai/wasm bundleBytes=1039872 bundleLoadMs=2 glueImportMs=12 instantiateMs=2 wasmTotalMs=16 workerError=none
[WasmWorkerInit] worker=worker-28 outcome=ok handshakeMs=424 cache=hit cacheDir=/Users/rocket/.cache/neat-ai/wasm bundleBytes=1039872 bundleLoadMs=2 glueImportMs=12 instantiateMs=2 wasmTotalMs=16 workerError=none
[WasmWorkerInit] worker=worker-29 outcome=ok handshakeMs=333 cache=hit cacheDir=/Users/rocket/.cache/neat-ai/wasm bundleBytes=1039872 bundleLoadMs=2 glueImportMs=12 instantiateMs=2 wasmTotalMs=16 workerError=none
[WasmWorkerInit] worker=worker-30 outcome=ok handshakeMs=892 cache=hit cacheDir=/Users/rocket/.cache/neat-ai/wasm bundleBytes=1039872 bundleLoadMs=2 glueImportMs=12 instantiateMs=2 wasmTotalMs=16 workerError=none
[MCMC] Gen: temp=0.9508, acceptance=100.0% (smoothed=100.0%), proposed=2, accepted=2, rejected=0
[PreWarm] 12 new templates, 5 cached, 17 unique topologies (415ms)
[Timing] fitness=47818ms breeding=4897ms breedingWorker=4897ms mainThreadOverlap=2ms resultProcessing=2ms preWarm=415ms pipelineOverlap=422ms sort=0ms writeScores=9ms mutation=3059ms deduplication=828ms speciation=5ms total=62982ms
[Utilisation] fitness=0%fast/100%heavy breeding=0%fast/100%heavy overall=15%
[MutationOps] MOD_WEIGHT proposed=2 noChange=0 applied=2 reverted=0 evaluated=2 accepted=0 rejected=2 evalMs=5964 delta[n=2 min=-0.6934 med=-0.2535 max=0.1864] depth[in=0 mid=0 out=0 ?=2] depthRejected[in=0 mid=0 out=0 ?=2] | MOD_BIAS proposed=0 noChange=0 applied=0 reverted=0 evaluated=2 accepted=0 rejected=2 evalMs=5964 delta[n=2 min=-0.6935 med=-0.4695 max=-0.2455] depthRejected[in=0 mid=0 out=0 ?=2] || resolved=4 multiOperator=0 discarded=0 evalMs=11927 mcmc=2/2
[Throughput] wall=62982ms nonFitness=15164ms gensPerHour=57.2 fast=busy28090ms/idle601730ms/depth16/wait5267ms heavy=busy0ms/idle125964ms/depth4/wait0ms scorer=109.2ms/scored16/batchScored16/perCreatureScored0/batchInvocations1/creaturesPerSec0.3 corruptParentSkips=0
[WasmWorkerInit] worker=worker-31 outcome=ok handshakeMs=4353 cache=hit cacheDir=/Users/rocket/.cache/neat-ai/wasm bundleBytes=1039872 bundleLoadMs=2 glueImportMs=12 instantiateMs=2 wasmTotalMs=16 workerError=none
[NEAT-AI] Batch scorer partition: 17 forwardOnly batched, 0 recurrent batched, 0 per-creature
[WasmWorkerInit] worker=worker-32 outcome=ok handshakeMs=617 cache=hit cacheDir=/Users/rocket/.cache/neat-ai/wasm bundleBytes=1039872 bundleLoadMs=2 glueImportMs=12 instantiateMs=2 wasmTotalMs=16 workerError=none
[WasmWorkerInit] worker=worker-33 outcome=ok handshakeMs=258 cache=hit cacheDir=/Users/rocket/.cache/neat-ai/wasm bundleBytes=1039872 bundleLoadMs=2 glueImportMs=12 instantiateMs=2 wasmTotalMs=16 workerError=none
[WasmWorkerInit] worker=worker-34 outcome=ok handshakeMs=267 cache=hit cacheDir=/Users/rocket/.cache/neat-ai/wasm bundleBytes=1039872 bundleLoadMs=2 glueImportMs=12 instantiateMs=2 wasmTotalMs=16 workerError=none
[WasmWorkerInit] worker=worker-35 outcome=ok handshakeMs=261 cache=hit cacheDir=/Users/rocket/.cache/neat-ai/wasm bundleBytes=1039872 bundleLoadMs=2 glueImportMs=12 instantiateMs=2 wasmTotalMs=16 workerError=none
[WasmWorkerInit] worker=worker-36 outcome=ok handshakeMs=382 cache=hit cacheDir=/Users/rocket/.cache/neat-ai/wasm bundleBytes=1039872 bundleLoadMs=2 glueImportMs=12 instantiateMs=2 wasmTotalMs=16 workerError=none
[neat-ai] running version 7.0.48
[Neat] Discovery replay: no improvement found (evaluated: 0)
[MCMC] Gen: temp=0.9271, acceptance=100.0% (smoothed=100.0%), proposed=1, accepted=1, rejected=0
[PreWarm] 12 new templates, 4 cached, 16 unique topologies (250ms)
[Timing] fitness=49414ms breeding=3539ms breedingWorker=3539ms mainThreadOverlap=1ms resultProcessing=1ms memoryEviction=1ms preWarm=250ms pipelineOverlap=256ms sort=0ms writeScores=9ms mutation=12652ms deduplication=523ms speciation=5ms total=71691ms
[Utilisation] fitness=0%fast/100%heavy breeding=0%fast/100%heavy overall=15%
[MutationOps] SUB_CONN proposed=1 noChange=0 applied=1 reverted=0 evaluated=0 accepted=0 rejected=0 evalMs=0 depth[in=0 mid=1 out=0 ?=0] | SUB_NODE proposed=1 noChange=0 applied=1 reverted=0 evaluated=0 accepted=0 rejected=0 evalMs=0 depth[in=1 mid=0 out=0 ?=0] | MOD_BIAS proposed=1 noChange=0 applied=1 reverted=0 evaluated=0 accepted=0 rejected=0 evalMs=0 depth[in=0 mid=0 out=0 ?=1] | MOD_WEIGHT proposed=0 noChange=0 applied=0 reverted=0 evaluated=2 accepted=0 rejected=2 evalMs=5801 delta[n=2 min=-1.4069 med=-0.6657 max=0.0756] depthRejected[in=0 mid=0 out=0 ?=2] || resolved=2 multiOperator=0 discarded=0 evalMs=5801 mcmc=1/1
[Throughput] wall=71691ms nonFitness=22277ms gensPerHour=50.2 fast=busy16962ms/idle699948ms/depth17/wait3492ms heavy=busy0ms/idle143382ms/depth4/wait0ms scorer=104.7ms/scored17/batchScored17/perCreatureScored0/batchInvocations1/creaturesPerSec0.3 corruptParentSkips=0
[NEAT-AI] Batch scorer partition: 16 forwardOnly batched, 0 recurrent batched, 0 per-creature
[MCMC] Gen: temp=0.9041, acceptance=100.0% (smoothed=100.0%), proposed=5, accepted=5, rejected=0
[PreWarm] 9 new templates, 8 cached, 17 unique topologies (241ms)
[Timing] fitness=29122ms breeding=3079ms breedingWorker=3079ms mainThreadOverlap=0ms resultProcessing=0ms memoryEviction=1ms preWarm=241ms pipelineOverlap=245ms sort=0ms writeScores=9ms mutation=2000ms deduplication=2089ms speciation=4ms total=41620ms
[Utilisation] fitness=0%fast/100%heavy breeding=0%fast/100%heavy overall=15%
[MutationOps] MOD_BIAS proposed=2 noChange=0 applied=2 reverted=0 evaluated=1 accepted=0 rejected=1 evalMs=1815 delta[n=1 min=-1.0518 med=-1.0518 max=-1.0518] depth[in=0 mid=0 out=0 ?=2] depthRejected[in=0 mid=0 out=0 ?=1] | MOD_WEIGHT proposed=3 noChange=0 applied=3 reverted=0 evaluated=0 accepted=0 rejected=0 evalMs=0 depth[in=0 mid=0 out=0 ?=3] | SUB_CONN proposed=0 noChange=0 applied=0 reverted=0 evaluated=1 accepted=0 rejected=1 evalMs=1815 depthRejected[in=0 mid=1 out=0 ?=0] | SUB_NODE proposed=0 noChange=0 applied=0 reverted=0 evaluated=1 accepted=0 rejected=1 evalMs=1815 delta[n=1 min=-0.6984 med=-0.6984 max=-0.6984] depthRejected[in=1 mid=0 out=0 ?=0] || resolved=3 multiOperator=0 discarded=0 evalMs=5445 mcmc=5/5
[Throughput] wall=41620ms nonFitness=12498ms gensPerHour=86.5 fast=busy15943ms/idle400257ms/depth16/wait2989ms heavy=busy0ms/idle83240ms/depth4/wait0ms scorer=83.9ms/scored16/batchScored16/perCreatureScored0/batchInvocations1/creaturesPerSec0.5 corruptParentSkips=0
[NEAT-AI] Batch scorer partition: 17 forwardOnly batched, 0 recurrent batched, 0 per-creature
[MCMC] Gen: temp=0.8815, acceptance=100.0% (smoothed=100.0%), proposed=2, accepted=2, rejected=0
[PreWarm] 14 new templates, 3 cached, 17 unique topologies (361ms)
[Timing] fitness=31776ms breeding=4694ms breedingWorker=4694ms mainThreadOverlap=0ms resultProcessing=0ms memoryEviction=1ms preWarm=361ms pipelineOverlap=364ms sort=0ms writeScores=8ms mutation=665ms deduplication=809ms speciation=3ms total=47240ms
[Utilisation] fitness=0%fast/100%heavy breeding=0%fast/100%heavy overall=14%
[MutationOps] MOD_BIAS proposed=1 noChange=0 applied=1 reverted=0 evaluated=2 accepted=0 rejected=2 evalMs=3728 delta[n=2 min=0.0068 med=0.1592 max=0.3115] depth[in=0 mid=0 out=0 ?=1] depthRejected[in=0 mid=0 out=0 ?=2] | MOD_SQUASH proposed=1 noChange=0 applied=1 reverted=0 evaluated=0 accepted=0 rejected=0 evalMs=0 depth[in=0 mid=1 out=0 ?=0] | MOD_WEIGHT proposed=1 noChange=0 applied=1 reverted=0 evaluated=3 accepted=0 rejected=3 evalMs=5592 delta[n=3 min=-0.3854 med=-0.0193 max=0.0205] depth[in=0 mid=0 out=0 ?=1] depthRejected[in=0 mid=0 out=0 ?=3] || resolved=5 multiOperator=0 discarded=0 evalMs=9320 mcmc=2/2
[Throughput] wall=47240ms nonFitness=15464ms gensPerHour=76.2 fast=busy25385ms/idle447015ms/depth17/wait5226ms heavy=busy0ms/idle94480ms/depth4/wait0ms scorer=88.5ms/scored17/batchScored17/perCreatureScored0/batchInvocations1/creaturesPerSec0.5 corruptParentSkips=0
Generation 5 score 0.43336662172940754 (avg: -12934883.3833) error 0.5666192995282511 avg time 30s 863ms
Set training/discovery clean up count to 2
Avg time per generation: 62616ms, max wait: 4 generations in 5 minutes
Training timeout set to 1 generations (based on limiting factor)
[Neat] Wall-clock deadline passed; granting a bounded grace cycle for 4 in-flight training task(s) to return cooperatively before force-abandon
[Neat] Awaiting 4 in-flight task(s) (0 discovery, 4 training) with 30000ms timeout
[Neat] Training over-run: elapsed exceeded expected duration × 1 — stopping new generations and finishing with the evolved population
[Neat] Stuck-task watchdog abandoning 4 training task(s) past per-task deadline: 74db89a2, 92630f4c, 1ac55bd5, 44e131c3
Worker task 2 on worker-11 was cancelled after 277935ms without a response: training task 74db89a2 passed its per-task deadline without returning a result (GRQ #4489)
[worker-11] quarantined — training task 74db89a2 passed its per-task deadline without returning a result; it will not be given further work (GRQ #4489)
Worker task 3 on worker-11 was cancelled after 277875ms without a response: training task 74db89a2 passed its per-task deadline without returning a result (GRQ #4489)
Worker task 4 on worker-11 was cancelled after 277851ms without a response: training task 74db89a2 passed its per-task deadline without returning a result (GRQ #4489)
Worker task 2 on worker-12 was cancelled after 277908ms without a response: training task 92630f4c passed its per-task deadline without returning a result (GRQ #4489)
[worker-12] quarantined — training task 92630f4c passed its per-task deadline without returning a result; it will not be given further work (GRQ #4489)
Waiting for training/discovery clean up 2
Waiting for training/discovery clean up 1
Training failed for creature 74db89a2: WorkerTaskCancelledError: Worker task 2 on worker-11 was cancelled after 277935ms without a response: training task 74db89a2 passed its per-task deadline without returning a result (GRQ #4489)
    at WorkerHandler.cancelTask (https://jsr.io/@stsoftware/neat-ai/7.0.48/src/workers/WorkerHandlerBase.ts:682:19)
    at Neat.cancelTrainingWork (https://jsr.io/@stsoftware/neat-ai/7.0.48/src/NEAT/Neat.ts:912:37)
    at Neat.abandonStuckTrainingTasks (https://jsr.io/@stsoftware/neat-ai/7.0.48/src/NEAT/Neat.ts:875:14)
    at Neat.finishUp (https://jsr.io/@stsoftware/neat-ai/7.0.48/src/NEAT/Neat.ts:712:10)
    at Module.evolveDir (https://jsr.io/@stsoftware/neat-ai/7.0.48/src/creature/CreatureTraining.ts:634:16)
    at async runLearn (file:///Users/rocket/GRQ/src/Learn.ts:1036:14)
    at async file:///Users/rocket/GRQ/src/Learn.ts:1161:3 {
  taskID: 2,
  workerID: 11,
  elapsedMs: 277935,
  reason: "training task 74db89a2 passed its per-task deadline without returning a result"
}
Training failed for creature 1ac55bd5: WorkerTaskCancelledError: Worker task 3 on worker-11 was cancelled after 277875ms without a response: training task 74db89a2 passed its per-task deadline without returning a result (GRQ #4489)
    at WorkerHandler.cancelTask (https://jsr.io/@stsoftware/neat-ai/7.0.48/src/workers/WorkerHandlerBase.ts:682:19)
    at WorkerHandler.cancelAllTasks (https://jsr.io/@stsoftware/neat-ai/7.0.48/src/workers/WorkerHandlerBase.ts:702:16)
    at WorkerHandler.quarantine (https://jsr.io/@stsoftware/neat-ai/7.0.48/src/workers/WorkerHandlerBase.ts:723:10)
    at Neat.cancelTrainingWork (https://jsr.io/@stsoftware/neat-ai/7.0.48/src/NEAT/Neat.ts:914:21)
    at Neat.abandonStuckTrainingTasks (https://jsr.io/@stsoftware/neat-ai/7.0.48/src/NEAT/Neat.ts:875:14)
    at Neat.finishUp (https://jsr.io/@stsoftware/neat-ai/7.0.48/src/NEAT/Neat.ts:712:10)
    at Module.evolveDir (https://jsr.io/@stsoftware/neat-ai/7.0.48/src/creature/CreatureTraining.ts:634:16)
    at async runLearn (file:///Users/rocket/GRQ/src/Learn.ts:1036:14)
    at async file:///Users/rocket/GRQ/src/Learn.ts:1161:3 {
  taskID: 3,
  workerID: 11,
  elapsedMs: 277875,
  reason: "training task 74db89a2 passed its per-task deadline without returning a result"
}
Training failed for creature 44e131c3: WorkerTaskCancelledError: Worker task 4 on worker-11 was cancelled after 277851ms without a response: training task 74db89a2 passed its per-task deadline without returning a result (GRQ #4489)
    at WorkerHandler.cancelTask (https://jsr.io/@stsoftware/neat-ai/7.0.48/src/workers/WorkerHandlerBase.ts:682:19)
    at WorkerHandler.cancelAllTasks (https://jsr.io/@stsoftware/neat-ai/7.0.48/src/workers/WorkerHandlerBase.ts:702:16)
    at WorkerHandler.quarantine (https://jsr.io/@stsoftware/neat-ai/7.0.48/src/workers/WorkerHandlerBase.ts:723:10)
    at Neat.cancelTrainingWork (https://jsr.io/@stsoftware/neat-ai/7.0.48/src/NEAT/Neat.ts:914:21)
    at Neat.abandonStuckTrainingTasks (https://jsr.io/@stsoftware/neat-ai/7.0.48/src/NEAT/Neat.ts:875:14)
    at Neat.finishUp (https://jsr.io/@stsoftware/neat-ai/7.0.48/src/NEAT/Neat.ts:712:10)
    at Module.evolveDir (https://jsr.io/@stsoftware/neat-ai/7.0.48/src/creature/CreatureTraining.ts:634:16)
    at async runLearn (file:///Users/rocket/GRQ/src/Learn.ts:1036:14)
    at async file:///Users/rocket/GRQ/src/Learn.ts:1161:3 {
  taskID: 4,
  workerID: 11,
  elapsedMs: 277851,
  reason: "training task 74db89a2 passed its per-task deadline without returning a result"
}
Training failed for creature 92630f4c: WorkerTaskCancelledError: Worker task 2 on worker-12 was cancelled after 277908ms without a response: training task 92630f4c passed its per-task deadline without returning a result (GRQ #4489)
    at WorkerHandler.cancelTask (https://jsr.io/@stsoftware/neat-ai/7.0.48/src/workers/WorkerHandlerBase.ts:682:19)
    at Neat.cancelTrainingWork (https://jsr.io/@stsoftware/neat-ai/7.0.48/src/NEAT/Neat.ts:912:37)
    at Neat.abandonStuckTrainingTasks (https://jsr.io/@stsoftware/neat-ai/7.0.48/src/NEAT/Neat.ts:875:14)
    at Neat.finishUp (https://jsr.io/@stsoftware/neat-ai/7.0.48/src/NEAT/Neat.ts:712:10)
    at Module.evolveDir (https://jsr.io/@stsoftware/neat-ai/7.0.48/src/creature/CreatureTraining.ts:634:16)
    at async runLearn (file:///Users/rocket/GRQ/src/Learn.ts:1036:14)
    at async file:///Users/rocket/GRQ/src/Learn.ts:1161:3 {
  taskID: 2,
  workerID: 12,
  elapsedMs: 277908,
  reason: "training task 92630f4c passed its per-task deadline without returning a result"
}
[evolveDir] teardown complete: 12 worker(s) terminated, 0 detached; replay queue drained
[training-skip] summary skipped=0 populationSkipped=0 creatureSkipped=0 otherSkipped=0 improvements=0 regressions=0 noChange=0 neatSkipped=0 regressionRate=0 (#4713)
2026-10-02T13:33:24.937Z [INFO] [Learn] [pid-51039] Evolution of 5 generations in 5m 44s, averaging 1m 8s 711ms
2026-10-02T13:33:24.937Z [INFO] [Learn] [pid-51039] [seed] loaded=35 skipped=0 kept=35 dropped=0 populationSize=20 dir=.creatures (#4300)
2026-10-02T13:33:24.937Z [INFO] [Learn] [pid-51039] [seed] best=1.json@0.43635534544284055 worst-kept=15.json@-Infinity best-dropped=none (#4300)
2026-10-02T13:33:24.937Z [WARN] [Learn] [pid-51039] model training over-run: elapsed 5m 43s vs expected 5m — stopping further generations; results committed (#4141)
2026-10-02T13:33:25.097Z [INFO] [saveValidatedCreatureExport] [pid-51039] [forward-only] saved file=.network-sampler.json
[checkin-reserve] overrun: loop 2 Learn ran 5m49s against --timeout=5 min (overran 0m49s); sized with 160m00s left, launched with 149m00s left (11m00s consumed before launch) (#4872)
[result-metadata] stamped .result-sampler.json with samplerBuildTimeMs=14360
Loop 3 of 5
⏭️  Loop 3: remaining budget too small (~1 min < floor) — skipping this loop's evolution to preserve the final loop + check-in reserve (#2598)
From github.com:stSoftwareAU/GRQ-cluster
 * branch              main       -> FETCH_HEAD
   a2b23fc3..81f1e94b  main       -> origin/main
Updating a2b23fc3..81f1e94b
Updating files:  66% (2/3)Updating files: 100% (3/3)Updating files: 100% (3/3), done.
Fast-forward
 performance.csv                         |  2 +
 statistics/GRQ-13/2026/10/02/13-30.json | 76 +++++++++++++++++++++++++++++++++
 statistics/GRQ-18/2026/10/02/13-19.json | 76 +++++++++++++++++++++++++++++++++
 3 files changed, 154 insertions(+)
 create mode 100644 statistics/GRQ-13/2026/10/02/13-30.json
 create mode 100644 statistics/GRQ-18/2026/10/02/13-19.json
ℹ️ [creature-artefact] ../GRQ-cluster/creature.json absent — reading legacy network.json (#4153 rollout window)
GIT-OP: [sampler-copyNetworks] git pull ok in 7s (attempt 1/3, timeout=600s)
From github.com:stSoftwareAU/GRQ-sampler
   91c4f65f..158f9f21  main       -> origin/main
Updating 91c4f65f..158f9f21
Updating files:  40% (2/5)Updating files:  60% (3/5)Updating files:  80% (4/5)Updating files: 100% (5/5)Updating files: 100% (5/5), done.
Fast-forward
 performance.csv       |   3 +
 samples/GRQ-13-1.json | 515 +++++++--------------------------
 samples/GRQ-18-1.json | 338 +++++++++++-----------
 samples/GRQ-24-1.json | 529 +++++++---------------------------
 samples/GRQ-3-1.json  | 773 +++++++++++++++++++++++++++++++++++++-------------
 5 files changed, 943 insertions(+), 1215 deletions(-)
[samples] pool shrunk to fit the run's soft budget scored=8 of considered=48 remaining=1410s share=20% secs_per_creature=56 — the rest are dropped at random this run, never by tag (#4671)
[samples] considered=8 dir=samples top=6 random=2 (#4300)
[samples] scoring pool=8 data=/Users/rocket/GRQ/.trainData-binary_116 — ranking on locally measured scores, stored score tags are never used (#4375)
[samples] scoring deadline=3600s/scorer-pass pool=8 secs_per_creature=56 slack=3x floor=3600s (#4615)
2026-10-02T13:33:40.356Z [INFO] [batchRustScore] [pid-53436] 🦀 Rust batch score: 8 creature(s) → /Users/rocket/.cargo/bin/rust_scorer
2026-10-02T13:39:37.140Z [INFO] [ScoreSeedPool] [pid-53436] measured 8 of 8 seed candidate(s) on /Users/rocket/GRQ/.trainData-binary_116
[samples] scoring pass ok rc=0 elapsed=358s pool=8 secs_per_creature=45 (#4494/#4498)
[samples] scored measured=8 unmeasured=0 of considered=8 (#4375)
[samples] random-pool eligible=8 quarantined=0 best=0.4318724862878346 floor=0.3239043647 limit=25% ranked-taken=6 available=2 (#4299, #4677)
[samples] pick slot=top rank=1 score=0.4318724862878346 measured=local file=GRQ-19-1.json (#4375)
[samples] pick slot=top rank=2 score=0.4318544573186034 measured=local file=GRQ-23-ockham.json (#4375)
[samples] pick slot=top rank=3 score=0.4317824496668345 measured=local file=GRQ-23-lamarck.json (#4375)
[samples] pick slot=top rank=4 score=0.4317221694448851 measured=local file=GRQ-13-lamarck.json (#4375)
[samples] pick slot=top rank=5 score=0.43156290703056893 measured=local file=GRQ-19-lamarck.json (#4375)
[samples] pick slot=top rank=6 score=0.4315238115147086 measured=local file=GRQ-24-forests.json (#4375)
[samples] pick slot=random rank=- score=0.43136719372341403 measured=local file=GRQ-3-ockham.json (#4375)
[samples] pick slot=random rank=- score=0.4313703717594215 measured=local file=GRQ-18-lamarck.json (#4375)
[samples] seeded slots=8 of 8 top=6 random=2 considered=8 (#4677)
ℹ️ [creature-artefact] ../GRQ-portfolio/best/creature.json absent — reading legacy network.json (#4153 rollout window)
[creatures] copyNetworks: 35 creature file(s) in /Users/rocket/GRQ/.creatures (#4300)
[creatures] copyNetworks: 1.json 10.json 11.json 12.json 13.json 14.json 15.json 16.json 17.json 18.json 19.json 2.json 3.json 4.json 5.json 6.json 7.json 8.json 9.json GRQ-13-lamarck.json GRQ-18-lamarck.json GRQ-19-1.json GRQ-19-lamarck.json GRQ-23-lamarck.json GRQ-23-ockham.json GRQ-24-forests.json GRQ-3-ockham.json best.json cluster.json sampler-1.json sampler-2.json sampler-3.json sampler-4.json sampler-5.json worker.json 
3) Sample rate: 0.47, timeout: 10, costName: MSE
sampler-preflight: bounding corpus du with the bash watchdog (30s) — timeout/gtimeout is not on this host (#4744)
sampler-preflight: phase=slice-0.47 free_gb=74.1 corpus_gb=21.7 required_gb=12.2 decision=ok
[heap-grant] stage=Sampler | Heap: 4326 MB | Total RAM: 16 GB | Available: 12779 MB | Planning budget: 8192 MB | FFI/OS headroom: 1536 MB | Floor: 4096 MB | Cap: 24576 MB (default) | Clamp: 11243 MB (available)
🏭 .trainData-binary_116-sampler/sample-47.bin — 1074326 of 2287083 records kept from 520 file(s), seed 16437068094017890483
📄 .trainData-binary_116-sampler/manifest.json — sha256 af8684ce62daaf7db47e7de34eb1e5c700a2f6107132c662186a918b20468443
2026-10-02T13:40:41.547Z [INFO] [Sampler] [pid-57963] 🏭 sampler implementation=refinery elapsed_ms=46390 records_read=2287083 records_written=1074326 output=.trainData-binary_116-sampler/sample-47.bin
2026-10-02T13:40:41.549Z [INFO] [Sampler] [pid-57963] Total time taken: 46s 392ms
[scan-creatures] scanned=35 quarantined=0 repaired=0 reordered=0 duration=988ms
⏭️  Skipped src/Learn.ts evolution for loop 3 — remaining budget below the floor (#2596)
Loop 4 of 5
⏭️  Loop 4: remaining budget too small (~0 min < floor) — skipping this loop's evolution to preserve the final loop + check-in reserve (#2598)
From github.com:stSoftwareAU/GRQ-cluster
 * branch              main       -> FETCH_HEAD
Already up to date.
ℹ️ [creature-artefact] ../GRQ-cluster/creature.json absent — reading legacy network.json (#4153 rollout window)
GIT-OP: [sampler-copyNetworks] git pull ok in 7s (attempt 1/3, timeout=600s)
From github.com:stSoftwareAU/GRQ-sampler
   158f9f21..d81a163e  main       -> origin/main
Updating 158f9f21..d81a163e
Fast-forward
 performance.csv | 1 +
 1 file changed, 1 insertion(+)
[samples] pool shrunk to fit the run's soft budget scored=8 of considered=48 remaining=977s share=20% secs_per_creature=45 — the rest are dropped at random this run, never by tag (#4671)
[samples] considered=8 dir=samples top=6 random=2 (#4300)
[samples] scoring pool=8 data=/Users/rocket/GRQ/.trainData-binary_116 — ranking on locally measured scores, stored score tags are never used (#4375)
[samples] scoring deadline=3600s/scorer-pass pool=8 secs_per_creature=45 slack=3x floor=3600s (#4615)
2026-10-02T13:40:53.685Z [INFO] [batchRustScore] [pid-58524] 🦀 Rust batch score: 8 creature(s) → /Users/rocket/.cargo/bin/rust_scorer
2026-10-02T13:47:18.090Z [INFO] [ScoreSeedPool] [pid-58524] measured 8 of 8 seed candidate(s) on /Users/rocket/GRQ/.trainData-binary_116
[samples] scoring pass ok rc=0 elapsed=386s pool=8 secs_per_creature=49 (#4494/#4498)
[samples] scored measured=8 unmeasured=0 of considered=8 (#4375)
[samples] random-pool eligible=8 quarantined=0 best=0.4318839564043567 floor=0.3239129673 limit=25% ranked-taken=6 available=2 (#4299, #4677)
[samples] pick slot=top rank=1 score=0.4318839564043567 measured=local file=GRQ-10-1.json (#4375)
[samples] pick slot=top rank=2 score=0.4318594784975671 measured=local file=Mac-Ultra-M2-lamarck.json (#4375)
[samples] pick slot=top rank=3 score=0.43182271405404477 measured=local file=GRQ-23-forests.json (#4375)
[samples] pick slot=top rank=4 score=0.4317824496668345 measured=local file=GRQ-23-lamarck.json (#4375)
[samples] pick slot=top rank=5 score=0.43151319768893753 measured=local file=Mac-Ultra-M2-ockham.json (#4375)
[samples] pick slot=top rank=6 score=0.43118131883577865 measured=local file=GRQ-25-lamarck.json (#4375)
[samples] pick slot=random rank=- score=0.3323836358562873 measured=local file=Enceladus-Terminal.json (#4375)
[samples] pick slot=random rank=- score=0.4306237394369276 measured=local file=GRQ-3-lamarck.json (#4375)
[samples] seeded slots=8 of 8 top=6 random=2 considered=8 (#4677)
ℹ️ [creature-artefact] ../GRQ-portfolio/best/creature.json absent — reading legacy network.json (#4153 rollout window)
[creatures] copyNetworks: 42 creature file(s) in /Users/rocket/GRQ/.creatures (#4300)
[creatures] copyNetworks: 1.json 10.json 11.json 12.json 13.json 14.json 15.json 16.json 17.json 18.json 19.json 2.json 3.json 4.json 5.json 6.json 7.json 8.json 9.json Enceladus-Terminal.json GRQ-10-1.json GRQ-13-lamarck.json GRQ-18-lamarck.json GRQ-19-1.json GRQ-19-lamarck.json GRQ-23-forests.json GRQ-23-lamarck.json GRQ-23-ockham.json GRQ-24-forests.json GRQ-25-lamarck.json GRQ-3-lamarck.json GRQ-3-ockham.json Mac-Ultra-M2-lamarck.json Mac-Ultra-M2-ockham.json best.json cluster.json sampler-1.json sampler-2.json sampler-3.json sampler-4.json sampler-5.json worker.json 
4) Sample rate: 0.32, timeout: 17, costName: MSE
sampler-preflight: bounding corpus du with the bash watchdog (30s) — timeout/gtimeout is not on this host (#4744)
sampler-preflight: phase=slice-0.32 free_gb=65.1 corpus_gb=21.7 required_gb=8.3 decision=ok
[heap-grant] stage=Sampler | Heap: 4326 MB | Total RAM: 16 GB | Available: 13598 MB | Planning budget: 8192 MB | FFI/OS headroom: 1536 MB | Floor: 4096 MB | Cap: 24576 MB (default) | Clamp: 12062 MB (available)
🏭 .trainData-binary_116-sampler/sample-32.bin — 732457 of 2287083 records kept from 520 file(s), seed 16320123879170560146
📄 .trainData-binary_116-sampler/manifest.json — sha256 9aea8811ade83210e0ce05b19392d1c94a190f46e6173a545579b3702f5d47d9
2026-10-02T13:48:10.291Z [INFO] [Sampler] [pid-61571] 🏭 sampler implementation=refinery elapsed_ms=30704 records_read=2287083 records_written=732457 output=.trainData-binary_116-sampler/sample-32.bin
2026-10-02T13:48:10.302Z [INFO] [Sampler] [pid-61571] Total time taken: 30s 716ms
[scan-creatures] scanned=42 quarantined=0 repaired=0 reordered=0 duration=1067ms
⏭️  Skipped src/Learn.ts evolution for loop 4 — remaining budget below the floor (#2596)
Loop 5 of 5
⏱️  Loop 5 (final, 100% eval): remaining budget below floor but this loop is mandatory — running with --timeout=3 min to preserve the comparable creature + single check-in (#2598)
⏱️  Loop 5 (final, 100% eval): raising --timeout 3 → 12 min (sacred final-loop allocation #2645)
From github.com:stSoftwareAU/GRQ-cluster
 * branch              main       -> FETCH_HEAD
Already up to date.
ℹ️ [creature-artefact] ../GRQ-cluster/creature.json absent — reading legacy network.json (#4153 rollout window)
GIT-OP: [sampler-copyNetworks] git pull ok in 6s (attempt 1/3, timeout=600s)
From github.com:stSoftwareAU/GRQ-sampler
   d81a163e..0b32b84f  main       -> origin/main
Updating d81a163e..0b32b84f
Updating files: 100% (3/3)Updating files: 100% (3/3), done.
Fast-forward
 samples/Enceladus.json |     32 +-
 samples/GRQ-13-1.json  | 364079 ----------------------------------------------
 samples/GRQ-19-1.json  |    500 +-
 3 files changed, 238 insertions(+), 364373 deletions(-)
 delete mode 100644 samples/GRQ-13-1.json
[samples] pool shrunk to fit the run's soft budget scored=8 of considered=47 remaining=528s share=20% secs_per_creature=49 — the rest are dropped at random this run, never by tag (#4671)
[samples] considered=8 dir=samples top=6 random=2 (#4300)
[samples] scoring pool=8 data=/Users/rocket/GRQ/.trainData-binary_116 — ranking on locally measured scores, stored score tags are never used (#4375)
[samples] scoring deadline=3600s/scorer-pass pool=8 secs_per_creature=49 slack=3x floor=3600s (#4615)
2026-10-02T13:48:23.172Z [INFO] [batchRustScore] [pid-62019] 🦀 Rust batch score: 8 creature(s) → /Users/rocket/.cargo/bin/rust_scorer
2026-10-02T13:54:25.262Z [INFO] [ScoreSeedPool] [pid-62019] measured 8 of 8 seed candidate(s) on /Users/rocket/GRQ/.trainData-binary_116
[samples] scoring pass ok rc=0 elapsed=364s pool=8 secs_per_creature=46 (#4494/#4498)
[samples] scored measured=8 unmeasured=0 of considered=8 (#4375)
[samples] random-pool eligible=8 quarantined=0 best=0.4318839611310921 floor=0.3239129708 limit=25% ranked-taken=6 available=2 (#4299, #4677)
[samples] pick slot=top rank=1 score=0.4318839611310921 measured=local file=GRQ-18-1.json (#4375)
[samples] pick slot=top rank=2 score=0.43186648679657236 measured=local file=GRQ-25-forests.json (#4375)
[samples] pick slot=top rank=3 score=0.431862991270169 measured=local file=GRQ-18-ockham.json (#4375)
[samples] pick slot=top rank=4 score=0.4318596134223701 measured=local file=GRQ-24-lamarck.json (#4375)
[samples] pick slot=top rank=5 score=0.4317221645919221 measured=local file=GRQ-13-lamarck.json (#4375)
[samples] pick slot=top rank=6 score=0.4315238115147086 measured=local file=GRQ-24-forests.json (#4375)
[samples] pick slot=random rank=- score=0.4308718510736075 measured=local file=GRQ-24-ockham.json (#4375)
[samples] pick slot=random rank=- score=0.4312270020856146 measured=local file=GRQ-10-ockham.json (#4375)
[samples] seeded slots=8 of 8 top=6 random=2 considered=8 (#4677)
[creatures] copyNetworks(short): 38 creature file(s) in /Users/rocket/GRQ/.creatures (#4300)
[creatures] copyNetworks(short): 1.json 2.json 3.json 4.json 5.json 6.json 7.json 8.json 9.json Enceladus-Terminal.json GRQ-10-1.json GRQ-10-ockham.json GRQ-13-lamarck.json GRQ-18-1.json GRQ-18-lamarck.json GRQ-18-ockham.json GRQ-19-1.json GRQ-19-lamarck.json GRQ-23-forests.json GRQ-23-lamarck.json GRQ-23-ockham.json GRQ-24-forests.json GRQ-24-lamarck.json GRQ-24-ockham.json GRQ-25-forests.json GRQ-25-lamarck.json GRQ-3-lamarck.json GRQ-3-ockham.json Mac-Ultra-M2-lamarck.json Mac-Ultra-M2-ockham.json best.json cluster.json sampler-1.json sampler-2.json sampler-3.json sampler-4.json sampler-5.json worker.json 
5) Sample rate: 1, timeout: 12, costName: MSE
sampler-preflight: bounding corpus du with the bash watchdog (30s) — timeout/gtimeout is not on this host (#4744)
sampler-preflight: phase=slice-1 free_gb=68.2 corpus_gb=21.7 required_gb=26.0 decision=ok
[heap-grant] stage=Sampler | Heap: 4326 MB | Total RAM: 16 GB | Available: 12943 MB | Planning budget: 8192 MB | FFI/OS headroom: 1536 MB | Floor: 4096 MB | Cap: 24576 MB (default) | Clamp: 11407 MB (available)
🏭 .trainData-binary_116-sampler/sample-100.bin — 2287083 of 2287083 records kept from 520 file(s), seed 1665129255797565786
📄 .trainData-binary_116-sampler/manifest.json — sha256 f9f422dae15645dcc1b8cd2ec5015447b8e382195061a7da40583e8bb3eae0c5
2026-10-02T13:56:07.182Z [INFO] [Sampler] [pid-66777] 🏭 sampler implementation=refinery elapsed_ms=80037 records_read=2287083 records_written=2287083 output=.trainData-binary_116-sampler/sample-100.bin
2026-10-02T13:56:07.191Z [INFO] [Sampler] [pid-66777] Total time taken: 1m 20s
[scan-creatures] scanned=38 quarantined=0 repaired=0 reordered=0 duration=1048ms
👥 Population size (sampler loop 5): 20
[heap-grant] stage=SamplerLearn | Heap: 4326 MB | Total RAM: 16 GB | Available: 12943 MB | Planning budget: 8192 MB | FFI/OS headroom: 1536 MB | Floor: 4096 MB | Cap: 24576 MB (default) | Clamp: 11407 MB (available)
2026-10-02T13:56:09.155Z [INFO] [from-json-hook] [pid-67352] [from-json-hook] installed source=Learn
2026-10-02T13:56:09.156Z [INFO] [memoryProfile] [pid-67352] [memory-profile] host=GRQ-22 totalMB=4326 profile=low-memory popSize=20 activationCap=4
2026-10-02T13:56:09.317Z [INFO] [Learn] [pid-67352] WASM activation initialised for main thread and workers
[neat-ai] running version 7.0.48
2026-10-02T13:56:09.481Z [INFO] [Learn] [pid-67352] Eli Lewis (Observations: 2,511, Neurons: 8,242, Synapses: 56,408 & Score: 0.433)
2026-10-02T13:56:09.598Z [INFO] [Learn] [pid-67352] [seed] loaded file=sampler-5.json score=0.4318839600270615
2026-10-02T13:56:09.704Z [INFO] [Learn] [pid-67352] [seed] loaded file=GRQ-18-lamarck.json score=0.43137035481697694
2026-10-02T13:56:09.794Z [INFO] [Learn] [pid-67352] [seed] loaded file=6.json score=none
2026-10-02T13:56:09.836Z [INFO] [Learn] [pid-67352] [seed] loaded file=7.json score=none
2026-10-02T13:56:09.947Z [INFO] [Learn] [pid-67352] [seed] loaded file=sampler-4.json score=0.43336662172940754
2026-10-02T13:56:10.069Z [INFO] [Learn] [pid-67352] [seed] loaded file=GRQ-10-1.json score=0.43188395567343024
2026-10-02T13:56:10.167Z [INFO] [Learn] [pid-67352] [seed] loaded file=GRQ-19-lamarck.json score=0.43156291201018676
2026-10-02T13:56:10.206Z [INFO] [Learn] [pid-67352] [seed] loaded file=best.json score=0.40915305436761334
2026-10-02T13:56:10.313Z [INFO] [Learn] [pid-67352] [seed] loaded file=GRQ-10-ockham.json score=0.43122699473268344
2026-10-02T13:56:10.418Z [INFO] [Learn] [pid-67352] [seed] loaded file=GRQ-18-1.json score=0.4318839564043567
2026-10-02T13:56:10.519Z [INFO] [Learn] [pid-67352] [seed] loaded file=Mac-Ultra-M2-lamarck.json score=0.43185948310567035
2026-10-02T13:56:10.612Z [INFO] [Learn] [pid-67352] [seed] loaded file=sampler-3.json score=0.43336662172940754
2026-10-02T13:56:10.717Z [INFO] [Learn] [pid-67352] [seed] loaded file=GRQ-13-lamarck.json score=0.4317221593994262
2026-10-02T13:56:10.824Z [INFO] [Learn] [pid-67352] [seed] loaded file=GRQ-25-forests.json score=0.43186648679657236
2026-10-02T13:56:10.932Z [INFO] [Learn] [pid-67352] [seed] loaded file=GRQ-25-lamarck.json score=0.431181312344545
2026-10-02T13:56:11.044Z [INFO] [Learn] [pid-67352] [seed] loaded file=1.json score=0.43336662172940754
2026-10-02T13:56:11.138Z [INFO] [Learn] [pid-67352] [seed] loaded file=sampler-2.json score=0.43336662172940754
2026-10-02T13:56:11.236Z [INFO] [Learn] [pid-67352] [seed] loaded file=worker.json score=0.4318839564043567
2026-10-02T13:56:11.333Z [INFO] [Learn] [pid-67352] [seed] loaded file=GRQ-23-forests.json score=0.4318227091795947
2026-10-02T13:56:11.431Z [INFO] [Learn] [pid-67352] [seed] loaded file=GRQ-24-lamarck.json score=0.4318596134223701
2026-10-02T13:56:11.533Z [INFO] [Learn] [pid-67352] [seed] loaded file=Mac-Ultra-M2-ockham.json score=0.4315131972660567
2026-10-02T13:56:11.626Z [INFO] [Learn] [pid-67352] [seed] loaded file=GRQ-24-forests.json score=0.4315238115147086
2026-10-02T13:56:11.731Z [INFO] [Learn] [pid-67352] [seed] loaded file=GRQ-24-ockham.json score=0.4308718519269672
2026-10-02T13:56:11.836Z [INFO] [Learn] [pid-67352] [seed] loaded file=GRQ-23-lamarck.json score=0.4317824857412193
2026-10-02T13:56:11.945Z [INFO] [Learn] [pid-67352] [seed] loaded file=2.json score=0.43336662172940754
2026-10-02T13:56:12.040Z [INFO] [Learn] [pid-67352] [seed] loaded file=sampler-1.json score=0.43635534544284055
2026-10-02T13:56:12.146Z [INFO] [Learn] [pid-67352] [seed] loaded file=GRQ-23-ockham.json score=0.43185442400469676
2026-10-02T13:56:12.288Z [INFO] [Learn] [pid-67352] [seed] loaded file=GRQ-18-ockham.json score=0.431862991270169
2026-10-02T13:56:12.393Z [INFO] [Learn] [pid-67352] [seed] loaded file=GRQ-3-lamarck.json score=0.4306237394369276
2026-10-02T13:56:12.487Z [INFO] [Learn] [pid-67352] [seed] loaded file=cluster.json score=0.4318544619846092
2026-10-02T13:56:12.515Z [INFO] [Learn] [pid-67352] [seed] loaded file=Enceladus-Terminal.json score=0.332383635800817
2026-10-02T13:56:12.628Z [INFO] [Learn] [pid-67352] [seed] loaded file=3.json score=0.43336662172940754
2026-10-02T13:56:12.722Z [INFO] [Learn] [pid-67352] [seed] loaded file=8.json score=none
2026-10-02T13:56:12.823Z [INFO] [Learn] [pid-67352] [seed] loaded file=GRQ-3-ockham.json score=0.43136718186375134
2026-10-02T13:56:12.913Z [INFO] [Learn] [pid-67352] [seed] loaded file=4.json score=0.43336662172940754
2026-10-02T13:56:13.014Z [INFO] [Learn] [pid-67352] [seed] loaded file=GRQ-19-1.json score=0.43187247363069614
2026-10-02T13:56:13.108Z [INFO] [Learn] [pid-67352] [seed] loaded file=5.json score=none
2026-10-02T13:56:13.143Z [INFO] [Learn] [pid-67352] [seed] loaded file=9.json score=none
2026-10-02T13:56:13.143Z [INFO] [Learn] [pid-67352] [seed] loaded=38 skipped=0 kept=38 dropped=0 populationSize=20 dir=.creatures (#4300)
2026-10-02T13:56:13.143Z [INFO] [Learn] [pid-67352] [seed] best=sampler-1.json@0.43635534544284055 worst-kept=9.json@-Infinity best-dropped=none (#4300)
2026-10-02T13:56:13.155Z [INFO] [Learn] [pid-67352] [learn] skipTrainingAfterConsecutiveRegressions=3
2026-10-02T13:56:13.155Z [INFO] [Learn] [pid-67352] [learn] skipTrainingAfterPopulationRegressions=6
2026-10-02T13:56:13.155Z [INFO] [Learn] [pid-67352] [learn] skipTrainingAfterPopulationNoProgress=0
2026-10-02T13:56:13.155Z [INFO] [Learn] [pid-67352] [inline-discovery-memory] nativeBudgetBytes=11489037516
2026-10-02T13:56:13.156Z [INFO] [Learn] [pid-67352] elitism 1, timeout 12, PopSize 20, cost MSE, SAMPLER
2026-10-02T13:56:13.156Z [INFO] [Learn] [pid-67352] Initialized in 4s 1ms
[WasmWorkerInit] worker=worker-1 outcome=ok handshakeMs=155 cache=hit cacheDir=/Users/rocket/.cache/neat-ai/wasm bundleBytes=1039872 bundleLoadMs=2 glueImportMs=10 instantiateMs=1 wasmTotalMs=13 workerError=none
[WasmWorkerInit] worker=worker-2 outcome=ok handshakeMs=141 cache=hit cacheDir=/Users/rocket/.cache/neat-ai/wasm bundleBytes=1039872 bundleLoadMs=2 glueImportMs=10 instantiateMs=1 wasmTotalMs=13 workerError=none
[WasmWorkerInit] worker=worker-3 outcome=ok handshakeMs=147 cache=hit cacheDir=/Users/rocket/.cache/neat-ai/wasm bundleBytes=1039872 bundleLoadMs=2 glueImportMs=10 instantiateMs=1 wasmTotalMs=13 workerError=none
[WasmWorkerInit] worker=worker-4 outcome=ok handshakeMs=145 cache=hit cacheDir=/Users/rocket/.cache/neat-ai/wasm bundleBytes=1039872 bundleLoadMs=2 glueImportMs=10 instantiateMs=1 wasmTotalMs=13 workerError=none
[WasmWorkerInit] worker=worker-5 outcome=ok handshakeMs=142 cache=hit cacheDir=/Users/rocket/.cache/neat-ai/wasm bundleBytes=1039872 bundleLoadMs=2 glueImportMs=10 instantiateMs=1 wasmTotalMs=13 workerError=none
[WasmWorkerInit] worker=worker-6 outcome=ok handshakeMs=145 cache=hit cacheDir=/Users/rocket/.cache/neat-ai/wasm bundleBytes=1039872 bundleLoadMs=2 glueImportMs=10 instantiateMs=1 wasmTotalMs=13 workerError=none
[WasmWorkerInit] worker=worker-7 outcome=ok handshakeMs=148 cache=hit cacheDir=/Users/rocket/.cache/neat-ai/wasm bundleBytes=1039872 bundleLoadMs=2 glueImportMs=10 instantiateMs=1 wasmTotalMs=13 workerError=none
[WasmWorkerInit] worker=worker-8 outcome=ok handshakeMs=141 cache=hit cacheDir=/Users/rocket/.cache/neat-ai/wasm bundleBytes=1039872 bundleLoadMs=2 glueImportMs=10 instantiateMs=1 wasmTotalMs=13 workerError=none
[WasmWorkerInit] worker=worker-9 outcome=ok handshakeMs=146 cache=hit cacheDir=/Users/rocket/.cache/neat-ai/wasm bundleBytes=1039872 bundleLoadMs=2 glueImportMs=10 instantiateMs=1 wasmTotalMs=13 workerError=none
[WasmWorkerInit] worker=worker-10 outcome=ok handshakeMs=145 cache=hit cacheDir=/Users/rocket/.cache/neat-ai/wasm bundleBytes=1039872 bundleLoadMs=2 glueImportMs=10 instantiateMs=1 wasmTotalMs=13 workerError=none
[WasmWorkerInit] worker=worker-11 outcome=ok handshakeMs=148 cache=hit cacheDir=/Users/rocket/.cache/neat-ai/wasm bundleBytes=1039872 bundleLoadMs=2 glueImportMs=10 instantiateMs=1 wasmTotalMs=13 workerError=none
[WasmWorkerInit] worker=worker-12 outcome=ok handshakeMs=141 cache=hit cacheDir=/Users/rocket/.cache/neat-ai/wasm bundleBytes=1039872 bundleLoadMs=2 glueImportMs=10 instantiateMs=1 wasmTotalMs=13 workerError=none
DeDuplication of 8 creatures to 31 in 1ms (previous experiment 1ms)
[DynamicPool] 2 idle heavy worker(s) assisting fitness evaluation
[NEAT-AI] Batch scorer partition: 31 forwardOnly batched, 0 recurrent batched, 0 per-creature
[DynamicPool] 2 idle heavy worker(s) assisting breeding
[neat-ai] running version 7.0.48
[neat-ai] running version 7.0.48
[neat-ai] running version 7.0.48
[neat-ai] running version 7.0.48
[neat-ai] running version 7.0.48
[neat-ai] running version 7.0.48
[WasmWorkerInit] worker=worker-13 outcome=ok handshakeMs=284 cache=hit cacheDir=/Users/rocket/.cache/neat-ai/wasm bundleBytes=1039872 bundleLoadMs=2 glueImportMs=10 instantiateMs=1 wasmTotalMs=13 workerError=none
[neat-ai] running version 7.0.48
[neat-ai] running version 7.0.48
[neat-ai] running version 7.0.48
[WasmWorkerInit] worker=worker-14 outcome=ok handshakeMs=518 cache=hit cacheDir=/Users/rocket/.cache/neat-ai/wasm bundleBytes=1039872 bundleLoadMs=2 glueImportMs=10 instantiateMs=1 wasmTotalMs=13 workerError=none
[WasmWorkerInit] worker=worker-15 outcome=ok handshakeMs=320 cache=hit cacheDir=/Users/rocket/.cache/neat-ai/wasm bundleBytes=1039872 bundleLoadMs=2 glueImportMs=10 instantiateMs=1 wasmTotalMs=13 workerError=none
[WasmWorkerInit] worker=worker-16 outcome=ok handshakeMs=632 cache=hit cacheDir=/Users/rocket/.cache/neat-ai/wasm bundleBytes=1039872 bundleLoadMs=2 glueImportMs=10 instantiateMs=1 wasmTotalMs=13 workerError=none
[MCMC] Gen: temp=0.9751, acceptance=100.0% (smoothed=100.0%), proposed=2, accepted=2, rejected=0
[PreWarm] 11 new templates, 5 cached, 16 unique topologies (235ms)
[Timing] fitness=1159945ms breeding=2575ms breedingWorker=2575ms mainThreadOverlap=0ms resultProcessing=0ms preWarm=235ms pipelineOverlap=248ms sort=0ms writeScores=20ms mutation=2796ms deduplication=446ms speciation=13ms total=1172227ms
[Utilisation] fitness=0%fast/0%heavy breeding=0%fast/0%heavy overall=0%
[MutationOps] MOD_BIAS proposed=2 noChange=0 applied=2 reverted=0 evaluated=0 accepted=0 rejected=0 evalMs=0 depth[in=0 mid=0 out=0 ?=2] || resolved=0 multiOperator=0 discarded=0 evalMs=0 mcmc=2/2
[Throughput] wall=1172227ms nonFitness=12282ms gensPerHour=3.1 fast=busy13005ms/idle11709265ms/depth31/wait4405ms heavy=busy0ms/idle2344454ms/depth0/wait0ms scorer=152.2ms/scored31/batchScored31/perCreatureScored0/batchInvocations1/creaturesPerSec0.0 corruptParentSkips=0
[WasmWorkerInit] worker=worker-17 outcome=ok handshakeMs=3909 cache=hit cacheDir=/Users/rocket/.cache/neat-ai/wasm bundleBytes=1039872 bundleLoadMs=2 glueImportMs=10 instantiateMs=1 wasmTotalMs=13 workerError=none
[WasmWorkerInit] worker=worker-18 outcome=ok handshakeMs=163 cache=hit cacheDir=/Users/rocket/.cache/neat-ai/wasm bundleBytes=1039872 bundleLoadMs=2 glueImportMs=10 instantiateMs=1 wasmTotalMs=13 workerError=none
Generation 1 score 0.4318839950380177 (avg: 0.2863) error 0.5667081307278448 time 19m 32s 233ms
[WasmWorkerInit] worker=worker-19 outcome=ok handshakeMs=242 cache=hit cacheDir=/Users/rocket/.cache/neat-ai/wasm bundleBytes=1039872 bundleLoadMs=2 glueImportMs=10 instantiateMs=1 wasmTotalMs=13 workerError=none
[WasmWorkerInit] worker=worker-20 outcome=ok handshakeMs=159 cache=hit cacheDir=/Users/rocket/.cache/neat-ai/wasm bundleBytes=1039872 bundleLoadMs=2 glueImportMs=10 instantiateMs=1 wasmTotalMs=13 workerError=none
[WasmWorkerInit] worker=worker-21 outcome=ok handshakeMs=135 cache=hit cacheDir=/Users/rocket/.cache/neat-ai/wasm bundleBytes=1039872 bundleLoadMs=2 glueImportMs=10 instantiateMs=1 wasmTotalMs=13 workerError=none
[WasmWorkerInit] worker=worker-22 outcome=ok handshakeMs=136 cache=hit cacheDir=/Users/rocket/.cache/neat-ai/wasm bundleBytes=1039872 bundleLoadMs=2 glueImportMs=10 instantiateMs=1 wasmTotalMs=13 workerError=none
[WasmWorkerInit] worker=worker-23 outcome=ok handshakeMs=135 cache=hit cacheDir=/Users/rocket/.cache/neat-ai/wasm bundleBytes=1039872 bundleLoadMs=2 glueImportMs=10 instantiateMs=1 wasmTotalMs=13 workerError=none
[WasmWorkerInit] worker=worker-24 outcome=ok handshakeMs=135 cache=hit cacheDir=/Users/rocket/.cache/neat-ai/wasm bundleBytes=1039872 bundleLoadMs=2 glueImportMs=10 instantiateMs=1 wasmTotalMs=13 workerError=none
[neat-ai] running version 7.0.48
[evolveDir] teardown complete: 12 worker(s) terminated, 0 detached; replay queue drained
[training-skip] summary skipped=0 populationSkipped=0 creatureSkipped=0 otherSkipped=0 improvements=0 regressions=0 noChange=0 neatSkipped=0 regressionRate=0 (#4713)
2026-10-02T14:16:59.173Z [INFO] [Learn] [pid-67352] Evolution of 1 generation in 20m 46s, averaging 20m 46s 16ms
2026-10-02T14:16:59.173Z [INFO] [Learn] [pid-67352] [seed] loaded=38 skipped=0 kept=38 dropped=0 populationSize=20 dir=.creatures (#4300)
2026-10-02T14:16:59.173Z [INFO] [Learn] [pid-67352] [seed] best=sampler-1.json@0.43635534544284055 worst-kept=9.json@-Infinity best-dropped=none (#4300)
2026-10-02T14:16:59.173Z [WARN] [Learn] [pid-67352] model training over-run: elapsed 20m 46s vs expected 12m — stopping further generations; results committed (#4141)
2026-10-02T14:16:59.368Z [INFO] [saveValidatedCreatureExport] [pid-67352] [forward-only] saved file=.network-sampler.json
[checkin-reserve] overrun: loop 5 Learn ran 20m51s against --timeout=12 min (overran 8m51s); sized with 128m25s left, launched with 120m28s left (7m57s consumed before launch) (#4872)
[result-metadata] stamped .result-sampler.json with samplerBuildTimeMs=80046
ℹ️ .trainData-binary_116: removal skipped — leased by pid 26487 (in-use lock held by a live producer/consumer, #3518)
📊 sampler.sh run complete: 80 min, 5 loops
[00:17:01] 📊 Performance recorded: 1 generations in 1246016ms, 520 training files, 8242 neurons, 56408 synapses, score 0.4318839950380177, NEAT-AI 7.0.48, CPUs 10, load 8.70/11.16/11.14, RAM 16GB, available 13598MB, ext 116, mode sampler-mcmc, pop 20 (requested 20), sampleRate 1, sparseRatio 0.075, fitnessSampleRate 1, prep 4423ms, samplerBuild 80046ms
📊 Sampler stats row: GRQ-22
[main 80d223ed] 📊 Sampler stats row: GRQ-22
 1 file changed, 1 insertion(+)
🔄 [cluster] Push rejected (attempt 1/12) - fetching and rebasing
From github.com:stSoftwareAU/GRQ-sampler
   0b32b84f..7f1371b9  main       -> origin/main
Rebasing (1/1)Successfully rebased and updated refs/heads/main.
⏳ [cluster] Retrying push in 20s...
🔄 [cluster] Push rejected (attempt 2/12) - fetching and rebasing
From github.com:stSoftwareAU/GRQ-sampler
   7f1371b9..308e918d  main       -> origin/main
Rebasing (1/1)Successfully rebased and updated refs/heads/main.
⏳ [cluster] Retrying push in 29s...
GIT-OP: [sampler-stats] git push ok in 4s (attempt 1/3, timeout=600s)
To github.com:stSoftwareAU/GRQ-sampler.git
   308e918d..f98fdc12  main -> main
[00:18:21] 📦 checkin-sample.sh on host GRQ-22 (via sampler.sh)
GIT-OP: [checkin-sample] git pull ok in 3s (attempt 1/3, timeout=600s)
Already up to date.
[00:18:24] 🧭 check-in provenance: caller=sampler.sh host=GRQ-22 since-previous=9m 34s
[scoring-provenance] host=GRQ-22 path=confirm data=trainData-binary_116 data_sha=65f218b20159d74c02962ef5aaa7bc94d21148a28aa772e41d6144d0a48c2a12 scorer=native scorer_sha=b25be6b767834988b027c59c02c2749c7fdd3ba04f565f7a846bacf51fc4ba59 neat_ai=7.0.48 core_sha=88de51285c135ad27d8ccb55489e39fbb196b4bf core_dirty=no scorer_src_sha=590bf8d7e999a29904f25778a0880eabb0f00e18 scorer_src_dirty=no
[neat-ai] running version 7.0.48
2026-10-02T14:19:29.096Z [INFO] [ConfirmScore] [pid-79547] ✅ verified Score in 1m 2s 895ms
2026-10-02T14:19:29.101Z [INFO] [ConfirmScore] [pid-79547] [scorer-summary] program=IntelligentDesign.ConfirmScore rust=1 wasm=0 worker-pool-size=0 peak-concurrent=1 elapsed=63s
[checkin-confirm] host=GRQ-22 creature=/Users/rocket/GRQ/worker/../.creatures/1.json claimed=0.4318839950380177 confirmed=0.4318839950380177 delta=0 rel=0 budget=1800s bound=watchdog (#4372)
🧬 [provenance-tags] checkin-confirm: 1.json scoreVerified=confirm:0.4318839950380177 (#4374)
[00:19:30] [checkin-stage] caller=sampler.sh host=GRQ-22 creature=/Users/rocket/GRQ/worker/../.creatures/1.json score=0.4318839950380177 neurons=8242 synapses=56408 baseline=samples/GRQ-22-1.json previous=none (#4299)
[checkin-floor] accept baseline=samples/GRQ-22-1.json previous=none candidate=0.4318839950380177 max_drop=25% reason=no-comparable-previous-score (#4299)
[checkin-ceiling] accept baseline=samples/GRQ-22-1.json previous=none candidate=0.4318839950380177 max_gain=10% reason=no-comparable-previous-score (#4373)
🧬 [provenance-tags] checkin-sample: GRQ-22-1.json stamped scorerSha=b25be6b767834988b027c59c02c2749c7fdd3ba04f565f7a846bacf51fc4ba59 dataSha=65f218b20159d74c02962ef5aaa7bc94d21148a28aa772e41d6144d0a48c2a12 neatAi=7.0.48 (#4374)
[00:19:41] ✅ Committing 🦠 GRQ-22 🎯, Score: 0.431884
[main 7893fc88] 🦠 GRQ-22 🎯, Score: 0.431884, Neurons: 8,242 & Synapses: 56,408
 1 file changed, 364096 insertions(+)
 create mode 100644 samples/GRQ-22-1.json
GIT-OP: [checkin-sample] git push ok in 4s (attempt 1/3, timeout=600s)
To github.com:stSoftwareAU/GRQ-sampler.git
   f98fdc12..7893fc88  main -> main
[training-outcomes] tasks=6 scheduled=8 completed=0 timedOut=0 abandoned=6 aborted=0 rejected=0 inFlight=0 maxConsecutiveTimeouts=0 maxConsecutiveRegressions=0 maxConsecutiveNoProgress=0 threshold=3 regressionThreshold=3 improved=0 regressed=0 noChange=0 unknownImprovement=6 skipped=0 populationSkipped=0 skipSource=event-summary populationGate=6
[training-outcomes] task=81e8582b outcome=abandoned lastSampleError=unknown errorBefore=unknown errorAfter=unknown improvement=unknown delta=unknown reason=worker-cancelled
[training-outcomes] task=2ad366bc outcome=abandoned lastSampleError=unknown errorBefore=unknown errorAfter=unknown improvement=unknown delta=unknown reason=worker-cancelled
[training-outcomes] task=74db89a2 outcome=abandoned lastSampleError=unknown errorBefore=unknown errorAfter=unknown improvement=unknown delta=unknown reason=worker-cancelled
[training-outcomes] task=92630f4c outcome=abandoned lastSampleError=unknown errorBefore=unknown errorAfter=unknown improvement=unknown delta=unknown reason=worker-cancelled
[training-outcomes] task=1ac55bd5 outcome=abandoned lastSampleError=unknown errorBefore=unknown errorAfter=unknown improvement=unknown delta=unknown reason=watchdog-abandoned
[training-outcomes] task=44e131c3 outcome=abandoned lastSampleError=unknown errorBefore=unknown errorAfter=unknown improvement=unknown delta=unknown reason=watchdog-abandoned
[training-outcomes] cancelled task=81e8582b worker=worker-11 heldMs=422116 quarantined=yes — the worker never returned a result, so the request was cancelled instead of left in flight (#4489)
[training-outcomes] cancelled task=2ad366bc worker=worker-12 heldMs=422163 quarantined=yes — the worker never returned a result, so the request was cancelled instead of left in flight (#4489)
[training-outcomes] cancelled task=74db89a2 worker=worker-11 heldMs=277851 quarantined=yes — the worker never returned a result, so the request was cancelled instead of left in flight (#4489)
[training-outcomes] cancelled task=92630f4c worker=worker-12 heldMs=277908 quarantined=yes — the worker never returned a result, so the request was cancelled instead of left in flight (#4489)
[training-outcomes] WARNING abandoned=6 training task(s) hung and were force-abandoned after 8 watchdog event(s) — each returned NO result, so this is a failure, not a benign timeout; ids (×times abandoned): 74db89a2×2, 92630f4c×2, 81e8582b×1, 2ad366bc×1, 1ac55bd5×1, 44e131c3×1. cancelled=4 of them were cancelled at the worker — see the cancelled lines above for the worker and elapsed ms (#4489). Creature snapshots for offline repro: see the [training-hang] lines (#4289)
[training-outcomes] WARNING scheduled=8 completed=0 — not one scheduled training task returned a result this run (abandoned=6 aborted=0 inFlight=0); every task hung past its per-task deadline and was force-abandoned; see the abandoned WARNING above for the ids and repeat counts (#4289). Every task carries its own reason= on the task lines above (#4141/#4289/#4406)
[training-hang] abandoned=6 events=8 captured=5 atSchedule=5 captureDir=/Users/rocket/logs/training-hangs (a force-abandoned task returned NO result — this is a failure, not a benign timeout) (#4289)
[training-hang] task=74db89a2 abandonments=2 source=schedule-time creature=/Users/rocket/logs/training-hangs/in-flight/training-task-74db89a2.json captured=/Users/rocket/logs/training-hangs/training-hang-74db89a2.json memeticWeights=absent
[training-hang] task=92630f4c abandonments=2 source=schedule-time creature=/Users/rocket/logs/training-hangs/in-flight/training-task-92630f4c.json captured=/Users/rocket/logs/training-hangs/training-hang-92630f4c.json memeticWeights=absent
[training-hang] task=81e8582b abandonments=1 source=schedule-time creature=/Users/rocket/logs/training-hangs/in-flight/training-task-81e8582b.json captured=/Users/rocket/logs/training-hangs/training-hang-81e8582b.json memeticWeights=absent
[training-hang] task=2ad366bc abandonments=1 source=schedule-time creature=/Users/rocket/logs/training-hangs/in-flight/training-task-2ad366bc.json captured=/Users/rocket/logs/training-hangs/training-hang-2ad366bc.json memeticWeights=absent
[training-hang] task=1ac55bd5 abandonments=1 source=schedule-time creature=/Users/rocket/logs/training-hangs/in-flight/training-task-1ac55bd5.json captured=/Users/rocket/logs/training-hangs/training-hang-1ac55bd5.json memeticWeights=absent
[training-hang] WARNING 1 training task(s) never settled and were never named by a watchdog line: 44e131c3; their creatures are in /Users/rocket/logs/training-hangs/in-flight (#4490)
[training-hang] atSchedule=5 of 6 is NOT judged a regression: GRQ_TRAINING_HANG_CAPTURE_MIN_NEAT_AI is unset, so no release is claimed to KEEP a hung task's schedule-time capture — the running @stsoftware/neat-ai 7.0.48 writes one at schedule time (NEAT-AI #4022) and removes it when the task settles, and GRQ #4489 settles an abandoned task by cancelling it, so /Users/rocket/logs/training-hangs/in-flight is emptied for exactly the hung set. Set the floor to the release carrying NEAT-AI fix/grq-4794-capture-survives-cancellation and an empty capture turns the run red (GRQ #4802, #4794)
[training-hang] capture truncated: captured 5 of 6 abandoned task(s); the cap alone dropped these (×times abandoned): 44e131c3×1 — any OTHER task with no capture failed to resolve, which the cap has nothing to do with (raise GRQ_TRAINING_HANG_CAPTURE_MAX for the full set) (#4289)
[scorer-engine-split] splits=0 firstReason=none
[stage-failure-health] failures=0 firstStage=none firstExitCode=0 firstHitLine=0
[diagnostics] dir=/Users/rocket/GRQ/worker/../.diagnostics files=1 (#4283)
[diagnostics] file=sampler-run-summary.txt bytes=88 mtime=2026-10-02T14:17:00Z head="sampler.sh run complete: 80 min, 5 loops host=GRQ-22 timestamp=2026-10-03 00:17:00 AEST"
GIT-OP: [reset] git fetch ok in 3s (attempt 1/3, timeout=600s)
HEAD is now at 40d0545a GRQ-actual-validation checkin gets the #5132 deferred-exit treatment (Issue #5145) (#5146)
GIT-OP: [model_fetch GRQ-health] git fetch ok in 3s (attempt 1/6, timeout=none)
From github.com:stSoftwareAU/GRQ-health
   6a3c0cd49..fd706dc0c  Develop    -> origin/Develop
HEAD is now at fd706dc0c Update repo health (failure): Vibe Coder:GRQ-25
branch 'Develop' set up to track 'origin/Develop'.
Your branch is up to date with 'origin/Develop'.
✅ GRQ-health synced with remote (validation skipped)
🩺 [health_sync] entry repo=/Users/rocket/GRQ-health branch=Develop local_ahead=0 behind=0
🩺 [health_sync] decision path=noop
🩺 [health_sync] result status=ok
Updating health information...
Already up to date.
Updated health information for GRQ-22
