================ Clean up START ================
Version 1.3.6
/Users/rocket/GRQ/worker
Disk usage:
Filesystem        Size    Used   Avail Capacity iused ifree %iused  Mounted on
/dev/disk3s1s1   228Gi    10Gi   101Gi    10%    426k  1.1G    0%   /
devfs            198Ki   198Ki     0Bi   100%     684     0  100%   /dev
/dev/disk3s6     228Gi   1.0Gi   101Gi     1%       1  1.1G    0%   /System/Volumes/VM
/dev/disk3s2     228Gi   6.6Gi   101Gi     7%    1.2k  1.1G    0%   /System/Volumes/Preboot
/dev/disk3s4     228Gi   2.5Mi   101Gi     1%      55  1.1G    0%   /System/Volumes/Update
/dev/disk1s2     500Mi   6.0Mi   483Mi     2%       1  4.9M    0%   /System/Volumes/xarts
/dev/disk1s1     500Mi   5.8Mi   483Mi     2%      29  4.9M    0%   /System/Volumes/iSCPreboot
/dev/disk1s3     500Mi   716Ki   483Mi     1%      80  4.9M    0%   /System/Volumes/Hardware
/dev/disk3s5     228Gi   108Gi   101Gi    52%    627k  1.1G    0%   /System/Volumes/Data
map auto_home      0Bi     0Bi     0Bi   100%       0     0     -   /System/Volumes/Data/home
Uptime:  4:21  up 7 days,  9:12, 2 users, load averages: 15.37 17.46 17.44
USER     PID  PPID COMMAND
rocket 29140     1 /bin/bash /Users/rocket/GRQ/rocket.sh
rocket 29144 29140 /bin/bash ./run.sh --run-once
rocket 29161 29144 /bin/bash worker/node.sh
root   29171 29161 ps -U rocket -o user,pid,ppid,command
rocket 80941 80940 -zsh
Host: GRQ-22
IP: 10.0.0.22
10.0.0.138
Number of CPUs: 10
Available Memory: 15G
================ Clean up ENDED ================
Use local deno
PATH: /Users/rocket/.deno/bin:/usr/bin:/bin:/usr/sbin:/sbin
deno 2.4.3 (stable, release, aarch64-apple-darwin)
v8 13.7.152.14-rusty
typescript 5.8.3
worker/node.sh: line 69: aws: command not found
Option: sampler
Starting... Mon Aug 11 04:21:57 AEST 2025
Already up to date.
HEAD is now at 0d539ec Evolution score 0.4709 -> 0.4710 {diff 1} on GRQ-22
Reset branch 'main'
branch 'main' set up to track 'origin/main'.
Your branch is up to date with 'origin/main'.
✅ [validate_json 1.0.1] All JSON files are valid in GRQ-cluster (took 0s)
✅ GRQ-cluster synced with remote and JSON validated
HEAD is now at f0d23c8 🦠 GRQ-22 🎯, Score: 0.470967, Neurons: 502 & Synapses: 15,684
Reset branch 'main'
branch 'main' set up to track 'origin/main'.
Your branch is up to date with 'origin/main'.
✅ [validate_json 1.0.1] All JSON files are valid in GRQ-sampler (took 1s)
✅ GRQ-sampler synced with remote and JSON validated
HEAD is now at af3dccb REJECTED 39.12% -> 36.09% Delta -3.030
Reset branch 'main'
branch 'main' set up to track 'origin/main'.
Your branch is up to date with 'origin/main'.
✅ [validate_json 1.0.1] All JSON files are valid in GRQ-portfolio (took 10s)
✅ GRQ-portfolio synced with remote and JSON validated
Starting sampler... Mon Aug 11 04:22:32 AEST 2025
Sampler mode
Loop 1 of 4
Already up to date.
1) Sample rate: 0.01, batch Size: 10000, timeout: 5
Total time taken: 13s 157ms
Sonia Shields (Observations: 1,486, Neurons: 502, Synapses: 15,684 & Score: 0.471)
2 mutations, mutation rate 5.0%, elitism 1, mutation ALL, selection TOURNAMENT, timeout 5, PopSize 50 SAMPLER
Initialized in 2s 184ms
Can't deDuplicate creature at 12 of 50
Can't deDuplicate creature at 27 of 49
Generation 1 score 0.47297846511607167 (avg: 0.4422) error 0.5270205007889489 time 28s 385ms
Evolution of 1 generation in 5m 9s, averaging 5m 9s 376ms
Loop 2 of 4
From github.com:stSoftwareAU/GRQ-sampler
   f0d23c8..0dd83db  main       -> origin/main
Updating f0d23c8..0dd83db
Fast-forward
 samples/GRQ-16-1.json | 10817 +-----
 samples/GRQ-3-1.json  | 86279 ++++++++++++++++++++++++++++++++++++++++++++++++
 2 files changed, 87804 insertions(+), 9292 deletions(-)
 create mode 100644 samples/GRQ-3-1.json
2) Sample rate: 0.05, batch Size: 10000, timeout: 10
Total time taken: 7s 858ms
Kasey Dietrich (Observations: 1,486, Neurons: 501, Synapses: 15,680 & Score: 0.473)
5 mutations, mutation rate 5.0%, elitism 1, mutation FFW, selection TOURNAMENT, timeout 10, PopSize 50 SAMPLER
Initialized in 1s 564ms
Constant neuron 7afe146d-c350-4d39-8900-331dc993f753 convert hidden to constant
Adjust neuron 7afe146d-c350-4d39-8900-331dc993f753 bias -0.051530178589668775 to 0.6677139744611864
Discovery dbb46404 scheduled
Training dbb46404 scheduled
Training dbb46404 with 1 binary file, target error: 0.002, iterations: 1, sample rate: 30.0%, sparse: 7.5%
Discovery dbb46404 with 1 binary files, sample rate: 2.5%, batch size: 20
Discovery dbb46404 initialize time 1s 258ms
Discovery dbb46404 processing .trainData-binary_88-sampler/sample-5.bin
Compacting increased fitness by 1.400000004814217e-9 to 0.47327592767463444 neurons: 500 was: 501 synapses: 15685 was: 15689
Training dbb46404 samples 4,801 of 104,200 4.6%( rate 30.0% ) error 0.514 time average: 12ms 501µs 978ns total: 1m 22ms
Compacting increased fitness by 7.587859673918729e-9 to 0.4732759352624941 neurons: 500 was: 501 synapses: 15686 was: 15689
Training dbb46404 samples 9,959 of 104,200 9.6%( rate 30.0% ) error 0.517 time average: 12ms 54µs 121ns total: 2m 47ms
Fine tuning increased fitness by 8.344266055893002e-9 to 0.4732759436067602 adjusted 1 weight 
Training dbb46404 samples 13,537 of 104,200 13.0%( rate 30.0% ) error 0.515 time average: 13ms 301µs 248ns total: 3m 59ms
Training dbb46404 samples 18,199 of 104,200 17.5%( rate 30.0% ) error 0.519 time average: 13ms 190µs 944ns total: 4m 62ms
Training dbb46404 samples 23,469 of 104,200 22.5%( rate 30.0% ) error 0.522 time average: 12ms 787µs 251ns total: 5m 104ms
Training dbb46404 samples 26,436 of 104,200 25.4%( rate 30.0% ) error 0.523 time average: 13ms 622µs 257ns total: 6m 118ms
Training dbb46404 timed out after 6m 118ms
compactUnused hidden neuron c5541ddb has no outward connections
Generation 5 score 0.4732759436067602 (avg: 0.4730) error 0.5267219876032809 avg time 44s 610ms
Set training/discovery clean up count to 2
Waiting for discovery to complete
Training dbb46404 completed after 6m 310ms
Training dbb46404 compacted
Generation 6 score 0.4732759436067602 (avg: 0.4733) error 0.5267219876032809 avg time 6s 924ms
Waiting for discovery to complete
Trained dbb46404 Score: 0.47302629609481095, Error: 0.5267220036354067 -> 0.5269716352152302, 👿 -0.000250
Compact dbb46404 Score: 0.4724829890156609, Error: 0.5267220036354067 -> 0.5275149653943798, 👿 -0.000793
Generation 7 score 0.4732759436067602 (avg: 0.4732) error 0.5267219876032809 avg time 10s 394ms
Waiting for discovery to complete
Discovery dbb46404 read time 5ms for .trainData-binary_88-sampler/sample-5.bin with 40 records
Discovery dbb46404 scanning time 9m 51s 333ms
Discovery dbb46404 recorded time 9m 53s 624ms
Generation 8 score 0.4732759436067602 (avg: 0.4722) error 0.5267219876032809 avg time 9s 937ms
Waiting for discovery to complete
Discovered beneficial synapse from input-655 to insider-combined-positive-check-7 with weight 1.0000, helping 95.0% more records than it harms (39/40)
Discovery dbb46404 analyze time 1m 3s 901ms found 1 candidates
Discovered harmful synapse from input-658 to insider-combined-positive-check-7, harming 95.0% more records than it helps (1/40)
Discovery dbb46404 analyze harmful time 53s 923ms found 1 candidates
Generation 9 score 0.4732759436067602 (avg: 0.4732) error 0.5267219876032809 avg time 8s 744ms
Waiting for discovery to complete
Discovery dbb46404 analyze squashes time 32s 523ms found 1 candidate, Summary: insider-combined-positive-check-7 ArcTan -> COMPLEMENT improved: 100.0% error: 5.063489858182004e+31 -> 5.72478731219754e+23
Generation 10 score 0.4732759436067602 (avg: 0.4733) error 0.5267219876032809 avg time 5s 993ms
Waiting for training/discovery clean up 2
Discovery dbb46404 beneficial increased fitness by 0.0000032916490229073503 to 0.4732792352557831
Generation 11 score 0.4732792352557831 (avg: 0.4388) error 0.526718695854258 avg time 8s 918ms
Waiting for training/discovery clean up 1
Fine tuning increased fitness by 0.000005143901972703979 to 0.4732843791577558 adjusted 1 weight 
Generation 12 score 0.4732843791577558 (avg: 0.4733) error 0.5267135519522853 avg time 6s 246ms
Evolution of 12 generations in 20m 16s, averaging 1m 41s 298ms
Loop 3 of 4
From github.com:stSoftwareAU/GRQ-sampler
   0dd83db..2b00b18  main       -> origin/main
Updating 0dd83db..2b00b18
Fast-forward
 samples/GRQ-23-1.json | 3148 ++++++++++++++++++++++++-------------------------
 1 file changed, 1566 insertions(+), 1582 deletions(-)
3) Sample rate: 0.13, batch Size: 10000, timeout: 39
Total time taken: 12s 920ms
Otha Emmerich (Observations: 1,486, Neurons: 501, Synapses: 15,687 & Score: 0.473)
5 mutations, mutation rate 16.2%, elitism 1, mutation FFW, selection TOURNAMENT, timeout 39, PopSize 49 SAMPLER
Initialized in 4s 789ms
Over populated 53, expected 49.
Culling duplicate creature at 8 of 53
Culling duplicate creature at 8 of 52
Culling duplicate creature at 9 of 51
Culling duplicate creature at 17 of 50
DeDuplication of 4 creatures to 49 in 1ms (previous experiment 1ms)
Discovery c4275963 scheduled
Training c4275963 scheduled
Training c4275963 with 1 binary file, target error: 0.002, iterations: 1, sample rate: 15.0%, sparse: 7.5%
Discovery c4275963 with 1 binary files, sample rate: 2.5%, batch size: 20
Discovery c4275963 initialize time 121ms
Discovery c4275963 processing .trainData-binary_88-sampler/sample-13.bin
Fine tuning increased fitness by 0.0014630554283165953 to 0.47250428366816744 adjusted 1 weight Restored: 8
Generation 1 score 0.47250428366816744 (avg: 0.4725) error 0.5274750194322437 time 2m 47s 675ms
Fine tuning increased fitness by 0.000001924154733878858 to 0.4725062078229013 adjusted 1 weight 
Training c4275963 samples 321 of 270,969 0.1%( rate 15.0% ) error 0.525 time average: 187ms 339µs 563ns total: 1m 136ms
Generation 2 score 0.4725062078229013 (avg: 0.4725) error 0.5274730952775099 time 48s 235ms
Training c4275963 samples 523 of 270,969 0.2%( rate 15.0% ) error 0.510 time average: 230ms 216µs 61ns total: 2m 403ms
Fine tuning increased fitness by 2.110775333408199e-7 to 0.47250641890043465 adjusted 1 weight 
Generation 3 score 0.47250641890043465 (avg: 0.4725) error 0.5274728841999765 time 1m 29s 636ms
Training c4275963 samples 679 of 270,969 0.3%( rate 15.0% ) error 0.515 time average: 266ms 366µs 715ns total: 3m 863ms
Generation 4 score 0.47250641890043465 (avg: 0.4723) error 0.5274728841999765 time 1m 28s 405ms
Training c4275963 samples 815 of 270,969 0.3%( rate 15.0% ) error 0.514 time average: 297ms 314µs 110ns total: 4m 2s 311ms
Training c4275963 samples 865 of 270,969 0.3%( rate 15.0% ) error 0.514 time average: 350ms 363µs 5ns total: 5m 3s 64ms
Training c4275963 samples 974 of 270,969 0.4%( rate 15.0% ) error 0.523 time average: 372ms 974µs 332ns total: 6m 3s 277ms
Generation 5 score 0.47250641890043465 (avg: 0.4722) error 0.5274728841999765 time 2m 21s 409ms
Training c4275963 samples 1,057 of 270,969 0.4%( rate 15.0% ) error 0.514 time average: 406ms 465µs 468ns total: 7m 9s 634ms
Generation 6 score 0.47250641890043465 (avg: 0.4718) error 0.5274728841999765 time 1m 35s 445ms
Training c4275963 samples 1,177 of 270,969 0.4%( rate 15.0% ) error 0.504 time average: 416ms 99µs 405ns total: 8m 9s 749ms
Training c4275963 samples 1,251 of 270,969 0.5%( rate 15.0% ) error 0.510 time average: 441ms 157µs 474ns total: 9m 11s 888ms
Training c4275963 samples 1,352 of 270,969 0.5%( rate 15.0% ) error 0.514 time average: 453ms 133µs 136ns total: 10m 12s 636ms
Generation 7 score 0.47250641890043465 (avg: 0.4659) error 0.5274728841999765 time 2m 24s 652ms
Training c4275963 samples 1,446 of 270,969 0.5%( rate 15.0% ) error 0.512 time average: 465ms 452µs 282ns total: 11m 13s 44ms
Generation 8 score 0.47250641890043465 (avg: 0.4724) error 0.5274728841999765 time 1m 31s 113ms
Training c4275963 samples 1,565 of 270,969 0.6%( rate 15.0% ) error 0.516 time average: 468ms 952µs 76ns total: 12m 13s 910ms
Training c4275963 samples 1,621 of 270,969 0.6%( rate 15.0% ) error 0.516 time average: 489ms 932µs 757ns total: 13m 14s 181ms
Training c4275963 samples 1,712 of 270,969 0.6%( rate 15.0% ) error 0.512 time average: 498ms 972µs 546ns total: 14m 14s 241ms
Generation 9 score 0.47250641890043465 (avg: 0.4723) error 0.5274728841999765 time 2m 32s 248ms
Training c4275963 samples 1,832 of 270,969 0.7%( rate 15.0% ) error 0.516 time average: 499ms 374µs 454ns total: 15m 14s 854ms
Generation 10 score 0.47250641890043465 (avg: 0.4723) error 0.5274728841999765 time 1m 25s 935ms
Training c4275963 samples 1,948 of 270,969 0.7%( rate 15.0% ) error 0.517 time average: 501ms 75µs 462ns total: 16m 16s 95ms
Training c4275963 samples 1,991 of 270,969 0.7%( rate 15.0% ) error 0.520 time average: 520ms 787µs 543ns total: 17m 16s 888ms
Training c4275963 samples 2,079 of 270,969 0.8%( rate 15.0% ) error 0.524 time average: 527ms 674µs 843ns total: 18m 17s 36ms
Generation 11 score 0.47250641890043465 (avg: 0.4723) error 0.5274728841999765 time 2m 38s 710ms
Training c4275963 samples 2,152 of 270,969 0.8%( rate 15.0% ) error 0.527 time average: 537ms 822µs 26ns total: 19m 17s 393ms
Fine tuning increased fitness by 3.793191649670291e-9 to 0.4725064226936263 adjusted 1 weight 
Generation 12 score 0.4725064226936263 (avg: 0.4723) error 0.5274728794067849 time 1m 42s 713ms
Training c4275963 samples 2,288 of 270,969 0.8%( rate 15.0% ) error 0.533 time average: 532ms 627µs 185ns total: 20m 18s 651ms
Training c4275963 samples 2,351 of 270,969 0.9%( rate 15.0% ) error 0.537 time average: 544ms 296µs 44ns total: 21m 19s 640ms
Fine tuning increased fitness by 1.1113100795157038e-7 to 0.47250653382463426 adjusted 1 weight 
Training c4275963 samples 2,430 of 270,969 0.9%( rate 15.0% ) error 0.540 time average: 551ms 460µs 905ns total: 22m 20s 50ms
Generation 13 score 0.47250653382463426 (avg: 0.4725) error 0.527472767275777 time 2m 29s 433ms
Training c4275963 samples 2,494 of 270,969 0.9%( rate 15.0% ) error 0.543 time average: 561ms 419µs 807ns total: 23m 20s 181ms
Fine tuning increased fitness by 4.025786560779565e-7 to 0.47250693640329033 adjusted 1 weight 
Training c4275963 samples 2,593 of 270,969 1.0%( rate 15.0% ) error 0.548 time average: 563ms 708µs 60ns total: 24m 21s 695ms
Generation 14 score 0.47250693640329033 (avg: 0.4724) error 0.5274723646971209 time 1m 49s 697ms
Training c4275963 samples 2,667 of 270,969 1.0%( rate 15.0% ) error 0.549 time average: 570ms 674µs 915ns total: 25m 21s 990ms
Training c4275963 samples 2,733 of 270,969 1.0%( rate 15.0% ) error 0.552 time average: 578ms 879µs 985ns total: 26m 22s 79ms
Fine tuning increased fitness by 5.701255084700207e-7 to 0.4725075065287988 adjusted 1 weight 
Training c4275963 samples 2,853 of 270,969 1.1%( rate 15.0% ) error 0.551 time average: 575ms 669µs 470ns total: 27m 22s 385ms
Generation 15 score 0.4725075065287988 (avg: 0.4725) error 0.5274717945716124 time 3m 10s 402ms
Training c4275963 samples 2,956 of 270,969 1.1%( rate 15.0% ) error 0.549 time average: 575ms 962µs 787ns total: 28m 22s 546ms
Fine tuning increased fitness by 2.190664214474225e-7 to 0.47250772559522025 adjusted 1 weight 
Generation 16 score 0.47250772559522025 (avg: 0.4725) error 0.527471575505191 time 1m 37s 581ms
Training c4275963 samples 3,103 of 270,969 1.1%( rate 15.0% ) error 0.545 time average: 568ms 332µs 581ns total: 29m 23s 536ms
Training c4275963 samples 3,156 of 270,969 1.2%( rate 15.0% ) error 0.544 time average: 578ms 96µs 7ns total: 30m 24s 471ms
Training c4275963 samples 3,234 of 270,969 1.2%( rate 15.0% ) error 0.546 time average: 582ms 876µs 4ns total: 31m 25s 21ms
Fine tuning increased fitness by 1.644623837115944e-8 to 0.4725077420414586 adjusted 1 weight 
Generation 17 score 0.4725077420414586 (avg: 0.4725) error 0.5274715590589526 time 2m 36s 857ms
Training c4275963 samples 3,347 of 270,969 1.2%( rate 15.0% ) error 0.542 time average: 582ms 141µs 320ns total: 32m 28s 427ms
Fine tuning increased fitness by 2.7139785307994657e-8 to 0.47250776918124393 adjusted 1 weight 
Training c4275963 samples 3,503 of 270,969 1.3%( rate 15.0% ) error 0.540 time average: 573ms 408µs 792ns total: 33m 28s 651ms
Generation 18 score 0.47250776918124393 (avg: 0.4725) error 0.5274715319191673 time 1m 47s 735ms
Training c4275963 samples 3,591 of 270,969 1.3%( rate 15.0% ) error 0.537 time average: 576ms 768µs 31ns total: 34m 31s 174ms
Fine tuning increased fitness by 1.913991898305767e-7 to 0.47250796058043376 adjusted 1 weight 
Training c4275963 samples 3,763 of 270,969 1.4%( rate 15.0% ) error 0.536 time average: 566ms 366µs 462ns total: 35m 31s 237ms
Generation 19 score 0.47250796058043376 (avg: 0.4361) error 0.5274713405199775 time 1m 49s 183ms
Fine tuning increased fitness by 0.0000026024106296596017 to 0.4725105629910634 adjusted 1 weight 
Generation 20 score 0.4725105629910634 (avg: 0.4661) error 0.5274687381093478 time 49s 185ms
Training c4275963 samples 4,067 of 270,969 1.5%( rate 15.0% ) error 0.532 time average: 538ms 803µs 294ns total: 36m 31s 313ms
Training c4275963 timed out after 36m 31s 313ms
Training c4275963 caused a higher error of 0.5322761486180241 from 0.5274750194322437
Fine tuning increased fitness by 0.000003249172315089588 to 0.4725138121633785 adjusted 1 weight 
Training c4275963 completed after 36m 31s 428ms
Training c4275963 compacted
Generation 21 score 0.4725138121633785 (avg: 0.4725) error 0.5274654889370327 time 1m 36s 399ms
Set training/discovery clean up count to 2
Waiting for discovery to complete
Discovery c4275963 read time 16ms for .trainData-binary_88-sampler/sample-13.bin with 160 records
Discovery c4275963 scanning time 38m 41s 979ms
Discovery c4275963 recorded time 38m 59s 627ms
Compact c4275963 Score: 0.47250552283638264, Error: 0.5274750194322437 -> 0.5274737952640284, 👌 0.00000122
Trained c4275963 Score: 0.47250222232589933, Error: 0.5274750194322437 -> 0.5274770807746383, 👿 -0.00000206
Fine tuning increased fitness by 0.000001677075093353686 to 0.47251548923847186 adjusted 1 weight 
Generation 22 score 0.47251548923847186 (avg: 0.4725) error 0.5274638118619394 time 1m 50s 517ms
Waiting for discovery to complete
Fine tuning increased fitness by 3.739123755064355e-8 to 0.4725155266297094 adjusted 1 weight 
Generation 23 score 0.4725155266297094 (avg: 0.4725) error 0.5274637744707018 time 2m 18s 419ms
Waiting for discovery to complete
Generation 24 score 0.4725155266297094 (avg: 0.4725) error 0.5274637744707018 time 1m 30s 187ms
Waiting for discovery to complete
Discovered beneficial synapse from input-295 to insider-combined-positive-check-7 with weight -1.0000, helping 85.6% more records than it harms (146/160)
Discovery c4275963 analyze time 5m 14s 999ms found 1 candidates
Fine tuning increased fitness by 2.720924818788717e-9 to 0.47251552935063423 adjusted 1 weight 
Generation 25 score 0.47251552935063423 (avg: 0.4725) error 0.527463771749777 time 2m 20s 557ms
Waiting for discovery to complete
Generation 26 score 0.47251552935063423 (avg: 0.4725) error 0.527463771749777 time 1m 37s 881ms
Waiting for discovery to complete
Discovered harmful synapse from input-15 to insider-combined-positive-check-7, harming 85.6% more records than it helps (9/160)
Discovery c4275963 analyze harmful time 4m 49s 11ms found 1 candidates
Fine tuning increased fitness by 2.1035939656854907e-10 to 0.47251552956099363 adjusted 1 weight 
Generation 27 score 0.47251552956099363 (avg: 0.4725) error 0.5274637715394176 time 2m 16s 769ms
Waiting for discovery to complete
Fine tuning increased fitness by 3.446275408380828e-7 to 0.47251587418853447 adjusted 1 weight 
Generation 28 score 0.47251587418853447 (avg: 0.4725) error 0.5274634259118768 time 1m 38s 888ms
Waiting for discovery to complete
Discovery c4275963 analyze squashes time 3m 26s 367ms found 1 candidate, Summary: insider-combined-positive-check-7 ArcTan -> COMPLEMENT improved: 100.0% error: 3.5715723868518463e+31 -> 4.075579362179147e+23
Fine tuning increased fitness by 1.4462917607982462e-7 to 0.47251601881771055 adjusted 1 weight 
Generation 29 score 0.47251601881771055 (avg: 0.4725) error 0.5274632812827007 time 2m 16s 652ms
Waiting for training/discovery clean up 2
Generation 30 score 0.47251601881771055 (avg: 0.4119) error 0.5274632812827007 time 1m 49s 573ms
Waiting for training/discovery clean up 1
Generation 31 score 0.47251601881771055 (avg: 0.4725) error 0.5274632812827007 time 1m 57s 586ms
Evolution of 31 generations in 1h 10s, averaging 1m 56s 458ms
Loop 4 of 4
From github.com:stSoftwareAU/GRQ-sampler
   2b00b18..503574f  main       -> origin/main
Updating 2b00b18..503574f
Fast-forward
 samples/GRQ-10-1.json       | 10767 +++++-
 samples/GRQ-11-1.json       |  3174 +-
 samples/GRQ-12-1.json       |  3212 +-
 samples/GRQ-13-1.json       | 86277 ++++++++++++++++++++++++++++++++++++++++++
 samples/GRQ-15-1.json       |    35 +-
 samples/GRQ-18-1.json       |  3170 +-
 samples/GRQ-21-1.json       |  3201 +-
 samples/GRQ-23-1.json       |    42 +-
 samples/GRQ-24-1.json       |    38 +-
 samples/Mac-Ultra-M2-1.json |    35 +-
 10 files changed, 101979 insertions(+), 7972 deletions(-)
 create mode 100644 samples/GRQ-13-1.json
4) Sample rate: 1, batch Size: 10000, timeout: 5
Total time taken: 48s 417ms
Orrin Shanahan (Observations: 1,486, Neurons: 502, Synapses: 15,688 & Score: 0.473)
9 mutations, mutation rate 5.0%, elitism 1, mutation FFW, selection FITNESS_PROPORTIONATE, timeout 5, PopSize 20 SAMPLER
Initialized in 2s 258ms
Over populated 24, expected 20.
Culling duplicate creature at 8 of 24
Culling duplicate creature at 8 of 23
Culling duplicate creature at 9 of 22
Culling duplicate creature at 17 of 21
DeDuplication of 4 creatures to 20 in 6ms (previous experiment 5ms)
Fine tuning increased fitness by 0.000001489978014856952 to 0.470967641194125 adjusted 2 weights Restored: 5
Generation 1 score 0.470967641194125 (avg: 0.4710) error 0.5288253898099866 time 5m 22s 177ms
Evolution of 1 generation in 5m 22s, averaging 5m 22s 423ms
[05:55:54] 📦 checkin-sample.sh on host GRQ-22
Already up to date.
samples/GRQ-22-1.json
samples/GRQ-19-1.json
[05:55:57] ✅ Committing 🦠 GRQ-22 🎯, Score: 0.470968
[main 8e52bba] 🦠 GRQ-22 🎯, Score: 0.470968, Neurons: 502 & Synapses: 15,685
 2 files changed, 33 insertions(+), 86284 deletions(-)
 delete mode 100644 samples/GRQ-19-1.json
To github.com:stSoftwareAU/GRQ-sampler.git
   503574f..8e52bba  main -> main
HEAD is now at 9da85ad Add currency mapping for Costa Rica in findFX function
From github.com:stSoftwareAU/GRQ-health
   8750f73..4c887e4  Develop    -> origin/Develop
HEAD is now at 4c887e4 Update health status for GRQ-16 at Sun Aug 10 07:27:48 PM UTC 2025
Reset branch 'Develop'
branch 'Develop' set up to track 'origin/Develop'.
Your branch is up to date with 'origin/Develop'.
✅ [validate_json 1.0.1] All JSON files are valid in GRQ-health (took 0s)
✅ GRQ-health synced with remote and JSON validated
HEAD is now at 4c887e4 Update health status for GRQ-16 at Sun Aug 10 07:27:48 PM UTC 2025
Updating health information...
Already up to date.
Updated health information for GRQ-22
