[log truncated by run.sh: showing the last 64 KB of 524 KB; the full log is on the host]
Discovery 8f17a9df-7dc9-55d7-bcdb-89fb6a4c5786 with 1 binary files, sample rate: 100%, batch size: 128
[DiskSpace] Discovery directory usage at discovery start: 0.00 MB across 1 file (.discovery/8f17a9df-7dc9-55d7-bcdb-89fb6a4c5786).
Discovery 8f17a9df-7dc9-55d7-bcdb-89fb6a4c5786 initialize time 3ms
Discovery 8f17a9df-7dc9-55d7-bcdb-89fb6a4c5786 drained promises after 10 batches
Discovery 8f17a9df-7dc9-55d7-bcdb-89fb6a4c5786 drained promises after 10 batches
[neat-ai] running version 7.0.48
Discovery 8f17a9df-7dc9-55d7-bcdb-89fb6a4c5786 drained promises after 10 batches
Generation 3 score 0.99999999 (avg: 0.7534) error 0 avg time 48ms
[Neat] Waiting for discovery to complete (3/52) - In progress: 6a4c5786
[Neat] Awaiting 1 in-flight task(s) (1 discovery, 0 training) with 30000ms timeout
[WasmWorkerInit] worker=worker-1312 outcome=ok handshakeMs=440 cache=hit cacheDir=/Users/sloth/.cache/neat-ai/wasm bundleBytes=1039872 bundleLoadMs=6 glueImportMs=70 instantiateMs=8 wasmTotalMs=84 workerError=none
[WasmWorkerInit] worker=worker-1313 outcome=ok handshakeMs=372 cache=hit cacheDir=/Users/sloth/.cache/neat-ai/wasm bundleBytes=1039872 bundleLoadMs=6 glueImportMs=70 instantiateMs=8 wasmTotalMs=84 workerError=none
[WasmWorkerInit] worker=worker-1314 outcome=ok handshakeMs=334 cache=hit cacheDir=/Users/sloth/.cache/neat-ai/wasm bundleBytes=1039872 bundleLoadMs=6 glueImportMs=70 instantiateMs=8 wasmTotalMs=84 workerError=none
[WasmWorkerInit] worker=worker-1315 outcome=ok handshakeMs=326 cache=hit cacheDir=/Users/sloth/.cache/neat-ai/wasm bundleBytes=1039872 bundleLoadMs=6 glueImportMs=70 instantiateMs=8 wasmTotalMs=84 workerError=none
[WasmWorkerInit] worker=worker-1316 outcome=ok handshakeMs=320 cache=hit cacheDir=/Users/sloth/.cache/neat-ai/wasm bundleBytes=1039872 bundleLoadMs=6 glueImportMs=70 instantiateMs=8 wasmTotalMs=84 workerError=none
[WasmWorkerInit] worker=worker-1317 outcome=ok handshakeMs=337 cache=hit cacheDir=/Users/sloth/.cache/neat-ai/wasm bundleBytes=1039872 bundleLoadMs=6 glueImportMs=70 instantiateMs=8 wasmTotalMs=84 workerError=none
[WasmWorkerInit] worker=worker-1318 outcome=ok handshakeMs=294 cache=hit cacheDir=/Users/sloth/.cache/neat-ai/wasm bundleBytes=1039872 bundleLoadMs=6 glueImportMs=70 instantiateMs=8 wasmTotalMs=84 workerError=none
[WasmWorkerInit] worker=worker-1319 outcome=ok handshakeMs=265 cache=hit cacheDir=/Users/sloth/.cache/neat-ai/wasm bundleBytes=1039872 bundleLoadMs=6 glueImportMs=70 instantiateMs=8 wasmTotalMs=84 workerError=none
Discovery 8f17a9df-7dc9-55d7-bcdb-89fb6a4c5786 scanning time 2s 684ms
[WasmWorkerInit] worker=worker-1320 outcome=ok handshakeMs=323 cache=hit cacheDir=/Users/sloth/.cache/neat-ai/wasm bundleBytes=1039872 bundleLoadMs=6 glueImportMs=70 instantiateMs=8 wasmTotalMs=84 workerError=none
[neat-ai] running version 7.0.48
[DiskSpace] Discovery directory usage at after recording: 94.01 MB across 5 files (.discovery/8f17a9df-7dc9-55d7-bcdb-89fb6a4c5786).
Discovery 8f17a9df-7dc9-55d7-bcdb-89fb6a4c5786 recorded time 3s 786ms
[Discovery 8f17a9df-7dc9-55d7-bcdb-89fb6a4c5786] Released record-phase retainers before analysis heap check: 4099 index entries, 0 accumulated samples.
Discovery 8f17a9df-7dc9-55d7-bcdb-89fb6a4c5786 analysis timeout extended by 5m
Discovery 8f17a9df-7dc9-55d7-bcdb-89fb6a4c5786 selected 0 focus neurons in 2ms
Discovery 8f17a9df-7dc9-55d7-bcdb-89fb6a4c5786 no new neurons to analyze, stopping retry loop
Discovery 8f17a9df-7dc9-55d7-bcdb-89fb6a4c5786 analysis complete, total time 3s 789ms, starting cleanup...
Discovery 8f17a9df-7dc9-55d7-bcdb-89fb6a4c5786 performing cleanup...
Discovery 8f17a9df-7dc9-55d7-bcdb-89fb6a4c5786 cleanup scheduled (async - results returned immediately; writers to its run directory wait for it).
[DiskSpace] Discovery directory usage at before cleanup: 47.02 MB across 3 files (.discovery/8f17a9df-7dc9-55d7-bcdb-89fb6a4c5786).

============================================================
Discovery Performance Summary 8f17a9df-7dc9-55d7-bcdb-89fb6a4c5786
============================================================

📊 Record Phase:
  Records processed: 4,099
  Files processed: 1
  Initialization: 3ms
  File processing: 2s 679ms
  Total record phase: 0d 0h 0m 3s 786ms 0µs 0ns
  Records/sec: 1,083

🔍 Analysis Phase:
  Neurons analyzed: 0
  Retry attempts: 0
  Focus selection: 2ms
  Total analysis phase: 0d 0h 0m 0s 2ms 0µs 0ns
  Neurons/sec: 0

🎯 Candidates Found:
  Helpful synapses: 0
  Helpful neurons: 0
  Coordinated structural: 0
  Harmful synapses: 0
  Harmful neurons: 0
  Squash changes: 0
  Removal candidates: 0

⏱️  Overall:
  Total time: 0d 0h 0m 3s 789ms 0µs 0ns
============================================================

[Worker] Discovery complete for creature (taskID: 2), preparing response...
2026-10-02T23:13:40.946640Z  WARN neat_ai_discovery::ffi_internal::analysis: focus_selection_weight_concentration_high: one neuron dominated the structural-impact weights; the weighted-random draw spread the focus set while keeping the high-impact majority raw_weight_concentration_ratio=1.0 effective_weight_concentration_ratio=1.0 eligible_pool_size=1 focus_set_size=6
[Discovery 8f17a9df-7dc9-55d7-bcdb-89fb6a4c5786] Focus ranking returned 1 neuron(s) with zero total error and no recorded error data is available; error-weighted selection cannot rank them.
[Discovery 8f17a9df-7dc9-55d7-bcdb-89fb6a4c5786] All 1 neurons have potentialErrorReduction below costOfGrowth (1e-7). No viable neurons for add mode.
Discovery 8f17a9df-7dc9-55d7-bcdb-89fb6a4c5786 cleanup complete.
[Worker] Returning discovery response (taskID: 2, removalCandidates=0)...
[NEAT-AI] Batch scorer partition: 7 forwardOnly batched, 0 recurrent batched, 0 per-creature
[Neat] Discovery replay: no improvement found (evaluated: 0)
Generation 4 score 0.99999999 (avg: 1.0000) error 0 avg time 378ms
Waiting for training/discovery clean up 2
[NEAT-AI] Batch scorer partition: 7 forwardOnly batched, 0 recurrent batched, 0 per-creature
Generation 5 score 0.99999999 (avg: 0.6363) error 0 avg time 23ms
Waiting for training/discovery clean up 1
[NEAT-AI] Batch scorer partition: 7 forwardOnly batched, 0 recurrent batched, 0 per-creature
Generation 6 score 0.99999999 (avg: 1.0000) error 0 avg time 21ms
[evolveDir] teardown complete: 12 worker(s) terminated, 0 detached; replay queue drained
2026-10-02T23:13:41.640Z [INFO] [EvolveApp] [pid-38372] Evolution result {"error":0,"score":0.99999999,"generation":6,"time":10906,"phaseTimingTotals":{"generations":6,"totalMs":10906,"fitnessMs":1334,"breedingMs":1183,"mutationMs":14,"deduplicationMs":97,"speciationMs":7,"sortMs":0,"writeScoresMs":7,"checkpointWriteMs":0,"otherMs":8264},"scorerUtilisation":{"generations":6,"batchScorerInvocations":6,"creaturesBatchScored":55,"creaturesPerCreatureScored":0},"trainingOutcomes":{"improvements":0,"regressions":0,"noChange":4,"skipped":0,"regressionRate":0},"populationSize":20,"requestedOptions":{"timeoutMinutes":10,"log":10,"elitism":4,"mutationAmount":2,"mutationRate":0.26477652477420316,"selection":{"name":"TOURNAMENT","size":5,"probability":0.5},"mutation":[{"name":"ADD_NODE"},{"name":"SUB_NODE"},{"name":"ADD_CONN"},{"name":"SUB_CONN"},{"name":"MOD_WEIGHT"},{"name":"MOD_BIAS"},{"name":"MOD_SQUASH"},{"name":"SWAP_NODES"}],"sparseRatio":1,"populationSize":20,"trainingSampleRate":1,"verbose":false,"discoverySampleRate":1,"creatures":10,"discoveryCacheDir":".cache/discovery/exchange/OTCQB"},"hardware":{"cpuCores":10,"totalMemoryBytes":null,"host":null},"scoreImprovement":{"initialScore":0.99999999,"finalScore":0.99999999,"totalImprovement":0,"milestones":[]},"startScore":0.99999999}
2026-10-02T23:13:41.642Z [INFO] [saveValidatedCreatureExport] [pid-38372] [forward-only] saved file=../GRQ-exchange/v1/OTCQB.json
2026-10-02T23:13:41.650Z [INFO] [EvolveApp] [pid-38372] [EvolveApp:exchange] pre-iteration flush: symbol=OTCQB, heap 130->24/120 MB, rss 5320->5271 MB, external 7->7 MB, arrayBuffers 0->0 MB, cleared 36 caches, disposed 10 creatures, gc=yes, wasm=skip
2026-10-02T23:13:41.657Z [INFO] [EvolveApp] [pid-38372] [EvolveApp:exchange] pre-iteration flush: symbol=BATS, heap 24->24/92 MB, rss 5271->5271 MB, external 7->1 MB, arrayBuffers 0->0 MB, cleared 36 caches, disposed 0 creatures, gc=yes, wasm=skip
2026-10-02T23:13:41.678Z [INFO] [EvolveApp] [pid-38372] process (upgrade) BATS score: 0.942
2026-10-02T23:13:41.678Z [INFO] [EvolveApp] [pid-38372] try ../GRQ-portfolio/best/exchange/v1/BATS.json
2026-10-02T23:13:41.691Z [INFO] [EvolveApp] [pid-38372] loaded ../GRQ-portfolio/best/exchange/v1/BATS.json
2026-10-02T23:13:41.812Z [INFO] [EvolveApp] [pid-38372] 4 mutations, mutation rate 5.0%, elitism 3, mutation ALL, selection TOURNAMENT
2026-10-02T23:13:41.812Z [INFO] [EvolveApp] [pid-38372] Creature count: 10
[WasmWorkerInit] worker=worker-1321 outcome=ok handshakeMs=276 cache=hit cacheDir=/Users/sloth/.cache/neat-ai/wasm bundleBytes=1039872 bundleLoadMs=6 glueImportMs=70 instantiateMs=8 wasmTotalMs=84 workerError=none
[WasmWorkerInit] worker=worker-1322 outcome=ok handshakeMs=299 cache=hit cacheDir=/Users/sloth/.cache/neat-ai/wasm bundleBytes=1039872 bundleLoadMs=6 glueImportMs=70 instantiateMs=8 wasmTotalMs=84 workerError=none
[WasmWorkerInit] worker=worker-1323 outcome=ok handshakeMs=301 cache=hit cacheDir=/Users/sloth/.cache/neat-ai/wasm bundleBytes=1039872 bundleLoadMs=6 glueImportMs=70 instantiateMs=8 wasmTotalMs=84 workerError=none
[WasmWorkerInit] worker=worker-1324 outcome=ok handshakeMs=296 cache=hit cacheDir=/Users/sloth/.cache/neat-ai/wasm bundleBytes=1039872 bundleLoadMs=6 glueImportMs=70 instantiateMs=8 wasmTotalMs=84 workerError=none
[WasmWorkerInit] worker=worker-1325 outcome=ok handshakeMs=308 cache=hit cacheDir=/Users/sloth/.cache/neat-ai/wasm bundleBytes=1039872 bundleLoadMs=6 glueImportMs=70 instantiateMs=8 wasmTotalMs=84 workerError=none
[WasmWorkerInit] worker=worker-1326 outcome=ok handshakeMs=310 cache=hit cacheDir=/Users/sloth/.cache/neat-ai/wasm bundleBytes=1039872 bundleLoadMs=6 glueImportMs=70 instantiateMs=8 wasmTotalMs=84 workerError=none
[WasmWorkerInit] worker=worker-1327 outcome=ok handshakeMs=315 cache=hit cacheDir=/Users/sloth/.cache/neat-ai/wasm bundleBytes=1039872 bundleLoadMs=6 glueImportMs=70 instantiateMs=8 wasmTotalMs=84 workerError=none
[WasmWorkerInit] worker=worker-1328 outcome=ok handshakeMs=273 cache=hit cacheDir=/Users/sloth/.cache/neat-ai/wasm bundleBytes=1039872 bundleLoadMs=6 glueImportMs=70 instantiateMs=8 wasmTotalMs=84 workerError=none
[WasmWorkerInit] worker=worker-1329 outcome=ok handshakeMs=246 cache=hit cacheDir=/Users/sloth/.cache/neat-ai/wasm bundleBytes=1039872 bundleLoadMs=6 glueImportMs=70 instantiateMs=8 wasmTotalMs=84 workerError=none
[WasmWorkerInit] worker=worker-1330 outcome=ok handshakeMs=291 cache=hit cacheDir=/Users/sloth/.cache/neat-ai/wasm bundleBytes=1039872 bundleLoadMs=6 glueImportMs=70 instantiateMs=8 wasmTotalMs=84 workerError=none
[WasmWorkerInit] worker=worker-1331 outcome=ok handshakeMs=301 cache=hit cacheDir=/Users/sloth/.cache/neat-ai/wasm bundleBytes=1039872 bundleLoadMs=6 glueImportMs=70 instantiateMs=8 wasmTotalMs=84 workerError=none
[WasmWorkerInit] worker=worker-1332 outcome=ok handshakeMs=308 cache=hit cacheDir=/Users/sloth/.cache/neat-ai/wasm bundleBytes=1039872 bundleLoadMs=6 glueImportMs=70 instantiateMs=8 wasmTotalMs=84 workerError=none
[NEAT-AI] Batch scorer partition: 20 forwardOnly batched, 0 recurrent batched, 0 per-creature
[WorkerHandler] Posting discovery request to worker (taskID: 2)
[neat-ai] running version 7.0.48
[neat-ai] running version 7.0.48
[neat-ai] running version 7.0.48
[neat-ai] running version 7.0.48
[neat-ai] running version 7.0.48
[neat-ai] running version 7.0.48
[neat-ai] running version 7.0.48
[NEAT-AI] trainDir FFI libneat_ai_backpropagation loaded from /Users/sloth/.cargo/lib/libneat_ai_backpropagation.dylib
[NEAT-AI] trainDir using FFI libneat_ai_backpropagation
[neat-ai] running version 7.0.48
[neat-ai] running version 7.0.48
[WasmWorkerInit] worker=worker-1333 outcome=ok handshakeMs=106 cache=hit cacheDir=/Users/sloth/.cache/neat-ai/wasm bundleBytes=1039872 bundleLoadMs=6 glueImportMs=70 instantiateMs=8 wasmTotalMs=84 workerError=none
[neat-ai] running version 7.0.48
[neat-ai] running version 7.0.48
[neat-ai] running version 7.0.48
[Worker] Starting discovery for creature (taskID: 2)...
✅ GPU acceleration enabled via Metal.
[NEAT-AI] trainDir FFI libneat_ai_backpropagation loaded from /Users/sloth/.cargo/lib/libneat_ai_backpropagation.dylib
[NEAT-AI] trainDir using FFI libneat_ai_backpropagation
[WasmWorkerInit] worker=worker-1334 outcome=ok handshakeMs=862 cache=hit cacheDir=/Users/sloth/.cache/neat-ai/wasm bundleBytes=1039872 bundleLoadMs=6 glueImportMs=70 instantiateMs=8 wasmTotalMs=84 workerError=none
[NEAT-AI] Batch scorer partition: 9 forwardOnly batched, 0 recurrent batched, 0 per-creature
[WasmWorkerInit] worker=worker-1335 outcome=ok handshakeMs=366 cache=hit cacheDir=/Users/sloth/.cache/neat-ai/wasm bundleBytes=1039872 bundleLoadMs=6 glueImportMs=70 instantiateMs=8 wasmTotalMs=84 workerError=none
[WasmWorkerInit] worker=worker-1336 outcome=ok handshakeMs=914 cache=hit cacheDir=/Users/sloth/.cache/neat-ai/wasm bundleBytes=1039872 bundleLoadMs=6 glueImportMs=70 instantiateMs=8 wasmTotalMs=84 workerError=none
[NEAT-AI] Batch scorer partition: 13 forwardOnly batched, 0 recurrent batched, 0 per-creature
[WasmWorkerInit] worker=worker-1337 outcome=ok handshakeMs=821 cache=hit cacheDir=/Users/sloth/.cache/neat-ai/wasm bundleBytes=1039872 bundleLoadMs=6 glueImportMs=70 instantiateMs=8 wasmTotalMs=84 workerError=none
Training 76c9803d caused a higher error of 0.05754270739443227 from 0.05752959906436688
Training 76c9803d caused a higher error of 0.05754270739443227 from 0.05752959906436688 and no tuning
[WasmWorkerInit] worker=worker-1338 outcome=ok handshakeMs=389 cache=hit cacheDir=/Users/sloth/.cache/neat-ai/wasm bundleBytes=1039872 bundleLoadMs=6 glueImportMs=70 instantiateMs=8 wasmTotalMs=84 workerError=none
[WasmWorkerInit] worker=worker-1339 outcome=ok handshakeMs=356 cache=hit cacheDir=/Users/sloth/.cache/neat-ai/wasm bundleBytes=1039872 bundleLoadMs=6 glueImportMs=70 instantiateMs=8 wasmTotalMs=84 workerError=none
[WasmWorkerInit] worker=worker-1340 outcome=ok handshakeMs=332 cache=hit cacheDir=/Users/sloth/.cache/neat-ai/wasm bundleBytes=1039872 bundleLoadMs=6 glueImportMs=70 instantiateMs=8 wasmTotalMs=84 workerError=none
[WasmWorkerInit] worker=worker-1341 outcome=ok handshakeMs=786 cache=hit cacheDir=/Users/sloth/.cache/neat-ai/wasm bundleBytes=1039872 bundleLoadMs=6 glueImportMs=70 instantiateMs=8 wasmTotalMs=84 workerError=none
[NEAT-AI] Batch scorer partition: 13 forwardOnly batched, 0 recurrent batched, 0 per-creature
[WasmWorkerInit] worker=worker-1342 outcome=ok handshakeMs=597 cache=hit cacheDir=/Users/sloth/.cache/neat-ai/wasm bundleBytes=1039872 bundleLoadMs=6 glueImportMs=70 instantiateMs=8 wasmTotalMs=84 workerError=none
[WasmWorkerInit] worker=worker-1343 outcome=ok handshakeMs=374 cache=hit cacheDir=/Users/sloth/.cache/neat-ai/wasm bundleBytes=1039872 bundleLoadMs=6 glueImportMs=70 instantiateMs=8 wasmTotalMs=84 workerError=none
[WasmWorkerInit] worker=worker-1344 outcome=ok handshakeMs=976 cache=hit cacheDir=/Users/sloth/.cache/neat-ai/wasm bundleBytes=1039872 bundleLoadMs=6 glueImportMs=70 instantiateMs=8 wasmTotalMs=84 workerError=none
[neat-ai] running version 7.0.48
[NEAT-AI] Batch scorer partition: 16 forwardOnly batched, 0 recurrent batched, 0 per-creature
[Neat] Discovery replay: no improvement found (evaluated: 0)
[NEAT-AI] Batch scorer partition: 17 forwardOnly batched, 0 recurrent batched, 0 per-creature
Discovery 29bbe552-1c0f-5bec-ac8f-25ac76c9803d with 1 binary files, sample rate: 100%, batch size: 128
[DiskSpace] Discovery directory usage at discovery start: 0.00 MB across 1 file (.discovery/29bbe552-1c0f-5bec-ac8f-25ac76c9803d).
Discovery 29bbe552-1c0f-5bec-ac8f-25ac76c9803d initialize time 
[NEAT-AI] Batch scorer partition: 15 forwardOnly batched, 0 recurrent batched, 0 per-creature
[NEAT-AI] Batch scorer partition: 15 forwardOnly batched, 0 recurrent batched, 0 per-creature
[NEAT-AI] Batch scorer partition: 15 forwardOnly batched, 0 recurrent batched, 0 per-creature
[NEAT-AI] Batch scorer partition: 15 forwardOnly batched, 0 recurrent batched, 0 per-creature
Discovery 29bbe552-1c0f-5bec-ac8f-25ac76c9803d drained promises after 10 batches
Generation 10 score 0.942363516903945 (avg: 0.8069) error 0.05752959906436688 avg time 2s 77ms
[NEAT-AI] Batch scorer partition: 16 forwardOnly batched, 0 recurrent batched, 0 per-creature
[NEAT-AI] Batch scorer partition: 15 forwardOnly batched, 0 recurrent batched, 0 per-creature
[NEAT-AI] Batch scorer partition: 16 forwardOnly batched, 0 recurrent batched, 0 per-creature
Discovery 29bbe552-1c0f-5bec-ac8f-25ac76c9803d drained promises after 10 batches
[NEAT-AI] Batch scorer partition: 14 forwardOnly batched, 0 recurrent batched, 0 per-creature
Discovery 29bbe552-1c0f-5bec-ac8f-25ac76c9803d drained promises after 10 batches
[NEAT-AI] Batch scorer partition: 15 forwardOnly batched, 0 recurrent batched, 0 per-creature
Discovery 29bbe552-1c0f-5bec-ac8f-25ac76c9803d scanning time 17s 580ms
[DiskSpace] Discovery directory usage at after recording: 126.47 MB across 9 files (.discovery/29bbe552-1c0f-5bec-ac8f-25ac76c9803d).
Discovery 29bbe552-1c0f-5bec-ac8f-25ac76c9803d recorded time 19s 1ms
[Discovery 29bbe552-1c0f-5bec-ac8f-25ac76c9803d] Released record-phase retainers before analysis heap check: 4099 index entries, 0 accumulated samples.
Discovery 29bbe552-1c0f-5bec-ac8f-25ac76c9803d analysis timeout extended by 5m
2026-10-02T23:14:17.792777Z  WARN neat_ai_discovery::ffi_internal::analysis: focus_selection_weight_concentration_high: one neuron dominated the structural-impact weights; the weighted-random draw spread the focus set while keeping the high-impact majority raw_weight_concentration_ratio=0.9954385161399841 effective_weight_concentration_ratio=0.9960343241691589 eligible_pool_size=168 focus_set_size=6
[NEAT-AI] Batch scorer partition: 16 forwardOnly batched, 0 recurrent batched, 0 per-creature
[Discovery 29bbe552-1c0f-5bec-ac8f-25ac76c9803d] Found 92 removal candidates (impact below costOfGrowth)
[NEAT-AI] Batch scorer partition: 15 forwardOnly batched, 0 recurrent batched, 0 per-creature
[Discovery 29bbe552-1c0f-5bec-ac8f-25ac76c9803d] Weighted error x impact selection prioritised: 1696629516 (weight 0.0000), 1048088970 (weight 0.0000), 1404129307 (weight 0.0000), …
[Discovery 29bbe552-1c0f-5bec-ac8f-25ac76c9803d] Wrote focus selection analysis to .discovery/29bbe552-1c0f-5bec-ac8f-25ac76c9803d/focus-selection.json (54 candidates, 6 selected, 0 low-impact)
Discovery 29bbe552-1c0f-5bec-ac8f-25ac76c9803d selected 6 focus neurons in 2s 558ms
Discovery 29bbe552-1c0f-5bec-ac8f-25ac76c9803d focus weight concentration ratio 0.0198
[NEAT-AI] Batch scorer partition: 16 forwardOnly batched, 0 recurrent batched, 0 per-creature
[NEAT-AI] Batch scorer partition: 16 forwardOnly batched, 0 recurrent batched, 0 per-creature
[NEAT-AI] Batch scorer partition: 16 forwardOnly batched, 0 recurrent batched, 0 per-creature
Generation 20 score 0.942363516903945 (avg: 0.8576) error 0.05752959906436688 avg time 1s 984ms
[NEAT-AI] Batch scorer partition: 16 forwardOnly batched, 0 recurrent batched, 0 per-creature
[NEAT-AI] Batch scorer partition: 16 forwardOnly batched, 0 recurrent batched, 0 per-creature
[NEAT-AI] Batch scorer partition: 16 forwardOnly batched, 0 recurrent batched, 0 per-creature
[NEAT-AI] Batch scorer partition: 16 forwardOnly batched, 0 recurrent batched, 0 per-creature
[NEAT-AI] Batch scorer partition: 16 forwardOnly batched, 0 recurrent batched, 0 per-creature
[NEAT-AI] Batch scorer partition: 16 forwardOnly batched, 0 recurrent batched, 0 per-creature
[NEAT-AI] Batch scorer partition: 16 forwardOnly batched, 0 recurrent batched, 0 per-creature
[NEAT-AI] Batch scorer partition: 16 forwardOnly batched, 0 recurrent batched, 0 per-creature
[NEAT-AI] Batch scorer partition: 17 forwardOnly batched, 0 recurrent batched, 0 per-creature
[NEAT-AI] Batch scorer partition: 16 forwardOnly batched, 0 recurrent batched, 0 per-creature
Generation 30 score 0.942363516903945 (avg: 0.8850) error 0.05752959906436688 avg time 2s 90ms
[NEAT-AI] Batch scorer partition: 16 forwardOnly batched, 0 recurrent batched, 0 per-creature
[NEAT-AI] Batch scorer partition: 16 forwardOnly batched, 0 recurrent batched, 0 per-creature
[NEAT-AI] Batch scorer partition: 16 forwardOnly batched, 0 recurrent batched, 0 per-creature
[NEAT-AI] Batch scorer partition: 16 forwardOnly batched, 0 recurrent batched, 0 per-creature
Discovery 29bbe552-1c0f-5bec-ac8f-25ac76c9803d rust combined analysis chunk 1/3 (2 neurons) in 34s 769ms [synapse=gpu neuron=gpu]
Discovery 29bbe552-1c0f-5bec-ac8f-25ac76c9803d candidate collection 1ms helpful synapses: 0 (fallback 0), helpful neurons: 0 (fallback 0), coordinated-structural: 37, harmful synapse removals: 0, synapse meta: found=13 returned=37, neuron meta: found=0 returned=0
[Discovery 29bbe552-1c0f-5bec-ac8f-25ac76c9803d] Rust synapse analysis evaluated 2 focus neuron(s) but found no improvements. Focus neurons: 1696629516, 1048088970
[Discovery 29bbe552-1c0f-5bec-ac8f-25ac76c9803d] Focus selection summary unavailable for synapse analysis (focus=1696629516, 1048088970)
[Discovery 29bbe552-1c0f-5bec-ac8f-25ac76c9803d] Rust synapse diagnostic for neuron-326170889: No diagnostics recorded (evaluated=1721, withSamples=1721, targetRecords=4099)
[Discovery 29bbe552-1c0f-5bec-ac8f-25ac76c9803d] Rust synapse diagnostic for 8437932e-45ab-45bf-8eab-ba6908fbad32: No diagnostics recorded (evaluated=1822, withSamples=1822, targetRecords=4099)
[Discovery 29bbe552-1c0f-5bec-ac8f-25ac76c9803d] Rust synapse analysis evaluated 3543 candidate(s) but none produced usable improvement statistics.
[Discovery 29bbe552-1c0f-5bec-ac8f-25ac76c9803d] Rust neuron analysis evaluated 2 focus neuron(s) but found no improvements. Focus neurons: 1696629516, 1048088970
[Discovery 29bbe552-1c0f-5bec-ac8f-25ac76c9803d] Focus selection summary unavailable for neuron analysis (focus=1696629516, 1048088970)
[Discovery 29bbe552-1c0f-5bec-ac8f-25ac76c9803d] Rust neuron diagnostic for neuron-326170889: No diagnostics recorded (evaluated=1756, withSamples=1756, targetRecords=4099)
[Discovery 29bbe552-1c0f-5bec-ac8f-25ac76c9803d] Rust neuron analysis evaluated 1756 candidate(s) but none produced usable improvement statistics.
[NEAT-AI] Batch scorer partition: 16 forwardOnly batched, 0 recurrent batched, 0 per-creature
[NEAT-AI] Batch scorer partition: 16 forwardOnly batched, 0 recurrent batched, 0 per-creature
[NEAT-AI] Batch scorer partition: 14 forwardOnly batched, 0 recurrent batched, 0 per-creature
[NEAT-AI] Batch scorer partition: 15 forwardOnly batched, 0 recurrent batched, 0 per-creature
[NEAT-AI] Batch scorer partition: 14 forwardOnly batched, 0 recurrent batched, 0 per-creature
[NEAT-AI] Batch scorer partition: 15 forwardOnly batched, 0 recurrent batched, 0 per-creature
Generation 40 score 0.942363516903945 (avg: 0.9247) error 0.05752959906436688 avg time 1s 988ms
[NEAT-AI] Batch scorer partition: 17 forwardOnly batched, 0 recurrent batched, 0 per-creature
[NEAT-AI] Batch scorer partition: 16 forwardOnly batched, 0 recurrent batched, 0 per-creature
[NEAT-AI] Batch scorer partition: 16 forwardOnly batched, 0 recurrent batched, 0 per-creature
[NEAT-AI] Batch scorer partition: 16 forwardOnly batched, 0 recurrent batched, 0 per-creature
[NEAT-AI] Batch scorer partition: 16 forwardOnly batched, 0 recurrent batched, 0 per-creature
[NEAT-AI] Batch scorer partition: 16 forwardOnly batched, 0 recurrent batched, 0 per-creature
[NEAT-AI] Batch scorer partition: 16 forwardOnly batched, 0 recurrent batched, 0 per-creature
Discovery 29bbe552-1c0f-5bec-ac8f-25ac76c9803d analyze squashes time 28s 954ms found 1 candidate, Summary: 8437932e-45ab-45bf-8eab-ba6908fbad32 SELU -> SQUARE expected: 0.0% error: 1.7630 -> 0.0340
2026-10-02T23:15:24.202933Z  WARN neat_ai_discovery::analysis::synapse::target_analysis: pass aborted: saturation-dominant (target_saturated), remaining targets skipped saturated_drops=1801
[NEAT-AI] Batch scorer partition: 16 forwardOnly batched, 0 recurrent batched, 0 per-creature
[NEAT-AI] Batch scorer partition: 16 forwardOnly batched, 0 recurrent batched, 0 per-creature
[NEAT-AI] Batch scorer partition: 16 forwardOnly batched, 0 recurrent batched, 0 per-creature
Generation 50 score 0.942363516903945 (avg: 0.9251) error 0.05752959906436688 avg time 2s 151ms
[NEAT-AI] Batch scorer partition: 16 forwardOnly batched, 0 recurrent batched, 0 per-creature
[NEAT-AI] Batch scorer partition: 16 forwardOnly batched, 0 recurrent batched, 0 per-creature
[NEAT-AI] Batch scorer partition: 16 forwardOnly batched, 0 recurrent batched, 0 per-creature
[NEAT-AI] Batch scorer partition: 16 forwardOnly batched, 0 recurrent batched, 0 per-creature
[NEAT-AI] Batch scorer partition: 16 forwardOnly batched, 0 recurrent batched, 0 per-creature
[NEAT-AI] Batch scorer partition: 16 forwardOnly batched, 0 recurrent batched, 0 per-creature
[NEAT-AI] Batch scorer partition: 16 forwardOnly batched, 0 recurrent batched, 0 per-creature
[NEAT-AI] Batch scorer partition: 16 forwardOnly batched, 0 recurrent batched, 0 per-creature
[NEAT-AI] Batch scorer partition: 16 forwardOnly batched, 0 recurrent batched, 0 per-creature
[NEAT-AI] Batch scorer partition: 16 forwardOnly batched, 0 recurrent batched, 0 per-creature
Generation 60 score 0.942363516903945 (avg: 0.9245) error 0.05752959906436688 avg time 1s 896ms
[NEAT-AI] Batch scorer partition: 16 forwardOnly batched, 0 recurrent batched, 0 per-creature
[NEAT-AI] Batch scorer partition: 16 forwardOnly batched, 0 recurrent batched, 0 per-creature
[NEAT-AI] Batch scorer partition: 16 forwardOnly batched, 0 recurrent batched, 0 per-creature
[NEAT-AI] Batch scorer partition: 17 forwardOnly batched, 0 recurrent batched, 0 per-creature
[NEAT-AI] Batch scorer partition: 15 forwardOnly batched, 0 recurrent batched, 0 per-creature
[NEAT-AI] Batch scorer partition: 16 forwardOnly batched, 0 recurrent batched, 0 per-creature
[NEAT-AI] Batch scorer partition: 16 forwardOnly batched, 0 recurrent batched, 0 per-creature
[NEAT-AI] Batch scorer partition: 16 forwardOnly batched, 0 recurrent batched, 0 per-creature
[NEAT-AI] Batch scorer partition: 16 forwardOnly batched, 0 recurrent batched, 0 per-creature
[NEAT-AI] Batch scorer partition: 16 forwardOnly batched, 0 recurrent batched, 0 per-creature
Generation 70 score 0.942363516903945 (avg: 0.9231) error 0.05752959906436688 avg time 1s 931ms
[NEAT-AI] Batch scorer partition: 16 forwardOnly batched, 0 recurrent batched, 0 per-creature
[NEAT-AI] Batch scorer partition: 16 forwardOnly batched, 0 recurrent batched, 0 per-creature
[NEAT-AI] Batch scorer partition: 16 forwardOnly batched, 0 recurrent batched, 0 per-creature
[NEAT-AI] Batch scorer partition: 16 forwardOnly batched, 0 recurrent batched, 0 per-creature
[NEAT-AI] Batch scorer partition: 16 forwardOnly batched, 0 recurrent batched, 0 per-creature
[NEAT-AI] Batch scorer partition: 16 forwardOnly batched, 0 recurrent batched, 0 per-creature
[NEAT-AI] Batch scorer partition: 16 forwardOnly batched, 0 recurrent batched, 0 per-creature
[NEAT-AI] Batch scorer partition: 16 forwardOnly batched, 0 recurrent batched, 0 per-creature
[NEAT-AI] Batch scorer partition: 16 forwardOnly batched, 0 recurrent batched, 0 per-creature
[NEAT-AI] Batch scorer partition: 16 forwardOnly batched, 0 recurrent batched, 0 per-creature
Generation 80 score 0.942363516903945 (avg: 0.8549) error 0.05752959906436688 avg time 1s 936ms
[NEAT-AI] Batch scorer partition: 16 forwardOnly batched, 0 recurrent batched, 0 per-creature
[NEAT-AI] Batch scorer partition: 14 forwardOnly batched, 0 recurrent batched, 0 per-creature
[NEAT-AI] Batch scorer partition: 16 forwardOnly batched, 0 recurrent batched, 0 per-creature
[NEAT-AI] Batch scorer partition: 16 forwardOnly batched, 0 recurrent batched, 0 per-creature
[NEAT-AI] Batch scorer partition: 14 forwardOnly batched, 0 recurrent batched, 0 per-creature
[NEAT-AI] Batch scorer partition: 15 forwardOnly batched, 0 recurrent batched, 0 per-creature
[NEAT-AI] Batch scorer partition: 16 forwardOnly batched, 0 recurrent batched, 0 per-creature
[NEAT-AI] Batch scorer partition: 16 forwardOnly batched, 0 recurrent batched, 0 per-creature
[NEAT-AI] Batch scorer partition: 16 forwardOnly batched, 0 recurrent batched, 0 per-creature
[NEAT-AI] Batch scorer partition: 16 forwardOnly batched, 0 recurrent batched, 0 per-creature
Generation 90 score 0.942363516903945 (avg: 0.9267) error 0.05752959906436688 avg time 1s 899ms
[NEAT-AI] Batch scorer partition: 16 forwardOnly batched, 0 recurrent batched, 0 per-creature
[NEAT-AI] Batch scorer partition: 16 forwardOnly batched, 0 recurrent batched, 0 per-creature
[NEAT-AI] Batch scorer partition: 16 forwardOnly batched, 0 recurrent batched, 0 per-creature
[NEAT-AI] Batch scorer partition: 16 forwardOnly batched, 0 recurrent batched, 0 per-creature
[NEAT-AI] Batch scorer partition: 16 forwardOnly batched, 0 recurrent batched, 0 per-creature
[NEAT-AI] Batch scorer partition: 16 forwardOnly batched, 0 recurrent batched, 0 per-creature
[NEAT-AI] Batch scorer partition: 16 forwardOnly batched, 0 recurrent batched, 0 per-creature
[NEAT-AI] Batch scorer partition: 16 forwardOnly batched, 0 recurrent batched, 0 per-creature
[NEAT-AI] Batch scorer partition: 16 forwardOnly batched, 0 recurrent batched, 0 per-creature
[NEAT-AI] Batch scorer partition: 16 forwardOnly batched, 0 recurrent batched, 0 per-creature
Generation 100 score 0.942363516903945 (avg: 0.8451) error 0.05752959906436688 avg time 1s 926ms
[NEAT-AI] Batch scorer partition: 16 forwardOnly batched, 0 recurrent batched, 0 per-creature
[NEAT-AI] Batch scorer partition: 16 forwardOnly batched, 0 recurrent batched, 0 per-creature
[NEAT-AI] Batch scorer partition: 16 forwardOnly batched, 0 recurrent batched, 0 per-creature
[NEAT-AI] Batch scorer partition: 16 forwardOnly batched, 0 recurrent batched, 0 per-creature
[NEAT-AI] Batch scorer partition: 16 forwardOnly batched, 0 recurrent batched, 0 per-creature
[NEAT-AI] Batch scorer partition: 16 forwardOnly batched, 0 recurrent batched, 0 per-creature
[NEAT-AI] Batch scorer partition: 15 forwardOnly batched, 0 recurrent batched, 0 per-creature
[NEAT-AI] Batch scorer partition: 16 forwardOnly batched, 0 recurrent batched, 0 per-creature
[NEAT-AI] Batch scorer partition: 16 forwardOnly batched, 0 recurrent batched, 0 per-creature
[NEAT-AI] Batch scorer partition: 16 forwardOnly batched, 0 recurrent batched, 0 per-creature
2026-10-02T23:17:25.445545Z  WARN neat_ai_discovery::ffi_internal::analysis: Issue #1446: discovery pass produced 0 candidates — zeroCandidateSummary attached dominant_rejection_reason="within_batch_target_short_circuit" starvation_class="candidateStarved" proposals_formed=7 upstream_rejections=5320
Discovery 29bbe552-1c0f-5bec-ac8f-25ac76c9803d rust combined analysis chunk 2/3 (2 neurons) in 2m 1s 400ms [synapse=gpu neuron=gpu]
[Discovery 29bbe552-1c0f-5bec-ac8f-25ac76c9803d] Rust synapse analysis evaluated 2 focus neuron(s) but found no improvements. Focus neurons: 1404129307, 239895073
[Discovery 29bbe552-1c0f-5bec-ac8f-25ac76c9803d] Focus selection summary unavailable for synapse analysis (focus=1404129307, 239895073)
[Discovery 29bbe552-1c0f-5bec-ac8f-25ac76c9803d] Rust synapse diagnostic for neuron-782290261: No diagnostics recorded (evaluated=1695, withSamples=1695, targetRecords=4099)
[Discovery 29bbe552-1c0f-5bec-ac8f-25ac76c9803d] Rust synapse diagnostic for neuron-450050599: No diagnostics recorded (evaluated=0, withSamples=0, targetRecords=4099)
[Discovery 29bbe552-1c0f-5bec-ac8f-25ac76c9803d] Rust synapse analysis evaluated 1695 candidate(s) but none produced usable improvement statistics.
[Discovery 29bbe552-1c0f-5bec-ac8f-25ac76c9803d] Rust neuron analysis evaluated 2 focus neuron(s) but found no improvements. Focus neurons: 1404129307, 239895073
[Discovery 29bbe552-1c0f-5bec-ac8f-25ac76c9803d] Focus selection summary unavailable for neuron analysis (focus=1404129307, 239895073)
[Discovery 29bbe552-1c0f-5bec-ac8f-25ac76c9803d] Rust neuron diagnostic for neuron-782290261: No diagnostics recorded (evaluated=1735, withSamples=1735, targetRecords=4099)
[Discovery 29bbe552-1c0f-5bec-ac8f-25ac76c9803d] Rust neuron diagnostic for neuron-450050599: No diagnostics recorded (evaluated=1828, withSamples=1828, targetRecords=4099)
[Discovery 29bbe552-1c0f-5bec-ac8f-25ac76c9803d] Rust neuron analysis evaluated 3563 candidate(s) but none produced usable improvement statistics.
Discovery 29bbe552-1c0f-5bec-ac8f-25ac76c9803d candidate collection  helpful synapses: 0 (fallback 0), helpful neurons: 0 (fallback 0), coordinated-structural: 0, harmful synapse removals: 0, synapse meta: found=3 returned=0, neuron meta: found=0 returned=0
Generation 110 score 0.942363516903945 (avg: 0.9005) error 0.05752959906436688 avg time 1s 958ms
[NEAT-AI] Batch scorer partition: 16 forwardOnly batched, 0 recurrent batched, 0 per-creature
[NEAT-AI] Batch scorer partition: 15 forwardOnly batched, 0 recurrent batched, 0 per-creature
[NEAT-AI] Batch scorer partition: 15 forwardOnly batched, 0 recurrent batched, 0 per-creature
[NEAT-AI] Batch scorer partition: 15 forwardOnly batched, 0 recurrent batched, 0 per-creature
[NEAT-AI] Batch scorer partition: 16 forwardOnly batched, 0 recurrent batched, 0 per-creature
[NEAT-AI] Batch scorer partition: 16 forwardOnly batched, 0 recurrent batched, 0 per-creature
[NEAT-AI] Batch scorer partition: 16 forwardOnly batched, 0 recurrent batched, 0 per-creature
Discovery 29bbe552-1c0f-5bec-ac8f-25ac76c9803d analyze squashes time 12s 403ms found 0 candidates
Discovery 29bbe552-1c0f-5bec-ac8f-25ac76c9803d rust combined analysis chunk 2/3 exceeded per-chunk budget 2m (elapsed 2m 1s 400ms) but average 1m 18s 84ms 500µs over 2 chunks remains within budget; continuing
2026-10-02T23:17:37.920197Z  WARN neat_ai_discovery::analysis::synapse::target_analysis: pass aborted: saturation-dominant (target_saturated), remaining targets skipped saturated_drops=1684
[NEAT-AI] Batch scorer partition: 16 forwardOnly batched, 0 recurrent batched, 0 per-creature
[NEAT-AI] Batch scorer partition: 14 forwardOnly batched, 0 recurrent batched, 0 per-creature
[NEAT-AI] Batch scorer partition: 16 forwardOnly batched, 0 recurrent batched, 0 per-creature
Generation 120 score 0.942363516903945 (avg: 0.9264) error 0.05752959906436688 avg time 1s 907ms
[NEAT-AI] Batch scorer partition: 16 forwardOnly batched, 0 recurrent batched, 0 per-creature
[NEAT-AI] Batch scorer partition: 15 forwardOnly batched, 0 recurrent batched, 0 per-creature
[NEAT-AI] Batch scorer partition: 14 forwardOnly batched, 0 recurrent batched, 0 per-creature
[NEAT-AI] Batch scorer partition: 16 forwardOnly batched, 0 recurrent batched, 0 per-creature
[NEAT-AI] Batch scorer partition: 16 forwardOnly batched, 0 recurrent batched, 0 per-creature
[NEAT-AI] Batch scorer partition: 16 forwardOnly batched, 0 recurrent batched, 0 per-creature
[NEAT-AI] Batch scorer partition: 17 forwardOnly batched, 0 recurrent batched, 0 per-creature
[NEAT-AI] Batch scorer partition: 15 forwardOnly batched, 0 recurrent batched, 0 per-creature
[NEAT-AI] Batch scorer partition: 16 forwardOnly batched, 0 recurrent batched, 0 per-creature
[NEAT-AI] Batch scorer partition: 16 forwardOnly batched, 0 recurrent batched, 0 per-creature
Generation 130 score 0.942363516903945 (avg: 0.8968) error 0.05752959906436688 avg time 1s 956ms
[NEAT-AI] Batch scorer partition: 16 forwardOnly batched, 0 recurrent batched, 0 per-creature
[NEAT-AI] Batch scorer partition: 16 forwardOnly batched, 0 recurrent batched, 0 per-creature
[NEAT-AI] Batch scorer partition: 16 forwardOnly batched, 0 recurrent batched, 0 per-creature
[NEAT-AI] Batch scorer partition: 16 forwardOnly batched, 0 recurrent batched, 0 per-creature
[NEAT-AI] Batch scorer partition: 15 forwardOnly batched, 0 recurrent batched, 0 per-creature
[NEAT-AI] Batch scorer partition: 16 forwardOnly batched, 0 recurrent batched, 0 per-creature
[NEAT-AI] Batch scorer partition: 12 forwardOnly batched, 0 recurrent batched, 0 per-creature
[NEAT-AI] Batch scorer partition: 15 forwardOnly batched, 0 recurrent batched, 0 per-creature
[NEAT-AI] Batch scorer partition: 13 forwardOnly batched, 0 recurrent batched, 0 per-creature
[NEAT-AI] Batch scorer partition: 15 forwardOnly batched, 0 recurrent batched, 0 per-creature
Generation 140 score 0.942363516903945 (avg: 0.9254) error 0.05752959906436688 avg time 1s 820ms
[NEAT-AI] Batch scorer partition: 13 forwardOnly batched, 0 recurrent batched, 0 per-creature
[NEAT-AI] Batch scorer partition: 15 forwardOnly batched, 0 recurrent batched, 0 per-creature
[NEAT-AI] Batch scorer partition: 14 forwardOnly batched, 0 recurrent batched, 0 per-creature
[NEAT-AI] Batch scorer partition: 16 forwardOnly batched, 0 recurrent batched, 0 per-creature
[NEAT-AI] Batch scorer partition: 15 forwardOnly batched, 0 recurrent batched, 0 per-creature
Training 169f0a70 caused a higher error of 0.06143691057045291 from 0.061436645063169704
Training 169f0a70 caused a higher error of 0.06143691057045291 from 0.061436645063169704 and no tuning
[NEAT-AI] Batch scorer partition: 16 forwardOnly batched, 0 recurrent batched, 0 per-creature
[NEAT-AI] Batch scorer partition: 15 forwardOnly batched, 0 recurrent batched, 0 per-creature
[NEAT-AI] Batch scorer partition: 14 forwardOnly batched, 0 recurrent batched, 0 per-creature
[NEAT-AI] Batch scorer partition: 16 forwardOnly batched, 0 recurrent batched, 0 per-creature
[NEAT-AI] Batch scorer partition: 16 forwardOnly batched, 0 recurrent batched, 0 per-creature
Generation 150 score 0.942363516903945 (avg: 0.9321) error 0.05752959906436688 avg time 1s 933ms
[NEAT-AI] Batch scorer partition: 16 forwardOnly batched, 0 recurrent batched, 0 per-creature
[NEAT-AI] Batch scorer partition: 16 forwardOnly batched, 0 recurrent batched, 0 per-creature
[NEAT-AI] Batch scorer partition: 16 forwardOnly batched, 0 recurrent batched, 0 per-creature
[NEAT-AI] Batch scorer partition: 15 forwardOnly batched, 0 recurrent batched, 0 per-creature
[NEAT-AI] Batch scorer partition: 15 forwardOnly batched, 0 recurrent batched, 0 per-creature
[NEAT-AI] Batch scorer partition: 16 forwardOnly batched, 0 recurrent batched, 0 per-creature
[NEAT-AI] Batch scorer partition: 16 forwardOnly batched, 0 recurrent batched, 0 per-creature
[NEAT-AI] Batch scorer partition: 12 forwardOnly batched, 0 recurrent batched, 0 per-creature
[NEAT-AI] Batch scorer partition: 15 forwardOnly batched, 0 recurrent batched, 0 per-creature
[NEAT-AI] Batch scorer partition: 15 forwardOnly batched, 0 recurrent batched, 0 per-creature
Generation 160 score 0.942363516903945 (avg: 0.9251) error 0.05752959906436688 avg time 1s 928ms
[NEAT-AI] Batch scorer partition: 13 forwardOnly batched, 0 recurrent batched, 0 per-creature
[NEAT-AI] Batch scorer partition: 14 forwardOnly batched, 0 recurrent batched, 0 per-creature
[NEAT-AI] Batch scorer partition: 14 forwardOnly batched, 0 recurrent batched, 0 per-creature
[NEAT-AI] Batch scorer partition: 16 forwardOnly batched, 0 recurrent batched, 0 per-creature
[NEAT-AI] Batch scorer partition: 16 forwardOnly batched, 0 recurrent batched, 0 per-creature
[NEAT-AI] Batch scorer partition: 16 forwardOnly batched, 0 recurrent batched, 0 per-creature
[NEAT-AI] Batch scorer partition: 16 forwardOnly batched, 0 recurrent batched, 0 per-creature
[NEAT-AI] Batch scorer partition: 14 forwardOnly batched, 0 recurrent batched, 0 per-creature
[NEAT-AI] Batch scorer partition: 13 forwardOnly batched, 0 recurrent batched, 0 per-creature
2026-10-02T23:19:17.200948Z  WARN neat_ai_discovery::ffi_internal::analysis: Issue #1446: discovery pass produced 0 candidates — zeroCandidateSummary attached dominant_rejection_reason="target_saturated" starvation_class="candidateStarved" proposals_formed=5 upstream_rejections=1763
Discovery 29bbe552-1c0f-5bec-ac8f-25ac76c9803d rust combined analysis chunk 3/3 (2 neurons) in 1m 39s 356ms [synapse=gpu neuron=gpu]
Discovery 29bbe552-1c0f-5bec-ac8f-25ac76c9803d candidate collection  helpful synapses: 0 (fallback 0), helpful neurons: 0 (fallback 0), coordinated-structural: 0, harmful synapse removals: 0, synapse meta: found=4 returned=0, neuron meta: found=0 returned=0
[Discovery 29bbe552-1c0f-5bec-ac8f-25ac76c9803d] Rust synapse analysis evaluated 2 focus neuron(s) but found no improvements. Focus neurons: 989130432, 1021887435
[Discovery 29bbe552-1c0f-5bec-ac8f-25ac76c9803d] Focus selection summary unavailable for synapse analysis (focus=989130432, 1021887435)
[Discovery 29bbe552-1c0f-5bec-ac8f-25ac76c9803d] Rust synapse diagnostic for neuron-1722127941: No diagnostics recorded (evaluated=0, withSamples=0, targetRecords=4099)
[Discovery 29bbe552-1c0f-5bec-ac8f-25ac76c9803d] Rust synapse diagnostic for neuron-27508861: no_target_records (evaluated=0, withSamples=0, targetRecords=0)
[Discovery 29bbe552-1c0f-5bec-ac8f-25ac76c9803d] Rust synapse analysis reported zero evaluated candidates (No diagnostics recorded).
[Discovery 29bbe552-1c0f-5bec-ac8f-25ac76c9803d] Rust neuron analysis evaluated 2 focus neuron(s) but found no improvements. Focus neurons: 989130432, 1021887435
[Discovery 29bbe552-1c0f-5bec-ac8f-25ac76c9803d] Focus selection summary unavailable for neuron analysis (focus=989130432, 1021887435)
[Discovery 29bbe552-1c0f-5bec-ac8f-25ac76c9803d] Rust neuron diagnostic for neuron-27508861: No diagnostics recorded (evaluated=1849, withSamples=1849, targetRecords=4099)
[Discovery 29bbe552-1c0f-5bec-ac8f-25ac76c9803d] Rust neuron diagnostic for neuron-1722127941: No diagnostics recorded (evaluated=1739, withSamples=1739, targetRecords=4099)
[Discovery 29bbe552-1c0f-5bec-ac8f-25ac76c9803d] Rust neuron analysis evaluated 3588 candidate(s) but none produced usable improvement statistics.
[NEAT-AI] Batch scorer partition: 14 forwardOnly batched, 0 recurrent batched, 0 per-creature
Generation 170 score 0.942363516903945 (avg: 0.9114) error 0.05752959906436688 avg time 1s 847ms
[NEAT-AI] Batch scorer partition: 16 forwardOnly batched, 0 recurrent batched, 0 per-creature
[NEAT-AI] Batch scorer partition: 16 forwardOnly batched, 0 recurrent batched, 0 per-creature
[NEAT-AI] Batch scorer partition: 14 forwardOnly batched, 0 recurrent batched, 0 per-creature
Discovery 29bbe552-1c0f-5bec-ac8f-25ac76c9803d analyze squashes time 6s 816ms found 0 candidates
Discovery 29bbe552-1c0f-5bec-ac8f-25ac76c9803d accumulated candidate updates; continuing search while time remains.
Discovery 29bbe552-1c0f-5bec-ac8f-25ac76c9803d analysis timeout reached after evaluating 6 neuron(s)
Discovery 29bbe552-1c0f-5bec-ac8f-25ac76c9803d found 92 low-impact removal candidates
Discovery 29bbe552-1c0f-5bec-ac8f-25ac76c9803d analysis complete, total time 5m 25s 260ms, starting cleanup...
Discovery 29bbe552-1c0f-5bec-ac8f-25ac76c9803d performing cleanup...
Discovery 29bbe552-1c0f-5bec-ac8f-25ac76c9803d cleanup scheduled (async - results returned immediately; writers to its run directory wait for it).
[DiskSpace] Discovery directory usage at before cleanup: 63.65 MB across 4 files (.discovery/29bbe552-1c0f-5bec-ac8f-25ac76c9803d).

============================================================
Discovery Performance Summary 29bbe552-1c0f-5bec-ac8f-25ac76c9803d
============================================================

📊 Record Phase:
  Records processed: 4,099
  Files processed: 1
  File processing: 17s 577ms
  Total record phase: 0d 0h 0m 19s 1ms 0µs 0ns
  Records/sec: 216

🔍 Analysis Phase:
  Neurons analyzed: 6
  Retry attempts: 0
  Focus selection: 2s 558ms
  Rust combined analysis: 4m 15s 525ms
  Squash analysis: 48s 173ms
  Total analysis phase: 0d 0h 5m 6s 257ms 0µs 0ns
  Neurons/sec: 0

🎯 Candidates Found:
  Helpful synapses: 0
  Helpful neurons: 0
  Coordinated structural: 37
  Harmful synapses: 0
  Harmful neurons: 0
  Squash changes: 1
  Removal candidates: 92

⏱️  Overall:
  Total time: 0d 0h 5m 25s 260ms 0µs 0ns
============================================================

[Worker] Discovery complete for creature (taskID: 2), preparing response...
Discovery 29bbe552-1c0f-5bec-ac8f-25ac76c9803d cleanup complete.
[Worker] Returning discovery response (taskID: 2, removalCandidates=92)...
[NEAT-AI] Batch scorer partition: 14 forwardOnly batched, 0 recurrent batched, 0 per-creature
[NEAT-AI] Batch scorer partition: 15 forwardOnly batched, 0 recurrent batched, 0 per-creature
[NEAT-AI] Batch scorer partition: 15 forwardOnly batched, 0 recurrent batched, 0 per-creature
[NEAT-AI] Batch scorer partition: 16 forwardOnly batched, 0 recurrent batched, 0 per-creature
[NEAT-AI] Batch scorer partition: 16 forwardOnly batched, 0 recurrent batched, 0 per-creature
[NEAT-AI] Batch scorer partition: 16 forwardOnly batched, 0 recurrent batched, 0 per-creature
[NEAT-AI] Batch scorer partition: 16 forwardOnly batched, 0 recurrent batched, 0 per-creature
Generation 180 score 0.942363516903945 (avg: 0.9215) error 0.05752959906436688 avg time 2s 13ms
[NEAT-AI] Batch scorer partition: 14 forwardOnly batched, 0 recurrent batched, 0 per-creature
[NEAT-AI] Batch scorer partition: 15 forwardOnly batched, 0 recurrent batched, 0 per-creature
[NEAT-AI] Batch scorer partition: 14 forwardOnly batched, 0 recurrent batched, 0 per-creature
[NEAT-AI] Batch scorer partition: 16 forwardOnly batched, 0 recurrent batched, 0 per-creature
[NEAT-AI] Batch scorer partition: 16 forwardOnly batched, 0 recurrent batched, 0 per-creature
[NEAT-AI] Batch scorer partition: 16 forwardOnly batched, 0 recurrent batched, 0 per-creature
[NEAT-AI] Batch scorer partition: 14 forwardOnly batched, 0 recurrent batched, 0 per-creature
[NEAT-AI] Batch scorer partition: 12 forwardOnly batched, 0 recurrent batched, 0 per-creature
[NEAT-AI] Batch scorer partition: 13 forwardOnly batched, 0 recurrent batched, 0 per-creature
[NEAT-AI] Batch scorer partition: 15 forwardOnly batched, 0 recurrent batched, 0 per-creature
Generation 190 score 0.942363516903945 (avg: 0.9317) error 0.05752959906436688 avg time 1s 815ms
[NEAT-AI] Batch scorer partition: 12 forwardOnly batched, 0 recurrent batched, 0 per-creature
[NEAT-AI] Batch scorer partition: 16 forwardOnly batched, 0 recurrent batched, 0 per-creature
[NEAT-AI] Batch scorer partition: 15 forwardOnly batched, 0 recurrent batched, 0 per-creature
[NEAT-AI] Batch scorer partition: 15 forwardOnly batched, 0 recurrent batched, 0 per-creature
[NEAT-AI] Batch scorer partition: 16 forwardOnly batched, 0 recurrent batched, 0 per-creature
[NEAT-AI] Batch scorer partition: 16 forwardOnly batched, 0 recurrent batched, 0 per-creature
[NEAT-AI] Batch scorer partition: 14 forwardOnly batched, 0 recurrent batched, 0 per-creature
[NEAT-AI] Batch scorer partition: 16 forwardOnly batched, 0 recurrent batched, 0 per-creature
[NEAT-AI] Batch scorer partition: 15 forwardOnly batched, 0 recurrent batched, 0 per-creature
[NEAT-AI] Batch scorer partition: 14 forwardOnly batched, 0 recurrent batched, 0 per-creature
Generation 200 score 0.942363516903945 (avg: 0.9316) error 0.05752959906436688 avg time 1s 780ms
[NEAT-AI] Batch scorer partition: 13 forwardOnly batched, 0 recurrent batched, 0 per-creature
[NEAT-AI] Batch scorer partition: 9 forwardOnly batched, 0 recurrent batched, 0 per-creature
[NEAT-AI] Batch scorer partition: 14 forwardOnly batched, 0 recurrent batched, 0 per-creature
[NEAT-AI] Batch scorer partition: 14 forwardOnly batched, 0 recurrent batched, 0 per-creature
[NEAT-AI] Batch scorer partition: 13 forwardOnly batched, 0 recurrent batched, 0 per-creature
[NEAT-AI] Batch scorer partition: 11 forwardOnly batched, 0 recurrent batched, 0 per-creature
[NEAT-AI] Batch scorer partition: 14 forwardOnly batched, 0 recurrent batched, 0 per-creature
[NEAT-AI] Batch scorer partition: 15 forwardOnly batched, 0 recurrent batched, 0 per-creature
[NEAT-AI] Batch scorer partition: 14 forwardOnly batched, 0 recurrent batched, 0 per-creature
[NEAT-AI] Batch scorer partition: 14 forwardOnly batched, 0 recurrent batched, 0 per-creature
Generation 210 score 0.942363516903945 (avg: 0.9238) error 0.05752959906436688 avg time 1s 686ms
[NEAT-AI] Batch scorer partition: 15 forwardOnly batched, 0 recurrent batched, 0 per-creature
[NEAT-AI] Batch scorer partition: 16 forwardOnly batched, 0 recurrent batched, 0 per-creature
[NEAT-AI] Batch scorer partition: 14 forwardOnly batched, 0 recurrent batched, 0 per-creature
[NEAT-AI] Batch scorer partition: 13 forwardOnly batched, 0 recurrent batched, 0 per-creature
[NEAT-AI] Batch scorer partition: 14 forwardOnly batched, 0 recurrent batched, 0 per-creature
[NEAT-AI] Batch scorer partition: 14 forwardOnly batched, 0 recurrent batched, 0 per-creature
[NEAT-AI] Batch scorer partition: 13 forwardOnly batched, 0 recurrent batched, 0 per-creature
[NEAT-AI] Batch scorer partition: 15 forwardOnly batched, 0 recurrent batched, 0 per-creature
[NEAT-AI] Batch scorer partition: 12 forwardOnly batched, 0 recurrent batched, 0 per-creature
[NEAT-AI] Batch scorer partition: 15 forwardOnly batched, 0 recurrent batched, 0 per-creature
Generation 220 score 0.942363516903945 (avg: 0.9189) error 0.05752959906436688 avg time 1s 809ms
[NEAT-AI] Batch scorer partition: 15 forwardOnly batched, 0 recurrent batched, 0 per-creature
[NEAT-AI] Batch scorer partition: 13 forwardOnly batched, 0 recurrent batched, 0 per-creature
[NEAT-AI] Batch scorer partition: 16 forwardOnly batched, 0 recurrent batched, 0 per-creature
[NEAT-AI] Batch scorer partition: 13 forwardOnly batched, 0 recurrent batched, 0 per-creature
[NEAT-AI] Batch scorer partition: 16 forwardOnly batched, 0 recurrent batched, 0 per-creature
[NEAT-AI] Batch scorer partition: 14 forwardOnly batched, 0 recurrent batched, 0 per-creature
[NEAT-AI] Batch scorer partition: 16 forwardOnly batched, 0 recurrent batched, 0 per-creature
[NEAT-AI] Batch scorer partition: 15 forwardOnly batched, 0 recurrent batched, 0 per-creature
[NEAT-AI] Batch scorer partition: 16 forwardOnly batched, 0 recurrent batched, 0 per-creature
[NEAT-AI] Batch scorer partition: 13 forwardOnly batched, 0 recurrent batched, 0 per-creature
Generation 230 score 0.942363516903945 (avg: 0.9278) error 0.05752959906436688 avg time 1s 731ms
[NEAT-AI] Batch scorer partition: 16 forwardOnly batched, 0 recurrent batched, 0 per-creature
[NEAT-AI] Batch scorer partition: 14 forwardOnly batched, 0 recurrent batched, 0 per-creature
[NEAT-AI] Batch scorer partition: 14 forwardOnly batched, 0 recurrent batched, 0 per-creature
[NEAT-AI] Batch scorer partition: 13 forwardOnly batched, 0 recurrent batched, 0 per-creature
[NEAT-AI] Batch scorer partition: 15 forwardOnly batched, 0 recurrent batched, 0 per-creature
Training d13c4bb4 caused a higher error of 0.06279500749551714 from 0.06278501886889887
Training d13c4bb4 caused a higher error of 0.06279500749551714 from 0.06278501886889887 and no tuning
[NEAT-AI] Batch scorer partition: 15 forwardOnly batched, 0 recurrent batched, 0 per-creature
[NEAT-AI] Batch scorer partition: 16 forwardOnly batched, 0 recurrent batched, 0 per-creature
[NEAT-AI] Batch scorer partition: 15 forwardOnly batched, 0 recurrent batched, 0 per-creature
[NEAT-AI] Batch scorer partition: 16 forwardOnly batched, 0 recurrent batched, 0 per-creature
[NEAT-AI] Batch scorer partition: 16 forwardOnly batched, 0 recurrent batched, 0 per-creature
Generation 240 score 0.942363516903945 (avg: 0.9244) error 0.05752959906436688 avg time 1s 787ms
[NEAT-AI] Batch scorer partition: 16 forwardOnly batched, 0 recurrent batched, 0 per-creature
[NEAT-AI] Batch scorer partition: 16 forwardOnly batched, 0 recurrent batched, 0 per-creature
[NEAT-AI] Batch scorer partition: 15 forwardOnly batched, 0 recurrent batched, 0 per-creature
[NEAT-AI] Batch scorer partition: 15 forwardOnly batched, 0 recurrent batched, 0 per-creature
[NEAT-AI] Batch scorer partition: 16 forwardOnly batched, 0 recurrent batched, 0 per-creature
[NEAT-AI] Batch scorer partition: 14 forwardOnly batched, 0 recurrent batched, 0 per-creature
[NEAT-AI] Batch scorer partition: 14 forwardOnly batched, 0 recurrent batched, 0 per-creature
[NEAT-AI] Batch scorer partition: 16 forwardOnly batched, 0 recurrent batched, 0 per-creature
[NEAT-AI] Batch scorer partition: 16 forwardOnly batched, 0 recurrent batched, 0 per-creature
[NEAT-AI] Batch scorer partition: 16 forwardOnly batched, 0 recurrent batched, 0 per-creature
Generation 250 score 0.942363516903945 (avg: 0.9292) error 0.05752959906436688 avg time 1s 743ms
[NEAT-AI] Batch scorer partition: 14 forwardOnly batched, 0 recurrent batched, 0 per-creature
[NEAT-AI] Batch scorer partition: 15 forwardOnly batched, 0 recurrent batched, 0 per-creature
[NEAT-AI] Batch scorer partition: 15 forwardOnly batched, 0 recurrent batched, 0 per-creature
[NEAT-AI] Batch scorer partition: 14 forwardOnly batched, 0 recurrent batched, 0 per-creature
[NEAT-AI] Batch scorer partition: 16 forwardOnly batched, 0 recurrent batched, 0 per-creature
[NEAT-AI] Batch scorer partition: 14 forwardOnly batched, 0 recurrent batched, 0 per-creature
[NEAT-AI] Batch scorer partition: 14 forwardOnly batched, 0 recurrent batched, 0 per-creature
[NEAT-AI] Batch scorer partition: 16 forwardOnly batched, 0 recurrent batched, 0 per-creature
[NEAT-AI] Batch scorer partition: 15 forwardOnly batched, 0 recurrent batched, 0 per-creature
[NEAT-AI] Batch scorer partition: 16 forwardOnly batched, 0 recurrent batched, 0 per-creature
Generation 260 score 0.942363516903945 (avg: 0.9292) error 0.05752959906436688 avg time 1s 779ms
[NEAT-AI] Batch scorer partition: 13 forwardOnly batched, 0 recurrent batched, 0 per-creature
[NEAT-AI] Batch scorer partition: 13 forwardOnly batched, 0 recurrent batched, 0 per-creature
[NEAT-AI] Batch scorer partition: 14 forwardOnly batched, 0 recurrent batched, 0 per-creature
[NEAT-AI] Batch scorer partition: 10 forwardOnly batched, 0 recurrent batched, 0 per-creature
[NEAT-AI] Batch scorer partition: 14 forwardOnly batched, 0 recurrent batched, 0 per-creature
[NEAT-AI] Batch scorer partition: 14 forwardOnly batched, 0 recurrent batched, 0 per-creature
[NEAT-AI] Batch scorer partition: 15 forwardOnly batched, 0 recurrent batched, 0 per-creature
[NEAT-AI] Batch scorer partition: 15 forwardOnly batched, 0 recurrent batched, 0 per-creature
[NEAT-AI] Batch scorer partition: 16 forwardOnly batched, 0 recurrent batched, 0 per-creature
[NEAT-AI] Batch scorer partition: 15 forwardOnly batched, 0 recurrent batched, 0 per-creature
Generation 270 score 0.942363516903945 (avg: 0.9299) error 0.05752959906436688 avg time 1s 318ms
[NEAT-AI] Batch scorer partition: 15 forwardOnly batched, 0 recurrent batched, 0 per-creature
[NEAT-AI] Batch scorer partition: 15 forwardOnly batched, 0 recurrent batched, 0 per-creature
[NEAT-AI] Batch scorer partition: 15 forwardOnly batched, 0 recurrent batched, 0 per-creature
[NEAT-AI] Batch scorer partition: 13 forwardOnly batched, 0 recurrent batched, 0 per-creature
[NEAT-AI] Batch scorer partition: 11 forwardOnly batched, 0 recurrent batched, 0 per-creature
[NEAT-AI] Batch scorer partition: 12 forwardOnly batched, 0 recurrent batched, 0 per-creature
[NEAT-AI] Batch scorer partition: 15 forwardOnly batched, 0 recurrent batched, 0 per-creature
[NEAT-AI] Batch scorer partition: 16 forwardOnly batched, 0 recurrent batched, 0 per-creature
[NEAT-AI] Batch scorer partition: 16 forwardOnly batched, 0 recurrent batched, 0 per-creature
[NEAT-AI] Batch scorer partition: 13 forwardOnly batched, 0 recurrent batched, 0 per-creature
Generation 280 score 0.942363516903945 (avg: 0.9318) error 0.05752959906436688 avg time 1s 21ms
[NEAT-AI] Batch scorer partition: 15 forwardOnly batched, 0 recurrent batched, 0 per-creature
[NEAT-AI] Batch scorer partition: 14 forwardOnly batched, 0 recurrent batched, 0 per-creature
[NEAT-AI] Batch scorer partition: 15 forwardOnly batched, 0 recurrent batched, 0 per-creature
[NEAT-AI] Batch scorer partition: 15 forwardOnly batched, 0 recurrent batched, 0 per-creature
[NEAT-AI] Batch scorer partition: 12 forwardOnly batched, 0 recurrent batched, 0 per-creature
[NEAT-AI] Batch scorer partition: 15 forwardOnly batched, 0 recurrent batched, 0 per-creature
[NEAT-AI] Batch scorer partition: 14 forwardOnly batched, 0 recurrent batched, 0 per-creature
[NEAT-AI] Batch scorer partition: 9 forwardOnly batched, 0 recurrent batched, 0 per-creature
[NEAT-AI] Batch scorer partition: 16 forwardOnly batched, 0 recurrent batched, 0 per-creature
[NEAT-AI] Batch scorer partition: 13 forwardOnly batched, 0 recurrent batched, 0 per-creature
Generation 290 score 0.942363516903945 (avg: 0.9154) error 0.05752959906436688 avg time 1s 488ms
[NEAT-AI] Batch scorer partition: 15 forwardOnly batched, 0 recurrent batched, 0 per-creature
[NEAT-AI] Batch scorer partition: 16 forwardOnly batched, 0 recurrent batched, 0 per-creature
[NEAT-AI] Batch scorer partition: 15 forwardOnly batched, 0 recurrent batched, 0 per-creature
[NEAT-AI] Batch scorer partition: 16 forwardOnly batched, 0 recurrent batched, 0 per-creature
[NEAT-AI] Batch scorer partition: 16 forwardOnly batched, 0 recurrent batched, 0 per-creature
[NEAT-AI] Batch scorer partition: 16 forwardOnly batched, 0 recurrent batched, 0 per-creature
[NEAT-AI] Batch scorer partition: 16 forwardOnly batched, 0 recurrent batched, 0 per-creature
[NEAT-AI] Batch scorer partition: 16 forwardOnly batched, 0 recurrent batched, 0 per-creature
[NEAT-AI] Batch scorer partition: 14 forwardOnly batched, 0 recurrent batched, 0 per-creature
[NEAT-AI] Batch scorer partition: 11 forwardOnly batched, 0 recurrent batched, 0 per-creature
Generation 300 score 0.942363516903945 (avg: 0.9322) error 0.05752959906436688 avg time 1s 999ms
[NEAT-AI] Batch scorer partition: 14 forwardOnly batched, 0 recurrent batched, 0 per-creature
[NEAT-AI] Batch scorer partition: 13 forwardOnly batched, 0 recurrent batched, 0 per-creature
[NEAT-AI] Batch scorer partition: 15 forwardOnly batched, 0 recurrent batched, 0 per-creature
[NEAT-AI] Batch scorer partition: 12 forwardOnly batched, 0 recurrent batched, 0 per-creature
[NEAT-AI] Batch scorer partition: 14 forwardOnly batched, 0 recurrent batched, 0 per-creature
[NEAT-AI] Batch scorer partition: 14 forwardOnly batched, 0 recurrent batched, 0 per-creature
[NEAT-AI] Batch scorer partition: 12 forwardOnly batched, 0 recurrent batched, 0 per-creature
[NEAT-AI] Batch scorer partition: 15 forwardOnly batched, 0 recurrent batched, 0 per-creature
[NEAT-AI] Batch scorer partition: 11 forwardOnly batched, 0 recurrent batched, 0 per-creature
[NEAT-AI] Batch scorer partition: 12 forwardOnly batched, 0 recurrent batched, 0 per-creature
Generation 310 score 0.942363516903945 (avg: 0.9306) error 0.05752959906436688 avg time 1s 845ms
[NEAT-AI] Batch scorer partition: 13 forwardOnly batched, 0 recurrent batched, 0 per-creature
[NEAT-AI] Batch scorer partition: 15 forwardOnly batched, 0 recurrent batched, 0 per-creature
[NEAT-AI] Batch scorer partition: 15 forwardOnly batched, 0 recurrent batched, 0 per-creature
[NEAT-AI] Batch scorer partition: 16 forwardOnly batched, 0 recurrent batched, 0 per-creature
[NEAT-AI] Batch scorer partition: 12 forwardOnly batched, 0 recurrent batched, 0 per-creature
[NEAT-AI] Batch scorer partition: 15 forwardOnly batched, 0 recurrent batched, 0 per-creature
[NEAT-AI] Batch scorer partition: 15 forwardOnly batched, 0 recurrent batched, 0 per-creature
[NEAT-AI] Batch scorer partition: 14 forwardOnly batched, 0 recurrent batched, 0 per-creature
[NEAT-AI] Batch scorer partition: 16 forwardOnly batched, 0 recurrent batched, 0 per-creature
[NEAT-AI] Batch scorer partition: 14 forwardOnly batched, 0 recurrent batched, 0 per-creature
Generation 320 score 0.942363516903945 (avg: 0.9242) error 0.05752959906436688 avg time 1s 657ms
[NEAT-AI] Batch scorer partition: 13 forwardOnly batched, 0 recurrent batched, 0 per-creature
[NEAT-AI] Batch scorer partition: 13 forwardOnly batched, 0 recurrent batched, 0 per-creature
[NEAT-AI] Batch scorer partition: 16 forwardOnly batched, 0 recurrent batched, 0 per-creature
[NEAT-AI] Batch scorer partition: 13 forwardOnly batched, 0 recurrent batched, 0 per-creature
[NEAT-AI] Batch scorer partition: 14 forwardOnly batched, 0 recurrent batched, 0 per-creature
Generation 325 score 0.942363516903945 (avg: 0.9227) error 0.05752959906436688 avg time 815ms
[evolveDir] teardown complete: 12 worker(s) terminated, 0 detached; replay queue drained
2026-10-02T23:23:42.451Z [INFO] [EvolveApp] [pid-38372] Evolution result {"error":0.05752959906436688,"score":0.942363516903945,"generation":325,"time":600637,"phaseTimingTotals":{"generations":325,"totalMs":600637,"fitnessMs":233317,"breedingMs":249108,"mutationMs":11826,"deduplicationMs":45562,"speciationMs":430,"sortMs":3,"writeScoresMs":431,"checkpointWriteMs":0,"otherMs":59960},"scorerUtilisation":{"generations":325,"batchScorerInvocations":325,"creaturesBatchScored":4878,"creaturesPerCreatureScored":0},"trainingOutcomes":{"improvements":199,"regressions":3,"noChange":12,"skipped":0,"regressionRate":0.014018691588785047},"populationSize":20,"requestedOptions":{"timeoutMinutes":10,"log":10,"elitism":3,"mutationAmount":4,"mutationRate":0.05,"selection":{"name":"TOURNAMENT","size":5,"probability":0.5},"mutation":[{"name":"ADD_NODE"},{"name":"SUB_NODE"},{"name":"ADD_CONN"},{"name":"SUB_CONN"},{"name":"MOD_WEIGHT"},{"name":"MOD_BIAS"},{"name":"MOD_SQUASH"},{"name":"SWAP_NODES"},{"name":"ADD_SELF_CONN"},{"name":"SUB_SELF_CONN"},{"name":"ADD_BACK_CONN"},{"name":"SUB_BACK_CONN"}],"sparseRatio":1,"populationSize":20,"trainingSampleRate":1,"verbose":false,"discoverySampleRate":1,"creatures":10,"discoveryCacheDir":".cache/discovery/exchange/BATS"},"hardware":{"cpuCores":10,"totalMemoryBytes":null,"host":null},"scoreImprovement":{"initialScore":0.942363516903945,"finalScore":0.942363516903945,"totalImprovement":0,"milestones":[]},"startScore":0.9423635165833079}
2026-10-02T23:23:42.473Z [INFO] [saveValidatedCreatureExport] [pid-38372] [forward-only] saved file=../GRQ-exchange/v1/BATS.json
2026-10-02T23:23:42.480Z [INFO] [EvolveApp] [pid-38372] [EvolveApp:exchange] pre-iteration flush: symbol=BATS, heap 297->25/206 MB, rss 5804->5800 MB, external 47->47 MB, arrayBuffers 0->0 MB, cleared 36 caches, disposed 10 creatures, gc=yes, wasm=skip
2026-10-02T23:23:42.482Z [INFO] [EvolveApp] [pid-38372] Cleaned up .tmp/train
2026-10-02T23:23:42.482Z [INFO] [EvolveApp] [pid-38372] EvolveApp exiting cleanly
[phase] ✔ END   exchange-evolve (EvolveApp.ts) duration=30m 16s (1816s)
[stage] done: evolve
[stage] start: rm-traindata
ℹ️ .trainData-exchange_116: removal skipped — leased by pid 36090 (in-use lock held by a live producer/consumer, #3518)
[stage] done: rm-traindata
[stage] start: model-checkin
[phase] ▶ START model-checkin @ 2026-10-03T09:23:43+1000
🔄 [model_checkin 1.1.32] Fetching latest remote state before recovery checks
GIT-OP: [[model_checkin 1.1.32]] git fetch ok in 3s (attempt 1/3, timeout=600s)
🔍 [model_checkin 1.1.32] Skipping early modified-JSON replacement (never merge policy)
📦 [model_checkin 1.1.32] Staging all local changes before sync
📋 [model_checkin 1.1.32] 3 local model(s) to be committed:
  • v1/BATS.json
  • v1/NASDAQ.json
  • v1/NYSE_MKT.json
GIT-OP: [[model_checkin 1.1.32]] git fetch ok in 2s (attempt 1/3, timeout=600s)
✅ [validate_json 1.0.6] No JSON files to validate in GRQ-exchange (took 0s)
✅ [model_checkin 1.1.32] Remote unchanged - no pull needed
📦 [model_checkin 1.1.32] Staging local changes
reconciled=0
💾 [model_checkin 1.1.32] Committing local changes
[main 8a542d2] GRQ-22 Improved exchange models
 3 files changed, 288 insertions(+), 23 deletions(-)
📊 [model_checkin 1.1.32] Training preservation summary:
   ✅ Preserved 3 of 3 locally-trained model(s)
🔍 [model_checkin 1.1.32] Final safety check for JSON model corruption
✅ [validate_json 1.0.6] 3/3 JSON file(s) valid in GRQ-exchange (took 1s)
GIT-OP: [[model_checkin 1.1.32]] git push ok in 3s (attempt 1/3, timeout=600s)
To github.com:stSoftwareAU/GRQ-exchange.git
   0a6cc66..8a542d2  main -> main
✅ Successfully committed and pushed model changes
🛡️  JSON model files were protected from corruption - no merges occurred
💾 Maximum training preservation achieved through per-file conflict resolution
[phase] ✔ END   model-checkin duration=10s (10s)
[stage] done: model-checkin
[stage-failure-health] failures=0 firstStage=none firstExitCode=0 firstHitLine=0
GIT-OP: [reset] git fetch ok in 3s (attempt 1/3, timeout=600s)
HEAD is now at 40d0545a GRQ-actual-validation checkin gets the #5132 deferred-exit treatment (Issue #5145) (#5146)
GIT-OP: [model_fetch GRQ-health] git fetch ok in 3s (attempt 1/6, timeout=none)
From github.com:stSoftwareAU/GRQ-health
   f09b1a1b0..1d102b949  Develop    -> origin/Develop
HEAD is now at 1d102b949 Update repo health: Vibe Coder:GRQ-23
branch 'Develop' set up to track 'origin/Develop'.
Your branch is up to date with 'origin/Develop'.
✅ GRQ-health synced with remote (validation skipped)
🩺 [health_sync] entry repo=/Users/sloth/GRQ-health branch=Develop local_ahead=0 behind=0
🩺 [health_sync] decision path=noop
🩺 [health_sync] result status=ok
Updating health information...
Already up to date.
Updated health information for GRQ-22
