================ Clean up START ================
Version 1.3.3
Disk usage:
Filesystem        Size  Used Avail Use% Mounted on
devtmpfs          4.0M     0  4.0M   0% /dev
tmpfs             7.7G     0  7.7G   0% /dev/shm
tmpfs             3.1G  448K  3.1G   1% /run
/dev/nvme0n1p1     40G  2.4G   38G   6% /
tmpfs             7.7G  4.0K  7.7G   1% /tmp
/dev/nvme0n1p128   10M  1.4M  8.7M  14% /boot/efi
/dev/nvme1n1      434G  3.0G  409G   1% /data
tmpfs             1.6G     0  1.6G   0% /run/user/1001
Uptime:  06:10:04 up  8:07,  0 users,  load average: 2.89, 3.76, 3.98
USER         PID    PPID COMMAND
GRQ        22207   22164 (sd-pam)
GRQ        22401   21903 /bin/bash /data/GRQ/run.sh --option=location
GRQ        26608   22401 /bin/bash ./check_spot_termination.sh
GRQ       167639   26608 sleep 5
GRQ       167641   22401 /bin/bash ./run.sh --run-once
GRQ       167657  167641 /bin/bash worker/node.sh
GRQ       167666  167657 ps -U GRQ -o user,pid,ppid,command
Host: ip-10-0-28-255
IP: 10.0.28.255
Number of CPUs: 8
Available Memory: 15Gi
================ Clean up ENDED ================
Use local deno
PATH: /data/GRQ/.deno/bin:/usr/local/sbin:/usr/local/bin:/usr/sbin:/usr/bin:/sbin:/bin:/var/lib/snapd/snap/bin
deno 2.4.3 (stable, release, aarch64-unknown-linux-gnu)
v8 13.7.152.14-rusty
typescript 5.8.3
aws-cli/2.23.11 Python/3.9.21 Linux/6.1.130-139.222.amzn2023.aarch64 source/aarch64.amzn.2023
Option: location
Starting Location... Wed Aug  6 06:10:05 AM UTC 2025
Already up to date.
📥 Pulling GRQ-location with --ours strategy...
From github.com:stSoftwareAU/GRQ-location
   bdb3b3d..5b601a7  Develop    -> origin/Develop
🔄 Pulling with --ours strategy (keeping our changes)
📁 Adding untracked files to staging area
📦 Committing local changes to preserve them
[Develop eac36d6] Local changes before pull Wed Aug  6 06:10:12 AM UTC 2025
 3 files changed, 29261 insertions(+), 34131 deletions(-)
 delete mode 100644 v1/LUXEMBOURG.json
 create mode 100644 v1/TAIWAN.json
From github.com:stSoftwareAU/GRQ-location
 * branch            Develop    -> FETCH_HEAD
hint: You have divergent branches and need to specify how to reconcile them.
hint: You can do so by running one of the following commands sometime before
hint: your next pull:
hint:
hint:   git config pull.rebase false  # merge
hint:   git config pull.rebase true   # rebase
hint:   git config pull.ff only       # fast-forward only
hint:
hint: You can replace "git config" with "git config --global" to set a default
hint: preference for all repositories. You can also pass --rebase, --no-rebase,
hint: or --ff-only on the command line to override the configured default per
hint: invocation.
fatal: Need to specify how to reconcile divergent branches.
⚠️ Pull with --ours failed, trying alternative approach
🔄 Alternative: Reset to remote and cherry-pick our changes
HEAD is now at 5b601a7 ip-10-0-28-117 Improved location models
🔄 Cherry-picking our changes with --ours strategy
The previous cherry-pick is now empty, possibly due to conflict resolution.
If you wish to commit it anyway, use:

    git commit --allow-empty

Otherwise, please use 'git cherry-pick --skip'
On branch Develop
Your branch is up to date with 'origin/Develop'.

You are currently cherry-picking commit eac36d6.
  (all conflicts fixed: run "git cherry-pick --continue")
  (use "git cherry-pick --skip" to skip this patch)
  (use "git cherry-pick --abort" to cancel the cherry-pick operation)

nothing to commit, working tree clean
⚠️ Cherry-pick failed, keeping remote version
✅ GRQ-location pull succeeded in 10 seconds
Fetching S3 checksum file from: s3://grq-trainingdata/trainData-location_88/checksum.sha256
Checksum matches. Skipping data file download.
🧹 Removing: trainData-location_*
📥 Pulling GRQ-portfolio with --ours strategy...
📦 No local changes or untracked files - checking remote state
🔄 Resetting to remote state (commit: 6efea1f5)
HEAD is now at 6efea1f REJECTED 38.66% -> 29.83% Delta -8.831
✅ Successfully reset to remote state - all models updated by another machine
✅ GRQ-portfolio pull succeeded in 7 seconds
MACAU , score: 0.99999997
process (poor score) MACAU , score: 0.99999997 lvl: 2
loaded ../GRQ-portfolio/best/location/v1/MACAU.json
1 mutation, mutation rate 31.1%, elitism 10, mutation FFW, selection POWER
Creature count: 50
Culling duplicate creature at 3 of 51
DeDuplication of 1 creatures to 50 in 99ms (previous experiment )
CRISPR Clipped Output Score: 0.99999964, Error: 0 -> 0 neutral
CRISPR Sane Output Score: 0.9999995933311207, Error: 0 -> 6.668879374653571e-9 regression -6.668879374653571e-9
Discovery 917414b0 scheduled
Training 917414b0 scheduled
Training 917414b0 with 1 binary file, target error: 0.05, iterations: 1, sample rate: 100%, sparse: 100%
Discovery 917414b0 with 1 binary files, sample rate: 100%, batch size: 512
Discovery 917414b0 initialize time 93ms
Discovery 917414b0 processing .trainData-location_88/MACAU/data.bin
Generation 1 score 0.99999997 (avg: 0.3916) error 0 avg time 465ms
Set training/discovery clean up count to 2
Waiting for discovery to complete
Training 917414b0 completed after 65ms
Generation 2 score 0.99999997 (avg: -2.1718) error 0 avg time 111ms
Waiting for discovery to complete
Discovery 917414b0 read time 9ms for .trainData-location_88/MACAU/data.bin with 4613 records
Discovery 917414b0 scanning time 1s 951ms
Generation 3 score 0.99999997 (avg: 0.9898) error 0 avg time 25ms
Waiting for discovery to complete
Generation 4 score 0.99999997 (avg: 0.9905) error 0 avg time 24ms
Waiting for discovery to complete
Generation 5 score 0.99999997 (avg: 0.9823) error 0 avg time 20ms
Waiting for discovery to complete
Generation 6 score 0.99999997 (avg: 0.9961) error 0 avg time 19ms
Waiting for discovery to complete
Generation 7 score 0.99999997 (avg: 1.0000) error 0 avg time 21ms
Waiting for discovery to complete
Generation 8 score 0.99999997 (avg: 1.0000) error 0 avg time 19ms
Waiting for discovery to complete
Discovery 917414b0 recorded time 3s 244ms
Discovery 917414b0 analyze time 27ms found 0 candidates
Discovery 917414b0 analyze harmful time 19ms found 0 candidates
Discovery 917414b0 analyze squashes time 18ms found 0 candidates
Generation 9 score 0.99999997 (avg: 0.9454) error 0 avg time 18ms
Waiting for discovery to complete
Generation 10 score 0.99999997 (avg: 0.9908) error 0 avg time 17ms
Waiting for training/discovery clean up 2
Generation 11 score 0.99999997 (avg: 1.0000) error 0 avg time 20ms
Waiting for training/discovery clean up 1
Generation 12 score 0.99999997 (avg: 1.0000) error 0 avg time 16ms
{
  error: 0,
  score: 0.99999997,
  generation: 12,
  time: 8012,
  startScore: 0.99999997
}
HI , score: 0.9124433775340461
process (poor score) HI , score: 0.9124433775340461 lvl: 2
loaded ../GRQ-portfolio/best/location/v1/HI.json
2 mutations, mutation rate 5.0%, elitism 6, mutation FFW, selection TOURNAMENT
Creature count: 50
Culling duplicate creature at 1 of 51
DeDuplication of 1 creatures to 50 in 204ms (previous experiment )
Discovery 1b86d061 scheduled
Training 1b86d061 scheduled
Training 1b86d061 with 1 binary file, target error: 0.05, iterations: 1, sample rate: 100%, sparse: 100%
Discovery 1b86d061 with 1 binary files, sample rate: 100%, batch size: 512
Discovery 1b86d061 initialize time 104ms
Discovery 1b86d061 processing .trainData-location_88/HI/data.bin
Discovery 1b86d061 read time 7ms for .trainData-location_88/HI/data.bin with 4613 records
Discovery 1b86d061 scanning time 9s 45ms
Discovery 1b86d061 recorded time 10s 269ms
Fine tuning increased fitness by 0.0000030130250411319892 to 0.9124463905590873 adjusted 100 weights, 8 biases 
Training bdb40eaf scheduled
Training bdb40eaf with 1 binary file, target error: 0.05, iterations: 1, sample rate: 100%, sparse: 100%
Fine tuning increased fitness by 0.000017308751845801496 to 0.9124636993109331 adjusted 100 weights, 8 biases 
Training 1b86d061 completed after 19s 11ms
Training 1b86d061 compacted
Over populated 52, expected 50.
Compact 1b86d061 Score: 0.9120308397930332, Error: 0.08749792946651776 -> 0.08791084720753164, 👿 -0.000413
Fine 1b86d061 Score: 0.8763239215083979, Error: 0.08749792946651776 -> 0.1236173854921631, 👿 -0.0361, Variant: overshot
Trained 1b86d061 Score: 0.8457145214986586, Error: 0.08749792946651776 -> 0.15422679550286675, 👿 -0.0667
Fine 1b86d061 Score: 0.8390499623534918, Error: 0.08749792946651776 -> 0.16089134464742674, 👿 -0.0734, Variant: undershot
Training 691c23ea scheduled
Training 691c23ea with 1 binary file, target error: 0.05, iterations: 1, sample rate: 100%, sparse: 100%
Training bdb40eaf completed after 20s 503ms
Training bdb40eaf compacted
Over populated 52, expected 50.
Compact bdb40eaf Score: 0.9120553996684928, Error: 0.08747760768963087 -> 0.08788628733207209, 👿 -0.000409
Fine bdb40eaf Score: 0.8693590719063589, Error: 0.08747760768963087 -> 0.13058223509424163, 👿 -0.0431, Variant: undershot
Fine bdb40eaf Score: 0.8689726088202341, Error: 0.08747760768963087 -> 0.13096869817985857, 👿 -0.0435, Variant: overshot
Trained bdb40eaf Score: 0.8628085679392237, Error: 0.08747760768963087 -> 0.1371327490623016, 👿 -0.0497
Discovered beneficial synapse from input-1247 to 17e23ae3-58ff-4c4f-85a1-fdca561147f6 with weight -1.0000, helping 74.2% more records than it harms (4017/4613)
Discovery 1b86d061 analyze time 51s 958ms found 1 candidates
Discovered harmful synapse from input-1354 to 3d6698ce-12b2-4f68-874a-1ff368522465, harming 71.6% more records than it helps (656/4613)
Discovery 1b86d061 analyze harmful time 3s 256ms found 1 candidates
Training 4c2db183 scheduled
Training 4c2db183 with 1 binary file, target error: 0.05, iterations: 1, sample rate: 100%, sparse: 100%
Discovery 1b86d061 analyze squashes time 4s 107ms found 0 candidates
Training 691c23ea completed after 18s 824ms
Training 691c23ea compacted
Over populated 52, expected 50.
Compact 691c23ea Score: 0.912055388233823, Error: 0.08747760747157034 -> 0.08788628876674191, 👿 -0.000409
Fine 691c23ea Score: 0.8535245864101849, Error: 0.08747760747157034 -> 0.14641671058990782, 👿 -0.0589, Variant: undershot
Fine 691c23ea Score: 0.8383889613805684, Error: 0.08747760747157034 -> 0.16155233561998028, 👿 -0.0741, Variant: overshot
Trained 691c23ea Score: 0.8237339621192122, Error: 0.08747760747157034 -> 0.17620733488231377, 👿 -0.0887
Discovery 1fb90f7f scheduled
Discovery 1fb90f7f with 1 binary files, sample rate: 100%, batch size: 512
Discovery 1fb90f7f initialize time 104ms
Discovery 1fb90f7f processing .trainData-location_88/HI/data.bin
Fine tuning increased fitness by 1.4664839254052708e-7 to 0.9124721488013825 adjusted 70 weights, 7 biases 
Discovery 1fb90f7f read time 8ms for .trainData-location_88/HI/data.bin with 4613 records
Discovery 1fb90f7f scanning time 8s 766ms
Discovery 1fb90f7f recorded time 10s 606ms
Training f136b331 scheduled
Training f136b331 with 1 binary file, target error: 0.05, iterations: 1, sample rate: 100%, sparse: 100%
Training 4c2db183 completed after 19s 392ms
Training 4c2db183 compacted
Over populated 52, expected 50.
Compact 4c2db183 Score: 0.9120670922054888, Error: 0.08746930484757381 -> 0.08787459479507607, 👿 -0.000405
Fine 4c2db183 Score: 0.8631987139042737, Error: 0.08746930484757381 -> 0.13674259309655667, 👿 -0.0493, Variant: undershot
Fine 4c2db183 Score: 0.8597522020024887, Error: 0.08746930484757381 -> 0.14018910499823034, 👿 -0.0527, Variant: overshot
Trained 4c2db183 Score: 0.8492269818962317, Error: 0.08746930484757381 -> 0.15071432510529395, 👿 -0.0632
Generation 10 score 0.9124751286594114 (avg: 0.9093) error 0.0874661783411526 avg time 11s 513ms
Training 1637d201 scheduled
Training 1637d201 with 1 binary file, target error: 0.05, iterations: 1, sample rate: 100%, sparse: 100%
Fine tuning increased fitness by 0.0000012405512912483374 to 0.9124763692107026 adjusted 66 weights, 7 biases 
Training f136b331 completed after 18s 785ms
Training f136b331 compacted
Over populated 52, expected 50.
Compact f136b331 Score: 0.9120826466197838, Error: 0.08746718936924887 -> 0.08785904038078113, 👿 -0.000392
Fine f136b331 Score: 0.8691240720004669, Error: 0.08746718936924887 -> 0.13081723500010042, 👿 -0.0434, Variant: overshot
Fine f136b331 Score: 0.8503582540419113, Error: 0.08746718936924887 -> 0.14958305295818067, 👿 -0.0621, Variant: undershot
Trained f136b331 Score: 0.8302951790241411, Error: 0.08746718936924887 -> 0.16964612797738454, 👿 -0.0822
Fine tuning increased fitness by 9.340591726747505e-7 to 0.9124773032698753 adjusted 66 weights, 7 biases 
Training 03d85cf2 scheduled
Training 03d85cf2 with 1 binary file, target error: 0.05, iterations: 1, sample rate: 100%, sparse: 100%
Discovered beneficial synapse from input-1247 to 17e23ae3-58ff-4c4f-85a1-fdca561147f6 with weight -1.0000, helping 74.3% more records than it harms (4020/4613)
Discovery 1fb90f7f analyze time 51s 899ms found 1 candidates
Training 1637d201 completed after 19s 250ms
Training 1637d201 compacted
Over populated 52, expected 50.
Discovered harmful synapse from input-1257 to 17e23ae3-58ff-4c4f-85a1-fdca561147f6, harming 75.2% more records than it helps (573/4613)
Discovery 1fb90f7f analyze harmful time 3s 186ms found 1 candidates
Discovery 1fb90f7f analyze squashes time 3s 551ms found 0 candidates
Compact 1637d201 Score: 0.9120839857510513, Error: 0.08746493778986117 -> 0.0878577012495135, 👿 -0.000393
Fine 1637d201 Score: 0.8805341985396854, Error: 0.08746493778986117 -> 0.11940710846040921, 👿 -0.0319, Variant: overshot
Trained 1637d201 Score: 0.86817717154257, Error: 0.08746493778986117 -> 0.1317641354589556, 👿 -0.0443
Fine 1637d201 Score: 0.8603250262658402, Error: 0.08746493778986117 -> 0.13961628073424978, 👿 -0.0522, Variant: undershot
Discovery 71315608 scheduled
Discovery 71315608 with 1 binary files, sample rate: 100%, batch size: 512
Discovery 71315608 initialize time 100ms
Discovery 71315608 processing .trainData-location_88/HI/data.bin
Discovery 71315608 read time 6ms for .trainData-location_88/HI/data.bin with 4613 records
Discovery 71315608 scanning time 8s 961ms
Discovery 71315608 recorded time 10s 913ms
Training 1949b57d scheduled
Training 1949b57d with 1 binary file, target error: 0.05, iterations: 1, sample rate: 100%, sparse: 100%
Training 03d85cf2 completed after 19s 133ms
Training 03d85cf2 compacted
Over populated 52, expected 50.
Compact 03d85cf2 Score: 0.9120826486468087, Error: 0.08746252201714215 -> 0.0878590383537562, 👿 -0.000397
Fine 03d85cf2 Score: 0.8987679563738616, Error: 0.08746252201714215 -> 0.10117335062623294, 👿 -0.0137, Variant: overshot
Fine 03d85cf2 Score: 0.8862780615377817, Error: 0.08746252201714215 -> 0.11366324546230727, 👿 -0.0262, Variant: undershot
Trained 03d85cf2 Score: 0.8822780689297262, Error: 0.08746252201714215 -> 0.11766323807179942, 👿 -0.0302
Fine tuning increased fitness by 0.0000017548782573761912 to 0.9124819171391955 adjusted 33 weights, 1 bias 
Training 0551e8af scheduled
Training 0551e8af with 1 binary file, target error: 0.05, iterations: 1, sample rate: 100%, sparse: 100%
Fine tuning increased fitness by 2.0841131564974802e-7 to 0.9124821255505111 adjusted 33 weights, 1 bias 
Training 1949b57d completed after 17s 192ms
Training 1949b57d compacted
Compact 1949b57d Score: 0.9120853661802792, Error: 0.08746113473962597 -> 0.08785631082028567, 👿 -0.000395
Fine 1949b57d Score: 0.9114338093318778, Error: 0.08746113473962597 -> 0.08850748766821263, 👿 -0.00105, Variant: undershot
Fine 1949b57d Score: 0.9104314407482306, Error: 0.08746113473962597 -> 0.08950985625249251, 👿 -0.00205, Variant: overshot
Trained 1949b57d Score: 0.9104289196488191, Error: 0.08746113473962597 -> 0.08951240735270585, 👿 -0.00205
Training 0551e8af completed after 17s 553ms
Training 0551e8af compacted
Over populated 52, expected 50.
Discovered beneficial synapse from input-1474 to 3d6698ce-12b2-4f68-874a-1ff368522465 with weight -1.0000, helping 72.3% more records than it harms (3973/4613)
Discovery 71315608 analyze time 57s 453ms found 1 candidates
Compact 0551e8af Score: 0.9120875522971191, Error: 0.08745916145005309 -> 0.08785411470344597, 👿 -0.000395
Fine 0551e8af Score: 0.9117520806326573, Error: 0.08745916145005309 -> 0.08818920636789467, 👿 -0.000730, Variant: overshot
Fine 0551e8af Score: 0.9112296936481407, Error: 0.08745916145005309 -> 0.08871159335256981, 👿 -0.00125, Variant: undershot
Trained 0551e8af Score: 0.910551257272517, Error: 0.08745916145005309 -> 0.08939002972900936, 👿 -0.00193
Fine tuning increased fitness by 0.0000018347254563400028 to 0.9124847759825312 adjusted 21 weights, 3 biases 
Discovered harmful synapse from input-1257 to 17e23ae3-58ff-4c4f-85a1-fdca561147f6, harming 75.2% more records than it helps (573/4613)
Discovery 71315608 analyze harmful time 3s 221ms found 1 candidates
Discovery 71315608 analyze squashes time 3s 150ms found 0 candidates
Generation 20 score 0.9124847759825312 (avg: 0.9110) error 0.08745651101803295 avg time 11s 697ms
Fine tuning increased fitness by 0.000003287476579738602 to 0.9124880634591109 adjusted 21 weights, 3 biases 
Generation 21 score 0.9124880634591109 (avg: 0.9095) error 0.08745322354145321 avg time 1s 60ms
Waiting for additional generation
Generation 22 score 0.9124919928080577 (avg: 0.9104) error 0.08744929419250641 avg time 1s 81ms
{
  error: 0.08744929419250641,
  score: 0.9124919928080577,
  generation: 22,
  time: 253897,
  startScore: 0.9124433775340461
}
TAIWAN , score: 0.9001901003930258
process (poor score) TAIWAN , score: 0.9001901003930258 lvl: 2
loaded ../GRQ-portfolio/best/location/v1/TAIWAN.json
2 mutations, mutation rate 7.9%, elitism 4, mutation ALL, selection POWER
Creature count: 50
Culling duplicate creature at 1 of 51
DeDuplication of 1 creatures to 50 in 353ms (previous experiment )
Discovery cf5bbcda scheduled
Training cf5bbcda scheduled
Training cf5bbcda with 1 binary file, target error: 0.05, iterations: 1, sample rate: 100%, sparse: 100%
Discovery cf5bbcda with 1 binary files, sample rate: 100%, batch size: 512
Discovery cf5bbcda initialize time 97ms
Discovery cf5bbcda processing .trainData-location_88/TAIWAN/data.bin
Discovery cf5bbcda read time 3ms for .trainData-location_88/TAIWAN/data.bin with 4613 records
Discovery cf5bbcda scanning time 6s 420ms
Discovery cf5bbcda recorded time 8s 271ms
Training 39350978 scheduled
Training 39350978 with 1 binary file, target error: 0.05, iterations: 1, sample rate: 100%, sparse: 100%
Training cf5bbcda completed after 14s 533ms
Training cf5bbcda compacted
Discovered beneficial synapse from input-741 to 8f185d1d-9858-40ed-a9f0-f0355047a1e8 with weight 1.0000, helping 33.3% more records than it harms (1930/4613)
Discovery cf5bbcda analyze time 23s 577ms found 1 candidates
Fine cf5bbcda Score: 0.8976491845312622, Error: 0.0997566866077665 -> 0.10229760246936723, 👿 -0.00254, Variant: overshot
Fine cf5bbcda Score: 0.8964368749081515, Error: 0.0997566866077665 -> 0.10350991209241385, 👿 -0.00375, Variant: undershot
Trained cf5bbcda Score: 0.8900041790250885, Error: 0.0997566866077665 -> 0.10994260797631523, 👿 -0.0102
Compact cf5bbcda Score: 0.8821409234267388, Error: 0.0997566866077665 -> 0.11780631357404746, 👿 -0.0180
Discovery cf5bbcda analyze harmful time 2s 13ms found 0 candidates
Fine tuning increased fitness by 1.6307119843350648e-7 to 0.9001902917362691 adjusted 2 biases 
Discovery cf5bbcda analyze squashes time 2s 59ms found 1 candidate, Summary: e1c014ed-8e1b-4646-8f01-6018e177c739 GELU -> COMPLEMENT improved: 7.6% error: 4.0726374880991293e+33 -> 3.76125979811183e+33
Discovery 0bfba0a7 scheduled
Training 0bfba0a7 scheduled
Training 0bfba0a7 with 1 binary file, target error: 0.05, iterations: 1, sample rate: 100%, sparse: 100%
Discovery 0bfba0a7 with 1 binary files, sample rate: 100%, batch size: 512
Discovery 0bfba0a7 initialize time 95ms
Discovery 0bfba0a7 processing .trainData-location_88/TAIWAN/data.bin
Fine tuning increased fitness by 2.12327476045715e-7 to 0.9001905040637451 adjusted 2 biases 
Training 39350978 completed after 13s 642ms
Training 39350978 compacted
Discovery 0bfba0a7 read time 6ms for .trainData-location_88/TAIWAN/data.bin with 4613 records
Discovery 0bfba0a7 scanning time 6s 691ms
Max is too large 462050261633869800
Total is too large 462050261636504000
Discovery 0bfba0a7 recorded time 8s 646ms
Fine 39350978 Score: 0.8985801289933848, Error: 0.09975665833572167 -> 0.10136665800749925, 👿 -0.00161, Variant: overshot
Fine 39350978 Score: 0.8948140459122915, Error: 0.09975665833572167 -> 0.10513274108827556, 👿 -0.00538, Variant: undershot
Trained 39350978 Score: 0.8910238911966203, Error: 0.09975665833572167 -> 0.1089228958047835, 👿 -0.00917
Compact 39350978 Score: 0.8693777512040165, Error: 0.09975665833572167 -> 0.13056937579601366, 👿 -0.0308
Fine tuning increased fitness by 3.371977964627959e-7 to 0.9001908412615416 adjusted 2 biases 
Discovery 0bfba0a7 analyze time 10s 607ms found 0 candidates
Training 3274db53 scheduled
Training 3274db53 with 1 binary file, target error: 0.05, iterations: 1, sample rate: 100%, sparse: 100%
Discovery 0bfba0a7 analyze harmful time 2s 19ms found 0 candidates
Discovery 0bfba0a7 analyze squashes time 2s 12ms found 1 candidate, Summary: e1c014ed-8e1b-4646-8f01-6018e177c739 GELU -> COMPLEMENT improved: 7.6% error: 4.0726374880991293e+33 -> 3.76125979811183e+33
Training 0bfba0a7 completed after 13s 827ms
Training 0bfba0a7 compacted
Fine 0bfba0a7 Score: 0.8987285266477517, Error: 0.09975628293704722 -> 0.10121826035295049, 👿 -0.00146, Variant: undershot
Fine 0bfba0a7 Score: 0.8976230257911761, Error: 0.09975628293704722 -> 0.10232376120977749, 👿 -0.00257, Variant: overshot
Trained 0bfba0a7 Score: 0.8905971021179515, Error: 0.09975628293704722 -> 0.1093496848834523, 👿 -0.00959
Compact 0bfba0a7 Score: 0.8821404045180915, Error: 0.09975628293704722 -> 0.11780683248269477, 👿 -0.0181
Discovery 2955bb98 scheduled
Discovery 2955bb98 with 1 binary files, sample rate: 100%, batch size: 512
Discovery 2955bb98 initialize time 93ms
Discovery 2955bb98 processing .trainData-location_88/TAIWAN/data.bin
Discovery 2955bb98 read time 7ms for .trainData-location_88/TAIWAN/data.bin with 4613 records
Discovery 2955bb98 scanning time 5s 901ms
Discovery 2955bb98 recorded time 7s 557ms
Training 7db196bf scheduled
Training 7db196bf with 1 binary file, target error: 0.05, iterations: 1, sample rate: 100%, sparse: 100%
Training 3274db53 completed after 13s 61ms
Training 3274db53 compacted
Discovery 2955bb98 analyze time 10s 822ms found 0 candidates
Discovery 2955bb98 analyze harmful time 2s 91ms found 0 candidates
Fine 3274db53 Score: 0.897451351586874, Error: 0.09975404659513047 -> 0.10249542541391937, 👿 -0.00274, Variant: overshot
Fine 3274db53 Score: 0.8918202780014054, Error: 0.09975404659513047 -> 0.10812649899956908, 👿 -0.00837, Variant: undershot
Trained 3274db53 Score: 0.8852189965136371, Error: 0.09975404659513047 -> 0.11472778048776715, 👿 -0.0150
Compact 3274db53 Score: 0.8820951002083914, Error: 0.09975404659513047 -> 0.117852126792395, 👿 -0.0181
Discovery 2955bb98 analyze squashes time 2s 192ms found 1 candidate, Summary: e1c014ed-8e1b-4646-8f01-6018e177c739 GELU -> COMPLEMENT improved: 7.6% error: 4.0726374880991293e+33 -> 3.76125979811183e+33
Fine tuning increased fitness by 0.000004170770656619638 to 0.9002017418572024 adjusted 3 weights, 1 bias 
Generation 10 score 0.9002017418572024 (avg: 0.8928) error 0.09974502514359024 avg time 10s 957ms
Discovery 0766bc71 scheduled
Training 0766bc71 scheduled
Training 0766bc71 with 1 binary file, target error: 0.05, iterations: 1, sample rate: 100%, sparse: 100%
Discovery 0766bc71 with 1 binary files, sample rate: 100%, batch size: 512
Discovery 0766bc71 initialize time 100ms
Discovery 0766bc71 processing .trainData-location_88/TAIWAN/data.bin
Training 7db196bf completed after 12s 860ms
Training 7db196bf compacted
Discovery 0766bc71 read time 11ms for .trainData-location_88/TAIWAN/data.bin with 4613 records
Discovery 0766bc71 scanning time 6s 421ms
Discovery 0766bc71 recorded time 8s 198ms
Fine 7db196bf Score: 0.8990185781424573, Error: 0.09974919591424691 -> 0.10092818885819065, 👿 -0.00118, Variant: overshot
Fine 7db196bf Score: 0.8973834418358937, Error: 0.09974919591424691 -> 0.10256332516420148, 👿 -0.00281, Variant: undershot
Trained 7db196bf Score: 0.8906048732529824, Error: 0.09974919591424691 -> 0.10934189374842207, 👿 -0.00959
Compact 7db196bf Score: 0.8821044060191432, Error: 0.09974919591424691 -> 0.11784281098164344, 👿 -0.0181
Discovery 0766bc71 analyze time 10s 754ms found 0 candidates
Discovery 0766bc71 analyze harmful time 2s 159ms found 0 candidates
Training 9898f2bd scheduled
Training 9898f2bd with 1 binary file, target error: 0.05, iterations: 1, sample rate: 100%, sparse: 100%
Fine tuning increased fitness by 1.7403696195295026e-7 to 0.900202082845335 adjusted 2 weights, 1 bias 
Discovery 0766bc71 analyze squashes time 2s 108ms found 1 candidate, Summary: e1c014ed-8e1b-4646-8f01-6018e177c739 GELU -> COMPLEMENT improved: 7.6% error: 4.0726374880991293e+33 -> 3.76125979811183e+33
Training 0766bc71 completed after 13s 696ms
Training 0766bc71 compacted
Max is too large 462050261633869800
Total is too large 462050261636504000
Fine 0766bc71 Score: 0.8948550380272513, Error: 0.09974495341825089 -> 0.10509172897337589, 👿 -0.00535, Variant: overshot
Fine 0766bc71 Score: 0.8932811292289283, Error: 0.09974495341825089 -> 0.10666563777180416, 👿 -0.00692, Variant: undershot
Trained 0766bc71 Score: 0.8835388842995832, Error: 0.09974495341825089 -> 0.11640788270182129, 👿 -0.0167
Compact 0766bc71 Score: 0.8694318453577495, Error: 0.09974495341825089 -> 0.1305152616422807, 👿 -0.0308
Discovery e4c6396d scheduled
Discovery e4c6396d with 1 binary files, sample rate: 100%, batch size: 512
Discovery e4c6396d initialize time 99ms
Discovery e4c6396d processing .trainData-location_88/TAIWAN/data.bin
Fine tuning increased fitness by 2.8640601013041334e-7 to 0.9002023692513451 adjusted 2 weights, 1 bias 
Discovery e4c6396d read time 3ms for .trainData-location_88/TAIWAN/data.bin with 4613 records
Discovery e4c6396d scanning time 6s 409ms
Discovery e4c6396d recorded time 8s 153ms
Training 467dfadb scheduled
Training 467dfadb with 1 binary file, target error: 0.05, iterations: 1, sample rate: 100%, sparse: 100%
Training 9898f2bd completed after 13s 467ms
Training 9898f2bd compacted
Discovery e4c6396d analyze time 10s 750ms found 0 candidates
Discovery e4c6396d analyze harmful time 2s 157ms found 0 candidates
Fine 9898f2bd Score: 0.8961284412057562, Error: 0.09974468415545762 -> 0.10381832579478112, 👿 -0.00407, Variant: undershot
Fine 9898f2bd Score: 0.8949350899956209, Error: 0.09974468415545762 -> 0.10501167700513134, 👿 -0.00527, Variant: overshot
Trained 9898f2bd Score: 0.8896681862489207, Error: 0.09974468415545762 -> 0.11027858075248376, 👿 -0.0105
Compact 9898f2bd Score: 0.8821103886048137, Error: 0.09974468415545762 -> 0.11783682839597284, 👿 -0.0181
Discovery e4c6396d analyze squashes time 2s 62ms found 1 candidate, Summary: e1c014ed-8e1b-4646-8f01-6018e177c739 GELU -> COMPLEMENT improved: 7.6% error: 4.0726374880991293e+33 -> 3.76125979811183e+33
Discovery 9015e32a scheduled
Training 9015e32a scheduled
Training 9015e32a with 1 binary file, target error: 0.05, iterations: 1, sample rate: 100%, sparse: 100%
Discovery 9015e32a with 1 binary files, sample rate: 100%, batch size: 512
Discovery 9015e32a initialize time 102ms
Discovery 9015e32a processing .trainData-location_88/TAIWAN/data.bin
Training 467dfadb completed after 12s 444ms
Training 467dfadb compacted
Discovery 9015e32a read time 5ms for .trainData-location_88/TAIWAN/data.bin with 4613 records
Discovery 9015e32a scanning time 6s 534ms
Max is too large 462050261633869800
Total is too large 462050261636504000
Discovery 9015e32a recorded time 8s 400ms
Fine 467dfadb Score: 0.8984132607210776, Error: 0.09974387831265598 -> 0.10153350627956093, 👿 -0.00179, Variant: undershot
Fine 467dfadb Score: 0.8978688245034805, Error: 0.09974387831265598 -> 0.10207794249728155, 👿 -0.00233, Variant: overshot
Trained 467dfadb Score: 0.8897563885897385, Error: 0.09974387831265598 -> 0.11019037841166603, 👿 -0.0104
Compact 467dfadb Score: 0.86941579523924, Error: 0.09974387831265598 -> 0.13053131176079028, 👿 -0.0308
Fine tuning increased fitness by 1.0570380626351294e-7 to 0.9002044987143165 adjusted 1 weight, 1 bias 
Discovery 9015e32a analyze time 12s 795ms found 0 candidates
Training 7b6e3e8d scheduled
Training 7b6e3e8d with 1 binary file, target error: 0.05, iterations: 1, sample rate: 100%, sparse: 100%
Discovery 9015e32a analyze harmful time 2s 111ms found 0 candidates
Discovery 9015e32a analyze squashes time 2s 311ms found 1 candidate, Summary: e1c014ed-8e1b-4646-8f01-6018e177c739 GELU -> COMPLEMENT improved: 7.6% error: 4.0726374880991293e+33 -> 3.76125979811183e+33
Training 9015e32a completed after 13s 693ms
Training 9015e32a compacted
Max is too large 462050261633869800
Total is too large 462050261636504000
Fine 9015e32a Score: 0.8959832363014701, Error: 0.09974237399028238 -> 0.10396353069913383, 👿 -0.00422, Variant: undershot
Fine 9015e32a Score: 0.8918554630973198, Error: 0.09974237399028238 -> 0.10809130390331892, 👿 -0.00835, Variant: overshot
Trained 9015e32a Score: 0.8875250279818852, Error: 0.09974237399028238 -> 0.11242173901951935, 👿 -0.0127
Compact 9015e32a Score: 0.8693441648379547, Error: 0.09974237399028238 -> 0.1306029421620755, 👿 -0.0309
Fine tuning increased fitness by 1.7700396703901333e-11 to 0.900204504722352 adjusted 1 weight 
Generation 20 score 0.900204504722352 (avg: 0.8983) error 0.09974226227844066 avg time 10s 613ms
Fine tuning increased fitness by 2.384795694254649e-10 to 0.9002045049608316 adjusted 1 weight 
Training 7b6e3e8d completed after 12s 177ms
Training 7b6e3e8d compacted
Fine 7b6e3e8d Score: 0.8992162807667413, Error: 0.09974226229614104 -> 0.10073048623386545, 👿 -0.000988, Variant: overshot
Fine 7b6e3e8d Score: 0.8974543186952355, Error: 0.09974226229614104 -> 0.10249244830485912, 👿 -0.00275, Variant: undershot
Trained 7b6e3e8d Score: 0.8913338529758404, Error: 0.09974226229614104 -> 0.10861291402556406, 👿 -0.00887
Compact 7b6e3e8d Score: 0.882208501561088, Error: 0.09974226229614104 -> 0.11773871543969856, 👿 -0.0180
Fine tuning increased fitness by 2.7565505433813087e-11 to 0.9002045049883971 adjusted 1 weight 
Fine tuning increased fitness by 7.587819261800632e-11 to 0.9002045050642753 adjusted 1 weight 
Generation 24 score 0.9002045050642753 (avg: 0.9002) error 0.09974226193651732 avg time 3s 163ms
{
  error: 0.09974226193651732,
  score: 0.9002045050642753,
  generation: 24,
  time: 247863,
  startScore: 0.9001901003930258
}
NC , score: 0.9519307869030625
process (poor score) NC , score: 0.9519307869030625 lvl: 2
loaded ../GRQ-portfolio/best/location/v1/NC.json
2 mutations, mutation rate 22.0%, elitism 7, mutation FFW, selection FITNESS_PROPORTIONATE
Creature count: 50
Culling duplicate creature at 1 of 51
DeDuplication of 1 creatures to 50 in 189ms (previous experiment )
Discovery 2f8a30ed scheduled
Training 2f8a30ed scheduled
Training 2f8a30ed with 1 binary file, target error: 0.05, iterations: 1, sample rate: 100%, sparse: 100%
Discovery 2f8a30ed with 1 binary files, sample rate: 100%, batch size: 512
Discovery 2f8a30ed initialize time 98ms
Discovery 2f8a30ed processing .trainData-location_88/NC/data.bin
Generation 1 score 0.9519307869030625 (avg: 0.6780) error 0.048038939098423994 avg time 721ms
Set training/discovery clean up count to 2
Waiting for discovery to complete
Discovery 2f8a30ed read time 4ms for .trainData-location_88/NC/data.bin with 4613 records
Discovery 2f8a30ed scanning time 3s 641ms
compactUnused hidden neuron e2cbf45d has no outward connections
Discovery 2f8a30ed recorded time 5s 167ms
Training 2f8a30ed completed after 4s 692ms
Training 2f8a30ed compacted
Generation 2 score 0.9519307869030625 (avg: -4051421.7422) error 0.048038939098423994 avg time 500ms
Waiting for discovery to complete
Trained 2f8a30ed Score: 0.9515755598342371, Error: 0.048038939098423994 -> 0.048394166167249376, 👿 -0.000355
Compact 2f8a30ed Score: 0.9470859903986292, Error: 0.048038939098423994 -> 0.05288485860287594, 👿 -0.00485
Generation 3 score 0.9519307869030625 (avg: -110.8919) error 0.048038939098423994 avg time 443ms
Waiting for discovery to complete
Generation 4 score 0.9519307869030625 (avg: 0.7135) error 0.048038939098423994 avg time 427ms
Waiting for discovery to complete
Generation 5 score 0.9519307869030625 (avg: 0.8994) error 0.048038939098423994 avg time 370ms
Waiting for discovery to complete
Discovered beneficial synapse from input-50 to 581a41bc-69b1-4217-860e-2026eddbc924 with weight -1.0000, helping 49.5% more records than it harms (2304/4613)
Discovery 2f8a30ed analyze time 18s 505ms found 1 candidates
Remove neuron 9c9570a4-7eb2-4e6f-8787-6d4fcb66133b as no longer connected
Generation 6 score 0.9519307869030625 (avg: 0.9451) error 0.048038939098423994 avg time 378ms
Waiting for discovery to complete
Discovered harmful synapse from input-29 to 581a41bc-69b1-4217-860e-2026eddbc924, harming 49.5% more records than it helps (20/4613)
Discovery 2f8a30ed analyze harmful time 1s 333ms found 1 candidates
Discovery 2f8a30ed analyze squashes time 1s 319ms found 0 candidates
Generation 7 score 0.9519307869030625 (avg: 0.9456) error 0.048038939098423994 avg time 354ms
Waiting for discovery to complete
Generation 8 score 0.9519307873589783 (avg: 0.9387) error 0.04803892864250882 avg time 324ms
Waiting for training/discovery clean up 2
Fine tuning increased fitness by 1.6613754816319215e-8 to 0.9519308039727331 adjusted 1 weight 
Generation 9 score 0.9519308039727331 (avg: 0.9494) error 0.048038912028753954 avg time 330ms
Waiting for training/discovery clean up 1
Generation 10 score 0.9519328638502442 (avg: 0.9501) error 0.0480368521512429 avg time 335ms
{
  error: 0.0480368521512429,
  score: 0.9519328638502442,
  generation: 10,
  time: 42196,
  startScore: 0.9519307869030625
}
BRAZIL , score: 0.9267451885754102
process (poor score) BRAZIL , score: 0.9267451885754102 lvl: 2
loaded ../GRQ-portfolio/best/location/v1/BRAZIL.json
5 mutations, mutation rate 5.0%, elitism 4, mutation ALL, selection FITNESS_PROPORTIONATE
Creature count: 50
Culling duplicate creature at 1 of 51
DeDuplication of 1 creatures to 50 in 111ms (previous experiment )
Discovery 144dd381 scheduled
Training 144dd381 scheduled
Training 144dd381 with 1 binary file, target error: 0.05, iterations: 1, sample rate: 100%, sparse: 100%
Discovery 144dd381 with 1 binary files, sample rate: 100%, batch size: 512
Discovery 144dd381 initialize time 100ms
Discovery 144dd381 processing .trainData-location_88/BRAZIL/data.bin
Discovery 144dd381 read time 3ms for .trainData-location_88/BRAZIL/data.bin with 4613 records
Discovery 144dd381 scanning time 7s 272ms
Discovery 144dd381 recorded time 9s 234ms
compactUnused hidden neuron 03b6baf0 has no outward connections
Training 83f4ebfe scheduled
Training 83f4ebfe with 1 binary file, target error: 0.05, iterations: 1, sample rate: 100%, sparse: 100%
Fine tuning increased fitness by 0.000004532247988575655 to 0.9267509862886053 adjusted 221 weights, 7 biases 
Training 144dd381 completed after 14s 51ms
Training 144dd381 compacted
Trained 144dd381 Score: 0.9170296426271654, Error: 0.07319526742467511 -> 0.08291081337291997, 👿 -0.00972
Compact 144dd381 Score: 0.8827388864407751, Error: 0.07319526742467511 -> 0.11720506955930972, 👿 -0.0440
Fine tuning increased fitness by 0.0000036715280065102718 to 0.9267546578166118 adjusted 221 weights, 7 biases 
Training bcde891e scheduled
Training bcde891e with 1 binary file, target error: 0.05, iterations: 1, sample rate: 100%, sparse: 100%
Training 83f4ebfe completed after 14s 876ms
Training 83f4ebfe compacted
Discovered beneficial synapse from input-1114 to 08316759-b7d6-4a76-b83a-9a27eca32a99 with weight 1.0000, helping 78.2% more records than it harms (4106/4613)
Discovery 144dd381 analyze time 51s 913ms found 1 candidates
Trained 83f4ebfe Score: 0.9184950907186064, Error: 0.07318946971147998 -> 0.08144536528147896, 👿 -0.00826
Compact 83f4ebfe Score: 0.9081769367015199, Error: 0.07318946971147998 -> 0.0917642992985652, 👿 -0.0186
Discovered harmful synapse from input-1480 to 08316759-b7d6-4a76-b83a-9a27eca32a99, harming 79.3% more records than it helps (473/4613)
Discovery 144dd381 analyze harmful time 3s 466ms found 1 candidates
Discovery 144dd381 analyze squashes time 3s 2ms found 0 candidates
Discovery 28f92574 scheduled
Training 28f92574 scheduled
Training 28f92574 with 1 binary file, target error: 0.05, iterations: 1, sample rate: 100%, sparse: 100%
Discovery 28f92574 with 1 binary files, sample rate: 100%, batch size: 512
Discovery 28f92574 initialize time 98ms
Discovery 28f92574 processing .trainData-location_88/BRAZIL/data.bin
Fine tuning increased fitness by 0.000004837475410690573 to 0.9267739659321085 adjusted 220 weights, 7 biases 
Training bcde891e completed after 15s 11ms
Training bcde891e compacted
Over populated 54, expected 50.
Discovery 28f92574 read time 7ms for .trainData-location_88/BRAZIL/data.bin with 4613 records
Discovery 28f92574 scanning time 7s 650ms
Discovery 28f92574 recorded time 9s 292ms
Compact bcde891e Score: 0.9267523749219063, Error: 0.07317701660489499 -> 0.07318821107817897, 👿 -0.0000112
Fine bcde891e Score: 0.9198823421311072, Error: 0.07317701660489499 -> 0.08005811386897814, 👿 -0.00688, Variant: overshot
Trained bcde891e Score: 0.8985300007019568, Error: 0.07317701660489499 -> 0.1014104752981285, 👿 -0.0282
Fine bcde891e Score: 0.8498811561817599, Error: 0.07317701660489499 -> 0.15005929981832544, 👿 -0.0769, Variant: undershot
Fine tuning increased fitness by 0.0000022037845796019084 to 0.9267761697166881 adjusted 220 weights, 7 biases 
Training 03562dc4 scheduled
Training 03562dc4 with 1 binary file, target error: 0.05, iterations: 1, sample rate: 100%, sparse: 100%
Fine tuning increased fitness by 0.000001774653839325957 to 0.9267779443705274 adjusted 220 weights, 7 biases 
Training 28f92574 completed after 14s 934ms
Training 28f92574 compacted
Over populated 52, expected 50.
Compact 28f92574 Score: 0.926701853669169, Error: 0.07316648006797671 -> 0.07323873233091623, 👿 -0.0000723
Trained 28f92574 Score: 0.9208620728747735, Error: 0.07316648006797671 -> 0.0790783931253119, 👿 -0.00591
Fine 28f92574 Score: 0.9206588688932303, Error: 0.07316648006797671 -> 0.07928157710685496, 👿 -0.00612, Variant: overshot
Fine 28f92574 Score: 0.9140051051714039, Error: 0.07316648006797671 -> 0.08593534082868136, 👿 -0.0128, Variant: undershot
Training 4de5ffc2 scheduled
Training 4de5ffc2 with 1 binary file, target error: 0.05, iterations: 1, sample rate: 100%, sparse: 100%
Fine tuning increased fitness by 0.000001913108971129951 to 0.9267798574794985 adjusted 220 weights, 7 biases 
Training 03562dc4 completed after 13s 748ms
Training 03562dc4 compacted
Over populated 52, expected 50.
Generation 10 score 0.9267798574794985 (avg: 0.9241) error 0.07316058852058668 avg time 13s 65ms
Compact 03562dc4 Score: 0.9267058379687014, Error: 0.0731625016295579 -> 0.07323474803138386, 👿 -0.0000722
Fine 03562dc4 Score: 0.8387523773431723, Error: 0.0731625016295579 -> 0.161188068656913, 👿 -0.0880, Variant: undershot
Fine 03562dc4 Score: 0.8363109672114336, Error: 0.0731625016295579 -> 0.16362947878865164, 👿 -0.0905, Variant: overshot
Trained 03562dc4 Score: 0.8358428501310878, Error: 0.0731625016295579 -> 0.1640976058689975, 👿 -0.0909
Training 81da548e scheduled
Training 81da548e with 1 binary file, target error: 0.05, iterations: 1, sample rate: 100%, sparse: 100%
Discovered beneficial synapse from input-1114 to 08316759-b7d6-4a76-b83a-9a27eca32a99 with weight 1.0000, helping 78.2% more records than it harms (4105/4613)
Discovery 28f92574 analyze time 52s 662ms found 1 candidates
Training 4de5ffc2 completed after 13s 450ms
Training 4de5ffc2 compacted
Discovered harmful synapse from input-1480 to 08316759-b7d6-4a76-b83a-9a27eca32a99, harming 79.2% more records than it helps (474/4613)
Discovery 28f92574 analyze harmful time 3s 370ms found 1 candidates
Discovery 28f92574 analyze squashes time 3s 461ms found 0 candidates
Compact 4de5ffc2 Score: 0.9263715304514998, Error: 0.07316058852058668 -> 0.07356915554858548, 👿 -0.000409
Trained 4de5ffc2 Score: 0.9224209391477909, Error: 0.07316058852058668 -> 0.07751950685229433, 👿 -0.00436
Discovery 91df7383 scheduled
Discovery 91df7383 with 1 binary files, sample rate: 100%, batch size: 512
Discovery 91df7383 initialize time 96ms
Discovery 91df7383 processing .trainData-location_88/BRAZIL/data.bin
Fine tuning increased fitness by 0.000012496671407458138 to 0.9268014232580275 adjusted 219 weights, 7 biases 
Discovery 91df7383 read time 7ms for .trainData-location_88/BRAZIL/data.bin with 4613 records
Discovery 91df7383 scanning time 7s 10ms
Remove neuron 9ecd4c65-3910-4692-a95e-d7893a399dc3 as no longer connected
Discovery 91df7383 recorded time 8s 405ms
Training a8540fb0 scheduled
Training a8540fb0 with 1 binary file, target error: 0.05, iterations: 1, sample rate: 100%, sparse: 100%
Fine tuning increased fitness by 0.000049820819210899536 to 0.9268512440772384 adjusted 219 weights, 7 biases 
Training 81da548e completed after 15s 96ms
Training 81da548e compacted
Compact 81da548e Score: 0.9259959061760078, Error: 0.07315151941346518 -> 0.0739449498240774, 👿 -0.000793
Trained 81da548e Score: 0.9173040584854791, Error: 0.07315151941346518 -> 0.08263638751460614, 👿 -0.00948
Training e64c6bbc scheduled
Training e64c6bbc with 1 binary file, target error: 0.05, iterations: 1, sample rate: 100%, sparse: 100%
Training a8540fb0 completed after 14s 269ms
Training a8540fb0 compacted
Compact a8540fb0 Score: 0.9260608660933947, Error: 0.07308920192284679 -> 0.07387998990669055, 👿 -0.000791
Trained a8540fb0 Score: 0.8011482951986685, Error: 0.07308920192284679 -> 0.1987921508014168, 👿 -0.126
Discovered beneficial synapse from input-1114 to 08316759-b7d6-4a76-b83a-9a27eca32a99 with weight 1.0000, helping 78.2% more records than it harms (4106/4613)
Discovery 91df7383 analyze time 52s 286ms found 1 candidates
Discovered harmful synapse from input-1480 to 08316759-b7d6-4a76-b83a-9a27eca32a99, harming 79.2% more records than it helps (475/4613)
Discovery 91df7383 analyze harmful time 3s 375ms found 1 candidates
Discovery 91df7383 analyze squashes time 3s 91ms found 0 candidates
Training e64c6bbc completed after 14s 195ms
Training e64c6bbc compacted
Over populated 54, expected 50.
Fine e64c6bbc Score: 0.9153486678575444, Error: 0.07303035348519316 -> 0.08459177814254083, 👿 -0.0116, Variant: overshot
Compact e64c6bbc Score: 0.9076395205645252, Error: 0.07303035348519316 -> 0.09230170543555996, 👿 -0.0193
Fine e64c6bbc Score: 0.8537908411797058, Error: 0.07303035348519316 -> 0.14614960482037942, 👿 -0.0731, Variant: undershot
Trained e64c6bbc Score: 0.8361257280680812, Error: 0.07303035348519316 -> 0.16381472793200416, 👿 -0.0908
Fine tuning increased fitness by 3.174900895519528e-7 to 0.926917610846485 adjusted 43 weights, 1 bias 
Generation 19 score 0.926917610846485 (avg: 0.9254) error 0.07302282515360024 avg time 12s 121ms
{
  error: 0.07302282515360024,
  score: 0.926917610846485,
  generation: 19,
  time: 252133,
  startScore: 0.9267451885754102
}
NETHERLANDS , score: 0.950410875338494
process (poor score) NETHERLANDS , score: 0.950410875338494 lvl: 2
loaded ../GRQ-portfolio/best/location/v1/NETHERLANDS.json
2 mutations, mutation rate 5.0%, elitism 6, mutation ALL, selection FITNESS_PROPORTIONATE
Creature count: 50
Culling duplicate creature at 1 of 51
DeDuplication of 1 creatures to 50 in 355ms (previous experiment )
Discovery c7a4b340 scheduled
Training c7a4b340 scheduled
Training c7a4b340 with 1 binary file, target error: 0.05, iterations: 1, sample rate: 100%, sparse: 100%
Discovery c7a4b340 with 1 binary files, sample rate: 100%, batch size: 512
Discovery c7a4b340 initialize time 99ms
Discovery c7a4b340 processing .trainData-location_88/NETHERLANDS/data.bin
Generation 1 score 0.950410875338494 (avg: 0.5991) error 0.0495366606628839 avg time 874ms
Set training/discovery clean up count to 2
Waiting for discovery to complete
Discovery c7a4b340 read time 5ms for .trainData-location_88/NETHERLANDS/data.bin with 4613 records
Discovery c7a4b340 scanning time 7s 263ms
Discovery c7a4b340 recorded time 8s 877ms
Generation 2 score 0.950416779977101 (avg: -2353.6289) error 0.049530756024276895 avg time 937ms
Waiting for discovery to complete
Training c7a4b340 completed after 11s 448ms
Training c7a4b340 compacted
Generation 3 score 0.950416779977101 (avg: -615.2943) error 0.049530756024276895 avg time 963ms
Waiting for discovery to complete
Compact c7a4b340 Score: 0.9497473795983419, Error: 0.0495366606628839 -> 0.050200326403033305, 👿 -0.000664
Trained c7a4b340 Score: 0.9490829218699482, Error: 0.0495366606628839 -> 0.05086461413142959, 👿 -0.00133
Fine tuning increased fitness by 7.691241834528739e-7 to 0.9504175491012844 adjusted 185 weights, 11 biases 
Generation 4 score 0.9504175491012844 (avg: 0.6933) error 0.04952998690009347 avg time 1s 29ms
Waiting for discovery to complete
Discovered beneficial synapse from input-1354 to 830144e2-d619-4cc8-840e-a4ab1ea3e5fa with weight -1.0000, helping 26.2% more records than it harms (2816/4613)
Discovery c7a4b340 analyze time 25s 445ms found 1 candidates
Discovered harmful synapse from input-770 to 830144e2-d619-4cc8-840e-a4ab1ea3e5fa, harming 40.5% more records than it helps (1278/4613)
Discovery c7a4b340 analyze harmful time 2s 609ms found 1 candidates
Discovery c7a4b340 analyze squashes time 2s 654ms found 1 candidate, Summary: 8942f6b3-5458-4d15-9728-50db85fe9683 SELU -> ABSOLUTE improved: 97.3% error: 1.2406783933890874e+27 -> 3.3443878386048196e+25
Generation 5 score 0.9504177963269169 (avg: 0.8780) error 0.04952973967446079 avg time 1s 57ms
Waiting for discovery to complete
Fine tuning increased fitness by 0.0000011501913904643501 to 0.9504189465183074 adjusted 313 weights, 16 biases 
Over populated 53, expected 50.
Generation 6 score 0.9504189465183074 (avg: 0.9189) error 0.04952858948307035 avg time 1s 15ms
Waiting for training/discovery clean up 2
Fine tuning increased fitness by 0.000001270626247107387 to 0.9504202171445545 adjusted 313 weights, 16 biases 
Generation 7 score 0.9504202171445545 (avg: 0.9149) error 0.049527318856823106 avg time 1s 6ms
Waiting for training/discovery clean up 1
Generation 8 score 0.9504202171445545 (avg: 0.9432) error 0.049527318856823106 avg time 992ms
{
  error: 0.049527318856823106,
  score: 0.9504202171445545,
  generation: 8,
  time: 79254,
  startScore: 0.950410875338494
}
GERMANY , score: 0.9042597867613944
process (poor score) GERMANY , score: 0.9042597867613944 lvl: 2
loaded ../GRQ-portfolio/best/location/v1/GERMANY.json
3 mutations, mutation rate 5.0%, elitism 2, mutation FFW, selection TOURNAMENT
Creature count: 50
Culling duplicate creature at 1 of 51
DeDuplication of 1 creatures to 50 in 338ms (previous experiment )
Discovery 32fd6846 scheduled
Training 32fd6846 scheduled
Training 32fd6846 with 1 binary file, target error: 0.05, iterations: 1, sample rate: 100%, sparse: 100%
Discovery 32fd6846 with 1 binary files, sample rate: 100%, batch size: 512
Discovery 32fd6846 initialize time 101ms
Discovery 32fd6846 processing .trainData-location_88/GERMANY/data.bin
Fine tuning increased fitness by 0.00001429136287600663 to 0.9042740781242704 adjusted 9 weights, 1 bias 
Discovery 32fd6846 read time 6ms for .trainData-location_88/GERMANY/data.bin with 4613 records
Discovery 32fd6846 scanning time 11s 28ms
Discovery 32fd6846 recorded time 12s 118ms
Training a09b109d scheduled
Training a09b109d with 1 binary file, target error: 0.05, iterations: 1, sample rate: 100%, sparse: 100%
Discovered beneficial synapse from cf4d6209-3723-48ed-869d-1a1d8c4afdff to bf251087-c021-497e-8cd5-b952d9a890f6 with weight 1.0000, helping 48.0% more records than it harms (2814/4613)
Discovery 32fd6846 analyze time 11s 183ms found 1 candidates
Discovered harmful synapse from input-1394 to bf251087-c021-497e-8cd5-b952d9a890f6, harming 46.2% more records than it helps (642/4613)
Discovery 32fd6846 analyze harmful time 3s 128ms found 1 candidates
Training 32fd6846 completed after 16s 415ms
Training 32fd6846 compacted
Discovery 32fd6846 analyze squashes time 2s 933ms found 2 candidates, Summary: 92f720e5-72ae-4008-89df-177d5b4e537b Cosine -> COMPLEMENT improved: 65.7% error: 1.632013407308386e+25 -> 5.603332317426119e+24,bf251087-c021-497e-8cd5-b952d9a890f6 ABSOLUTE -> SQRT improved: 100.0% error: 2.3376578323317693e+28 -> 1.4932776572645676e+23
Compact 32fd6846 Score: 0.9011282270256857, Error: 0.09568229623869633 -> 0.09881401597440481, 👿 -0.00313
Fine 32fd6846 Score: 0.8943291615330216, Error: 0.09568229623869633 -> 0.10561292146706629, 👿 -0.00993, Variant: overshot
Trained 32fd6846 Score: 0.8768276480270889, Error: 0.09568229623869633 -> 0.12311443497399817, 👿 -0.0274
Fine 32fd6846 Score: 0.8397563346604585, Error: 0.09568229623869633 -> 0.16018574833963373, 👿 -0.0645, Variant: undershot
Discovery e7323c24 scheduled
Discovery e7323c24 with 1 binary files, sample rate: 100%, batch size: 512
Discovery e7323c24 initialize time 102ms
Discovery e7323c24 processing .trainData-location_88/GERMANY/data.bin
Fine tuning increased fitness by 0.000002145655663254864 to 0.9042762237799337 adjusted 9 weights, 1 bias 
Discovery e7323c24 read time 6ms for .trainData-location_88/GERMANY/data.bin with 4613 records
Discovery e7323c24 scanning time 11s 646ms
Training ce4d220c scheduled
Training ce4d220c with 1 binary file, target error: 0.05, iterations: 1, sample rate: 100%, sparse: 100%
Discovery e7323c24 recorded time 12s 903ms
Training a09b109d completed after 15s 432ms
Training a09b109d compacted
Compact a09b109d Score: 0.9020406252818425, Error: 0.09566800487582029 -> 0.0979016177182481, 👿 -0.00223
Fine a09b109d Score: 0.8952962129030819, Error: 0.09566800487582029 -> 0.10464587009700912, 👿 -0.00898, Variant: overshot
Fine a09b109d Score: 0.8909223931933823, Error: 0.09566800487582029 -> 0.10901968980670385, 👿 -0.0134, Variant: undershot
Trained a09b109d Score: 0.8896317235502899, Error: 0.09566800487582029 -> 0.11031035945079726, 👿 -0.0146
Fine tuning increased fitness by 0.0000018519726178167772 to 0.9042805528654425 adjusted 56 weights, 2 biases 
Discovered beneficial synapse from cf4d6209-3723-48ed-869d-1a1d8c4afdff to bf251087-c021-497e-8cd5-b952d9a890f6 with weight 1.0000, helping 48.0% more records than it harms (2813/4613)
Discovery e7323c24 analyze time 20s 776ms found 1 candidates
Discovered harmful synapse from input-1394 to bf251087-c021-497e-8cd5-b952d9a890f6, harming 46.1% more records than it helps (642/4613)
Discovery e7323c24 analyze harmful time 3s 7ms found 1 candidates
Training 29c5faa7 scheduled
Training 29c5faa7 with 1 binary file, target error: 0.05, iterations: 1, sample rate: 100%, sparse: 100%
Discovery e7323c24 analyze squashes time 3s 85ms found 1 candidate, Summary: bf251087-c021-497e-8cd5-b952d9a890f6 ABSOLUTE -> SQRT improved: 100.0% error: 2.3376578323317693e+28 -> 1.4932776572645676e+23
Fine tuning increased fitness by 0.000001459243353818529 to 0.9042820121087963 adjusted 56 weights, 2 biases 
Training ce4d220c completed after 16s 67ms
Training ce4d220c compacted
Trained ce4d220c Score: 0.9033320163901474, Error: 0.09566338210726597 -> 0.0966100666109397, 👿 -0.000947
Fine ce4d220c Score: 0.9030744306355345, Error: 0.09566338210726597 -> 0.09686765236455178, 👿 -0.00120, Variant: overshot
Fine ce4d220c Score: 0.9027542616145456, Error: 0.09566338210726597 -> 0.09718782138553797, 👿 -0.00152, Variant: undershot
Compact ce4d220c Score: 0.9002644613303329, Error: 0.09566338210726597 -> 0.09967778166975769, 👿 -0.00401
Discovery 5ded268f scheduled
Training 5ded268f scheduled
Training 5ded268f with 1 binary file, target error: 0.05, iterations: 1, sample rate: 100%, sparse: 100%
Discovery 5ded268f with 1 binary files, sample rate: 100%, batch size: 512
Discovery 5ded268f initialize time 99ms
Discovery 5ded268f processing .trainData-location_88/GERMANY/data.bin
Fine tuning increased fitness by 6.784469319676134e-8 to 0.9042820799534895 adjusted 52 weights, 3 biases 
Training 29c5faa7 completed after 15s 720ms
Training 29c5faa7 compacted
Discovery 5ded268f read time 4ms for .trainData-location_88/GERMANY/data.bin with 4613 records
Discovery 5ded268f scanning time 10s 317ms
Discovery 5ded268f recorded time 12s 262ms
Compact 29c5faa7 Score: 0.9023240577152427, Error: 0.09566007089129433 -> 0.09761818528484795, 👿 -0.00196
Fine 29c5faa7 Score: 0.8976800978153873, Error: 0.09566007089129433 -> 0.10226198518548614, 👿 -0.00660, Variant: overshot
Trained 29c5faa7 Score: 0.8834024634671427, Error: 0.09566007089129433 -> 0.11653962953394417, 👿 -0.0209
Fine 29c5faa7 Score: 0.8827499472739857, Error: 0.09566007089129433 -> 0.11719213572609816, 👿 -0.0215, Variant: undershot
Fine tuning increased fitness by 0.0000017089945830717213 to 0.9042837889480726 adjusted 52 weights, 3 biases 
Generation 10 score 0.9042837889480726 (avg: 0.9030) error 0.09565829405201805 avg time 12s 436ms
Discovered beneficial synapse from cf4d6209-3723-48ed-869d-1a1d8c4afdff to bf251087-c021-497e-8cd5-b952d9a890f6 with weight 1.0000, helping 48.0% more records than it harms (2812/4613)
Discovery 5ded268f analyze time 11s 378ms found 1 candidates
Discovered harmful synapse from input-1394 to bf251087-c021-497e-8cd5-b952d9a890f6, harming 46.1% more records than it helps (643/4613)
Discovery 5ded268f analyze harmful time 3s 211ms found 1 candidates
Training 98516407 scheduled
Training 98516407 with 1 binary file, target error: 0.05, iterations: 1, sample rate: 100%, sparse: 100%
Discovery 5ded268f analyze squashes time 2s 982ms found 1 candidate, Summary: bf251087-c021-497e-8cd5-b952d9a890f6 ABSOLUTE -> SQRT improved: 100.0% error: 2.3376578323317693e+28 -> 1.4932776572645676e+23
Training 5ded268f completed after 16s 262ms
Training 5ded268f compacted
Compact 5ded268f Score: 0.9010441606760591, Error: 0.0956600030466012 -> 0.09889808232403152, 👿 -0.00324
Fine 5ded268f Score: 0.8737236751690949, Error: 0.0956600030466012 -> 0.12621840783099111, 👿 -0.0306, Variant: overshot
Fine 5ded268f Score: 0.8602806668802411, Error: 0.0956600030466012 -> 0.13966141611984345, 👿 -0.0440, Variant: undershot
Trained 5ded268f Score: 0.8569608615701497, Error: 0.0956600030466012 -> 0.14298123143093708, 👿 -0.0473
Discovery c94e4333 scheduled
Discovery c94e4333 with 1 binary files, sample rate: 100%, batch size: 512
Discovery c94e4333 initialize time 96ms
Discovery c94e4333 processing .trainData-location_88/GERMANY/data.bin
Over populated 52, expected 50.
Discovery c94e4333 read time 7ms for .trainData-location_88/GERMANY/data.bin with 4613 records
Discovery c94e4333 scanning time 10s 368ms
Discovery c94e4333 recorded time 12s
Training be988eca scheduled
Training be988eca with 1 binary file, target error: 0.05, iterations: 1, sample rate: 100%, sparse: 100%
Fine tuning increased fitness by 0.0000038938746961258985 to 0.9043084860313021 adjusted 44 weights, 2 biases 
Training 98516407 completed after 15s 536ms
Training 98516407 compacted
Compact 98516407 Score: 0.9008923510527329, Error: 0.09564110316920343 -> 0.09904989194735768, 👿 -0.00341
Trained 98516407 Score: 0.898013452105516, Error: 0.09564110316920343 -> 0.10192864089557083, 👿 -0.00629
Fine 98516407 Score: 0.8966213351031693, Error: 0.09564110316920343 -> 0.1033207478969167, 👿 -0.00768, Variant: overshot
Fine 98516407 Score: 0.8965383445742482, Error: 0.09564110316920343 -> 0.10340373842583889, 👿 -0.00776, Variant: undershot
Fine tuning increased fitness by 0.000005928825350332012 to 0.9043144148566524 adjusted 41 weights, 2 biases 
Discovered beneficial synapse from cf4d6209-3723-48ed-869d-1a1d8c4afdff to bf251087-c021-497e-8cd5-b952d9a890f6 with weight 1.0000, helping 48.0% more records than it harms (2812/4613)
Discovery c94e4333 analyze time 20s 965ms found 1 candidates
Discovered harmful synapse from input-1394 to bf251087-c021-497e-8cd5-b952d9a890f6, harming 46.1% more records than it helps (643/4613)
Discovery c94e4333 analyze harmful time 3s 422ms found 1 candidates
Discovery c94e4333 analyze squashes time 3s 81ms found 2 candidates, Summary: 92f720e5-72ae-4008-89df-177d5b4e537b Cosine -> COMPLEMENT improved: 65.7% error: 1.632013407308386e+25 -> 5.603332317426119e+24,bf251087-c021-497e-8cd5-b952d9a890f6 ABSOLUTE -> SQRT improved: 100.0% error: 2.3376578323317693e+28 -> 1.4932776572645676e+23
Discovery 1e79ff3c scheduled
Training 1e79ff3c scheduled
Training 1e79ff3c with 1 binary file, target error: 0.05, iterations: 1, sample rate: 100%, sparse: 100%
Discovery 1e79ff3c with 1 binary files, sample rate: 100%, batch size: 512
Discovery 1e79ff3c initialize time 97ms
Discovery 1e79ff3c processing .trainData-location_88/GERMANY/data.bin
Training be988eca completed after 17s 312ms
Training be988eca compacted
Over populated 55, expected 50.
Discovery 1e79ff3c read time 8ms for .trainData-location_88/GERMANY/data.bin with 4613 records
Discovery 1e79ff3c scanning time 10s 753ms
Discovery 1e79ff3c recorded time 12s 542ms
Compact be988eca Score: 0.9010439912603616, Error: 0.0956335869687886 -> 0.09889824173972905, 👿 -0.00326
Fine be988eca Score: 0.7728225235567442, Error: 0.0956335869687886 -> 0.2271195494433491, 👿 -0.131, Variant: overshot
Trained be988eca Score: 0.7549136782397944, Error: 0.0956335869687886 -> 0.24502841476129247, 👿 -0.149
Fine be988eca Score: 0.6576307255073981, Error: 0.0956335869687886 -> 0.34231134749269654, 👿 -0.247, Variant: undershot
Fine tuning increased fitness by 0.000002359078984492946 to 0.9043260942618003 adjusted 40 weights, 2 biases 
Training 1e79ff3c completed after 15s 706ms
Training 1e79ff3c compacted
Compact 1e79ff3c Score: 0.9011273739868917, Error: 0.09561833781727479 -> 0.09881485901319897, 👿 -0.00320
Fine 1e79ff3c Score: 0.8674359581187995, Error: 0.09561833781727479 -> 0.13250611488177488, 👿 -0.0369, Variant: undershot
Fine 1e79ff3c Score: 0.8632996573723022, Error: 0.09561833781727479 -> 0.13664241562778476, 👿 -0.0410, Variant: overshot
Trained 1e79ff3c Score: 0.8473078802736317, Error: 0.09561833781727479 -> 0.1526342027274554, 👿 -0.0570
Fine tuning increased fitness by 1.4153094340940697e-7 to 0.9043264485394202 adjusted 40 weights, 2 biases 
Discovered beneficial synapse from cf4d6209-3723-48ed-869d-1a1d8c4afdff to bf251087-c021-497e-8cd5-b952d9a890f6 with weight 1.0000, helping 48.0% more records than it harms (2812/4613)
Discovery 1e79ff3c analyze time 40s 73ms found 1 candidates
Fine tuning increased fitness by 1.0770912162172408e-8 to 0.9043264593103324 adjusted 40 weights, 2 biases 
Discovered harmful synapse from input-1394 to bf251087-c021-497e-8cd5-b952d9a890f6, harming 46.1% more records than it helps (643/4613)
Discovery 1e79ff3c analyze harmful time 2s 935ms found 1 candidates
Discovery 1e79ff3c analyze squashes time 3s 287ms found 2 candidates, Summary: bf251087-c021-497e-8cd5-b952d9a890f6 ABSOLUTE -> SQRT improved: 100.0% error: 2.3376578323317693e+28 -> 1.4932776572645676e+23,8b73746c-9418-4e2e-86fe-43eae31ce18f ArcTan -> COMPLEMENT improved: 99.7% error: 4.7484193693106615e+25 -> 1.6366785623198838e+23
Generation 19 score 0.9043264593103324 (avg: 0.9033) error 0.09561561368975828 avg time 12s 391ms
Set training/discovery clean up count to 2
Waiting for discovery to complete
Fine tuning increased fitness by 3.1482129458915153e-8 to 0.9043264907924619 adjusted 40 weights, 2 biases 
Over populated 53, expected 50.
Generation 20 score 0.9043264907924619 (avg: 0.9018) error 0.09561558220762874 avg time 1s 227ms
Waiting for training/discovery clean up 2
Fine tuning increased fitness by 1.6511950251540952e-8 to 0.9043265073044121 adjusted 40 weights, 2 biases 
Generation 21 score 0.9043265073044121 (avg: 0.9007) error 0.09561556569567856 avg time 1s 316ms
Waiting for training/discovery clean up 1
Fine tuning increased fitness by 2.4092720041224425e-8 to 0.9043265313971321 adjusted 40 weights, 2 biases 
Generation 22 score 0.9043265313971321 (avg: 0.9042) error 0.09561554160295847 avg time 1s 229ms
{
  error: 0.09561554160295847,
  score: 0.9043265313971321,
  generation: 22,
  time: 286488,
  startScore: 0.9042597867613944
}
TN , score: 0.9539360248456747
process (poor score) TN , score: 0.9539360248456747 lvl: 2
loaded ../GRQ-portfolio/best/location/v1/TN.json
6 mutations, mutation rate 5.0%, elitism 5, mutation ALL, selection FITNESS_PROPORTIONATE
Creature count: 50
Culling duplicate creature at 1 of 51
DeDuplication of 1 creatures to 50 in 219ms (previous experiment )
Discovery d85ad880 scheduled
Training d85ad880 scheduled
Training d85ad880 with 1 binary file, target error: 0.05, iterations: 1, sample rate: 100%, sparse: 100%
Discovery d85ad880 with 1 binary files, sample rate: 100%, batch size: 512
Discovery d85ad880 initialize time 97ms
Discovery d85ad880 processing .trainData-location_88/TN/data.bin
Generation 1 score 0.9539360248456747 (avg: 0.6760) error 0.04603131115556012 avg time 750ms
Set training/discovery clean up count to 2
Waiting for discovery to complete
Discovery d85ad880 read time 5ms for .trainData-location_88/TN/data.bin with 4613 records
Discovery d85ad880 scanning time 7s 518ms
Discovery d85ad880 recorded time 8s 538ms
Generation 2 score 0.9539360248456747 (avg: -0.4042) error 0.04603131115556012 avg time 661ms
Waiting for discovery to complete
Training d85ad880 completed after 9s 95ms
Training d85ad880 compacted
Over populated 52, expected 50.
Generation 3 score 0.9539360248456747 (avg: -4.6405) error 0.04603131115556012 avg time 539ms
Waiting for discovery to complete
Compact d85ad880 Score: 0.9539156922040682, Error: 0.04603131115556012 -> 0.046051763797165156, 👿 -0.0000205
Trained d85ad880 Score: 0.9473644444619854, Error: 0.04603131115556012 -> 0.05260289153927174, 👿 -0.00657
Fine d85ad880 Score: 0.9469634668362134, Error: 0.04603131115556012 -> 0.053003869165035064, 👿 -0.00697, Variant: overshot
Fine d85ad880 Score: 0.9003425262231135, Error: 0.04603131115556012 -> 0.09962480977812121, 👿 -0.0536, Variant: undershot
Generation 4 score 0.9539360248456747 (avg: 0.7827) error 0.04603131115556012 avg time 645ms
Waiting for discovery to complete
Generation 5 score 0.9539360248456747 (avg: 0.8916) error 0.04603131115556012 avg time 595ms
Waiting for discovery to complete
Generation 6 score 0.9539360248456747 (avg: 0.9474) error 0.04603131115556012 avg time 596ms
Waiting for discovery to complete
Generation 7 score 0.9539360248456747 (avg: 0.9395) error 0.04603131115556012 avg time 590ms
Waiting for discovery to complete
Generation 8 score 0.9539360248456747 (avg: 0.9484) error 0.04603131115556012 avg time 564ms
Waiting for discovery to complete
Generation 9 score 0.9539360248456747 (avg: 0.9500) error 0.04603131115556012 avg time 598ms
Waiting for discovery to complete
Generation 10 score 0.9539360248456747 (avg: 0.9508) error 0.04603131115556012 avg time 602ms
Waiting for discovery to complete
Discovered beneficial synapse from input-1625 to cf3e3e28-9607-4a5d-b6b7-a447a921fdcc with weight -1.0000, helping 36.7% more records than it harms (3098/4613)
Discovery d85ad880 analyze time 53s 61ms found 1 candidates
Generation 11 score 0.9539360248456747 (avg: 0.9501) error 0.04603131115556012 avg time 599ms
Waiting for discovery to complete
Discovered harmful synapse from input-96 to cf3e3e28-9607-4a5d-b6b7-a447a921fdcc, harming 32.2% more records than it helps (1510/4613)
Discovery d85ad880 analyze harmful time 2s 814ms found 1 candidates
Discovery d85ad880 analyze squashes time 2s 853ms found 0 candidates
Generation 12 score 0.9539360248456747 (avg: 0.9449) error 0.04603131115556012 avg time 575ms
Waiting for discovery to complete
Generation 13 score 0.9539360248456747 (avg: 0.9325) error 0.04603131115556012 avg time 572ms
Waiting for training/discovery clean up 2
Generation 14 score 0.9539360248456747 (avg: 0.9223) error 0.04603131115556012 avg time 551ms
Waiting for training/discovery clean up 1
Generation 15 score 0.9539360248456747 (avg: 0.9509) error 0.04603131115556012 avg time 556ms
{
  error: 0.04603131115556012,
  score: 0.9539360248456747,
  generation: 15,
  time: 90313,
  startScore: 0.9539360248456747
}
🧹 Cleaning up any inconsistent git state
✅ Git state cleanup completed
✅ Already on proper branch: Develop
From github.com:stSoftwareAU/GRQ-location
   5b601a7..697adbd  Develop    -> origin/Develop
Updating 5b601a7..697adbd
Created autostash: 48cc79f
Fast-forward
 v1/AUSTRALIA.json         |   105 +-
 v1/CT.json                |  4593 ++++------
 v1/DC.json                |   448 +-
 v1/GREECE.json            |   609 +-
 v1/IN.json                |    20 +-
 v1/ISRAEL.json            |    76 +-
 v1/MD.json                |  2516 +++---
 v1/MD.json.invalid        | 12741 +++++++++++++++++++++++++++
 v1/MN.json                |  4075 ++++-----
 v1/MN.json.invalid        | 13292 ++++++++++++++++++++++++++++
 v1/NETHERLANDS.json       |  4032 +--------
 v1/OH.json                |   416 +-
 v1/OK.json                |     8 +-
 v1/OR.json                |    39 +-
 v1/SC.json                |  4881 ++++++++--
 v1/SINGAPORE.json         | 14159 ++++++++++++++++++++---------
 v1/SINGAPORE.json.invalid | 21001 ++++++++++++++++++++++++++++++++++++++++++++
 v1/TX.json                |  9691 +-------------------
 18 files changed, 68245 insertions(+), 24457 deletions(-)
 create mode 100644 v1/MD.json.invalid
 create mode 100644 v1/MN.json.invalid
 create mode 100644 v1/SINGAPORE.json.invalid
Applying autostash resulted in conflicts.
Your changes are safe in the stash.
You can run "git stash pop" or "git stash drop" at any time.
✅ Already on proper branch: Develop
📦 Changes detected — staging files and validating JSON
[0;32m🔍 Validating staged JSON files...[0m
[0;32m🔍 Validating: v1/BRAZIL.json[0m
[0;32m   ✅ PASSED: File is valid[0m
[0;32m🔍 Validating: v1/GERMANY.json[0m
[0;32m   ✅ PASSED: File is valid[0m
[0;32m🔍 Validating: v1/HI.json[0m
[0;32m   ✅ PASSED: File is valid[0m
[0;32m🔍 Validating: v1/NC.json[0m
[0;32m   ✅ PASSED: File is valid[0m
[0;32m🔍 Validating: v1/NETHERLANDS.json[0m
[0;31m🚨 MERGE CONFLICT DETECTED in: v1/NETHERLANDS.json[0m
[1;33m   This file contains unresolved merge conflict markers:[0m
19763:<<<<<<< Updated upstream
19769:=======
19779:>>>>>>> Stashed changes
19791:<<<<<<< Updated upstream
19795:=======
[0;31m   ❌ FAILED: Merge conflicts detected[0m
[0;32m🔍 Validating: v1/TAIWAN.json[0m
[0;32m   ✅ PASSED: File is valid[0m

[0;31m❌ Commit blocked due to invalid JSON files[0m
❌ JSON validation failed — aborting commit
🧹 Cleaning up staged changes
Unstaged changes after reset:
M	v1/BRAZIL.json
M	v1/GERMANY.json
M	v1/HI.json
M	v1/NC.json
M	v1/NETHERLANDS.json
M	v1/TAIWAN.json
💥 Commit blocked due to invalid JSON files
🧹 Performing final git cleanup on exit...
✅ Final cleanup completed
Cloning into 'GRQ-logs'...
[Develop 95dd2af] ip-10-0-28-255 status 1
 1 file changed, 998 insertions(+), 1999 deletions(-)
To github.com:stSoftwareAU/GRQ-logs.git
   35a4b2f..95dd2af  Develop -> Develop
📥 Pulling GRQ-health with --ours strategy...
From github.com:stSoftwareAU/GRQ-health
   b306a81..09e589e  Develop    -> origin/Develop
📦 No local changes or untracked files - checking remote state
🔄 Resetting to remote state (commit: 09e589e9)
HEAD is now at 09e589e Update health status for ip-10-0-33-87 at Wed Aug  6 06:31:36 AM UTC 2025
✅ Successfully reset to remote state - all models updated by another machine
✅ GRQ-health pull succeeded in 8 seconds
Updating health information...
Updated health information for ip-10-0-28-255
