FetchReports.ts failed (exit 1); partial data pushed to GRQ-companyreports
exit_code=1
host=GRQ-11.local
time=2026-09-29T01:04:16Z

--- error summary (/Volumes/DataGRQ/MarketData/logs/fetchReports.error.json) ---
{
  "time": "2026-09-29T01:03:21.169Z",
  "message": "Too many report failures (937 > 854); aborting (first 20: BRR, ESLT, KNW, RVPHW, FXCO, BBHM, IROHU, KPLTW, SDACU, LIXT, AKYA, LGF-B, CRCA, RFL-WS, BRW-R, PWM, FXCOR, RSF-R-W, MCVT, ZYNE)",
  "symbol": "LAES",
  "endpoint": "EARNINGS"
}

--- last 50 lines of /Volumes/DataGRQ/MarketData/logs/fetchReports.log ---
No quarterly earnings — skipping statements JXN-P-A
Earnings quarter unchanged — skipping statements BRUN 2026-06-30
Skipping EARNINGS — AssetType not Common Stock NSAIU UNIT
Earnings quarter unchanged — skipping statements GSRF 2026-06-30
Earnings quarter unchanged — skipping statements OFAL 2026-06-30
Skipping EARNINGS — AssetType not Common Stock RWTN Notes
Skipping EARNINGS — AssetType not Common Stock ATH-P-B Preferred Stock
Skipping EARNINGS — AssetType not Common Stock BETRW Warrant
Skipping EARNINGS — AssetType not Common Stock BAC-P-L Preferred Stock
Skipping EARNINGS — AssetType not Common Stock TAVIU Unit
Earnings quarter unchanged — skipping statements CAES 2026-06-30
Reusing old overview for SRV-R-W
Failed to retrieve EARNINGS for: SRV-R-W: Type:EARNINGS, Symbol:SRV-R-W Invalid API call. Please retry or visit the documentation (https://www.alphavantage.co/documentation/) for EARNINGS.
earnings fetch failed — leaving incomplete SRV-R-W 
No quarterly earnings — skipping statements ROSS-U
Failed to retrieve EARNINGS for: SPIR: Type:EARNINGS, Symbol:SPIR Invalid API call. Please retry or visit the documentation (https://www.alphavantage.co/documentation/) for EARNINGS.
earnings fetch failed — leaving incomplete SPIR 
Skipping EARNINGS — AssetType not Common Stock AEAQW Warrant
Retrying OVERVIEW... KPET-U in 81204ms (1 of 13): Minute-level rate limit exceed. Please stay under the number of API requests per minute for your premium subscription plan. Please contact support@alphavantage.co if you are targeting a higher API request volume.
No quarterly earnings — skipping statements KPET-U
Progress: KPET-U 8520/11/8531 (99.87%) Elapsed: 12h 29m ETA: 58s
Earnings quarter unchanged — skipping statements BSAA 2026-06-30
No quarterly earnings — skipping statements ZXZZT
Skipping EARNINGS — AssetType not Common Stock SXTPW Warrant
OVERVIEW LatestQuarter lagged on-disk — keeping WLDSW 2025-12-31 → 2026-06-30
Skipping EARNINGS — AssetType not Common Stock WLDSW Warrant
Skipping EARNINGS — AssetType not Common Stock ASB-P-E Preferred Stock
Earnings quarter unchanged — skipping statements NUR 2026-06-30
Retrying OVERVIEW... NGL-P-C in 1211ms (1 of 13): Burst pattern detected. Please consider spreading out your API requests more evenly across a 1-minute window and query no more than 5 requests per second. Please contact support@alphavantage.co if you are targeting a higher API request volume.
Skipping EARNINGS — AssetType not Common Stock NGL-P-C Preferred Stock
Earnings quarter unchanged — skipping statements OGCP 2026-06-30
Skipping EARNINGS — AssetType not Common Stock AHT-P-G Preferred Stock
No quarterly earnings — skipping statements PONOU
Earnings quarter unchanged — skipping statements LAES 2026-06-30
Progress: complete 8531/0/8531 (100.00%) Elapsed: 12h 30m ETA: 0s
442 of 8531 symbols skipped (no overview; first 20: IFLO, NETX, PACX, LAESV, MIMO-WS-B, GIACU, AXTX, DDTZ, CPARU, CORX, HGLB, WTIB, CHAD, OSSL, SWETU, PCPP, TSOL, CHYG, VMGA, DLUX)
937 of 8531 symbols had report fetch failures (first 20: BRR, ESLT, KNW, RVPHW, FXCO, BBHM, IROHU, KPLTW, SDACU, LIXT, AKYA, LGF-B, CRCA, RFL-WS, BRW-R, PWM, FXCOR, RSF-R-W, MCVT, ZYNE)
Too many report failures (937 > 854); aborting (first 20: BRR, ESLT, KNW, RVPHW, FXCO, BBHM, IROHU, KPLTW, SDACU, LIXT, AKYA, LGF-B, CRCA, RFL-WS, BRW-R, PWM, FXCOR, RSF-R-W, MCVT, ZYNE)
[checkpoint] GRQ-companyreports: pushed successfully (final)
Attempting partial push of GRQ-companyreports (best-effort)...
No staged changes in GRQ-companyreports; skipping commit
Pushing GRQ-companyreports...
From github.com:stSoftwareAU/GRQ-companyreports
 * branch                    Develop    -> FETCH_HEAD
Current branch Develop is up to date.
Everything up-to-date
Verified remote origin/Develop matches local HEAD (f6b431675b30)
Push completed for GRQ-companyreports
Partial push of GRQ-companyreports completed
FATAL: FetchReports.ts failed (exit 1); partial data pushed to GRQ-companyreports
