FetchReports.ts failed (exit 1); partial data pushed to GRQ-companyreports
exit_code=1
host=GRQ-11.local
time=2026-08-05T05:59:04Z

--- error summary (/Volumes/DataGRQ/MarketData/logs/fetchReports.error.json) ---
{
  "time": "2026-08-05T05:58:07.473Z",
  "message": "Too many report failures (901 > 85); aborting (first 20: FSOL, PTNT, CHNL, SPPI, MTAC, ROCAU, IMTXW, CFMS, HPLT, KALV, PLTA, GLBKV, FOXY, XM, LRFC, FICV, MEOA, APGB, EASY, CSTA-WS)",
  "symbol": "DYORU",
  "endpoint": "OVERVIEW"
}

--- last 50 lines of /Volumes/DataGRQ/MarketData/logs/fetchReports.log ---
Progress: ADXN 8475/15/8490 (99.82%) Elapsed: 17h 22m ETA: 1m 50s
Earnings quarter unchanged — skipping statements HAWK 2026-03-31
Retrying OVERVIEW... PFAI in 5180ms (1 of 13): Burst pattern detected. Please consider spreading out your API requests more evenly across a 1-minute window and query no more than 5 requests per second. Please contact support@alphavantage.co if you are targeting a higher API request volume.
Retrying OVERVIEW... PFAI in 9618ms (2 of 13): Burst pattern detected. Please consider spreading out your API requests more evenly across a 1-minute window and query no more than 5 requests per second. Please contact support@alphavantage.co if you are targeting a higher API request volume.
OVERVIEW LatestQuarter lagged on-disk — keeping PFAI 2026-03-31 → 2026-06-30
Skipping EARNINGS — next quarter not yet plausible PFAI 2026-06-30
Earnings quarter unchanged — skipping statements PLMKU 2026-03-31
OVERVIEW LatestQuarter lagged on-disk — keeping BRK-A 2026-03-31 → 2026-06-30
Skipping EARNINGS — next quarter not yet plausible BRK-A 2026-06-30
Retrying OVERVIEW... PALOU in 6517ms (1 of 13): Burst pattern detected. Please consider spreading out your API requests more evenly across a 1-minute window and query no more than 5 requests per second. Please contact support@alphavantage.co if you are targeting a higher API request volume.
Skipping EARNINGS — AssetType not Common Stock PALOU Unit
Earnings quarter unchanged — skipping statements AIFC 2026-03-31
Retrying OVERVIEW... NCI in 1988ms (1 of 13): Burst pattern detected. Please consider spreading out your API requests more evenly across a 1-minute window and query no more than 5 requests per second. Please contact support@alphavantage.co if you are targeting a higher API request volume.
Retrying OVERVIEW... NCI in 709ms (2 of 13): Burst pattern detected. Please consider spreading out your API requests more evenly across a 1-minute window and query no more than 5 requests per second. Please contact support@alphavantage.co if you are targeting a higher API request volume.
OVERVIEW LatestQuarter lagged on-disk — keeping NCI 2026-03-31 → 2026-06-30
Skipping EARNINGS — next quarter not yet plausible NCI 2026-06-30
Earnings quarter unchanged — skipping statements SA 2026-03-31
Retrying OVERVIEW... MGLD in 4500ms (1 of 13): Burst pattern detected. Please consider spreading out your API requests more evenly across a 1-minute window and query no more than 5 requests per second. Please contact support@alphavantage.co if you are targeting a higher API request volume.
Retrying EARNINGS... MGLD in 551ms (1 of 13): Burst pattern detected. Please consider spreading out your API requests more evenly across a 1-minute window and query no more than 5 requests per second. Please contact support@alphavantage.co if you are targeting a higher API request volume.
Earnings quarter unchanged — skipping statements MGLD 2026-03-31
Retrying OVERVIEW... BSAA in 8015ms (1 of 13): Burst pattern detected. Please consider spreading out your API requests more evenly across a 1-minute window and query no more than 5 requests per second. Please contact support@alphavantage.co if you are targeting a higher API request volume.
Retrying OVERVIEW... BSAA in 9563ms (2 of 13): Burst pattern detected. Please consider spreading out your API requests more evenly across a 1-minute window and query no more than 5 requests per second. Please contact support@alphavantage.co if you are targeting a higher API request volume.
Retrying OVERVIEW... BSAA in 78109ms (3 of 13): Minute-level rate limit exceed. Please stay under the number of API requests per minute for your premium subscription plan. Please contact support@alphavantage.co if you are targeting a higher API request volume.
Earnings quarter unchanged — skipping statements BSAA 2026-03-31
Progress: BSAA 8485/5/8490 (99.94%) Elapsed: 17h 24m ETA: 36s
Retrying OVERVIEW... LFAC in 5426ms (1 of 13): Burst pattern detected. Please consider spreading out your API requests more evenly across a 1-minute window and query no more than 5 requests per second. Please contact support@alphavantage.co if you are targeting a higher API request volume.
Retrying EARNINGS... LFAC in 7788ms (1 of 13): Burst pattern detected. Please consider spreading out your API requests more evenly across a 1-minute window and query no more than 5 requests per second. Please contact support@alphavantage.co if you are targeting a higher API request volume.
Earnings quarter unchanged — skipping statements LFAC 2026-03-31
OVERVIEW LatestQuarter lagged on-disk — keeping LICN 2026-03-31 → 2026-06-30
Skipping EARNINGS — next quarter not yet plausible LICN 2026-06-30
Earnings quarter unchanged — skipping statements CIG-C 2026-03-31
OVERVIEW LatestQuarter lagged on-disk — keeping AIIO 2026-03-31 → 2026-06-30
Skipping EARNINGS — next quarter not yet plausible AIIO 2026-06-30
Skipping EARNINGS — AssetType not Common Stock DYORU Unit
Progress: complete 8490/0/8490 (100.00%) Elapsed: 17h 24m ETA: 0s
484 of 8490 symbols skipped (no overview; first 20: XLKX, CIH, FTAAW, SCJN, WELD, XA, OSSL, HJUN, NDACW, CARD, HBR, NBIE, AGFS, TGR-WS, FG-W, VGFC, GAB-R-W, CRUX, IGR-R, BCSM)
901 of 8490 symbols had report fetch failures (first 20: FSOL, PTNT, CHNL, SPPI, MTAC, ROCAU, IMTXW, CFMS, HPLT, KALV, PLTA, GLBKV, FOXY, XM, LRFC, FICV, MEOA, APGB, EASY, CSTA-WS)
Too many report failures (901 > 85); aborting (first 20: FSOL, PTNT, CHNL, SPPI, MTAC, ROCAU, IMTXW, CFMS, HPLT, KALV, PLTA, GLBKV, FOXY, XM, LRFC, FICV, MEOA, APGB, EASY, CSTA-WS)
[checkpoint] GRQ-companyreports: pushed successfully (final)
Attempting partial push of GRQ-companyreports (best-effort)...
No staged changes in GRQ-companyreports; skipping commit
Pushing GRQ-companyreports...
From github.com:stSoftwareAU/GRQ-companyreports
 * branch                  Develop    -> FETCH_HEAD
Current branch Develop is up to date.
Everything up-to-date
Verified remote origin/Develop matches local HEAD (4ecc529b7745)
Push completed for GRQ-companyreports
Partial push of GRQ-companyreports completed
FATAL: FetchReports.ts failed (exit 1); partial data pushed to GRQ-companyreports
