FetchReports.ts failed (exit 1); partial data pushed to GRQ-companyreports
exit_code=1
host=GRQ-11.local
time=2026-08-06T00:49:34Z

--- error summary (/Volumes/DataGRQ/MarketData/logs/fetchReports.error.json) ---
{
  "time": "2026-08-06T00:48:47.757Z",
  "message": "Too many report failures (838 > 85); aborting (first 20: CLOV, PTRN, TFPM, FTEL, JNJ-WD, IAS, CCCM, CNFRL, IFN-R-W, IMACW, RQI-R-W, ALORW, AQNA, QQXL, NOVVW, MSIX, JETU, LAAC-W, JMMF, ONTX)",
  "symbol": "DYORU",
  "endpoint": "OVERVIEW"
}

--- last 50 lines of /Volumes/DataGRQ/MarketData/logs/fetchReports.log ---
Skipping EARNINGS — next quarter not yet plausible LOBO 2026-06-30
Reusing old overview for FGMCU
Skipping EARNINGS — AssetType not Common Stock FGMCU Unit
Skipping EARNINGS — AssetType not Common Stock ADACU Unit
Reusing old overview for AMSS
Retrying EARNINGS... AMSS in 70370ms (1 of 13): Minute-level rate limit exceed. Please stay under the number of API requests per minute for your premium subscription plan. Please contact support@alphavantage.co if you are targeting a higher API request volume.
Failed to retrieve EARNINGS for: AMSS: Type:EARNINGS, Symbol:AMSS Invalid API call. Please retry or visit the documentation (https://www.alphavantage.co/documentation/) for EARNINGS.
earnings fetch failed — leaving incomplete AMSS
Progress: AMSS 8473/15/8488 (99.82%) Elapsed: 12h 15m ETA: 1m 18s
Failed to retrieve EARNINGS for: ADXN: Type:EARNINGS, Symbol:ADXN Invalid API call. Please retry or visit the documentation (https://www.alphavantage.co/documentation/) for EARNINGS.
earnings fetch failed — leaving incomplete ADXN
Reusing old overview for PFAI
Skipping EARNINGS — next quarter not yet plausible PFAI 2026-06-30
Reusing old overview for PLMKU
Failed to retrieve EARNINGS for: PLMKU: Type:EARNINGS, Symbol:PLMKU Invalid API call. Please retry or visit the documentation (https://www.alphavantage.co/documentation/) for EARNINGS.
earnings fetch failed — leaving incomplete PLMKU
Reusing old overview for BRK-A
Skipping EARNINGS — next quarter not yet plausible BRK-A 2026-06-30
Reusing old overview for PALOU
Skipping EARNINGS — AssetType not Common Stock PALOU Unit
Reusing old overview for AIFC
Earnings quarter unchanged — skipping statements AIFC 2026-03-31
OVERVIEW LatestQuarter lagged on-disk — keeping NCI 2026-03-31 → 2026-06-30
Skipping EARNINGS — next quarter not yet plausible NCI 2026-06-30
Earnings quarter unchanged — skipping statements SA 2026-03-31
Earnings quarter unchanged — skipping statements MGLD 2026-03-31
Earnings quarter unchanged — skipping statements BSAA 2026-03-31
Earnings quarter unchanged — skipping statements LFAC 2026-03-31
OVERVIEW LatestQuarter lagged on-disk — keeping LICN 2026-03-31 → 2026-06-30
Skipping EARNINGS — next quarter not yet plausible LICN 2026-06-30
Earnings quarter unchanged — skipping statements CIG-C 2026-03-31
OVERVIEW LatestQuarter lagged on-disk — keeping AIIO 2026-03-31 → 2026-06-30
Skipping EARNINGS — next quarter not yet plausible AIIO 2026-06-30
Skipping EARNINGS — AssetType not Common Stock DYORU Unit
Progress: complete 8488/0/8488 (100.00%) Elapsed: 12h 15m ETA: 0s
489 of 8488 symbols skipped (no overview; first 20: TONT, YARW, XHOA, CEGX, JCICU, SEG-R, GIWWW, NEMD, WPC-W, CBIL, NCOOW, GVCIU, BN-W, NVRI-W, MUA-R-W, XVUG, CAGE, CBOT, NDACW, LAESV)
838 of 8488 symbols had report fetch failures (first 20: CLOV, PTRN, TFPM, FTEL, JNJ-WD, IAS, CCCM, CNFRL, IFN-R-W, IMACW, RQI-R-W, ALORW, AQNA, QQXL, NOVVW, MSIX, JETU, LAAC-W, JMMF, ONTX)
Too many report failures (838 > 85); aborting (first 20: CLOV, PTRN, TFPM, FTEL, JNJ-WD, IAS, CCCM, CNFRL, IFN-R-W, IMACW, RQI-R-W, ALORW, AQNA, QQXL, NOVVW, MSIX, JETU, LAAC-W, JMMF, ONTX)
[checkpoint] GRQ-companyreports: pushed successfully (final)
Attempting partial push of GRQ-companyreports (best-effort)...
No staged changes in GRQ-companyreports; skipping commit
Pushing GRQ-companyreports...
From github.com:stSoftwareAU/GRQ-companyreports
 * branch                  Develop    -> FETCH_HEAD
Current branch Develop is up to date.
Everything up-to-date
Verified remote origin/Develop matches local HEAD (c15cd02d5249)
Push completed for GRQ-companyreports
Partial push of GRQ-companyreports completed
FATAL: FetchReports.ts failed (exit 1); partial data pushed to GRQ-companyreports
