FetchReports.ts failed (exit 1); partial data pushed to GRQ-companyreports
exit_code=1
host=GRQ-11.local
time=2026-08-04T04:06:23Z

--- error summary (/Volumes/DataGRQ/MarketData/logs/fetchReports.error.json) ---
{
  "time": "2026-08-04T04:04:48.908Z",
  "message": "Too many report failures (892 > 85); aborting (first 20: UTAA, HEXO, FTW-U, IVEP, HMACR, DBTX, WDAF, FARO, ALKSV, JIDE, LASC, MPTI-R-W, QIPT, DVVY, XOEF, PHGE-U, RBT-WS, EVTL-WS, BNRE-A, JUGGW)",
  "symbol": "DYORU",
  "endpoint": "OVERVIEW"
}

--- last 50 lines of /Volumes/DataGRQ/MarketData/logs/fetchReports.log ---
Earnings quarter unchanged — skipping statements AIIR 2026-03-31
Earnings quarter unchanged — skipping statements INAC 2026-03-31
Earnings quarter unchanged — skipping statements SPEG 2026-03-31
Earnings quarter unchanged — skipping statements IBAC 2026-03-31
OVERVIEW LatestQuarter lagged on-disk — keeping ZYBT 2026-03-31 → 2026-06-30
Skipping EARNINGS — next quarter not yet plausible ZYBT 2026-06-30
Earnings quarter unchanged — skipping statements ANSC 2026-03-31
Skipping EARNINGS — AssetType not Common Stock TVAIU Unit
OVERVIEW LatestQuarter lagged on-disk — keeping LOBO 2026-03-31 → 2026-06-30
Skipping EARNINGS — next quarter not yet plausible LOBO 2026-06-30
Skipping EARNINGS — AssetType not Common Stock FGMCU Unit
Skipping EARNINGS — AssetType not Common Stock ADACU Unit
Earnings quarter unchanged — skipping statements AMSS 2026-03-31
Earnings quarter unchanged — skipping statements ADXN 2026-03-31
Earnings quarter unchanged — skipping statements HAWK 2026-03-31
OVERVIEW LatestQuarter lagged on-disk — keeping PFAI 2026-03-31 → 2026-06-30
Skipping EARNINGS — next quarter not yet plausible PFAI 2026-06-30
Earnings quarter unchanged — skipping statements PLMKU 2026-03-31
OVERVIEW LatestQuarter lagged on-disk — keeping BRK-A 2026-03-31 → 2026-06-30
Skipping EARNINGS — next quarter not yet plausible BRK-A 2026-06-30
Skipping EARNINGS — AssetType not Common Stock PALOU Unit
Earnings quarter unchanged — skipping statements AIFC 2026-03-31
OVERVIEW LatestQuarter lagged on-disk — keeping NCI 2026-03-31 → 2026-06-30
Skipping EARNINGS — next quarter not yet plausible NCI 2026-06-30
Earnings quarter unchanged — skipping statements SA 2026-03-31
Earnings quarter unchanged — skipping statements MGLD 2026-03-31
Earnings quarter unchanged — skipping statements BSAA 2026-03-31
Earnings quarter unchanged — skipping statements LFAC 2026-03-31
OVERVIEW LatestQuarter lagged on-disk — keeping LICN 2026-03-31 → 2026-06-30
Skipping EARNINGS — next quarter not yet plausible LICN 2026-06-30
Earnings quarter unchanged — skipping statements CIG-C 2026-03-31
OVERVIEW LatestQuarter lagged on-disk — keeping AIIO 2026-03-31 → 2026-06-30
Skipping EARNINGS — next quarter not yet plausible AIIO 2026-06-30
Skipping EARNINGS — AssetType not Common Stock DYORU Unit
Progress: complete 8490/0/8490 (100.00%) Elapsed: 15h 31m ETA: 0s
484 of 8490 symbols skipped (no overview; first 20: PJUS, HYGM, XAGI, MIMO-WS-A, AHD, SCMAW, SKYHWS, DISTU, CSRE, APLX, PACXW, GBND, MONCU, IMTG, APMD, FDXF-W, LVACW, SNXX, YCLO, STHOV)
892 of 8490 symbols had report fetch failures (first 20: UTAA, HEXO, FTW-U, IVEP, HMACR, DBTX, WDAF, FARO, ALKSV, JIDE, LASC, MPTI-R-W, QIPT, DVVY, XOEF, PHGE-U, RBT-WS, EVTL-WS, BNRE-A, JUGGW)
Too many report failures (892 > 85); aborting (first 20: UTAA, HEXO, FTW-U, IVEP, HMACR, DBTX, WDAF, FARO, ALKSV, JIDE, LASC, MPTI-R-W, QIPT, DVVY, XOEF, PHGE-U, RBT-WS, EVTL-WS, BNRE-A, JUGGW)
[checkpoint] GRQ-companyreports: pushed successfully (final)
Attempting partial push of GRQ-companyreports (best-effort)...
No staged changes in GRQ-companyreports; skipping commit
Pushing GRQ-companyreports...
From github.com:stSoftwareAU/GRQ-companyreports
 * branch                  Develop    -> FETCH_HEAD
Current branch Develop is up to date.
Everything up-to-date
Verified remote origin/Develop matches local HEAD (3bc15e5e8317)
Push completed for GRQ-companyreports
Partial push of GRQ-companyreports completed
FATAL: FetchReports.ts failed (exit 1); partial data pushed to GRQ-companyreports
