FetchReports.ts failed (exit 1); partial data pushed to GRQ-companyreports
exit_code=1
host=GRQ-11.local
time=2026-09-24T05:35:09Z

--- error summary (/Volumes/DataGRQ/MarketData/logs/fetchReports.error.json) ---
{
  "time": "2026-09-24T05:33:53.535Z",
  "message": "Too many report failures (1006 > 852); aborting (first 20: T, ACRE, ESNT, ASIX, DIBS, FLR, MDA, EMA, SBR, ERNA, DKL, IBO, MAIA, PWP, TDS, GLP, DCBO, AQN, SHO, STHO)",
  "symbol": "LAES",
  "endpoint": "EARNINGS"
}

--- last 50 lines of /Volumes/DataGRQ/MarketData/logs/fetchReports.log ---
Earnings quarter unchanged — skipping statements GSRF 2026-06-30
Earnings quarter unchanged — skipping statements OFAL 2026-06-30
Skipping EARNINGS — AssetType not Common Stock RWTN Notes
Skipping EARNINGS — AssetType not Common Stock ATH-P-B Preferred Stock
Skipping EARNINGS — AssetType not Common Stock BETRW Warrant
Skipping EARNINGS — AssetType not Common Stock BAC-P-L Preferred Stock
EARNINGS quarter older than overview — keeping overview NEGG 2025-06-30 < 2026-06-30
overview+earnings refreshed; earnings quarter not yet fresh — will re-check NEGG 2025-06-30
Skipping EARNINGS — AssetType not Common Stock TAVIU Unit
Earnings quarter unchanged — skipping statements CAES 2026-06-30
No quarterly earnings — skipping statements SRV-R-W
No quarterly earnings — skipping statements ROSS-U
Earnings quarter unchanged — skipping statements SPIR 2026-06-30
Skipping EARNINGS — AssetType not Common Stock AEAQW Warrant
OVERVIEW LatestQuarter lagged on-disk — keeping MEGL 2026-03-31 → 2026-06-30
EARNINGS quarter older than overview — keeping overview MEGL 2025-09-30 < 2026-06-30
overview+earnings refreshed; earnings quarter not yet fresh — will re-check MEGL 2025-09-30
OVERVIEW LatestQuarter lagged on-disk — keeping ABLV 2026-03-31 → 2026-06-30
EARNINGS quarter older than overview — keeping overview ABLV 2025-06-30 < 2026-06-30
overview+earnings refreshed; earnings quarter not yet fresh — will re-check ABLV 2025-06-30
No quarterly earnings — skipping statements KPET-U
Earnings quarter unchanged — skipping statements BSAA 2026-06-30
No quarterly earnings — skipping statements ZXZZT
Skipping EARNINGS — AssetType not Common Stock SXTPW Warrant
OVERVIEW LatestQuarter lagged on-disk — keeping WLDSW 2025-12-31 → 2026-06-30
Skipping EARNINGS — AssetType not Common Stock WLDSW Warrant
Skipping EARNINGS — AssetType not Common Stock ASB-P-E Preferred Stock
Earnings quarter unchanged — skipping statements NUR 2026-06-30
Earnings quarter unchanged — skipping statements DSX 2026-06-30
Skipping EARNINGS — AssetType not Common Stock NGL-P-C Preferred Stock
Earnings quarter unchanged — skipping statements OGCP 2026-06-30
Skipping EARNINGS — AssetType not Common Stock AHT-P-G Preferred Stock
No quarterly earnings — skipping statements PONOU
Earnings quarter unchanged — skipping statements LAES 2026-06-30
Progress: complete 8518/0/8518 (100.00%) Elapsed: 17h 0m ETA: 0s
443 of 8518 symbols skipped (no overview; first 20: CRCO, LIONU, LMACU, VEM, QQJN, FTWWS, RAMMU, ISG, GDXU, STXU, ADAL, WCMG, GEHCV, CSIO, IDYN, OBTC, LMACA, VDG, TSIC, NEMD)
1006 of 8518 symbols had report fetch failures (first 20: T, ACRE, ESNT, ASIX, DIBS, FLR, MDA, EMA, SBR, ERNA, DKL, IBO, MAIA, PWP, TDS, GLP, DCBO, AQN, SHO, STHO)
Too many report failures (1006 > 852); aborting (first 20: T, ACRE, ESNT, ASIX, DIBS, FLR, MDA, EMA, SBR, ERNA, DKL, IBO, MAIA, PWP, TDS, GLP, DCBO, AQN, SHO, STHO)
[checkpoint] GRQ-companyreports: pushed successfully (final)
Attempting partial push of GRQ-companyreports (best-effort)...
No staged changes in GRQ-companyreports; skipping commit
Pushing GRQ-companyreports...
From github.com:stSoftwareAU/GRQ-companyreports
 * branch                    Develop    -> FETCH_HEAD
Current branch Develop is up to date.
Everything up-to-date
Verified remote origin/Develop matches local HEAD (6f5fee271ddf)
Push completed for GRQ-companyreports
Partial push of GRQ-companyreports completed
FATAL: FetchReports.ts failed (exit 1); partial data pushed to GRQ-companyreports
