FetchReports.ts failed (exit 1); partial data pushed to GRQ-companyreports
exit_code=1
host=GRQ-11.local
time=2026-09-30T02:17:02Z

--- error summary (/Volumes/DataGRQ/MarketData/logs/fetchReports.error.json) ---
{
  "time": "2026-09-30T02:15:40.122Z",
  "message": "Too many report failures (931 > 854); aborting (first 20: BRR, QQXL, CNFRL, CLUB, UBXG, GXRP, PCCT, APGB-U, LCW-U, HLXX, NGIF, MMM-W, SRV-R, CCF, LTRY, IROHR, MKFG-WS, QIPT, SCD-R-W, ALKSV)",
  "symbol": "LAES",
  "endpoint": "EARNINGS"
}

--- last 50 lines of /Volumes/DataGRQ/MarketData/logs/fetchReports.log ---
Skipping EARNINGS — AssetType not Common Stock BIVIW Warrant
Skipping EARNINGS — AssetType not Common Stock GFUZW Warrant
No quarterly earnings — skipping statements CTAAR
Earnings quarter unchanged — skipping statements EZRA 2026-06-30
No quarterly earnings — skipping statements JOUL
Skipping EARNINGS — AssetType not Common Stock SVAQU Warrant
No quarterly earnings — skipping statements JXN-P-A
Earnings quarter unchanged — skipping statements BRUN 2026-06-30
Skipping EARNINGS — AssetType not Common Stock NSAIU UNIT
Earnings quarter unchanged — skipping statements GSRF 2026-06-30
Earnings quarter unchanged — skipping statements OFAL 2026-06-30
Skipping EARNINGS — AssetType not Common Stock RWTN Notes
Skipping EARNINGS — AssetType not Common Stock ATH-P-B Preferred Stock
Skipping EARNINGS — AssetType not Common Stock BETRW Warrant
Skipping EARNINGS — AssetType not Common Stock BAC-P-L Preferred Stock
Skipping EARNINGS — AssetType not Common Stock TAVIU Unit
Earnings quarter unchanged — skipping statements CAES 2026-06-30
No quarterly earnings — skipping statements ROSS-U
Skipping EARNINGS — AssetType not Common Stock AEAQW Warrant
No quarterly earnings — skipping statements KPET-U
Earnings quarter unchanged — skipping statements BSAA 2026-06-30
No quarterly earnings — skipping statements ZXZZT
Skipping EARNINGS — AssetType not Common Stock SXTPW Warrant
OVERVIEW LatestQuarter lagged on-disk — keeping WLDSW 2025-12-31 → 2026-06-30
Skipping EARNINGS — AssetType not Common Stock WLDSW Warrant
Skipping EARNINGS — AssetType not Common Stock ASB-P-E Preferred Stock
Earnings quarter unchanged — skipping statements NUR 2026-06-30
Retrying OVERVIEW... NGL-P-C in 65332ms (1 of 13): Minute-level rate limit exceed. Please stay under the number of API requests per minute for your premium subscription plan. Please contact support@alphavantage.co if you are targeting a higher API request volume.
Skipping EARNINGS — AssetType not Common Stock NGL-P-C Preferred Stock
Progress: NGL-P-C 8527/4/8531 (99.95%) Elapsed: 13h 42m ETA: 23s
Earnings quarter unchanged — skipping statements OGCP 2026-06-30
Skipping EARNINGS — AssetType not Common Stock AHT-P-G Preferred Stock
No quarterly earnings — skipping statements PONOU
Earnings quarter unchanged — skipping statements LAES 2026-06-30
Progress: complete 8531/0/8531 (100.00%) Elapsed: 13h 42m ETA: 0s
442 of 8531 symbols skipped (no overview; first 20: BRZD, PACX, ADALW, TWNPV, TBMCU, CTMA, IBMX, ZINC, DMA, OCTVV, DDFZ, PRAB, LQDU, TABD, WPC-W, SEG-R, FOTO, IDMY, ARCKW, SPCI)
931 of 8531 symbols had report fetch failures (first 20: BRR, QQXL, CNFRL, CLUB, UBXG, GXRP, PCCT, APGB-U, LCW-U, HLXX, NGIF, MMM-W, SRV-R, CCF, LTRY, IROHR, MKFG-WS, QIPT, SCD-R-W, ALKSV)
Too many report failures (931 > 854); aborting (first 20: BRR, QQXL, CNFRL, CLUB, UBXG, GXRP, PCCT, APGB-U, LCW-U, HLXX, NGIF, MMM-W, SRV-R, CCF, LTRY, IROHR, MKFG-WS, QIPT, SCD-R-W, ALKSV)
[checkpoint] GRQ-companyreports: pushed successfully (final)
Attempting partial push of GRQ-companyreports (best-effort)...
No staged changes in GRQ-companyreports; skipping commit
Pushing GRQ-companyreports...
From github.com:stSoftwareAU/GRQ-companyreports
 * branch                    Develop    -> FETCH_HEAD
Current branch Develop is up to date.
Everything up-to-date
Verified remote origin/Develop matches local HEAD (ea28b2f5db96)
Push completed for GRQ-companyreports
Partial push of GRQ-companyreports completed
FATAL: FetchReports.ts failed (exit 1); partial data pushed to GRQ-companyreports
