FetchReports.ts failed (exit 1); partial data pushed to GRQ-companyreports
exit_code=1
host=GRQ-11.local
time=2026-08-08T04:02:08Z

--- error summary (/Volumes/DataGRQ/MarketData/logs/fetchReports.error.json) ---
{
  "time": "2026-08-08T04:00:52.175Z",
  "message": "Too many report failures (692 > 86); aborting (first 20: SGBXV, CCIRW, JETD, LTRY, CCCMW, HONAV, PTNT, GOLI, FTHB, LITTU, GRNAW, JIDE, SHYF, SOLV-W, QUIZ, PERF-WS, SCAQU, ASEC, PCCT, IIVI)",
  "symbol": "DYORU",
  "endpoint": "OVERVIEW"
}

--- last 50 lines of /Volumes/DataGRQ/MarketData/logs/fetchReports.log ---
Skipping EARNINGS — AssetType not Common Stock TVAIU Unit
OVERVIEW LatestQuarter lagged on-disk — keeping LOBO 2026-03-31 → 2026-06-30
Skipping EARNINGS — next quarter not yet plausible LOBO 2026-06-30
Retrying OVERVIEW... FGMCU in 6389ms (1 of 13): Burst pattern detected. Please consider spreading out your API requests more evenly across a 1-minute window and query no more than 5 requests per second. Please contact support@alphavantage.co if you are targeting a higher API request volume.
Skipping EARNINGS — AssetType not Common Stock FGMCU Unit
Retrying OVERVIEW... ADACU in 6627ms (1 of 13): Burst pattern detected. Please consider spreading out your API requests more evenly across a 1-minute window and query no more than 5 requests per second. Please contact support@alphavantage.co if you are targeting a higher API request volume.
Skipping EARNINGS — AssetType not Common Stock ADACU Unit
Retrying OVERVIEW... PFAI in 7073ms (1 of 13): Burst pattern detected. Please consider spreading out your API requests more evenly across a 1-minute window and query no more than 5 requests per second. Please contact support@alphavantage.co if you are targeting a higher API request volume.
Retrying OVERVIEW... PFAI in 4037ms (2 of 13): Burst pattern detected. Please consider spreading out your API requests more evenly across a 1-minute window and query no more than 5 requests per second. Please contact support@alphavantage.co if you are targeting a higher API request volume.
OVERVIEW LatestQuarter lagged on-disk — keeping PFAI 2026-03-31 → 2026-06-30
Skipping EARNINGS — next quarter not yet plausible PFAI 2026-06-30
Retrying OVERVIEW... BRK-A in 7269ms (1 of 13): Burst pattern detected. Please consider spreading out your API requests more evenly across a 1-minute window and query no more than 5 requests per second. Please contact support@alphavantage.co if you are targeting a higher API request volume.
OVERVIEW LatestQuarter lagged on-disk — keeping BRK-A 2026-03-31 → 2026-06-30
Skipping EARNINGS — next quarter not yet plausible BRK-A 2026-06-30
Skipping EARNINGS — AssetType not Common Stock PALOU Unit
Retrying EARNINGS... AIFC in 9353ms (1 of 13): Burst pattern detected. Please consider spreading out your API requests more evenly across a 1-minute window and query no more than 5 requests per second. Please contact support@alphavantage.co if you are targeting a higher API request volume.
Retrying EARNINGS... AIFC in 74780ms (2 of 13): Minute-level rate limit exceed. Please stay under the number of API requests per minute for your premium subscription plan. Please contact support@alphavantage.co if you are targeting a higher API request volume.
Earnings quarter unchanged — skipping statements AIFC 2026-03-31
Progress: AIFC 8494/9/8503 (99.89%) Elapsed: 15h 27m ETA: 58s
OVERVIEW LatestQuarter lagged on-disk — keeping NCI 2026-03-31 → 2026-06-30
Skipping EARNINGS — next quarter not yet plausible NCI 2026-06-30
Retrying OVERVIEW... SA in 2183ms (1 of 13): Burst pattern detected. Please consider spreading out your API requests more evenly across a 1-minute window and query no more than 5 requests per second. Please contact support@alphavantage.co if you are targeting a higher API request volume.
Earnings quarter unchanged — skipping statements SA 2026-03-31
Earnings quarter unchanged — skipping statements MGLD 2026-03-31
Earnings quarter unchanged — skipping statements BSAA 2026-03-31
Retrying EARNINGS... LFAC in 1425ms (1 of 13): Burst pattern detected. Please consider spreading out your API requests more evenly across a 1-minute window and query no more than 5 requests per second. Please contact support@alphavantage.co if you are targeting a higher API request volume.
Earnings quarter unchanged — skipping statements LFAC 2026-03-31
OVERVIEW LatestQuarter lagged on-disk — keeping LICN 2026-03-31 → 2026-06-30
Skipping EARNINGS — next quarter not yet plausible LICN 2026-06-30
Retrying OVERVIEW... CIG-C in 4491ms (1 of 13): Burst pattern detected. Please consider spreading out your API requests more evenly across a 1-minute window and query no more than 5 requests per second. Please contact support@alphavantage.co if you are targeting a higher API request volume.
Earnings quarter unchanged — skipping statements CIG-C 2026-03-31
OVERVIEW LatestQuarter lagged on-disk — keeping AIIO 2026-03-31 → 2026-06-30
Skipping EARNINGS — next quarter not yet plausible AIIO 2026-06-30
Skipping EARNINGS — AssetType not Common Stock DYORU Unit
Progress: complete 8503/0/8503 (100.00%) Elapsed: 15h 27m ETA: 0s
505 of 8503 symbols skipped (no overview; first 20: IMTG, DLY, EMXX, AMPU, WTIB, CUST, TBSAW, GIWWW, SNDQ, OCAC-WS, RDWU, TONT, GEHCV, IDYN, AKUS, SWETU, MVRL, AFSC, TONT-WS, AXTX)
692 of 8503 symbols had report fetch failures (first 20: SGBXV, CCIRW, JETD, LTRY, CCCMW, HONAV, PTNT, GOLI, FTHB, LITTU, GRNAW, JIDE, SHYF, SOLV-W, QUIZ, PERF-WS, SCAQU, ASEC, PCCT, IIVI)
Too many report failures (692 > 86); aborting (first 20: SGBXV, CCIRW, JETD, LTRY, CCCMW, HONAV, PTNT, GOLI, FTHB, LITTU, GRNAW, JIDE, SHYF, SOLV-W, QUIZ, PERF-WS, SCAQU, ASEC, PCCT, IIVI)
[checkpoint] GRQ-companyreports: pushed successfully (final)
Attempting partial push of GRQ-companyreports (best-effort)...
No staged changes in GRQ-companyreports; skipping commit
Pushing GRQ-companyreports...
From github.com:stSoftwareAU/GRQ-companyreports
 * branch                  Develop    -> FETCH_HEAD
Current branch Develop is up to date.
Everything up-to-date
Verified remote origin/Develop matches local HEAD (5f8e9bc6071e)
Push completed for GRQ-companyreports
Partial push of GRQ-companyreports completed
FATAL: FetchReports.ts failed (exit 1); partial data pushed to GRQ-companyreports
