FetchReports.ts failed (exit 1); partial data pushed to GRQ-companyreports
exit_code=1
host=GRQ-11.local
time=2026-09-26T05:13:49Z

--- error summary (/Volumes/DataGRQ/MarketData/logs/fetchReports.error.json) ---
{
  "time": "2026-09-26T05:10:10.209Z",
  "message": "Too many report failures (912 > 853); aborting (first 20: ANIP, CNDT, GTEC, DCH, RPID, KMDA, WHF, BIVI, LIF, EVGO, XTNT, QTI, MYO, HIT, BEKE, ZNTL, OGN, ALMR, GEMI, FRMI)",
  "symbol": "LAES",
  "endpoint": "EARNINGS"
}

--- last 50 lines of /Volumes/DataGRQ/MarketData/logs/fetchReports.log ---
Skipping EARNINGS — AssetType not Common Stock GFUZW Warrant
No quarterly earnings — skipping statements CTAAR
Earnings quarter unchanged — skipping statements EZRA 2026-06-30
No quarterly earnings — skipping statements JOUL
Skipping EARNINGS — AssetType not Common Stock SVAQU Warrant
No quarterly earnings — skipping statements JXN-P-A
Earnings quarter unchanged — skipping statements BRUN 2026-06-30
Skipping EARNINGS — AssetType not Common Stock NSAIU UNIT
Earnings quarter unchanged — skipping statements GSRF 2026-06-30
Earnings quarter unchanged — skipping statements OFAL 2026-06-30
Skipping EARNINGS — AssetType not Common Stock RWTN Notes
Skipping EARNINGS — AssetType not Common Stock ATH-P-B Preferred Stock
Skipping EARNINGS — AssetType not Common Stock BETRW Warrant
Skipping EARNINGS — AssetType not Common Stock BAC-P-L Preferred Stock
Skipping EARNINGS — AssetType not Common Stock TAVIU Unit
Earnings quarter unchanged — skipping statements CAES 2026-06-30
No quarterly earnings — skipping statements SRV-R-W
No quarterly earnings — skipping statements ROSS-U
Earnings quarter unchanged — skipping statements SPIR 2026-06-30
Skipping EARNINGS — AssetType not Common Stock AEAQW Warrant
No quarterly earnings — skipping statements KPET-U
Earnings quarter unchanged — skipping statements BSAA 2026-06-30
No quarterly earnings — skipping statements ZXZZT
Skipping EARNINGS — AssetType not Common Stock SXTPW Warrant
OVERVIEW LatestQuarter lagged on-disk — keeping WLDSW 2025-12-31 → 2026-06-30
Skipping EARNINGS — AssetType not Common Stock WLDSW Warrant
Skipping EARNINGS — AssetType not Common Stock ASB-P-E Preferred Stock
Earnings quarter unchanged — skipping statements NUR 2026-06-30
Earnings quarter unchanged — skipping statements DSX 2026-06-30
Skipping EARNINGS — AssetType not Common Stock NGL-P-C Preferred Stock
Earnings quarter unchanged — skipping statements OGCP 2026-06-30
Skipping EARNINGS — AssetType not Common Stock AHT-P-G Preferred Stock
No quarterly earnings — skipping statements PONOU
Earnings quarter unchanged — skipping statements LAES 2026-06-30
Progress: complete 8524/0/8524 (100.00%) Elapsed: 16h 36m ETA: 0s
450 of 8524 symbols skipped (no overview; first 20: SVIA, NRO-R, XLIX, BCSM, FEMD, AXAC-R, BERZ, RSIT, ESYN, DGNU, EZBC, QSOL, CPARU, AXTU, MYHA, XKRE, LMACW, RAMMU, NOAC, NRGU)
912 of 8524 symbols had report fetch failures (first 20: ANIP, CNDT, GTEC, DCH, RPID, KMDA, WHF, BIVI, LIF, EVGO, XTNT, QTI, MYO, HIT, BEKE, ZNTL, OGN, ALMR, GEMI, FRMI)
Too many report failures (912 > 853); aborting (first 20: ANIP, CNDT, GTEC, DCH, RPID, KMDA, WHF, BIVI, LIF, EVGO, XTNT, QTI, MYO, HIT, BEKE, ZNTL, OGN, ALMR, GEMI, FRMI)
[checkpoint] GRQ-companyreports: pushed successfully (final)
Attempting partial push of GRQ-companyreports (best-effort)...
No staged changes in GRQ-companyreports; skipping commit
Pushing GRQ-companyreports...
From github.com:stSoftwareAU/GRQ-companyreports
 * branch                    Develop    -> FETCH_HEAD
Current branch Develop is up to date.
Everything up-to-date
Verified remote origin/Develop matches local HEAD (252072e26689)
Push completed for GRQ-companyreports
Partial push of GRQ-companyreports completed
FATAL: FetchReports.ts failed (exit 1); partial data pushed to GRQ-companyreports
