FetchReports.ts failed (exit 1); partial data pushed to GRQ-companyreports
exit_code=1
host=GRQ-11.local
time=2026-08-09T03:40:28Z

--- error summary (/Volumes/DataGRQ/MarketData/logs/fetchReports.error.json) ---
{
  "time": "2026-08-09T03:39:37.237Z",
  "message": "Too many report failures (667 > 86); aborting (first 20: FTEL, BUFE, APHU, DGHI, ML-WS, MCVT, SUNSV, PHIN-W, APRN, ARLI, GXRP, VLD-WS, AAM-WS, DNAB, MPTI-R, MGTA, ECHX, FLJ, PNST-WS, NOVVR)",
  "symbol": "DYORU",
  "endpoint": "OVERVIEW"
}

--- last 50 lines of /Volumes/DataGRQ/MarketData/logs/fetchReports.log ---
Skipping EARNINGS — AssetType not Common Stock NMPAU Warrant
Retrying EARNINGS... ASPC in 6186ms (1 of 13): Burst pattern detected. Please consider spreading out your API requests more evenly across a 1-minute window and query no more than 5 requests per second. Please contact support@alphavantage.co if you are targeting a higher API request volume.
Retrying EARNINGS... ASPC in 71572ms (2 of 13): Minute-level rate limit exceed. Please stay under the number of API requests per minute for your premium subscription plan. Please contact support@alphavantage.co if you are targeting a higher API request volume.
Retrying EARNINGS... ASPC in 72256ms (3 of 13): Minute-level rate limit exceed. Please stay under the number of API requests per minute for your premium subscription plan. Please contact support@alphavantage.co if you are targeting a higher API request volume.
Earnings quarter unchanged — skipping statements ASPC 2026-03-31
Progress: ASPC 8481/20/8501 (99.76%) Elapsed: 15h 5m ETA: 2m 8s
Earnings quarter unchanged — skipping statements INAC 2026-03-31
Earnings quarter unchanged — skipping statements IBAC 2026-03-31
OVERVIEW LatestQuarter lagged on-disk — keeping ZYBT 2026-03-31 → 2026-06-30
Skipping EARNINGS — next quarter not yet plausible ZYBT 2026-06-30
Skipping EARNINGS — AssetType not Common Stock TVAIU Unit
OVERVIEW LatestQuarter lagged on-disk — keeping LOBO 2026-03-31 → 2026-06-30
Skipping EARNINGS — next quarter not yet plausible LOBO 2026-06-30
Skipping EARNINGS — AssetType not Common Stock FGMCU Unit
Skipping EARNINGS — AssetType not Common Stock ADACU Unit
OVERVIEW LatestQuarter lagged on-disk — keeping PFAI 2026-03-31 → 2026-06-30
Skipping EARNINGS — next quarter not yet plausible PFAI 2026-06-30
OVERVIEW LatestQuarter lagged on-disk — keeping BRK-A 2026-03-31 → 2026-06-30
Skipping EARNINGS — next quarter not yet plausible BRK-A 2026-06-30
Skipping EARNINGS — AssetType not Common Stock PALOU Unit
Earnings quarter unchanged — skipping statements AIFC 2026-03-31
OVERVIEW LatestQuarter lagged on-disk — keeping NCI 2026-03-31 → 2026-06-30
Skipping EARNINGS — next quarter not yet plausible NCI 2026-06-30
Earnings quarter unchanged — skipping statements SA 2026-03-31
Earnings quarter unchanged — skipping statements MGLD 2026-03-31
Earnings quarter unchanged — skipping statements BSAA 2026-03-31
Earnings quarter unchanged — skipping statements LFAC 2026-03-31
OVERVIEW LatestQuarter lagged on-disk — keeping LICN 2026-03-31 → 2026-06-30
Skipping EARNINGS — next quarter not yet plausible LICN 2026-06-30
Retrying OVERVIEW... CIG-C in 2780ms (1 of 13): Burst pattern detected. Please consider spreading out your API requests more evenly across a 1-minute window and query no more than 5 requests per second. Please contact support@alphavantage.co if you are targeting a higher API request volume.
Earnings quarter unchanged — skipping statements CIG-C 2026-03-31
OVERVIEW LatestQuarter lagged on-disk — keeping AIIO 2026-03-31 → 2026-06-30
Skipping EARNINGS — next quarter not yet plausible AIIO 2026-06-30
Skipping EARNINGS — AssetType not Common Stock DYORU Unit
Progress: complete 8501/0/8501 (100.00%) Elapsed: 15h 6m ETA: 0s
507 of 8501 symbols skipped (no overview; first 20: TONT, CNSY, YARW, IOND, RCD, TONTWS, STZ-B, NOACU, WS-W, SCMA, SNDU, PCPP, DDTZ, ARGUU, ATCL, SPKBU, POEL, XA, TMAC, FLYD)
667 of 8501 symbols had report fetch failures (first 20: FTEL, BUFE, APHU, DGHI, ML-WS, MCVT, SUNSV, PHIN-W, APRN, ARLI, GXRP, VLD-WS, AAM-WS, DNAB, MPTI-R, MGTA, ECHX, FLJ, PNST-WS, NOVVR)
Too many report failures (667 > 86); aborting (first 20: FTEL, BUFE, APHU, DGHI, ML-WS, MCVT, SUNSV, PHIN-W, APRN, ARLI, GXRP, VLD-WS, AAM-WS, DNAB, MPTI-R, MGTA, ECHX, FLJ, PNST-WS, NOVVR)
[checkpoint] GRQ-companyreports: pushed successfully (final)
Attempting partial push of GRQ-companyreports (best-effort)...
No staged changes in GRQ-companyreports; skipping commit
Pushing GRQ-companyreports...
From github.com:stSoftwareAU/GRQ-companyreports
 * branch                  Develop    -> FETCH_HEAD
Current branch Develop is up to date.
Everything up-to-date
Verified remote origin/Develop matches local HEAD (6ee952dec205)
Push completed for GRQ-companyreports
Partial push of GRQ-companyreports completed
FATAL: FetchReports.ts failed (exit 1); partial data pushed to GRQ-companyreports
