FetchReports.ts failed (exit 1); partial data pushed to GRQ-companyreports
exit_code=1
host=GRQ-11.local
time=2026-08-07T07:26:35Z

--- error summary (/Volumes/DataGRQ/MarketData/logs/fetchReports.error.json) ---
{
  "time": "2026-08-07T07:23:55.052Z",
  "message": "Too many report failures (752 > 85); aborting (first 20: CMND, RFIL, RH, LOVE, RENT, ENGN, FIZZ, KMTS, PMI, JVA, HUIZ, TPET, PRE, IHT, DLNG, BNR, ESP, SANG, IH, RSSS)",
  "symbol": "DYORU",
  "endpoint": "OVERVIEW"
}

--- last 50 lines of /Volumes/DataGRQ/MarketData/logs/fetchReports.log ---
OVERVIEW LatestQuarter lagged on-disk — keeping ZYBT 2026-03-31 → 2026-06-30
Skipping EARNINGS — next quarter not yet plausible ZYBT 2026-06-30
Skipping EARNINGS — AssetType not Common Stock TVAIU Unit
OVERVIEW LatestQuarter lagged on-disk — keeping LOBO 2026-03-31 → 2026-06-30
Skipping EARNINGS — next quarter not yet plausible LOBO 2026-06-30
Retrying OVERVIEW... FGMCU in 1151ms (1 of 13): Burst pattern detected. Please consider spreading out your API requests more evenly across a 1-minute window and query no more than 5 requests per second. Please contact support@alphavantage.co if you are targeting a higher API request volume.
Skipping EARNINGS — AssetType not Common Stock FGMCU Unit
Retrying OVERVIEW... ADACU in 8348ms (1 of 13): Burst pattern detected. Please consider spreading out your API requests more evenly across a 1-minute window and query no more than 5 requests per second. Please contact support@alphavantage.co if you are targeting a higher API request volume.
Skipping EARNINGS — AssetType not Common Stock ADACU Unit
OVERVIEW LatestQuarter lagged on-disk — keeping PFAI 2026-03-31 → 2026-06-30
Skipping EARNINGS — next quarter not yet plausible PFAI 2026-06-30
OVERVIEW LatestQuarter lagged on-disk — keeping BRK-A 2026-03-31 → 2026-06-30
Skipping EARNINGS — next quarter not yet plausible BRK-A 2026-06-30
Retrying OVERVIEW... PALOU in 5249ms (1 of 13): Burst pattern detected. Please consider spreading out your API requests more evenly across a 1-minute window and query no more than 5 requests per second. Please contact support@alphavantage.co if you are targeting a higher API request volume.
Skipping EARNINGS — AssetType not Common Stock PALOU Unit
Retrying OVERVIEW... AIFC in 6940ms (1 of 13): Burst pattern detected. Please consider spreading out your API requests more evenly across a 1-minute window and query no more than 5 requests per second. Please contact support@alphavantage.co if you are targeting a higher API request volume.
Earnings quarter unchanged — skipping statements AIFC 2026-03-31
OVERVIEW LatestQuarter lagged on-disk — keeping NCI 2026-03-31 → 2026-06-30
Skipping EARNINGS — next quarter not yet plausible NCI 2026-06-30
Earnings quarter unchanged — skipping statements SA 2026-03-31
Earnings quarter unchanged — skipping statements MGLD 2026-03-31
Earnings quarter unchanged — skipping statements BSAA 2026-03-31
Retrying OVERVIEW... LFAC in 6124ms (1 of 13): Burst pattern detected. Please consider spreading out your API requests more evenly across a 1-minute window and query no more than 5 requests per second. Please contact support@alphavantage.co if you are targeting a higher API request volume.
Earnings quarter unchanged — skipping statements LFAC 2026-03-31
OVERVIEW LatestQuarter lagged on-disk — keeping LICN 2026-03-31 → 2026-06-30
Skipping EARNINGS — next quarter not yet plausible LICN 2026-06-30
Retrying OVERVIEW... CIG-C in 79692ms (1 of 13): Minute-level rate limit exceed. Please stay under the number of API requests per minute for your premium subscription plan. Please contact support@alphavantage.co if you are targeting a higher API request volume.
Retrying OVERVIEW... CIG-C in 3845ms (2 of 13): Burst pattern detected. Please consider spreading out your API requests more evenly across a 1-minute window and query no more than 5 requests per second. Please contact support@alphavantage.co if you are targeting a higher API request volume.
Earnings quarter unchanged — skipping statements CIG-C 2026-03-31
Progress: CIG-C 8495/2/8497 (99.98%) Elapsed: 18h 50m ETA: 15s
OVERVIEW LatestQuarter lagged on-disk — keeping AIIO 2026-03-31 → 2026-06-30
Skipping EARNINGS — next quarter not yet plausible AIIO 2026-06-30
Retrying OVERVIEW... DYORU in 686ms (1 of 13): Burst pattern detected. Please consider spreading out your API requests more evenly across a 1-minute window and query no more than 5 requests per second. Please contact support@alphavantage.co if you are targeting a higher API request volume.
Skipping EARNINGS — AssetType not Common Stock DYORU Unit
Progress: complete 8497/0/8497 (100.00%) Elapsed: 18h 50m ETA: 0s
500 of 8497 symbols skipped (no overview; first 20: TONT, YARW, VGFC, MSR, FPAA, APDB, ADALW, HZON-WS, CXT-W, XLYX, BCPL, BCGD, OCTVV, IFLO, SMHU, VDG, STXU, CIH, RNERU, ZINC)
752 of 8497 symbols had report fetch failures (first 20: CMND, RFIL, RH, LOVE, RENT, ENGN, FIZZ, KMTS, PMI, JVA, HUIZ, TPET, PRE, IHT, DLNG, BNR, ESP, SANG, IH, RSSS)
Too many report failures (752 > 85); aborting (first 20: CMND, RFIL, RH, LOVE, RENT, ENGN, FIZZ, KMTS, PMI, JVA, HUIZ, TPET, PRE, IHT, DLNG, BNR, ESP, SANG, IH, RSSS)
[checkpoint] GRQ-companyreports: pushed successfully (final)
Attempting partial push of GRQ-companyreports (best-effort)...
No staged changes in GRQ-companyreports; skipping commit
Pushing GRQ-companyreports...
From github.com:stSoftwareAU/GRQ-companyreports
 * branch                  Develop    -> FETCH_HEAD
Current branch Develop is up to date.
Everything up-to-date
Verified remote origin/Develop matches local HEAD (9d686f228626)
Push completed for GRQ-companyreports
Partial push of GRQ-companyreports completed
FATAL: FetchReports.ts failed (exit 1); partial data pushed to GRQ-companyreports
