FetchReports.ts failed (exit 1); partial data pushed to GRQ-companyreports
exit_code=1
host=GRQ-11.local
time=2026-09-09T17:18:49Z

--- error summary (/Volumes/DataGRQ/MarketData/logs/fetchReports.error.json) ---
{
  "time": "2026-09-09T17:09:19.089Z",
  "message": "No such file or directory (os error 2): rename '.fetch-reports-progress.json.tmp' -> '.fetch-reports-progress.json'",
  "symbol": "NEN",
  "endpoint": "OVERVIEW"
}

--- last 50 lines of /Volumes/DataGRQ/MarketData/logs/fetchReports.log ---
earnings fetch failed — leaving incomplete NUDG 
Skipping EARNINGS — AssetType not Common Stock ASB-P-E Preferred Stock
Skipping EARNINGS — next quarter not yet plausible RMCO 2026-06-30
Skipping EARNINGS — next quarter not yet plausible IMMX 2026-06-30
Retrying OVERVIEW... NUR in 3852ms (1 of 13): Burst pattern detected. Please consider spreading out your API requests more evenly across a 1-minute window and query no more than 5 requests per second. Please contact support@alphavantage.co if you are targeting a higher API request volume.
Skipping EARNINGS — next quarter not yet plausible NUR 2026-06-30
Retrying OVERVIEW... BKFI in 3479ms (1 of 1): Burst pattern detected. Please consider spreading out your API requests more evenly across a 1-minute window and query no more than 5 requests per second. Please contact support@alphavantage.co if you are targeting a higher API request volume.
Failed to fetch overview... BKFI
Skipping EARNINGS — next quarter not yet plausible DSX 2026-06-30
Retrying OVERVIEW... IGIC in 8094ms (1 of 13): Burst pattern detected. Please consider spreading out your API requests more evenly across a 1-minute window and query no more than 5 requests per second. Please contact support@alphavantage.co if you are targeting a higher API request volume.
Skipping EARNINGS — next quarter not yet plausible IGIC 2026-06-30
Reusing old overview for LEUX
Failed to retrieve EARNINGS for: LEUX: Type:EARNINGS, Symbol:LEUX Invalid API call. Please retry or visit the documentation (https://www.alphavantage.co/documentation/) for EARNINGS.
earnings fetch failed — leaving incomplete LEUX 
Retrying OVERVIEW... NGL-P-C in 6004ms (1 of 13): Burst pattern detected. Please consider spreading out your API requests more evenly across a 1-minute window and query no more than 5 requests per second. Please contact support@alphavantage.co if you are targeting a higher API request volume.
Skipping EARNINGS — AssetType not Common Stock NGL-P-C Preferred Stock
Skipping EARNINGS — next quarter not yet plausible OGCP 2026-06-30
Skipping EARNINGS — next quarter not yet plausible SKYA 2026-06-30
Retrying OVERVIEW... AHT-P-G in 2110ms (1 of 13): Burst pattern detected. Please consider spreading out your API requests more evenly across a 1-minute window and query no more than 5 requests per second. Please contact support@alphavantage.co if you are targeting a higher API request volume.
Retrying OVERVIEW... AHT-P-G in 70599ms (2 of 13): Minute-level rate limit exceed. Please stay under the number of API requests per minute for your premium subscription plan. Please contact support@alphavantage.co if you are targeting a higher API request volume.
Retrying OVERVIEW... AHT-P-G in 63106ms (3 of 13): Minute-level rate limit exceed. Please stay under the number of API requests per minute for your premium subscription plan. Please contact support@alphavantage.co if you are targeting a higher API request volume.
Skipping EARNINGS — AssetType not Common Stock AHT-P-G Preferred Stock
Progress: AHT-P-G 1991/6542/8533 (23.33%) Elapsed: 4h 35m ETA: 15h 6m
No quarterly earnings — skipping statements PONOU
Skipping EARNINGS — next quarter not yet plausible PCVX 2026-06-30
OVERVIEW LatestQuarter lagged on-disk — keeping LAES 2025-12-31 → 2026-03-31
OVERVIEW LatestQuarter lagged earnings — patched LAES 2026-03-31 → 2026-06-30
Earnings quarter changed — fetching statements LAES 2025-09-30 → 2026-06-30
Skipping EARNINGS — next quarter not yet plausible NEN 2026-06-30
[0m[1m[31merror[0m: Uncaught (in promise) NotFound: No such file or directory (os error 2): rename '.fetch-reports-progress.json.tmp' -> '.fetch-reports-progress.json'
  await Deno.rename(tmp, path);
[0m[31m  ^[0m
    at async [0m[1m[3mObject.rename[0m ([0m[36mext:deno_fs/30_fs.js[0m:[0m[33m272[0m:[0m[33m3[0m)
    at async [0m[1m[3msaveProgress[0m ([0m[36mfile:///Volumes/DataGRQ/MarketData/GRQ-marketdata/src/CycleProgress.ts[0m:[0m[33m101[0m:[0m[33m3[0m)
    at async [0m[1m[3mmarkCompleted[0m ([0m[36mfile:///Volumes/DataGRQ/MarketData/GRQ-marketdata/src/CycleProgress.ts[0m:[0m[33m114[0m:[0m[33m3[0m)
    at async [0m[36mfile:///Volumes/DataGRQ/MarketData/GRQ-marketdata/src/FetchReports.ts[0m:[0m[33m810[0m:[0m[33m11[0m
Attempting partial push of GRQ-companyreports (best-effort)...
Committing changes in GRQ-companyreports...
[Develop 58c854a736] Refresh of history on GRQ-11@2026-09-10
 82 files changed, 445 insertions(+), 436 deletions(-)
Pushing GRQ-companyreports...
From github.com:stSoftwareAU/GRQ-companyreports
 * branch                  Develop    -> FETCH_HEAD
Current branch Develop is up to date.
To github.com:stSoftwareAU/GRQ-companyreports.git
   8b76c3acff..58c854a736  Develop -> Develop
Verified remote origin/Develop matches local HEAD (58c854a73667)
Push completed for GRQ-companyreports
Partial push of GRQ-companyreports completed
FATAL: FetchReports.ts failed (exit 1); partial data pushed to GRQ-companyreports
