[log truncated by run.sh: showing the last 64 KB of 407 KB; the full log is on the host]
[semver-check] final-check-start dir=/Users/rocket/GRQ/.creatures/Enceladus file=/Users/rocket/GRQ/.creatures/Enceladus/GRQ-21-discovery-100.json version=4.0.0
[semver-check] final-check-start dir=/Users/rocket/GRQ/.creatures/Enceladus file=/Users/rocket/GRQ/.creatures/Enceladus/GRQ-21-id-100.json version=4.0.0
[semver-check] final-check-start dir=/Users/rocket/GRQ/.creatures/Enceladus file=/Users/rocket/GRQ/.creatures/Enceladus/GRQ-21-lamarck-100.json version=4.0.0
[semver-check] final-check-start dir=/Users/rocket/GRQ/.creatures/Enceladus file=/Users/rocket/GRQ/.creatures/Enceladus/GRQ-22-100.json version=4.0.0
[semver-check] final-check-start dir=/Users/rocket/GRQ/.creatures/Enceladus file=/Users/rocket/GRQ/.creatures/Enceladus/GRQ-22-backprop-100.json version=4.0.0
[semver-check] final-check-start dir=/Users/rocket/GRQ/.creatures/Enceladus file=/Users/rocket/GRQ/.creatures/Enceladus/GRQ-22-id-100.json version=4.0.0
[semver-check] final-check-start dir=/Users/rocket/GRQ/.creatures/Enceladus file=/Users/rocket/GRQ/.creatures/Enceladus/GRQ-22-lamarck-100.json version=4.0.0
[semver-check] final-check-start dir=/Users/rocket/GRQ/.creatures/Enceladus file=/Users/rocket/GRQ/.creatures/Enceladus/GRQ-23-100.json version=4.0.0
[semver-check] final-check-start dir=/Users/rocket/GRQ/.creatures/Enceladus file=/Users/rocket/GRQ/.creatures/Enceladus/GRQ-23-id-100.json version=4.0.0
[semver-check] final-check-start dir=/Users/rocket/GRQ/.creatures/Enceladus file=/Users/rocket/GRQ/.creatures/Enceladus/GRQ-24-100.json version=4.0.0
[semver-check] final-check-start dir=/Users/rocket/GRQ/.creatures/Enceladus file=/Users/rocket/GRQ/.creatures/Enceladus/GRQ-24-backprop-100.json version=4.0.0
[semver-check] final-check-start dir=/Users/rocket/GRQ/.creatures/Enceladus file=/Users/rocket/GRQ/.creatures/Enceladus/GRQ-24-discovery-100.json version=4.0.0
[semver-check] final-check-start dir=/Users/rocket/GRQ/.creatures/Enceladus file=/Users/rocket/GRQ/.creatures/Enceladus/GRQ-24-id-100.json version=4.0.0
[semver-check] final-check-start dir=/Users/rocket/GRQ/.creatures/Enceladus file=/Users/rocket/GRQ/.creatures/Enceladus/GRQ-24-lamarck-100.json version=4.0.0
[semver-check] final-check-start dir=/Users/rocket/GRQ/.creatures/Enceladus file=/Users/rocket/GRQ/.creatures/Enceladus/GRQ-25-100.json version=4.0.0
[semver-check] final-check-start dir=/Users/rocket/GRQ/.creatures/Enceladus file=/Users/rocket/GRQ/.creatures/Enceladus/GRQ-25-backprop-100.json version=4.0.0
[semver-check] final-check-start dir=/Users/rocket/GRQ/.creatures/Enceladus file=/Users/rocket/GRQ/.creatures/Enceladus/GRQ-25-discovery-100.json version=4.0.0
[semver-check] final-check-start dir=/Users/rocket/GRQ/.creatures/Enceladus file=/Users/rocket/GRQ/.creatures/Enceladus/GRQ-25-id-100.json version=4.0.0
[semver-check] final-check-start dir=/Users/rocket/GRQ/.creatures/Enceladus file=/Users/rocket/GRQ/.creatures/Enceladus/GRQ-25-lamarck-100.json version=4.0.0
[semver-check] final-check-start dir=/Users/rocket/GRQ/.creatures/Enceladus file=/Users/rocket/GRQ/.creatures/Enceladus/GRQ-26-100.json version=4.0.0
[semver-check] final-check-start dir=/Users/rocket/GRQ/.creatures/Enceladus file=/Users/rocket/GRQ/.creatures/Enceladus/GRQ-3-100.json version=4.0.0
[semver-check] final-check-start dir=/Users/rocket/GRQ/.creatures/Enceladus file=/Users/rocket/GRQ/.creatures/Enceladus/GRQ-3-backprop-100.json version=4.0.0
[semver-check] final-check-start dir=/Users/rocket/GRQ/.creatures/Enceladus file=/Users/rocket/GRQ/.creatures/Enceladus/GRQ-3-discovery-100.json version=4.0.0
[semver-check] final-check-start dir=/Users/rocket/GRQ/.creatures/Enceladus file=/Users/rocket/GRQ/.creatures/Enceladus/GRQ-3-id-100.json version=4.0.0
[semver-check] final-check-start dir=/Users/rocket/GRQ/.creatures/Enceladus file=/Users/rocket/GRQ/.creatures/Enceladus/GRQ-3-lamarck-100.json version=4.0.0
[semver-check] final-check-start dir=/Users/rocket/GRQ/.creatures/Enceladus file=/Users/rocket/GRQ/.creatures/Enceladus/Mac-Ultra-M2-100.json version=4.0.0
[semver-check] final-check-start dir=/Users/rocket/GRQ/.creatures/Enceladus file=/Users/rocket/GRQ/.creatures/Enceladus/Mac-Ultra-M2-backprop-100.json version=4.0.0
[semver-check] final-check-start dir=/Users/rocket/GRQ/.creatures/Enceladus file=/Users/rocket/GRQ/.creatures/Enceladus/Mac-Ultra-M2-lamarck-100.json version=4.0.0
[semver-check] final-check-start dir=/Users/rocket/GRQ/.creatures/Enceladus file=/Users/rocket/GRQ/.creatures/Enceladus/factory-seed.json version=4.0.0
[semver-check] final-check-start dir=/Users/rocket/GRQ/.creatures/Enceladus file=/Users/rocket/GRQ/.creatures/Enceladus/sampler-1.json version=4.0.0
[semver-check] final-check-start dir=/Users/rocket/GRQ/.creatures/Enceladus file=/Users/rocket/GRQ/.creatures/Enceladus/sampler-2.json version=4.0.0
[semver-check] final-check-start dir=/Users/rocket/GRQ/.creatures/Enceladus file=/Users/rocket/GRQ/.creatures/Enceladus/sampler-3.json version=4.0.0
[semver-check] final-check-start dir=/Users/rocket/GRQ/.creatures/Enceladus file=/Users/rocket/GRQ/.creatures/Enceladus/sampler-4.json version=4.0.0
[semver-check] final-check file=/Users/rocket/GRQ/.creatures/Enceladus/GRQ-10-100.json version=4.0.0
[forward-only-check] file=/Users/rocket/GRQ/.creatures/Enceladus/GRQ-10-100.json status=true action=kept
[semver-check] final-check file=/Users/rocket/GRQ/.creatures/Enceladus/GRQ-10-backprop-100.json version=4.0.0
[forward-only-check] file=/Users/rocket/GRQ/.creatures/Enceladus/GRQ-10-backprop-100.json status=true action=kept
[semver-check] final-check file=/Users/rocket/GRQ/.creatures/Enceladus/GRQ-10-discovery-100.json version=4.0.0
[forward-only-check] file=/Users/rocket/GRQ/.creatures/Enceladus/GRQ-10-discovery-100.json status=true action=kept
[semver-check] final-check file=/Users/rocket/GRQ/.creatures/Enceladus/GRQ-10-id-100.json version=4.0.0
[forward-only-check] file=/Users/rocket/GRQ/.creatures/Enceladus/GRQ-10-id-100.json status=true action=kept
[semver-check] final-check file=/Users/rocket/GRQ/.creatures/Enceladus/GRQ-10-lamarck-100.json version=4.0.0
[forward-only-check] file=/Users/rocket/GRQ/.creatures/Enceladus/GRQ-10-lamarck-100.json status=true action=kept
[semver-check] final-check file=/Users/rocket/GRQ/.creatures/Enceladus/GRQ-13-100.json version=4.0.0
[forward-only-check] file=/Users/rocket/GRQ/.creatures/Enceladus/GRQ-13-100.json status=true action=kept
[semver-check] final-check file=/Users/rocket/GRQ/.creatures/Enceladus/GRQ-13-backprop-100.json version=4.0.0
[forward-only-check] file=/Users/rocket/GRQ/.creatures/Enceladus/GRQ-13-backprop-100.json status=true action=kept
[semver-check] final-check file=/Users/rocket/GRQ/.creatures/Enceladus/GRQ-13-discovery-100.json version=4.0.0
[forward-only-check] file=/Users/rocket/GRQ/.creatures/Enceladus/GRQ-13-discovery-100.json status=true action=kept
[semver-check] final-check file=/Users/rocket/GRQ/.creatures/Enceladus/GRQ-13-id-100.json version=4.0.0
[forward-only-check] file=/Users/rocket/GRQ/.creatures/Enceladus/GRQ-13-id-100.json status=true action=kept
[semver-check] final-check file=/Users/rocket/GRQ/.creatures/Enceladus/GRQ-13-lamarck-100.json version=4.0.0
[forward-only-check] file=/Users/rocket/GRQ/.creatures/Enceladus/GRQ-13-lamarck-100.json status=true action=kept
[semver-check] final-check file=/Users/rocket/GRQ/.creatures/Enceladus/GRQ-18-100.json version=4.0.0
[forward-only-check] file=/Users/rocket/GRQ/.creatures/Enceladus/GRQ-18-100.json status=true action=kept
[semver-check] final-check file=/Users/rocket/GRQ/.creatures/Enceladus/GRQ-18-backprop-100.json version=4.0.0
[forward-only-check] file=/Users/rocket/GRQ/.creatures/Enceladus/GRQ-18-backprop-100.json status=true action=kept
[semver-check] final-check file=/Users/rocket/GRQ/.creatures/Enceladus/GRQ-18-id-100.json version=4.0.0
[forward-only-check] file=/Users/rocket/GRQ/.creatures/Enceladus/GRQ-18-id-100.json status=true action=kept
[semver-check] final-check file=/Users/rocket/GRQ/.creatures/Enceladus/GRQ-18-lamarck-100.json version=4.0.0
[forward-only-check] file=/Users/rocket/GRQ/.creatures/Enceladus/GRQ-18-lamarck-100.json status=true action=kept
[semver-check] final-check file=/Users/rocket/GRQ/.creatures/Enceladus/GRQ-19-100.json version=4.0.0
[forward-only-check] file=/Users/rocket/GRQ/.creatures/Enceladus/GRQ-19-100.json status=true action=kept
[semver-check] final-check file=/Users/rocket/GRQ/.creatures/Enceladus/GRQ-19-backprop-100.json version=4.0.0
[forward-only-check] file=/Users/rocket/GRQ/.creatures/Enceladus/GRQ-19-backprop-100.json status=true action=kept
[semver-check] final-check file=/Users/rocket/GRQ/.creatures/Enceladus/GRQ-19-discovery-100.json version=4.0.0
[forward-only-check] file=/Users/rocket/GRQ/.creatures/Enceladus/GRQ-19-discovery-100.json status=true action=kept
[semver-check] final-check file=/Users/rocket/GRQ/.creatures/Enceladus/GRQ-19-id-100.json version=4.0.0
[forward-only-check] file=/Users/rocket/GRQ/.creatures/Enceladus/GRQ-19-id-100.json status=true action=kept
[semver-check] final-check file=/Users/rocket/GRQ/.creatures/Enceladus/GRQ-19-lamarck-100.json version=4.0.0
[forward-only-check] file=/Users/rocket/GRQ/.creatures/Enceladus/GRQ-19-lamarck-100.json status=true action=kept
[semver-check] final-check file=/Users/rocket/GRQ/.creatures/Enceladus/GRQ-21-100.json version=4.0.0
[forward-only-check] file=/Users/rocket/GRQ/.creatures/Enceladus/GRQ-21-100.json status=true action=kept
[semver-check] final-check file=/Users/rocket/GRQ/.creatures/Enceladus/GRQ-21-backprop-100.json version=4.0.0
[forward-only-check] file=/Users/rocket/GRQ/.creatures/Enceladus/GRQ-21-backprop-100.json status=true action=kept
[semver-check] final-check file=/Users/rocket/GRQ/.creatures/Enceladus/GRQ-21-discovery-100.json version=4.0.0
[forward-only-check] file=/Users/rocket/GRQ/.creatures/Enceladus/GRQ-21-discovery-100.json status=true action=kept
[semver-check] final-check file=/Users/rocket/GRQ/.creatures/Enceladus/GRQ-21-id-100.json version=4.0.0
[forward-only-check] file=/Users/rocket/GRQ/.creatures/Enceladus/GRQ-21-id-100.json status=true action=kept
[semver-check] final-check file=/Users/rocket/GRQ/.creatures/Enceladus/GRQ-21-lamarck-100.json version=4.0.0
[forward-only-check] file=/Users/rocket/GRQ/.creatures/Enceladus/GRQ-21-lamarck-100.json status=true action=kept
[semver-check] final-check file=/Users/rocket/GRQ/.creatures/Enceladus/GRQ-22-100.json version=4.0.0
[forward-only-check] file=/Users/rocket/GRQ/.creatures/Enceladus/GRQ-22-100.json status=true action=kept
[semver-check] final-check file=/Users/rocket/GRQ/.creatures/Enceladus/GRQ-22-backprop-100.json version=4.0.0
[forward-only-check] file=/Users/rocket/GRQ/.creatures/Enceladus/GRQ-22-backprop-100.json status=true action=kept
[semver-check] final-check file=/Users/rocket/GRQ/.creatures/Enceladus/GRQ-22-id-100.json version=4.0.0
[forward-only-check] file=/Users/rocket/GRQ/.creatures/Enceladus/GRQ-22-id-100.json status=true action=kept
[semver-check] final-check file=/Users/rocket/GRQ/.creatures/Enceladus/GRQ-22-lamarck-100.json version=4.0.0
[forward-only-check] file=/Users/rocket/GRQ/.creatures/Enceladus/GRQ-22-lamarck-100.json status=true action=kept
[semver-check] final-check file=/Users/rocket/GRQ/.creatures/Enceladus/GRQ-23-100.json version=4.0.0
[forward-only-check] file=/Users/rocket/GRQ/.creatures/Enceladus/GRQ-23-100.json status=true action=kept
[semver-check] final-check file=/Users/rocket/GRQ/.creatures/Enceladus/GRQ-23-id-100.json version=4.0.0
[forward-only-check] file=/Users/rocket/GRQ/.creatures/Enceladus/GRQ-23-id-100.json status=true action=kept
[semver-check] final-check file=/Users/rocket/GRQ/.creatures/Enceladus/GRQ-24-100.json version=4.0.0
[forward-only-check] file=/Users/rocket/GRQ/.creatures/Enceladus/GRQ-24-100.json status=true action=kept
[semver-check] final-check file=/Users/rocket/GRQ/.creatures/Enceladus/GRQ-24-backprop-100.json version=4.0.0
[forward-only-check] file=/Users/rocket/GRQ/.creatures/Enceladus/GRQ-24-backprop-100.json status=true action=kept
[semver-check] final-check file=/Users/rocket/GRQ/.creatures/Enceladus/GRQ-24-discovery-100.json version=4.0.0
[forward-only-check] file=/Users/rocket/GRQ/.creatures/Enceladus/GRQ-24-discovery-100.json status=true action=kept
[semver-check] final-check file=/Users/rocket/GRQ/.creatures/Enceladus/GRQ-24-id-100.json version=4.0.0
[forward-only-check] file=/Users/rocket/GRQ/.creatures/Enceladus/GRQ-24-id-100.json status=true action=kept
[semver-check] final-check file=/Users/rocket/GRQ/.creatures/Enceladus/GRQ-24-lamarck-100.json version=4.0.0
[forward-only-check] file=/Users/rocket/GRQ/.creatures/Enceladus/GRQ-24-lamarck-100.json status=true action=kept
[semver-check] final-check file=/Users/rocket/GRQ/.creatures/Enceladus/GRQ-25-100.json version=4.0.0
[forward-only-check] file=/Users/rocket/GRQ/.creatures/Enceladus/GRQ-25-100.json status=true action=kept
[semver-check] final-check file=/Users/rocket/GRQ/.creatures/Enceladus/GRQ-25-backprop-100.json version=4.0.0
[forward-only-check] file=/Users/rocket/GRQ/.creatures/Enceladus/GRQ-25-backprop-100.json status=true action=kept
[semver-check] final-check file=/Users/rocket/GRQ/.creatures/Enceladus/GRQ-25-discovery-100.json version=4.0.0
[forward-only-check] file=/Users/rocket/GRQ/.creatures/Enceladus/GRQ-25-discovery-100.json status=true action=kept
[semver-check] final-check file=/Users/rocket/GRQ/.creatures/Enceladus/GRQ-25-id-100.json version=4.0.0
[forward-only-check] file=/Users/rocket/GRQ/.creatures/Enceladus/GRQ-25-id-100.json status=true action=kept
[semver-check] final-check file=/Users/rocket/GRQ/.creatures/Enceladus/GRQ-25-lamarck-100.json version=4.0.0
[forward-only-check] file=/Users/rocket/GRQ/.creatures/Enceladus/GRQ-25-lamarck-100.json status=true action=kept
[semver-check] final-check file=/Users/rocket/GRQ/.creatures/Enceladus/GRQ-26-100.json version=4.0.0
[forward-only-check] file=/Users/rocket/GRQ/.creatures/Enceladus/GRQ-26-100.json status=true action=kept
[semver-check] final-check file=/Users/rocket/GRQ/.creatures/Enceladus/GRQ-3-100.json version=4.0.0
[forward-only-check] file=/Users/rocket/GRQ/.creatures/Enceladus/GRQ-3-100.json status=true action=kept
[semver-check] final-check file=/Users/rocket/GRQ/.creatures/Enceladus/GRQ-3-backprop-100.json version=4.0.0
[forward-only-check] file=/Users/rocket/GRQ/.creatures/Enceladus/GRQ-3-backprop-100.json status=true action=kept
[semver-check] final-check file=/Users/rocket/GRQ/.creatures/Enceladus/GRQ-3-discovery-100.json version=4.0.0
[forward-only-check] file=/Users/rocket/GRQ/.creatures/Enceladus/GRQ-3-discovery-100.json status=true action=kept
[semver-check] final-check file=/Users/rocket/GRQ/.creatures/Enceladus/GRQ-3-id-100.json version=4.0.0
[forward-only-check] file=/Users/rocket/GRQ/.creatures/Enceladus/GRQ-3-id-100.json status=true action=kept
[semver-check] final-check file=/Users/rocket/GRQ/.creatures/Enceladus/GRQ-3-lamarck-100.json version=4.0.0
[forward-only-check] file=/Users/rocket/GRQ/.creatures/Enceladus/GRQ-3-lamarck-100.json status=true action=kept
[semver-check] final-check file=/Users/rocket/GRQ/.creatures/Enceladus/Mac-Ultra-M2-100.json version=4.0.0
[forward-only-check] file=/Users/rocket/GRQ/.creatures/Enceladus/Mac-Ultra-M2-100.json status=true action=kept
[semver-check] final-check file=/Users/rocket/GRQ/.creatures/Enceladus/Mac-Ultra-M2-backprop-100.json version=4.0.0
[forward-only-check] file=/Users/rocket/GRQ/.creatures/Enceladus/Mac-Ultra-M2-backprop-100.json status=true action=kept
[semver-check] final-check file=/Users/rocket/GRQ/.creatures/Enceladus/Mac-Ultra-M2-lamarck-100.json version=4.0.0
[forward-only-check] file=/Users/rocket/GRQ/.creatures/Enceladus/Mac-Ultra-M2-lamarck-100.json status=true action=kept
[semver-check] final-check file=/Users/rocket/GRQ/.creatures/Enceladus/factory-seed.json version=4.0.0
[forward-only-check] file=/Users/rocket/GRQ/.creatures/Enceladus/factory-seed.json status=true action=kept
[semver-check] final-check file=/Users/rocket/GRQ/.creatures/Enceladus/sampler-1.json version=4.0.0
[forward-only-check] file=/Users/rocket/GRQ/.creatures/Enceladus/sampler-1.json status=true action=kept
[semver-check] final-check file=/Users/rocket/GRQ/.creatures/Enceladus/sampler-2.json version=4.0.0
[forward-only-check] file=/Users/rocket/GRQ/.creatures/Enceladus/sampler-2.json status=true action=kept
[semver-check] final-check file=/Users/rocket/GRQ/.creatures/Enceladus/sampler-3.json version=4.0.0
[forward-only-check] file=/Users/rocket/GRQ/.creatures/Enceladus/sampler-3.json status=true action=kept
[semver-check] final-check file=/Users/rocket/GRQ/.creatures/Enceladus/sampler-4.json version=4.0.0
[forward-only-check] file=/Users/rocket/GRQ/.creatures/Enceladus/sampler-4.json status=true action=kept
🧹 [teams-gen1] loop=4 shed file=/Users/rocket/GRQ/.creatures/Enceladus/factory-seed.json synapses=123100 — trimming the seed set to what the 3420s hard deadline can score; the GRQ-teams archive copy is untouched (#4610)
🧹 [teams-gen1] loop=4 shed file=/Users/rocket/GRQ/.creatures/Enceladus/GRQ-21-100.json synapses=14520 — trimming the seed set to what the 3420s hard deadline can score; the GRQ-teams archive copy is untouched (#4610)
🧹 [teams-gen1] loop=4 shed file=/Users/rocket/GRQ/.creatures/Enceladus/GRQ-21-lamarck-100.json synapses=14519 — trimming the seed set to what the 3420s hard deadline can score; the GRQ-teams archive copy is untouched (#4610)
🧹 [teams-gen1] loop=4 shed file=/Users/rocket/GRQ/.creatures/Enceladus/sampler-4.json synapses=14516 — trimming the seed set to what the 3420s hard deadline can score; the GRQ-teams archive copy is untouched (#4610)
🧹 [teams-gen1] loop=4 shed file=/Users/rocket/GRQ/.creatures/Enceladus/GRQ-26-100.json synapses=14516 — trimming the seed set to what the 3420s hard deadline can score; the GRQ-teams archive copy is untouched (#4610)
🧹 [teams-gen1] loop=4 shed file=/Users/rocket/GRQ/.creatures/Enceladus/GRQ-19-lamarck-100.json synapses=14516 — trimming the seed set to what the 3420s hard deadline can score; the GRQ-teams archive copy is untouched (#4610)
🧹 [teams-gen1] loop=4 shed file=/Users/rocket/GRQ/.creatures/Enceladus/GRQ-25-lamarck-100.json synapses=14515 — trimming the seed set to what the 3420s hard deadline can score; the GRQ-teams archive copy is untouched (#4610)
🧹 [teams-gen1] loop=4 shed file=/Users/rocket/GRQ/.creatures/Enceladus/GRQ-24-100.json synapses=14515 — trimming the seed set to what the 3420s hard deadline can score; the GRQ-teams archive copy is untouched (#4610)
🧹 [teams-gen1] loop=4 shed file=/Users/rocket/GRQ/.creatures/Enceladus/GRQ-13-lamarck-100.json synapses=14515 — trimming the seed set to what the 3420s hard deadline can score; the GRQ-teams archive copy is untouched (#4610)
[teams-gen1] loop=4 seeds=45 synapses=629369 rate=1.00 corpus=1 effective_rate=1 timeout=42m projected=1684s required=3368s hard_deadline=3420s action=shed (#4610)
[stage] start: team-learn-Enceladus-loop-4
[heap-grant] stage=TeamsLearn | Heap: 3072 MB | Total RAM: 8 GB | Available: 6553 MB | Planning budget: 4096 MB | FFI/OS headroom: 1536 MB | Floor: 3072 MB | Cap: 24576 MB (default) | Clamp: 5017 MB (available)
[team-worker-spawn] loop=4 threads=7 cpus=8 heap_mb=3072 tree_rss_mb=9
2026-10-06T13:06:15.713Z [INFO] [from-json-hook] [pid-37728] [from-json-hook] installed source=Learn
2026-10-06T13:06:15.721Z [INFO] [memoryProfile] [pid-37728] [memory-profile] host=GRQ-26 totalMB=3515 profile=minimal popSize=5 activationCap=1
2026-10-06T13:06:15.975Z [INFO] [Learn] [pid-37728] WASM activation initialised for main thread and workers
[neat-ai] running version 7.0.50
2026-10-06T13:06:16.278Z [INFO] [Learn] [pid-37728] John Doe (Observations: 2,511, Neurons: 51, Synapses: 123,100 & Score: -1)
2026-10-06T13:06:16.314Z [INFO] [Learn] [pid-37728] [seed] loaded file=GRQ-24-id-100.json score=0.3301323341532578
2026-10-06T13:06:16.347Z [INFO] [Learn] [pid-37728] [seed] loaded file=Mac-Ultra-M2-backprop-100.json score=0.31606208069734293
2026-10-06T13:06:16.377Z [INFO] [Learn] [pid-37728] [seed] loaded file=GRQ-25-backprop-100.json score=0.3242853177800449
2026-10-06T13:06:16.406Z [INFO] [Learn] [pid-37728] [seed] loaded file=GRQ-21-backprop-100.json score=0.3289403501996381
2026-10-06T13:06:16.442Z [INFO] [Learn] [pid-37728] [seed] loaded file=GRQ-25-100.json score=0.33275093509214404
2026-10-06T13:06:16.474Z [INFO] [Learn] [pid-37728] [seed] loaded file=GRQ-10-100.json score=0.3326557051221059
2026-10-06T13:06:16.504Z [INFO] [Learn] [pid-37728] [seed] loaded file=GRQ-21-discovery-100.json score=0.3325877497898291
2026-10-06T13:06:16.537Z [INFO] [Learn] [pid-37728] [seed] loaded file=GRQ-21-id-100.json score=0.3327303697449628
2026-10-06T13:06:16.564Z [INFO] [Learn] [pid-37728] [seed] loaded file=GRQ-24-backprop-100.json score=0.3166671274607485
2026-10-06T13:06:16.595Z [INFO] [Learn] [pid-37728] [seed] loaded file=GRQ-13-id-100.json score=0.33209770289899465
2026-10-06T13:06:16.624Z [INFO] [Learn] [pid-37728] [seed] loaded file=GRQ-10-backprop-100.json score=0.3299536538904818
2026-10-06T13:06:16.657Z [INFO] [Learn] [pid-37728] [seed] loaded file=GRQ-10-id-100.json score=0.33268882773946273
2026-10-06T13:06:16.684Z [INFO] [Learn] [pid-37728] [seed] loaded file=GRQ-22-backprop-100.json score=0.32134288826884766
2026-10-06T13:06:16.714Z [INFO] [Learn] [pid-37728] [seed] loaded file=GRQ-22-id-100.json score=0.32949763749686956
2026-10-06T13:06:16.745Z [INFO] [Learn] [pid-37728] [seed] loaded file=sampler-3.json score=0.33201639175891945
2026-10-06T13:06:16.778Z [INFO] [Learn] [pid-37728] [seed] loaded file=GRQ-22-100.json score=0.3325855386815408
2026-10-06T13:06:16.804Z [INFO] [Learn] [pid-37728] [seed] loaded file=GRQ-23-100.json score=0.20881590885983098
2026-10-06T13:06:16.835Z [INFO] [Learn] [pid-37728] [seed] loaded file=GRQ-18-lamarck-100.json score=0.3328040089245326
2026-10-06T13:06:16.866Z [INFO] [Learn] [pid-37728] [seed] loaded file=GRQ-19-id-100.json score=0.3320977029144384
2026-10-06T13:06:16.898Z [INFO] [Learn] [pid-37728] [seed] loaded file=GRQ-13-backprop-100.json score=0.3286244276686542
2026-10-06T13:06:16.927Z [INFO] [Learn] [pid-37728] [seed] loaded file=GRQ-19-discovery-100.json score=0.32885973194685825
2026-10-06T13:06:16.961Z [INFO] [Learn] [pid-37728] [seed] loaded file=GRQ-22-lamarck-100.json score=0.33269517346061683
2026-10-06T13:06:16.992Z [INFO] [Learn] [pid-37728] [seed] loaded file=sampler-2.json score=0.33201639132246713
2026-10-06T13:06:17.023Z [INFO] [Learn] [pid-37728] [seed] loaded file=Mac-Ultra-M2-lamarck-100.json score=0.3277580596022421
2026-10-06T13:06:17.057Z [INFO] [Learn] [pid-37728] [seed] loaded file=GRQ-24-discovery-100.json score=0.3300293319776148
2026-10-06T13:06:17.084Z [INFO] [Learn] [pid-37728] [seed] loaded file=GRQ-13-100.json score=0.3326444150748953
2026-10-06T13:06:17.116Z [INFO] [Learn] [pid-37728] [seed] loaded file=sampler-1.json score=0.33225055427642036
2026-10-06T13:06:17.139Z [INFO] [Learn] [pid-37728] [seed] loaded file=GRQ-3-discovery-100.json score=0.249109494543379
2026-10-06T13:06:17.171Z [INFO] [Learn] [pid-37728] [seed] loaded file=GRQ-25-discovery-100.json score=0.33016275132676215
2026-10-06T13:06:17.201Z [INFO] [Learn] [pid-37728] [seed] loaded file=GRQ-10-lamarck-100.json score=0.332534083012158
2026-10-06T13:06:17.232Z [INFO] [Learn] [pid-37728] [seed] loaded file=GRQ-18-100.json score=0.33279534013270756
2026-10-06T13:06:17.263Z [INFO] [Learn] [pid-37728] [seed] loaded file=GRQ-19-100.json score=0.3326063376326803
2026-10-06T13:06:17.293Z [INFO] [Learn] [pid-37728] [seed] loaded file=GRQ-3-lamarck-100.json score=0.3326109283433786
2026-10-06T13:06:17.321Z [INFO] [Learn] [pid-37728] [seed] loaded file=GRQ-3-id-100.json score=0.3325712239087332
2026-10-06T13:06:17.352Z [INFO] [Learn] [pid-37728] [seed] loaded file=GRQ-3-backprop-100.json score=0.3286244277206548
2026-10-06T13:06:17.383Z [INFO] [Learn] [pid-37728] [seed] loaded file=GRQ-25-id-100.json score=0.33230274570090845
2026-10-06T13:06:17.416Z [INFO] [Learn] [pid-37728] [seed] loaded file=GRQ-10-discovery-100.json score=0.32948044520810227
2026-10-06T13:06:17.476Z [INFO] [Learn] [pid-37728] [seed] loaded file=GRQ-19-backprop-100.json score=0.3285120531226307
2026-10-06T13:06:17.505Z [INFO] [Learn] [pid-37728] [seed] loaded file=GRQ-24-lamarck-100.json score=0.332577300238741
2026-10-06T13:06:17.536Z [INFO] [Learn] [pid-37728] [seed] loaded file=GRQ-3-100.json score=0.33258775814934965
2026-10-06T13:06:17.564Z [INFO] [Learn] [pid-37728] [seed] loaded file=GRQ-18-id-100.json score=0.32978014509747394
2026-10-06T13:06:17.591Z [INFO] [Learn] [pid-37728] [seed] loaded file=GRQ-18-backprop-100.json score=0.3282558103710175
2026-10-06T13:06:17.619Z [INFO] [Learn] [pid-37728] [seed] loaded file=GRQ-23-id-100.json score=0.20949708495009536
2026-10-06T13:06:17.643Z [INFO] [Learn] [pid-37728] [seed] loaded file=Mac-Ultra-M2-100.json score=0.3276456342438394
2026-10-06T13:06:17.672Z [INFO] [Learn] [pid-37728] [seed] loaded file=GRQ-13-discovery-100.json score=0.33018972332490987
2026-10-06T13:06:17.673Z [INFO] [Learn] [pid-37728] [seed] loaded=45 skipped=0 kept=45 dropped=0 populationSize=5 dir=.creatures/Enceladus (#4300)
2026-10-06T13:06:17.673Z [INFO] [Learn] [pid-37728] [seed] best=GRQ-18-lamarck-100.json@0.3328040089245326 worst-kept=GRQ-23-100.json@0.20881590885983098 best-dropped=none (#4300)
2026-10-06T13:06:17.673Z [INFO] [Learn] [pid-37728] [learn] skipTrainingAfterConsecutiveRegressions=3
2026-10-06T13:06:17.673Z [INFO] [Learn] [pid-37728] [learn] skipTrainingAfterPopulationRegressions=6
2026-10-06T13:06:17.673Z [INFO] [Learn] [pid-37728] [learn] skipTrainingAfterPopulationNoProgress=0
2026-10-06T13:06:17.673Z [INFO] [Learn] [pid-37728] [inline-discovery-memory] nativeBudgetBytes=5476083302
2026-10-06T13:06:17.674Z [INFO] [Learn] [pid-37728] elitism 1, timeout 42, PopSize 5, cost MSE, threads 7
2026-10-06T13:06:17.674Z [INFO] [Learn] [pid-37728] Initialized in 1s 962ms
[WasmWorkerInit] worker=worker-1 outcome=ok handshakeMs=246 cache=hit cacheDir=/Users/rocket/.cache/neat-ai/wasm bundleBytes=1042991 bundleLoadMs=3 glueImportMs=15 instantiateMs=3 wasmTotalMs=22 workerError=none
[WasmWorkerInit] worker=worker-2 outcome=ok handshakeMs=242 cache=hit cacheDir=/Users/rocket/.cache/neat-ai/wasm bundleBytes=1042991 bundleLoadMs=3 glueImportMs=15 instantiateMs=3 wasmTotalMs=22 workerError=none
[WasmWorkerInit] worker=worker-3 outcome=ok handshakeMs=231 cache=hit cacheDir=/Users/rocket/.cache/neat-ai/wasm bundleBytes=1042991 bundleLoadMs=3 glueImportMs=15 instantiateMs=3 wasmTotalMs=22 workerError=none
[WasmWorkerInit] worker=worker-4 outcome=ok handshakeMs=234 cache=hit cacheDir=/Users/rocket/.cache/neat-ai/wasm bundleBytes=1042991 bundleLoadMs=3 glueImportMs=15 instantiateMs=3 wasmTotalMs=22 workerError=none
[WasmWorkerInit] worker=worker-5 outcome=ok handshakeMs=231 cache=hit cacheDir=/Users/rocket/.cache/neat-ai/wasm bundleBytes=1042991 bundleLoadMs=3 glueImportMs=15 instantiateMs=3 wasmTotalMs=22 workerError=none
[WasmWorkerInit] worker=worker-6 outcome=ok handshakeMs=238 cache=hit cacheDir=/Users/rocket/.cache/neat-ai/wasm bundleBytes=1042991 bundleLoadMs=3 glueImportMs=15 instantiateMs=3 wasmTotalMs=22 workerError=none
[WasmWorkerInit] worker=worker-7 outcome=ok handshakeMs=239 cache=hit cacheDir=/Users/rocket/.cache/neat-ai/wasm bundleBytes=1042991 bundleLoadMs=3 glueImportMs=15 instantiateMs=3 wasmTotalMs=22 workerError=none
warm-up: resumed currentGeneration=1435 / warmupGenerations=1440 (lock active, source=population)
DeDuplication of 41 creatures to 5 in 102ms (previous experiment 2ms)
[DynamicPool] 2 idle heavy worker(s) assisting fitness evaluation
[NEAT-AI] Batch scorer partition: 5 forwardOnly batched, 0 recurrent batched, 0 per-creature
Skipping discovery and replay: seed warm-up structural lock active (generation 1436/1440)
Training 6a5f1674 scheduled
[DynamicPool] 1 idle heavy worker(s) assisting breeding
[neat-ai] running version 7.0.50
[PreWarm] 2 new templates, 0 cached, 2 unique topologies (13ms)
[Timing] fitness=456198ms breeding=4ms breedingWorker=4ms mainThreadOverlap=0ms resultProcessing=0ms memoryEviction=1ms preWarm=13ms pipelineOverlap=14ms sort=0ms writeScores=6ms mutation=0ms deduplication=20ms speciation=1ms total=456424ms
[Utilisation] fitness=0%fast/0%heavy breeding=0%fast/50%heavy overall=0%
[Throughput] wall=456424ms nonFitness=226ms gensPerHour=7.9 fast=busy0ms/idle2282120ms/depth5/wait0ms heavy=busy0ms/idle912848ms/depth1/wait0ms scorer=32.3ms/scored5/batchScored5/perCreatureScored0/batchInvocations1/creaturesPerSec0.0 corruptParentSkips=0
[teams-memprofile] gen=1 pop=4 rss=679 heap=195 heap_limit=3168 avg_neurons=0 avg_synapses=14498
Generation 1 score 0.33280400888259815 (avg: 0.2602) error 0.6670489617396839 time 7m 36s 426ms
[DynamicPool] 1 idle heavy worker(s) assisting fitness evaluation
[NEAT-AI] Batch scorer partition: 2 forwardOnly batched, 0 recurrent batched, 0 per-creature
[NEAT-AI] trainDir FFI libneat_ai_backpropagation loaded from /Users/rocket/.cargo/lib/libneat_ai_backpropagation.dylib
[NEAT-AI] trainDir using FFI libneat_ai_backpropagation
[DynamicPool] 1 idle heavy worker(s) assisting breeding
[PreWarm] 1 new templates, 2 cached, 3 unique topologies (35ms)
[Timing] fitness=62544ms breeding=1ms breedingWorker=1ms mainThreadOverlap=1ms resultProcessing=0ms preWarm=35ms pipelineOverlap=36ms sort=0ms writeScores=3ms mutation=0ms deduplication=47ms speciation=1ms total=63362ms
[Utilisation] fitness=0%fast/50%heavy breeding=0%fast/50%heavy overall=14%
[Throughput] wall=63362ms nonFitness=818ms gensPerHour=56.8 fast=busy0ms/idle316810ms/depth2/wait0ms heavy=busy0ms/idle126724ms/depth1/wait0ms scorer=4.9ms/scored2/batchScored2/perCreatureScored0/batchInvocations1/creaturesPerSec0.0 corruptParentSkips=0
[teams-memprofile] gen=2 pop=5 rss=655 heap=202 heap_limit=3168 avg_neurons=0 avg_synapses=14498
Generation 2 score 0.33280400888259815 (avg: 0.3328) error 0.6670489617396839 time 1m 3s 393ms
[DynamicPool] 1 idle heavy worker(s) assisting fitness evaluation
[NEAT-AI] Batch scorer partition: 4 forwardOnly batched, 0 recurrent batched, 0 per-creature
[DynamicPool] 1 idle heavy worker(s) assisting breeding
[Timing] fitness=171246ms breeding=1ms breedingWorker=1ms mainThreadOverlap=0ms resultProcessing=0ms preWarm=22ms pipelineOverlap=23ms sort=0ms writeScores=3ms mutation=74ms deduplication=34ms speciation=1ms total=172105ms
[Utilisation] fitness=0%fast/50%heavy breeding=0%fast/50%heavy overall=14%
[MutationOps] MOD_WEIGHT proposed=1 noChange=0 applied=1 reverted=0 evaluated=0 accepted=0 rejected=0 evalMs=0 depth[in=0 mid=0 out=0 ?=1] || resolved=0 multiOperator=0 discarded=0 evalMs=0 mcmc=0/0
[Throughput] wall=172105ms nonFitness=859ms gensPerHour=20.9 fast=busy0ms/idle860525ms/depth4/wait0ms heavy=busy0ms/idle344210ms/depth1/wait0ms scorer=7.9ms/scored4/batchScored4/perCreatureScored0/batchInvocations1/creaturesPerSec0.0 corruptParentSkips=0
[teams-memprofile] gen=3 pop=5 rss=651 heap=239 heap_limit=3168 avg_neurons=0 avg_synapses=14498
Generation 3 score 0.33280400888259815 (avg: 0.3328) error 0.6670489617396839 time 2m 52s 159ms
[DynamicPool] 1 idle heavy worker(s) assisting fitness evaluation
[NEAT-AI] Batch scorer partition: 4 forwardOnly batched, 0 recurrent batched, 0 per-creature
[DynamicPool] 1 idle heavy worker(s) assisting breeding
[PreWarm] 1 new templates, 1 cached, 2 unique topologies (35ms)
[Timing] fitness=172845ms breeding=0ms breedingWorker=0ms mainThreadOverlap=0ms resultProcessing=0ms preWarm=35ms pipelineOverlap=36ms sort=0ms writeScores=3ms mutation=0ms deduplication=48ms speciation=1ms total=173598ms
[Utilisation] fitness=0%fast/50%heavy breeding=0%fast/50%heavy overall=14%
[MutationOps] MOD_WEIGHT proposed=0 noChange=0 applied=0 reverted=0 evaluated=1 accepted=0 rejected=1 evalMs=43209 delta[n=1 min=-4.94e-8 med=-4.94e-8 max=-4.94e-8] depthRejected[in=0 mid=0 out=0 ?=1] || resolved=1 multiOperator=0 discarded=0 evalMs=43209 mcmc=0/0
[Throughput] wall=173598ms nonFitness=753ms gensPerHour=20.7 fast=busy0ms/idle867990ms/depth4/wait0ms heavy=busy0ms/idle347196ms/depth1/wait0ms scorer=8.0ms/scored4/batchScored4/perCreatureScored0/batchInvocations1/creaturesPerSec0.0 corruptParentSkips=0
[teams-memprofile] gen=4 pop=5 rss=650 heap=185 heap_limit=3168 avg_neurons=0 avg_synapses=14498
Generation 4 score 0.33280400888259815 (avg: 0.3328) error 0.6670489617396839 time 2m 53s 647ms
[DynamicPool] 1 idle heavy worker(s) assisting fitness evaluation
[NEAT-AI] Batch scorer partition: 4 forwardOnly batched, 0 recurrent batched, 0 per-creature
[DynamicPool] 1 idle heavy worker(s) assisting breeding
[Timing] fitness=173233ms breeding=0ms breedingWorker=0ms mainThreadOverlap=0ms resultProcessing=0ms preWarm=22ms pipelineOverlap=23ms sort=0ms writeScores=3ms mutation=70ms deduplication=34ms speciation=1ms total=174083ms
[Utilisation] fitness=0%fast/50%heavy breeding=0%fast/50%heavy overall=14%
[MutationOps] MOD_WEIGHT proposed=1 noChange=0 applied=1 reverted=0 evaluated=0 accepted=0 rejected=0 evalMs=0 depth[in=0 mid=0 out=0 ?=1] || resolved=0 multiOperator=0 discarded=0 evalMs=0 mcmc=0/0
[Throughput] wall=174083ms nonFitness=850ms gensPerHour=20.7 fast=busy0ms/idle870415ms/depth4/wait0ms heavy=busy0ms/idle348166ms/depth1/wait0ms scorer=5.3ms/scored4/batchScored4/perCreatureScored0/batchInvocations1/creaturesPerSec0.0 corruptParentSkips=0
[teams-memprofile] gen=5 pop=5 rss=656 heap=236 heap_limit=3168 avg_neurons=0 avg_synapses=14498
Generation 5 score 0.33280400888259815 (avg: 0.3328) error 0.6670489617396839 time 2m 54s 136ms
warm-up: structural lock lifted at currentGeneration=1441 (warmupGenerations=1440)
[DynamicPool] 1 idle heavy worker(s) assisting fitness evaluation
[NEAT-AI] Batch scorer partition: 4 forwardOnly batched, 0 recurrent batched, 0 per-creature
[DynamicPool] 1 idle heavy worker(s) assisting breeding
[PreWarm] 1 new templates, 1 cached, 2 unique topologies (34ms)
[Timing] fitness=171293ms breeding=0ms breedingWorker=0ms mainThreadOverlap=0ms resultProcessing=0ms preWarm=34ms pipelineOverlap=35ms sort=0ms writeScores=5ms mutation=0ms deduplication=46ms speciation=1ms total=172076ms
[Utilisation] fitness=0%fast/50%heavy breeding=0%fast/50%heavy overall=14%
[MutationOps] MOD_WEIGHT proposed=0 noChange=0 applied=0 reverted=0 evaluated=1 accepted=0 rejected=1 evalMs=42821 delta[n=1 min=-2.48e-4 med=-2.48e-4 max=-2.48e-4] depthRejected[in=0 mid=0 out=0 ?=1] || resolved=1 multiOperator=0 discarded=0 evalMs=42821 mcmc=0/0
[Throughput] wall=172076ms nonFitness=783ms gensPerHour=20.9 fast=busy0ms/idle860380ms/depth4/wait0ms heavy=busy0ms/idle344152ms/depth1/wait0ms scorer=8.2ms/scored4/batchScored4/perCreatureScored0/batchInvocations1/creaturesPerSec0.0 corruptParentSkips=0
[teams-memprofile] gen=6 pop=5 rss=654 heap=186 heap_limit=3168 avg_neurons=0 avg_synapses=14498
Generation 6 score 0.33280400888259815 (avg: 0.3328) error 0.6670489617396839 time 2m 52s 126ms
[DynamicPool] 1 idle heavy worker(s) assisting fitness evaluation
[NEAT-AI] Batch scorer partition: 4 forwardOnly batched, 0 recurrent batched, 0 per-creature
[DynamicPool] 1 idle heavy worker(s) assisting breeding
[Timing] fitness=172456ms breeding=0ms breedingWorker=0ms mainThreadOverlap=0ms resultProcessing=0ms preWarm=25ms pipelineOverlap=26ms sort=0ms writeScores=3ms mutation=79ms deduplication=38ms speciation=1ms total=173331ms
[Utilisation] fitness=0%fast/50%heavy breeding=0%fast/50%heavy overall=14%
[MutationOps] MOD_BIAS proposed=1 noChange=0 applied=1 reverted=0 evaluated=0 accepted=0 rejected=0 evalMs=0 depth[in=0 mid=0 out=0 ?=1] || resolved=0 multiOperator=0 discarded=0 evalMs=0 mcmc=0/0
[Throughput] wall=173331ms nonFitness=875ms gensPerHour=20.8 fast=busy0ms/idle866655ms/depth4/wait0ms heavy=busy0ms/idle346662ms/depth1/wait0ms scorer=7.8ms/scored4/batchScored4/perCreatureScored0/batchInvocations1/creaturesPerSec0.0 corruptParentSkips=0
[teams-memprofile] gen=7 pop=5 rss=663 heap=195 heap_limit=3168 avg_neurons=0 avg_synapses=14498
Generation 7 score 0.33280400888259815 (avg: 0.3328) error 0.6670489617396839 time 2m 53s 383ms
[DynamicPool] 1 idle heavy worker(s) assisting fitness evaluation
[NEAT-AI] Batch scorer partition: 4 forwardOnly batched, 0 recurrent batched, 0 per-creature
Retrying increased fitness by 9.222195229696695e-11 to 0.3328040089748201 adjusted 1 weight
[DynamicPool] 1 idle heavy worker(s) assisting breeding
[Timing] fitness=171540ms breeding=1ms breedingWorker=1ms mainThreadOverlap=1ms resultProcessing=0ms preWarm=24ms pipelineOverlap=24ms sort=0ms writeScores=5ms mutation=77ms deduplication=39ms speciation=0ms total=172520ms
[Utilisation] fitness=0%fast/50%heavy breeding=0%fast/50%heavy overall=14%
[MutationOps] MOD_WEIGHT proposed=1 noChange=0 applied=1 reverted=0 evaluated=0 accepted=0 rejected=0 evalMs=0 depth[in=0 mid=0 out=0 ?=1] | MOD_BIAS proposed=0 noChange=0 applied=0 reverted=0 evaluated=1 accepted=0 rejected=1 evalMs=42883 delta[n=1 min=-2.12e-4 med=-2.12e-4 max=-2.12e-4] depthRejected[in=0 mid=0 out=0 ?=1] || resolved=1 multiOperator=0 discarded=0 evalMs=42883 mcmc=0/0
[Throughput] wall=172520ms nonFitness=980ms gensPerHour=20.9 fast=busy0ms/idle862600ms/depth4/wait0ms heavy=busy0ms/idle345040ms/depth1/wait0ms scorer=6.4ms/scored4/batchScored4/perCreatureScored0/batchInvocations1/creaturesPerSec0.0 corruptParentSkips=0
[WasmWorkerInit] worker=worker-8 outcome=ok handshakeMs=185 cache=hit cacheDir=/Users/rocket/.cache/neat-ai/wasm bundleBytes=1042991 bundleLoadMs=3 glueImportMs=15 instantiateMs=3 wasmTotalMs=22 workerError=none
[teams-memprofile] gen=8 pop=5 rss=696 heap=150 heap_limit=3168 avg_neurons=0 avg_synapses=14498
Generation 8 score 0.3328040089748201 (avg: 0.3328) error 0.6670489516549886 time 2m 52s 580ms
[DynamicPool] 1 idle heavy worker(s) assisting fitness evaluation
[NEAT-AI] Batch scorer partition: 4 forwardOnly batched, 0 recurrent batched, 0 per-creature
[WasmWorkerInit] worker=worker-9 outcome=ok handshakeMs=498 cache=hit cacheDir=/Users/rocket/.cache/neat-ai/wasm bundleBytes=1042991 bundleLoadMs=3 glueImportMs=15 instantiateMs=3 wasmTotalMs=22 workerError=none
[WasmWorkerInit] worker=worker-10 outcome=ok handshakeMs=474 cache=hit cacheDir=/Users/rocket/.cache/neat-ai/wasm bundleBytes=1042991 bundleLoadMs=3 glueImportMs=15 instantiateMs=3 wasmTotalMs=22 workerError=none
[WasmWorkerInit] worker=worker-11 outcome=ok handshakeMs=481 cache=hit cacheDir=/Users/rocket/.cache/neat-ai/wasm bundleBytes=1042991 bundleLoadMs=3 glueImportMs=15 instantiateMs=3 wasmTotalMs=22 workerError=none
[WasmWorkerInit] worker=worker-12 outcome=ok handshakeMs=483 cache=hit cacheDir=/Users/rocket/.cache/neat-ai/wasm bundleBytes=1042991 bundleLoadMs=3 glueImportMs=15 instantiateMs=3 wasmTotalMs=22 workerError=none
[WasmWorkerInit] worker=worker-13 outcome=ok handshakeMs=468 cache=hit cacheDir=/Users/rocket/.cache/neat-ai/wasm bundleBytes=1042991 bundleLoadMs=3 glueImportMs=15 instantiateMs=3 wasmTotalMs=22 workerError=none
[WasmWorkerInit] worker=worker-14 outcome=ok handshakeMs=475 cache=hit cacheDir=/Users/rocket/.cache/neat-ai/wasm bundleBytes=1042991 bundleLoadMs=3 glueImportMs=15 instantiateMs=3 wasmTotalMs=22 workerError=none
[neat-ai] running version 7.0.50
Training 40e4229d scheduled
Fine tuning increased fitness by 1.5949315868013514e-8 to 0.33280402492413597 adjusted 1 weight Restored: 1
[DynamicPool] 1 idle heavy worker(s) assisting breeding
Training 6a5f1674 completed after 21m 16s 247ms
[Neat] Discovery replay: no improvement found (evaluated: 0)
[PopulationBudget] Dropped 1 creature(s) to stay within the effective population size of 5 (elitists=1, trained=1, fineTuned=3, bred=1, dna=0)
[PreWarm] 1 new templates, 1 cached, 2 unique topologies (29ms)
[Timing] fitness=180101ms breeding=17ms breedingWorker=17ms mainThreadOverlap=10ms resultProcessing=10ms preWarm=29ms pipelineOverlap=40ms sort=0ms writeScores=3ms mutation=0ms deduplication=42ms speciation=1ms total=180909ms
[Utilisation] fitness=0%fast/0%heavy breeding=0%fast/50%heavy overall=0%
[MutationOps] MOD_WEIGHT proposed=0 noChange=0 applied=0 reverted=0 evaluated=1 accepted=0 rejected=1 evalMs=45023 delta[n=1 min=-1.78e-5 med=-1.78e-5 max=-1.78e-5] depthRejected[in=0 mid=0 out=0 ?=1] || resolved=1 multiOperator=0 discarded=0 evalMs=45023 mcmc=0/0
[Throughput] wall=180909ms nonFitness=808ms gensPerHour=19.9 fast=busy0ms/idle904545ms/depth4/wait0ms heavy=busy1276454ms/idle0ms/depth1/wait0ms scorer=8.3ms/scored4/batchScored4/perCreatureScored0/batchInvocations1/creaturesPerSec0.0 corruptParentSkips=0
[WasmWorkerInit] worker=worker-15 outcome=ok handshakeMs=93 cache=hit cacheDir=/Users/rocket/.cache/neat-ai/wasm bundleBytes=1042991 bundleLoadMs=3 glueImportMs=15 instantiateMs=3 wasmTotalMs=22 workerError=none
[teams-memprofile] gen=9 pop=5 rss=856 heap=216 heap_limit=3168 avg_neurons=0 avg_synapses=14498
Generation 9 score 0.33280402492413597 (avg: 0.3328) error 0.6670489357056727 time 3m 988ms
[DynamicPool] 1 idle heavy worker(s) assisting fitness evaluation
[NEAT-AI] Batch scorer partition: 4 forwardOnly batched, 0 recurrent batched, 0 per-creature
[WasmWorkerInit] worker=worker-16 outcome=ok handshakeMs=494 cache=hit cacheDir=/Users/rocket/.cache/neat-ai/wasm bundleBytes=1042991 bundleLoadMs=3 glueImportMs=15 instantiateMs=3 wasmTotalMs=22 workerError=none
[WasmWorkerInit] worker=worker-17 outcome=ok handshakeMs=453 cache=hit cacheDir=/Users/rocket/.cache/neat-ai/wasm bundleBytes=1042991 bundleLoadMs=3 glueImportMs=15 instantiateMs=3 wasmTotalMs=22 workerError=none
[WasmWorkerInit] worker=worker-18 outcome=ok handshakeMs=459 cache=hit cacheDir=/Users/rocket/.cache/neat-ai/wasm bundleBytes=1042991 bundleLoadMs=3 glueImportMs=15 instantiateMs=3 wasmTotalMs=22 workerError=none
[WasmWorkerInit] worker=worker-19 outcome=ok handshakeMs=473 cache=hit cacheDir=/Users/rocket/.cache/neat-ai/wasm bundleBytes=1042991 bundleLoadMs=3 glueImportMs=15 instantiateMs=3 wasmTotalMs=22 workerError=none
[WasmWorkerInit] worker=worker-20 outcome=ok handshakeMs=506 cache=hit cacheDir=/Users/rocket/.cache/neat-ai/wasm bundleBytes=1042991 bundleLoadMs=3 glueImportMs=15 instantiateMs=3 wasmTotalMs=22 workerError=none
[WasmWorkerInit] worker=worker-21 outcome=ok handshakeMs=528 cache=hit cacheDir=/Users/rocket/.cache/neat-ai/wasm bundleBytes=1042991 bundleLoadMs=3 glueImportMs=15 instantiateMs=3 wasmTotalMs=22 workerError=none
[neat-ai] running version 7.0.50
Trained 6a5f1674 Score: 0.33280400888259815, Error: 0.6670489617396839 -> 0.6670489617396839,  🫥
Fine tuning increased fitness by 3.277508087151659e-8 to 0.33280405769921684 adjusted 1 weight Restored: 1
[DynamicPool] 1 idle heavy worker(s) assisting breeding
[Neat] Discovery replay: no improvement found (evaluated: 0)
[PreWarm] 1 new templates, 1 cached, 2 unique topologies (42ms)
[Timing] fitness=181098ms breeding=1ms breedingWorker=1ms mainThreadOverlap=0ms resultProcessing=0ms preWarm=42ms pipelineOverlap=43ms sort=0ms writeScores=4ms mutation=0ms deduplication=53ms speciation=1ms total=182081ms
[Utilisation] fitness=0%fast/50%heavy breeding=0%fast/50%heavy overall=14%
[Throughput] wall=182081ms nonFitness=983ms gensPerHour=19.8 fast=busy0ms/idle910405ms/depth4/wait0ms heavy=busy0ms/idle364162ms/depth1/wait0ms scorer=10.5ms/scored4/batchScored4/perCreatureScored0/batchInvocations1/creaturesPerSec0.0 corruptParentSkips=0
[WasmWorkerInit] worker=worker-22 outcome=ok handshakeMs=116 cache=hit cacheDir=/Users/rocket/.cache/neat-ai/wasm bundleBytes=1042991 bundleLoadMs=3 glueImportMs=15 instantiateMs=3 wasmTotalMs=22 workerError=none
[teams-memprofile] gen=10 pop=5 rss=678 heap=238 heap_limit=3168 avg_neurons=0 avg_synapses=14498
Generation 10 score 0.33280405769921684 (avg: 0.3328) error 0.6670489029305918 time 3m 2s 140ms
[DynamicPool] 1 idle heavy worker(s) assisting fitness evaluation
[NEAT-AI] Batch scorer partition: 4 forwardOnly batched, 0 recurrent batched, 0 per-creature
[WasmWorkerInit] worker=worker-23 outcome=ok handshakeMs=514 cache=hit cacheDir=/Users/rocket/.cache/neat-ai/wasm bundleBytes=1042991 bundleLoadMs=3 glueImportMs=15 instantiateMs=3 wasmTotalMs=22 workerError=none
[WasmWorkerInit] worker=worker-24 outcome=ok handshakeMs=488 cache=hit cacheDir=/Users/rocket/.cache/neat-ai/wasm bundleBytes=1042991 bundleLoadMs=3 glueImportMs=15 instantiateMs=3 wasmTotalMs=22 workerError=none
[WasmWorkerInit] worker=worker-25 outcome=ok handshakeMs=508 cache=hit cacheDir=/Users/rocket/.cache/neat-ai/wasm bundleBytes=1042991 bundleLoadMs=3 glueImportMs=15 instantiateMs=3 wasmTotalMs=22 workerError=none
[WasmWorkerInit] worker=worker-26 outcome=ok handshakeMs=563 cache=hit cacheDir=/Users/rocket/.cache/neat-ai/wasm bundleBytes=1042991 bundleLoadMs=3 glueImportMs=15 instantiateMs=3 wasmTotalMs=22 workerError=none
[WasmWorkerInit] worker=worker-27 outcome=ok handshakeMs=567 cache=hit cacheDir=/Users/rocket/.cache/neat-ai/wasm bundleBytes=1042991 bundleLoadMs=3 glueImportMs=15 instantiateMs=3 wasmTotalMs=22 workerError=none
[WasmWorkerInit] worker=worker-28 outcome=ok handshakeMs=557 cache=hit cacheDir=/Users/rocket/.cache/neat-ai/wasm bundleBytes=1042991 bundleLoadMs=3 glueImportMs=15 instantiateMs=3 wasmTotalMs=22 workerError=none
[neat-ai] running version 7.0.50
Fine tuning increased fitness by 1.0479829493093007e-7 to 0.33280416249751177 adjusted 1 weight Restored: 1
[DynamicPool] 1 idle heavy worker(s) assisting breeding
[Neat] Discovery replay: no improvement found (evaluated: 0)
[Timing] fitness=180433ms breeding=0ms breedingWorker=0ms mainThreadOverlap=0ms resultProcessing=0ms preWarm=24ms pipelineOverlap=25ms sort=0ms writeScores=4ms mutation=81ms deduplication=41ms speciation=1ms total=181481ms
[Utilisation] fitness=0%fast/50%heavy breeding=0%fast/50%heavy overall=14%
[MutationOps] MOD_BIAS proposed=1 noChange=0 applied=1 reverted=0 evaluated=0 accepted=0 rejected=0 evalMs=0 depth[in=0 mid=0 out=0 ?=1] || resolved=0 multiOperator=0 discarded=0 evalMs=0 mcmc=0/0
[Throughput] wall=181481ms nonFitness=1048ms gensPerHour=19.8 fast=busy0ms/idle907405ms/depth4/wait0ms heavy=busy0ms/idle362962ms/depth1/wait0ms scorer=7.9ms/scored4/batchScored4/perCreatureScored0/batchInvocations1/creaturesPerSec0.0 corruptParentSkips=0
[WasmWorkerInit] worker=worker-29 outcome=ok handshakeMs=183 cache=hit cacheDir=/Users/rocket/.cache/neat-ai/wasm bundleBytes=1042991 bundleLoadMs=3 glueImportMs=15 instantiateMs=3 wasmTotalMs=22 workerError=none
[teams-memprofile] gen=11 pop=5 rss=697 heap=241 heap_limit=3168 avg_neurons=0 avg_synapses=14498
Generation 11 score 0.33280416249751177 (avg: 0.3328) error 0.6670487981322969 time 3m 1s 557ms
[DynamicPool] 1 idle heavy worker(s) assisting fitness evaluation
[NEAT-AI] Batch scorer partition: 4 forwardOnly batched, 0 recurrent batched, 0 per-creature
[WasmWorkerInit] worker=worker-30 outcome=ok handshakeMs=503 cache=hit cacheDir=/Users/rocket/.cache/neat-ai/wasm bundleBytes=1042991 bundleLoadMs=3 glueImportMs=15 instantiateMs=3 wasmTotalMs=22 workerError=none
[WasmWorkerInit] worker=worker-31 outcome=ok handshakeMs=496 cache=hit cacheDir=/Users/rocket/.cache/neat-ai/wasm bundleBytes=1042991 bundleLoadMs=3 glueImportMs=15 instantiateMs=3 wasmTotalMs=22 workerError=none
[WasmWorkerInit] worker=worker-32 outcome=ok handshakeMs=495 cache=hit cacheDir=/Users/rocket/.cache/neat-ai/wasm bundleBytes=1042991 bundleLoadMs=3 glueImportMs=15 instantiateMs=3 wasmTotalMs=22 workerError=none
[WasmWorkerInit] worker=worker-33 outcome=ok handshakeMs=581 cache=hit cacheDir=/Users/rocket/.cache/neat-ai/wasm bundleBytes=1042991 bundleLoadMs=3 glueImportMs=15 instantiateMs=3 wasmTotalMs=22 workerError=none
[WasmWorkerInit] worker=worker-34 outcome=ok handshakeMs=557 cache=hit cacheDir=/Users/rocket/.cache/neat-ai/wasm bundleBytes=1042991 bundleLoadMs=3 glueImportMs=15 instantiateMs=3 wasmTotalMs=22 workerError=none
[WasmWorkerInit] worker=worker-35 outcome=ok handshakeMs=715 cache=hit cacheDir=/Users/rocket/.cache/neat-ai/wasm bundleBytes=1042991 bundleLoadMs=3 glueImportMs=15 instantiateMs=3 wasmTotalMs=22 workerError=none
[neat-ai] running version 7.0.50
Fine tuning increased fitness by 2.760800487111581e-7 to 0.3328044385775605 adjusted 1 weight Restored: 1
[DynamicPool] 1 idle heavy worker(s) assisting breeding
[Neat] Discovery replay: no improvement found (evaluated: 0)
[PreWarm] 1 new templates, 1 cached, 2 unique topologies (42ms)
[Timing] fitness=176250ms breeding=0ms breedingWorker=0ms mainThreadOverlap=0ms resultProcessing=0ms preWarm=42ms pipelineOverlap=44ms sort=0ms writeScores=5ms mutation=0ms deduplication=60ms speciation=2ms total=177286ms
[Utilisation] fitness=0%fast/50%heavy breeding=0%fast/50%heavy overall=14%
[MutationOps] MOD_BIAS proposed=0 noChange=0 applied=0 reverted=0 evaluated=1 accepted=0 rejected=1 evalMs=44060 delta[n=1 min=-9.17e-5 med=-9.17e-5 max=-9.17e-5] depthRejected[in=0 mid=0 out=0 ?=1] || resolved=1 multiOperator=0 discarded=0 evalMs=44060 mcmc=0/0
[Throughput] wall=177286ms nonFitness=1036ms gensPerHour=20.3 fast=busy0ms/idle886430ms/depth4/wait0ms heavy=busy0ms/idle354572ms/depth1/wait0ms scorer=9.8ms/scored4/batchScored4/perCreatureScored0/batchInvocations1/creaturesPerSec0.0 corruptParentSkips=0
[WasmWorkerInit] worker=worker-36 outcome=ok handshakeMs=123 cache=hit cacheDir=/Users/rocket/.cache/neat-ai/wasm bundleBytes=1042991 bundleLoadMs=3 glueImportMs=15 instantiateMs=3 wasmTotalMs=22 workerError=none
[teams-memprofile] gen=12 pop=5 rss=456 heap=239 heap_limit=3168 avg_neurons=0 avg_synapses=14498
Generation 12 score 0.3328044385775605 (avg: 0.3328) error 0.6670485220522482 time 2m 57s 361ms
[DynamicPool] 1 idle heavy worker(s) assisting fitness evaluation
[NEAT-AI] Batch scorer partition: 4 forwardOnly batched, 0 recurrent batched, 0 per-creature
[WasmWorkerInit] worker=worker-37 outcome=ok handshakeMs=528 cache=hit cacheDir=/Users/rocket/.cache/neat-ai/wasm bundleBytes=1042991 bundleLoadMs=3 glueImportMs=15 instantiateMs=3 wasmTotalMs=22 workerError=none
[WasmWorkerInit] worker=worker-38 outcome=ok handshakeMs=486 cache=hit cacheDir=/Users/rocket/.cache/neat-ai/wasm bundleBytes=1042991 bundleLoadMs=3 glueImportMs=15 instantiateMs=3 wasmTotalMs=22 workerError=none
[WasmWorkerInit] worker=worker-39 outcome=ok handshakeMs=511 cache=hit cacheDir=/Users/rocket/.cache/neat-ai/wasm bundleBytes=1042991 bundleLoadMs=3 glueImportMs=15 instantiateMs=3 wasmTotalMs=22 workerError=none
[WasmWorkerInit] worker=worker-40 outcome=ok handshakeMs=579 cache=hit cacheDir=/Users/rocket/.cache/neat-ai/wasm bundleBytes=1042991 bundleLoadMs=3 glueImportMs=15 instantiateMs=3 wasmTotalMs=22 workerError=none
[WasmWorkerInit] worker=worker-41 outcome=ok handshakeMs=578 cache=hit cacheDir=/Users/rocket/.cache/neat-ai/wasm bundleBytes=1042991 bundleLoadMs=3 glueImportMs=15 instantiateMs=3 wasmTotalMs=22 workerError=none
[WasmWorkerInit] worker=worker-42 outcome=ok handshakeMs=570 cache=hit cacheDir=/Users/rocket/.cache/neat-ai/wasm bundleBytes=1042991 bundleLoadMs=3 glueImportMs=15 instantiateMs=3 wasmTotalMs=22 workerError=none
[neat-ai] running version 7.0.50
Skipping discovery: insufficient time (1m remaining, 2m estimated)
Fine tuning increased fitness by 2.563468514127365e-7 to 0.3328046949244119 adjusted 1 weight Restored: 1
[DynamicPool] 1 idle heavy worker(s) assisting breeding
[Neat] Discovery replay: no improvement found (evaluated: 0)
[PreWarm] 1 new templates, 1 cached, 2 unique topologies (40ms)
[Timing] fitness=180343ms breeding=1ms breedingWorker=1ms mainThreadOverlap=0ms resultProcessing=0ms memoryEviction=1ms preWarm=40ms pipelineOverlap=41ms sort=0ms writeScores=4ms mutation=0ms deduplication=57ms speciation=1ms total=181354ms
[Utilisation] fitness=0%fast/50%heavy breeding=0%fast/50%heavy overall=14%
[Throughput] wall=181354ms nonFitness=1011ms gensPerHour=19.9 fast=busy0ms/idle906770ms/depth4/wait0ms heavy=busy0ms/idle362708ms/depth1/wait0ms scorer=6.0ms/scored4/batchScored4/perCreatureScored0/batchInvocations1/creaturesPerSec0.0 corruptParentSkips=0
[WasmWorkerInit] worker=worker-43 outcome=ok handshakeMs=120 cache=hit cacheDir=/Users/rocket/.cache/neat-ai/wasm bundleBytes=1042991 bundleLoadMs=3 glueImportMs=15 instantiateMs=3 wasmTotalMs=22 workerError=none
[teams-memprofile] gen=13 pop=5 rss=526 heap=238 heap_limit=3168 avg_neurons=0 avg_synapses=14498
Generation 13 score 0.3328046949244119 (avg: 0.3328) error 0.6670482657053968 time 3m 1s 439ms
[DynamicPool] 1 idle heavy worker(s) assisting fitness evaluation
[NEAT-AI] Batch scorer partition: 4 forwardOnly batched, 0 recurrent batched, 0 per-creature
[WasmWorkerInit] worker=worker-44 outcome=ok handshakeMs=531 cache=hit cacheDir=/Users/rocket/.cache/neat-ai/wasm bundleBytes=1042991 bundleLoadMs=3 glueImportMs=15 instantiateMs=3 wasmTotalMs=22 workerError=none
[WasmWorkerInit] worker=worker-45 outcome=ok handshakeMs=489 cache=hit cacheDir=/Users/rocket/.cache/neat-ai/wasm bundleBytes=1042991 bundleLoadMs=3 glueImportMs=15 instantiateMs=3 wasmTotalMs=22 workerError=none
[WasmWorkerInit] worker=worker-46 outcome=ok handshakeMs=490 cache=hit cacheDir=/Users/rocket/.cache/neat-ai/wasm bundleBytes=1042991 bundleLoadMs=3 glueImportMs=15 instantiateMs=3 wasmTotalMs=22 workerError=none
[WasmWorkerInit] worker=worker-47 outcome=ok handshakeMs=523 cache=hit cacheDir=/Users/rocket/.cache/neat-ai/wasm bundleBytes=1042991 bundleLoadMs=3 glueImportMs=15 instantiateMs=3 wasmTotalMs=22 workerError=none
[WasmWorkerInit] worker=worker-48 outcome=ok handshakeMs=570 cache=hit cacheDir=/Users/rocket/.cache/neat-ai/wasm bundleBytes=1042991 bundleLoadMs=3 glueImportMs=15 instantiateMs=3 wasmTotalMs=22 workerError=none
[WasmWorkerInit] worker=worker-49 outcome=ok handshakeMs=664 cache=hit cacheDir=/Users/rocket/.cache/neat-ai/wasm bundleBytes=1042991 bundleLoadMs=3 glueImportMs=15 instantiateMs=3 wasmTotalMs=22 workerError=none
[neat-ai] running version 7.0.50
Fine tuning increased fitness by 4.575554671815141e-7 to 0.3328051524798791 adjusted 1 weight Restored: 1
[DynamicPool] 1 idle heavy worker(s) assisting breeding
[Neat] Discovery replay: no improvement found (evaluated: 0)
[Timing] fitness=177417ms breeding=1ms breedingWorker=1ms mainThreadOverlap=0ms resultProcessing=0ms preWarm=23ms pipelineOverlap=24ms sort=0ms writeScores=3ms mutation=89ms deduplication=40ms speciation=1ms total=178482ms
[Utilisation] fitness=0%fast/50%heavy breeding=0%fast/50%heavy overall=14%
[MutationOps] MOD_WEIGHT proposed=1 noChange=0 applied=1 reverted=0 evaluated=0 accepted=0 rejected=0 evalMs=0 depth[in=0 mid=0 out=0 ?=1] || resolved=0 multiOperator=0 discarded=0 evalMs=0 mcmc=0/0
[Throughput] wall=178482ms nonFitness=1065ms gensPerHour=20.2 fast=busy0ms/idle892410ms/depth4/wait0ms heavy=busy0ms/idle356964ms/depth1/wait0ms scorer=10.1ms/scored4/batchScored4/perCreatureScored0/batchInvocations1/creaturesPerSec0.0 corruptParentSkips=0
[WasmWorkerInit] worker=worker-50 outcome=ok handshakeMs=200 cache=hit cacheDir=/Users/rocket/.cache/neat-ai/wasm bundleBytes=1042991 bundleLoadMs=3 glueImportMs=15 instantiateMs=3 wasmTotalMs=22 workerError=none
[teams-memprofile] gen=14 pop=5 rss=524 heap=152 heap_limit=3168 avg_neurons=0 avg_synapses=14498
Generation 14 score 0.3328051524798791 (avg: 0.3328) error 0.6670478081499296 time 2m 58s 558ms
Set training/discovery clean up count to 2
[Neat] Stuck-task watchdog abandoning 1 training task(s) past per-task deadline: 40e4229d
Worker task 3 on worker-6 was cancelled after 901880ms without a response: training task 40e4229d passed its per-task deadline without returning a result (GRQ #4489)
[worker-6] quarantined — training task 40e4229d passed its per-task deadline without returning a result; it will not be given further work (GRQ #4489)
Waiting for training/discovery clean up 2
[Neat] Training over-run: elapsed exceeded expected duration × 1 — stopping new generations and finishing with the evolved population
Waiting for training/discovery clean up 1
Training failed for creature 40e4229d: WorkerTaskCancelledError: Worker task 3 on worker-6 was cancelled after 901880ms without a response: training task 40e4229d passed its per-task deadline without returning a result (GRQ #4489)
    at WorkerHandler.cancelTask (https://jsr.io/@stsoftware/neat-ai/7.0.50/src/workers/WorkerHandlerBase.ts:682:19)
    at Neat.cancelTrainingWork (https://jsr.io/@stsoftware/neat-ai/7.0.50/src/NEAT/Neat.ts:912:37)
    at Neat.abandonStuckTrainingTasks (https://jsr.io/@stsoftware/neat-ai/7.0.50/src/NEAT/Neat.ts:875:14)
    at Neat.finishUp (https://jsr.io/@stsoftware/neat-ai/7.0.50/src/NEAT/Neat.ts:712:10)
    at Module.evolveDir (https://jsr.io/@stsoftware/neat-ai/7.0.50/src/creature/CreatureTraining.ts:748:16)
    at async runLearn (file:///Users/rocket/GRQ/src/Learn.ts:1036:14)
    at async file:///Users/rocket/GRQ/src/Learn.ts:1161:3 {
  taskID: 3,
  workerID: 6,
  elapsedMs: 901880,
  reason: "training task 40e4229d passed its per-task deadline without returning a result"
}
[WasmWorkerInit] worker=worker-51 outcome=ok handshakeMs=483 cache=hit cacheDir=/Users/rocket/.cache/neat-ai/wasm bundleBytes=1042991 bundleLoadMs=3 glueImportMs=15 instantiateMs=3 wasmTotalMs=22 workerError=none
[WasmWorkerInit] worker=worker-52 outcome=ok handshakeMs=464 cache=hit cacheDir=/Users/rocket/.cache/neat-ai/wasm bundleBytes=1042991 bundleLoadMs=3 glueImportMs=15 instantiateMs=3 wasmTotalMs=22 workerError=none
[WasmWorkerInit] worker=worker-53 outcome=ok handshakeMs=469 cache=hit cacheDir=/Users/rocket/.cache/neat-ai/wasm bundleBytes=1042991 bundleLoadMs=3 glueImportMs=15 instantiateMs=3 wasmTotalMs=22 workerError=none
[WasmWorkerInit] worker=worker-54 outcome=ok handshakeMs=521 cache=hit cacheDir=/Users/rocket/.cache/neat-ai/wasm bundleBytes=1042991 bundleLoadMs=3 glueImportMs=15 instantiateMs=3 wasmTotalMs=22 workerError=none
[WasmWorkerInit] worker=worker-55 outcome=ok handshakeMs=520 cache=hit cacheDir=/Users/rocket/.cache/neat-ai/wasm bundleBytes=1042991 bundleLoadMs=3 glueImportMs=15 instantiateMs=3 wasmTotalMs=22 workerError=none
[WasmWorkerInit] worker=worker-56 outcome=ok handshakeMs=551 cache=hit cacheDir=/Users/rocket/.cache/neat-ai/wasm bundleBytes=1042991 bundleLoadMs=3 glueImportMs=15 instantiateMs=3 wasmTotalMs=22 workerError=none
[neat-ai] running version 7.0.50
[evolveDir] teardown complete: 7 worker(s) terminated, 0 detached; replay queue drained
[training-skip] summary skipped=0 populationSkipped=0 creatureSkipped=0 otherSkipped=0 improvements=0 regressions=0 noChange=1 neatSkipped=0 regressionRate=0 (#4713)
2026-10-06T13:50:43.198Z [INFO] [Learn] [pid-37728] Evolution of 14 generations in 44m 26s, averaging 3m 10s 395ms
2026-10-06T13:50:43.198Z [INFO] [Learn] [pid-37728] [seed] loaded=45 skipped=0 kept=45 dropped=0 populationSize=5 dir=.creatures/Enceladus (#4300)
2026-10-06T13:50:43.198Z [INFO] [Learn] [pid-37728] [seed] best=GRQ-18-lamarck-100.json@0.3328040089245326 worst-kept=GRQ-23-100.json@0.20881590885983098 best-dropped=none (#4300)
2026-10-06T13:50:43.198Z [WARN] [Learn] [pid-37728] model training over-run: elapsed 44m 25s vs expected 42m — stopping further generations; results committed (#4141)
2026-10-06T13:50:43.253Z [INFO] [saveValidatedCreatureExport] [pid-37728] [forward-only] saved file=.creature.json
[stage] done: team-learn-Enceladus-loop-4
[teams-gen1] loop=4 calibrated secs=2665 generations=14 seeds=45 synapses=629369 pop=20 effective_rate=1 (#4610)
[00:50:43] 📊 Team performance recorded: team=Enceladus stage_pct=100 pop=20 gens=14 time=2665523ms score=0.3328051524798791 NEAT-AI 7.0.50 mode=none
[scoring-provenance] host=GRQ-26 path=checkin data=trainData-binary_116 data_sha=65f218b20159d74c02962ef5aaa7bc94d21148a28aa772e41d6144d0a48c2a12 scorer=native scorer_sha=b35d97780525983a4748d3c340d74611a5bbb89f9fb51adbf2228b89ff94276e neat_ai=7.0.50 core_sha=58b8842066d9a1b640c4ba9551074f4432fb891f core_dirty=no scorer_src_sha=f044b409b6cf1e12a1d457b73f9a1aa41f6c9005 scorer_src_dirty=no
GIT pull GRQ-teams
HEAD is now at f6ed4a1f7 GRQ-21 (100%), score: 0.332818 improved by 1.09e-05
GIT-OP: [teams-checkin] git pull ok in 3s (attempt 1/3, timeout=600s)
Already up to date.
ℹ️ teams/checkin: no improvement for GRQ-26 at 100% (new=0.3328051524798791 ≤ old=0.3328100032823319); skipping check-in (#2430)
✅ GRQ-sampler already fetched in this session (skipping)
📊 Training data likely unchanged. Allowing check-in regardless of score change.
[00:50:47] 📦 checkin-sample.sh on host GRQ-26 (via teams/run.sh, team: 💧 Enceladus)
GIT-OP: [checkin-sample] git pull ok in 6s (attempt 1/3, timeout=600s)
From github.com:stSoftwareAU/GRQ-sampler
   ffd8d7b21..46593e014  main       -> origin/main
Updating ffd8d7b21..46593e014
Fast-forward
 TacitKnowledge/hive.json          |     11 +-
 performance.csv                   |     12 +
 samples/GRQ-10-1.json             |    429 +-
 samples/GRQ-11-1.json             |    380 +-
 samples/GRQ-12-1.json             |    128 +-
 samples/GRQ-13-1.json             |     96 +-
 samples/GRQ-18-1.json             |     62 +-
 samples/GRQ-19-1.json             |     74 +-
 samples/GRQ-22-1.json             |     32 +-
 samples/GRQ-24-1.json             | 367404 +++++++++++++++++++++++++++++++++++
 samples/GRQ-24-forests.json       |   1529 +-
 samples/GRQ-25-1.json             |     94 +-
 samples/GRQ-25-forests.json       | 278449 +++++++++++++-------------
 samples/GRQ-3-1.json              |     20 +-
 samples/GRQ-3-forests.json        |   3407 +-
 samples/Mac-Ultra-M2-1.json       |    465 +-
 samples/Mac-Ultra-M2-lamarck.json |    155 +-
 17 files changed, 512246 insertions(+), 140501 deletions(-)
 create mode 100644 samples/GRQ-24-1.json
[00:50:55] 🧭 check-in provenance: caller=teams/run.sh host=GRQ-26 since-previous=unknown
[scoring-provenance] host=GRQ-26 path=confirm data=trainData-binary_116 data_sha=65f218b20159d74c02962ef5aaa7bc94d21148a28aa772e41d6144d0a48c2a12 scorer=native scorer_sha=b35d97780525983a4748d3c340d74611a5bbb89f9fb51adbf2228b89ff94276e neat_ai=7.0.50 core_sha=58b8842066d9a1b640c4ba9551074f4432fb891f core_dirty=no scorer_src_sha=f044b409b6cf1e12a1d457b73f9a1aa41f6c9005 scorer_src_dirty=no
[neat-ai] running version 7.0.50
2026-10-06T13:51:07.517Z [INFO] [ConfirmScore] [pid-55077] ✅ verified Score in 10s 555ms
2026-10-06T13:51:07.518Z [INFO] [ConfirmScore] [pid-55077] [scorer-summary] program=IntelligentDesign.ConfirmScore rust=1 wasm=0 worker-pool-size=0 peak-concurrent=1 elapsed=11s
[checkin-confirm] host=GRQ-26 creature=/Users/rocket/GRQ/.creatures/Enceladus/1.json claimed=0.3328051524798791 confirmed=0.3328051524798791 delta=0 rel=0 budget=1800s bound=timeout (#4372)
🧬 [provenance-tags] checkin-confirm: 1.json scoreVerified=confirm:0.3328051524798791 (#4374)
[00:51:07] [checkin-stage] caller=teams/run.sh host=GRQ-26 creature=/Users/rocket/GRQ/.creatures/Enceladus/1.json score=0.3328051524798791 neurons=19 synapses=14513 baseline=samples/Enceladus.json previous=0.33281820977239146 (#4299)
[checkin-floor] accept baseline=samples/Enceladus.json previous=0.33281820977239146 candidate=0.3328051524798791 max_drop=25% drop=0.00% reason=within-floor (#4299)
[checkin-ceiling] accept baseline=samples/Enceladus.json previous=0.33281820977239146 candidate=0.3328051524798791 max_gain=10% gain=-0.00% reason=within-ceiling (#4373)
🧬 [provenance-tags] checkin-sample: GRQ-26-1.json stamped scorerSha=b35d97780525983a4748d3c340d74611a5bbb89f9fb51adbf2228b89ff94276e dataSha=65f218b20159d74c02962ef5aaa7bc94d21148a28aa772e41d6144d0a48c2a12 neatAi=7.0.50 (#4374)
[00:51:19] ✅ Committing 💧 Enceladus 🎯, Score: 0.332805
[main 4f3143ca6] 💧 Enceladus 🎯, Score: 0.332805, Neurons: 19 & Synapses: 14,513
 1 file changed, 6443 insertions(+), 6446 deletions(-)
GIT-OP: [checkin-sample] git push ok in 4s (attempt 1/3, timeout=600s)
To github.com:stSoftwareAU/GRQ-sampler.git
   46593e014..4f3143ca6  main -> main
[wasm-activation-health] failures=0 firstUuid=none firstStage=none
[discovery-worker-fallback] fallbacks=0 firstError=none
[scorer-engine-split] splits=0 firstReason=none
[stage-failure-health] failures=0 firstStage=none firstExitCode=0 firstHitLine=0
GIT-OP: [reset] git fetch ok in 3s (attempt 1/3, timeout=600s)
From github.com:stSoftwareAU/GRQ
   62d5c076..178e347e  Develop    -> origin/Develop
HEAD is now at 178e347e NewsVolume.ts and TrainV38.ts interpolate unvalidated symbol into the sentiment directory path (siblings of 5097) (Issue #5120) (#5179)
GIT-OP: [model_fetch GRQ-health] git fetch ok in 3s (attempt 1/6, timeout=none)
From github.com:stSoftwareAU/GRQ-health
   04c0c91167..ccd52bd794  Develop    -> origin/Develop
HEAD is now at ccd52bd794 Feed completion: commodities no-change for 20261006 on GRQ-3/scorer
branch 'Develop' set up to track 'origin/Develop'.
Your branch is up to date with 'origin/Develop'.
📦 [feed-repo-size] repo=GRQ-health size-pack-kib=662827 head-tree-kib=unmeasured ratio=n/a threshold=3 promisor=false action=none
✅ GRQ-health synced with remote (validation skipped)
🩺 [health_sync] entry repo=/Users/rocket/GRQ-health branch=Develop local_ahead=0 behind=0
🩺 [health_sync] decision path=noop
🩺 [health_sync] result status=ok
Updating health information...
Already up to date.
Updated health information for GRQ-26
