[log truncated by run.sh: showing the last 64 KB of 403 KB; the full log is on the host]
[semver-check] main-loop.pre-safety-check dir=/Users/sloth/GRQ/.creatures/Enceladus file=/Users/sloth/GRQ/.creatures/Enceladus/GRQ-3-backprop-100.json version=4.0.0
[semver-check] main-loop.pre-safety-check dir=/Users/sloth/GRQ/.creatures/Enceladus file=/Users/sloth/GRQ/.creatures/Enceladus/GRQ-3-discovery-100.json version=4.0.0
[semver-check] main-loop.pre-safety-check dir=/Users/sloth/GRQ/.creatures/Enceladus file=/Users/sloth/GRQ/.creatures/Enceladus/GRQ-3-id-100.json version=4.0.0
[semver-check] main-loop.pre-safety-check dir=/Users/sloth/GRQ/.creatures/Enceladus file=/Users/sloth/GRQ/.creatures/Enceladus/GRQ-3-lamarck-100.json version=4.0.0
[semver-check] main-loop.pre-safety-check dir=/Users/sloth/GRQ/.creatures/Enceladus file=/Users/sloth/GRQ/.creatures/Enceladus/Mac-Ultra-M2-100.json version=4.0.0
[semver-check] main-loop.pre-safety-check dir=/Users/sloth/GRQ/.creatures/Enceladus file=/Users/sloth/GRQ/.creatures/Enceladus/Mac-Ultra-M2-backprop-100.json version=4.0.0
[semver-check] main-loop.pre-safety-check dir=/Users/sloth/GRQ/.creatures/Enceladus file=/Users/sloth/GRQ/.creatures/Enceladus/Mac-Ultra-M2-lamarck-100.json version=4.0.0
[semver-check] main-loop.pre-safety-check dir=/Users/sloth/GRQ/.creatures/Enceladus file=/Users/sloth/GRQ/.creatures/Enceladus/factory-seed.json version=4.0.0
[semver-check] main-loop.pre-safety-check dir=/Users/sloth/GRQ/.creatures/Enceladus file=/Users/sloth/GRQ/.creatures/Enceladus/sampler-1.json version=4.0.0
[semver-check] main-loop.pre-safety-check dir=/Users/sloth/GRQ/.creatures/Enceladus file=/Users/sloth/GRQ/.creatures/Enceladus/sampler-2.json version=4.0.0
[semver-check] main-loop.pre-safety-check dir=/Users/sloth/GRQ/.creatures/Enceladus file=/Users/sloth/GRQ/.creatures/Enceladus/sampler-3.json version=4.0.0
[semver-check] main-loop.pre-safety-check dir=/Users/sloth/GRQ/.creatures/Enceladus file=/Users/sloth/GRQ/.creatures/Enceladus/sampler-4.json version=4.0.0
[semver-check] final-check-start dir=/Users/sloth/GRQ/.creatures/Enceladus file=/Users/sloth/GRQ/.creatures/Enceladus/GRQ-10-100.json version=4.0.0
[semver-check] final-check-start dir=/Users/sloth/GRQ/.creatures/Enceladus file=/Users/sloth/GRQ/.creatures/Enceladus/GRQ-10-backprop-100.json version=4.0.0
[semver-check] final-check-start dir=/Users/sloth/GRQ/.creatures/Enceladus file=/Users/sloth/GRQ/.creatures/Enceladus/GRQ-10-discovery-100.json version=4.0.0
[semver-check] final-check-start dir=/Users/sloth/GRQ/.creatures/Enceladus file=/Users/sloth/GRQ/.creatures/Enceladus/GRQ-10-id-100.json version=4.0.0
[semver-check] final-check-start dir=/Users/sloth/GRQ/.creatures/Enceladus file=/Users/sloth/GRQ/.creatures/Enceladus/GRQ-10-lamarck-100.json version=4.0.0
[semver-check] final-check-start dir=/Users/sloth/GRQ/.creatures/Enceladus file=/Users/sloth/GRQ/.creatures/Enceladus/GRQ-13-100.json version=4.0.0
[semver-check] final-check-start dir=/Users/sloth/GRQ/.creatures/Enceladus file=/Users/sloth/GRQ/.creatures/Enceladus/GRQ-13-backprop-100.json version=4.0.0
[semver-check] final-check-start dir=/Users/sloth/GRQ/.creatures/Enceladus file=/Users/sloth/GRQ/.creatures/Enceladus/GRQ-13-discovery-100.json version=4.0.0
[semver-check] final-check-start dir=/Users/sloth/GRQ/.creatures/Enceladus file=/Users/sloth/GRQ/.creatures/Enceladus/GRQ-13-id-100.json version=4.0.0
[semver-check] final-check-start dir=/Users/sloth/GRQ/.creatures/Enceladus file=/Users/sloth/GRQ/.creatures/Enceladus/GRQ-13-lamarck-100.json version=4.0.0
[semver-check] final-check-start dir=/Users/sloth/GRQ/.creatures/Enceladus file=/Users/sloth/GRQ/.creatures/Enceladus/GRQ-18-100.json version=4.0.0
[semver-check] final-check-start dir=/Users/sloth/GRQ/.creatures/Enceladus file=/Users/sloth/GRQ/.creatures/Enceladus/GRQ-18-backprop-100.json version=4.0.0
[semver-check] final-check-start dir=/Users/sloth/GRQ/.creatures/Enceladus file=/Users/sloth/GRQ/.creatures/Enceladus/GRQ-18-id-100.json version=4.0.0
[semver-check] final-check-start dir=/Users/sloth/GRQ/.creatures/Enceladus file=/Users/sloth/GRQ/.creatures/Enceladus/GRQ-18-lamarck-100.json version=4.0.0
[semver-check] final-check-start dir=/Users/sloth/GRQ/.creatures/Enceladus file=/Users/sloth/GRQ/.creatures/Enceladus/GRQ-19-100.json version=4.0.0
[semver-check] final-check-start dir=/Users/sloth/GRQ/.creatures/Enceladus file=/Users/sloth/GRQ/.creatures/Enceladus/GRQ-19-backprop-100.json version=4.0.0
[semver-check] final-check-start dir=/Users/sloth/GRQ/.creatures/Enceladus file=/Users/sloth/GRQ/.creatures/Enceladus/GRQ-19-discovery-100.json version=4.0.0
[semver-check] final-check-start dir=/Users/sloth/GRQ/.creatures/Enceladus file=/Users/sloth/GRQ/.creatures/Enceladus/GRQ-19-id-100.json version=4.0.0
[semver-check] final-check-start dir=/Users/sloth/GRQ/.creatures/Enceladus file=/Users/sloth/GRQ/.creatures/Enceladus/GRQ-19-lamarck-100.json version=4.0.0
[semver-check] final-check-start dir=/Users/sloth/GRQ/.creatures/Enceladus file=/Users/sloth/GRQ/.creatures/Enceladus/GRQ-21-100.json version=4.0.0
[semver-check] final-check-start dir=/Users/sloth/GRQ/.creatures/Enceladus file=/Users/sloth/GRQ/.creatures/Enceladus/GRQ-21-backprop-100.json version=4.0.0
[semver-check] final-check-start dir=/Users/sloth/GRQ/.creatures/Enceladus file=/Users/sloth/GRQ/.creatures/Enceladus/GRQ-21-discovery-100.json version=4.0.0
[semver-check] final-check-start dir=/Users/sloth/GRQ/.creatures/Enceladus file=/Users/sloth/GRQ/.creatures/Enceladus/GRQ-21-id-100.json version=4.0.0
[semver-check] final-check-start dir=/Users/sloth/GRQ/.creatures/Enceladus file=/Users/sloth/GRQ/.creatures/Enceladus/GRQ-21-lamarck-100.json version=4.0.0
[semver-check] final-check-start dir=/Users/sloth/GRQ/.creatures/Enceladus file=/Users/sloth/GRQ/.creatures/Enceladus/GRQ-22-100.json version=4.0.0
[semver-check] final-check-start dir=/Users/sloth/GRQ/.creatures/Enceladus file=/Users/sloth/GRQ/.creatures/Enceladus/GRQ-22-backprop-100.json version=4.0.0
[semver-check] final-check-start dir=/Users/sloth/GRQ/.creatures/Enceladus file=/Users/sloth/GRQ/.creatures/Enceladus/GRQ-22-id-100.json version=4.0.0
[semver-check] final-check-start dir=/Users/sloth/GRQ/.creatures/Enceladus file=/Users/sloth/GRQ/.creatures/Enceladus/GRQ-22-lamarck-100.json version=4.0.0
[semver-check] final-check-start dir=/Users/sloth/GRQ/.creatures/Enceladus file=/Users/sloth/GRQ/.creatures/Enceladus/GRQ-23-100.json version=4.0.0
[semver-check] final-check-start dir=/Users/sloth/GRQ/.creatures/Enceladus file=/Users/sloth/GRQ/.creatures/Enceladus/GRQ-23-id-100.json version=4.0.0
[semver-check] final-check-start dir=/Users/sloth/GRQ/.creatures/Enceladus file=/Users/sloth/GRQ/.creatures/Enceladus/GRQ-24-100.json version=4.0.0
[semver-check] final-check-start dir=/Users/sloth/GRQ/.creatures/Enceladus file=/Users/sloth/GRQ/.creatures/Enceladus/GRQ-24-backprop-100.json version=4.0.0
[semver-check] final-check-start dir=/Users/sloth/GRQ/.creatures/Enceladus file=/Users/sloth/GRQ/.creatures/Enceladus/GRQ-24-discovery-100.json version=4.0.0
[semver-check] final-check-start dir=/Users/sloth/GRQ/.creatures/Enceladus file=/Users/sloth/GRQ/.creatures/Enceladus/GRQ-24-id-100.json version=4.0.0
[semver-check] final-check-start dir=/Users/sloth/GRQ/.creatures/Enceladus file=/Users/sloth/GRQ/.creatures/Enceladus/GRQ-24-lamarck-100.json version=4.0.0
[semver-check] final-check-start dir=/Users/sloth/GRQ/.creatures/Enceladus file=/Users/sloth/GRQ/.creatures/Enceladus/GRQ-25-100.json version=4.0.0
[semver-check] final-check-start dir=/Users/sloth/GRQ/.creatures/Enceladus file=/Users/sloth/GRQ/.creatures/Enceladus/GRQ-25-backprop-100.json version=4.0.0
[semver-check] final-check-start dir=/Users/sloth/GRQ/.creatures/Enceladus file=/Users/sloth/GRQ/.creatures/Enceladus/GRQ-25-discovery-100.json version=4.0.0
[semver-check] final-check-start dir=/Users/sloth/GRQ/.creatures/Enceladus file=/Users/sloth/GRQ/.creatures/Enceladus/GRQ-25-id-100.json version=4.0.0
[semver-check] final-check-start dir=/Users/sloth/GRQ/.creatures/Enceladus file=/Users/sloth/GRQ/.creatures/Enceladus/GRQ-25-lamarck-100.json version=4.0.0
[semver-check] final-check-start dir=/Users/sloth/GRQ/.creatures/Enceladus file=/Users/sloth/GRQ/.creatures/Enceladus/GRQ-26-100.json version=4.0.0
[semver-check] final-check-start dir=/Users/sloth/GRQ/.creatures/Enceladus file=/Users/sloth/GRQ/.creatures/Enceladus/GRQ-3-100.json version=4.0.0
[semver-check] final-check-start dir=/Users/sloth/GRQ/.creatures/Enceladus file=/Users/sloth/GRQ/.creatures/Enceladus/GRQ-3-backprop-100.json version=4.0.0
[semver-check] final-check-start dir=/Users/sloth/GRQ/.creatures/Enceladus file=/Users/sloth/GRQ/.creatures/Enceladus/GRQ-3-discovery-100.json version=4.0.0
[semver-check] final-check-start dir=/Users/sloth/GRQ/.creatures/Enceladus file=/Users/sloth/GRQ/.creatures/Enceladus/GRQ-3-id-100.json version=4.0.0
[semver-check] final-check-start dir=/Users/sloth/GRQ/.creatures/Enceladus file=/Users/sloth/GRQ/.creatures/Enceladus/GRQ-3-lamarck-100.json version=4.0.0
[semver-check] final-check-start dir=/Users/sloth/GRQ/.creatures/Enceladus file=/Users/sloth/GRQ/.creatures/Enceladus/Mac-Ultra-M2-100.json version=4.0.0
[semver-check] final-check-start dir=/Users/sloth/GRQ/.creatures/Enceladus file=/Users/sloth/GRQ/.creatures/Enceladus/Mac-Ultra-M2-backprop-100.json version=4.0.0
[semver-check] final-check-start dir=/Users/sloth/GRQ/.creatures/Enceladus file=/Users/sloth/GRQ/.creatures/Enceladus/Mac-Ultra-M2-lamarck-100.json version=4.0.0
[semver-check] final-check-start dir=/Users/sloth/GRQ/.creatures/Enceladus file=/Users/sloth/GRQ/.creatures/Enceladus/factory-seed.json version=4.0.0
[semver-check] final-check-start dir=/Users/sloth/GRQ/.creatures/Enceladus file=/Users/sloth/GRQ/.creatures/Enceladus/sampler-1.json version=4.0.0
[semver-check] final-check-start dir=/Users/sloth/GRQ/.creatures/Enceladus file=/Users/sloth/GRQ/.creatures/Enceladus/sampler-2.json version=4.0.0
[semver-check] final-check-start dir=/Users/sloth/GRQ/.creatures/Enceladus file=/Users/sloth/GRQ/.creatures/Enceladus/sampler-3.json version=4.0.0
[semver-check] final-check-start dir=/Users/sloth/GRQ/.creatures/Enceladus file=/Users/sloth/GRQ/.creatures/Enceladus/sampler-4.json version=4.0.0
[semver-check] final-check file=/Users/sloth/GRQ/.creatures/Enceladus/GRQ-10-100.json version=4.0.0
[forward-only-check] file=/Users/sloth/GRQ/.creatures/Enceladus/GRQ-10-100.json status=true action=kept
[semver-check] final-check file=/Users/sloth/GRQ/.creatures/Enceladus/GRQ-10-backprop-100.json version=4.0.0
[forward-only-check] file=/Users/sloth/GRQ/.creatures/Enceladus/GRQ-10-backprop-100.json status=true action=kept
[semver-check] final-check file=/Users/sloth/GRQ/.creatures/Enceladus/GRQ-10-discovery-100.json version=4.0.0
[forward-only-check] file=/Users/sloth/GRQ/.creatures/Enceladus/GRQ-10-discovery-100.json status=true action=kept
[semver-check] final-check file=/Users/sloth/GRQ/.creatures/Enceladus/GRQ-10-id-100.json version=4.0.0
[forward-only-check] file=/Users/sloth/GRQ/.creatures/Enceladus/GRQ-10-id-100.json status=true action=kept
[semver-check] final-check file=/Users/sloth/GRQ/.creatures/Enceladus/GRQ-10-lamarck-100.json version=4.0.0
[forward-only-check] file=/Users/sloth/GRQ/.creatures/Enceladus/GRQ-10-lamarck-100.json status=true action=kept
[semver-check] final-check file=/Users/sloth/GRQ/.creatures/Enceladus/GRQ-13-100.json version=4.0.0
[forward-only-check] file=/Users/sloth/GRQ/.creatures/Enceladus/GRQ-13-100.json status=true action=kept
[semver-check] final-check file=/Users/sloth/GRQ/.creatures/Enceladus/GRQ-13-backprop-100.json version=4.0.0
[forward-only-check] file=/Users/sloth/GRQ/.creatures/Enceladus/GRQ-13-backprop-100.json status=true action=kept
[semver-check] final-check file=/Users/sloth/GRQ/.creatures/Enceladus/GRQ-13-discovery-100.json version=4.0.0
[forward-only-check] file=/Users/sloth/GRQ/.creatures/Enceladus/GRQ-13-discovery-100.json status=true action=kept
[semver-check] final-check file=/Users/sloth/GRQ/.creatures/Enceladus/GRQ-13-id-100.json version=4.0.0
[forward-only-check] file=/Users/sloth/GRQ/.creatures/Enceladus/GRQ-13-id-100.json status=true action=kept
[semver-check] final-check file=/Users/sloth/GRQ/.creatures/Enceladus/GRQ-13-lamarck-100.json version=4.0.0
[forward-only-check] file=/Users/sloth/GRQ/.creatures/Enceladus/GRQ-13-lamarck-100.json status=true action=kept
[semver-check] final-check file=/Users/sloth/GRQ/.creatures/Enceladus/GRQ-18-100.json version=4.0.0
[forward-only-check] file=/Users/sloth/GRQ/.creatures/Enceladus/GRQ-18-100.json status=true action=kept
[semver-check] final-check file=/Users/sloth/GRQ/.creatures/Enceladus/GRQ-18-backprop-100.json version=4.0.0
[forward-only-check] file=/Users/sloth/GRQ/.creatures/Enceladus/GRQ-18-backprop-100.json status=true action=kept
[semver-check] final-check file=/Users/sloth/GRQ/.creatures/Enceladus/GRQ-18-id-100.json version=4.0.0
[forward-only-check] file=/Users/sloth/GRQ/.creatures/Enceladus/GRQ-18-id-100.json status=true action=kept
[semver-check] final-check file=/Users/sloth/GRQ/.creatures/Enceladus/GRQ-18-lamarck-100.json version=4.0.0
[forward-only-check] file=/Users/sloth/GRQ/.creatures/Enceladus/GRQ-18-lamarck-100.json status=true action=kept
[semver-check] final-check file=/Users/sloth/GRQ/.creatures/Enceladus/GRQ-19-100.json version=4.0.0
[forward-only-check] file=/Users/sloth/GRQ/.creatures/Enceladus/GRQ-19-100.json status=true action=kept
[semver-check] final-check file=/Users/sloth/GRQ/.creatures/Enceladus/GRQ-19-backprop-100.json version=4.0.0
[forward-only-check] file=/Users/sloth/GRQ/.creatures/Enceladus/GRQ-19-backprop-100.json status=true action=kept
[semver-check] final-check file=/Users/sloth/GRQ/.creatures/Enceladus/GRQ-19-discovery-100.json version=4.0.0
[forward-only-check] file=/Users/sloth/GRQ/.creatures/Enceladus/GRQ-19-discovery-100.json status=true action=kept
[semver-check] final-check file=/Users/sloth/GRQ/.creatures/Enceladus/GRQ-19-id-100.json version=4.0.0
[forward-only-check] file=/Users/sloth/GRQ/.creatures/Enceladus/GRQ-19-id-100.json status=true action=kept
[semver-check] final-check file=/Users/sloth/GRQ/.creatures/Enceladus/GRQ-19-lamarck-100.json version=4.0.0
[forward-only-check] file=/Users/sloth/GRQ/.creatures/Enceladus/GRQ-19-lamarck-100.json status=true action=kept
[semver-check] final-check file=/Users/sloth/GRQ/.creatures/Enceladus/GRQ-21-100.json version=4.0.0
[forward-only-check] file=/Users/sloth/GRQ/.creatures/Enceladus/GRQ-21-100.json status=true action=kept
[semver-check] final-check file=/Users/sloth/GRQ/.creatures/Enceladus/GRQ-21-backprop-100.json version=4.0.0
[forward-only-check] file=/Users/sloth/GRQ/.creatures/Enceladus/GRQ-21-backprop-100.json status=true action=kept
[semver-check] final-check file=/Users/sloth/GRQ/.creatures/Enceladus/GRQ-21-discovery-100.json version=4.0.0
[forward-only-check] file=/Users/sloth/GRQ/.creatures/Enceladus/GRQ-21-discovery-100.json status=true action=kept
[semver-check] final-check file=/Users/sloth/GRQ/.creatures/Enceladus/GRQ-21-id-100.json version=4.0.0
[forward-only-check] file=/Users/sloth/GRQ/.creatures/Enceladus/GRQ-21-id-100.json status=true action=kept
[semver-check] final-check file=/Users/sloth/GRQ/.creatures/Enceladus/GRQ-21-lamarck-100.json version=4.0.0
[forward-only-check] file=/Users/sloth/GRQ/.creatures/Enceladus/GRQ-21-lamarck-100.json status=true action=kept
[semver-check] final-check file=/Users/sloth/GRQ/.creatures/Enceladus/GRQ-22-100.json version=4.0.0
[forward-only-check] file=/Users/sloth/GRQ/.creatures/Enceladus/GRQ-22-100.json status=true action=kept
[semver-check] final-check file=/Users/sloth/GRQ/.creatures/Enceladus/GRQ-22-backprop-100.json version=4.0.0
[forward-only-check] file=/Users/sloth/GRQ/.creatures/Enceladus/GRQ-22-backprop-100.json status=true action=kept
[semver-check] final-check file=/Users/sloth/GRQ/.creatures/Enceladus/GRQ-22-id-100.json version=4.0.0
[forward-only-check] file=/Users/sloth/GRQ/.creatures/Enceladus/GRQ-22-id-100.json status=true action=kept
[semver-check] final-check file=/Users/sloth/GRQ/.creatures/Enceladus/GRQ-22-lamarck-100.json version=4.0.0
[forward-only-check] file=/Users/sloth/GRQ/.creatures/Enceladus/GRQ-22-lamarck-100.json status=true action=kept
[semver-check] final-check file=/Users/sloth/GRQ/.creatures/Enceladus/GRQ-23-100.json version=4.0.0
[forward-only-check] file=/Users/sloth/GRQ/.creatures/Enceladus/GRQ-23-100.json status=true action=kept
[semver-check] final-check file=/Users/sloth/GRQ/.creatures/Enceladus/GRQ-23-id-100.json version=4.0.0
[forward-only-check] file=/Users/sloth/GRQ/.creatures/Enceladus/GRQ-23-id-100.json status=true action=kept
[semver-check] final-check file=/Users/sloth/GRQ/.creatures/Enceladus/GRQ-24-100.json version=4.0.0
[forward-only-check] file=/Users/sloth/GRQ/.creatures/Enceladus/GRQ-24-100.json status=true action=kept
[semver-check] final-check file=/Users/sloth/GRQ/.creatures/Enceladus/GRQ-24-backprop-100.json version=4.0.0
[forward-only-check] file=/Users/sloth/GRQ/.creatures/Enceladus/GRQ-24-backprop-100.json status=true action=kept
[semver-check] final-check file=/Users/sloth/GRQ/.creatures/Enceladus/GRQ-24-discovery-100.json version=4.0.0
[forward-only-check] file=/Users/sloth/GRQ/.creatures/Enceladus/GRQ-24-discovery-100.json status=true action=kept
[semver-check] final-check file=/Users/sloth/GRQ/.creatures/Enceladus/GRQ-24-id-100.json version=4.0.0
[forward-only-check] file=/Users/sloth/GRQ/.creatures/Enceladus/GRQ-24-id-100.json status=true action=kept
[semver-check] final-check file=/Users/sloth/GRQ/.creatures/Enceladus/GRQ-24-lamarck-100.json version=4.0.0
[forward-only-check] file=/Users/sloth/GRQ/.creatures/Enceladus/GRQ-24-lamarck-100.json status=true action=kept
[semver-check] final-check file=/Users/sloth/GRQ/.creatures/Enceladus/GRQ-25-100.json version=4.0.0
[forward-only-check] file=/Users/sloth/GRQ/.creatures/Enceladus/GRQ-25-100.json status=true action=kept
[semver-check] final-check file=/Users/sloth/GRQ/.creatures/Enceladus/GRQ-25-backprop-100.json version=4.0.0
[forward-only-check] file=/Users/sloth/GRQ/.creatures/Enceladus/GRQ-25-backprop-100.json status=true action=kept
[semver-check] final-check file=/Users/sloth/GRQ/.creatures/Enceladus/GRQ-25-discovery-100.json version=4.0.0
[forward-only-check] file=/Users/sloth/GRQ/.creatures/Enceladus/GRQ-25-discovery-100.json status=true action=kept
[semver-check] final-check file=/Users/sloth/GRQ/.creatures/Enceladus/GRQ-25-id-100.json version=4.0.0
[forward-only-check] file=/Users/sloth/GRQ/.creatures/Enceladus/GRQ-25-id-100.json status=true action=kept
[semver-check] final-check file=/Users/sloth/GRQ/.creatures/Enceladus/GRQ-25-lamarck-100.json version=4.0.0
[forward-only-check] file=/Users/sloth/GRQ/.creatures/Enceladus/GRQ-25-lamarck-100.json status=true action=kept
[semver-check] final-check file=/Users/sloth/GRQ/.creatures/Enceladus/GRQ-26-100.json version=4.0.0
[forward-only-check] file=/Users/sloth/GRQ/.creatures/Enceladus/GRQ-26-100.json status=true action=kept
[semver-check] final-check file=/Users/sloth/GRQ/.creatures/Enceladus/GRQ-3-100.json version=4.0.0
[forward-only-check] file=/Users/sloth/GRQ/.creatures/Enceladus/GRQ-3-100.json status=true action=kept
[semver-check] final-check file=/Users/sloth/GRQ/.creatures/Enceladus/GRQ-3-backprop-100.json version=4.0.0
[forward-only-check] file=/Users/sloth/GRQ/.creatures/Enceladus/GRQ-3-backprop-100.json status=true action=kept
[semver-check] final-check file=/Users/sloth/GRQ/.creatures/Enceladus/GRQ-3-discovery-100.json version=4.0.0
[forward-only-check] file=/Users/sloth/GRQ/.creatures/Enceladus/GRQ-3-discovery-100.json status=true action=kept
[semver-check] final-check file=/Users/sloth/GRQ/.creatures/Enceladus/GRQ-3-id-100.json version=4.0.0
[forward-only-check] file=/Users/sloth/GRQ/.creatures/Enceladus/GRQ-3-id-100.json status=true action=kept
[semver-check] final-check file=/Users/sloth/GRQ/.creatures/Enceladus/GRQ-3-lamarck-100.json version=4.0.0
[forward-only-check] file=/Users/sloth/GRQ/.creatures/Enceladus/GRQ-3-lamarck-100.json status=true action=kept
[semver-check] final-check file=/Users/sloth/GRQ/.creatures/Enceladus/Mac-Ultra-M2-100.json version=4.0.0
[forward-only-check] file=/Users/sloth/GRQ/.creatures/Enceladus/Mac-Ultra-M2-100.json status=true action=kept
[semver-check] final-check file=/Users/sloth/GRQ/.creatures/Enceladus/Mac-Ultra-M2-backprop-100.json version=4.0.0
[forward-only-check] file=/Users/sloth/GRQ/.creatures/Enceladus/Mac-Ultra-M2-backprop-100.json status=true action=kept
[semver-check] final-check file=/Users/sloth/GRQ/.creatures/Enceladus/Mac-Ultra-M2-lamarck-100.json version=4.0.0
[forward-only-check] file=/Users/sloth/GRQ/.creatures/Enceladus/Mac-Ultra-M2-lamarck-100.json status=true action=kept
[semver-check] final-check file=/Users/sloth/GRQ/.creatures/Enceladus/factory-seed.json version=4.0.0
[forward-only-check] file=/Users/sloth/GRQ/.creatures/Enceladus/factory-seed.json status=true action=kept
[semver-check] final-check file=/Users/sloth/GRQ/.creatures/Enceladus/sampler-1.json version=4.0.0
[forward-only-check] file=/Users/sloth/GRQ/.creatures/Enceladus/sampler-1.json status=true action=kept
[semver-check] final-check file=/Users/sloth/GRQ/.creatures/Enceladus/sampler-2.json version=4.0.0
[forward-only-check] file=/Users/sloth/GRQ/.creatures/Enceladus/sampler-2.json status=true action=kept
[semver-check] final-check file=/Users/sloth/GRQ/.creatures/Enceladus/sampler-3.json version=4.0.0
[forward-only-check] file=/Users/sloth/GRQ/.creatures/Enceladus/sampler-3.json status=true action=kept
[semver-check] final-check file=/Users/sloth/GRQ/.creatures/Enceladus/sampler-4.json version=4.0.0
[forward-only-check] file=/Users/sloth/GRQ/.creatures/Enceladus/sampler-4.json status=true action=kept
🧹 [teams-gen1] loop=4 shed file=/Users/sloth/GRQ/.creatures/Enceladus/factory-seed.json synapses=123100 — trimming the seed set to what the 3840s hard deadline can score; the GRQ-teams archive copy is untouched (#4610)
[teams-gen1] loop=4 seeds=53 synapses=741486 rate=1.00 corpus=1 effective_rate=1 timeout=49m projected=1695s required=3390s hard_deadline=3840s action=shed (#4610)
[stage] start: team-learn-Enceladus-loop-4
[heap-grant] stage=TeamsLearn | Heap: 3072 MB | Total RAM: 8 GB | Available: 6471 MB | Planning budget: 4096 MB | FFI/OS headroom: 1536 MB | Floor: 3072 MB | Cap: 24576 MB (default) | Clamp: 4935 MB (available)
[team-worker-spawn] loop=4 threads=7 cpus=8 heap_mb=3072 tree_rss_mb=9
2026-09-29T14:10:08.528Z [INFO] [from-json-hook] [pid-89906] [from-json-hook] installed source=Learn
2026-09-29T14:10:08.536Z [INFO] [memoryProfile] [pid-89906] [memory-profile] host=GRQ-26 totalMB=3397 profile=minimal popSize=5 activationCap=1
2026-09-29T14:10:08.780Z [INFO] [Learn] [pid-89906] WASM activation initialised for main thread and workers
[neat-ai] running version 7.0.48
2026-09-29T14:10:09.049Z [INFO] [Learn] [pid-89906] John Doe (Observations: 2,511, Neurons: 51, Synapses: 123,100 & Score: -1)
2026-09-29T14:10:09.083Z [INFO] [Learn] [pid-89906] [seed] loaded file=GRQ-24-id-100.json score=0.3301323341532578
2026-09-29T14:10:09.112Z [INFO] [Learn] [pid-89906] [seed] loaded file=Mac-Ultra-M2-backprop-100.json score=0.31606208069734293
2026-09-29T14:10:09.138Z [INFO] [Learn] [pid-89906] [seed] loaded file=GRQ-25-backprop-100.json score=0.3242853177800449
2026-09-29T14:10:09.164Z [INFO] [Learn] [pid-89906] [seed] loaded file=GRQ-19-lamarck-100.json score=0.3317656333222518
2026-09-29T14:10:09.191Z [INFO] [Learn] [pid-89906] [seed] loaded file=GRQ-21-backprop-100.json score=0.3289403501996381
2026-09-29T14:10:09.217Z [INFO] [Learn] [pid-89906] [seed] loaded file=sampler-4.json score=0.33197857973716466
2026-09-29T14:10:09.248Z [INFO] [Learn] [pid-89906] [seed] loaded file=GRQ-25-100.json score=0.3319126135883663
2026-09-29T14:10:09.274Z [INFO] [Learn] [pid-89906] [seed] loaded file=GRQ-24-100.json score=0.3315620793181006
2026-09-29T14:10:09.300Z [INFO] [Learn] [pid-89906] [seed] loaded file=GRQ-10-100.json score=0.3319714990583114
2026-09-29T14:10:09.327Z [INFO] [Learn] [pid-89906] [seed] loaded file=GRQ-21-discovery-100.json score=0.3300839101867644
2026-09-29T14:10:09.356Z [INFO] [Learn] [pid-89906] [seed] loaded file=GRQ-21-id-100.json score=0.330112851999901
2026-09-29T14:10:09.378Z [INFO] [Learn] [pid-89906] [seed] loaded file=GRQ-24-backprop-100.json score=0.3166671274607485
2026-09-29T14:10:09.407Z [INFO] [Learn] [pid-89906] [seed] loaded file=GRQ-13-id-100.json score=0.33168823262965486
2026-09-29T14:10:09.431Z [INFO] [Learn] [pid-89906] [seed] loaded file=GRQ-10-backprop-100.json score=0.3299536538904818
2026-09-29T14:10:09.459Z [INFO] [Learn] [pid-89906] [seed] loaded file=GRQ-10-id-100.json score=0.33012757314638164
2026-09-29T14:10:09.483Z [INFO] [Learn] [pid-89906] [seed] loaded file=GRQ-22-backprop-100.json score=0.32134288826884766
2026-09-29T14:10:09.510Z [INFO] [Learn] [pid-89906] [seed] loaded file=GRQ-13-lamarck-100.json score=0.3314964687704746
2026-09-29T14:10:09.537Z [INFO] [Learn] [pid-89906] [seed] loaded file=GRQ-22-id-100.json score=0.32949763749686956
2026-09-29T14:10:09.563Z [INFO] [Learn] [pid-89906] [seed] loaded file=sampler-3.json score=0.33101218895502754
2026-09-29T14:10:09.586Z [INFO] [Learn] [pid-89906] [seed] loaded file=GRQ-22-100.json score=0.33195170070090796
2026-09-29T14:10:09.607Z [INFO] [Learn] [pid-89906] [seed] loaded file=GRQ-23-100.json score=0.20881590885983098
2026-09-29T14:10:09.634Z [INFO] [Learn] [pid-89906] [seed] loaded file=GRQ-18-lamarck-100.json score=0.33197671468124
2026-09-29T14:10:09.662Z [INFO] [Learn] [pid-89906] [seed] loaded file=GRQ-19-id-100.json score=0.33010924536937936
2026-09-29T14:10:09.686Z [INFO] [Learn] [pid-89906] [seed] loaded file=GRQ-13-backprop-100.json score=0.3286244276686542
2026-09-29T14:10:09.713Z [INFO] [Learn] [pid-89906] [seed] loaded file=GRQ-19-discovery-100.json score=0.32885973194685825
2026-09-29T14:10:09.738Z [INFO] [Learn] [pid-89906] [seed] loaded file=GRQ-22-lamarck-100.json score=0.3319846973892921
2026-09-29T14:10:09.767Z [INFO] [Learn] [pid-89906] [seed] loaded file=sampler-2.json score=0.331012188182705
2026-09-29T14:10:09.795Z [INFO] [Learn] [pid-89906] [seed] loaded file=Mac-Ultra-M2-lamarck-100.json score=0.3277580596022421
2026-09-29T14:10:09.821Z [INFO] [Learn] [pid-89906] [seed] loaded file=GRQ-24-discovery-100.json score=0.3300293319776148
2026-09-29T14:10:09.845Z [INFO] [Learn] [pid-89906] [seed] loaded file=GRQ-13-100.json score=0.3302224999904025
2026-09-29T14:10:09.871Z [INFO] [Learn] [pid-89906] [seed] loaded file=GRQ-25-lamarck-100.json score=0.3318909475624071
2026-09-29T14:10:09.896Z [INFO] [Learn] [pid-89906] [seed] loaded file=sampler-1.json score=0.33100649331516585
2026-09-29T14:10:09.916Z [INFO] [Learn] [pid-89906] [seed] loaded file=GRQ-3-discovery-100.json score=0.249109494543379
2026-09-29T14:10:09.941Z [INFO] [Learn] [pid-89906] [seed] loaded file=GRQ-25-discovery-100.json score=0.33016275132676215
2026-09-29T14:10:09.968Z [INFO] [Learn] [pid-89906] [seed] loaded file=GRQ-10-lamarck-100.json score=0.3319540152685242
2026-09-29T14:10:09.990Z [INFO] [Learn] [pid-89906] [seed] loaded file=GRQ-18-100.json score=0.33191167924527415
2026-09-29T14:10:10.060Z [INFO] [Learn] [pid-89906] [seed] loaded file=GRQ-19-100.json score=0.33191804028792526
2026-09-29T14:10:10.088Z [INFO] [Learn] [pid-89906] [seed] loaded file=GRQ-26-100.json score=0.3320626168544014
2026-09-29T14:10:10.115Z [INFO] [Learn] [pid-89906] [seed] loaded file=GRQ-3-lamarck-100.json score=0.3314398007654628
2026-09-29T14:10:10.139Z [INFO] [Learn] [pid-89906] [seed] loaded file=GRQ-3-id-100.json score=0.331688232357802
2026-09-29T14:10:10.164Z [INFO] [Learn] [pid-89906] [seed] loaded file=GRQ-21-lamarck-100.json score=0.3319863823898729
2026-09-29T14:10:10.186Z [INFO] [Learn] [pid-89906] [seed] loaded file=GRQ-3-backprop-100.json score=0.3286244277206548
2026-09-29T14:10:10.211Z [INFO] [Learn] [pid-89906] [seed] loaded file=GRQ-25-id-100.json score=0.3294503132575856
2026-09-29T14:10:10.237Z [INFO] [Learn] [pid-89906] [seed] loaded file=GRQ-10-discovery-100.json score=0.32948044520810227
2026-09-29T14:10:10.259Z [INFO] [Learn] [pid-89906] [seed] loaded file=GRQ-19-backprop-100.json score=0.3285120531226307
2026-09-29T14:10:10.284Z [INFO] [Learn] [pid-89906] [seed] loaded file=GRQ-24-lamarck-100.json score=0.33176691943745384
2026-09-29T14:10:10.304Z [INFO] [Learn] [pid-89906] [seed] loaded file=GRQ-3-100.json score=0.3319121669277058
2026-09-29T14:10:10.327Z [INFO] [Learn] [pid-89906] [seed] loaded file=GRQ-18-id-100.json score=0.32978014509747394
2026-09-29T14:10:10.349Z [INFO] [Learn] [pid-89906] [seed] loaded file=GRQ-18-backprop-100.json score=0.3282558103710175
2026-09-29T14:10:10.371Z [INFO] [Learn] [pid-89906] [seed] loaded file=GRQ-23-id-100.json score=0.20949708495009536
2026-09-29T14:10:10.393Z [INFO] [Learn] [pid-89906] [seed] loaded file=Mac-Ultra-M2-100.json score=0.3276456342438394
2026-09-29T14:10:10.417Z [INFO] [Learn] [pid-89906] [seed] loaded file=GRQ-21-100.json score=0.33115806838124867
2026-09-29T14:10:10.442Z [INFO] [Learn] [pid-89906] [seed] loaded file=GRQ-13-discovery-100.json score=0.33018972332490987
2026-09-29T14:10:10.443Z [INFO] [Learn] [pid-89906] [seed] loaded=53 skipped=0 kept=53 dropped=0 populationSize=5 dir=.creatures/Enceladus (#4300)
2026-09-29T14:10:10.443Z [INFO] [Learn] [pid-89906] [seed] best=GRQ-26-100.json@0.3320626168544014 worst-kept=GRQ-23-100.json@0.20881590885983098 best-dropped=none (#4300)
2026-09-29T14:10:10.443Z [INFO] [Learn] [pid-89906] [learn] skipTrainingAfterConsecutiveRegressions=3
2026-09-29T14:10:10.443Z [INFO] [Learn] [pid-89906] [learn] skipTrainingAfterPopulationRegressions=6
2026-09-29T14:10:10.443Z [INFO] [Learn] [pid-89906] [learn] skipTrainingAfterPopulationNoProgress=0
2026-09-29T14:10:10.443Z [INFO] [Learn] [pid-89906] [inline-discovery-memory] nativeBudgetBytes=5476083302
2026-09-29T14:10:10.443Z [INFO] [Learn] [pid-89906] elitism 1, timeout 49, PopSize 5, cost MSE, threads 7
2026-09-29T14:10:10.444Z [INFO] [Learn] [pid-89906] Initialized in 1s 916ms
[WasmWorkerInit] worker=worker-1 outcome=ok handshakeMs=203 cache=hit cacheDir=/Users/sloth/.cache/neat-ai/wasm bundleBytes=1039872 bundleLoadMs=1 glueImportMs=15 instantiateMs=2 wasmTotalMs=19 workerError=none
[WasmWorkerInit] worker=worker-2 outcome=ok handshakeMs=198 cache=hit cacheDir=/Users/sloth/.cache/neat-ai/wasm bundleBytes=1039872 bundleLoadMs=1 glueImportMs=15 instantiateMs=2 wasmTotalMs=19 workerError=none
[WasmWorkerInit] worker=worker-3 outcome=ok handshakeMs=198 cache=hit cacheDir=/Users/sloth/.cache/neat-ai/wasm bundleBytes=1039872 bundleLoadMs=1 glueImportMs=15 instantiateMs=2 wasmTotalMs=19 workerError=none
[WasmWorkerInit] worker=worker-4 outcome=ok handshakeMs=199 cache=hit cacheDir=/Users/sloth/.cache/neat-ai/wasm bundleBytes=1039872 bundleLoadMs=1 glueImportMs=15 instantiateMs=2 wasmTotalMs=19 workerError=none
[WasmWorkerInit] worker=worker-5 outcome=ok handshakeMs=199 cache=hit cacheDir=/Users/sloth/.cache/neat-ai/wasm bundleBytes=1039872 bundleLoadMs=1 glueImportMs=15 instantiateMs=2 wasmTotalMs=19 workerError=none
[WasmWorkerInit] worker=worker-6 outcome=ok handshakeMs=199 cache=hit cacheDir=/Users/sloth/.cache/neat-ai/wasm bundleBytes=1039872 bundleLoadMs=1 glueImportMs=15 instantiateMs=2 wasmTotalMs=19 workerError=none
[WasmWorkerInit] worker=worker-7 outcome=ok handshakeMs=202 cache=hit cacheDir=/Users/sloth/.cache/neat-ai/wasm bundleBytes=1039872 bundleLoadMs=1 glueImportMs=15 instantiateMs=2 wasmTotalMs=19 workerError=none
warm-up: resumed currentGeneration=630 / warmupGenerations=1440 (lock active, source=population)
DeDuplication of 49 creatures to 5 in 95ms (previous experiment 2ms)
[DynamicPool] 2 idle heavy worker(s) assisting fitness evaluation
[NEAT-AI] Batch scorer partition: 5 forwardOnly batched, 0 recurrent batched, 0 per-creature
Skipping discovery and replay: seed warm-up structural lock active (generation 631/1440)
Training 77bb0665 scheduled
[DynamicPool] 1 idle heavy worker(s) assisting breeding
[neat-ai] running version 7.0.48
[PreWarm] 1 new templates, 1 cached, 2 unique topologies (4ms)
[Timing] fitness=468206ms breeding=5ms breedingWorker=5ms mainThreadOverlap=0ms resultProcessing=0ms preWarm=4ms pipelineOverlap=5ms sort=0ms writeScores=7ms mutation=41ms deduplication=12ms speciation=1ms total=468500ms
[Utilisation] fitness=0%fast/0%heavy breeding=0%fast/50%heavy overall=0%
[MutationOps] MOD_WEIGHT proposed=1 noChange=0 applied=1 reverted=0 evaluated=0 accepted=0 rejected=0 evalMs=0 depth[in=0 mid=0 out=0 ?=1] || resolved=0 multiOperator=0 discarded=0 evalMs=0 mcmc=0/0
[Throughput] wall=468500ms nonFitness=294ms gensPerHour=7.7 fast=busy0ms/idle2342500ms/depth5/wait0ms heavy=busy0ms/idle937000ms/depth1/wait0ms scorer=32.2ms/scored5/batchScored5/perCreatureScored0/batchInvocations1/creaturesPerSec0.0 corruptParentSkips=0
[NEAT-AI] trainDir FFI libneat_ai_backpropagation loaded from /Users/sloth/.cargo/lib/libneat_ai_backpropagation.dylib
[NEAT-AI] trainDir using FFI libneat_ai_backpropagation
[teams-memprofile] gen=1 pop=4 rss=713 heap=228 heap_limit=3168 avg_neurons=0 avg_synapses=14397
Generation 1 score 0.33198792548664374 (avg: 0.2596) error 0.6678660952270041 time 7m 48s 502ms
[DynamicPool] 1 idle heavy worker(s) assisting fitness evaluation
[NEAT-AI] Batch scorer partition: 2 forwardOnly batched, 0 recurrent batched, 0 per-creature
[DynamicPool] 1 idle heavy worker(s) assisting breeding
[neat-ai] running version 7.0.48
[Timing] fitness=71925ms breeding=253ms breedingWorker=253ms mainThreadOverlap=0ms resultProcessing=0ms memoryEviction=1ms preWarm=4ms pipelineOverlap=5ms sort=0ms writeScores=4ms mutation=112ms deduplication=20ms speciation=1ms total=72585ms
[Utilisation] fitness=0%fast/50%heavy breeding=0%fast/50%heavy overall=14%
[MutationOps] MOD_WEIGHT proposed=2 noChange=0 applied=2 reverted=0 evaluated=1 accepted=0 rejected=1 evalMs=35961 delta[n=1 min=-5.20e-5 med=-5.20e-5 max=-5.20e-5] depth[in=0 mid=0 out=0 ?=2] depthRejected[in=0 mid=0 out=0 ?=1] || resolved=1 multiOperator=0 discarded=0 evalMs=35961 mcmc=0/0
[Throughput] wall=72585ms nonFitness=660ms gensPerHour=49.6 fast=busy211ms/idle362714ms/depth2/wait0ms heavy=busy0ms/idle145170ms/depth1/wait0ms scorer=4.2ms/scored2/batchScored2/perCreatureScored0/batchInvocations1/creaturesPerSec0.0 corruptParentSkips=0
[teams-memprofile] gen=2 pop=4 rss=636 heap=242 heap_limit=3168 avg_neurons=0 avg_synapses=14397
Generation 2 score 0.33198792548664374 (avg: 0.3320) error 0.6678660952270041 time 1m 12s 633ms
[DynamicPool] 1 idle heavy worker(s) assisting fitness evaluation
[NEAT-AI] Batch scorer partition: 3 forwardOnly batched, 0 recurrent batched, 0 per-creature
[DynamicPool] 1 idle heavy worker(s) assisting breeding
[Timing] fitness=115267ms breeding=183ms breedingWorker=183ms mainThreadOverlap=0ms resultProcessing=0ms memoryEviction=1ms preWarm=5ms pipelineOverlap=7ms sort=0ms writeScores=3ms mutation=52ms deduplication=15ms speciation=2ms total=115805ms
[Utilisation] fitness=0%fast/50%heavy breeding=0%fast/50%heavy overall=14%
[MutationOps] MOD_BIAS proposed=1 noChange=0 applied=1 reverted=0 evaluated=0 accepted=0 rejected=0 evalMs=0 depth[in=0 mid=0 out=0 ?=1] | MOD_WEIGHT proposed=0 noChange=0 applied=0 reverted=0 evaluated=2 accepted=0 rejected=2 evalMs=76841 delta[n=2 min=-1.84e-4 med=-1.03e-4 max=-2.33e-5] depthRejected[in=0 mid=0 out=0 ?=2] || resolved=2 multiOperator=0 discarded=0 evalMs=76841 mcmc=0/0
[Throughput] wall=115805ms nonFitness=538ms gensPerHour=31.1 fast=busy162ms/idle578863ms/depth3/wait0ms heavy=busy0ms/idle231610ms/depth1/wait0ms scorer=5.5ms/scored3/batchScored3/perCreatureScored0/batchInvocations1/creaturesPerSec0.0 corruptParentSkips=0
[teams-memprofile] gen=3 pop=3 rss=628 heap=219 heap_limit=3168 avg_neurons=0 avg_synapses=14397
Generation 3 score 0.33198792548664374 (avg: 0.3319) error 0.6678660952270041 time 1m 55s 838ms
[DynamicPool] 1 idle heavy worker(s) assisting fitness evaluation
[NEAT-AI] Batch scorer partition: 2 forwardOnly batched, 0 recurrent batched, 0 per-creature
[DynamicPool] 1 idle heavy worker(s) assisting breeding
[PreWarm] 1 new templates, 1 cached, 2 unique topologies (16ms)
[Timing] fitness=93562ms breeding=277ms breedingWorker=277ms mainThreadOverlap=0ms resultProcessing=0ms memoryEviction=1ms preWarm=16ms pipelineOverlap=17ms sort=0ms writeScores=4ms mutation=71ms deduplication=34ms speciation=1ms total=94247ms
[Utilisation] fitness=0%fast/50%heavy breeding=0%fast/50%heavy overall=14%
[MutationOps] MOD_WEIGHT proposed=1 noChange=0 applied=1 reverted=0 evaluated=0 accepted=0 rejected=0 evalMs=0 depth[in=0 mid=0 out=0 ?=1] | MOD_BIAS proposed=0 noChange=0 applied=0 reverted=0 evaluated=1 accepted=0 rejected=1 evalMs=46779 delta[n=1 min=-5.33e-4 med=-5.33e-4 max=-5.33e-4] depthRejected[in=0 mid=0 out=0 ?=1] || resolved=1 multiOperator=0 discarded=0 evalMs=46779 mcmc=0/0
[Throughput] wall=94247ms nonFitness=685ms gensPerHour=38.2 fast=busy240ms/idle470995ms/depth2/wait0ms heavy=busy0ms/idle188494ms/depth1/wait0ms scorer=3.8ms/scored2/batchScored2/perCreatureScored0/batchInvocations1/creaturesPerSec0.0 corruptParentSkips=0
[teams-memprofile] gen=4 pop=4 rss=643 heap=233 heap_limit=3168 avg_neurons=0 avg_synapses=14397
Generation 4 score 0.33198792548664374 (avg: 0.3318) error 0.6678660952270041 time 1m 34s 279ms
[DynamicPool] 1 idle heavy worker(s) assisting fitness evaluation
[NEAT-AI] Batch scorer partition: 3 forwardOnly batched, 0 recurrent batched, 0 per-creature
[DynamicPool] 1 idle heavy worker(s) assisting breeding
[PreWarm] 1 new templates, 1 cached, 2 unique topologies (22ms)
[Timing] fitness=145512ms breeding=358ms breedingWorker=358ms mainThreadOverlap=0ms resultProcessing=0ms preWarm=22ms pipelineOverlap=23ms sort=0ms writeScores=5ms mutation=106ms deduplication=45ms speciation=1ms total=146403ms
[Utilisation] fitness=0%fast/50%heavy breeding=0%fast/50%heavy overall=14%
[MutationOps] MOD_WEIGHT proposed=1 noChange=0 applied=1 reverted=0 evaluated=1 accepted=0 rejected=1 evalMs=48502 delta[n=1 min=-3.26e-7 med=-3.26e-7 max=-3.26e-7] depth[in=0 mid=0 out=0 ?=1] depthRejected[in=0 mid=0 out=0 ?=1] || resolved=1 multiOperator=0 discarded=0 evalMs=48502 mcmc=0/0
[Throughput] wall=146403ms nonFitness=891ms gensPerHour=24.6 fast=busy304ms/idle731711ms/depth3/wait0ms heavy=busy0ms/idle292806ms/depth1/wait0ms scorer=4.1ms/scored3/batchScored3/perCreatureScored0/batchInvocations1/creaturesPerSec0.0 corruptParentSkips=0
[teams-memprofile] gen=5 pop=4 rss=651 heap=245 heap_limit=3168 avg_neurons=0 avg_synapses=14397
Generation 5 score 0.33198792548664374 (avg: 0.3320) error 0.6678660952270041 time 2m 26s 433ms
[DynamicPool] 1 idle heavy worker(s) assisting fitness evaluation
[NEAT-AI] Batch scorer partition: 3 forwardOnly batched, 0 recurrent batched, 0 per-creature
[DynamicPool] 1 idle heavy worker(s) assisting breeding
[PreWarm] 1 new templates, 1 cached, 2 unique topologies (30ms)
[Timing] fitness=149041ms breeding=364ms breedingWorker=364ms mainThreadOverlap=0ms resultProcessing=0ms preWarm=30ms pipelineOverlap=31ms sort=0ms writeScores=2ms mutation=0ms deduplication=55ms speciation=1ms total=149849ms
[Utilisation] fitness=0%fast/50%heavy breeding=0%fast/50%heavy overall=14%
[MutationOps] MOD_WEIGHT proposed=0 noChange=0 applied=0 reverted=0 evaluated=1 accepted=0 rejected=1 evalMs=49679 delta[n=1 min=2.48e-6 med=2.48e-6 max=2.48e-6] depthRejected[in=0 mid=0 out=0 ?=1] || resolved=1 multiOperator=0 discarded=0 evalMs=49679 mcmc=0/0
[Throughput] wall=149849ms nonFitness=808ms gensPerHour=24.0 fast=busy309ms/idle748936ms/depth3/wait0ms heavy=busy0ms/idle299698ms/depth1/wait0ms scorer=4.1ms/scored3/batchScored3/perCreatureScored0/batchInvocations1/creaturesPerSec0.0 corruptParentSkips=0
[teams-memprofile] gen=6 pop=4 rss=651 heap=235 heap_limit=3168 avg_neurons=0 avg_synapses=14397
Generation 6 score 0.33198792548664374 (avg: 0.3320) error 0.6678660952270041 time 2m 29s 898ms
[DynamicPool] 1 idle heavy worker(s) assisting fitness evaluation
[NEAT-AI] Batch scorer partition: 3 forwardOnly batched, 0 recurrent batched, 0 per-creature
[DynamicPool] 1 idle heavy worker(s) assisting breeding
[PreWarm] 1 new templates, 1 cached, 2 unique topologies (20ms)
[Timing] fitness=150233ms breeding=252ms breedingWorker=252ms mainThreadOverlap=0ms resultProcessing=0ms preWarm=20ms pipelineOverlap=21ms sort=0ms writeScores=2ms mutation=0ms deduplication=32ms speciation=1ms total=150906ms
[Utilisation] fitness=0%fast/50%heavy breeding=0%fast/50%heavy overall=14%
[Throughput] wall=150906ms nonFitness=673ms gensPerHour=23.9 fast=busy228ms/idle754302ms/depth3/wait0ms heavy=busy0ms/idle301812ms/depth1/wait0ms scorer=4.9ms/scored3/batchScored3/perCreatureScored0/batchInvocations1/creaturesPerSec0.0 corruptParentSkips=0
[teams-memprofile] gen=7 pop=3 rss=635 heap=194 heap_limit=3168 avg_neurons=0 avg_synapses=14397
Generation 7 score 0.33198792548664374 (avg: 0.3320) error 0.6678660952270041 time 2m 30s 954ms
[DynamicPool] 1 idle heavy worker(s) assisting fitness evaluation
[NEAT-AI] Batch scorer partition: 2 forwardOnly batched, 0 recurrent batched, 0 per-creature
[DynamicPool] 1 idle heavy worker(s) assisting breeding
[Timing] fitness=129370ms breeding=262ms breedingWorker=262ms mainThreadOverlap=0ms resultProcessing=0ms preWarm=6ms pipelineOverlap=7ms sort=0ms writeScores=2ms mutation=71ms deduplication=20ms speciation=1ms total=130081ms
[Utilisation] fitness=0%fast/50%heavy breeding=0%fast/50%heavy overall=14%
[MutationOps] MOD_BIAS proposed=1 noChange=0 applied=1 reverted=0 evaluated=0 accepted=0 rejected=0 evalMs=0 depth[in=0 mid=0 out=0 ?=1] || resolved=0 multiOperator=0 discarded=0 evalMs=0 mcmc=0/0
[Throughput] wall=130081ms nonFitness=711ms gensPerHour=27.7 fast=busy235ms/idle650170ms/depth2/wait0ms heavy=busy0ms/idle260162ms/depth1/wait0ms scorer=4.1ms/scored2/batchScored2/perCreatureScored0/batchInvocations1/creaturesPerSec0.0 corruptParentSkips=0
[teams-memprofile] gen=8 pop=3 rss=642 heap=220 heap_limit=3168 avg_neurons=0 avg_synapses=14397
Generation 8 score 0.33198792548664374 (avg: 0.3320) error 0.6678660952270041 time 2m 10s 133ms
[DynamicPool] 1 idle heavy worker(s) assisting fitness evaluation
[NEAT-AI] Batch scorer partition: 2 forwardOnly batched, 0 recurrent batched, 0 per-creature
[DynamicPool] 1 idle heavy worker(s) assisting breeding
[PreWarm] 1 new templates, 1 cached, 2 unique topologies (18ms)
[Timing] fitness=130744ms breeding=365ms breedingWorker=365ms mainThreadOverlap=1ms resultProcessing=0ms preWarm=18ms pipelineOverlap=19ms sort=0ms writeScores=3ms mutation=99ms deduplication=43ms speciation=1ms total=131643ms
[Utilisation] fitness=0%fast/50%heavy breeding=0%fast/50%heavy overall=14%
[MutationOps] MOD_WEIGHT proposed=1 noChange=0 applied=1 reverted=0 evaluated=0 accepted=0 rejected=0 evalMs=0 depth[in=0 mid=0 out=0 ?=1] | MOD_BIAS proposed=0 noChange=0 applied=0 reverted=0 evaluated=1 accepted=0 rejected=1 evalMs=65371 delta[n=1 min=-0.0544 med=-0.0544 max=-0.0544] depthRejected[in=0 mid=0 out=0 ?=1] || resolved=1 multiOperator=0 discarded=0 evalMs=65371 mcmc=0/0
[Throughput] wall=131643ms nonFitness=899ms gensPerHour=27.3 fast=busy310ms/idle657905ms/depth2/wait0ms heavy=busy0ms/idle263286ms/depth1/wait0ms scorer=2.7ms/scored2/batchScored2/perCreatureScored0/batchInvocations1/creaturesPerSec0.0 corruptParentSkips=0
[teams-memprofile] gen=9 pop=4 rss=652 heap=237 heap_limit=3168 avg_neurons=0 avg_synapses=14397
Generation 9 score 0.33198792548664374 (avg: 0.3138) error 0.6678660952270041 time 2m 11s 687ms
[DynamicPool] 1 idle heavy worker(s) assisting fitness evaluation
[NEAT-AI] Batch scorer partition: 3 forwardOnly batched, 0 recurrent batched, 0 per-creature
[DynamicPool] 1 idle heavy worker(s) assisting breeding
[PreWarm] 1 new templates, 1 cached, 2 unique topologies (13ms)
[Timing] fitness=153425ms breeding=182ms breedingWorker=182ms mainThreadOverlap=0ms resultProcessing=0ms preWarm=13ms pipelineOverlap=13ms sort=0ms writeScores=3ms mutation=0ms deduplication=21ms speciation=0ms total=153846ms
[Utilisation] fitness=0%fast/50%heavy breeding=0%fast/50%heavy overall=14%
[MutationOps] MOD_WEIGHT proposed=0 noChange=0 applied=0 reverted=0 evaluated=1 accepted=0 rejected=1 evalMs=51140 delta[n=1 min=-1.66e-6 med=-1.66e-6 max=-1.66e-6] depthRejected[in=0 mid=0 out=0 ?=1] || resolved=1 multiOperator=0 discarded=0 evalMs=51140 mcmc=0/0
[Throughput] wall=153846ms nonFitness=421ms gensPerHour=23.4 fast=busy165ms/idle769065ms/depth3/wait0ms heavy=busy0ms/idle307692ms/depth1/wait0ms scorer=3.4ms/scored3/batchScored3/perCreatureScored0/batchInvocations1/creaturesPerSec0.0 corruptParentSkips=0
[teams-memprofile] gen=10 pop=3 rss=627 heap=159 heap_limit=3168 avg_neurons=0 avg_synapses=14397
Generation 10 score 0.33198792548664374 (avg: 0.3320) error 0.6678660952270041 time 2m 33s 894ms
[DynamicPool] 1 idle heavy worker(s) assisting fitness evaluation
[NEAT-AI] Batch scorer partition: 2 forwardOnly batched, 0 recurrent batched, 0 per-creature
[DynamicPool] 1 idle heavy worker(s) assisting breeding
[PreWarm] 1 new templates, 1 cached, 2 unique topologies (25ms)
[Timing] fitness=128865ms breeding=366ms breedingWorker=366ms mainThreadOverlap=0ms resultProcessing=0ms memoryEviction=1ms preWarm=25ms pipelineOverlap=25ms sort=0ms writeScores=4ms mutation=0ms deduplication=51ms speciation=0ms total=129683ms
[Utilisation] fitness=0%fast/50%heavy breeding=0%fast/50%heavy overall=14%
[Throughput] wall=129683ms nonFitness=818ms gensPerHour=27.8 fast=busy310ms/idle648105ms/depth2/wait0ms heavy=busy0ms/idle259366ms/depth1/wait0ms scorer=2.7ms/scored2/batchScored2/perCreatureScored0/batchInvocations1/creaturesPerSec0.0 corruptParentSkips=0
[teams-memprofile] gen=11 pop=4 rss=660 heap=215 heap_limit=3168 avg_neurons=0 avg_synapses=14397
Generation 11 score 0.33198792548664374 (avg: 0.3320) error 0.6678660952270041 time 2m 9s 712ms
[DynamicPool] 1 idle heavy worker(s) assisting fitness evaluation
[NEAT-AI] Batch scorer partition: 3 forwardOnly batched, 0 recurrent batched, 0 per-creature
[DynamicPool] 1 idle heavy worker(s) assisting breeding
[Timing] fitness=150413ms breeding=273ms breedingWorker=273ms mainThreadOverlap=0ms resultProcessing=0ms preWarm=7ms pipelineOverlap=8ms sort=0ms writeScores=3ms mutation=70ms deduplication=19ms speciation=1ms total=151156ms
[Utilisation] fitness=0%fast/50%heavy breeding=0%fast/50%heavy overall=14%
[MutationOps] MOD_BIAS proposed=1 noChange=0 applied=1 reverted=0 evaluated=0 accepted=0 rejected=0 evalMs=0 depth[in=0 mid=0 out=0 ?=1] || resolved=0 multiOperator=0 discarded=0 evalMs=0 mcmc=0/0
[Throughput] wall=151156ms nonFitness=743ms gensPerHour=23.8 fast=busy243ms/idle755537ms/depth3/wait0ms heavy=busy0ms/idle302312ms/depth1/wait0ms scorer=3.8ms/scored3/batchScored3/perCreatureScored0/batchInvocations1/creaturesPerSec0.0 corruptParentSkips=0
[teams-memprofile] gen=12 pop=3 rss=629 heap=225 heap_limit=3168 avg_neurons=0 avg_synapses=14397
Generation 12 score 0.33198792548664374 (avg: 0.3320) error 0.6678660952270041 time 2m 31s 199ms
[DynamicPool] 1 idle heavy worker(s) assisting fitness evaluation
[NEAT-AI] Batch scorer partition: 2 forwardOnly batched, 0 recurrent batched, 0 per-creature
[DynamicPool] 1 idle heavy worker(s) assisting breeding
[Timing] fitness=130117ms breeding=359ms breedingWorker=359ms mainThreadOverlap=0ms resultProcessing=0ms preWarm=8ms pipelineOverlap=8ms sort=0ms writeScores=2ms mutation=151ms deduplication=30ms speciation=0ms total=130993ms
[Utilisation] fitness=0%fast/50%heavy breeding=0%fast/50%heavy overall=14%
[MutationOps] MOD_BIAS proposed=1 noChange=0 applied=1 reverted=0 evaluated=1 accepted=0 rejected=1 evalMs=65057 delta[n=1 min=-5.78e-4 med=-5.78e-4 max=-5.78e-4] depth[in=0 mid=0 out=0 ?=1] depthRejected[in=0 mid=0 out=0 ?=1] | MOD_WEIGHT proposed=1 noChange=0 applied=1 reverted=0 evaluated=0 accepted=0 rejected=0 evalMs=0 depth[in=0 mid=0 out=0 ?=1] || resolved=1 multiOperator=0 discarded=0 evalMs=65057 mcmc=0/0
[Throughput] wall=130993ms nonFitness=876ms gensPerHour=27.5 fast=busy305ms/idle654660ms/depth2/wait0ms heavy=busy0ms/idle261986ms/depth1/wait0ms scorer=2.4ms/scored2/batchScored2/perCreatureScored0/batchInvocations1/creaturesPerSec0.0 corruptParentSkips=0
[teams-memprofile] gen=13 pop=4 rss=632 heap=249 heap_limit=3168 avg_neurons=0 avg_synapses=14397
Generation 13 score 0.33198792548664374 (avg: 0.3318) error 0.6678660952270041 time 2m 11s 36ms
[DynamicPool] 1 idle heavy worker(s) assisting fitness evaluation
[NEAT-AI] Batch scorer partition: 3 forwardOnly batched, 0 recurrent batched, 0 per-creature
[DynamicPool] 1 idle heavy worker(s) assisting breeding
[Timing] fitness=150675ms breeding=310ms breedingWorker=310ms mainThreadOverlap=0ms resultProcessing=0ms preWarm=16ms pipelineOverlap=17ms sort=0ms writeScores=3ms mutation=73ms deduplication=39ms speciation=1ms total=151483ms
[Utilisation] fitness=0%fast/50%heavy breeding=0%fast/50%heavy overall=14%
[MutationOps] MOD_BIAS proposed=1 noChange=0 applied=1 reverted=0 evaluated=1 accepted=0 rejected=1 evalMs=50224 delta[n=1 min=-2.57e-4 med=-2.57e-4 max=-2.57e-4] depth[in=0 mid=0 out=0 ?=1] depthRejected[in=0 mid=0 out=0 ?=1] | MOD_WEIGHT proposed=0 noChange=0 applied=0 reverted=0 evaluated=1 accepted=0 rejected=1 evalMs=50224 delta[n=1 min=-6.96e-5 med=-6.96e-5 max=-6.96e-5] depthRejected[in=0 mid=0 out=0 ?=1] || resolved=2 multiOperator=0 discarded=0 evalMs=100447 mcmc=0/0
[Throughput] wall=151483ms nonFitness=808ms gensPerHour=23.8 fast=busy256ms/idle757159ms/depth3/wait0ms heavy=busy0ms/idle302966ms/depth1/wait0ms scorer=4.0ms/scored3/batchScored3/perCreatureScored0/batchInvocations1/creaturesPerSec0.0 corruptParentSkips=0
[teams-memprofile] gen=14 pop=4 rss=644 heap=225 heap_limit=3168 avg_neurons=0 avg_synapses=14397
Generation 14 score 0.33198792548664374 (avg: 0.3319) error 0.6678660952270041 time 2m 31s 531ms
[DynamicPool] 1 idle heavy worker(s) assisting fitness evaluation
[NEAT-AI] Batch scorer partition: 3 forwardOnly batched, 0 recurrent batched, 0 per-creature
[DynamicPool] 1 idle heavy worker(s) assisting breeding
[PreWarm] 1 new templates, 1 cached, 2 unique topologies (18ms)
[Timing] fitness=149633ms breeding=203ms breedingWorker=203ms mainThreadOverlap=0ms resultProcessing=0ms memoryEviction=1ms preWarm=18ms pipelineOverlap=19ms sort=0ms writeScores=4ms mutation=0ms deduplication=31ms speciation=1ms total=150249ms
[Utilisation] fitness=0%fast/50%heavy breeding=0%fast/50%heavy overall=14%
[MutationOps] MOD_BIAS proposed=0 noChange=0 applied=0 reverted=0 evaluated=1 accepted=0 rejected=1 evalMs=49876 delta[n=1 min=-0.0019 med=-0.0019 max=-0.0019] depthRejected[in=0 mid=0 out=0 ?=1] || resolved=1 multiOperator=0 discarded=0 evalMs=49876 mcmc=0/0
[Throughput] wall=150249ms nonFitness=616ms gensPerHour=24.0 fast=busy176ms/idle751069ms/depth3/wait0ms heavy=busy0ms/idle300498ms/depth1/wait0ms scorer=4.9ms/scored3/batchScored3/perCreatureScored0/batchInvocations1/creaturesPerSec0.0 corruptParentSkips=0
[teams-memprofile] gen=15 pop=3 rss=637 heap=222 heap_limit=3168 avg_neurons=0 avg_synapses=14397
Generation 15 score 0.33198792548664374 (avg: 0.3315) error 0.6678660952270041 time 2m 30s 287ms
[DynamicPool] 1 idle heavy worker(s) assisting fitness evaluation
[NEAT-AI] Batch scorer partition: 2 forwardOnly batched, 0 recurrent batched, 0 per-creature
[DynamicPool] 1 idle heavy worker(s) assisting breeding
[PreWarm] 1 new templates, 1 cached, 2 unique topologies (26ms)
[Timing] fitness=128570ms breeding=299ms breedingWorker=299ms mainThreadOverlap=0ms resultProcessing=0ms preWarm=26ms pipelineOverlap=26ms sort=0ms writeScores=3ms mutation=0ms deduplication=55ms speciation=0ms total=129271ms
[Utilisation] fitness=0%fast/50%heavy breeding=0%fast/50%heavy overall=14%
[Throughput] wall=129271ms nonFitness=701ms gensPerHour=27.8 fast=busy246ms/idle646109ms/depth2/wait0ms heavy=busy0ms/idle258542ms/depth1/wait0ms scorer=3.1ms/scored2/batchScored2/perCreatureScored0/batchInvocations1/creaturesPerSec0.0 corruptParentSkips=0
[teams-memprofile] gen=16 pop=4 rss=635 heap=207 heap_limit=3168 avg_neurons=0 avg_synapses=14397
Generation 16 score 0.33198792548664374 (avg: 0.3320) error 0.6678660952270041 time 2m 9s 314ms
[DynamicPool] 1 idle heavy worker(s) assisting fitness evaluation
[NEAT-AI] Batch scorer partition: 3 forwardOnly batched, 0 recurrent batched, 0 per-creature
[DynamicPool] 1 idle heavy worker(s) assisting breeding
[PreWarm] 1 new templates, 2 cached, 3 unique topologies (27ms)
[Timing] fitness=148832ms breeding=371ms breedingWorker=371ms mainThreadOverlap=0ms resultProcessing=0ms preWarm=27ms pipelineOverlap=28ms sort=0ms writeScores=4ms mutation=0ms deduplication=50ms speciation=1ms total=149636ms
[Utilisation] fitness=0%fast/50%heavy breeding=0%fast/50%heavy overall=14%
[Throughput] wall=149636ms nonFitness=804ms gensPerHour=24.1 fast=busy316ms/idle747864ms/depth3/wait0ms heavy=busy0ms/idle299272ms/depth1/wait0ms scorer=5.5ms/scored3/batchScored3/perCreatureScored0/batchInvocations1/creaturesPerSec0.0 corruptParentSkips=0
[teams-memprofile] gen=17 pop=4 rss=636 heap=223 heap_limit=3168 avg_neurons=0 avg_synapses=14397
Generation 17 score 0.33198792548664374 (avg: 0.3320) error 0.6678660952270041 time 2m 29s 682ms
[DynamicPool] 1 idle heavy worker(s) assisting fitness evaluation
[NEAT-AI] Batch scorer partition: 3 forwardOnly batched, 0 recurrent batched, 0 per-creature
[DynamicPool] 2 idle heavy worker(s) assisting breeding
Training 77bb0665 completed after 37m 22s 109ms
[PopulationBudget] Dropped 1 creature(s) to stay within the effective population size of 5 (elitists=1, trained=3, fineTuned=1, bred=1, dna=0)
[Timing] fitness=161163ms breeding=34ms breedingWorker=34ms mainThreadOverlap=34ms resultProcessing=34ms preWarm=18ms pipelineOverlap=52ms sort=0ms writeScores=2ms mutation=42ms deduplication=42ms speciation=0ms total=161503ms
[Utilisation] fitness=0%fast/0%heavy breeding=0%fast/0%heavy overall=0%
[MutationOps] MOD_BIAS proposed=1 noChange=0 applied=1 reverted=0 evaluated=0 accepted=0 rejected=0 evalMs=0 depth[in=0 mid=0 out=0 ?=1] || resolved=0 multiOperator=0 discarded=0 evalMs=0 mcmc=0/0
[Throughput] wall=161503ms nonFitness=340ms gensPerHour=22.3 fast=busy0ms/idle807515ms/depth3/wait0ms heavy=busy2242358ms/idle0ms/depth1/wait0ms scorer=7.2ms/scored3/batchScored3/perCreatureScored0/batchInvocations1/creaturesPerSec0.0 corruptParentSkips=0
[teams-memprofile] gen=18 pop=5 rss=714 heap=251 heap_limit=3168 avg_neurons=0 avg_synapses=14397
Generation 18 score 0.33198792548664374 (avg: 0.3320) error 0.6678660952270041 time 2m 41s 549ms
[DynamicPool] 2 idle heavy worker(s) assisting fitness evaluation
[NEAT-AI] Batch scorer partition: 4 forwardOnly batched, 0 recurrent batched, 0 per-creature
Trained 77bb0665 Score: 0.3319879755142437, Error: 0.6678660952270041 -> 0.6678660451994106, 👌 5.00e-8
Fine 77bb0665 Score: 0.33198791236311026, Error: 0.6678660952270041 -> 0.6678661083505333, 👿 -1.31e-8, Variant: overshot
Fine 77bb0665 Score: 0.3319701740182811, Error: 0.6678660952270041 -> 0.6678838466953598, 👿 -0.0000178, Variant: undershot
Skipping discovery and replay: seed warm-up structural lock active (generation 649/1440)
Training 77bb0665 increased fitness by 5.0027599951540935e-8 to 0.3319879755142437
[DynamicPool] 2 idle heavy worker(s) assisting breeding
[PreWarm] 1 new templates, 1 cached, 2 unique topologies (17ms)
[Timing] fitness=215649ms breeding=0ms breedingWorker=0ms mainThreadOverlap=0ms resultProcessing=0ms preWarm=17ms pipelineOverlap=18ms sort=0ms writeScores=4ms mutation=0ms deduplication=24ms speciation=1ms total=216677ms
[Utilisation] fitness=0%fast/0%heavy breeding=0%fast/0%heavy overall=0%
[Throughput] wall=216677ms nonFitness=1028ms gensPerHour=16.6 fast=busy0ms/idle1083385ms/depth4/wait0ms heavy=busy0ms/idle433354ms/depth0/wait0ms scorer=13.7ms/scored4/batchScored4/perCreatureScored0/batchInvocations1/creaturesPerSec0.0 corruptParentSkips=0
[teams-memprofile] gen=19 pop=5 rss=625 heap=265 heap_limit=3168 avg_neurons=0 avg_synapses=14397
Generation 19 score 0.3319879755142437 (avg: 0.3320) error 0.6678660451994106 time 3m 36s 742ms
[evolveDir] teardown complete: 7 worker(s) terminated, 0 detached; replay queue drained
[training-skip] summary skipped=0 populationSkipped=0 creatureSkipped=0 otherSkipped=0 improvements=1 regressions=0 noChange=0 neatSkipped=0 regressionRate=0 (#4713)
2026-09-29T14:59:58.074Z [INFO] [Learn] [pid-89906] Evolution of 19 generations in 49m 48s, averaging 2m 37s 244ms
2026-09-29T14:59:58.074Z [INFO] [Learn] [pid-89906] [seed] loaded=53 skipped=0 kept=53 dropped=0 populationSize=5 dir=.creatures/Enceladus (#4300)
2026-09-29T14:59:58.074Z [INFO] [Learn] [pid-89906] [seed] best=GRQ-26-100.json@0.3320626168544014 worst-kept=GRQ-23-100.json@0.20881590885983098 best-dropped=none (#4300)
2026-09-29T14:59:58.074Z [WARN] [Learn] [pid-89906] model training over-run: elapsed 49m 47s vs expected 49m — stopping further generations; results committed (#4141)
2026-09-29T14:59:58.112Z [INFO] [saveValidatedCreatureExport] [pid-89906] [forward-only] saved file=.creature.json
[stage] done: team-learn-Enceladus-loop-4
[teams-gen1] loop=4 calibrated secs=2987 generations=19 seeds=53 synapses=741486 pop=20 effective_rate=1 (#4610)
[00:59:58] 📊 Team performance recorded: team=Enceladus stage_pct=100 pop=20 gens=19 time=2987629ms score=0.3319879755142437 NEAT-AI 7.0.48 mode=none
[scoring-provenance] host=GRQ-26 path=checkin data=trainData-binary_116 data_sha=65f218b20159d74c02962ef5aaa7bc94d21148a28aa772e41d6144d0a48c2a12 scorer=native scorer_sha=cc0077f001ae384f270d0e86d942f62265eda3dc459397614d4ace578d6fce30 neat_ai=7.0.48 core_sha=88de51285c135ad27d8ccb55489e39fbb196b4bf core_dirty=no scorer_src_sha=590bf8d7e999a29904f25778a0880eabb0f00e18 scorer_src_dirty=no
GIT pull GRQ-teams
HEAD is now at b68739e87 GRQ-21 terminal tacit knowledge (Enceladus, 23 entries)
GIT-OP: [teams-checkin] git pull ok in 9s (attempt 1/3, timeout=600s)
From github.com:stSoftwareAU/GRQ-teams
   b68739e87..b10644e78  Develop    -> origin/Develop
Updating b68739e87..b10644e78
Fast-forward
 Enceladus/GRQ-26-100.json | 144338 +++++++++++++++++++++----------------------
 1 file changed, 72169 insertions(+), 72169 deletions(-)
Raw score: 0.3319879755142437
[Develop 32eee1e02] GRQ-26 (100%), score: 0.331988 improved by 1.61e-05
 1 file changed, 72158 insertions(+), 72169 deletions(-)
To github.com:stSoftwareAU/GRQ-teams.git
 ! [remote rejected]     Develop -> Develop (cannot lock ref 'refs/heads/Develop': is at 27a9b9036aab2ba23a813506b2ac70b29fc220e0 but expected b10644e780fa44eafac854d224bcbbda321b4ece)
error: failed to push some refs to 'github.com:stSoftwareAU/GRQ-teams.git'
GIT-OP: [teams-checkin] git pull ok in 13s (attempt 1/3, timeout=600s)
From github.com:stSoftwareAU/GRQ-teams
   b10644e78..27a9b9036  Develop    -> origin/Develop
Rebasing (1/1)dropping 32eee1e021dd5c8a8a28bf5462158b4ebd80a715 GRQ-26 (100%), score: 0.331988 improved by 1.61e-05 -- patch contents already upstream
Successfully rebased and updated refs/heads/Develop.
GIT-OP: [teams-checkin] git push ok in 9s (attempt 1/3, timeout=600s)
Everything up-to-date
✅ GRQ-sampler already fetched in this session (skipping)
📊 Training data likely unchanged. Allowing check-in regardless of score change.
[01:00:53] 📦 checkin-sample.sh on host GRQ-26 (via teams/run.sh, team: 💧 Enceladus)
GIT-OP: [checkin-sample] git pull ok in 10s (attempt 1/3, timeout=600s)
From github.com:stSoftwareAU/GRQ-sampler
   28c1fca78..76bdcd51e  main       -> origin/main
Updating 28c1fca78..76bdcd51e
Fast-forward
 TacitKnowledge/hive.json          |      6 +-
 performance.csv                   |     16 +
 samples/Enceladus-Terminal.json   |   2005 +-
 samples/GRQ-10-1.json             |    197 +-
 samples/GRQ-10-ockham.json        | 379824 ++++++++++++++++++-----------------
 samples/GRQ-11-1.json             |    235 +-
 samples/GRQ-12-1.json             |    261 +-
 samples/GRQ-13-1.json             |    114 +-
 samples/GRQ-18-1.json             |    345 +-
 samples/GRQ-19-1.json             |    326 +-
 samples/GRQ-21-1.json             |    239 +-
 samples/GRQ-21-forests.json       | 271788 ++++++++++++-------------
 samples/GRQ-21-lamarck.json       |   4105 +-
 samples/GRQ-22-1.json             |    220 +-
 samples/GRQ-24-1.json             |    283 +-
 samples/GRQ-24-ockham.json        | 377201 +++++++++++++++++-----------------
 samples/GRQ-25-1.json             |     20 +-
 samples/GRQ-25-forests.json       |   2677 +-
 samples/GRQ-3-1.json              |    261 +-
 samples/Mac-Ultra-M2-1.json       |    224 +-
 samples/Mac-Ultra-M2-forests.json |    112 +-
 21 files changed, 538556 insertions(+), 501903 deletions(-)
[01:01:05] 🧭 check-in provenance: caller=teams/run.sh host=GRQ-26 since-previous=unknown
[scoring-provenance] host=GRQ-26 path=confirm data=trainData-binary_116 data_sha=65f218b20159d74c02962ef5aaa7bc94d21148a28aa772e41d6144d0a48c2a12 scorer=native scorer_sha=cc0077f001ae384f270d0e86d942f62265eda3dc459397614d4ace578d6fce30 neat_ai=7.0.48 core_sha=88de51285c135ad27d8ccb55489e39fbb196b4bf core_dirty=no scorer_src_sha=590bf8d7e999a29904f25778a0880eabb0f00e18 scorer_src_dirty=no
[neat-ai] running version 7.0.48
2026-09-29T15:01:16.571Z [INFO] [ConfirmScore] [pid-11183] ✅ verified Score in 10s 262ms
2026-09-29T15:01:16.576Z [INFO] [ConfirmScore] [pid-11183] [scorer-summary] program=IntelligentDesign.ConfirmScore rust=1 wasm=0 worker-pool-size=0 peak-concurrent=1 elapsed=10s
[checkin-confirm] host=GRQ-26 creature=/Users/sloth/GRQ/.creatures/Enceladus/1.json claimed=0.3319879755142437 confirmed=0.3319879755142437 delta=0 rel=0 budget=1800s bound=timeout (#4372)
🧬 [provenance-tags] checkin-confirm: 1.json scoreVerified=confirm:0.3319879755142437 (#4374)
[01:01:16] [checkin-stage] caller=teams/run.sh host=GRQ-26 creature=/Users/sloth/GRQ/.creatures/Enceladus/1.json score=0.3319879755142437 neurons=20 synapses=14397 baseline=samples/Enceladus.json previous=0.33197857973716466 (#4299)
[checkin-floor] accept baseline=samples/Enceladus.json previous=0.33197857973716466 candidate=0.3319879755142437 max_drop=25% drop=-0.00% reason=within-floor (#4299)
[checkin-ceiling] accept baseline=samples/Enceladus.json previous=0.33197857973716466 candidate=0.3319879755142437 max_gain=10% gain=0.00% reason=within-ceiling (#4373)
🧬 [provenance-tags] checkin-sample: GRQ-26-1.json stamped scorerSha=cc0077f001ae384f270d0e86d942f62265eda3dc459397614d4ace578d6fce30 dataSha=65f218b20159d74c02962ef5aaa7bc94d21148a28aa772e41d6144d0a48c2a12 neatAi=7.0.48 (#4374)
[01:01:23] ✅ Committing 💧 Enceladus 🎯, Score: 0.331988
[main 565d578ec] 💧 Enceladus 🎯, Score: 0.331988, Neurons: 20 & Synapses: 14,397
 1 file changed, 5253 insertions(+), 5250 deletions(-)
To github.com:stSoftwareAU/GRQ-sampler.git
 ! [rejected]            main -> main (fetch first)
error: failed to push some refs to 'github.com:stSoftwareAU/GRQ-sampler.git'
hint: Updates were rejected because the remote contains work that you do not
hint: have locally. This is usually caused by another repository pushing to
hint: the same ref. If you want to integrate the remote changes, use
hint: 'git pull' before pushing again.
hint: See the 'Note about fast-forwards' in 'git push --help' for details.
[01:01:29] 🔁 Attempt 1/12 — stash, pull, and reapply
GIT-OP: [checkin-sample] git pull ok in 3s (attempt 1/3, timeout=600s)
From github.com:stSoftwareAU/GRQ-sampler
   76bdcd51e..9c5e084e5  main       -> origin/main
Rebasing (1/1)dropping 565d578ec369b732e36677deedd71732524652d5 💧 Enceladus 🎯, Score: 0.331988, Neurons: 20 & Synapses: 14,397 -- patch contents already upstream
Successfully rebased and updated refs/heads/main.
[01:01:38] ℹ️ Nothing to push after reconcile — check-in complete
[wasm-activation-health] failures=0 firstUuid=none firstStage=none
[discovery-worker-fallback] fallbacks=0 firstError=none
[scorer-engine-split] splits=0 firstReason=none
[stage-failure-health] failures=0 firstStage=none firstExitCode=0 firstHitLine=0
GIT-OP: [reset] git fetch ok in 6s (attempt 1/3, timeout=600s)
From github.com:stSoftwareAU/GRQ
   fa6b9619..035310dc  Develop    -> origin/Develop
HEAD is now at 035310dc worker/upgrade.sh: predictable /tmp marker file allows disabling Deno auto-upgrade check (Issue #4960) (#5098)
GIT-OP: [model_fetch GRQ-health] git fetch ok in 6s (attempt 1/6, timeout=none)
From github.com:stSoftwareAU/GRQ-health
   11ca925b2e..87b1f96547  Develop    -> origin/Develop
HEAD is now at 87b1f96547 Update repo health (failure): Vibe Coder:GRQ-23
branch 'Develop' set up to track 'origin/Develop'.
Your branch is up to date with 'origin/Develop'.
✅ GRQ-health synced with remote (validation skipped)
🩺 [health_sync] entry repo=/Users/sloth/GRQ-health branch=Develop local_ahead=0 behind=0
🩺 [health_sync] decision path=noop
🩺 [health_sync] result status=ok
Updating health information...
From github.com:stSoftwareAU/GRQ-health
   87b1f96547..8817282834  Develop    -> origin/Develop
Updating 87b1f96547..8817282834
Fast-forward
 docs/GRQ-26/node-rocket.log  | 647 ++++++++++++++++++++++---------------------
 docs/host-status/GRQ-26.json |  22 +-
 2 files changed, 345 insertions(+), 324 deletions(-)
Updated health information for GRQ-26
