================ Clean up START ================
Version 1.3.3
Disk usage:
Filesystem        Size  Used Avail Use% Mounted on
devtmpfs          4.0M     0  4.0M   0% /dev
tmpfs             7.7G     0  7.7G   0% /dev/shm
tmpfs             3.1G  448K  3.1G   1% /run
/dev/nvme0n1p1     40G  2.4G   38G   6% /
tmpfs             7.7G  4.0K  7.7G   1% /tmp
/dev/nvme0n1p128   10M  1.4M  8.7M  14% /boot/efi
/dev/nvme1n1      434G  102M  412G   1% /data
tmpfs             1.6G     0  1.6G   0% /run/user/1001
Uptime:  21:55:23 up 0 min,  0 users,  load average: 1.06, 0.31, 0.11
USER         PID    PPID COMMAND
GRQ        22232   22186 (sd-pam)
GRQ        22478   21916 /bin/bash /data/GRQ/run.sh --option=location
GRQ        26611   22478 /bin/bash ./check_spot_termination.sh
GRQ        26612   22478 /bin/bash ./run.sh --run-once
GRQ        26627   26611 sleep 5
GRQ        26633   26612 /bin/bash worker/node.sh
GRQ        26642   26633 ps -U GRQ -o user,pid,ppid,command
Host: ip-10-0-22-254
IP: 10.0.22.254
Number of CPUs: 8
Available Memory: 15Gi
================ Clean up ENDED ================
Use local deno
PATH: /data/GRQ/.deno/bin:/usr/local/sbin:/usr/local/bin:/usr/sbin:/usr/bin:/sbin:/bin:/var/lib/snapd/snap/bin
deno 2.4.3 (stable, release, aarch64-unknown-linux-gnu)
v8 13.7.152.14-rusty
typescript 5.8.3
aws-cli/2.23.11 Python/3.9.21 Linux/6.1.130-139.222.amzn2023.aarch64 source/aarch64.amzn.2023
Upgrading Deno to version v2.4.3...
Current Deno version: v2.4.3
Version 2.4.3 is already installed
Option: location
Starting Location... Tue Aug  5 09:55:23 PM UTC 2025
Already up to date.
📦 Cloning GRQ-location
Cloning into 'GRQ-location'...
Fetching S3 checksum file from: s3://grq-trainingdata/trainData-location_88/checksum.sha256
Checksum differs or not found locally. Downloading data file.
Decompressing S3 data file: ../../.cache/v2/trainData-location_88/data.tgz
S3 data successfully fetched and decompressed
🧹 Removing: trainData-location_*
📦 Cloning GRQ-portfolio
Cloning into 'GRQ-portfolio'...
Download https://jsr.io/@std/cli/meta.json
Download https://jsr.io/@std/fmt/meta.json
Download https://jsr.io/@std/fs/meta.json
Download https://jsr.io/@stsoftware/neat-ai/meta.json
Download https://jsr.io/@stsoftware/tags/meta.json
Download https://jsr.io/@std/assert/meta.json
Download https://jsr.io/@std/datetime/meta.json
Download https://jsr.io/@std/csv/meta.json
Download https://jsr.io/@std/cli/1.0.21_meta.json
Download https://jsr.io/@std/fmt/1.0.8_meta.json
Download https://jsr.io/@std/fs/1.0.19_meta.json
Download https://jsr.io/@stsoftware/neat-ai/0.181.0_meta.json
Download https://jsr.io/@stsoftware/tags/1.0.13_meta.json
Download https://jsr.io/@std/assert/1.0.13_meta.json
Download https://jsr.io/@std/datetime/0.225.5_meta.json
Download https://jsr.io/@std/csv/1.0.6_meta.json
Download https://jsr.io/@std/cli/1.0.21/_data.json
Download https://jsr.io/@std/path/meta.json
Download https://jsr.io/@std/internal/meta.json
Download https://jsr.io/@std/streams/meta.json
Download https://jsr.io/@std/bytes/meta.json
Download https://jsr.io/@std/crypto/meta.json
Download https://jsr.io/@std/path/1.1.1_meta.json
Download https://jsr.io/@std/internal/1.0.10_meta.json
Download https://jsr.io/@std/streams/1.0.10_meta.json
Download https://jsr.io/@std/bytes/1.0.6_meta.json
Download https://jsr.io/@std/crypto/1.0.5_meta.json
Download https://jsr.io/@std/cli/1.0.21/mod.ts
Download https://jsr.io/@std/fmt/1.0.8/colors.ts
Download https://jsr.io/@std/fs/1.0.19/mod.ts
Download https://jsr.io/@stsoftware/neat-ai/0.181.0/mod.ts
Download https://jsr.io/@stsoftware/tags/1.0.13/mod.ts
Download https://jsr.io/@std/assert/1.0.13/assert.ts
Download https://jsr.io/@std/datetime/0.225.5/mod.ts
Download https://jsr.io/@std/assert/1.0.13/mod.ts
Download https://jsr.io/@std/csv/1.0.6/mod.ts
Download https://jsr.io/@std/datetime/0.225.5/constants.ts
Download https://jsr.io/@std/fmt/1.0.8/duration.ts
Download https://jsr.io/@std/cli/1.0.21/parse_args.ts
Download https://jsr.io/@std/cli/1.0.21/prompt_secret.ts
Download https://jsr.io/@std/cli/1.0.21/unicode_width.ts
Download https://jsr.io/@std/fs/1.0.19/empty_dir.ts
Download https://jsr.io/@std/fs/1.0.19/ensure_dir.ts
Download https://jsr.io/@std/fs/1.0.19/ensure_file.ts
Download https://jsr.io/@std/fs/1.0.19/ensure_link.ts
Download https://jsr.io/@std/fs/1.0.19/ensure_symlink.ts
Download https://jsr.io/@std/fs/1.0.19/exists.ts
Download https://jsr.io/@std/fs/1.0.19/expand_glob.ts
Download https://jsr.io/@std/fs/1.0.19/move.ts
Download https://jsr.io/@std/fs/1.0.19/copy.ts
Download https://jsr.io/@std/fs/1.0.19/walk.ts
Download https://jsr.io/@std/fs/1.0.19/eol.ts
Download https://jsr.io/@stsoftware/neat-ai/0.181.0/src/Creature.ts
Download https://jsr.io/@stsoftware/neat-ai/0.181.0/src/architecture/CreatureUtils.ts
Download https://jsr.io/@stsoftware/neat-ai/0.181.0/src/methods/Selection.ts
Download https://jsr.io/@stsoftware/neat-ai/0.181.0/src/NEAT/Mutation.ts
Download https://jsr.io/@stsoftware/neat-ai/0.181.0/src/reconstruct/CRISPR.ts
Download https://jsr.io/@stsoftware/neat-ai/0.181.0/src/reconstruct/Upgrade.ts
Download https://jsr.io/@stsoftware/neat-ai/0.181.0/src/reconstruct/ConnectMissing.ts
Download https://jsr.io/@stsoftware/neat-ai/0.181.0/src/architecture/NeuronInterfaces.ts
Download https://jsr.io/@stsoftware/neat-ai/0.181.0/src/architecture/SynapseInterfaces.ts
Download https://jsr.io/@stsoftware/neat-ai/0.181.0/src/upgrade/UpgradeTwo.ts
Download https://jsr.io/@stsoftware/tags/1.0.13/src/TagAndRelease.ts
Download https://jsr.io/@stsoftware/tags/1.0.13/src/TagsInterface.ts
Download https://jsr.io/@std/assert/1.0.13/assertion_error.ts
Download https://jsr.io/@std/datetime/0.225.5/day_of_year.ts
Download https://jsr.io/@std/datetime/0.225.5/difference.ts
Download https://jsr.io/@std/datetime/0.225.5/format.ts
Download https://jsr.io/@std/datetime/0.225.5/is_leap.ts
Download https://jsr.io/@std/datetime/0.225.5/parse.ts
Download https://jsr.io/@std/datetime/0.225.5/week_of_year.ts
Download https://jsr.io/@std/assert/1.0.13/almost_equals.ts
Download https://jsr.io/@std/assert/1.0.13/array_includes.ts
Download https://jsr.io/@std/assert/1.0.13/equals.ts
Download https://jsr.io/@std/assert/1.0.13/exists.ts
Download https://jsr.io/@std/assert/1.0.13/false.ts
Download https://jsr.io/@std/assert/1.0.13/greater_or_equal.ts
Download https://jsr.io/@std/assert/1.0.13/greater.ts
Download https://jsr.io/@std/assert/1.0.13/instance_of.ts
Download https://jsr.io/@std/assert/1.0.13/is_error.ts
Download https://jsr.io/@std/assert/1.0.13/less_or_equal.ts
Download https://jsr.io/@std/assert/1.0.13/less.ts
Download https://jsr.io/@std/assert/1.0.13/match.ts
Download https://jsr.io/@std/assert/1.0.13/not_equals.ts
Download https://jsr.io/@std/assert/1.0.13/not_instance_of.ts
Download https://jsr.io/@std/assert/1.0.13/not_match.ts
Download https://jsr.io/@std/assert/1.0.13/not_strict_equals.ts
Download https://jsr.io/@std/assert/1.0.13/object_match.ts
Download https://jsr.io/@std/assert/1.0.13/rejects.ts
Download https://jsr.io/@std/assert/1.0.13/strict_equals.ts
Download https://jsr.io/@std/assert/1.0.13/string_includes.ts
Download https://jsr.io/@std/assert/1.0.13/throws.ts
Download https://jsr.io/@std/assert/1.0.13/equal.ts
Download https://jsr.io/@std/assert/1.0.13/fail.ts
Download https://jsr.io/@std/assert/1.0.13/unimplemented.ts
Download https://jsr.io/@std/assert/1.0.13/unreachable.ts
Download https://jsr.io/@std/csv/1.0.6/parse.ts
Download https://jsr.io/@std/csv/1.0.6/parse_stream.ts
Download https://jsr.io/@std/csv/1.0.6/stringify.ts
Download https://jsr.io/@std/csv/1.0.6/stringify_stream.ts
Download https://jsr.io/@std/cli/1.0.21/_run_length.ts
Download https://jsr.io/@std/fs/1.0.19/_to_path_string.ts
Download https://jsr.io/@std/fs/1.0.19/_get_file_info_type.ts
Download https://jsr.io/@std/fs/1.0.19/_create_walk_entry.ts
Download https://jsr.io/@std/fs/1.0.19/_is_subdir.ts
Download https://jsr.io/@std/fs/1.0.19/_is_same_path.ts
Download https://jsr.io/@stsoftware/neat-ai/0.181.0/src/architecture/CreatureState.ts
Download https://jsr.io/@stsoftware/neat-ai/0.181.0/src/architecture/CreatureValidate.ts
Download https://jsr.io/@stsoftware/neat-ai/0.181.0/src/architecture/DataSet.ts
Download https://jsr.io/@stsoftware/neat-ai/0.181.0/src/architecture/Neuron.ts
Download https://jsr.io/@stsoftware/neat-ai/0.181.0/src/architecture/Score.ts
Download https://jsr.io/@stsoftware/neat-ai/0.181.0/src/architecture/Synapse.ts
Download https://jsr.io/@stsoftware/neat-ai/0.181.0/src/architecture/Training.ts
Download https://jsr.io/@stsoftware/neat-ai/0.181.0/src/compact/CompactCreature.ts
Download https://jsr.io/@stsoftware/neat-ai/0.181.0/src/compact/CompactUtils.ts
Download https://jsr.io/@stsoftware/neat-ai/0.181.0/src/config/NeatConfig.ts
Download https://jsr.io/@stsoftware/neat-ai/0.181.0/src/Costs.ts
Download https://jsr.io/@stsoftware/neat-ai/0.181.0/src/methods/activations/Activations.ts
Download https://jsr.io/@stsoftware/neat-ai/0.181.0/src/multithreading/workers/WorkerHandler.ts
Download https://jsr.io/@stsoftware/neat-ai/0.181.0/src/NEAT/Neat.ts
Download https://jsr.io/@stsoftware/neat-ai/0.181.0/src/optimize/MakeCreatureActivationFunction.ts
Download https://jsr.io/@stsoftware/neat-ai/0.181.0/src/propagate/BackPropagation.ts
Download https://jsr.io/@stsoftware/neat-ai/0.181.0/src/propagate/sparse/SparseConfig.ts
Download https://jsr.io/@stsoftware/neat-ai/0.181.0/src/upgrade/UpgradeOne.ts
Download https://jsr.io/@stsoftware/neat-ai/0.181.0/src/utils/CreatureExportBuilder.ts
Download https://jsr.io/@stsoftware/neat-ai/0.181.0/src/architecture/SyncV5.ts
Download https://jsr.io/@stsoftware/neat-ai/0.181.0/src/mutate/AddConnection.ts
Download https://jsr.io/@stsoftware/neat-ai/0.181.0/src/methods/activations/types/IDENTITY.ts
Download https://jsr.io/@stsoftware/neat-ai/0.181.0/src/methods/activations/types/SQRT.ts
Download https://jsr.io/@stsoftware/neat-ai/0.181.0/src/methods/activations/types/SQUARE.ts
Download https://jsr.io/@std/datetime/0.225.5/_date_time_formatter.ts
Download https://jsr.io/@std/csv/1.0.6/_io.ts
Download https://jsr.io/@std/csv/1.0.6/_shared.ts
Download https://jsr.io/@stsoftware/neat-ai/0.181.0/src/propagate/SynapseState.ts
Download https://jsr.io/@stsoftware/neat-ai/0.181.0/src/errors/ValidationError.ts
Download https://jsr.io/@stsoftware/neat-ai/0.181.0/src/optimize/FunctionCache.ts
Download https://jsr.io/@stsoftware/neat-ai/0.181.0/src/propagate/Bias.ts
Download https://jsr.io/@stsoftware/neat-ai/0.181.0/src/propagate/Weight.ts
Download https://jsr.io/@stsoftware/neat-ai/0.181.0/src/architecture/NoChangePropagate.ts
Download https://jsr.io/@stsoftware/neat-ai/0.181.0/src/upgrade/Upgrade.ts
Download https://jsr.io/@stsoftware/neat-ai/0.181.0/src/compact/CompactUnused.ts
Download https://jsr.io/@stsoftware/neat-ai/0.181.0/src/methods/activations/types/LOGISTIC.ts
Download https://jsr.io/@stsoftware/neat-ai/0.181.0/src/costs/CrossEntropy.ts
Download https://jsr.io/@stsoftware/neat-ai/0.181.0/src/costs/HINGE.ts
Download https://jsr.io/@stsoftware/neat-ai/0.181.0/src/costs/MAE.ts
Download https://jsr.io/@stsoftware/neat-ai/0.181.0/src/costs/MAPE.ts
Download https://jsr.io/@stsoftware/neat-ai/0.181.0/src/costs/MSE.ts
Download https://jsr.io/@stsoftware/neat-ai/0.181.0/src/costs/MSLE.ts
Download https://jsr.io/@stsoftware/neat-ai/0.181.0/src/deprecated/MEAN.ts
Download https://jsr.io/@stsoftware/neat-ai/0.181.0/src/deprecated/HYPOT.ts
Download https://jsr.io/@stsoftware/neat-ai/0.181.0/src/deprecated/HYPOTv2.ts
Download https://jsr.io/@stsoftware/neat-ai/0.181.0/src/methods/activations/aggregate/IF.ts
Download https://jsr.io/@stsoftware/neat-ai/0.181.0/src/methods/activations/aggregate/MAXIMUM.ts
Download https://jsr.io/@stsoftware/neat-ai/0.181.0/src/methods/activations/aggregate/MINIMUM.ts
Download https://jsr.io/@stsoftware/neat-ai/0.181.0/src/methods/activations/types/ABSOLUTE.ts
Download https://jsr.io/@stsoftware/neat-ai/0.181.0/src/methods/activations/types/ArcTan.ts
Download https://jsr.io/@stsoftware/neat-ai/0.181.0/src/methods/activations/types/BENT_IDENTITY.ts
Download https://jsr.io/@stsoftware/neat-ai/0.181.0/src/methods/activations/types/BIPOLAR.ts
Download https://jsr.io/@stsoftware/neat-ai/0.181.0/src/methods/activations/types/BIPOLAR_SIGMOID.ts
Download https://jsr.io/@stsoftware/neat-ai/0.181.0/src/methods/activations/types/COMPLEMENT.ts
Download https://jsr.io/@stsoftware/neat-ai/0.181.0/src/methods/activations/types/Cosine.ts
Download https://jsr.io/@stsoftware/neat-ai/0.181.0/src/methods/activations/types/Cube.ts
Download https://jsr.io/@stsoftware/neat-ai/0.181.0/src/methods/activations/types/ELU.ts
Download https://jsr.io/@stsoftware/neat-ai/0.181.0/src/methods/activations/types/Exponential.ts
Download https://jsr.io/@stsoftware/neat-ai/0.181.0/src/methods/activations/types/GAUSSIAN.ts
Download https://jsr.io/@stsoftware/neat-ai/0.181.0/src/methods/activations/types/GELU.ts
Download https://jsr.io/@stsoftware/neat-ai/0.181.0/src/methods/activations/types/HARD_TANH.ts
Download https://jsr.io/@stsoftware/neat-ai/0.181.0/src/methods/activations/types/ISRU.ts
Download https://jsr.io/@stsoftware/neat-ai/0.181.0/src/methods/activations/types/LeakyReLU.ts
Download https://jsr.io/@stsoftware/neat-ai/0.181.0/src/methods/activations/types/LogSigmoid.ts
Download https://jsr.io/@stsoftware/neat-ai/0.181.0/src/methods/activations/types/Mish.ts
Download https://jsr.io/@stsoftware/neat-ai/0.181.0/src/methods/activations/types/ReLU.ts
Download https://jsr.io/@stsoftware/neat-ai/0.181.0/src/methods/activations/types/ReLU6.ts
Download https://jsr.io/@stsoftware/neat-ai/0.181.0/src/methods/activations/types/SELU.ts
Download https://jsr.io/@stsoftware/neat-ai/0.181.0/src/methods/activations/types/SINE.ts
Download https://jsr.io/@stsoftware/neat-ai/0.181.0/src/methods/activations/types/SOFTSIGN.ts
Download https://jsr.io/@stsoftware/neat-ai/0.181.0/src/methods/activations/types/STEP.ts
Download https://jsr.io/@stsoftware/neat-ai/0.181.0/src/methods/activations/types/Softplus.ts
Download https://jsr.io/@stsoftware/neat-ai/0.181.0/src/methods/activations/types/StdInverse.ts
Download https://jsr.io/@stsoftware/neat-ai/0.181.0/src/methods/activations/types/Swish.ts
Download https://jsr.io/@stsoftware/neat-ai/0.181.0/src/methods/activations/types/TAN.ts
Download https://jsr.io/@stsoftware/neat-ai/0.181.0/src/methods/activations/types/TANH.ts
Download https://jsr.io/@stsoftware/neat-ai/0.181.0/src/multithreading/workers/MockWorker.ts
Download https://jsr.io/@stsoftware/neat-ai/0.181.0/src/architecture/DeDuplicator.ts
Download https://jsr.io/@stsoftware/neat-ai/0.181.0/src/architecture/ElitismUtils.ts
Download https://jsr.io/@stsoftware/neat-ai/0.181.0/src/architecture/Fitness.ts
Download https://jsr.io/@stsoftware/neat-ai/0.181.0/src/blackbox/FineTune.ts
Download https://jsr.io/@stsoftware/neat-ai/0.181.0/src/blackbox/FineTunePopulation.ts
Download https://jsr.io/@stsoftware/neat-ai/0.181.0/src/breed/Breed.ts
Download https://jsr.io/@stsoftware/neat-ai/0.181.0/src/NEAT/Genus.ts
Download https://jsr.io/@stsoftware/neat-ai/0.181.0/src/NEAT/Mutator.ts
Download https://jsr.io/@stsoftware/neat-ai/0.181.0/src/optimize/Simplify.ts
Download https://jsr.io/@stsoftware/neat-ai/0.181.0/src/architecture/ErrorGuidedStructuralEvolution/DiscoverStructure.ts
Download https://jsr.io/@stsoftware/neat-ai/0.181.0/src/optimize/MakeNeuronActivation.ts
Download https://jsr.io/@stsoftware/neat-ai/0.181.0/src/propagate/sparse/CalculatePathsToOutput.ts
Download https://jsr.io/@stsoftware/neat-ai/0.181.0/src/propagate/sparse/ChooseNeurons.ts
Download https://jsr.io/@stsoftware/neat-ai/0.181.0/src/propagate/ActivationRange.ts
Download https://jsr.io/@stsoftware/neat-ai/0.181.0/src/propagate/ErrorHelper.ts
Download https://jsr.io/@stsoftware/neat-ai/0.181.0/src/methods/activations/AbstractActivationInterface.ts
Download https://jsr.io/@stsoftware/neat-ai/0.181.0/src/multithreading/workers/WorkerProcessor.ts
Download https://jsr.io/@stsoftware/neat-ai/0.181.0/src/NEAT/Species.ts
Download https://jsr.io/@stsoftware/neat-ai/0.181.0/src/NEAT/LogApproach.ts
Download https://jsr.io/@stsoftware/neat-ai/0.181.0/src/blackbox/RestoreSource.ts
Download https://jsr.io/@stsoftware/neat-ai/0.181.0/src/blackbox/Retry.ts
Download https://jsr.io/@stsoftware/neat-ai/0.181.0/src/architecture/Offspring.ts
Download https://jsr.io/@stsoftware/neat-ai/0.181.0/src/blackbox/Discover.ts
Download https://jsr.io/@stsoftware/neat-ai/0.181.0/src/breed/Father.ts
Download https://jsr.io/@stsoftware/neat-ai/0.181.0/src/blackbox/MemeticUpdate.ts
Download https://jsr.io/@stsoftware/neat-ai/0.181.0/src/mutate/AddNeuron.ts
Download https://jsr.io/@stsoftware/neat-ai/0.181.0/src/mutate/SubNeuron.ts
Download https://jsr.io/@stsoftware/neat-ai/0.181.0/src/mutate/SubConnection.ts
Download https://jsr.io/@stsoftware/neat-ai/0.181.0/src/mutate/ModWeight.ts
Download https://jsr.io/@stsoftware/neat-ai/0.181.0/src/mutate/ModBias.ts
Download https://jsr.io/@stsoftware/neat-ai/0.181.0/src/mutate/ModSquash.ts
Download https://jsr.io/@stsoftware/neat-ai/0.181.0/src/mutate/AddSelfCon.ts
Download https://jsr.io/@stsoftware/neat-ai/0.181.0/src/mutate/SubSelfCon.ts
Download https://jsr.io/@stsoftware/neat-ai/0.181.0/src/mutate/AddBackCon.ts
Download https://jsr.io/@stsoftware/neat-ai/0.181.0/src/mutate/SubBackCon.ts
Download https://jsr.io/@stsoftware/neat-ai/0.181.0/src/mutate/SwapNeurons.ts
Download https://jsr.io/@stsoftware/neat-ai/0.181.0/src/architecture/ErrorGuidedStructuralEvolution/DiscoverDirectory.ts
Download https://jsr.io/@stsoftware/neat-ai/0.181.0/src/breed/EditParentByIndex.ts
Download https://jsr.io/@stsoftware/neat-ai/0.181.0/src/breed/GeneticCompatibility.ts
Download https://jsr.io/@std/path/1.1.1/join.ts
Download https://jsr.io/@std/path/1.1.1/dirname.ts
Download https://jsr.io/@std/path/1.1.1/resolve.ts
Download https://jsr.io/@std/internal/1.0.10/os.ts
Download https://jsr.io/@std/path/1.1.1/glob_to_regexp.ts
Download https://jsr.io/@std/path/1.1.1/join_globs.ts
Download https://jsr.io/@std/path/1.1.1/is_glob.ts
Download https://jsr.io/@std/path/1.1.1/is_absolute.ts
Download https://jsr.io/@std/path/1.1.1/constants.ts
Download https://jsr.io/@std/path/1.1.1/basename.ts
Download https://jsr.io/@std/internal/1.0.10/format.ts
Download https://jsr.io/@std/internal/1.0.10/build_message.ts
Download https://jsr.io/@std/internal/1.0.10/diff.ts
Download https://jsr.io/@std/internal/1.0.10/diff_str.ts
Download https://jsr.io/@std/internal/1.0.10/styles.ts
Download https://jsr.io/@std/streams/1.0.10/text_delimiter_stream.ts
Download https://jsr.io/@std/path/1.1.1/from_file_url.ts
Download https://jsr.io/@std/path/1.1.1/normalize.ts
Download https://jsr.io/@std/bytes/1.0.6/mod.ts
Download https://jsr.io/@std/crypto/1.0.5/mod.ts
Download https://jsr.io/@std/path/1.1.1/posix/join.ts
Download https://jsr.io/@std/path/1.1.1/windows/join.ts
Download https://jsr.io/@std/path/1.1.1/posix/dirname.ts
Download https://jsr.io/@std/path/1.1.1/windows/dirname.ts
Download https://jsr.io/@std/path/1.1.1/posix/resolve.ts
Download https://jsr.io/@std/path/1.1.1/windows/resolve.ts
Download https://jsr.io/@std/internal/1.0.10/_os.ts
Download https://jsr.io/@std/path/1.1.1/posix/glob_to_regexp.ts
Download https://jsr.io/@std/path/1.1.1/windows/glob_to_regexp.ts
Download https://jsr.io/@std/path/1.1.1/posix/join_globs.ts
Download https://jsr.io/@std/path/1.1.1/windows/join_globs.ts
Download https://jsr.io/@std/path/1.1.1/posix/is_absolute.ts
Download https://jsr.io/@std/path/1.1.1/windows/is_absolute.ts
Download https://jsr.io/@std/path/1.1.1/posix/basename.ts
Download https://jsr.io/@std/path/1.1.1/windows/basename.ts
Download https://jsr.io/@std/streams/1.0.10/_common.ts
Download https://jsr.io/@std/path/1.1.1/posix/from_file_url.ts
Download https://jsr.io/@std/path/1.1.1/windows/from_file_url.ts
Download https://jsr.io/@std/path/1.1.1/posix/normalize.ts
Download https://jsr.io/@std/path/1.1.1/windows/normalize.ts
Download https://jsr.io/@std/bytes/1.0.6/concat.ts
Download https://jsr.io/@std/bytes/1.0.6/copy.ts
Download https://jsr.io/@std/bytes/1.0.6/ends_with.ts
Download https://jsr.io/@std/bytes/1.0.6/equals.ts
Download https://jsr.io/@std/bytes/1.0.6/includes_needle.ts
Download https://jsr.io/@std/bytes/1.0.6/index_of_needle.ts
Download https://jsr.io/@std/bytes/1.0.6/last_index_of_needle.ts
Download https://jsr.io/@std/bytes/1.0.6/repeat.ts
Download https://jsr.io/@std/bytes/1.0.6/starts_with.ts
Download https://jsr.io/@std/crypto/1.0.5/crypto.ts
Download https://jsr.io/@std/crypto/1.0.5/timing_safe_equal.ts
Download https://jsr.io/@std/path/1.1.1/_common/assert_path.ts
Download https://jsr.io/@std/path/1.1.1/windows/_util.ts
Download https://jsr.io/@std/path/1.1.1/_common/dirname.ts
Download https://jsr.io/@std/path/1.1.1/_common/strip_trailing_separators.ts
Download https://jsr.io/@std/path/1.1.1/posix/_util.ts
Download https://jsr.io/@std/path/1.1.1/_common/constants.ts
Download https://jsr.io/@std/path/1.1.1/_common/normalize_string.ts
Download https://jsr.io/@std/path/1.1.1/_common/glob_to_reg_exp.ts
Download https://jsr.io/@std/path/1.1.1/posix/constants.ts
Download https://jsr.io/@std/path/1.1.1/posix/normalize_glob.ts
Download https://jsr.io/@std/path/1.1.1/windows/constants.ts
Download https://jsr.io/@std/path/1.1.1/windows/normalize_glob.ts
Download https://jsr.io/@std/path/1.1.1/_common/basename.ts
Download https://jsr.io/@std/path/1.1.1/_common/from_file_url.ts
Download https://jsr.io/@std/path/1.1.1/_common/normalize.ts
Download https://jsr.io/@std/crypto/1.0.5/_wasm/mod.ts
Download https://jsr.io/@std/crypto/1.0.5/_wasm/lib/deno_std_wasm_crypto.mjs
Download https://jsr.io/@std/crypto/1.0.5/_wasm/lib/deno_std_wasm_crypto.internal.mjs
NETHERLANDS , score: 0.9500539794929831
process (poor score) NETHERLANDS , score: 0.9500539794929831 lvl: 2
loaded ../GRQ-portfolio/best/location/v1/NETHERLANDS.json
6 mutations, mutation rate 10.2%, elitism 3, mutation ALL, selection POWER
Creature count: 50
Download https://jsr.io/@stsoftware/neat-ai/0.181.0/src/multithreading/workers/deno/worker.ts
Download https://jsr.io/@stsoftware/neat-ai/0.181.0/src/multithreading/workers/deno/worker.ts
Culling duplicate creature at 1 of 51
DeDuplication of 1 creatures to 50 in 190ms (previous experiment )
Discovery 4cb3a74d scheduled
Training 4cb3a74d scheduled
Training 4cb3a74d with 1 binary file, target error: 0.05, iterations: 1, sample rate: 100%, sparse: 100%
Discovery 4cb3a74d with 1 binary files, sample rate: 100%, batch size: 512
Discovery 4cb3a74d initialize time 111ms
Discovery 4cb3a74d processing .trainData-location_88/NETHERLANDS/data.bin
Generation 1 score 0.9500539794929831 (avg: 0.5806) error 0.04989355650839477 avg time 936ms
Set training/discovery clean up count to 2
Waiting for discovery to complete
Discovery 4cb3a74d read time 8ms for .trainData-location_88/NETHERLANDS/data.bin with 4613 records
Discovery 4cb3a74d scanning time 7s 549ms
Discovery 4cb3a74d recorded time 9s 385ms
Generation 2 score 0.9500540168462048 (avg: -35.7236) error 0.049893519155173094 avg time 1s 175ms
Waiting for discovery to complete
Discovered beneficial synapse from 19b7552c-d53b-4496-8b15-d6f1af22745f to 8942f6b3-5458-4d15-9728-50db85fe9683 with weight -1.0000, helping 13.6% more records than it harms (2458/4613)
Discovery 4cb3a74d analyze time 12s 145ms found 1 candidates
Fine tuning increased fitness by 3.3208507033144485e-7 to 0.9500543489312752 adjusted 429 weights, 12 biases 
Discovered harmful synapse from input-770 to 830144e2-d619-4cc8-840e-a4ab1ea3e5fa, harming 40.7% more records than it helps (1272/4613)
Discovery 4cb3a74d analyze harmful time 2s 296ms found 1 candidates
Discovery 4cb3a74d analyze squashes time 2s 792ms found 1 candidate, Summary: 8942f6b3-5458-4d15-9728-50db85fe9683 SELU -> ABSOLUTE improved: 97.3% error: 1.2405622209518755e+27 -> 3.3443878389807843e+25
Remove neuron 453470b7-bf1e-48f6-8609-2ba04af9dd11 as no longer connected
Training 4cb3a74d completed after 11s 920ms
Training 4cb3a74d compacted
Generation 3 score 0.9500543489312752 (avg: 0.8822) error 0.04989318707010268 avg time 1s 142ms
Waiting for discovery to complete
Compact 4cb3a74d Score: 0.9494080967956926, Error: 0.04989355650839477 -> 0.050539609205682554, 👿 -0.000646
Trained 4cb3a74d Score: 0.9349856147733658, Error: 0.04989355650839477 -> 0.064961921228012, 👿 -0.0151
Fine tuning increased fitness by 5.971059808818069e-7 to 0.950054946037256 adjusted 429 weights, 12 biases 
Over populated 53, expected 50.
Generation 4 score 0.950054946037256 (avg: 0.9227) error 0.04989258996412188 avg time 1s 49ms
Waiting for training/discovery clean up 2
Fine tuning increased fitness by 8.285950082731475e-7 to 0.9500557746322643 adjusted 429 weights, 12 biases 
Generation 5 score 0.9500557746322643 (avg: 0.9473) error 0.04989176136911355 avg time 1s 138ms
Waiting for training/discovery clean up 1
Generation 6 score 0.9500574517673266 (avg: 0.9479) error 0.0498900842340513 avg time 1s 115ms
{
  error: 0.0498900842340513,
  score: 0.9500574517673266,
  generation: 6,
  time: 65985,
  startScore: 0.9500539794929831
}
OK , score: 0.9509001195597436
process (poor score) OK , score: 0.9509001195597436 lvl: 2
loaded ../GRQ-portfolio/best/location/v1/OK.json
3 mutations, mutation rate 17.1%, elitism 7, mutation FFW, selection TOURNAMENT
Creature count: 50
Culling duplicate creature at 1 of 51
DeDuplication of 1 creatures to 50 in 191ms (previous experiment )
Discovery 26565be1 scheduled
Training 26565be1 scheduled
Training 26565be1 with 1 binary file, target error: 0.05, iterations: 1, sample rate: 100%, sparse: 100%
Discovery 26565be1 with 1 binary files, sample rate: 100%, batch size: 512
Discovery 26565be1 initialize time 99ms
Discovery 26565be1 processing .trainData-location_88/OK/data.bin
Generation 1 score 0.9509001195597436 (avg: 0.5986) error 0.0490609264409774 avg time 711ms
Set training/discovery clean up count to 2
Waiting for discovery to complete
Discovery 26565be1 read time 7ms for .trainData-location_88/OK/data.bin with 4613 records
Discovery 26565be1 scanning time 4s 606ms
Discovery 26565be1 recorded time 5s 792ms
Generation 2 score 0.9509001195597436 (avg: -9.112606837651837e+23) error 0.0490609264409774 avg time 498ms
Waiting for discovery to complete
Training 26565be1 completed after 7s 541ms
Training 26565be1 compacted
Generation 3 score 0.9509001195597436 (avg: -399.5740) error 0.0490609264409774 avg time 410ms
Waiting for discovery to complete
Fine 26565be1 Score: 0.9460865137381783, Error: 0.0490609264409774 -> 0.05387453226243337, 👿 -0.00481, Variant: overshot
Compact 26565be1 Score: 0.9449203732402083, Error: 0.0490609264409774 -> 0.05504116276050275, 👿 -0.00598
Trained 26565be1 Score: 0.9383515468202742, Error: 0.0490609264409774 -> 0.06160952918086076, 👿 -0.0125
Fine 26565be1 Score: 0.9291169588773704, Error: 0.0490609264409774 -> 0.07084408712332031, 👿 -0.0218, Variant: undershot
Generation 4 score 0.9509001195597436 (avg: 0.9492) error 0.0490609264409774 avg time 413ms
Waiting for discovery to complete
Discovered beneficial synapse from input-1068 to fdc68d09-2d04-4d11-9b4f-27f97e06aab7 with weight -1.0000, helping 82.0% more records than it harms (3782/4613)
Discovery 26565be1 analyze time 10s 934ms found 1 candidates
Discovered harmful synapse from 448d591c-ecf0-4712-a1c1-58806e50a589 to fdc68d09-2d04-4d11-9b4f-27f97e06aab7, harming 82.0% more records than it helps (0/4613)
Discovery 26565be1 analyze harmful time 1s 639ms found 1 candidates
Discovery 26565be1 analyze squashes time 1s 758ms found 1 candidate, Summary: fdc68d09-2d04-4d11-9b4f-27f97e06aab7 ArcTan -> COMPLEMENT improved: 99.9% error: 1.0230986844313955e+27 -> 5.1669044607364594e+23
Generation 5 score 0.9509001195597436 (avg: 0.9501) error 0.0490609264409774 avg time 529ms
Waiting for discovery to complete
Generation 6 score 0.9509001195597436 (avg: 0.9475) error 0.0490609264409774 avg time 406ms
Waiting for training/discovery clean up 2
Generation 7 score 0.9509001195597436 (avg: 0.8587) error 0.0490609264409774 avg time 406ms
Waiting for training/discovery clean up 1
Generation 8 score 0.9509001195597436 (avg: 0.9509) error 0.0490609264409774 avg time 357ms
{
  error: 0.0490609264409774,
  score: 0.9509001195597436,
  generation: 8,
  time: 37650,
  startScore: 0.9509001195597436
}
NY , score: 0.9585523815514958
process (poor score) NY , score: 0.9585523815514958 lvl: 2
loaded ../GRQ-portfolio/best/location/v1/NY.json
8 mutations, mutation rate 16.4%, elitism 8, mutation ALL, selection FITNESS_PROPORTIONATE
Creature count: 50
Culling duplicate creature at 1 of 51
DeDuplication of 1 creatures to 50 in 209ms (previous experiment )
Discovery 4f63568c scheduled
Training 4f63568c scheduled
Training 4f63568c with 1 binary file, target error: 0.05, iterations: 1, sample rate: 100%, sparse: 100%
Discovery 4f63568c with 1 binary files, sample rate: 100%, batch size: 512
Discovery 4f63568c initialize time 98ms
Discovery 4f63568c processing .trainData-location_88/NY/data.bin
Generation 1 score 0.9585523815514958 (avg: -33.5708) error 0.04142064144975975 avg time 717ms
Set training/discovery clean up count to 2
Waiting for discovery to complete
Discovery 4f63568c read time 10ms for .trainData-location_88/NY/data.bin with 4613 records
Discovery 4f63568c scanning time 4s 441ms
Fine tuning increased fitness by 0.00001781896857744325 to 0.9585702005200732 adjusted 495 weights, 24 biases 
Discovery 4f63568c recorded time 5s 796ms
Generation 2 score 0.9585702005200732 (avg: -42111269.3453) error 0.04140282248118238 avg time 424ms
Waiting for discovery to complete
Training 4f63568c completed after 5s 430ms
Training 4f63568c compacted
Over populated 52, expected 50.
Generation 3 score 0.958581084790931 (avg: -1218755.6088) error 0.04139193821032476 avg time 368ms
Waiting for discovery to complete
Compact 4f63568c Score: 0.9585525548106011, Error: 0.04142064144975975 -> 0.04142058819065289, 👌 5.33e-8
Fine 4f63568c Score: 0.9498159594575841, Error: 0.04142064144975975 -> 0.0501570635436685, 👿 -0.00874, Variant: overshot
Trained 4f63568c Score: 0.9470183657390892, Error: 0.04142064144975975 -> 0.05295469726217174, 👿 -0.0115
Fine 4f63568c Score: 0.933325018507158, Error: 0.04142064144975975 -> 0.06664800449408574, 👿 -0.0252, Variant: undershot
Fine tuning increased fitness by 1.632065167456176e-7 to 0.9585812479974477 adjusted 484 weights, 24 biases 
Generation 4 score 0.9585812479974477 (avg: -606395.3012) error 0.041391775003808105 avg time 365ms
Waiting for discovery to complete
Fine tuning increased fitness by 0.0000030710306255787856 to 0.9585843190280733 adjusted 484 weights, 24 biases 
Generation 5 score 0.9585843190280733 (avg: -4.8438) error 0.04138870397318253 avg time 324ms
Waiting for discovery to complete
Remove neuron 42ea739d-1949-443b-bd25-8923c0cad3ff-581 as no longer connected
Generation 6 score 0.958586778807907 (avg: -32808.6143) error 0.041386244193348846 avg time 348ms
Waiting for discovery to complete
Fine tuning increased fitness by 0.00000322392316920439 to 0.9585900027310762 adjusted 449 weights, 23 biases 
Generation 7 score 0.9585900027310762 (avg: -13.1415) error 0.041383020270179476 avg time 316ms
Waiting for discovery to complete
Generation 8 score 0.9585970585481101 (avg: 0.9575) error 0.041375964453145425 avg time 318ms
Waiting for discovery to complete
Fine tuning increased fitness by 0.000004918019864685874 to 0.9586019765679747 adjusted 443 weights, 23 biases 
Discovered beneficial synapse from input-1532 to 70bca46e-2a4f-48bd-abe3-7853d8311714 with weight 1.0000, helping 41.3% more records than it harms (2965/4613)
Discovery 4f63568c analyze time 23s 551ms found 1 candidates
Discovered harmful synapse from input-1520 to 70bca46e-2a4f-48bd-abe3-7853d8311714, harming 42.3% more records than it helps (1037/4613)
Discovery 4f63568c analyze harmful time 1s 829ms found 1 candidates
Generation 9 score 0.9586019765679747 (avg: 0.9499) error 0.0413710464332804 avg time 329ms
Waiting for discovery to complete
Discovery 4f63568c analyze squashes time 1s 937ms found 1 candidate, Summary: bd64b69a-2fd9-46fb-93ed-8bde3b9e2a7b LeakyReLU -> SQRT improved: 100.0% error: 4.157175870564455e+24 -> 433552290296070537216.0000
Generation 10 score 0.9586029157205593 (avg: 0.9170) error 0.04137010728069567 avg time 351ms
Waiting for discovery to complete
Over populated 53, expected 50.
Generation 11 score 0.9586029458833469 (avg: 0.9300) error 0.04137007711790809 avg time 323ms
Waiting for training/discovery clean up 2
Fine tuning increased fitness by 0.0000010108688367482799 to 0.9586039567521837 adjusted 433 weights, 22 biases 
Remove neuron 42ea739d-1949-443b-bd25-8923c0cad3ff-338 as no longer connected
Generation 12 score 0.9586039567521837 (avg: 0.9440) error 0.04136906624907132 avg time 312ms
Waiting for training/discovery clean up 1
Fine tuning increased fitness by 7.650411602000418e-7 to 0.9586047217933439 adjusted 433 weights, 22 biases 
Remove neuron 521d683a-1294-4898-8909-0f5a51b17685 as no longer connected
Constant neuron 0fe7b855-e020-4fc0-bbcd-eb456549669c convert hidden to constant
Adjust neuron 0fe7b855-e020-4fc0-bbcd-eb456549669c bias 0.08451892235466599 to 0.08880411516826874
Generation 13 score 0.9586047217933439 (avg: 0.9443) error 0.04136830120791107 avg time 327ms
{
  error: 0.04136830120791107,
  score: 0.9586047217933439,
  generation: 13,
  time: 48586,
  startScore: 0.9585523815514958
}
NV , score: 0.9506047107646408
process (poor score) NV , score: 0.9506047107646408 lvl: 2
loaded ../GRQ-portfolio/best/location/v1/NV.json
3 mutations, mutation rate 6.0%, elitism 6, mutation FFW, selection FITNESS_PROPORTIONATE
Creature count: 50
Culling duplicate creature at 1 of 51
DeDuplication of 1 creatures to 50 in 140ms (previous experiment )
Discovery 39ec6c95 scheduled
Training 39ec6c95 scheduled
Training 39ec6c95 with 1 binary file, target error: 0.05, iterations: 1, sample rate: 100%, sparse: 100%
Discovery 39ec6c95 with 1 binary files, sample rate: 100%, batch size: 512
Discovery 39ec6c95 initialize time 102ms
Discovery 39ec6c95 processing .trainData-location_88/NV/data.bin
Generation 1 score 0.9506047107646408 (avg: 0.6463) error 0.049359859236481445 avg time 748ms
Set training/discovery clean up count to 2
Waiting for discovery to complete
Discovery 39ec6c95 read time 7ms for .trainData-location_88/NV/data.bin with 4613 records
Discovery 39ec6c95 scanning time 6s 485ms
Fine tuning increased fitness by 0.000019652101079348228 to 0.9506243628657202 adjusted 35 weights 
Discovery 39ec6c95 recorded time 7s 527ms
Generation 2 score 0.9506243628657202 (avg: -1.0586242673756821e+26) error 0.04934020713540215 avg time 573ms
Waiting for discovery to complete
Fine tuning increased fitness by 0.000024770608916591108 to 0.9506491334746368 adjusted 34 weights 
Training 39ec6c95 completed after 6s 810ms
Training 39ec6c95 compacted
Generation 3 score 0.9506491334746368 (avg: -12465261509040.1992) error 0.049315436526485554 avg time 462ms
Waiting for discovery to complete
Compact 39ec6c95 Score: 0.9478873300614058, Error: 0.049359859236481445 -> 0.052077299939715035, 👿 -0.00272
Trained 39ec6c95 Score: 0.9207614340391899, Error: 0.049359859236481445 -> 0.07920313596193243, 👿 -0.0298
Generation 4 score 0.9506491334746368 (avg: -71.0259) error 0.049315436526485554 avg time 535ms
Waiting for discovery to complete
Generation 5 score 0.9506491334746368 (avg: 0.0849) error 0.049315436526485554 avg time 533ms
Waiting for discovery to complete
Fine tuning increased fitness by 4.70251229844898e-7 to 0.9506496037258666 adjusted 34 weights 
Generation 6 score 0.9506496037258666 (avg: 0.9130) error 0.04931496627525569 avg time 536ms
Waiting for discovery to complete
Discovered beneficial synapse from 19b7552c-d53b-4496-8b15-d6f1af22745f to 517a079b-8932-4492-95bf-d73990cdac8a with weight -1.0000, helping 36.9% more records than it harms (2946/4613)
Discovery 39ec6c95 analyze time 23s 404ms found 1 candidates
Fine tuning increased fitness by 0.0000014516557395038987 to 0.9506510553816061 adjusted 34 weights 
Discovered harmful synapse from edc0190a-546c-4622-b145-b454e1ef411f to 517a079b-8932-4492-95bf-d73990cdac8a, harming 46.9% more records than it helps (1015/4613)
Discovery 39ec6c95 analyze harmful time 2s 625ms found 1 candidates
Generation 7 score 0.9506510553816061 (avg: 0.9506) error 0.04931351461951619 avg time 507ms
Waiting for discovery to complete
Discovery 39ec6c95 analyze squashes time 2s 508ms found 0 candidates
Fine tuning increased fitness by 0.0000010891861188522256 to 0.950652144567725 adjusted 34 weights 
Generation 8 score 0.950652144567725 (avg: 0.9448) error 0.049312425433397145 avg time 497ms
Waiting for training/discovery clean up 2
Generation 9 score 0.9506814141609374 (avg: 0.9339) error 0.04928316584018447 avg time 484ms
Waiting for training/discovery clean up 1
Fine tuning increased fitness by 0.000006317862196181245 to 0.9506877320231336 adjusted 35 weights 
Generation 10 score 0.9506877320231336 (avg: 0.9363) error 0.049276837977988645 avg time 447ms
{
  error: 0.049276837977988645,
  score: 0.9506877320231336,
  generation: 10,
  time: 53540,
  startScore: 0.9506047107646408
}
SC , score: 0.9424663045187164
process (poor score) SC , score: 0.9424663045187164 lvl: 2
loaded ../GRQ-portfolio/best/location/v1/SC.json
1 mutation, mutation rate 5.1%, elitism 8, mutation ALL, selection POWER
Creature count: 50
Culling duplicate creature at 1 of 51
DeDuplication of 1 creatures to 50 in 121ms (previous experiment )
Discovery b7347f66 scheduled
Training b7347f66 scheduled
Training b7347f66 with 1 binary file, target error: 0.05, iterations: 1, sample rate: 100%, sparse: 100%
Discovery b7347f66 with 1 binary files, sample rate: 100%, batch size: 512
Discovery b7347f66 initialize time 101ms
Discovery b7347f66 processing .trainData-location_88/SC/data.bin
Discovery b7347f66 read time 3ms for .trainData-location_88/SC/data.bin with 4613 records
Discovery b7347f66 scanning time 8s 30ms
Discovery b7347f66 recorded time 9s 595ms
Training 52a05482 scheduled
Training 52a05482 with 1 binary file, target error: 0.05, iterations: 1, sample rate: 100%, sparse: 100%
Fine tuning increased fitness by 1.4060811626137593e-8 to 0.9424663218570417 adjusted 62 weights, 3 biases 
Training b7347f66 completed after 15s 153ms
Training b7347f66 compacted
Fine b7347f66 Score: 0.9373466552384825, Error: 0.05747756848348881 -> 0.0625972177637227, 👿 -0.00512, Variant: overshot
Compact b7347f66 Score: 0.9344161025653704, Error: 0.05747756848348881 -> 0.06552799043682833, 👿 -0.00805
Fine b7347f66 Score: 0.9312387519996514, Error: 0.05747756848348881 -> 0.06870512100255373, 👿 -0.0112, Variant: undershot
Trained b7347f66 Score: 0.9304922938020551, Error: 0.05747756848348881 -> 0.06945169920014858, 👿 -0.0120
Fine tuning increased fitness by 7.612472874285459e-9 to 0.9424663294695146 adjusted 62 weights, 3 biases 
Training e66ad7ee scheduled
Training e66ad7ee with 1 binary file, target error: 0.05, iterations: 1, sample rate: 100%, sparse: 100%
Fine tuning increased fitness by 1.1491842477617809e-8 to 0.9424663409613571 adjusted 62 weights, 3 biases 
Discovered beneficial synapse from input-824 to de224d9a-baae-42ca-a76c-d299c41ef657 with weight 1.0000, helping 39.1% more records than it harms (3159/4613)
Discovery b7347f66 analyze time 34s 439ms found 1 candidates
Discovered harmful synapse from input-854 to de224d9a-baae-42ca-a76c-d299c41ef657, harming 16.3% more records than it helps (1881/4613)
Discovery b7347f66 analyze harmful time 2s 847ms found 1 candidates
Training 52a05482 completed after 17s 891ms
Training 52a05482 compacted
Discovery b7347f66 analyze squashes time 2s 504ms found 0 candidates
Fine 52a05482 Score: 0.9376426942656972, Error: 0.05747755114516351 -> 0.062301178736508034, 👿 -0.00482, Variant: overshot
Fine 52a05482 Score: 0.9349062016944585, Error: 0.05747755114516351 -> 0.06503767130774675, 👿 -0.00756, Variant: undershot
Compact 52a05482 Score: 0.9343933049566693, Error: 0.05747755114516351 -> 0.06555078804552951, 👿 -0.00807
Trained 52a05482 Score: 0.9327409844321287, Error: 0.05747755114516351 -> 0.06720300857007502, 👿 -0.00973
Discovery 61c91091 scheduled
Discovery 61c91091 with 1 binary files, sample rate: 100%, batch size: 512
Discovery 61c91091 initialize time 104ms
Discovery 61c91091 processing .trainData-location_88/SC/data.bin
Discovery 61c91091 read time 10ms for .trainData-location_88/SC/data.bin with 4613 records
Discovery 61c91091 scanning time 9s 213ms
Training fe1e4077 scheduled
Training fe1e4077 with 1 binary file, target error: 0.05, iterations: 1, sample rate: 100%, sparse: 100%
Discovery 61c91091 recorded time 10s 804ms
Fine tuning increased fitness by 3.337080067833398e-8 to 0.9424663935188674 adjusted 62 weights, 3 biases 
Training e66ad7ee completed after 19s 253ms
Training e66ad7ee compacted
Fine e66ad7ee Score: 0.9421423311224351, Error: 0.05747753204084818 -> 0.05780154187977018, 👿 -0.000324, Variant: overshot
Fine e66ad7ee Score: 0.9421226429038764, Error: 0.05747753204084818 -> 0.05782123009832888, 👿 -0.000344, Variant: undershot
Trained e66ad7ee Score: 0.9420128316100973, Error: 0.05747753204084818 -> 0.0579311813921053, 👿 -0.000454
Compact e66ad7ee Score: 0.9342237144899851, Error: 0.05747753204084818 -> 0.06572037851221368, 👿 -0.00824
Fine tuning increased fitness by 4.219179605691181e-8 to 0.9424664357106635 adjusted 62 weights, 3 biases 
Training a48372ba scheduled
Training a48372ba with 1 binary file, target error: 0.05, iterations: 1, sample rate: 100%, sparse: 100%
Training fe1e4077 completed after 16s 194ms
Training fe1e4077 compacted
Trained fe1e4077 Score: 0.9357726284607885, Error: 0.057477479483337764 -> 0.06417124454141673, 👿 -0.00669
Compact fe1e4077 Score: 0.9342237840518585, Error: 0.057477479483337764 -> 0.06572030895034033, 👿 -0.00824
Generation 10 score 0.9424698059102803 (avg: 0.9421) error 0.05747405709192545 avg time 10s 830ms
Discovered beneficial synapse from input-41 to 67b80186-a47f-4d63-af50-27e98a43e936 with weight -1.0000, helping 75.0% more records than it harms (4036/4613)
Discovery 61c91091 analyze time 41s 26ms found 1 candidates
Training 7b925df3 scheduled
Training 7b925df3 with 1 binary file, target error: 0.05, iterations: 1, sample rate: 100%, sparse: 100%
Discovered harmful synapse from input-854 to de224d9a-baae-42ca-a76c-d299c41ef657, harming 16.3% more records than it helps (1881/4613)
Discovery 61c91091 analyze harmful time 3s 33ms found 1 candidates
Fine tuning increased fitness by 0.000002727148406878044 to 0.9424725330586872 adjusted 20 weights, 1 bias 
Discovery 61c91091 analyze squashes time 2s 460ms found 0 candidates
Training a48372ba completed after 16s 960ms
Training a48372ba compacted
Compact a48372ba Score: 0.9390766516542796, Error: 0.0574773637200602 -> 0.060867441347919264, 👿 -0.00339
Trained a48372ba Score: 0.8927256839740065, Error: 0.0574773637200602 -> 0.10721818902819867, 👿 -0.0497
Discovery 795a64dd scheduled
Discovery 795a64dd with 1 binary files, sample rate: 100%, batch size: 512
Discovery 795a64dd initialize time 107ms
Discovery 795a64dd processing .trainData-location_88/SC/data.bin
Fine tuning increased fitness by 3.9578823840535904e-7 to 0.9424729288469256 adjusted 20 weights, 1 bias 
Discovery 795a64dd read time 5ms for .trainData-location_88/SC/data.bin with 4613 records
Discovery 795a64dd scanning time 8s 708ms
Training 4e40d0a3 scheduled
Training 4e40d0a3 with 1 binary file, target error: 0.05, iterations: 1, sample rate: 100%, sparse: 100%
Discovery 795a64dd recorded time 10s 389ms
Training 7b925df3 completed after 16s 854ms
Training 7b925df3 compacted
Compact 7b925df3 Score: 0.9424710402127301, Error: 0.05747132994351853 -> 0.05747294278947415, 👿 -0.00000161
Trained 7b925df3 Score: 0.9423670581783632, Error: 0.05747132994351853 -> 0.05757680482384259, 👿 -0.000105
Training 5bf63d35 scheduled
Training 5bf63d35 with 1 binary file, target error: 0.05, iterations: 1, sample rate: 100%, sparse: 100%
Fine tuning increased fitness by 1.7012312314435007e-7 to 0.9424734033982872 adjusted 27 weights 
Training 4e40d0a3 completed after 16s 518ms
Training 4e40d0a3 compacted
Compact 4e40d0a3 Score: 0.9424715645195244, Error: 0.05747079654566112 -> 0.05747241848267983, 👿 -0.00000162
Fine 4e40d0a3 Score: 0.9407204914654438, Error: 0.05747079654566112 -> 0.05922337153676191, 👿 -0.00175, Variant: overshot
Trained 4e40d0a3 Score: 0.93932818551228, Error: 0.05747079654566112 -> 0.06061579748992415, 👿 -0.00315
Fine 4e40d0a3 Score: 0.9391779525698546, Error: 0.05747079654566112 -> 0.06076591043235114, 👿 -0.00330, Variant: undershot
Fine tuning increased fitness by 5.4296480200832775e-8 to 0.9424734576947674 adjusted 27 weights 
Discovered beneficial synapse from input-29 to b26c9267-6865-4867-9c49-2f98a02699e0 with weight -1.0000, helping 75.0% more records than it harms (4036/4613)
Discovery 795a64dd analyze time 33s 551ms found 1 candidates
Discovered harmful synapse from input-1324 to b26c9267-6865-4867-9c49-2f98a02699e0, harming 75.0% more records than it helps (577/4613)
Discovery 795a64dd analyze harmful time 3s 162ms found 1 candidates
Discovery 795a64dd analyze squashes time 2s 916ms found 0 candidates
Discovery 03f46fa0 scheduled
Training 03f46fa0 scheduled
Training 03f46fa0 with 1 binary file, target error: 0.05, iterations: 1, sample rate: 100%, sparse: 100%
Discovery 03f46fa0 with 1 binary files, sample rate: 100%, batch size: 512
Discovery 03f46fa0 initialize time 109ms
Discovery 03f46fa0 processing .trainData-location_88/SC/data.bin
Fine tuning increased fitness by 0.000004979714188779738 to 0.9424872740586748 adjusted 24 weights 
Training 5bf63d35 completed after 19s 630ms
Training 5bf63d35 compacted
Discovery 03f46fa0 read time 6ms for .trainData-location_88/SC/data.bin with 4613 records
Discovery 03f46fa0 scanning time 8s 620ms
Discovery 03f46fa0 recorded time 10s 254ms
Compact 5bf63d35 Score: 0.9424719038372805, Error: 0.0574704596039184 -> 0.057472079164923535, 👿 -0.00000162
Fine 5bf63d35 Score: 0.9414892992372071, Error: 0.0574704596039184 -> 0.05845456376499843, 👿 -0.000984, Variant: overshot
Fine 5bf63d35 Score: 0.9408598616193781, Error: 0.0574704596039184 -> 0.05908400138282752, 👿 -0.00161, Variant: undershot
Trained 5bf63d35 Score: 0.940812690878211, Error: 0.0574704596039184 -> 0.059131292123993116, 👿 -0.00166
Training 8002e07b scheduled
Training 8002e07b with 1 binary file, target error: 0.05, iterations: 1, sample rate: 100%, sparse: 100%
Training 03f46fa0 completed after 17s 980ms
Training 03f46fa0 compacted
Generation 20 score 0.9424875801496011 (avg: 0.9425) error 0.05745628285260455 avg time 10s 92ms
Compact 03f46fa0 Score: 0.9345747504732062, Error: 0.057456588943530854 -> 0.06536933252899296, 👿 -0.00791
Trained 03f46fa0 Score: 0.9317259146326544, Error: 0.057456588943530854 -> 0.06821794836955132, 👿 -0.0108
Discovered beneficial synapse from input-824 to de224d9a-baae-42ca-a76c-d299c41ef657 with weight 1.0000, helping 39.0% more records than it harms (3157/4613)
Discovery 03f46fa0 analyze time 24s 172ms found 1 candidates
Discovered harmful synapse from input-29 to 67b80186-a47f-4d63-af50-27e98a43e936, harming 74.9% more records than it helps (578/4613)
Discovery 03f46fa0 analyze harmful time 3s 174ms found 1 candidates
Discovery 03f46fa0 analyze squashes time 2s 996ms found 0 candidates
Training 8002e07b completed after 15s 371ms
Training 8002e07b compacted
Compact 8002e07b Score: 0.9424860882256583, Error: 0.05745628285260455 -> 0.0574578947765457, 👿 -0.00000161
Fine 8002e07b Score: 0.9424788157916716, Error: 0.05745628285260455 -> 0.05746504721053405, 👿 -0.00000876, Variant: overshot
Trained 8002e07b Score: 0.9423888920353104, Error: 0.05745628285260455 -> 0.05755509096689354, 👿 -0.0000988
Fine 8002e07b Score: 0.9423543632543367, Error: 0.05745628285260455 -> 0.057589499747868894, 👿 -0.000133, Variant: undershot
Fine tuning increased fitness by 3.5251495056343174e-9 to 0.9424881148010421 adjusted 23 weights 
Fine tuning increased fitness by 5.569354422085837e-9 to 0.9424881203703965 adjusted 23 weights 
Generation 24 score 0.9424881203703965 (avg: 0.9325) error 0.05745574263180909 avg time 3s 587ms
{
  error: 0.05745574263180909,
  score: 0.9424881203703965,
  generation: 24,
  time: 245378,
  startScore: 0.9424663045187164
}
NE , score: 0.9499666470857396
process (poor score) NE , score: 0.9499666470857396 lvl: 2
loaded ../GRQ-portfolio/best/location/v1/NE.json
6 mutations, mutation rate 36.3%, elitism 6, mutation FFW, selection TOURNAMENT
Creature count: 50
Culling duplicate creature at 1 of 51
DeDuplication of 1 creatures to 50 in 102ms (previous experiment )
Discovery 508b9607 scheduled
Training 508b9607 scheduled
Training 508b9607 with 1 binary file, target error: 0.05, iterations: 1, sample rate: 100%, sparse: 100%
Discovery 508b9607 with 1 binary files, sample rate: 100%, batch size: 512
Discovery 508b9607 initialize time 105ms
Discovery 508b9607 processing .trainData-location_88/NE/data.bin
Remove neuron 5ca12b6a-d299-4f8a-a4ef-9bad8296def8 as no longer connected
Generation 1 score 0.9499666470857396 (avg: 0.6320) error 0.04998558191434274 avg time 955ms
Set training/discovery clean up count to 2
Waiting for discovery to complete
Discovery 508b9607 read time 7ms for .trainData-location_88/NE/data.bin with 4613 records
Discovery 508b9607 scanning time 8s 445ms
Discovery 508b9607 recorded time 9s 714ms
Remove neuron 7f38def2-59b4-4b18-b8fe-462260697cb4 as no longer connected
Constant neuron 5af0215d-0830-4bbb-8e64-e00b562e99c1 convert hidden to constant
Adjust neuron 5af0215d-0830-4bbb-8e64-e00b562e99c1 bias 0.04530412806966164 to 0.04530412806966164
Generation 2 score 0.9499683436627295 (avg: -58473.1943) error 0.0499838853373529 avg time 843ms
Waiting for discovery to complete
Fine tuning increased fitness by 5.536761873425888e-7 to 0.9499688973389169 adjusted 2 weights 
Training 508b9607 completed after 13s 306ms
Training 508b9607 compacted
Generation 3 score 0.9499688973389169 (avg: 0.5220) error 0.049983331661165566 avg time 727ms
Waiting for discovery to complete
Compact 508b9607 Score: 0.949531326231603, Error: 0.04998558191434274 -> 0.05042111276847942, 👿 -0.000436
Fine 508b9607 Score: 0.944419150349265, Error: 0.04998558191434274 -> 0.055533078650816706, 👿 -0.00555, Variant: overshot
Trained 508b9607 Score: 0.9430174707050922, Error: 0.04998558191434274 -> 0.056934758295863065, 👿 -0.00695
Fine 508b9607 Score: 0.940183389858483, Error: 0.04998558191434274 -> 0.05976883914159394, 👿 -0.00978, Variant: undershot
Generation 4 score 0.9499688973389169 (avg: 0.9266) error 0.049983331661165566 avg time 839ms
Waiting for discovery to complete
Generation 5 score 0.9499688973389169 (avg: 0.8760) error 0.049983331661165566 avg time 824ms
Waiting for discovery to complete
Generation 6 score 0.9499688973389169 (avg: 0.8925) error 0.049983331661165566 avg time 826ms
Waiting for discovery to complete
Generation 7 score 0.9499688973389169 (avg: 0.9425) error 0.049983331661165566 avg time 825ms
Waiting for discovery to complete
Generation 8 score 0.9499688973389169 (avg: 0.9002) error 0.049983331661165566 avg time 823ms
Waiting for discovery to complete
Fine tuning increased fitness by 2.365343143573284e-9 to 0.94996889970426 adjusted 2 weights 
Generation 9 score 0.94996889970426 (avg: 0.9308) error 0.04998332929582237 avg time 830ms
Waiting for discovery to complete
Discovered beneficial synapse from input-1286 to 855ebae6-5876-4ae0-9e61-c60c5a86e10f with weight 1.0000, helping 78.4% more records than it harms (4114/4613)
Discovery 508b9607 analyze time 1m 2s 968ms found 1 candidates
Fine tuning increased fitness by 3.861215902567494e-9 to 0.9499689035654759 adjusted 2 weights 
Discovered harmful synapse from input-1283 to d2514e4b-b48c-4afc-bd17-a1bba13036fc, harming 78.4% more records than it helps (499/4613)
Discovery 508b9607 analyze harmful time 3s 569ms found 1 candidates
Generation 10 score 0.9499689035654759 (avg: 0.9432) error 0.04998332543460654 avg time 835ms
Waiting for discovery to complete
Discovery 508b9607 analyze squashes time 3s 410ms found 1 candidate, Summary: d2514e4b-b48c-4afc-bd17-a1bba13036fc ArcTan -> Cube improved: 9.5% error: 8.686321194825164e+23 -> 7.864528043225293e+23
Fine tuning increased fitness by 7.492321985047568e-9 to 0.9499689110577979 adjusted 2 weights 
Generation 11 score 0.9499689110577979 (avg: 0.9276) error 0.049983317942284514 avg time 818ms
Waiting for training/discovery clean up 2
Generation 12 score 0.9499689504637855 (avg: 0.9262) error 0.04998327853629689 avg time 849ms
Waiting for training/discovery clean up 1
Fine tuning increased fitness by 5.4484056932757596e-8 to 0.9499690049478424 adjusted 2 weights 
Generation 13 score 0.9499690049478424 (avg: 0.9310) error 0.049983224052240004 avg time 803ms
{
  error: 0.049983224052240004,
  score: 0.9499690049478424,
  generation: 13,
  time: 108218,
  startScore: 0.9499666470857396
}
UT , score: 0.947506186130123
process (poor score) UT , score: 0.947506186130123 lvl: 2
loaded ../GRQ-portfolio/best/location/v1/UT.json
7 mutations, mutation rate 5.0%, elitism 2, mutation FFW, selection POWER
Creature count: 50
Culling duplicate creature at 1 of 51
DeDuplication of 1 creatures to 50 in 271ms (previous experiment )
Discovery e767bdd6 scheduled
Training e767bdd6 scheduled
Training e767bdd6 with 1 binary file, target error: 0.05, iterations: 1, sample rate: 100%, sparse: 100%
Discovery e767bdd6 with 1 binary files, sample rate: 100%, batch size: 512
Discovery e767bdd6 initialize time 111ms
Discovery e767bdd6 processing .trainData-location_88/UT/data.bin
Discovery e767bdd6 read time 8ms for .trainData-location_88/UT/data.bin with 4613 records
Discovery e767bdd6 scanning time 9s 264ms
Discovery e767bdd6 recorded time 11s 249ms
Training 26c7a82b scheduled
Training 26c7a82b with 1 binary file, target error: 0.05, iterations: 1, sample rate: 100%, sparse: 100%
Fine tuning increased fitness by 0.000011768796262301429 to 0.9475314042732127 adjusted 76 weights, 2 biases 
Training e767bdd6 completed after 19s 194ms
Training e767bdd6 compacted
Compact e767bdd6 Score: 0.9473619359109784, Error: 0.05243378386996687 -> 0.05257823408911144, 👿 -0.000144
Fine e767bdd6 Score: 0.943423364000319, Error: 0.05243378386996687 -> 0.056516605999767, 👿 -0.00408, Variant: overshot
Fine e767bdd6 Score: 0.9431914048046556, Error: 0.05243378386996687 -> 0.05674856519543326, 👿 -0.00431, Variant: undershot
Trained e767bdd6 Score: 0.941374894162708, Error: 0.05243378386996687 -> 0.058565075838457055, 👿 -0.00613
Training f2daf44f scheduled
Training f2daf44f with 1 binary file, target error: 0.05, iterations: 1, sample rate: 100%, sparse: 100%
Fine tuning increased fitness by 0.0000068495463951823155 to 0.9475445000837841 adjusted 82 weights, 3 biases 
Training 26c7a82b completed after 19s 187ms
Training 26c7a82b compacted
Compact 26c7a82b Score: 0.9475312965346973, Error: 0.05240856572687725 -> 0.05240881346539264, 👿 -2.48e-7
Fine 26c7a82b Score: 0.9446610794617359, Error: 0.05240856572687725 -> 0.055278890538353345, 👿 -0.00287, Variant: overshot
Fine 26c7a82b Score: 0.9439813467909397, Error: 0.05240856572687725 -> 0.055958623209148975, 👿 -0.00355, Variant: undershot
Trained 26c7a82b Score: 0.9365251096930756, Error: 0.05240856572687725 -> 0.06341486030808964, 👿 -0.0110
Training a510721f scheduled
Training a510721f with 1 binary file, target error: 0.05, iterations: 1, sample rate: 100%, sparse: 100%
Training f2daf44f completed after 13s 834ms
Training f2daf44f compacted
Compact f2daf44f Score: 0.9475444201473852, Error: 0.05239546991630587 -> 0.052395689852704756, 👿 -2.20e-7
Fine f2daf44f Score: 0.9348144022151317, Error: 0.05239546991630587 -> 0.06512556778495547, 👿 -0.0127, Variant: overshot
Fine f2daf44f Score: 0.9238879704478761, Error: 0.05239546991630587 -> 0.07605199955221273, 👿 -0.0237, Variant: undershot
Trained f2daf44f Score: 0.8845404709429953, Error: 0.05239546991630587 -> 0.11539949905816994, 👿 -0.0630
Discovered beneficial synapse from input-1520 to 592f4b01-1708-48bb-9d99-1d5d5df89995 with weight 1.0000, helping 56.9% more records than it harms (3573/4613)
Discovery e767bdd6 analyze time 1m 8s 265ms found 1 candidates
Discovery e767bdd6 analyze harmful time 2s 688ms found 0 candidates
Discovery e767bdd6 analyze squashes time 3s 495ms found 0 candidates
Discovery cb23b7c3 scheduled
Training cb23b7c3 scheduled
Training cb23b7c3 with 1 binary file, target error: 0.05, iterations: 1, sample rate: 100%, sparse: 100%
Discovery cb23b7c3 with 1 binary files, sample rate: 100%, batch size: 512
Discovery cb23b7c3 initialize time 108ms
Discovery cb23b7c3 processing .trainData-location_88/UT/data.bin
Fine tuning increased fitness by 0.0000015442517818931023 to 0.9475515814579267 adjusted 76 weights, 2 biases 
Training a510721f completed after 14s 686ms
Training a510721f compacted
Discovery cb23b7c3 read time 10ms for .trainData-location_88/UT/data.bin with 4613 records
Discovery cb23b7c3 scanning time 8s 14ms
Discovery cb23b7c3 recorded time 10s 76ms
Compact a510721f Score: 0.9474018751345235, Error: 0.05239238269523701 -> 0.052538294865566396, 👿 -0.000146
Fine a510721f Score: 0.9442759674223798, Error: 0.05239238269523701 -> 0.055664002577715394, 👿 -0.00327, Variant: overshot
Fine a510721f Score: 0.9418597374940839, Error: 0.05239238269523701 -> 0.0580802325060021, 👿 -0.00569, Variant: undershot
Trained a510721f Score: 0.9418318358498792, Error: 0.05239238269523701 -> 0.05810813415128601, 👿 -0.00572
Fine tuning increased fitness by 0.0000027849886247155453 to 0.9475543664465514 adjusted 76 weights, 2 biases 
Training 42db1605 scheduled
Training 42db1605 with 1 binary file, target error: 0.05, iterations: 1, sample rate: 100%, sparse: 100%
Fine tuning increased fitness by 0.0000041269875851179805 to 0.9475584934341366 adjusted 76 weights, 2 biases 
Training cb23b7c3 completed after 13s 977ms
Training cb23b7c3 compacted
Generation 10 score 0.9475584934341366 (avg: 0.9473) error 0.052381476565953364 avg time 12s 822ms
Compact cb23b7c3 Score: 0.9475514772024852, Error: 0.052388388542163225 -> 0.052388632797604646, 👿 -2.44e-7
Fine cb23b7c3 Score: 0.9411761004259328, Error: 0.052388388542163225 -> 0.05876386957415648, 👿 -0.00638, Variant: overshot
Fine cb23b7c3 Score: 0.9409079865824204, Error: 0.052388388542163225 -> 0.059031983417665454, 👿 -0.00664, Variant: undershot
Trained cb23b7c3 Score: 0.9372341766124591, Error: 0.052388388542163225 -> 0.06270579338870612, 👿 -0.0103
Fine tuning increased fitness by 0.0000031312968237218186 to 0.9475616247309603 adjusted 76 weights, 2 biases 
Training 51d34a25 scheduled
Training 51d34a25 with 1 binary file, target error: 0.05, iterations: 1, sample rate: 100%, sparse: 100%
Fine tuning increased fitness by 6.290819917209589e-7 to 0.947562253812952 adjusted 76 weights, 2 biases 
Discovered beneficial synapse from input-1517 to 99283404-c7a9-4aab-a928-ad91eb065c19-961 with weight 1.0000, helping 54.0% more records than it harms (3506/4613)
Discovery cb23b7c3 analyze time 46s 989ms found 1 candidates
Training 42db1605 completed after 12s 900ms
Training 42db1605 compacted
Discovered harmful synapse from input-883 to 3b3f1e4f-f617-43a4-8b35-29de4b7e9dc5, harming 42.8% more records than it helps (806/4613)
Discovery cb23b7c3 analyze harmful time 3s 496ms found 1 candidates
Compact 42db1605 Score: 0.947558387578196, Error: 0.052381476565953364 -> 0.05238172242189389, 👿 -2.46e-7
Fine 42db1605 Score: 0.9421284277078972, Error: 0.052381476565953364 -> 0.0578115422921899, 👿 -0.00543, Variant: overshot
Fine 42db1605 Score: 0.9350828995115227, Error: 0.052381476565953364 -> 0.06485707048856156, 👿 -0.0125, Variant: undershot
Trained 42db1605 Score: 0.9336690340410941, Error: 0.052381476565953364 -> 0.06627093596007111, 👿 -0.0139
Fine tuning increased fitness by 1.253221701968954e-7 to 0.9475623791351222 adjusted 76 weights, 2 biases 
Discovery cb23b7c3 analyze squashes time 3s 600ms found 1 candidate, Summary: 3c1abae3-d649-4621-a95f-d8bbd3303f2d ArcTan -> Cube improved: 1.1% error: 1.1373654072521986e+23 -> 1.1250223702892844e+23
Discovery 0b97a4b7 scheduled
Training 0b97a4b7 scheduled
Training 0b97a4b7 with 1 binary file, target error: 0.05, iterations: 1, sample rate: 100%, sparse: 100%
Discovery 0b97a4b7 with 1 binary files, sample rate: 100%, batch size: 512
Discovery 0b97a4b7 initialize time 106ms
Discovery 0b97a4b7 processing .trainData-location_88/UT/data.bin
Fine tuning increased fitness by 1.3322840664020674e-7 to 0.9475625123635288 adjusted 76 weights, 2 biases 
Remove neuron fcb2c1ea-3ef7-430a-b18b-8c3dd51489b2 as no longer connected
Training 51d34a25 completed after 14s 345ms
Training 51d34a25 compacted
Discovery 0b97a4b7 read time 13ms for .trainData-location_88/UT/data.bin with 4613 records
Discovery 0b97a4b7 scanning time 7s 891ms
Discovery 0b97a4b7 recorded time 9s 718ms
Compact 51d34a25 Score: 0.9475621335038003, Error: 0.05237771618713793 -> 0.052377976496289606, 👿 -2.60e-7
Fine 51d34a25 Score: 0.9377107654827531, Error: 0.05237771618713793 -> 0.06222920451793854, 👿 -0.00985, Variant: overshot
Trained 51d34a25 Score: 0.9333596298477637, Error: 0.05237771618713793 -> 0.06658034015340149, 👿 -0.0142
Fine 51d34a25 Score: 0.9317370221973429, Error: 0.05237771618713793 -> 0.06820294780274593, 👿 -0.0158, Variant: undershot
Fine tuning increased fitness by 0.0000035513721662328024 to 0.9475660637356951 adjusted 91 weights, 4 biases 
Training 2d2a7c63 scheduled
Training 2d2a7c63 with 1 binary file, target error: 0.05, iterations: 1, sample rate: 100%, sparse: 100%
Training 0b97a4b7 completed after 13s 752ms
Training 0b97a4b7 compacted
Compact 0b97a4b7 Score: 0.9475623909490256, Error: 0.05237745763656111 -> 0.05237771905106427, 👿 -2.61e-7
Fine 0b97a4b7 Score: 0.9398881757227048, Error: 0.05237745763656111 -> 0.060051794277387195, 👿 -0.00767, Variant: overshot
Fine 0b97a4b7 Score: 0.9391960126557876, Error: 0.05237745763656111 -> 0.0607439573443052, 👿 -0.00837, Variant: undershot
Trained 0b97a4b7 Score: 0.9372652531000429, Error: 0.05237745763656111 -> 0.06267471690112222, 👿 -0.0103
Fine tuning increased fitness by 0.0000011644333344218438 to 0.9475692211510106 adjusted 67 weights, 1 bias 
Training 2d2a7c63 completed after 16s 780ms
Training 2d2a7c63 compacted
Compact 2d2a7c63 Score: 0.9475681767380447, Error: 0.0523719132824138 -> 0.05237191326204519, 👌 2.04e-11
Trained 2d2a7c63 Score: 0.9433239820378796, Error: 0.0523719132824138 -> 0.05661598796328544, 👿 -0.00424
Fine 2d2a7c63 Score: 0.9419389374517988, Error: 0.0523719132824138 -> 0.05800103254828893, 👿 -0.00563, Variant: overshot
Fine 2d2a7c63 Score: 0.9419030545932613, Error: 0.0523719132824138 -> 0.058036915406829426, 👿 -0.00567, Variant: undershot
Fine tuning increased fitness by 1.5247366036419407e-8 to 0.9475693709105207 adjusted 1 weight 
Generation 19 score 0.9475693709105207 (avg: 0.9469) error 0.05237059908956921 avg time 11s 660ms
Set training/discovery clean up count to 2
Waiting for discovery to complete
Discovered beneficial synapse from input-1520 to 592f4b01-1708-48bb-9d99-1d5d5df89995 with weight 1.0000, helping 57.1% more records than it harms (3577/4613)
Discovery 0b97a4b7 analyze time 1m 9s 98ms found 1 candidates
Discovered harmful synapse from input-89 to 592f4b01-1708-48bb-9d99-1d5d5df89995, harming 37.0% more records than it helps (1407/4613)
Discovery 0b97a4b7 analyze harmful time 3s 238ms found 1 candidates
Generation 20 score 0.9475702959820251 (avg: 0.9475) error 0.052369674018064805 avg time 968ms
Waiting for discovery to complete
Discovery 0b97a4b7 analyze squashes time 3s 266ms found 0 candidates
Fine tuning increased fitness by 0.0000023276230204372084 to 0.9475726236050456 adjusted 19 weights, 2 biases 
Generation 21 score 0.9475726236050456 (avg: 0.9470) error 0.05236734639504434 avg time 1s 272ms
Waiting for training/discovery clean up 2
Fine tuning increased fitness by 8.250929978137478e-7 to 0.9475734486980434 adjusted 19 weights, 2 biases 
Generation 22 score 0.9475734486980434 (avg: 0.9460) error 0.05236652130204654 avg time 1s 247ms
Waiting for training/discovery clean up 1
Generation 23 score 0.9475735285610232 (avg: 0.9457) error 0.05236644143906679 avg time 1s 336ms
{
  error: 0.05236644143906679,
  score: 0.9475735285610232,
  generation: 23,
  time: 293496,
  startScore: 0.947506186130123
}
UNITED_KINGDOM , score: 0.9514745740641107
process (poor score) UNITED_KINGDOM , score: 0.9514745740641107 lvl: 2
loaded ../GRQ-portfolio/best/location/v1/UNITED_KINGDOM.json
7 mutations, mutation rate 5.0%, elitism 3, mutation FFW, selection TOURNAMENT
Creature count: 50
Culling duplicate creature at 1 of 51
DeDuplication of 1 creatures to 50 in 267ms (previous experiment )
Discovery dd9eb3fb scheduled
Training dd9eb3fb scheduled
Training dd9eb3fb with 1 binary file, target error: 0.05, iterations: 1, sample rate: 100%, sparse: 100%
Discovery dd9eb3fb with 1 binary files, sample rate: 100%, batch size: 512
Discovery dd9eb3fb initialize time 101ms
Discovery dd9eb3fb processing .trainData-location_88/UNITED_KINGDOM/data.bin
Generation 1 score 0.9514745740641107 (avg: 0.6734) error 0.04849618493801163 avg time 703ms
Set training/discovery clean up count to 2
Waiting for discovery to complete
Fine tuning increased fitness by 7.334955276494526e-8 to 0.9514746474136635 adjusted 2 weights, 1 bias 
Discovery dd9eb3fb read time 9ms for .trainData-location_88/UNITED_KINGDOM/data.bin with 4613 records
Discovery dd9eb3fb scanning time 5s 511ms
Discovery dd9eb3fb recorded time 6s 598ms
Remove neuron 2c14c248-62a5-47e6-afad-3e36f787e012 as no longer connected
Generation 2 score 0.9514746474136635 (avg: -1.6866511326796818e+22) error 0.04849611158845887 avg time 439ms
Waiting for discovery to complete
Fine tuning increased fitness by 3.4692637096434e-8 to 0.9514746821063006 adjusted 2 weights, 1 bias 
Training dd9eb3fb completed after 6s 819ms
Training dd9eb3fb compacted
Generation 3 score 0.9514746821063006 (avg: -8.7852) error 0.04849607689582185 avg time 367ms
Waiting for discovery to complete
Compact dd9eb3fb Score: 0.951474598424683, Error: 0.04849618493801163 -> 0.048496280577436365, 👿 -9.56e-8
Trained dd9eb3fb Score: 0.9318825919622588, Error: 0.04849618493801163 -> 0.0680881670398637, 👿 -0.0196
Fine tuning increased fitness by 7.330839424390945e-8 to 0.9514747554146948 adjusted 2 weights, 1 bias 
Generation 4 score 0.9514747554146948 (avg: -443.9851) error 0.04849600358742759 avg time 349ms
Waiting for discovery to complete
Generation 5 score 0.9514748384178543 (avg: 0.9389) error 0.04849592058426809 avg time 336ms
Waiting for discovery to complete
Discovered beneficial synapse from input-1394 to b9882891-b652-43f9-8b69-dcccef501937 with weight -1.0000, helping 20.7% more records than it harms (1774/4613)
Discovery dd9eb3fb analyze time 12s 66ms found 1 candidates
Fine tuning increased fitness by 1.5744983949961266e-7 to 0.9514749958676938 adjusted 2 weights, 1 bias 
Discovered harmful synapse from input-89 to b9882891-b652-43f9-8b69-dcccef501937, harming 21.8% more records than it helps (794/4613)
Discovery dd9eb3fb analyze harmful time 1s 724ms found 1 candidates
Generation 6 score 0.9514749958676938 (avg: 0.9498) error 0.04849576313442864 avg time 340ms
Waiting for discovery to complete
Discovery dd9eb3fb analyze squashes time 1s 822ms found 0 candidates
Fine tuning increased fitness by 2.8409450780753076e-7 to 0.9514752799622016 adjusted 2 weights, 1 bias 
Generation 7 score 0.9514752799622016 (avg: 0.9492) error 0.04849547903992079 avg time 332ms
Waiting for discovery to complete
Generation 8 score 0.9514757645572733 (avg: 0.9501) error 0.04849499444484902 avg time 318ms
Waiting for training/discovery clean up 2
Generation 9 score 0.9514765003714409 (avg: 0.9514) error 0.04849425863068151 avg time 326ms
Waiting for training/discovery clean up 1
Fine tuning increased fitness by 8.436631675490247e-7 to 0.9514773440346085 adjusted 2 weights, 1 bias 
Generation 10 score 0.9514773440346085 (avg: 0.9514) error 0.048493414967513936 avg time 339ms
{
  error: 0.048493414967513936,
  score: 0.9514773440346085,
  generation: 10,
  time: 38929,
  startScore: 0.9514745740641107
}
🧹 Cleaning up any inconsistent git state
✅ Git state cleanup completed
✅ Already on proper branch: Develop
Already up to date.
✅ Already on proper branch: Develop
📦 Changes detected — staging files and validating JSON
[0;32m🔍 Validating staged JSON files...[0m
[0;32m🔍 Validating: v1/NE.json[0m
[0;32m   ✅ PASSED: File is valid[0m
[0;32m🔍 Validating: v1/NETHERLANDS.json[0m
[0;32m   ✅ PASSED: File is valid[0m
[0;32m🔍 Validating: v1/NV.json[0m
[0;32m   ✅ PASSED: File is valid[0m
[0;32m🔍 Validating: v1/NY.json[0m
[0;32m   ✅ PASSED: File is valid[0m
[0;32m🔍 Validating: v1/SC.json[0m
[0;32m   ✅ PASSED: File is valid[0m
[0;32m🔍 Validating: v1/UNITED_KINGDOM.json[0m
[0;32m   ✅ PASSED: File is valid[0m
[0;32m🔍 Validating: v1/UT.json[0m
[0;32m   ✅ PASSED: File is valid[0m
[0;32m✅ All staged JSON files are valid[0m
✅ JSON validation passed — committing
✅ Already on proper branch: Develop
🔍 Pre-commit state:
🔍 Current Git State:
  Branch: Develop
  Commit: 19e54629ce6dc3f2f3c30d735a916f05e3ddfd2c
  Status:
M  v1/NE.json
M  v1/NETHERLANDS.json
M  v1/NV.json
M  v1/NY.json
M  v1/SC.json
  Remote branches:
  origin/Develop
  origin/HEAD -> origin/Develop
[Develop eb6cd92] ip-10-0-22-254 Improved location models
 7 files changed, 1376 insertions(+), 2711 deletions(-)
🛡️ Preventing merge conflicts with aggressive strategy...
📦 Local commits detected (1 ahead) - using force push to prevent conflicts
To github.com:stSoftwareAU/GRQ-location.git
   19e5462..eb6cd92  Develop -> Develop
✅ Force push succeeded - conflicts prevented
✅ Conflict prevention succeeded
🧹 Performing final git cleanup on exit...
✅ Final cleanup completed
📦 Cloning GRQ-health
Cloning into 'GRQ-health'...
Updating health information...
Updated health information for ip-10-0-22-254
