================ Clean up START ================
Version 1.3.3
Disk usage:
Filesystem      Size  Used Avail Use% Mounted on
tmpfs           1.6G  1.9M  1.6G   1% /run
/dev/sda2       234G   71G  152G  32% /
tmpfs           7.8G     0  7.8G   0% /dev/shm
tmpfs           5.0M  4.0K  5.0M   1% /run/lock
efivarfs        256K   76K  176K  31% /sys/firmware/efi/efivars
/dev/sda1        96M   63M   34M  66% /boot/efi
tmpfs           1.6G  108K  1.6G   1% /run/user/1000
Uptime:  10:52:53 up 56 days, 23:38,  1 user,  load average: 4.50, 7.51, 8.57
USER         PID    PPID COMMAND
nigel        849       1 /lib/systemd/systemd --user
nigel        850     849 (sd-pam)
root        1567    1562 fusermount3 -o rw,nosuid,nodev,fsname=portal,auto_unmount,subtype=portal -- /run/user/1000/doc
nigel       2053    1419 update-notifier
nigel    2087471 2087470 /bin/bash -c mkdir -p ~/logs; ~/src/GRQ/run.sh > ~/logs/run.log 2>&1
nigel    2087473 2087471 /bin/bash /home/nigel/src/GRQ/run.sh
nigel    2091580 2087473 /bin/bash worker/node.sh
nigel    2091589 2091580 ps -U nigel -o user,pid,ppid,command
Host: GRQ-12
IP: 10.0.0.12
Number of CPUs: 12
Available Memory: 15Gi
================ Clean up ENDED ================
Use local deno
PATH: /home/nigel/.deno/bin:/usr/local/sbin:/usr/local/bin:/usr/sbin:/usr/bin:/sbin:/bin:/usr/games:/usr/local/games:/snap/bin
deno 2.4.2 (stable, release, x86_64-unknown-linux-gnu)
v8 13.7.152.14-rusty
typescript 5.8.3
worker/node.sh: line 77: aws: command not found
Option: 2
Starting... Mon 28 Jul 2025 10:52:53 AEST
✅ GRQ-islands pull succeeded in 3 seconds
Already up to date.
✅ GRQ-cluster pull succeeded in 4 seconds
✅ GRQ-sampler pull succeeded in 2 seconds
✅ GRQ-portfolio pull succeeded in 3 seconds
Starting sampler... Mon 28 Jul 2025 10:53:07 AEST
Sampler mode
Loop 1 of 4
Already up to date.
1) Sample rate: 0.01, batch Size: 10000, timeout: 6
Total time taken: 27s 611ms
Retha Wilkinson (Observations: 1,461, Neurons: 510, Synapses: 15,692 & Score: 0.472)
5 mutations, mutation rate 5.0%, elitism 1, mutation ALL, selection POWER, timeout 6, PopSize 50 SAMPLER
Initialized in 3s 986ms
Replacing HYPOT neuron 748d5ac0-0e3e-4704-88a9-ffa7e7f5c58d
Replacing HYPOT neuron 57882a2a-fbb1-44fd-8807-865cec35a49a
Replacing HYPOT neuron 5864e02c-b8ce-48f7-96a3-7642323be9da
Replacing HYPOTv2 neuron f9f14ab6-c166-440b-87a3-09c43321761b
Replacing HYPOTv2 neuron f9a0bca8-fc00-4cc6-b264-a77f19328198
Replacing HYPOT neuron 748d5ac0-0e3e-4704-88a9-ffa7e7f5c58d
Replacing HYPOT neuron 57882a2a-fbb1-44fd-8807-865cec35a49a
Replacing HYPOT neuron 5864e02c-b8ce-48f7-96a3-7642323be9da
Replacing HYPOTv2 neuron f9f14ab6-c166-440b-87a3-09c43321761b
Replacing HYPOTv2 neuron f9a0bca8-fc00-4cc6-b264-a77f19328198
Replacing HYPOT neuron 748d5ac0-0e3e-4704-88a9-ffa7e7f5c58d
Replacing HYPOT neuron 57882a2a-fbb1-44fd-8807-865cec35a49a
Replacing HYPOT neuron 5864e02c-b8ce-48f7-96a3-7642323be9da
Replacing HYPOTv2 neuron f9f14ab6-c166-440b-87a3-09c43321761b
Replacing HYPOTv2 neuron f9a0bca8-fc00-4cc6-b264-a77f19328198
Replacing HYPOT neuron 748d5ac0-0e3e-4704-88a9-ffa7e7f5c58d
Replacing HYPOT neuron 57882a2a-fbb1-44fd-8807-865cec35a49a
Replacing HYPOT neuron 5864e02c-b8ce-48f7-96a3-7642323be9da
Replacing HYPOTv2 neuron f9f14ab6-c166-440b-87a3-09c43321761b
Replacing HYPOTv2 neuron f9a0bca8-fc00-4cc6-b264-a77f19328198
Replacing HYPOT neuron 748d5ac0-0e3e-4704-88a9-ffa7e7f5c58d
Replacing HYPOT neuron 57882a2a-fbb1-44fd-8807-865cec35a49a
Replacing HYPOT neuron 5864e02c-b8ce-48f7-96a3-7642323be9da
Replacing HYPOTv2 neuron f9f14ab6-c166-440b-87a3-09c43321761b
Replacing HYPOTv2 neuron f9a0bca8-fc00-4cc6-b264-a77f19328198
Replacing HYPOTv2 neuron e5072503-9f99-4e6a-90db-b49a89cf7848
Replacing HYPOT neuron 748d5ac0-0e3e-4704-88a9-ffa7e7f5c58d
Replacing HYPOT neuron 57882a2a-fbb1-44fd-8807-865cec35a49a
Replacing HYPOT neuron 5864e02c-b8ce-48f7-96a3-7642323be9da
Replacing HYPOTv2 neuron f9f14ab6-c166-440b-87a3-09c43321761b
Replacing HYPOTv2 neuron f9a0bca8-fc00-4cc6-b264-a77f19328198
Replacing HYPOT neuron 748d5ac0-0e3e-4704-88a9-ffa7e7f5c58d
Replacing HYPOT neuron 57882a2a-fbb1-44fd-8807-865cec35a49a
Replacing HYPOT neuron 5864e02c-b8ce-48f7-96a3-7642323be9da
Replacing HYPOTv2 neuron f9f14ab6-c166-440b-87a3-09c43321761b
Replacing HYPOTv2 neuron f9a0bca8-fc00-4cc6-b264-a77f19328198
Replacing HYPOT neuron 748d5ac0-0e3e-4704-88a9-ffa7e7f5c58d
Replacing HYPOT neuron 57882a2a-fbb1-44fd-8807-865cec35a49a
Replacing HYPOT neuron 5864e02c-b8ce-48f7-96a3-7642323be9da
Replacing HYPOTv2 neuron f9f14ab6-c166-440b-87a3-09c43321761b
Replacing HYPOTv2 neuron f9a0bca8-fc00-4cc6-b264-a77f19328198
Replacing HYPOT neuron 748d5ac0-0e3e-4704-88a9-ffa7e7f5c58d
Replacing HYPOT neuron 57882a2a-fbb1-44fd-8807-865cec35a49a
Replacing HYPOT neuron 5864e02c-b8ce-48f7-96a3-7642323be9da
Replacing HYPOTv2 neuron f9f14ab6-c166-440b-87a3-09c43321761b
Replacing HYPOTv2 neuron f9a0bca8-fc00-4cc6-b264-a77f19328198
Replacing HYPOT neuron 748d5ac0-0e3e-4704-88a9-ffa7e7f5c58d
Replacing HYPOT neuron 57882a2a-fbb1-44fd-8807-865cec35a49a
Replacing HYPOT neuron 5864e02c-b8ce-48f7-96a3-7642323be9da
Replacing HYPOTv2 neuron f9f14ab6-c166-440b-87a3-09c43321761b
Replacing HYPOTv2 neuron f9a0bca8-fc00-4cc6-b264-a77f19328198
Replacing HYPOT neuron 748d5ac0-0e3e-4704-88a9-ffa7e7f5c58d
Replacing HYPOT neuron 57882a2a-fbb1-44fd-8807-865cec35a49a
Replacing HYPOT neuron 5864e02c-b8ce-48f7-96a3-7642323be9da
Replacing HYPOTv2 neuron f9f14ab6-c166-440b-87a3-09c43321761b
Replacing HYPOTv2 neuron f9a0bca8-fc00-4cc6-b264-a77f19328198
Replacing HYPOT neuron 748d5ac0-0e3e-4704-88a9-ffa7e7f5c58d
Replacing HYPOT neuron 57882a2a-fbb1-44fd-8807-865cec35a49a
Replacing HYPOT neuron 5864e02c-b8ce-48f7-96a3-7642323be9da
Replacing HYPOTv2 neuron f9f14ab6-c166-440b-87a3-09c43321761b
Replacing HYPOTv2 neuron f9a0bca8-fc00-4cc6-b264-a77f19328198
Replacing HYPOTv2 neuron e5072503-9f99-4e6a-90db-b49a89cf7848
Replacing HYPOT neuron 748d5ac0-0e3e-4704-88a9-ffa7e7f5c58d
Replacing HYPOT neuron 57882a2a-fbb1-44fd-8807-865cec35a49a
Replacing HYPOT neuron 5864e02c-b8ce-48f7-96a3-7642323be9da
Replacing HYPOTv2 neuron f9f14ab6-c166-440b-87a3-09c43321761b
Replacing HYPOTv2 neuron f9a0bca8-fc00-4cc6-b264-a77f19328198
Replacing HYPOT neuron 748d5ac0-0e3e-4704-88a9-ffa7e7f5c58d
Replacing HYPOT neuron 57882a2a-fbb1-44fd-8807-865cec35a49a
Replacing HYPOT neuron 5864e02c-b8ce-48f7-96a3-7642323be9da
Replacing HYPOTv2 neuron f9f14ab6-c166-440b-87a3-09c43321761b
Replacing HYPOTv2 neuron f9a0bca8-fc00-4cc6-b264-a77f19328198
Replacing HYPOT neuron 748d5ac0-0e3e-4704-88a9-ffa7e7f5c58d
Replacing HYPOT neuron 57882a2a-fbb1-44fd-8807-865cec35a49a
Replacing HYPOT neuron 5864e02c-b8ce-48f7-96a3-7642323be9da
Replacing HYPOTv2 neuron f9f14ab6-c166-440b-87a3-09c43321761b
Replacing HYPOTv2 neuron f9a0bca8-fc00-4cc6-b264-a77f19328198
Replacing HYPOT neuron 748d5ac0-0e3e-4704-88a9-ffa7e7f5c58d
Replacing HYPOT neuron 57882a2a-fbb1-44fd-8807-865cec35a49a
Replacing HYPOT neuron 5864e02c-b8ce-48f7-96a3-7642323be9da
Replacing HYPOTv2 neuron f9f14ab6-c166-440b-87a3-09c43321761b
Replacing HYPOTv2 neuron f9a0bca8-fc00-4cc6-b264-a77f19328198
Replacing HYPOT neuron 748d5ac0-0e3e-4704-88a9-ffa7e7f5c58d
Replacing HYPOT neuron 57882a2a-fbb1-44fd-8807-865cec35a49a
Replacing HYPOT neuron 5864e02c-b8ce-48f7-96a3-7642323be9da
Replacing HYPOTv2 neuron f9f14ab6-c166-440b-87a3-09c43321761b
Replacing HYPOTv2 neuron f9a0bca8-fc00-4cc6-b264-a77f19328198
Replacing HYPOT neuron 748d5ac0-0e3e-4704-88a9-ffa7e7f5c58d
Replacing HYPOT neuron 57882a2a-fbb1-44fd-8807-865cec35a49a
Replacing HYPOT neuron 5864e02c-b8ce-48f7-96a3-7642323be9da
Replacing HYPOTv2 neuron f9f14ab6-c166-440b-87a3-09c43321761b
Replacing HYPOTv2 neuron f9a0bca8-fc00-4cc6-b264-a77f19328198
Replacing HYPOT neuron 748d5ac0-0e3e-4704-88a9-ffa7e7f5c58d
Replacing HYPOT neuron 57882a2a-fbb1-44fd-8807-865cec35a49a
Replacing HYPOT neuron 5864e02c-b8ce-48f7-96a3-7642323be9da
Replacing HYPOTv2 neuron f9f14ab6-c166-440b-87a3-09c43321761b
Replacing HYPOTv2 neuron f9a0bca8-fc00-4cc6-b264-a77f19328198
Replacing HYPOT neuron 748d5ac0-0e3e-4704-88a9-ffa7e7f5c58d
Replacing HYPOT neuron 57882a2a-fbb1-44fd-8807-865cec35a49a
Replacing HYPOT neuron 5864e02c-b8ce-48f7-96a3-7642323be9da
Replacing HYPOTv2 neuron f9f14ab6-c166-440b-87a3-09c43321761b
Replacing HYPOTv2 neuron f9a0bca8-fc00-4cc6-b264-a77f19328198
Replacing HYPOT neuron 748d5ac0-0e3e-4704-88a9-ffa7e7f5c58d
Replacing HYPOT neuron 57882a2a-fbb1-44fd-8807-865cec35a49a
Replacing HYPOT neuron 5864e02c-b8ce-48f7-96a3-7642323be9da
Replacing HYPOTv2 neuron f9f14ab6-c166-440b-87a3-09c43321761b
Replacing HYPOTv2 neuron f9a0bca8-fc00-4cc6-b264-a77f19328198
Replacing HYPOT neuron 748d5ac0-0e3e-4704-88a9-ffa7e7f5c58d
Replacing HYPOT neuron 57882a2a-fbb1-44fd-8807-865cec35a49a
Replacing HYPOT neuron 5864e02c-b8ce-48f7-96a3-7642323be9da
Replacing HYPOTv2 neuron f9f14ab6-c166-440b-87a3-09c43321761b
Replacing HYPOTv2 neuron f9a0bca8-fc00-4cc6-b264-a77f19328198
Replacing HYPOT neuron 748d5ac0-0e3e-4704-88a9-ffa7e7f5c58d
Replacing HYPOT neuron 57882a2a-fbb1-44fd-8807-865cec35a49a
Replacing HYPOT neuron 5864e02c-b8ce-48f7-96a3-7642323be9da
Replacing HYPOTv2 neuron f9f14ab6-c166-440b-87a3-09c43321761b
Replacing HYPOTv2 neuron f9a0bca8-fc00-4cc6-b264-a77f19328198
Replacing HYPOT neuron 748d5ac0-0e3e-4704-88a9-ffa7e7f5c58d
Replacing HYPOT neuron 57882a2a-fbb1-44fd-8807-865cec35a49a
Replacing HYPOT neuron 5864e02c-b8ce-48f7-96a3-7642323be9da
Replacing HYPOTv2 neuron f9f14ab6-c166-440b-87a3-09c43321761b
Replacing HYPOTv2 neuron f9a0bca8-fc00-4cc6-b264-a77f19328198
Replacing HYPOT neuron 748d5ac0-0e3e-4704-88a9-ffa7e7f5c58d
Replacing HYPOT neuron 57882a2a-fbb1-44fd-8807-865cec35a49a
Replacing HYPOT neuron 5864e02c-b8ce-48f7-96a3-7642323be9da
Replacing HYPOTv2 neuron f9f14ab6-c166-440b-87a3-09c43321761b
Replacing HYPOTv2 neuron f9a0bca8-fc00-4cc6-b264-a77f19328198
Replacing HYPOT neuron 748d5ac0-0e3e-4704-88a9-ffa7e7f5c58d
Replacing HYPOT neuron 57882a2a-fbb1-44fd-8807-865cec35a49a
Replacing HYPOT neuron 5864e02c-b8ce-48f7-96a3-7642323be9da
Replacing HYPOTv2 neuron f9f14ab6-c166-440b-87a3-09c43321761b
Replacing HYPOTv2 neuron f9a0bca8-fc00-4cc6-b264-a77f19328198
Replacing HYPOT neuron 748d5ac0-0e3e-4704-88a9-ffa7e7f5c58d
Replacing HYPOT neuron 57882a2a-fbb1-44fd-8807-865cec35a49a
Replacing HYPOT neuron 5864e02c-b8ce-48f7-96a3-7642323be9da
Replacing HYPOTv2 neuron f9f14ab6-c166-440b-87a3-09c43321761b
Replacing HYPOTv2 neuron f9a0bca8-fc00-4cc6-b264-a77f19328198
Replacing HYPOT neuron 748d5ac0-0e3e-4704-88a9-ffa7e7f5c58d
Replacing HYPOT neuron 57882a2a-fbb1-44fd-8807-865cec35a49a
Replacing HYPOT neuron 5864e02c-b8ce-48f7-96a3-7642323be9da
Replacing HYPOTv2 neuron f9f14ab6-c166-440b-87a3-09c43321761b
Replacing HYPOTv2 neuron f9a0bca8-fc00-4cc6-b264-a77f19328198
Discovery e328e946 scheduled
Training e328e946 scheduled
Training e328e946 with 1 binary file, target error: 0.002, iterations: 1, sample rate: 30.0%, sparse: 7.5%
Discovery e328e946 with 1 binary files, sample rate: 2.5%, batch size: 20
Discovery e328e946 initialize time 115ms
Discovery e328e946 processing .trainData-binary_87-sampler/sample-1.bin
Replacing HYPOT neuron 748d5ac0-0e3e-4704-88a9-ffa7e7f5c58d
Replacing HYPOT neuron 57882a2a-fbb1-44fd-8807-865cec35a49a
Replacing HYPOT neuron 5864e02c-b8ce-48f7-96a3-7642323be9da
Replacing HYPOTv2 neuron f9f14ab6-c166-440b-87a3-09c43321761b
Replacing HYPOTv2 neuron f9a0bca8-fc00-4cc6-b264-a77f19328198
Generation 1 score 0.46725706179518134 (avg: 0.4309) error 0.5327418993098307 time 1m 14s 47ms
Training e328e946 samples 1,719 of 20,723 8.3%( rate 30.0% ) error 0.536 time average: 34ms 911µs 576ns total: 1m 13ms
Fine tuning increased fitness by 0.00002350902224035334 to 0.4672805708174217 adjusted 2609 weights, 25 biases Restored: 2
Generation 2 score 0.4672805708174217 (avg: 0.4503) error 0.5327183902875904 time 1m 19s 827ms
Training e328e946 samples 3,636 of 20,723 17.5%( rate 30.0% ) error 0.526 time average: 33ms 116µs 61ns total: 2m 410ms
Fine tuning increased fitness by 0.000025421059404062696 to 0.46730599187682575 adjusted 2609 weights, 25 biases Restored: 2
Training e328e946 samples 4,740 of 20,723 22.9%( rate 30.0% ) error 0.531 time average: 38ms 62µs 236ns total: 3m 415ms
Training e328e946 timed out after 3m 415ms
Discovery e328e946 read time  for .trainData-binary_87-sampler/sample-1.bin with 20 records
Discovery e328e946 scanning time 3m 5s 520ms
Discovery e328e946 recorded time 3m 6s 82ms
Generation 3 score 0.46730599187682575 (avg: 0.4671) error 0.5326929692281863 time 1m 18s 1ms
Set training/discovery clean up count to 2
Waiting for discovery to complete
Discovered beneficial synapse from input-810 to insider-combined-positive-check-7 with weight 1.0000, helping 90.0% more records than it harms (18/20)
Discovery e328e946 analyze time 24s 849ms found 1 candidates
Discovered harmful synapse from input-14 to insider-combined-positive-check-7, harming 80.0% more records than it helps (1/20)
Discovery e328e946 analyze harmful time 13s 379ms found 1 candidates
Discovery e328e946 analyze squashes time 10s 278ms found 1 candidate, Summary: insider-combined-positive-check-7 ArcTan -> COMPLEMENT improved: 100.0% error: 4.340120681379542e+31 -> 5.0129455343309905e+23
Fine tuning increased fitness by 0.000008930870228684995 to 0.46731492274705444 adjusted 2609 weights, 25 biases Restored: 2
Training e328e946 completed after 3m 649ms
Training e328e946 compacted
Generation 4 score 0.46731492274705444 (avg: 0.4673) error 0.5326840383579576 time 1m 18s 278ms
Waiting for discovery to complete
Trained e328e946 Score: 0.4670876710432531, Error: 0.5327418993098307 -> 0.532911290061759, 👿 -0.000169
Compact e328e946 Score: 0.46692709775766345, Error: 0.5327418993098307 -> 0.5330718688473486, 👿 -0.000330
Fine tuning increased fitness by 0.00003336667535225324 to 0.4673482894224067 adjusted 2609 weights, 25 biases Restored: 2
Generation 5 score 0.4673482894224067 (avg: 0.4673) error 0.5326506716826054 time 1m 16s 365ms
Waiting for training/discovery clean up 2
Generation 6 score 0.4673482894224067 (avg: 0.4062) error 0.5326506716826054 time 1m 7s 795ms
Waiting for training/discovery clean up 1
Generation 7 score 0.4673482894224067 (avg: 0.4672) error 0.5326506716826054 time 1m 13s 101ms
Evolution of 7 generations in 11m 14s, averaging 1m 36s 257ms
Loop 2 of 4
From github.com:stSoftwareAU/GRQ-sampler
   56509f4..d30fca7  main       -> origin/main
Updating 56509f4..d30fca7
Fast-forward
 TacitKnowledge/hive.json    |    13 +-
 samples/GRQ-11-1.json       |    35 +-
 samples/GRQ-15-1.json       | 86377 ------------------------------------------
 samples/GRQ-16-1.json       | 86365 -----------------------------------------
 samples/GRQ-21-1.json       |    54 +-
 samples/GRQ-23-1.json       |   128 +-
 samples/Mac-Ultra-M2-1.json |    61 +-
 7 files changed, 200 insertions(+), 172833 deletions(-)
 delete mode 100644 samples/GRQ-15-1.json
 delete mode 100644 samples/GRQ-16-1.json
2) Sample rate: 0.05, batch Size: 10000, timeout: 6
Total time taken: 16s 606ms
Deondre Reichel (Observations: 1,461, Neurons: 510, Synapses: 15,686 & Score: 0.467)
2 mutations, mutation rate 5.0%, elitism 1, mutation FFW, selection TOURNAMENT, timeout 6, PopSize 50 SAMPLER
Initialized in 5s 198ms
Replacing HYPOT neuron 748d5ac0-0e3e-4704-88a9-ffa7e7f5c58d
Replacing HYPOT neuron 57882a2a-fbb1-44fd-8807-865cec35a49a
Replacing HYPOT neuron 5864e02c-b8ce-48f7-96a3-7642323be9da
Replacing HYPOTv2 neuron f9f14ab6-c166-440b-87a3-09c43321761b
Replacing HYPOTv2 neuron f9a0bca8-fc00-4cc6-b264-a77f19328198
Replacing HYPOT neuron 748d5ac0-0e3e-4704-88a9-ffa7e7f5c58d
Replacing HYPOT neuron 57882a2a-fbb1-44fd-8807-865cec35a49a
Replacing HYPOT neuron 5864e02c-b8ce-48f7-96a3-7642323be9da
Replacing HYPOTv2 neuron f9f14ab6-c166-440b-87a3-09c43321761b
Replacing HYPOTv2 neuron f9a0bca8-fc00-4cc6-b264-a77f19328198
Replacing HYPOT neuron 748d5ac0-0e3e-4704-88a9-ffa7e7f5c58d
Replacing HYPOT neuron 57882a2a-fbb1-44fd-8807-865cec35a49a
Replacing HYPOT neuron 5864e02c-b8ce-48f7-96a3-7642323be9da
Replacing HYPOTv2 neuron f9f14ab6-c166-440b-87a3-09c43321761b
Replacing HYPOTv2 neuron f9a0bca8-fc00-4cc6-b264-a77f19328198
Replacing HYPOT neuron 748d5ac0-0e3e-4704-88a9-ffa7e7f5c58d
Replacing HYPOT neuron 57882a2a-fbb1-44fd-8807-865cec35a49a
Replacing HYPOT neuron 5864e02c-b8ce-48f7-96a3-7642323be9da
Replacing HYPOTv2 neuron f9f14ab6-c166-440b-87a3-09c43321761b
Replacing HYPOTv2 neuron f9a0bca8-fc00-4cc6-b264-a77f19328198
Replacing HYPOT neuron 748d5ac0-0e3e-4704-88a9-ffa7e7f5c58d
Replacing HYPOT neuron 57882a2a-fbb1-44fd-8807-865cec35a49a
Replacing HYPOT neuron 5864e02c-b8ce-48f7-96a3-7642323be9da
Replacing HYPOTv2 neuron f9f14ab6-c166-440b-87a3-09c43321761b
Replacing HYPOTv2 neuron f9a0bca8-fc00-4cc6-b264-a77f19328198
Replacing HYPOT neuron 748d5ac0-0e3e-4704-88a9-ffa7e7f5c58d
Replacing HYPOT neuron 57882a2a-fbb1-44fd-8807-865cec35a49a
Replacing HYPOT neuron 5864e02c-b8ce-48f7-96a3-7642323be9da
Replacing HYPOTv2 neuron f9f14ab6-c166-440b-87a3-09c43321761b
Replacing HYPOTv2 neuron f9a0bca8-fc00-4cc6-b264-a77f19328198
Replacing HYPOT neuron 748d5ac0-0e3e-4704-88a9-ffa7e7f5c58d
Replacing HYPOT neuron 57882a2a-fbb1-44fd-8807-865cec35a49a
Replacing HYPOT neuron 5864e02c-b8ce-48f7-96a3-7642323be9da
Replacing HYPOTv2 neuron f9f14ab6-c166-440b-87a3-09c43321761b
Replacing HYPOTv2 neuron f9a0bca8-fc00-4cc6-b264-a77f19328198
Replacing HYPOT neuron 748d5ac0-0e3e-4704-88a9-ffa7e7f5c58d
Replacing HYPOT neuron 57882a2a-fbb1-44fd-8807-865cec35a49a
Replacing HYPOT neuron 5864e02c-b8ce-48f7-96a3-7642323be9da
Replacing HYPOTv2 neuron f9f14ab6-c166-440b-87a3-09c43321761b
Replacing HYPOTv2 neuron f9a0bca8-fc00-4cc6-b264-a77f19328198
Replacing HYPOT neuron 748d5ac0-0e3e-4704-88a9-ffa7e7f5c58d
Replacing HYPOT neuron 57882a2a-fbb1-44fd-8807-865cec35a49a
Replacing HYPOT neuron 5864e02c-b8ce-48f7-96a3-7642323be9da
Replacing HYPOTv2 neuron f9f14ab6-c166-440b-87a3-09c43321761b
Replacing HYPOTv2 neuron f9a0bca8-fc00-4cc6-b264-a77f19328198
Replacing HYPOT neuron 748d5ac0-0e3e-4704-88a9-ffa7e7f5c58d
Replacing HYPOT neuron 57882a2a-fbb1-44fd-8807-865cec35a49a
Replacing HYPOT neuron 5864e02c-b8ce-48f7-96a3-7642323be9da
Replacing HYPOTv2 neuron f9f14ab6-c166-440b-87a3-09c43321761b
Replacing HYPOTv2 neuron f9a0bca8-fc00-4cc6-b264-a77f19328198
Replacing HYPOT neuron 748d5ac0-0e3e-4704-88a9-ffa7e7f5c58d
Replacing HYPOT neuron 57882a2a-fbb1-44fd-8807-865cec35a49a
Replacing HYPOT neuron 5864e02c-b8ce-48f7-96a3-7642323be9da
Replacing HYPOTv2 neuron f9f14ab6-c166-440b-87a3-09c43321761b
Replacing HYPOTv2 neuron f9a0bca8-fc00-4cc6-b264-a77f19328198
Replacing HYPOT neuron 748d5ac0-0e3e-4704-88a9-ffa7e7f5c58d
Replacing HYPOT neuron 57882a2a-fbb1-44fd-8807-865cec35a49a
Replacing HYPOT neuron 5864e02c-b8ce-48f7-96a3-7642323be9da
Replacing HYPOTv2 neuron f9f14ab6-c166-440b-87a3-09c43321761b
Replacing HYPOTv2 neuron f9a0bca8-fc00-4cc6-b264-a77f19328198
Replacing HYPOT neuron 748d5ac0-0e3e-4704-88a9-ffa7e7f5c58d
Replacing HYPOT neuron 57882a2a-fbb1-44fd-8807-865cec35a49a
Replacing HYPOT neuron 5864e02c-b8ce-48f7-96a3-7642323be9da
Replacing HYPOTv2 neuron f9f14ab6-c166-440b-87a3-09c43321761b
Replacing HYPOTv2 neuron f9a0bca8-fc00-4cc6-b264-a77f19328198
Replacing HYPOT neuron 748d5ac0-0e3e-4704-88a9-ffa7e7f5c58d
Replacing HYPOT neuron 57882a2a-fbb1-44fd-8807-865cec35a49a
Replacing HYPOT neuron 5864e02c-b8ce-48f7-96a3-7642323be9da
Replacing HYPOTv2 neuron f9f14ab6-c166-440b-87a3-09c43321761b
Replacing HYPOTv2 neuron f9a0bca8-fc00-4cc6-b264-a77f19328198
Replacing HYPOT neuron 748d5ac0-0e3e-4704-88a9-ffa7e7f5c58d
Replacing HYPOT neuron 57882a2a-fbb1-44fd-8807-865cec35a49a
Replacing HYPOT neuron 5864e02c-b8ce-48f7-96a3-7642323be9da
Replacing HYPOTv2 neuron f9f14ab6-c166-440b-87a3-09c43321761b
Replacing HYPOTv2 neuron f9a0bca8-fc00-4cc6-b264-a77f19328198
Replacing HYPOT neuron 748d5ac0-0e3e-4704-88a9-ffa7e7f5c58d
Replacing HYPOT neuron 57882a2a-fbb1-44fd-8807-865cec35a49a
Replacing HYPOT neuron 5864e02c-b8ce-48f7-96a3-7642323be9da
Replacing HYPOTv2 neuron f9f14ab6-c166-440b-87a3-09c43321761b
Replacing HYPOTv2 neuron f9a0bca8-fc00-4cc6-b264-a77f19328198
Replacing HYPOTv2 neuron e5072503-9f99-4e6a-90db-b49a89cf7848
Replacing HYPOT neuron 748d5ac0-0e3e-4704-88a9-ffa7e7f5c58d
Replacing HYPOT neuron 57882a2a-fbb1-44fd-8807-865cec35a49a
Replacing HYPOT neuron 5864e02c-b8ce-48f7-96a3-7642323be9da
Replacing HYPOTv2 neuron f9f14ab6-c166-440b-87a3-09c43321761b
Replacing HYPOTv2 neuron f9a0bca8-fc00-4cc6-b264-a77f19328198
Replacing HYPOT neuron 748d5ac0-0e3e-4704-88a9-ffa7e7f5c58d
Replacing HYPOT neuron 57882a2a-fbb1-44fd-8807-865cec35a49a
Replacing HYPOT neuron 5864e02c-b8ce-48f7-96a3-7642323be9da
Replacing HYPOTv2 neuron f9f14ab6-c166-440b-87a3-09c43321761b
Replacing HYPOTv2 neuron f9a0bca8-fc00-4cc6-b264-a77f19328198
Replacing HYPOT neuron 748d5ac0-0e3e-4704-88a9-ffa7e7f5c58d
Replacing HYPOT neuron 57882a2a-fbb1-44fd-8807-865cec35a49a
Replacing HYPOT neuron 5864e02c-b8ce-48f7-96a3-7642323be9da
Replacing HYPOTv2 neuron f9f14ab6-c166-440b-87a3-09c43321761b
Replacing HYPOTv2 neuron f9a0bca8-fc00-4cc6-b264-a77f19328198
Replacing HYPOT neuron 748d5ac0-0e3e-4704-88a9-ffa7e7f5c58d
Replacing HYPOT neuron 57882a2a-fbb1-44fd-8807-865cec35a49a
Replacing HYPOT neuron 5864e02c-b8ce-48f7-96a3-7642323be9da
Replacing HYPOTv2 neuron f9f14ab6-c166-440b-87a3-09c43321761b
Replacing HYPOTv2 neuron f9a0bca8-fc00-4cc6-b264-a77f19328198
Replacing HYPOT neuron 748d5ac0-0e3e-4704-88a9-ffa7e7f5c58d
Replacing HYPOT neuron 57882a2a-fbb1-44fd-8807-865cec35a49a
Replacing HYPOT neuron 5864e02c-b8ce-48f7-96a3-7642323be9da
Replacing HYPOTv2 neuron f9f14ab6-c166-440b-87a3-09c43321761b
Replacing HYPOTv2 neuron f9a0bca8-fc00-4cc6-b264-a77f19328198
Replacing HYPOT neuron 748d5ac0-0e3e-4704-88a9-ffa7e7f5c58d
Replacing HYPOT neuron 57882a2a-fbb1-44fd-8807-865cec35a49a
Replacing HYPOT neuron 5864e02c-b8ce-48f7-96a3-7642323be9da
Replacing HYPOTv2 neuron f9f14ab6-c166-440b-87a3-09c43321761b
Replacing HYPOTv2 neuron f9a0bca8-fc00-4cc6-b264-a77f19328198
Replacing HYPOT neuron 748d5ac0-0e3e-4704-88a9-ffa7e7f5c58d
Replacing HYPOT neuron 57882a2a-fbb1-44fd-8807-865cec35a49a
Replacing HYPOT neuron 5864e02c-b8ce-48f7-96a3-7642323be9da
Replacing HYPOTv2 neuron f9f14ab6-c166-440b-87a3-09c43321761b
Replacing HYPOTv2 neuron f9a0bca8-fc00-4cc6-b264-a77f19328198
Replacing HYPOT neuron 748d5ac0-0e3e-4704-88a9-ffa7e7f5c58d
Replacing HYPOT neuron 57882a2a-fbb1-44fd-8807-865cec35a49a
Replacing HYPOT neuron 5864e02c-b8ce-48f7-96a3-7642323be9da
Replacing HYPOTv2 neuron f9f14ab6-c166-440b-87a3-09c43321761b
Replacing HYPOTv2 neuron f9a0bca8-fc00-4cc6-b264-a77f19328198
Replacing HYPOT neuron 748d5ac0-0e3e-4704-88a9-ffa7e7f5c58d
Replacing HYPOT neuron 57882a2a-fbb1-44fd-8807-865cec35a49a
Replacing HYPOT neuron 5864e02c-b8ce-48f7-96a3-7642323be9da
Replacing HYPOTv2 neuron f9f14ab6-c166-440b-87a3-09c43321761b
Replacing HYPOTv2 neuron f9a0bca8-fc00-4cc6-b264-a77f19328198
Replacing HYPOT neuron 748d5ac0-0e3e-4704-88a9-ffa7e7f5c58d
Replacing HYPOT neuron 57882a2a-fbb1-44fd-8807-865cec35a49a
Replacing HYPOT neuron 5864e02c-b8ce-48f7-96a3-7642323be9da
Replacing HYPOTv2 neuron f9f14ab6-c166-440b-87a3-09c43321761b
Replacing HYPOTv2 neuron f9a0bca8-fc00-4cc6-b264-a77f19328198
Replacing HYPOT neuron 748d5ac0-0e3e-4704-88a9-ffa7e7f5c58d
Replacing HYPOT neuron 57882a2a-fbb1-44fd-8807-865cec35a49a
Replacing HYPOT neuron 5864e02c-b8ce-48f7-96a3-7642323be9da
Replacing HYPOTv2 neuron f9f14ab6-c166-440b-87a3-09c43321761b
Replacing HYPOTv2 neuron f9a0bca8-fc00-4cc6-b264-a77f19328198
Replacing HYPOT neuron 748d5ac0-0e3e-4704-88a9-ffa7e7f5c58d
Replacing HYPOT neuron 57882a2a-fbb1-44fd-8807-865cec35a49a
Replacing HYPOT neuron 5864e02c-b8ce-48f7-96a3-7642323be9da
Replacing HYPOTv2 neuron f9f14ab6-c166-440b-87a3-09c43321761b
Replacing HYPOTv2 neuron f9a0bca8-fc00-4cc6-b264-a77f19328198
Replacing HYPOT neuron 748d5ac0-0e3e-4704-88a9-ffa7e7f5c58d
Replacing HYPOT neuron 57882a2a-fbb1-44fd-8807-865cec35a49a
Replacing HYPOT neuron 5864e02c-b8ce-48f7-96a3-7642323be9da
Replacing HYPOTv2 neuron f9f14ab6-c166-440b-87a3-09c43321761b
Replacing HYPOTv2 neuron f9a0bca8-fc00-4cc6-b264-a77f19328198
Replacing HYPOT neuron 748d5ac0-0e3e-4704-88a9-ffa7e7f5c58d
Replacing HYPOT neuron 57882a2a-fbb1-44fd-8807-865cec35a49a
Replacing HYPOT neuron 5864e02c-b8ce-48f7-96a3-7642323be9da
Replacing HYPOTv2 neuron f9f14ab6-c166-440b-87a3-09c43321761b
Replacing HYPOTv2 neuron f9a0bca8-fc00-4cc6-b264-a77f19328198
Discovery b57c97f2 scheduled
Training b57c97f2 scheduled
Training b57c97f2 with 1 binary file, target error: 0.002, iterations: 1, sample rate: 30.0%, sparse: 7.5%
Discovery b57c97f2 with 1 binary files, sample rate: 2.5%, batch size: 20
Discovery b57c97f2 initialize time 110ms
Discovery b57c97f2 processing .trainData-binary_87-sampler/sample-5.bin
Fine tuning increased fitness by 0 to 0.469350158812788 adjusted 1 weight Restored: 13
Replacing HYPOT neuron 748d5ac0-0e3e-4704-88a9-ffa7e7f5c58d
Replacing HYPOT neuron 57882a2a-fbb1-44fd-8807-865cec35a49a
Replacing HYPOT neuron 5864e02c-b8ce-48f7-96a3-7642323be9da
Replacing HYPOTv2 neuron f9f14ab6-c166-440b-87a3-09c43321761b
Replacing HYPOTv2 neuron f9a0bca8-fc00-4cc6-b264-a77f19328198
Replacing HYPOT neuron 748d5ac0-0e3e-4704-88a9-ffa7e7f5c58d
Replacing HYPOT neuron 57882a2a-fbb1-44fd-8807-865cec35a49a
Replacing HYPOT neuron 5864e02c-b8ce-48f7-96a3-7642323be9da
Replacing HYPOTv2 neuron f9f14ab6-c166-440b-87a3-09c43321761b
Replacing HYPOTv2 neuron f9a0bca8-fc00-4cc6-b264-a77f19328198
Replacing HYPOT neuron 748d5ac0-0e3e-4704-88a9-ffa7e7f5c58d
Replacing HYPOT neuron 57882a2a-fbb1-44fd-8807-865cec35a49a
Replacing HYPOT neuron 5864e02c-b8ce-48f7-96a3-7642323be9da
Replacing HYPOTv2 neuron f9f14ab6-c166-440b-87a3-09c43321761b
Replacing HYPOTv2 neuron f9a0bca8-fc00-4cc6-b264-a77f19328198
Replacing HYPOTv2 neuron e5072503-9f99-4e6a-90db-b49a89cf7848
Replacing HYPOT neuron 748d5ac0-0e3e-4704-88a9-ffa7e7f5c58d
Replacing HYPOT neuron 57882a2a-fbb1-44fd-8807-865cec35a49a
Replacing HYPOT neuron 5864e02c-b8ce-48f7-96a3-7642323be9da
Replacing HYPOTv2 neuron f9f14ab6-c166-440b-87a3-09c43321761b
Replacing HYPOTv2 neuron f9a0bca8-fc00-4cc6-b264-a77f19328198
Training b57c97f2 samples 1,262 of 104,268 1.2%( rate 30.0% ) error 0.531 time average: 47ms 634µs 706ns total: 1m 115ms
Training b57c97f2 samples 3,333 of 104,268 3.2%( rate 30.0% ) error 0.521 time average: 36ms 39µs 303ns total: 2m 119ms
Training b57c97f2 samples 3,762 of 104,268 3.6%( rate 30.0% ) error 0.525 time average: 47ms 882µs 775ns total: 3m 135ms
Training b57c97f2 timed out after 3m 135ms
Fine tuning increased fitness by 6.597241812844601e-7 to 0.4693508185369693 adjusted 1 weight 
Discovery b57c97f2 read time  for .trainData-binary_87-sampler/sample-5.bin with 20 records
Discovery b57c97f2 scanning time 3m 53s 726ms
Discovery b57c97f2 recorded time 3m 54s 373ms
Training b57c97f2 completed after 3m 637ms
Training b57c97f2 compacted
Generation 3 score 0.4693508185369693 (avg: 0.4693) error 0.5306471031730549 avg time 33s 535ms
Set training/discovery clean up count to 2
Waiting for discovery to complete
Discovered beneficial synapse from input-193 to insider-combined-positive-check-7 with weight -1.0000, helping 90.0% more records than it harms (19/20)
Discovery b57c97f2 analyze time 32s 782ms found 1 candidates
Trained b57c97f2 Score: 0.4693501624842618, Error: 0.5306477628972361 -> 0.5306477592257623, 👌 3.67e-9
Compact b57c97f2 Score: 0.46928655849667794, Error: 0.5306477628972361 -> 0.5307113722133462, 👿 -0.0000636
Discovered harmful synapse from input-14 to insider-combined-positive-check-7, harming 90.0% more records than it helps (1/20)
Discovery b57c97f2 analyze harmful time 27s 618ms found 1 candidates
Discovery b57c97f2 analyze squashes time 11s 477ms found 1 candidate, Summary: insider-combined-positive-check-7 ArcTan -> COMPLEMENT improved: 100.0% error: 3.979075779491527e+31 -> 4.459841133092905e+23
Generation 4 score 0.4693508185369693 (avg: 0.4693) error 0.5306471031730549 avg time 8s 989ms
Waiting for discovery to complete
Fine tuning increased fitness by 2.1771672242820728e-9 to 0.46935082071413653 adjusted 1 weight 
Generation 5 score 0.46935082071413653 (avg: 0.4691) error 0.5306471009958876 avg time 13s 299ms
Waiting for training/discovery clean up 2
Discovery b57c97f2 beneficial increased fitness by 0.0000045418821921217045 to 0.46935536259632865
Generation 6 score 0.46935536259632865 (avg: 0.4517) error 0.5306425590136955 avg time 10s 472ms
Waiting for training/discovery clean up 1
Fine tuning increased fitness by 0.000015285177059731758 to 0.4693706477733884 adjusted 1 weight 
Generation 7 score 0.4693706477733884 (avg: 0.4692) error 0.5306272738366358 avg time 11s 456ms
Evolution of 7 generations in 14m 37s, averaging 2m 5s 224ms
Loop 3 of 4
From github.com:stSoftwareAU/GRQ-sampler
   d30fca7..7918fc0  main       -> origin/main
Updating d30fca7..7918fc0
Fast-forward
 samples/GRQ-13-1.json |    60 +-
 samples/GRQ-15-1.json | 86383 +++++++++++++++++++++++++++++++++++++++++++++++
 samples/GRQ-16-1.json | 86387 ++++++++++++++++++++++++++++++++++++++++++++++++
 samples/GRQ-18-1.json |   133 +-
 samples/GRQ-19-1.json |    36 +-
 samples/GRQ-24-1.json |    21 +-
 6 files changed, 172956 insertions(+), 64 deletions(-)
 create mode 100644 samples/GRQ-15-1.json
 create mode 100644 samples/GRQ-16-1.json
3) Sample rate: 0.12, batch Size: 10000, timeout: 13
Total time taken: 17s 999ms
Janice Lind (Observations: 1,461, Neurons: 510, Synapses: 15,692 & Score: 0.469)
1 mutation, mutation rate 28.5%, elitism 1, mutation FFW, selection FITNESS_PROPORTIONATE, timeout 13, PopSize 44 SAMPLER
Initialized in 5s 756ms
Over populated 50, expected 44.
Culling duplicate creature at 11 of 50
Culling duplicate creature at 21 of 49
Culling duplicate creature at 30 of 48
Culling duplicate creature at 31 of 47
DeDuplication of 4 creatures to 46 in 2ms (previous experiment 2ms)
Discovery 75398c7e scheduled
Training 75398c7e scheduled
Training 75398c7e with 1 binary file, target error: 0.002, iterations: 1, sample rate: 15.0%, sparse: 7.5%
Discovery 75398c7e with 1 binary files, sample rate: 2.5%, batch size: 20
Discovery 75398c7e initialize time 122ms
Discovery 75398c7e processing .trainData-binary_87-sampler/sample-12.bin
Replacing HYPOT neuron 748d5ac0-0e3e-4704-88a9-ffa7e7f5c58d
Replacing HYPOT neuron 57882a2a-fbb1-44fd-8807-865cec35a49a
Replacing HYPOT neuron 5864e02c-b8ce-48f7-96a3-7642323be9da
Replacing HYPOTv2 neuron f9f14ab6-c166-440b-87a3-09c43321761b
Replacing HYPOTv2 neuron f9a0bca8-fc00-4cc6-b264-a77f19328198
Replacing HYPOTv2 neuron e5072503-9f99-4e6a-90db-b49a89cf7848
Replacing HYPOT neuron 748d5ac0-0e3e-4704-88a9-ffa7e7f5c58d
Replacing HYPOT neuron 57882a2a-fbb1-44fd-8807-865cec35a49a
Replacing HYPOT neuron 5864e02c-b8ce-48f7-96a3-7642323be9da
Replacing HYPOTv2 neuron f9f14ab6-c166-440b-87a3-09c43321761b
Replacing HYPOTv2 neuron f9a0bca8-fc00-4cc6-b264-a77f19328198
Replacing HYPOT neuron 748d5ac0-0e3e-4704-88a9-ffa7e7f5c58d
Replacing HYPOT neuron 57882a2a-fbb1-44fd-8807-865cec35a49a
Replacing HYPOT neuron 5864e02c-b8ce-48f7-96a3-7642323be9da
Replacing HYPOTv2 neuron f9f14ab6-c166-440b-87a3-09c43321761b
Replacing HYPOTv2 neuron f9a0bca8-fc00-4cc6-b264-a77f19328198
Replacing HYPOT neuron 748d5ac0-0e3e-4704-88a9-ffa7e7f5c58d
Replacing HYPOT neuron 57882a2a-fbb1-44fd-8807-865cec35a49a
Replacing HYPOT neuron 5864e02c-b8ce-48f7-96a3-7642323be9da
Replacing HYPOTv2 neuron f9f14ab6-c166-440b-87a3-09c43321761b
Replacing HYPOTv2 neuron f9a0bca8-fc00-4cc6-b264-a77f19328198
Replacing HYPOT neuron 748d5ac0-0e3e-4704-88a9-ffa7e7f5c58d
Replacing HYPOT neuron 57882a2a-fbb1-44fd-8807-865cec35a49a
Replacing HYPOT neuron 5864e02c-b8ce-48f7-96a3-7642323be9da
Replacing HYPOTv2 neuron f9f14ab6-c166-440b-87a3-09c43321761b
Replacing HYPOTv2 neuron f9a0bca8-fc00-4cc6-b264-a77f19328198
Replacing HYPOT neuron 748d5ac0-0e3e-4704-88a9-ffa7e7f5c58d
Replacing HYPOT neuron 57882a2a-fbb1-44fd-8807-865cec35a49a
Replacing HYPOT neuron 5864e02c-b8ce-48f7-96a3-7642323be9da
Replacing HYPOTv2 neuron f9f14ab6-c166-440b-87a3-09c43321761b
Replacing HYPOTv2 neuron f9a0bca8-fc00-4cc6-b264-a77f19328198
Replacing HYPOT neuron 748d5ac0-0e3e-4704-88a9-ffa7e7f5c58d
Replacing HYPOT neuron 57882a2a-fbb1-44fd-8807-865cec35a49a
Replacing HYPOT neuron 5864e02c-b8ce-48f7-96a3-7642323be9da
Replacing HYPOTv2 neuron f9f14ab6-c166-440b-87a3-09c43321761b
Replacing HYPOTv2 neuron f9a0bca8-fc00-4cc6-b264-a77f19328198
Replacing HYPOT neuron 748d5ac0-0e3e-4704-88a9-ffa7e7f5c58d
Replacing HYPOT neuron 57882a2a-fbb1-44fd-8807-865cec35a49a
Replacing HYPOT neuron 5864e02c-b8ce-48f7-96a3-7642323be9da
Replacing HYPOTv2 neuron f9f14ab6-c166-440b-87a3-09c43321761b
Replacing HYPOTv2 neuron f9a0bca8-fc00-4cc6-b264-a77f19328198
Replacing HYPOT neuron 748d5ac0-0e3e-4704-88a9-ffa7e7f5c58d
Replacing HYPOT neuron 57882a2a-fbb1-44fd-8807-865cec35a49a
Replacing HYPOT neuron 5864e02c-b8ce-48f7-96a3-7642323be9da
Replacing HYPOTv2 neuron f9f14ab6-c166-440b-87a3-09c43321761b
Replacing HYPOTv2 neuron f9a0bca8-fc00-4cc6-b264-a77f19328198
Replacing HYPOT neuron 748d5ac0-0e3e-4704-88a9-ffa7e7f5c58d
Replacing HYPOT neuron 57882a2a-fbb1-44fd-8807-865cec35a49a
Replacing HYPOT neuron 5864e02c-b8ce-48f7-96a3-7642323be9da
Replacing HYPOTv2 neuron f9f14ab6-c166-440b-87a3-09c43321761b
Replacing HYPOTv2 neuron f9a0bca8-fc00-4cc6-b264-a77f19328198
Replacing HYPOT neuron 748d5ac0-0e3e-4704-88a9-ffa7e7f5c58d
Replacing HYPOT neuron 57882a2a-fbb1-44fd-8807-865cec35a49a
Replacing HYPOT neuron 5864e02c-b8ce-48f7-96a3-7642323be9da
Replacing HYPOTv2 neuron f9f14ab6-c166-440b-87a3-09c43321761b
Replacing HYPOTv2 neuron f9a0bca8-fc00-4cc6-b264-a77f19328198
Replacing HYPOT neuron 748d5ac0-0e3e-4704-88a9-ffa7e7f5c58d
Replacing HYPOT neuron 57882a2a-fbb1-44fd-8807-865cec35a49a
Replacing HYPOT neuron 5864e02c-b8ce-48f7-96a3-7642323be9da
Replacing HYPOTv2 neuron f9f14ab6-c166-440b-87a3-09c43321761b
Replacing HYPOTv2 neuron f9a0bca8-fc00-4cc6-b264-a77f19328198
Replacing HYPOT neuron 748d5ac0-0e3e-4704-88a9-ffa7e7f5c58d
Replacing HYPOT neuron 57882a2a-fbb1-44fd-8807-865cec35a49a
Replacing HYPOT neuron 5864e02c-b8ce-48f7-96a3-7642323be9da
Replacing HYPOTv2 neuron f9f14ab6-c166-440b-87a3-09c43321761b
Replacing HYPOTv2 neuron f9a0bca8-fc00-4cc6-b264-a77f19328198
Replacing HYPOT neuron 748d5ac0-0e3e-4704-88a9-ffa7e7f5c58d
Replacing HYPOT neuron 57882a2a-fbb1-44fd-8807-865cec35a49a
Replacing HYPOT neuron 5864e02c-b8ce-48f7-96a3-7642323be9da
Replacing HYPOTv2 neuron f9f14ab6-c166-440b-87a3-09c43321761b
Replacing HYPOTv2 neuron f9a0bca8-fc00-4cc6-b264-a77f19328198
Replacing HYPOT neuron 748d5ac0-0e3e-4704-88a9-ffa7e7f5c58d
Replacing HYPOT neuron 57882a2a-fbb1-44fd-8807-865cec35a49a
Replacing HYPOT neuron 5864e02c-b8ce-48f7-96a3-7642323be9da
Replacing HYPOTv2 neuron f9f14ab6-c166-440b-87a3-09c43321761b
Replacing HYPOTv2 neuron f9a0bca8-fc00-4cc6-b264-a77f19328198
Replacing HYPOT neuron 748d5ac0-0e3e-4704-88a9-ffa7e7f5c58d
Replacing HYPOT neuron 57882a2a-fbb1-44fd-8807-865cec35a49a
Replacing HYPOT neuron 5864e02c-b8ce-48f7-96a3-7642323be9da
Replacing HYPOTv2 neuron f9f14ab6-c166-440b-87a3-09c43321761b
Replacing HYPOTv2 neuron f9a0bca8-fc00-4cc6-b264-a77f19328198
Replacing HYPOT neuron 748d5ac0-0e3e-4704-88a9-ffa7e7f5c58d
Replacing HYPOT neuron 57882a2a-fbb1-44fd-8807-865cec35a49a
Replacing HYPOT neuron 5864e02c-b8ce-48f7-96a3-7642323be9da
Replacing HYPOTv2 neuron f9f14ab6-c166-440b-87a3-09c43321761b
Replacing HYPOTv2 neuron f9a0bca8-fc00-4cc6-b264-a77f19328198
Replacing HYPOT neuron 748d5ac0-0e3e-4704-88a9-ffa7e7f5c58d
Replacing HYPOT neuron 57882a2a-fbb1-44fd-8807-865cec35a49a
Replacing HYPOT neuron 5864e02c-b8ce-48f7-96a3-7642323be9da
Replacing HYPOTv2 neuron f9f14ab6-c166-440b-87a3-09c43321761b
Replacing HYPOTv2 neuron f9a0bca8-fc00-4cc6-b264-a77f19328198
Generation 1 score 0.4715303937866015 (avg: 0.4645) error 0.5284488223136402 time 2m 26s 618ms
Training 75398c7e samples 2,201 of 250,952 0.9%( rate 15.0% ) error 0.541 time average: 27ms 261µs 699ns total: 1m 3ms
Fine tuning increased fitness by 2.0147574675277724e-7 to 0.47153059526234825 adjusted 1 weight 
Training 75398c7e samples 6,082 of 250,952 2.4%( rate 15.0% ) error 0.542 time average: 19ms 732µs 982ns total: 2m 16ms
Generation 2 score 0.47153059526234825 (avg: 0.4715) error 0.5284486208378935 time 1m 40s 243ms
Training 75398c7e samples 7,255 of 250,952 2.9%( rate 15.0% ) error 0.536 time average: 24ms 817µs 780ns total: 3m 53ms
Training 75398c7e samples 8,091 of 250,952 3.2%( rate 15.0% ) error 0.540 time average: 29ms 671µs 363ns total: 4m 71ms
Fine tuning increased fitness by 2.837757333562507e-7 to 0.4715308790380816 adjusted 1 weight 
Generation 3 score 0.4715308790380816 (avg: 0.4714) error 0.5284483370621601 time 2m 37s 141ms
Training 75398c7e samples 11,033 of 250,952 4.4%( rate 15.0% ) error 0.536 time average: 27ms 201µs 667ns total: 5m 116ms
Training 75398c7e samples 14,064 of 250,952 5.6%( rate 15.0% ) error 0.534 time average: 25ms 606µs 726ns total: 6m 133ms
Fine tuning increased fitness by 2.8608135904661935e-7 to 0.47153116511944065 adjusted 1 weight 
Generation 4 score 0.47153116511944065 (avg: 0.4710) error 0.528448050980801 time 1m 39s 367ms
Training 75398c7e samples 16,253 of 250,952 6.5%( rate 15.0% ) error 0.534 time average: 25ms 859µs 595ns total: 7m 296ms
Training 75398c7e samples 17,056 of 250,952 6.8%( rate 15.0% ) error 0.533 time average: 28ms 162µs 699ns total: 8m 343ms
Fine tuning increased fitness by 2.666149667707174e-8 to 0.47153119178093733 adjusted 1 weight 
Training 75398c7e samples 19,920 of 250,952 7.9%( rate 15.0% ) error 0.532 time average: 27ms 126µs 907ns total: 9m 368ms
Generation 5 score 0.47153119178093733 (avg: 0.4715) error 0.5284480243193044 time 2m 37s 156ms
Training 75398c7e samples 21,710 of 250,952 8.7%( rate 15.0% ) error 0.530 time average: 27ms 654µs 76ns total: 10m 370ms
Generation 6 score 0.47153119178093733 (avg: 0.4534) error 0.5284480243193044 time 1m 41s 486ms
Training 75398c7e samples 24,977 of 250,952 10.0%( rate 15.0% ) error 0.527 time average: 26ms 440µs 285ns total: 11m 399ms
Training 75398c7e timed out after 11m 399ms
compactUnused hidden neuron d55e5002 has no outward connections
Fine tuning increased fitness by 3.6831482308485874e-10 to 0.47153119214925215 adjusted 1 weight 
Training 75398c7e completed after 11m 1s 39ms
Training 75398c7e compacted
Generation 7 score 0.47153119214925215 (avg: 0.4713) error 0.5284480239509896 time 2m 24s 505ms
Set training/discovery clean up count to 2
Waiting for discovery to complete
Compact 75398c7e Score: 0.4713595312639071, Error: 0.5284488223136402 -> 0.5286198578363334, 👿 -0.000171
Trained 75398c7e Score: 0.471282637622458, Error: 0.5284488223136402 -> 0.5286965784777837, 👿 -0.000248
Discovery 75398c7e read time 1ms for .trainData-binary_87-sampler/sample-12.bin with 80 records
Discovery 75398c7e scanning time 14m 28s 776ms
Discovery 75398c7e recorded time 14m 30s 912ms
Fine tuning increased fitness by 4.2795100796411134e-11 to 0.47153119219204725 adjusted 1 weight 
Generation 8 score 0.47153119219204725 (avg: 0.4715) error 0.5284480239081945 time 1m 41s 668ms
Waiting for discovery to complete
Discovered beneficial synapse from 11d374ca-cab3-491a-9abe-c6434ce4779e to insider-combined-positive-check-7 with weight 1.0000, helping 77.5% more records than it harms (71/80)
Discovery 75398c7e analyze time 2m 12s 374ms found 1 candidates
Fine tuning increased fitness by 2.4127588815758827e-11 to 0.47153119221617484 adjusted 1 weight 
Generation 9 score 0.47153119221617484 (avg: 0.4715) error 0.5284480238840669 time 2m 17s 295ms
Waiting for discovery to complete
Discovered harmful synapse from input-568 to insider-combined-positive-check-7, harming 77.5% more records than it helps (9/80)
Discovery 75398c7e analyze harmful time 1m 24s 898ms found 1 candidates
Generation 10 score 0.47153119221617484 (avg: 0.4715) error 0.5284480238840669 time 1m 41s 383ms
Waiting for discovery to complete
Discovery 75398c7e analyze squashes time 1m 1s 15ms found 1 candidate, Summary: insider-combined-positive-check-7 ArcTan -> COMPLEMENT improved: 100.0% error: 5.334786475693762e+31 -> 5.676960510612776e+23
Generation 11 score 0.47153119221617484 (avg: 0.4715) error 0.5284480238840669 time 2m 10s 432ms
Waiting for training/discovery clean up 2
Generation 12 score 0.47153119221617484 (avg: 0.4413) error 0.5284480238840669 time 1m 52s 348ms
Waiting for training/discovery clean up 1
Generation 13 score 0.47153119221617484 (avg: 0.4715) error 0.5284480238840669 time 1m 53s 166ms
Evolution of 13 generations in 26m 44s, averaging 2m 3s 360ms
Loop 4 of 4
From github.com:stSoftwareAU/GRQ-sampler
   7918fc0..e5229be  main       -> origin/main
Updating 7918fc0..e5229be
Fast-forward
 samples/GRQ-23-1.json | 77 +++++++++++++++------------------------------------
 1 file changed, 23 insertions(+), 54 deletions(-)
4) Sample rate: 1, batch Size: 10000, timeout: 8
Total time taken: 1m 46s 277ms
Alysha Bosco (Observations: 1,461, Neurons: 510, Synapses: 15,692 & Score: 0.472)
6 mutations, mutation rate 20.6%, elitism 1, mutation FFW, selection TOURNAMENT, timeout 8, PopSize 20 SAMPLER
Initialized in 3s 397ms
Over populated 23, expected 20.
Culling duplicate creature at 12 of 23
Culling duplicate creature at 20 of 22
Culling duplicate creature at 20 of 21
DeDuplication of 3 creatures to 20 in 1ms (previous experiment 1ms)
Fine tuning increased fitness by 4.7245187889677354e-7 to 0.47154147165919835 adjusted 1 weight Restored: 2
Generation 1 score 0.47154147165919835 (avg: 0.4715) error 0.5282503893432202 time 9m 14s 249ms
Evolution of 1 generation in 9m 15s, averaging 9m 14s 769ms
[11:59:15] 📦 checkin-sample.sh on host GRQ-12
From github.com:stSoftwareAU/GRQ-sampler
   e5229be..4c417ab  main       -> origin/main
Updating e5229be..4c417ab
Fast-forward
 samples/GRQ-10-1.json       | 86382 ------------------------------------------
 samples/GRQ-13-1.json       |   130 +-
 samples/GRQ-21-1.json       |   128 +-
 samples/Mac-Ultra-M2-1.json |   126 +-
 4 files changed, 306 insertions(+), 86460 deletions(-)
 delete mode 100644 samples/GRQ-10-1.json
removed 'samples/GRQ-3-1.json'
[11:59:19] ✅ Committing 🦠 GRQ-12 🎯, Score: 0.471541
[main 03c178a] 🦠 GRQ-12 🎯, Score: 0.471541, Neurons: 512 & Synapses: 15,702
 2 files changed, 78 insertions(+), 86407 deletions(-)
 delete mode 100644 samples/GRQ-3-1.json
To github.com:stSoftwareAU/GRQ-sampler.git
   4c417ab..03c178a  main -> main
✅ GRQ-health pull succeeded in 3 seconds
Updating health information...
Updated health information for GRQ-12
