[log truncated by run.sh: showing the last 64 KB of 113 KB; the full log is on the host]
[Utilisation] fitness=0%fast/0%heavy breeding=0%fast/0%heavy overall=0%
[Throughput] wall=10660ms nonFitness=8458ms gensPerHour=337.7 fast=busy0ms/idle127920ms/depth3/wait0ms heavy=busy0ms/idle21320ms/depth0/wait0ms scorer=19.2ms/scored3/batchScored3/perCreatureScored0/batchInvocations1/creaturesPerSec1.4 corruptParentSkips=0
Generation 17 score 0.4326134707977361 (avg: -34.7731) error 0.5673794869614803 time 10s 884ms
[DynamicPool] 2 idle heavy worker(s) assisting fitness evaluation
[NEAT-AI] Batch scorer partition: 3 forwardOnly batched, 0 recurrent batched, 0 per-creature
CRISPR NASDAQ-100-Exclusion-v2 Score: 0.4326134707977361, Error: 0.5673794869614803 -> 0.5673794869614803 neutral
[DynamicPool] 2 idle heavy worker(s) assisting breeding
[MCMC] Gen: temp=0.9800, acceptance=100.0% (smoothed=30.0%), proposed=1, accepted=1, rejected=0
[PopulationBudget] Dropped 1 creature(s) to stay within the effective population size of 5 (elitists=1, trained=0, fineTuned=3, bred=1, dna=1)
[PreWarm] 3 new templates, 0 cached, 3 unique topologies (116ms)
[Timing] fitness=2205ms breeding=0ms breedingWorker=0ms mainThreadOverlap=0ms resultProcessing=0ms preWarm=116ms pipelineOverlap=118ms sort=0ms writeScores=2ms mutation=3215ms deduplication=117ms speciation=2ms total=14229ms
[Utilisation] fitness=0%fast/0%heavy breeding=0%fast/0%heavy overall=0%
[MutationOps] MOD_BIAS proposed=1 noChange=0 applied=1 reverted=0 evaluated=0 accepted=0 rejected=0 evalMs=0 depth[in=0 mid=0 out=0 ?=1] || resolved=0 multiOperator=0 discarded=0 evalMs=0 mcmc=1/1
[Throughput] wall=14229ms nonFitness=12024ms gensPerHour=253.0 fast=busy0ms/idle170748ms/depth3/wait0ms heavy=busy0ms/idle28458ms/depth0/wait0ms scorer=22.8ms/scored3/batchScored3/perCreatureScored0/batchInvocations1/creaturesPerSec1.4 corruptParentSkips=0
Generation 18 score 0.4326134707977361 (avg: -32.5972) error 0.5673794869614803 time 14s 490ms
[DynamicPool] 2 idle heavy worker(s) assisting fitness evaluation
[NEAT-AI] Batch scorer partition: 3 forwardOnly batched, 0 recurrent batched, 0 per-creature
CRISPR Proximity to delisting-v4 Score: 0.4326134707977361, Error: 0.5673794869614803 -> 0.5673794869614803 neutral
[DynamicPool] 2 idle heavy worker(s) assisting breeding
[MCMC] Gen: temp=0.9800, acceptance=100.0% (smoothed=30.0%), proposed=1, accepted=1, rejected=0
[PopulationBudget] Dropped 1 creature(s) to stay within the effective population size of 5 (elitists=1, trained=0, fineTuned=3, bred=1, dna=1)
[PreWarm] 3 new templates, 0 cached, 3 unique topologies (111ms)
[Timing] fitness=2213ms breeding=0ms breedingWorker=0ms mainThreadOverlap=0ms resultProcessing=0ms preWarm=111ms pipelineOverlap=112ms sort=0ms writeScores=2ms mutation=3219ms deduplication=117ms speciation=1ms total=13993ms
[Utilisation] fitness=0%fast/0%heavy breeding=0%fast/0%heavy overall=0%
[MutationOps] MOD_WEIGHT proposed=1 noChange=0 applied=1 reverted=0 evaluated=0 accepted=0 rejected=0 evalMs=0 depth[in=0 mid=0 out=0 ?=1] || resolved=0 multiOperator=0 discarded=1 evalMs=0 mcmc=1/1
[Throughput] wall=13993ms nonFitness=11780ms gensPerHour=257.3 fast=busy0ms/idle167916ms/depth3/wait0ms heavy=busy0ms/idle27986ms/depth0/wait0ms scorer=22.5ms/scored3/batchScored3/perCreatureScored0/batchInvocations1/creaturesPerSec1.4 corruptParentSkips=0
Generation 19 score 0.4326134707977361 (avg: -0.0899) error 0.5673794869614803 time 14s 235ms
[DynamicPool] 2 idle heavy worker(s) assisting fitness evaluation
[NEAT-AI] Batch scorer partition: 3 forwardOnly batched, 0 recurrent batched, 0 per-creature
CRISPR Insider-Bullish-14-v1 Score: 0.4326134707977361, Error: 0.5673794869614803 -> 0.5673794869614803 neutral
[DynamicPool] 2 idle heavy worker(s) assisting breeding
[MCMC] Temperature: 0.980000 → 0.980000
[PopulationBudget] Dropped 1 creature(s) to stay within the effective population size of 5 (elitists=1, trained=0, fineTuned=3, bred=1, dna=1)
[PreWarm] 3 new templates, 0 cached, 3 unique topologies (115ms)
[Timing] fitness=2412ms breeding=0ms breedingWorker=0ms mainThreadOverlap=0ms resultProcessing=0ms preWarm=115ms pipelineOverlap=116ms sort=0ms writeScores=2ms mutation=0ms deduplication=115ms speciation=1ms total=10905ms
[Utilisation] fitness=0%fast/0%heavy breeding=0%fast/0%heavy overall=0%
[Throughput] wall=10905ms nonFitness=8493ms gensPerHour=330.1 fast=busy0ms/idle130860ms/depth3/wait0ms heavy=busy0ms/idle21810ms/depth0/wait0ms scorer=19.4ms/scored3/batchScored3/perCreatureScored0/batchInvocations1/creaturesPerSec1.2 corruptParentSkips=0
Generation 20 score 0.4326134707977361 (avg: -0.2675) error 0.5673794869614803 time 11s 183ms
[DynamicPool] 2 idle heavy worker(s) assisting fitness evaluation
[NEAT-AI] Batch scorer partition: 3 forwardOnly batched, 0 recurrent batched, 0 per-creature
CRISPR rsi-overbought-v1 Score: 0.4326134707977361, Error: 0.5673794869614803 -> 0.5673794869614803 neutral
[DynamicPool] 2 idle heavy worker(s) assisting breeding
[MCMC] Temperature: 0.980000 → 1.000000
[PopulationBudget] Dropped 1 creature(s) to stay within the effective population size of 5 (elitists=1, trained=0, fineTuned=3, bred=1, dna=1)
[PreWarm] 3 new templates, 0 cached, 3 unique topologies (111ms)
[Timing] fitness=2217ms breeding=0ms breedingWorker=0ms mainThreadOverlap=0ms resultProcessing=0ms preWarm=111ms pipelineOverlap=112ms sort=0ms writeScores=2ms mutation=0ms deduplication=118ms speciation=1ms total=10651ms
[Utilisation] fitness=0%fast/0%heavy breeding=0%fast/0%heavy overall=0%
[Throughput] wall=10651ms nonFitness=8434ms gensPerHour=338.0 fast=busy0ms/idle127812ms/depth3/wait0ms heavy=busy0ms/idle21302ms/depth0/wait0ms scorer=20.0ms/scored3/batchScored3/perCreatureScored0/batchInvocations1/creaturesPerSec1.4 corruptParentSkips=0
Generation 21 score 0.4326134707977361 (avg: -63.7996) error 0.5673794869614803 time 10s 884ms
[DynamicPool] 2 idle heavy worker(s) assisting fitness evaluation
[NEAT-AI] Batch scorer partition: 3 forwardOnly batched, 0 recurrent batched, 0 per-creature
CRISPR Insider-Bearish-90-v1 Score: 0.4326134707977361, Error: 0.5673794869614803 -> 0.5673794869614803 neutral
[DynamicPool] 2 idle heavy worker(s) assisting breeding
[MCMC] Gen: temp=0.9800, acceptance=100.0% (smoothed=30.0%), proposed=1, accepted=1, rejected=0
[PopulationBudget] Dropped 1 creature(s) to stay within the effective population size of 5 (elitists=1, trained=0, fineTuned=3, bred=1, dna=1)
[PreWarm] 3 new templates, 0 cached, 3 unique topologies (112ms)
[Timing] fitness=2286ms breeding=0ms breedingWorker=0ms mainThreadOverlap=0ms resultProcessing=0ms preWarm=112ms pipelineOverlap=113ms sort=0ms writeScores=2ms mutation=3198ms deduplication=117ms speciation=1ms total=14014ms
[Utilisation] fitness=0%fast/0%heavy breeding=0%fast/0%heavy overall=0%
[MutationOps] MOD_BIAS proposed=1 noChange=0 applied=1 reverted=0 evaluated=0 accepted=0 rejected=0 evalMs=0 depth[in=0 mid=0 out=0 ?=1] || resolved=0 multiOperator=0 discarded=0 evalMs=0 mcmc=1/1
[Throughput] wall=14014ms nonFitness=11728ms gensPerHour=256.9 fast=busy0ms/idle168168ms/depth3/wait0ms heavy=busy0ms/idle28028ms/depth0/wait0ms scorer=22.6ms/scored3/batchScored3/perCreatureScored0/batchInvocations1/creaturesPerSec1.3 corruptParentSkips=0
Generation 22 score 0.4326134707977361 (avg: 0.1145) error 0.5673794869614803 time 14s 259ms
[evolveDir] teardown complete: 14 worker(s) terminated, 0 detached; replay queue drained
[training-skip] summary skipped=0 populationSkipped=0 creatureSkipped=0 otherSkipped=0 improvements=2 regressions=0 noChange=0 neatSkipped=0 regressionRate=0 (#4713)
2026-10-03T03:52:27.146Z [INFO] [Learn] [pid-1564161] Evolution of 22 generations in 5m 14s, averaging 14s 264ms
2026-10-03T03:52:27.146Z [INFO] [Learn] [pid-1564161] [seed] loaded=20 skipped=0 kept=20 dropped=0 populationSize=5 dir=.creatures (#4300)
2026-10-03T03:52:27.146Z [INFO] [Learn] [pid-1564161] [seed] best=sampler-1.json@0.4370915581898252 worst-kept=best.json@0.40915305436761334 best-dropped=none (#4300)
2026-10-03T03:52:27.147Z [WARN] [Learn] [pid-1564161] model training over-run: elapsed 5m 13s vs expected 5m — stopping further generations; results committed (#4141)
2026-10-03T03:52:27.446Z [INFO] [saveValidatedCreatureExport] [pid-1564161] [forward-only] saved file=.network-sampler.json
[checkin-reserve] overrun: loop 1 Learn ran 5m20s against --timeout=5 min (overran 0m20s); sized with 169m39s left, launched with 158m09s left (11m30s consumed before launch) (#4872)
[result-metadata] stamped .result-sampler.json with samplerBuildTimeMs=73500
Loop 2 of 5
⏱️  Loop 2: --timeout sized to 3 min from remaining budget (4 loop(s) left)
From github.com:stSoftwareAU/GRQ-cluster
 * branch                main       -> FETCH_HEAD
   2dc7e51d2..99adb793b  main       -> origin/main
Updating 2dc7e51d2..99adb793b
Fast-forward
 performance.csv                         |  1 +
 statistics/GRQ-13/2026/10/03/03-40.json | 76 +++++++++++++++++++++++++++++++++
 2 files changed, 77 insertions(+)
 create mode 100644 statistics/GRQ-13/2026/10/03/03-40.json
ℹ️ [creature-artefact] ../GRQ-cluster/creature.json absent — reading legacy network.json (#4153 rollout window)
GIT-OP: [sampler-copyNetworks] git pull ok in 3s (attempt 1/3, timeout=600s)
From github.com:stSoftwareAU/GRQ-sampler
   ea108da..4d85cd4  main       -> origin/main
Updating ea108da..4d85cd4
Fast-forward
 performance.csv       |   1 +
 samples/GRQ-13-1.json | 246 ++++++++------------------------------------------
 2 files changed, 38 insertions(+), 209 deletions(-)
[samples] pool shrunk to fit the run's soft budget scored=8 of considered=48 remaining=1964s share=20% secs_per_creature=73 — the rest are dropped at random this run, never by tag (#4671)
[samples] considered=8 dir=samples top=6 random=2 (#4300)
[samples] scoring pool=8 data=/home/nigel/src/GRQ/.trainData-binary_116 — ranking on locally measured scores, stored score tags are never used (#4375)
[samples] scoring deadline=3600s/scorer-pass pool=8 secs_per_creature=73 slack=3x floor=3600s (#4615)
2026-10-03T03:52:35.501Z [INFO] [batchRustScore] [pid-1565881] 🦀 Rust batch score: 8 creature(s) → /home/nigel/.cargo/bin/rust_scorer
2026-10-03T04:02:19.625Z [INFO] [ScoreSeedPool] [pid-1565881] measured 8 of 8 seed candidate(s) on /home/nigel/src/GRQ/.trainData-binary_116
[samples] scoring pass ok rc=0 elapsed=586s pool=8 secs_per_creature=74 (#4494/#4498)
[samples] scored measured=8 unmeasured=0 of considered=8 (#4375)
[samples] random-pool eligible=8 quarantined=0 best=0.4320073322320109 floor=0.3240054992 limit=25% ranked-taken=6 available=2 (#4299, #4677)
[samples] pick slot=top rank=1 score=0.4320073322320109 measured=local file=GRQ-13-forests.json (#4375)
[samples] pick slot=top rank=2 score=0.4319549391135597 measured=local file=GRQ-19-1.json (#4375)
[samples] pick slot=top rank=3 score=0.4319461598661272 measured=local file=GRQ-12-1.json (#4375)
[samples] pick slot=top rank=4 score=0.43187155787933923 measured=local file=GRQ-18-forests.json (#4375)
[samples] pick slot=top rank=5 score=0.43186313316491776 measured=local file=GRQ-13-ockham.json (#4375)
[samples] pick slot=top rank=6 score=0.4318629960610738 measured=local file=GRQ-18-ockham.json (#4375)
[samples] pick slot=random rank=- score=0.4317221645632319 measured=local file=GRQ-13-lamarck.json (#4375)
[samples] pick slot=random rank=- score=0.43185445728144 measured=local file=GRQ-23-ockham.json (#4375)
[samples] seeded slots=8 of 8 top=6 random=2 considered=8 (#4677)
ℹ️ [creature-artefact] ../GRQ-portfolio/best/creature.json absent — reading legacy network.json (#4153 rollout window)
[creatures] copyNetworks: 20 creature file(s) in /home/nigel/src/GRQ/.creatures (#4300)
[creatures] copyNetworks: 1.json 2.json 3.json 4.json 5.json GRQ-12-1.json GRQ-13-forests.json GRQ-13-lamarck.json GRQ-13-ockham.json GRQ-18-forests.json GRQ-18-ockham.json GRQ-19-1.json GRQ-23-ockham.json best.json cluster.json sampler-1.json sampler-2.json sampler-3.json sampler-4.json sampler-5.json 
2) Sample rate: 0.05, timeout: 3, costName: MSE
sampler-preflight: phase=slice-0.05 free_gb=142.3 corpus_gb=21.4 required_gb=1.3 decision=ok
[heap-grant] stage=Sampler | Heap: 3993 MB | Total RAM: 15 GB | Available: 14644 MB | Planning budget: 7680 MB | FFI/OS headroom: 1536 MB | Floor: 3072 MB | Cap: 24576 MB (default) | Clamp: 13108 MB (available)
🏭 .trainData-binary_116-sampler/sample-5.bin — 113835 of 2287083 records kept from 520 file(s), seed 3680026389641885840
📄 .trainData-binary_116-sampler/manifest.json — sha256 1023563a3b43936026250cdb32fd0a281c53aaf4bfdccd71f5fbaa4ca1fd0c4a
2026-10-03T04:03:58.396Z [INFO] [Sampler] [pid-1568252] 🏭 sampler implementation=refinery elapsed_ms=76946 records_read=2287083 records_written=113835 output=.trainData-binary_116-sampler/sample-5.bin
2026-10-03T04:03:58.397Z [INFO] [Sampler] [pid-1568252] Total time taken: 1m 16s
[scan-creatures] scanned=20 quarantined=0 repaired=0 reordered=0 duration=1442ms
👥 Population size (sampler loop 2): 40
[heap-grant] stage=SamplerLearn | Heap: 3993 MB | Total RAM: 15 GB | Available: 14928 MB | Planning budget: 7680 MB | FFI/OS headroom: 1536 MB | Floor: 3072 MB | Cap: 24576 MB (default) | Clamp: 13392 MB (available)
2026-10-03T04:04:00.564Z [INFO] [from-json-hook] [pid-1568556] [from-json-hook] installed source=Learn
2026-10-03T04:04:00.565Z [INFO] [memoryProfile] [pid-1568556] [memory-profile] host=GRQ-12 totalMB=3993 profile=minimal popSize=5 activationCap=1
2026-10-03T04:04:01.142Z [INFO] [Learn] [pid-1568556] WASM activation initialised for main thread and workers
[neat-ai] running version 7.0.48
2026-10-03T04:04:01.511Z [INFO] [Learn] [pid-1568556] Bella Clark (Observations: 2,511, Neurons: 8,247, Synapses: 56,413 & Score: 0.433)
2026-10-03T04:04:01.796Z [INFO] [Learn] [pid-1568556] [seed] loaded file=GRQ-23-ockham.json score=0.43185442400469676
2026-10-03T04:04:02.060Z [INFO] [Learn] [pid-1568556] [seed] loaded file=5.json score=0.4326134707977361
2026-10-03T04:04:02.288Z [INFO] [Learn] [pid-1568556] [seed] loaded file=cluster.json score=0.4319549437831625
2026-10-03T04:04:02.544Z [INFO] [Learn] [pid-1568556] [seed] loaded file=sampler-1.json score=0.4326134707977361
2026-10-03T04:04:02.738Z [INFO] [Learn] [pid-1568556] [seed] loaded file=GRQ-19-1.json score=0.43195494005832763
2026-10-03T04:04:02.961Z [INFO] [Learn] [pid-1568556] [seed] loaded file=GRQ-18-ockham.json score=0.431862991270169
2026-10-03T04:04:03.201Z [INFO] [Learn] [pid-1568556] [seed] loaded file=GRQ-13-ockham.json score=0.43186312641103675
2026-10-03T04:04:03.482Z [INFO] [Learn] [pid-1568556] [seed] loaded file=4.json score=0.4326134707977361
2026-10-03T04:04:03.709Z [INFO] [Learn] [pid-1568556] [seed] loaded file=GRQ-13-lamarck.json score=0.4317221593994262
2026-10-03T04:04:03.942Z [INFO] [Learn] [pid-1568556] [seed] loaded file=GRQ-12-1.json score=0.4319461581900091
2026-10-03T04:04:04.176Z [INFO] [Learn] [pid-1568556] [seed] loaded file=sampler-3.json score=0.43689266846712416
2026-10-03T04:04:04.261Z [INFO] [Learn] [pid-1568556] [seed] loaded file=best.json score=0.40915305436761334
2026-10-03T04:04:04.509Z [INFO] [Learn] [pid-1568556] [seed] loaded file=GRQ-13-forests.json score=0.43200733728758683
2026-10-03T04:04:04.745Z [INFO] [Learn] [pid-1568556] [seed] loaded file=sampler-2.json score=0.43689266846712416
2026-10-03T04:04:04.966Z [INFO] [Learn] [pid-1568556] [seed] loaded file=GRQ-18-forests.json score=0.43187155306765596
2026-10-03T04:04:05.188Z [INFO] [Learn] [pid-1568556] [seed] loaded file=3.json score=0.4326134707977361
2026-10-03T04:04:05.429Z [INFO] [Learn] [pid-1568556] [seed] loaded file=2.json score=0.4326134707977361
2026-10-03T04:04:05.648Z [INFO] [Learn] [pid-1568556] [seed] loaded file=1.json score=0.4326134707977361
2026-10-03T04:04:05.831Z [INFO] [Learn] [pid-1568556] [seed] loaded file=sampler-4.json score=0.4291594741845562
2026-10-03T04:04:06.061Z [INFO] [Learn] [pid-1568556] [seed] loaded file=sampler-5.json score=0.4319461581900091
2026-10-03T04:04:06.118Z [INFO] [Learn] [pid-1568556] [seed] loaded=20 skipped=0 kept=20 dropped=0 populationSize=5 dir=.creatures (#4300)
2026-10-03T04:04:06.118Z [INFO] [Learn] [pid-1568556] [seed] best=sampler-3.json@0.43689266846712416 worst-kept=best.json@0.40915305436761334 best-dropped=none (#4300)
2026-10-03T04:04:06.132Z [INFO] [Learn] [pid-1568556] [learn] skipTrainingAfterConsecutiveRegressions=3
2026-10-03T04:04:06.132Z [INFO] [Learn] [pid-1568556] [learn] skipTrainingAfterPopulationRegressions=6
2026-10-03T04:04:06.132Z [INFO] [Learn] [pid-1568556] [learn] skipTrainingAfterPopulationNoProgress=0
2026-10-03T04:04:06.132Z [INFO] [Learn] [pid-1568556] [inline-discovery-memory] nativeBudgetBytes=11071269273
2026-10-03T04:04:06.132Z [INFO] [Learn] [pid-1568556] elitism 1, timeout 3, PopSize 5, cost MSE, SAMPLER
2026-10-03T04:04:06.133Z [INFO] [Learn] [pid-1568556] Initialized in 5s 569ms
[WasmWorkerInit] worker=worker-1 outcome=ok handshakeMs=240 cache=hit cacheDir=/home/nigel/.cache/neat-ai/wasm bundleBytes=1039872 bundleLoadMs=5 glueImportMs=20 instantiateMs=3 wasmTotalMs=27 workerError=none
[WasmWorkerInit] worker=worker-2 outcome=ok handshakeMs=255 cache=hit cacheDir=/home/nigel/.cache/neat-ai/wasm bundleBytes=1039872 bundleLoadMs=5 glueImportMs=20 instantiateMs=3 wasmTotalMs=27 workerError=none
[WasmWorkerInit] worker=worker-3 outcome=ok handshakeMs=249 cache=hit cacheDir=/home/nigel/.cache/neat-ai/wasm bundleBytes=1039872 bundleLoadMs=5 glueImportMs=20 instantiateMs=3 wasmTotalMs=27 workerError=none
[WasmWorkerInit] worker=worker-4 outcome=ok handshakeMs=261 cache=hit cacheDir=/home/nigel/.cache/neat-ai/wasm bundleBytes=1039872 bundleLoadMs=5 glueImportMs=20 instantiateMs=3 wasmTotalMs=27 workerError=none
[WasmWorkerInit] worker=worker-5 outcome=ok handshakeMs=249 cache=hit cacheDir=/home/nigel/.cache/neat-ai/wasm bundleBytes=1039872 bundleLoadMs=5 glueImportMs=20 instantiateMs=3 wasmTotalMs=27 workerError=none
[WasmWorkerInit] worker=worker-6 outcome=ok handshakeMs=268 cache=hit cacheDir=/home/nigel/.cache/neat-ai/wasm bundleBytes=1039872 bundleLoadMs=5 glueImportMs=20 instantiateMs=3 wasmTotalMs=27 workerError=none
[WasmWorkerInit] worker=worker-7 outcome=ok handshakeMs=248 cache=hit cacheDir=/home/nigel/.cache/neat-ai/wasm bundleBytes=1039872 bundleLoadMs=5 glueImportMs=20 instantiateMs=3 wasmTotalMs=27 workerError=none
[WasmWorkerInit] worker=worker-8 outcome=ok handshakeMs=249 cache=hit cacheDir=/home/nigel/.cache/neat-ai/wasm bundleBytes=1039872 bundleLoadMs=5 glueImportMs=20 instantiateMs=3 wasmTotalMs=27 workerError=none
[WasmWorkerInit] worker=worker-9 outcome=ok handshakeMs=248 cache=hit cacheDir=/home/nigel/.cache/neat-ai/wasm bundleBytes=1039872 bundleLoadMs=5 glueImportMs=20 instantiateMs=3 wasmTotalMs=27 workerError=none
[WasmWorkerInit] worker=worker-10 outcome=ok handshakeMs=257 cache=hit cacheDir=/home/nigel/.cache/neat-ai/wasm bundleBytes=1039872 bundleLoadMs=5 glueImportMs=20 instantiateMs=3 wasmTotalMs=27 workerError=none
[WasmWorkerInit] worker=worker-11 outcome=ok handshakeMs=253 cache=hit cacheDir=/home/nigel/.cache/neat-ai/wasm bundleBytes=1039872 bundleLoadMs=5 glueImportMs=20 instantiateMs=3 wasmTotalMs=27 workerError=none
[WasmWorkerInit] worker=worker-12 outcome=ok handshakeMs=251 cache=hit cacheDir=/home/nigel/.cache/neat-ai/wasm bundleBytes=1039872 bundleLoadMs=5 glueImportMs=20 instantiateMs=3 wasmTotalMs=27 workerError=none
[WasmWorkerInit] worker=worker-13 outcome=ok handshakeMs=247 cache=hit cacheDir=/home/nigel/.cache/neat-ai/wasm bundleBytes=1039872 bundleLoadMs=5 glueImportMs=20 instantiateMs=3 wasmTotalMs=27 workerError=none
[WasmWorkerInit] worker=worker-14 outcome=ok handshakeMs=248 cache=hit cacheDir=/home/nigel/.cache/neat-ai/wasm bundleBytes=1039872 bundleLoadMs=5 glueImportMs=20 instantiateMs=3 wasmTotalMs=27 workerError=none
DeDuplication of 6 creatures to 15 in 6ms (previous experiment 6ms)
[DynamicPool] 2 idle heavy worker(s) assisting fitness evaluation
[NEAT-AI] Batch scorer partition: 15 forwardOnly batched, 0 recurrent batched, 0 per-creature
CRISPR macd-bearish-v1 Score: 0.34537628903884204, Error: 0.5640171587810673 -> 0.654609622979732 regression -0.09059246419866473
Training 334dc064 scheduled
[DynamicPool] 1 idle heavy worker(s) assisting breeding
[MCMC] Temperature: 1.000000 → 1.000000
[PopulationBudget] Dropped 3 creature(s) to stay within the effective population size of 5 (elitists=3, trained=0, fineTuned=3, bred=1, dna=1)
[PreWarm] 1 new templates, 1 cached, 2 unique topologies (54ms)
[Timing] fitness=52463ms breeding=33ms breedingWorker=33ms mainThreadOverlap=1ms resultProcessing=1ms memoryEviction=1ms preWarm=54ms pipelineOverlap=75ms sort=0ms writeScores=25ms mutation=0ms deduplication=61ms speciation=20ms total=63529ms
[Utilisation] fitness=0%fast/0%heavy breeding=0%fast/50%heavy overall=0%
[Throughput] wall=63529ms nonFitness=11066ms gensPerHour=56.7 fast=busy0ms/idle762348ms/depth15/wait0ms heavy=busy0ms/idle127058ms/depth1/wait0ms scorer=129.1ms/scored15/batchScored15/perCreatureScored0/batchInvocations1/creaturesPerSec0.3 corruptParentSkips=0
[neat-ai] running version 7.0.48
[WasmWorkerInit] worker=worker-15 outcome=ok handshakeMs=353 cache=hit cacheDir=/home/nigel/.cache/neat-ai/wasm bundleBytes=1039872 bundleLoadMs=5 glueImportMs=20 instantiateMs=3 wasmTotalMs=27 workerError=none
[DynamicPool] 1 idle heavy worker(s) assisting fitness evaluation
[NEAT-AI] Batch scorer partition: 2 forwardOnly batched, 0 recurrent batched, 0 per-creature
[NEAT-AI] trainDir FFI libneat_ai_backpropagation loaded from /home/nigel/.cargo/lib/libneat_ai_backpropagation.so
[NEAT-AI] trainDir using FFI libneat_ai_backpropagation
[WasmWorkerInit] worker=worker-16 outcome=ok handshakeMs=336 cache=hit cacheDir=/home/nigel/.cache/neat-ai/wasm bundleBytes=1039872 bundleLoadMs=5 glueImportMs=20 instantiateMs=3 wasmTotalMs=27 workerError=none
[WasmWorkerInit] worker=worker-17 outcome=ok handshakeMs=531 cache=hit cacheDir=/home/nigel/.cache/neat-ai/wasm bundleBytes=1039872 bundleLoadMs=5 glueImportMs=20 instantiateMs=3 wasmTotalMs=27 workerError=none
[WasmWorkerInit] worker=worker-18 outcome=ok handshakeMs=461 cache=hit cacheDir=/home/nigel/.cache/neat-ai/wasm bundleBytes=1039872 bundleLoadMs=5 glueImportMs=20 instantiateMs=3 wasmTotalMs=27 workerError=none
[WasmWorkerInit] worker=worker-19 outcome=ok handshakeMs=499 cache=hit cacheDir=/home/nigel/.cache/neat-ai/wasm bundleBytes=1039872 bundleLoadMs=5 glueImportMs=20 instantiateMs=3 wasmTotalMs=27 workerError=none
[WasmWorkerInit] worker=worker-20 outcome=ok handshakeMs=495 cache=hit cacheDir=/home/nigel/.cache/neat-ai/wasm bundleBytes=1039872 bundleLoadMs=5 glueImportMs=20 instantiateMs=3 wasmTotalMs=27 workerError=none
[WasmWorkerInit] worker=worker-21 outcome=ok handshakeMs=561 cache=hit cacheDir=/home/nigel/.cache/neat-ai/wasm bundleBytes=1039872 bundleLoadMs=5 glueImportMs=20 instantiateMs=3 wasmTotalMs=27 workerError=none
[WasmWorkerInit] worker=worker-22 outcome=ok handshakeMs=515 cache=hit cacheDir=/home/nigel/.cache/neat-ai/wasm bundleBytes=1039872 bundleLoadMs=5 glueImportMs=20 instantiateMs=3 wasmTotalMs=27 workerError=none
[WasmWorkerInit] worker=worker-23 outcome=ok handshakeMs=479 cache=hit cacheDir=/home/nigel/.cache/neat-ai/wasm bundleBytes=1039872 bundleLoadMs=5 glueImportMs=20 instantiateMs=3 wasmTotalMs=27 workerError=none
[WasmWorkerInit] worker=worker-24 outcome=ok handshakeMs=456 cache=hit cacheDir=/home/nigel/.cache/neat-ai/wasm bundleBytes=1039872 bundleLoadMs=5 glueImportMs=20 instantiateMs=3 wasmTotalMs=27 workerError=none
[WasmWorkerInit] worker=worker-25 outcome=ok handshakeMs=534 cache=hit cacheDir=/home/nigel/.cache/neat-ai/wasm bundleBytes=1039872 bundleLoadMs=5 glueImportMs=20 instantiateMs=3 wasmTotalMs=27 workerError=none
[WasmWorkerInit] worker=worker-26 outcome=ok handshakeMs=519 cache=hit cacheDir=/home/nigel/.cache/neat-ai/wasm bundleBytes=1039872 bundleLoadMs=5 glueImportMs=20 instantiateMs=3 wasmTotalMs=27 workerError=none
[WasmWorkerInit] worker=worker-27 outcome=ok handshakeMs=596 cache=hit cacheDir=/home/nigel/.cache/neat-ai/wasm bundleBytes=1039872 bundleLoadMs=5 glueImportMs=20 instantiateMs=3 wasmTotalMs=27 workerError=none
[WasmWorkerInit] worker=worker-28 outcome=ok handshakeMs=516 cache=hit cacheDir=/home/nigel/.cache/neat-ai/wasm bundleBytes=1039872 bundleLoadMs=5 glueImportMs=20 instantiateMs=3 wasmTotalMs=27 workerError=none
[neat-ai] running version 7.0.48
CRISPR DJIA-Inclusion-v3 Score: 0.43604943653401523, Error: 0.5639364733948053 -> 0.5639364733948053 neutral
[DynamicPool] 1 idle heavy worker(s) assisting breeding
[MCMC] Gen: temp=0.9800, acceptance=100.0% (smoothed=50.0%), proposed=1, accepted=1, rejected=0
[PopulationBudget] Dropped 1 creature(s) to stay within the effective population size of 5 (elitists=1, trained=0, fineTuned=3, bred=1, dna=1)
[PreWarm] 3 new templates, 0 cached, 3 unique topologies (148ms)
[Timing] fitness=9303ms breeding=0ms breedingWorker=0ms mainThreadOverlap=0ms resultProcessing=0ms preWarm=148ms pipelineOverlap=151ms sort=0ms writeScores=4ms mutation=3675ms deduplication=149ms speciation=3ms total=26728ms
[Utilisation] fitness=0%fast/50%heavy breeding=0%fast/50%heavy overall=4%
[MutationOps] MOD_WEIGHT proposed=1 noChange=0 applied=1 reverted=0 evaluated=0 accepted=0 rejected=0 evalMs=0 depth[in=0 mid=0 out=0 ?=1] || resolved=0 multiOperator=0 discarded=0 evalMs=0 mcmc=1/1
[Throughput] wall=26728ms nonFitness=17425ms gensPerHour=134.7 fast=busy0ms/idle320736ms/depth2/wait0ms heavy=busy0ms/idle53456ms/depth1/wait0ms scorer=51.5ms/scored2/batchScored2/perCreatureScored0/batchInvocations1/creaturesPerSec0.2 corruptParentSkips=0
[DynamicPool] 1 idle heavy worker(s) assisting fitness evaluation
[NEAT-AI] Batch scorer partition: 3 forwardOnly batched, 0 recurrent batched, 0 per-creature
CRISPR Output TANH Mimic - Volume v1 Score: 0.43604943653401523, Error: 0.5639364733948053 -> 0.5639364733948053 neutral
[DynamicPool] 1 idle heavy worker(s) assisting breeding
[Neat] Discovery replay: no improvement found (evaluated: 0)
[MCMC] Temperature: 0.980000 → 0.980000
[PopulationBudget] Dropped 4 creature(s) to stay within the effective population size of 5 (elitists=1, trained=0, fineTuned=6, bred=1, dna=1)
[PreWarm] 3 new templates, 0 cached, 3 unique topologies (126ms)
[Timing] fitness=12087ms breeding=1ms breedingWorker=1ms mainThreadOverlap=1ms resultProcessing=0ms preWarm=126ms pipelineOverlap=130ms sort=0ms writeScores=5ms mutation=0ms deduplication=126ms speciation=4ms total=24387ms
[Utilisation] fitness=0%fast/50%heavy breeding=0%fast/50%heavy overall=4%
[Throughput] wall=24387ms nonFitness=12300ms gensPerHour=147.6 fast=busy0ms/idle292644ms/depth3/wait0ms heavy=busy0ms/idle48774ms/depth1/wait0ms scorer=45.5ms/scored3/batchScored3/perCreatureScored0/batchInvocations1/creaturesPerSec0.2 corruptParentSkips=0
[DynamicPool] 1 idle heavy worker(s) assisting fitness evaluation
[NEAT-AI] Batch scorer partition: 3 forwardOnly batched, 0 recurrent batched, 0 per-creature
CRISPR macd-bullish-v1 Score: 0.43604943653401523, Error: 0.5639364733948053 -> 0.5639364733948053 neutral
[DynamicPool] 1 idle heavy worker(s) assisting breeding
[MCMC] Temperature: 0.980000 → 1.000000
[PopulationBudget] Dropped 1 creature(s) to stay within the effective population size of 5 (elitists=1, trained=0, fineTuned=3, bred=1, dna=1)
[PreWarm] 3 new templates, 0 cached, 3 unique topologies (129ms)
[Timing] fitness=12041ms breeding=0ms breedingWorker=0ms mainThreadOverlap=0ms resultProcessing=0ms memoryEviction=1ms preWarm=129ms pipelineOverlap=133ms sort=0ms writeScores=5ms mutation=0ms deduplication=136ms speciation=4ms total=21444ms
[Utilisation] fitness=0%fast/50%heavy breeding=0%fast/50%heavy overall=4%
[Throughput] wall=21444ms nonFitness=9403ms gensPerHour=167.9 fast=busy0ms/idle257328ms/depth3/wait0ms heavy=busy0ms/idle42888ms/depth1/wait0ms scorer=29.0ms/scored3/batchScored3/perCreatureScored0/batchInvocations1/creaturesPerSec0.2 corruptParentSkips=0
[DynamicPool] 1 idle heavy worker(s) assisting fitness evaluation
[NEAT-AI] Batch scorer partition: 3 forwardOnly batched, 0 recurrent batched, 0 per-creature
CRISPR momentum-volume-bullish-v1 Score: 0.43604943653401523, Error: 0.5639364733948053 -> 0.5639364733948053 neutral
[DynamicPool] 1 idle heavy worker(s) assisting breeding
[MCMC] Temperature: 1.000000 → 1.000000
[PopulationBudget] Dropped 1 creature(s) to stay within the effective population size of 5 (elitists=1, trained=0, fineTuned=3, bred=1, dna=1)
[PreWarm] 2 new templates, 1 cached, 3 unique topologies (114ms)
[Timing] fitness=12082ms breeding=0ms breedingWorker=0ms mainThreadOverlap=0ms resultProcessing=0ms preWarm=114ms pipelineOverlap=116ms sort=0ms writeScores=3ms mutation=0ms deduplication=114ms speciation=2ms total=20824ms
[Utilisation] fitness=0%fast/50%heavy breeding=0%fast/50%heavy overall=4%
[Throughput] wall=20824ms nonFitness=8742ms gensPerHour=172.9 fast=busy0ms/idle249888ms/depth3/wait0ms heavy=busy0ms/idle41648ms/depth1/wait0ms scorer=27.6ms/scored3/batchScored3/perCreatureScored0/batchInvocations1/creaturesPerSec0.2 corruptParentSkips=0
[DynamicPool] 1 idle heavy worker(s) assisting fitness evaluation
[NEAT-AI] Batch scorer partition: 3 forwardOnly batched, 0 recurrent batched, 0 per-creature
CRISPR Insider-Bullish-60-v1 Score: 0.43604943653401523, Error: 0.5639364733948053 -> 0.5639364733948053 neutral
[DynamicPool] 1 idle heavy worker(s) assisting breeding
[MCMC] Gen: temp=0.9800, acceptance=100.0% (smoothed=33.3%), proposed=1, accepted=1, rejected=0
[PopulationBudget] Dropped 1 creature(s) to stay within the effective population size of 5 (elitists=1, trained=0, fineTuned=3, bred=1, dna=1)
[PreWarm] 3 new templates, 0 cached, 3 unique topologies (132ms)
[Timing] fitness=12009ms breeding=0ms breedingWorker=0ms mainThreadOverlap=0ms resultProcessing=0ms preWarm=132ms pipelineOverlap=134ms sort=0ms writeScores=3ms mutation=3425ms deduplication=133ms speciation=2ms total=25128ms
[Utilisation] fitness=0%fast/50%heavy breeding=0%fast/50%heavy overall=4%
[MutationOps] MOD_WEIGHT proposed=1 noChange=0 applied=1 reverted=0 evaluated=0 accepted=0 rejected=0 evalMs=0 depth[in=0 mid=0 out=0 ?=1] || resolved=0 multiOperator=0 discarded=0 evalMs=0 mcmc=1/1
[Throughput] wall=25128ms nonFitness=13119ms gensPerHour=143.3 fast=busy0ms/idle301536ms/depth3/wait0ms heavy=busy0ms/idle50256ms/depth1/wait0ms scorer=27.6ms/scored3/batchScored3/perCreatureScored0/batchInvocations1/creaturesPerSec0.2 corruptParentSkips=0
Generation 6 score 0.43604943653401523 (avg: -0.0916) error 0.5639364733948053 avg time 18s 348ms
Set training/discovery clean up count to 2
Avg time per generation: 31577ms, max wait: 9 generations in 5 minutes
Training timeout set to 1 generations (based on limiting factor)
[Neat] Wall-clock deadline passed; granting a bounded grace cycle for 1 in-flight training task(s) to return cooperatively before force-abandon
[Neat] Awaiting 1 in-flight task(s) (0 discovery, 1 training) with 30000ms timeout
[Neat] Training over-run: elapsed exceeded expected duration × 1 — stopping new generations and finishing with the evolved population
[Neat] Stuck-task watchdog abandoning 1 training task(s) past per-task deadline: 334dc064
Worker task 2 on worker-13 was cancelled after 160700ms without a response: training task 334dc064 passed its per-task deadline without returning a result (GRQ #4489)
[worker-13] quarantined — training task 334dc064 passed its per-task deadline without returning a result; it will not be given further work (GRQ #4489)
Waiting for training/discovery clean up 2
Waiting for training/discovery clean up 1
Training failed for creature 334dc064: WorkerTaskCancelledError: Worker task 2 on worker-13 was cancelled after 160700ms without a response: training task 334dc064 passed its per-task deadline without returning a result (GRQ #4489)
    at WorkerHandler.cancelTask (https://jsr.io/@stsoftware/neat-ai/7.0.48/src/workers/WorkerHandlerBase.ts:682:19)
    at Neat.cancelTrainingWork (https://jsr.io/@stsoftware/neat-ai/7.0.48/src/NEAT/Neat.ts:912:37)
    at Neat.abandonStuckTrainingTasks (https://jsr.io/@stsoftware/neat-ai/7.0.48/src/NEAT/Neat.ts:875:14)
    at Neat.finishUp (https://jsr.io/@stsoftware/neat-ai/7.0.48/src/NEAT/Neat.ts:712:10)
    at Module.evolveDir (https://jsr.io/@stsoftware/neat-ai/7.0.48/src/creature/CreatureTraining.ts:634:16)
    at async runLearn (file:///home/nigel/src/GRQ/src/Learn.ts:1036:14)
    at async file:///home/nigel/src/GRQ/src/Learn.ts:1161:3 {
  taskID: 2,
  workerID: 13,
  elapsedMs: 160700,
  reason: "training task 334dc064 passed its per-task deadline without returning a result"
}
[evolveDir] teardown complete: 14 worker(s) terminated, 0 detached; replay queue drained
[training-skip] summary skipped=0 populationSkipped=0 creatureSkipped=0 otherSkipped=0 improvements=0 regressions=0 noChange=0 neatSkipped=0 regressionRate=0 (#4713)
2026-10-03T04:07:46.009Z [INFO] [Learn] [pid-1568556] Evolution of 6 generations in 3m 40s, averaging 36s 645ms
2026-10-03T04:07:46.009Z [INFO] [Learn] [pid-1568556] [seed] loaded=20 skipped=0 kept=20 dropped=0 populationSize=5 dir=.creatures (#4300)
2026-10-03T04:07:46.009Z [INFO] [Learn] [pid-1568556] [seed] best=sampler-3.json@0.43689266846712416 worst-kept=best.json@0.40915305436761334 best-dropped=none (#4300)
2026-10-03T04:07:46.009Z [WARN] [Learn] [pid-1568556] model training over-run: elapsed 3m 39s vs expected 3m — stopping further generations; results committed (#4141)
2026-10-03T04:07:46.310Z [INFO] [saveValidatedCreatureExport] [pid-1568556] [forward-only] saved file=.network-sampler.json
[checkin-reserve] overrun: loop 2 Learn ran 3m47s against --timeout=3 min (overran 0m47s); sized with 152m49s left, launched with 141m17s left (11m32s consumed before launch) (#4872)
[result-metadata] stamped .result-sampler.json with samplerBuildTimeMs=76947
Loop 3 of 5
⏭️  Loop 3: remaining budget too small (~0 min < floor) — skipping this loop's evolution to preserve the final loop + check-in reserve (#2598)
From github.com:stSoftwareAU/GRQ-cluster
 * branch                main       -> FETCH_HEAD
   99adb793b..278264ac5  main       -> origin/main
Updating 99adb793b..278264ac5
Fast-forward
 performance.csv                         |  1 +
 statistics/GRQ-21/2026/10/03/03-53.json | 76 +++++++++++++++++++++++++++++++++
 2 files changed, 77 insertions(+)
 create mode 100644 statistics/GRQ-21/2026/10/03/03-53.json
ℹ️ [creature-artefact] ../GRQ-cluster/creature.json absent — reading legacy network.json (#4153 rollout window)
GIT-OP: [sampler-copyNetworks] git pull ok in 4s (attempt 1/3, timeout=600s)
From github.com:stSoftwareAU/GRQ-sampler
   4d85cd4..ff01b82  main       -> origin/main
Updating 4d85cd4..ff01b82
Fast-forward
 performance.csv             |   3 +
 samples/GRQ-10-1.json       |  10 +-
 samples/GRQ-18-1.json       |  24 +-
 samples/GRQ-18-lamarck.json | 655 ++++++++++++++++++++++++++++++++++++++------
 samples/GRQ-21-1.json       | 240 +++-------------
 samples/GRQ-25-1.json       |  84 +-----
 6 files changed, 655 insertions(+), 361 deletions(-)
[samples] pool shrunk to fit the run's soft budget scored=8 of considered=48 remaining=1044s share=20% secs_per_creature=74 — the rest are dropped at random this run, never by tag (#4671)
[samples] considered=8 dir=samples top=6 random=2 (#4300)
[samples] scoring pool=8 data=/home/nigel/src/GRQ/.trainData-binary_116 — ranking on locally measured scores, stored score tags are never used (#4375)
[samples] scoring deadline=3600s/scorer-pass pool=8 secs_per_creature=74 slack=3x floor=3600s (#4615)
2026-10-03T04:07:55.500Z [INFO] [batchRustScore] [pid-1569751] 🦀 Rust batch score: 8 creature(s) → /home/nigel/.cargo/bin/rust_scorer
2026-10-03T04:17:33.456Z [INFO] [ScoreSeedPool] [pid-1569751] measured 8 of 8 seed candidate(s) on /home/nigel/src/GRQ/.trainData-binary_116
[samples] scoring pass ok rc=0 elapsed=580s pool=8 secs_per_creature=73 (#4494/#4498)
[samples] scored measured=8 unmeasured=0 of considered=8 (#4375)
[samples] random-pool eligible=8 quarantined=0 best=0.4320191911410476 floor=0.3240143934 limit=25% ranked-taken=6 available=2 (#4299, #4677)
[samples] pick slot=top rank=1 score=0.4320191911410476 measured=local file=GRQ-22-forests.json (#4375)
[samples] pick slot=top rank=2 score=0.43201625872431515 measured=local file=GRQ-18-lamarck.json (#4375)
[samples] pick slot=top rank=3 score=0.4319549439859179 measured=local file=GRQ-10-1.json (#4375)
[samples] pick slot=top rank=4 score=0.43190140936484933 measured=local file=GRQ-25-ockham.json (#4375)
[samples] pick slot=top rank=5 score=0.43187116327826763 measured=local file=GRQ-19-forests.json (#4375)
[samples] pick slot=top rank=6 score=0.43185443963800485 measured=local file=GRQ-23-ockham.json (#4375)
[samples] pick slot=random rank=- score=0.42912649943094794 measured=local file=GRQ-25-backprop.json (#4375)
[samples] pick slot=random rank=- score=0.43156598430811643 measured=local file=GRQ-21-lamarck.json (#4375)
[samples] seeded slots=8 of 8 top=6 random=2 considered=8 (#4677)
ℹ️ [creature-artefact] ../GRQ-portfolio/best/creature.json absent — reading legacy network.json (#4153 rollout window)
[creatures] copyNetworks: 20 creature file(s) in /home/nigel/src/GRQ/.creatures (#4300)
[creatures] copyNetworks: 1.json 2.json 3.json 4.json 5.json GRQ-10-1.json GRQ-18-lamarck.json GRQ-19-forests.json GRQ-21-lamarck.json GRQ-22-forests.json GRQ-23-ockham.json GRQ-25-backprop.json GRQ-25-ockham.json best.json cluster.json sampler-1.json sampler-2.json sampler-3.json sampler-4.json sampler-5.json 
3) Sample rate: 0.46, timeout: 19, costName: MSE
sampler-preflight: phase=slice-0.46 free_gb=141.4 corpus_gb=21.4 required_gb=11.8 decision=ok
[heap-grant] stage=Sampler | Heap: 3993 MB | Total RAM: 15 GB | Available: 14716 MB | Planning budget: 7680 MB | FFI/OS headroom: 1536 MB | Floor: 3072 MB | Cap: 24576 MB (default) | Clamp: 13180 MB (available)
🏭 .trainData-binary_116-sampler/sample-46.bin — 1052516 of 2287083 records kept from 520 file(s), seed 9454919324143893813
📄 .trainData-binary_116-sampler/manifest.json — sha256 3c488a916e4f936bb8a3ca1ea12922e94588ddc5bda1df5cb2029d811fb4b85a
2026-10-03T04:20:39.261Z [INFO] [Sampler] [pid-1572098] 🏭 sampler implementation=refinery elapsed_ms=164213 records_read=2287083 records_written=1052516 output=.trainData-binary_116-sampler/sample-46.bin
2026-10-03T04:20:39.262Z [INFO] [Sampler] [pid-1572098] Total time taken: 2m 44s
[scan-creatures] scanned=20 quarantined=0 repaired=0 reordered=0 duration=1326ms
⏭️  Skipped src/Learn.ts evolution for loop 3 — remaining budget below the floor (#2596)
Loop 4 of 5
⏭️  Loop 4: less than the final-loop allocation (12 min) remains of the ~60-min loop target — skipping to protect the final 100% loop (#2645)
Loop 5 of 5
⏱️  Loop 5 (final, 100% eval): remaining budget below floor but this loop is mandatory — running with --timeout=3 min to preserve the comparable creature + single check-in (#2598)
⏱️  Loop 5 (final, 100% eval): raising --timeout 3 → 12 min (sacred final-loop allocation #2645)
From github.com:stSoftwareAU/GRQ-cluster
 * branch                main       -> FETCH_HEAD
   278264ac5..cbccf87aa  main       -> origin/main
Updating 278264ac5..cbccf87aa
Fast-forward
 performance.csv                         |  1 +
 statistics/GRQ-24/2026/10/03/04-10.json | 76 +++++++++++++++++++++++++++++++++
 2 files changed, 77 insertions(+)
 create mode 100644 statistics/GRQ-24/2026/10/03/04-10.json
ℹ️ [creature-artefact] ../GRQ-cluster/creature.json absent — reading legacy network.json (#4153 rollout window)
GIT-OP: [sampler-copyNetworks] git pull ok in 5s (attempt 1/3, timeout=600s)
From github.com:stSoftwareAU/GRQ-sampler
   ff01b82..ae10c61  main       -> origin/main
Updating ff01b82..ae10c61
Fast-forward
 performance.csv             |     2 +
 samples/Enceladus.json      | 17743 +++++++++++++++++++++---------------------
 samples/GRQ-21-forests.json |   298 +-
 samples/GRQ-24-1.json       |    10 +-
 samples/GRQ-25-1.json       |   114 +-
 5 files changed, 9196 insertions(+), 8971 deletions(-)
[samples] pool shrunk to fit the run's soft budget scored=8 of considered=48 remaining=268s share=20% secs_per_creature=73 — the rest are dropped at random this run, never by tag (#4671)
[samples] considered=8 dir=samples top=6 random=2 (#4300)
[samples] scoring pool=8 data=/home/nigel/src/GRQ/.trainData-binary_116 — ranking on locally measured scores, stored score tags are never used (#4375)
[samples] scoring deadline=3600s/scorer-pass pool=8 secs_per_creature=73 slack=3x floor=3600s (#4615)
2026-10-03T04:20:50.857Z [INFO] [batchRustScore] [pid-1572974] 🦀 Rust batch score: 8 creature(s) → /home/nigel/.cargo/bin/rust_scorer
2026-10-03T04:30:05.264Z [INFO] [ScoreSeedPool] [pid-1572974] measured 8 of 8 seed candidate(s) on /home/nigel/src/GRQ/.trainData-binary_116
[samples] scoring pass ok rc=0 elapsed=556s pool=8 secs_per_creature=70 (#4494/#4498)
[samples] scored measured=8 unmeasured=0 of considered=8 (#4375)
[samples] random-pool eligible=8 quarantined=0 best=0.43200956733811213 floor=0.3240071755 limit=25% ranked-taken=6 available=2 (#4299, #4677)
[samples] pick slot=top rank=1 score=0.43200956733811213 measured=local file=GRQ-21-forests.json (#4375)
[samples] pick slot=top rank=2 score=0.4319549391135597 measured=local file=GRQ-21-1.json (#4375)
[samples] pick slot=top rank=3 score=0.4319468725483126 measured=local file=GRQ-24-forests.json (#4375)
[samples] pick slot=top rank=4 score=0.4319468677771848 measured=local file=GRQ-11-1.json (#4375)
[samples] pick slot=top rank=5 score=0.4319461598661272 measured=local file=GRQ-3-1.json (#4375)
[samples] pick slot=top rank=6 score=0.4318631283108023 measured=local file=GRQ-13-ockham.json (#4375)
[samples] pick slot=random rank=- score=0.42912649943094794 measured=local file=GRQ-25-backprop.json (#4375)
[samples] pick slot=random rank=- score=0.3324431013724302 measured=local file=Enceladus-Terminal.json (#4375)
[samples] seeded slots=8 of 8 top=6 random=2 considered=8 (#4677)
[creatures] copyNetworks(short): 27 creature file(s) in /home/nigel/src/GRQ/.creatures (#4300)
[creatures] copyNetworks(short): 1.json 2.json 3.json 4.json 5.json Enceladus-Terminal.json GRQ-10-1.json GRQ-11-1.json GRQ-13-ockham.json GRQ-18-lamarck.json GRQ-19-forests.json GRQ-21-1.json GRQ-21-forests.json GRQ-21-lamarck.json GRQ-22-forests.json GRQ-23-ockham.json GRQ-24-forests.json GRQ-25-backprop.json GRQ-25-ockham.json GRQ-3-1.json best.json cluster.json sampler-1.json sampler-2.json sampler-3.json sampler-4.json sampler-5.json 
5) Sample rate: 1, timeout: 12, costName: MSE
sampler-preflight: phase=slice-1 free_gb=132.6 corpus_gb=21.4 required_gb=25.7 decision=ok
[heap-grant] stage=Sampler | Heap: 3993 MB | Total RAM: 15 GB | Available: 14582 MB | Planning budget: 7680 MB | FFI/OS headroom: 1536 MB | Floor: 3072 MB | Cap: 24576 MB (default) | Clamp: 13059 MB (available)
🏭 .trainData-binary_116-sampler/sample-100.bin — 2287083 of 2287083 records kept from 520 file(s), seed 16726568747044209763
📄 .trainData-binary_116-sampler/manifest.json — sha256 758c3bc96b868ed02bfaf2f5fd2bb2a19998a5a19bdaefe56ebe137ec5be3a1a
2026-10-03T04:35:28.114Z [INFO] [Sampler] [pid-1575401] 🏭 sampler implementation=refinery elapsed_ms=293724 records_read=2287083 records_written=2287083 output=.trainData-binary_116-sampler/sample-100.bin
2026-10-03T04:35:28.115Z [INFO] [Sampler] [pid-1575401] Total time taken: 4m 53s
[scan-creatures] scanned=27 quarantined=0 repaired=0 reordered=0 duration=2091ms
👥 Population size (sampler loop 5): 20
[heap-grant] stage=SamplerLearn | Heap: 3993 MB | Total RAM: 15 GB | Available: 14915 MB | Planning budget: 7680 MB | FFI/OS headroom: 1536 MB | Floor: 3072 MB | Cap: 24576 MB (default) | Clamp: 13379 MB (available)
2026-10-03T04:35:30.670Z [INFO] [from-json-hook] [pid-1576446] [from-json-hook] installed source=Learn
2026-10-03T04:35:30.671Z [INFO] [memoryProfile] [pid-1576446] [memory-profile] host=GRQ-12 totalMB=3993 profile=minimal popSize=5 activationCap=1
2026-10-03T04:35:31.124Z [INFO] [Learn] [pid-1576446] WASM activation initialised for main thread and workers
[neat-ai] running version 7.0.48
2026-10-03T04:35:31.501Z [INFO] [Learn] [pid-1576446] Bob Wilson (Observations: 2,511, Neurons: 8,251, Synapses: 56,428 & Score: 0.436)
2026-10-03T04:35:31.794Z [INFO] [Learn] [pid-1576446] [seed] loaded file=GRQ-21-forests.json score=0.4320095502337551
2026-10-03T04:35:32.033Z [INFO] [Learn] [pid-1576446] [seed] loaded file=GRQ-23-ockham.json score=0.43185442400469676
2026-10-03T04:35:32.283Z [INFO] [Learn] [pid-1576446] [seed] loaded file=GRQ-21-lamarck.json score=0.43156595306532197
2026-10-03T04:35:32.527Z [INFO] [Learn] [pid-1576446] [seed] loaded file=5.json score=0.43604943653401523
2026-10-03T04:35:32.726Z [INFO] [Learn] [pid-1576446] [seed] loaded file=cluster.json score=0.4319549437831625
2026-10-03T04:35:32.980Z [INFO] [Learn] [pid-1576446] [seed] loaded file=sampler-1.json score=0.4326134707977361
2026-10-03T04:35:33.217Z [INFO] [Learn] [pid-1576446] [seed] loaded file=GRQ-25-ockham.json score=0.43190141402162396
2026-10-03T04:35:33.506Z [INFO] [Learn] [pid-1576446] [seed] loaded file=GRQ-22-forests.json score=0.4320191910690818
2026-10-03T04:35:33.740Z [INFO] [Learn] [pid-1576446] [seed] loaded file=GRQ-25-backprop.json score=0.42913110013293976
2026-10-03T04:35:33.797Z [INFO] [Learn] [pid-1576446] [seed] loaded file=Enceladus-Terminal.json score=0.3324431014343175
2026-10-03T04:35:34.045Z [INFO] [Learn] [pid-1576446] [seed] loaded file=GRQ-13-ockham.json score=0.43186312641103675
2026-10-03T04:35:34.293Z [INFO] [Learn] [pid-1576446] [seed] loaded file=4.json score=0.43604943653401523
2026-10-03T04:35:34.545Z [INFO] [Learn] [pid-1576446] [seed] loaded file=GRQ-18-lamarck.json score=0.432016263391666
2026-10-03T04:35:34.780Z [INFO] [Learn] [pid-1576446] [seed] loaded file=GRQ-11-1.json score=0.4319468671310643
2026-10-03T04:35:34.989Z [INFO] [Learn] [pid-1576446] [seed] loaded file=GRQ-10-1.json score=0.4319549414396337
2026-10-03T04:35:35.220Z [INFO] [Learn] [pid-1576446] [seed] loaded file=sampler-3.json score=0.43604943653401523
2026-10-03T04:35:35.312Z [INFO] [Learn] [pid-1576446] [seed] loaded file=best.json score=0.40915305436761334
2026-10-03T04:35:35.600Z [INFO] [Learn] [pid-1576446] [seed] loaded file=GRQ-19-forests.json score=0.43187116805509956
2026-10-03T04:35:35.874Z [INFO] [Learn] [pid-1576446] [seed] loaded file=sampler-2.json score=0.43604943653401523
2026-10-03T04:35:36.098Z [INFO] [Learn] [pid-1576446] [seed] loaded file=3.json score=0.43604943653401523
2026-10-03T04:35:36.321Z [INFO] [Learn] [pid-1576446] [seed] loaded file=GRQ-3-1.json score=0.4319461557125081
2026-10-03T04:35:36.521Z [INFO] [Learn] [pid-1576446] [seed] loaded file=GRQ-21-1.json score=0.43195493912637156
2026-10-03T04:35:36.748Z [INFO] [Learn] [pid-1576446] [seed] loaded file=2.json score=0.43604943653401523
2026-10-03T04:35:36.957Z [INFO] [Learn] [pid-1576446] [seed] loaded file=1.json score=0.43604943653401523
2026-10-03T04:35:37.152Z [INFO] [Learn] [pid-1576446] [seed] loaded file=sampler-4.json score=0.4291594741845562
2026-10-03T04:35:37.405Z [INFO] [Learn] [pid-1576446] [seed] loaded file=GRQ-24-forests.json score=0.431946867797161
2026-10-03T04:35:37.640Z [INFO] [Learn] [pid-1576446] [seed] loaded file=sampler-5.json score=0.4319461581900091
2026-10-03T04:35:37.641Z [INFO] [Learn] [pid-1576446] [seed] loaded=27 skipped=0 kept=27 dropped=0 populationSize=5 dir=.creatures (#4300)
2026-10-03T04:35:37.641Z [INFO] [Learn] [pid-1576446] [seed] best=5.json@0.43604943653401523 worst-kept=Enceladus-Terminal.json@0.3324431014343175 best-dropped=none (#4300)
2026-10-03T04:35:37.643Z [INFO] [Learn] [pid-1576446] [learn] skipTrainingAfterConsecutiveRegressions=3
2026-10-03T04:35:37.643Z [INFO] [Learn] [pid-1576446] [learn] skipTrainingAfterPopulationRegressions=6
2026-10-03T04:35:37.643Z [INFO] [Learn] [pid-1576446] [learn] skipTrainingAfterPopulationNoProgress=0
2026-10-03T04:35:37.643Z [INFO] [Learn] [pid-1576446] [inline-discovery-memory] nativeBudgetBytes=11071269273
2026-10-03T04:35:37.644Z [INFO] [Learn] [pid-1576446] elitism 1, timeout 12, PopSize 5, cost MSE, SAMPLER
2026-10-03T04:35:37.644Z [INFO] [Learn] [pid-1576446] Initialized in 6s 974ms
[WasmWorkerInit] worker=worker-1 outcome=ok handshakeMs=250 cache=hit cacheDir=/home/nigel/.cache/neat-ai/wasm bundleBytes=1039872 bundleLoadMs=4 glueImportMs=20 instantiateMs=2 wasmTotalMs=27 workerError=none
[WasmWorkerInit] worker=worker-2 outcome=ok handshakeMs=249 cache=hit cacheDir=/home/nigel/.cache/neat-ai/wasm bundleBytes=1039872 bundleLoadMs=4 glueImportMs=20 instantiateMs=2 wasmTotalMs=27 workerError=none
[WasmWorkerInit] worker=worker-3 outcome=ok handshakeMs=261 cache=hit cacheDir=/home/nigel/.cache/neat-ai/wasm bundleBytes=1039872 bundleLoadMs=4 glueImportMs=20 instantiateMs=2 wasmTotalMs=27 workerError=none
[WasmWorkerInit] worker=worker-4 outcome=ok handshakeMs=247 cache=hit cacheDir=/home/nigel/.cache/neat-ai/wasm bundleBytes=1039872 bundleLoadMs=4 glueImportMs=20 instantiateMs=2 wasmTotalMs=27 workerError=none
[WasmWorkerInit] worker=worker-5 outcome=ok handshakeMs=248 cache=hit cacheDir=/home/nigel/.cache/neat-ai/wasm bundleBytes=1039872 bundleLoadMs=4 glueImportMs=20 instantiateMs=2 wasmTotalMs=27 workerError=none
[WasmWorkerInit] worker=worker-6 outcome=ok handshakeMs=251 cache=hit cacheDir=/home/nigel/.cache/neat-ai/wasm bundleBytes=1039872 bundleLoadMs=4 glueImportMs=20 instantiateMs=2 wasmTotalMs=27 workerError=none
[WasmWorkerInit] worker=worker-7 outcome=ok handshakeMs=247 cache=hit cacheDir=/home/nigel/.cache/neat-ai/wasm bundleBytes=1039872 bundleLoadMs=4 glueImportMs=20 instantiateMs=2 wasmTotalMs=27 workerError=none
[WasmWorkerInit] worker=worker-8 outcome=ok handshakeMs=248 cache=hit cacheDir=/home/nigel/.cache/neat-ai/wasm bundleBytes=1039872 bundleLoadMs=4 glueImportMs=20 instantiateMs=2 wasmTotalMs=27 workerError=none
[WasmWorkerInit] worker=worker-9 outcome=ok handshakeMs=249 cache=hit cacheDir=/home/nigel/.cache/neat-ai/wasm bundleBytes=1039872 bundleLoadMs=4 glueImportMs=20 instantiateMs=2 wasmTotalMs=27 workerError=none
[WasmWorkerInit] worker=worker-10 outcome=ok handshakeMs=250 cache=hit cacheDir=/home/nigel/.cache/neat-ai/wasm bundleBytes=1039872 bundleLoadMs=4 glueImportMs=20 instantiateMs=2 wasmTotalMs=27 workerError=none
[WasmWorkerInit] worker=worker-11 outcome=ok handshakeMs=254 cache=hit cacheDir=/home/nigel/.cache/neat-ai/wasm bundleBytes=1039872 bundleLoadMs=4 glueImportMs=20 instantiateMs=2 wasmTotalMs=27 workerError=none
[WasmWorkerInit] worker=worker-12 outcome=ok handshakeMs=251 cache=hit cacheDir=/home/nigel/.cache/neat-ai/wasm bundleBytes=1039872 bundleLoadMs=4 glueImportMs=20 instantiateMs=2 wasmTotalMs=27 workerError=none
[WasmWorkerInit] worker=worker-13 outcome=ok handshakeMs=251 cache=hit cacheDir=/home/nigel/.cache/neat-ai/wasm bundleBytes=1039872 bundleLoadMs=4 glueImportMs=20 instantiateMs=2 wasmTotalMs=27 workerError=none
[WasmWorkerInit] worker=worker-14 outcome=ok handshakeMs=252 cache=hit cacheDir=/home/nigel/.cache/neat-ai/wasm bundleBytes=1039872 bundleLoadMs=4 glueImportMs=20 instantiateMs=2 wasmTotalMs=27 workerError=none
DeDuplication of 7 creatures to 21 in 2ms (previous experiment 2ms)
[DynamicPool] 2 idle heavy worker(s) assisting fitness evaluation
[NEAT-AI] Batch scorer partition: 21 forwardOnly batched, 0 recurrent batched, 0 per-creature
CRISPR NASDAQ-100-Inclusion-v2 Score: 0.3381838204079107, Error: 0.5665836549578827 -> 0.660406702477865 regression -0.09382304751998238
[DynamicPool] 2 idle heavy worker(s) assisting breeding
[MCMC] Gen: temp=0.9751, acceptance=100.0% (smoothed=100.0%), proposed=1, accepted=1, rejected=0
[PopulationBudget] Dropped 2 creature(s) to stay within the effective population size of 5 (elitists=3, trained=0, fineTuned=3, bred=1, dna=0)
[PreWarm] 2 new templates, 1 cached, 3 unique topologies (85ms)
[Timing] fitness=1304004ms breeding=1ms breedingWorker=1ms mainThreadOverlap=1ms resultProcessing=0ms preWarm=85ms pipelineOverlap=110ms sort=0ms writeScores=29ms mutation=3079ms deduplication=85ms speciation=25ms total=1317822ms
[Utilisation] fitness=0%fast/0%heavy breeding=0%fast/0%heavy overall=0%
[MutationOps] MOD_BIAS proposed=1 noChange=0 applied=1 reverted=0 evaluated=0 accepted=0 rejected=0 evalMs=0 depth[in=0 mid=0 out=0 ?=1] || resolved=0 multiOperator=0 discarded=0 evalMs=0 mcmc=1/1
[Throughput] wall=1317822ms nonFitness=13818ms gensPerHour=2.7 fast=busy0ms/idle15813864ms/depth21/wait0ms heavy=busy0ms/idle2635644ms/depth0/wait0ms scorer=175.1ms/scored21/batchScored21/perCreatureScored0/batchInvocations1/creaturesPerSec0.0 corruptParentSkips=0
[WasmWorkerInit] worker=worker-15 outcome=ok handshakeMs=3426 cache=hit cacheDir=/home/nigel/.cache/neat-ai/wasm bundleBytes=1039872 bundleLoadMs=4 glueImportMs=20 instantiateMs=2 wasmTotalMs=27 workerError=none
Generation 1 score 0.43201919205323724 (avg: -0.2894) error 0.5665713518645376 time 21m 57s 831ms
[WasmWorkerInit] worker=worker-16 outcome=ok handshakeMs=273 cache=hit cacheDir=/home/nigel/.cache/neat-ai/wasm bundleBytes=1039872 bundleLoadMs=4 glueImportMs=20 instantiateMs=2 wasmTotalMs=27 workerError=none
[WasmWorkerInit] worker=worker-17 outcome=ok handshakeMs=315 cache=hit cacheDir=/home/nigel/.cache/neat-ai/wasm bundleBytes=1039872 bundleLoadMs=4 glueImportMs=20 instantiateMs=2 wasmTotalMs=27 workerError=none
[WasmWorkerInit] worker=worker-18 outcome=ok handshakeMs=240 cache=hit cacheDir=/home/nigel/.cache/neat-ai/wasm bundleBytes=1039872 bundleLoadMs=4 glueImportMs=20 instantiateMs=2 wasmTotalMs=27 workerError=none
[WasmWorkerInit] worker=worker-19 outcome=ok handshakeMs=238 cache=hit cacheDir=/home/nigel/.cache/neat-ai/wasm bundleBytes=1039872 bundleLoadMs=4 glueImportMs=20 instantiateMs=2 wasmTotalMs=27 workerError=none
[WasmWorkerInit] worker=worker-20 outcome=ok handshakeMs=233 cache=hit cacheDir=/home/nigel/.cache/neat-ai/wasm bundleBytes=1039872 bundleLoadMs=4 glueImportMs=20 instantiateMs=2 wasmTotalMs=27 workerError=none
[WasmWorkerInit] worker=worker-21 outcome=ok handshakeMs=236 cache=hit cacheDir=/home/nigel/.cache/neat-ai/wasm bundleBytes=1039872 bundleLoadMs=4 glueImportMs=20 instantiateMs=2 wasmTotalMs=27 workerError=none
[WasmWorkerInit] worker=worker-22 outcome=ok handshakeMs=233 cache=hit cacheDir=/home/nigel/.cache/neat-ai/wasm bundleBytes=1039872 bundleLoadMs=4 glueImportMs=20 instantiateMs=2 wasmTotalMs=27 workerError=none
[WasmWorkerInit] worker=worker-23 outcome=ok handshakeMs=230 cache=hit cacheDir=/home/nigel/.cache/neat-ai/wasm bundleBytes=1039872 bundleLoadMs=4 glueImportMs=20 instantiateMs=2 wasmTotalMs=27 workerError=none
[WasmWorkerInit] worker=worker-24 outcome=ok handshakeMs=234 cache=hit cacheDir=/home/nigel/.cache/neat-ai/wasm bundleBytes=1039872 bundleLoadMs=4 glueImportMs=20 instantiateMs=2 wasmTotalMs=27 workerError=none
[WasmWorkerInit] worker=worker-25 outcome=ok handshakeMs=231 cache=hit cacheDir=/home/nigel/.cache/neat-ai/wasm bundleBytes=1039872 bundleLoadMs=4 glueImportMs=20 instantiateMs=2 wasmTotalMs=27 workerError=none
[WasmWorkerInit] worker=worker-26 outcome=ok handshakeMs=234 cache=hit cacheDir=/home/nigel/.cache/neat-ai/wasm bundleBytes=1039872 bundleLoadMs=4 glueImportMs=20 instantiateMs=2 wasmTotalMs=27 workerError=none
[WasmWorkerInit] worker=worker-27 outcome=ok handshakeMs=298 cache=hit cacheDir=/home/nigel/.cache/neat-ai/wasm bundleBytes=1039872 bundleLoadMs=4 glueImportMs=20 instantiateMs=2 wasmTotalMs=27 workerError=none
[WasmWorkerInit] worker=worker-28 outcome=ok handshakeMs=385 cache=hit cacheDir=/home/nigel/.cache/neat-ai/wasm bundleBytes=1039872 bundleLoadMs=4 glueImportMs=20 instantiateMs=2 wasmTotalMs=27 workerError=none
[neat-ai] running version 7.0.48
[evolveDir] teardown complete: 14 worker(s) terminated, 0 detached; replay queue drained
[training-skip] summary skipped=0 populationSkipped=0 creatureSkipped=0 otherSkipped=0 improvements=0 regressions=0 noChange=0 neatSkipped=0 regressionRate=0 (#4713)
2026-10-03T04:59:41.306Z [INFO] [Learn] [pid-1576446] Evolution of 1 generation in 24m 4s, averaging 24m 3s 656ms
2026-10-03T04:59:41.306Z [INFO] [Learn] [pid-1576446] [seed] loaded=27 skipped=0 kept=27 dropped=0 populationSize=5 dir=.creatures (#4300)
2026-10-03T04:59:41.306Z [INFO] [Learn] [pid-1576446] [seed] best=5.json@0.43604943653401523 worst-kept=Enceladus-Terminal.json@0.3324431014343175 best-dropped=none (#4300)
2026-10-03T04:59:41.306Z [WARN] [Learn] [pid-1576446] model training over-run: elapsed 24m 3s vs expected 12m — stopping further generations; results committed (#4141)
2026-10-03T04:59:41.674Z [INFO] [saveValidatedCreatureExport] [pid-1576446] [forward-only] saved file=.network-sampler.json
[checkin-reserve] overrun: loop 5 Learn ran 24m11s against --timeout=12 min (overran 12m11s); sized with 124m36s left, launched with 109m46s left (14m50s consumed before launch) (#4872)
[result-metadata] stamped .result-sampler.json with samplerBuildTimeMs=293726
ℹ️ .trainData-binary_116: removal skipped — leased by pid 1553092 (in-use lock held by a live producer/consumer, #3518)
📊 sampler.sh run complete: 94 min, 4 loops
[14:59:44] 📊 Performance recorded: 1 generations in 1443656ms, 520 training files, 8254 neurons, 56442 synapses, score 0.43201919205323724, NEAT-AI 7.0.48, CPUs 12, load 6.57/7.99/7.83, RAM 15GB, available 14792MB, ext 116, mode sampler-mcmc, pop 5 (requested 20), sampleRate 1, sparseRatio 0.075, fitnessSampleRate 1, prep 7283ms, samplerBuild 293726ms
📊 Sampler stats row: GRQ-12
[main 7417474] 📊 Sampler stats row: GRQ-12
 1 file changed, 1 insertion(+)
🔄 [cluster] Push rejected (attempt 1/12) - fetching and rebasing
From github.com:stSoftwareAU/GRQ-sampler
   ae10c61..76874dd  main       -> origin/main
Rebasing (1/1)                                                                                Successfully rebased and updated refs/heads/main.
⏳ [cluster] Retrying push in 30s...
🔄 [cluster] Push rejected (attempt 2/12) - fetching and rebasing
From github.com:stSoftwareAU/GRQ-sampler
   76874dd..63a13a8  main       -> origin/main
Rebasing (1/1)                                                                                Successfully rebased and updated refs/heads/main.
⏳ [cluster] Retrying push in 8s...
GIT-OP: [sampler-stats] git push ok in 3s (attempt 1/3, timeout=600s)
To github.com:stSoftwareAU/GRQ-sampler.git
   63a13a8..5f3c6ce  main -> main
[15:00:38] 📦 checkin-sample.sh on host GRQ-12 (via sampler.sh)
⚠️ [neat-ai-version] no usable fleet release in /home/nigel/src/GRQ-teams/neat-ai.version — cannot compare this host's release 7.0.48; gate skipped (#4286)
GIT-OP: [checkin-sample] git pull ok in 3s (attempt 1/3, timeout=600s)
Already up to date.
[15:00:41] 🧭 check-in provenance: caller=sampler.sh host=GRQ-12 since-previous=183m 7s
[scoring-provenance] host=GRQ-12 path=confirm data=trainData-binary_116 data_sha=65f218b20159d74c02962ef5aaa7bc94d21148a28aa772e41d6144d0a48c2a12 scorer=native scorer_sha=93a73652206866c688d7be2c7c705b2502fc38698e474ba8b53b2841f44d7574 neat_ai=7.0.48 core_sha=unknown core_dirty=unknown scorer_src_sha=590bf8d7e999a29904f25778a0880eabb0f00e18 scorer_src_dirty=no
[neat-ai] running version 7.0.48
2026-10-03T05:01:44.995Z [INFO] [ConfirmScore] [pid-1581798] ✅ verified Score in 1m 2s 410ms
2026-10-03T05:01:44.995Z [INFO] [ConfirmScore] [pid-1581798] [scorer-summary] program=IntelligentDesign.ConfirmScore rust=1 wasm=0 worker-pool-size=0 peak-concurrent=1 elapsed=62s
[checkin-confirm] host=GRQ-12 creature=/home/nigel/src/GRQ/worker/../.creatures/1.json claimed=0.43201919205323724 confirmed=0.43201919205323724 delta=0 rel=0 budget=1800s bound=timeout (#4372)
🧬 [provenance-tags] checkin-confirm: 1.json scoreVerified=confirm:0.43201919205323724 (#4374)
[15:01:47] [checkin-stage] caller=sampler.sh host=GRQ-12 creature=/home/nigel/src/GRQ/worker/../.creatures/1.json score=0.43201919205323724 neurons=8254 synapses=56442 baseline=samples/GRQ-12-1.json previous=0.4319461581900091 (#4299)
[checkin-floor] accept baseline=samples/GRQ-12-1.json previous=0.4319461581900091 candidate=0.43201919205323724 max_drop=25% drop=-0.02% reason=within-floor (#4299)
[checkin-ceiling] accept baseline=samples/GRQ-12-1.json previous=0.4319461581900091 candidate=0.43201919205323724 max_gain=10% gain=0.02% reason=within-ceiling (#4373)
🧬 [provenance-tags] checkin-sample: GRQ-12-1.json stamped scorerSha=93a73652206866c688d7be2c7c705b2502fc38698e474ba8b53b2841f44d7574 dataSha=65f218b20159d74c02962ef5aaa7bc94d21148a28aa772e41d6144d0a48c2a12 neatAi=7.0.48 (#4374)
[15:01:51] ✅ Committing 🦠 GRQ-12 🎯, Score: 0.432019
[main d8cd8bd] 🦠 GRQ-12 🎯, Score: 0.432019, Neurons: 8,254 & Synapses: 56,442
 1 file changed, 257 insertions(+), 141 deletions(-)
GIT-OP: [checkin-sample] git push ok in 3s (attempt 1/3, timeout=600s)
To github.com:stSoftwareAU/GRQ-sampler.git
   5f3c6ce..d8cd8bd  main -> main
[training-outcomes] tasks=3 scheduled=3 completed=2 timedOut=0 abandoned=1 aborted=0 rejected=0 inFlight=0 maxConsecutiveTimeouts=0 maxConsecutiveRegressions=0 maxConsecutiveNoProgress=0 threshold=3 regressionThreshold=3 improved=1 regressed=0 noChange=0 unknownImprovement=2 skipped=0 populationSkipped=0 skipSource=event-summary populationGate=6
[training-outcomes] task=b9b57cc7 outcome=completed lastSampleError=unknown errorBefore=unknown errorAfter=unknown improvement=unknown delta=unknown reason=result-returned
[training-outcomes] task=83752152 outcome=completed lastSampleError=unknown errorBefore=0.5673794869614803 errorAfter=0.5795104449728475 improvement=improved delta=fine-tuned reason=fine-tune-recovered
[training-outcomes] task=334dc064 outcome=abandoned lastSampleError=unknown errorBefore=unknown errorAfter=unknown improvement=unknown delta=unknown reason=worker-cancelled
[training-outcomes] cancelled task=334dc064 worker=worker-13 heldMs=160700 quarantined=yes — the worker never returned a result, so the request was cancelled instead of left in flight (#4489)
[training-outcomes] WARNING abandoned=1 training task(s) hung and were force-abandoned after 1 watchdog event(s) — each returned NO result, so this is a failure, not a benign timeout; ids (×times abandoned): 334dc064×1. cancelled=1 of them were cancelled at the worker — see the cancelled lines above for the worker and elapsed ms (#4489). Creature snapshots for offline repro: see the [training-hang] lines (#4289)
[training-hang] abandoned=1 events=1 captured=1 atSchedule=1 captureDir=/home/nigel/logs/training-hangs (a force-abandoned task returned NO result — this is a failure, not a benign timeout) (#4289)
[training-hang] task=334dc064 abandonments=1 source=schedule-time creature=/home/nigel/logs/training-hangs/in-flight/training-task-334dc064.json captured=/home/nigel/logs/training-hangs/training-hang-334dc064.json memeticWeights=absent
[training-hang] atSchedule=1 of 1 is NOT judged a regression: GRQ_TRAINING_HANG_CAPTURE_MIN_NEAT_AI is unset, so no release is claimed to KEEP a hung task's schedule-time capture — the running @stsoftware/neat-ai 7.0.48 writes one at schedule time (NEAT-AI #4022) and removes it when the task settles, and GRQ #4489 settles an abandoned task by cancelling it, so /home/nigel/logs/training-hangs/in-flight is emptied for exactly the hung set. Set the floor to the release carrying NEAT-AI fix/grq-4794-capture-survives-cancellation and an empty capture turns the run red (GRQ #4802, #4794)
[scorer-engine-split] splits=0 firstReason=none
[stage-failure-health] failures=0 firstStage=none firstExitCode=0 firstHitLine=0
[diagnostics] dir=/home/nigel/src/GRQ/worker/../.diagnostics files=1 (#4283)
[diagnostics] file=sampler-run-summary.txt bytes=88 mtime=2026-10-03T04:59:43Z head="sampler.sh run complete: 94 min, 4 loops host=GRQ-12 timestamp=2026-10-03 14:59:43 AEST"
GIT-OP: [reset] git fetch ok in 2s (attempt 1/3, timeout=600s)
From github.com:stSoftwareAU/GRQ
   eea9b70eb..c29fee8e7  Develop    -> origin/Develop
   c3b6e0d7a..15f5a8e98  issue-5150-disk-live-corpus-tarball-8-2-gb-kept-alongside-the -> origin/issue-5150-disk-live-corpus-tarball-8-2-gb-kept-alongside-the
HEAD is now at c29fee8e7 Disk: feed repo .git grows unbounded despite blob:none — shareprices 11 GB for a 0.9 GB tree (Issue #5148) (#5152)
GIT-OP: [model_fetch GRQ-health] git fetch ok in 3s (attempt 1/6, timeout=none)
From github.com:stSoftwareAU/GRQ-health
   170d83b220..406fb157b4  Develop    -> origin/Develop
HEAD is now at 406fb157b4 Update repo health: Vibe Coder:GRQ-23
Branch 'Develop' set up to track remote branch 'Develop' from 'origin'.
Your branch is up to date with 'origin/Develop'.
📦 [feed-repo-size] repo=GRQ-health size-pack-kib=884213 head-tree-kib=unmeasured ratio=n/a threshold=3 promisor=false action=none
✅ GRQ-health synced with remote (validation skipped)
🩺 [health_sync] entry repo=/home/nigel/src/GRQ-health branch=Develop local_ahead=0 behind=0
🩺 [health_sync] decision path=noop
🩺 [health_sync] result status=ok
Updating health information...
Already up to date.
Updated health information for GRQ-12
