Push failed for GRQ-shareprices2026Q2; git push error (exit 128)
exit_code=1
host=GRQ-11.local
time=2026-10-09T00:50:27Z

--- no error summary (failure occurred before the fetcher, or none was written) ---

--- last 50 lines of /Volumes/DataGRQ/MarketData/logs/fetchShareprices.log ---
VNO pausing for 2 promises
SLVM pausing for 2 promises
HODL pausing for 2 promises
HVT pausing for 2 promises
SLVM reload required as adjusted close changed 2026-10-07: 31.78 -> 31.77
PTHRW pausing for 2 promises
OCC pausing for 2 promises
HVT reload required as adjusted close changed 2026-10-07: 27.45 -> 27.44
VFC pausing for 2 promises
CXII pausing for 2 promises
MMTXW pausing for 2 promises
FNV pausing for 2 promises
CXII reload required as adjusted close changed 2026-10-07: 10.58 -> 10.6501
GIWWW pausing for 2 promises
VG pausing for 2 promises
FNV reload required as adjusted close changed 2026-10-07: 237.94 -> 237.9
FUTU pausing for 2 promises
HDL pausing for 2 promises
VG reload required as adjusted close changed 2026-10-07: 13.045 -> 13.05
MLCIL pausing for 2 promises
[1mWaiting for 2 in-flight fetch(es) to finish...[22m
MLCIL reload required as adjusted close changed 2026-10-07: 22.2 -> 22.3

[33m⚠ 1 of 8528 symbols failed (first 20: RANG)[39m
[32m[1m✓ All 8528 share prices processed in 3h 35m[22m[39m
[32mSentinel OK: AAPL Last Refreshed 2026-10-08 (cutoff 2026-10-04)[39m
FetchShareprices.ts finished successfully
Checking stocks.csv...
Scanning for API error payloads in JSON files...
Checking AAPL freshness...
AAPL Last Refreshed 2026-10-08 (cutoff 2026-10-04) — OK
Pushing GRQ-shareprices2026Q2...
Committing changes in GRQ-shareprices2026Q2...
[Develop f0ef1c8659] Refresh of history on GRQ-11@2026-10-09
 7592 files changed, 208313 insertions(+), 107214 deletions(-)
 create mode 100644 data/B/BBCI.json
 create mode 100644 data/B/BBCIW.json
 create mode 100644 data/S/SPKLF.json
 create mode 100644 data/S/SPKUF.json
 create mode 100644 data/S/SPKWF.json
Pushing GRQ-shareprices2026Q2...
From github.com:stSoftwareAU/GRQ-shareprices2026Q2
 * branch                  Develop    -> FETCH_HEAD
Current branch Develop is up to date.
To github.com:stSoftwareAU/GRQ-shareprices2026Q2.git
   644829e9a5..f0ef1c8659  Develop -> Develop
Verified remote origin/Develop matches local HEAD (f0ef1c865955)
Push completed for GRQ-shareprices2026Q2
fatal: shallow file has changed since we read it
FATAL: Push failed for GRQ-shareprices2026Q2; git push error (exit 128)
