Push failed for GRQ-shareprices2026Q2; git push error (exit 1)
exit_code=1
host=GRQ-11.local
time=2026-09-06T05:00:40Z

--- no error summary (failure occurred before the fetcher, or none was written) ---

--- last 50 lines of /Volumes/DataGRQ/MarketData/logs/fetchShareprices.log ---
Error receiving STEN: Burst pattern detected. Please consider spreading out your API requests more evenly across a 1-minute window and query no more than 5 requests per second. Please contact support@alphavantage.co if you are targeting a higher API request volume.
STRZ pausing for 2 promises
CNP reload required as adjusted close changed 2026-09-04: 39.665 -> 39.67
PTNM pausing for 2 promises
Error receiving STRZ: Burst pattern detected. Please consider spreading out your API requests more evenly across a 1-minute window and query no more than 5 requests per second. Please contact support@alphavantage.co if you are targeting a higher API request volume.
Retrying... STRZ in 80528ms (1 of 13): Minute-level rate limit exceed. Please stay under the number of API requests per minute for your premium subscription plan. Please contact support@alphavantage.co if you are targeting a higher API request volume.

[35m[1m📈 Share Prices Progress[22m[39m
   Processed: [33m8525[39m of 8535 ([33m99.9%[39m)
   Elapsed: [33m7h 30m[39m
   [32mEstimated time remaining:[39m [1m[32m31s[39m[22m

ABLVW pausing for 2 promises
SABSW pausing for 2 promises
AB pausing for 2 promises
Error receiving SABSW: Burst pattern detected. Please consider spreading out your API requests more evenly across a 1-minute window and query no more than 5 requests per second. Please contact support@alphavantage.co if you are targeting a higher API request volume.
MZYX-U pausing for 2 promises
AB reload required as adjusted close changed 2026-09-04: 37.39 -> 37.35
WCAP pausing for 2 promises
HRYU pausing for 2 promises
DUKR pausing for 2 promises
SLND pausing for 2 promises
YICCW pausing for 2 promises
FLNC pausing for 2 promises
Error receiving YICCW: Burst pattern detected. Please consider spreading out your API requests more evenly across a 1-minute window and query no more than 5 requests per second. Please contact support@alphavantage.co if you are targeting a higher API request volume.
[1mWaiting for 2 in-flight fetch(es) to finish...[22m

[33m⚠ 1 of 8535 symbols failed (first 20: RANG)[39m
[32m[1m✓ All 8535 share prices processed in 7h 31m[22m[39m
[32mSentinel OK: AAPL Last Refreshed 2026-09-04 (cutoff 2026-09-01)[39m
FetchShareprices.ts finished successfully
Checking stocks.csv...
Scanning for API error payloads in JSON files...
Checking AAPL freshness...
AAPL Last Refreshed 2026-09-04 (cutoff 2026-09-01) — OK
Pushing GRQ-shareprices2026Q2...
Committing changes in GRQ-shareprices2026Q2...
[Develop e59edf912b] Refresh of history on GRQ-11@2026-09-06
 6650 files changed, 176125 insertions(+), 169443 deletions(-)
 create mode 100644 data/S/SGRX.json
 create mode 100644 data/X/XTND.json
Pushing GRQ-shareprices2026Q2...
From github.com:stSoftwareAU/GRQ-shareprices2026Q2
 * branch                  Develop    -> FETCH_HEAD
Current branch Develop is up to date.
Connection to github.com closed by remote host.
send-pack: unexpected disconnect while reading sideband packet
fatal: the remote end hung up unexpectedly
ERROR: 1 local commit(s) in GRQ-shareprices2026Q2 were not pushed to upstream
FATAL: Push failed for GRQ-shareprices2026Q2; git push error (exit 1)
