Push failed for GRQ-shareprices2026Q2; git push error (exit 128)
exit_code=1
host=GRQ-11.local
time=2026-08-23T02:31:54Z

--- no error summary (failure occurred before the fetcher, or none was written) ---

--- last 50 lines of /Volumes/DataGRQ/MarketData/logs/fetchShareprices.log ---
BDRX pausing for 2 promises
CMCT pausing for 2 promises
[1mWaiting for 2 in-flight fetch(es) to finish...[22m
Retrying... RANG in 55646ms (6 of 13): Invalid API call. Please retry or visit the documentation (https://www.alphavantage.co/documentation/) for TIME_SERIES_DAILY_ADJUSTED.
Retrying... RANG in 2303ms (7 of 13): Invalid API call. Please retry or visit the documentation (https://www.alphavantage.co/documentation/) for TIME_SERIES_DAILY_ADJUSTED.
[2m  still in flight: 1[22m
Retrying... RANG in 49830ms (8 of 13): Invalid API call. Please retry or visit the documentation (https://www.alphavantage.co/documentation/) for TIME_SERIES_DAILY_ADJUSTED.
Retrying... RANG in 8231ms (9 of 13): Invalid API call. Please retry or visit the documentation (https://www.alphavantage.co/documentation/) for TIME_SERIES_DAILY_ADJUSTED.
[2m  still in flight: 1[22m
Retrying... RANG in 16924ms (10 of 13): Invalid API call. Please retry or visit the documentation (https://www.alphavantage.co/documentation/) for TIME_SERIES_DAILY_ADJUSTED.
Retrying... RANG in 58197ms (11 of 13): Invalid API call. Please retry or visit the documentation (https://www.alphavantage.co/documentation/) for TIME_SERIES_DAILY_ADJUSTED.
[2m  still in flight: 1[22m
Retrying... RANG in 38069ms (12 of 13): Invalid API call. Please retry or visit the documentation (https://www.alphavantage.co/documentation/) for TIME_SERIES_DAILY_ADJUSTED.
Retrying... RANG in 519319ms (13 of 13): Invalid API call. Please retry or visit the documentation (https://www.alphavantage.co/documentation/) for TIME_SERIES_DAILY_ADJUSTED.
[2m  still in flight: 1[22m
[2m  still in flight: 1[22m
[2m  still in flight: 1[22m
[2m  still in flight: 1[22m
[2m  still in flight: 1[22m
[2m  still in flight: 1[22m
[2m  still in flight: 1[22m
[2m  still in flight: 1[22m
[2m  still in flight: 1[22m
Failed to retrieve Stock for: RANG: Invalid API call. Please retry or visit the documentation (https://www.alphavantage.co/documentation/) for TIME_SERIES_DAILY_ADJUSTED.

[33m⚠ 1 of 8537 symbols failed (first 20: RANG)[39m
[32m[1m✓ All 8537 share prices processed in 6h 14m[22m[39m
[32mSentinel OK: AAPL Last Refreshed 2026-08-21 (cutoff 2026-08-18)[39m
FetchShareprices.ts finished successfully
Checking stocks.csv...
Scanning for API error payloads in JSON files...
Checking AAPL freshness...
AAPL Last Refreshed 2026-08-21 (cutoff 2026-08-18) — OK
Pushing GRQ-shareprices2026Q2...
Committing changes in GRQ-shareprices2026Q2...
[Develop 5e69779409] Refresh of history on GRQ-11@2026-08-23
 5712 files changed, 107676 insertions(+), 102103 deletions(-)
 create mode 100644 data/E/EDVA.json
 create mode 100644 data/O/OSPR.json
 create mode 100644 data/O/OSPRW.json
Pushing GRQ-shareprices2026Q2...
From github.com:stSoftwareAU/GRQ-shareprices2026Q2
 * branch                  Develop    -> FETCH_HEAD
Current branch Develop is up to date.
To github.com:stSoftwareAU/GRQ-shareprices2026Q2.git
   0819588bbd..5e69779409  Develop -> Develop
Verified remote origin/Develop matches local HEAD (5e6977940981)
Push completed for GRQ-shareprices2026Q2
fatal: shallow file has changed since we read it
FATAL: Push failed for GRQ-shareprices2026Q2; git push error (exit 128)
