Push failed for GRQ-shareprices2026Q2; git push error (exit 128)
exit_code=1
host=GRQ-11.local
time=2026-09-24T02:47:25Z

--- no error summary (failure occurred before the fetcher, or none was written) ---

--- last 50 lines of /Volumes/DataGRQ/MarketData/logs/fetchShareprices.log ---
WMT pausing for 2 promises
AIAI pausing for 2 promises
PLCE pausing for 2 promises
Error receiving AIAI: Burst pattern detected. Please consider spreading out your API requests more evenly across a 1-minute window and query no more than 5 requests per second. Please contact support@alphavantage.co if you are targeting a higher API request volume.
KE pausing for 2 promises
TAC pausing for 2 promises
CRACR pausing for 2 promises
VTMX pausing for 2 promises
HWM pausing for 2 promises
CCRP pausing for 2 promises
RISE pausing for 2 promises
Error receiving CCRP: Burst pattern detected. Please consider spreading out your API requests more evenly across a 1-minute window and query no more than 5 requests per second. Please contact support@alphavantage.co if you are targeting a higher API request volume.
[1mWaiting for 2 in-flight fetch(es) to finish...[22m
Retrying... BRRWW in 71451ms (2 of 13): Minute-level rate limit exceed. Please stay under the number of API requests per minute for your premium subscription plan. Please contact support@alphavantage.co if you are targeting a higher API request volume.
[2m  still in flight: 1[22m

[33m⚠ 1 of 8523 symbols failed (first 20: RANG)[39m
[32m[1m✓ All 8523 share prices processed in 6h 31m[22m[39m
[32mSentinel OK: AAPL Last Refreshed 2026-09-23 (cutoff 2026-09-19)[39m
FetchShareprices.ts finished successfully
Checking stocks.csv...
Scanning for API error payloads in JSON files...
Checking AAPL freshness...
AAPL Last Refreshed 2026-09-23 (cutoff 2026-09-19) — OK
Pushing GRQ-shareprices2026Q2...
Committing changes in GRQ-shareprices2026Q2...
[Develop 64f52e4d4f] Refresh of history on GRQ-11@2026-09-24
 7732 files changed, 188439 insertions(+), 101810 deletions(-)
 create mode 100644 data/E/ESYN.json
 create mode 100644 data/G/GCPU.json
 create mode 100644 data/N/NWCL.json
 create mode 100644 data/N/NWCLW.json
 create mode 100644 data/S/SVIA.json
 create mode 100644 data/S/SVIAW.json
Pushing GRQ-shareprices2026Q2...
From github.com:stSoftwareAU/GRQ-shareprices2026Q2
 * branch                  Develop    -> FETCH_HEAD
Current branch Develop is up to date.
To github.com:stSoftwareAU/GRQ-shareprices2026Q2.git
   8531900554..64f52e4d4f  Develop -> Develop
Verified remote origin/Develop matches local HEAD (64f52e4d4f2b)
Push completed for GRQ-shareprices2026Q2
fatal: Unable to create '/Volumes/DataGRQ/MarketData/GRQ-shareprices2026Q2/.git/shallow.lock': File exists.

Another git process seems to be running in this repository, e.g.
an editor opened by 'git commit'. Please make sure all processes
are terminated then try again. If it still fails, a git process
may have crashed in this repository earlier:
remove the file manually to continue.
FATAL: Push failed for GRQ-shareprices2026Q2; git push error (exit 128)
