Push failed for GRQ-shareprices2026Q2; git push error (exit 128)
exit_code=1
host=GRQ-11.local
time=2026-10-06T23:33:17Z

--- no error summary (failure occurred before the fetcher, or none was written) ---

--- last 50 lines of /Volumes/DataGRQ/MarketData/logs/fetchShareprices.log ---
XBIT pausing for 2 promises
XHOA pausing for 2 promises
FGII pausing for 2 promises
UTAAU pausing for 2 promises
LPBBU pausing for 2 promises
BCE pausing for 2 promises
NVTS pausing for 2 promises
UCOP pausing for 2 promises
AP-WS pausing for 2 promises
BRVE pausing for 2 promises
UCOP reload required as adjusted close changed 2026-10-05: 41.65 -> 41.5447
RPGL pausing for 2 promises
CURB-W pausing for 2 promises
FAC pausing for 2 promises
RPGL reload required as adjusted close changed 2026-10-05: 34.01 -> 34.89
RMCF pausing for 2 promises
LEDRU pausing for 2 promises
DBVT pausing for 2 promises
[1mWaiting for 2 in-flight fetch(es) to finish...[22m

[33m⚠ 1 of 8520 symbols failed (first 20: RANG)[39m
[32m[1m✓ All 8520 share prices processed in 2h 5m[22m[39m
[32mSentinel OK: AAPL Last Refreshed 2026-10-06 (cutoff 2026-10-01)[39m
FetchShareprices.ts finished successfully
Checking stocks.csv...
Scanning for API error payloads in JSON files...
Checking AAPL freshness...
AAPL Last Refreshed 2026-10-06 (cutoff 2026-10-01) — OK
Pushing GRQ-shareprices2026Q2...
Committing changes in GRQ-shareprices2026Q2...
[Develop 3a3b715b52] Refresh of history on GRQ-11@2026-10-07
 7380 files changed, 174892 insertions(+), 100847 deletions(-)
 create mode 100644 data/B/BCAT-R.json
 create mode 100644 data/I/IPHX.json
 create mode 100644 data/I/IPHXW.json
 create mode 100644 data/M/MMEDV.json
 create mode 100644 data/R/RWAYM.json
 create mode 100644 data/T/TBCV.json
 create mode 100644 data/T/TBCVW.json
 create mode 100644 data/W/WQEY.json
Pushing GRQ-shareprices2026Q2...
From github.com:stSoftwareAU/GRQ-shareprices2026Q2
 * branch                  Develop    -> FETCH_HEAD
Current branch Develop is up to date.
To github.com:stSoftwareAU/GRQ-shareprices2026Q2.git
   03e18774cf..3a3b715b52  Develop -> Develop
Verified remote origin/Develop matches local HEAD (3a3b715b52fd)
Push completed for GRQ-shareprices2026Q2
fatal: shallow file has changed since we read it
FATAL: Push failed for GRQ-shareprices2026Q2; git push error (exit 128)
