Push failed for GRQ-shareprices2026Q2; git push error (exit 1)
exit_code=1
host=GRQ-11.local
time=2026-09-10T03:19:33Z

--- no error summary (failure occurred before the fetcher, or none was written) ---

--- last 50 lines of /Volumes/DataGRQ/MarketData/logs/fetchShareprices.log ---
TONT-WS pausing for 2 promises
AORT pausing for 2 promises
PNFP-P-B pausing for 2 promises
HTCR pausing for 2 promises
FNGS pausing for 2 promises
MSM pausing for 2 promises
ASPSZ pausing for 2 promises
AWK pausing for 2 promises
NATR pausing for 2 promises
VYLD pausing for 2 promises
ILLUU pausing for 2 promises
MACK pausing for 2 promises
XBIT pausing for 2 promises
BARK-WS pausing for 2 promises
JETU pausing for 2 promises
COF-P-I pausing for 2 promises
GIFT pausing for 2 promises
ATCX pausing for 2 promises
PRHIZ pausing for 2 promises
IBMW pausing for 2 promises
SHLT pausing for 2 promises
AKTX pausing for 2 promises
LEGO-U pausing for 2 promises
[1mWaiting for 2 in-flight fetch(es) to finish...[22m

[33m⚠ 1 of 8532 symbols failed (first 20: RANG)[39m
[32m[1m✓ All 8532 share prices processed in 6h 23m[22m[39m
[32mSentinel OK: AAPL Last Refreshed 2026-09-09 (cutoff 2026-09-05)[39m
FetchShareprices.ts finished successfully
Checking stocks.csv...
Scanning for API error payloads in JSON files...
Checking AAPL freshness...
AAPL Last Refreshed 2026-09-09 (cutoff 2026-09-05) — OK
Pushing GRQ-shareprices2026Q2...
Committing changes in GRQ-shareprices2026Q2...
[Develop 64db45908b] Refresh of history on GRQ-11@2026-09-10
 7723 files changed, 247841 insertions(+), 168954 deletions(-)
 create mode 100644 data/A/AMAC.json
 create mode 100644 data/A/AMACW.json
 create mode 100644 data/C/CHAD.json
 create mode 100644 data/N/NMCO-R-W.json
Pushing GRQ-shareprices2026Q2...
From github.com:stSoftwareAU/GRQ-shareprices2026Q2
 * branch                  Develop    -> FETCH_HEAD
Current branch Develop is up to date.
Connection to github.com closed by remote host.
send-pack: unexpected disconnect while reading sideband packet
fatal: the remote end hung up unexpectedly
ERROR: 1 local commit(s) in GRQ-shareprices2026Q2 were not pushed to upstream
FATAL: Push failed for GRQ-shareprices2026Q2; git push error (exit 1)
