Push failed for GRQ-shareprices2026Q2; git push error (exit 128)
exit_code=1
host=GRQ-11.local
time=2026-10-06T00:28:53Z

--- no error summary (failure occurred before the fetcher, or none was written) ---

--- last 50 lines of /Volumes/DataGRQ/MarketData/logs/fetchShareprices.log ---
OPY pausing for 2 promises
PEN pausing for 2 promises
TONX pausing for 2 promises
PCB pausing for 2 promises
GSL-P-B pausing for 2 promises
SHOTU pausing for 2 promises
CING pausing for 2 promises
ATOM pausing for 2 promises
APACU pausing for 2 promises
XV pausing for 2 promises
KDKRW pausing for 2 promises
TEN pausing for 2 promises
ONEG pausing for 2 promises
ODC pausing for 2 promises
ABTC pausing for 2 promises
UPC pausing for 2 promises
GVA pausing for 2 promises
MGKX pausing for 2 promises
KNTK pausing for 2 promises
INGM pausing for 2 promises
HAE pausing for 2 promises
SEDA-WS pausing for 2 promises
PLM-R-W pausing for 2 promises
REGN pausing for 2 promises
OUST pausing for 2 promises
FPS pausing for 2 promises
[1mWaiting for 2 in-flight fetch(es) to finish...[22m

[33m⚠ 2 of 8529 symbols failed (first 20: WALD, RANG)[39m
[32m[1m✓ All 8529 share prices processed in 3h 8m[22m[39m
[32mSentinel OK: AAPL Last Refreshed 2026-10-05 (cutoff 2026-10-01)[39m
FetchShareprices.ts finished successfully
Checking stocks.csv...
Scanning for API error payloads in JSON files...
Checking AAPL freshness...
AAPL Last Refreshed 2026-10-05 (cutoff 2026-10-01) — OK
Pushing GRQ-shareprices2026Q2...
Committing changes in GRQ-shareprices2026Q2...
[Develop 03e18774cf] Refresh of history on GRQ-11@2026-10-06
 7280 files changed, 143178 insertions(+), 71448 deletions(-)
Pushing GRQ-shareprices2026Q2...
From github.com:stSoftwareAU/GRQ-shareprices2026Q2
 * branch                  Develop    -> FETCH_HEAD
Current branch Develop is up to date.
To github.com:stSoftwareAU/GRQ-shareprices2026Q2.git
   f193d18f00..03e18774cf  Develop -> Develop
Verified remote origin/Develop matches local HEAD (03e18774cfc2)
Push completed for GRQ-shareprices2026Q2
fatal: unable to mark recent objects
FATAL: Push failed for GRQ-shareprices2026Q2; git push error (exit 128)
