Push failed for GRQ-shareprices2026Q2; git push error (exit 128)
exit_code=1
host=GRQ-11.local
time=2026-10-08T00:35:07Z

--- no error summary (failure occurred before the fetcher, or none was written) ---

--- last 50 lines of /Volumes/DataGRQ/MarketData/logs/fetchShareprices.log ---
INTU pausing for 2 promises
WSC pausing for 2 promises
CNOB pausing for 2 promises
FCX pausing for 2 promises
FNRN pausing for 2 promises
SUIL pausing for 2 promises
FCX reload required as adjusted close changed 2026-10-06: 72.57 -> 72.56
ASPC pausing for 2 promises
Retrying... FCX in 63534ms (1 of 13): Minute-level rate limit exceed. Please stay under the number of API requests per minute for your premium subscription plan. Please contact support@alphavantage.co if you are targeting a higher API request volume.
SUIL reload required as adjusted close changed 2026-10-06: 13.99 -> 13.9044

[35m[1m📈 Share Prices Progress[22m[39m
   Processed: [33m8521[39m of 8524 ([33m100.0%[39m)
   Elapsed: [33m3h 6m[39m
   [32mEstimated time remaining:[39m [1m[32m3s[39m[22m

NSSC pausing for 2 promises
SNDK pausing for 2 promises
Error receiving NSSC: Burst pattern detected. Please consider spreading out your API requests more evenly across a 1-minute window and query no more than 5 requests per second. Please contact support@alphavantage.co if you are targeting a higher API request volume.
Retrying... NSSC in 3608ms (1 of 13): Burst pattern detected. Please consider spreading out your API requests more evenly across a 1-minute window and query no more than 5 requests per second. Please contact support@alphavantage.co if you are targeting a higher API request volume.
TEN pausing for 2 promises
Error receiving SNDK: Burst pattern detected. Please consider spreading out your API requests more evenly across a 1-minute window and query no more than 5 requests per second. Please contact support@alphavantage.co if you are targeting a higher API request volume.
[1mWaiting for 2 in-flight fetch(es) to finish...[22m
TEN reload required as adjusted close changed 2026-10-06: 50.48 -> 50.47

[33m⚠ 1 of 8524 symbols failed (first 20: RANG)[39m
[32m[1m✓ All 8524 share prices processed in 3h 7m[22m[39m
[32mSentinel OK: AAPL Last Refreshed 2026-10-07 (cutoff 2026-10-03)[39m
FetchShareprices.ts finished successfully
Checking stocks.csv...
Scanning for API error payloads in JSON files...
Checking AAPL freshness...
AAPL Last Refreshed 2026-10-07 (cutoff 2026-10-03) — OK
Pushing GRQ-shareprices2026Q2...
Committing changes in GRQ-shareprices2026Q2...
[Develop 644829e9a5] Refresh of history on GRQ-11@2026-10-08
 7694 files changed, 222488 insertions(+), 138355 deletions(-)
 create mode 100644 data/P/PAXGU.json
 create mode 100644 data/S/SKYD.json
 create mode 100644 data/U/UWMC-R.json
Pushing GRQ-shareprices2026Q2...
From github.com:stSoftwareAU/GRQ-shareprices2026Q2
 * branch                  Develop    -> FETCH_HEAD
Current branch Develop is up to date.
To github.com:stSoftwareAU/GRQ-shareprices2026Q2.git
   3a3b715b52..644829e9a5  Develop -> Develop
Verified remote origin/Develop matches local HEAD (644829e9a52f)
Push completed for GRQ-shareprices2026Q2
fatal: shallow file has changed since we read it
FATAL: Push failed for GRQ-shareprices2026Q2; git push error (exit 128)
