================ Clean up START ================
Version 1.3.3
Disk usage:
Filesystem        Size  Used Avail Use% Mounted on
devtmpfs          4.0M     0  4.0M   0% /dev
tmpfs             7.7G     0  7.7G   0% /dev/shm
tmpfs             3.1G  448K  3.1G   1% /run
/dev/nvme0n1p1     40G  2.4G   38G   6% /
tmpfs             7.7G  4.0K  7.7G   1% /tmp
/dev/nvme0n1p128   10M  1.4M  8.7M  14% /boot/efi
/dev/nvme1n1      434G  102M  412G   1% /data
tmpfs             1.6G     0  1.6G   0% /run/user/1001
Uptime:  21:55:56 up 0 min,  0 users,  load average: 1.08, 0.32, 0.11
USER         PID    PPID COMMAND
GRQ        22761   22714 (sd-pam)
GRQ        22873   22500 /bin/bash /data/GRQ/run.sh --option=industry
GRQ        26613   22873 /bin/bash ./check_spot_termination.sh
GRQ        26614   22873 /bin/bash ./run.sh --run-once
GRQ        26618   26613 sleep 5
GRQ        26634   26614 /bin/bash worker/node.sh
GRQ        26643   26634 ps -U GRQ -o user,pid,ppid,command
Host: ip-10-0-38-67
IP: 10.0.38.67
Number of CPUs: 8
Available Memory: 15Gi
================ Clean up ENDED ================
Use local deno
PATH: /data/GRQ/.deno/bin:/usr/local/sbin:/usr/local/bin:/usr/sbin:/usr/bin:/sbin:/bin:/var/lib/snapd/snap/bin
deno 2.4.3 (stable, release, aarch64-unknown-linux-gnu)
v8 13.7.152.14-rusty
typescript 5.8.3
aws-cli/2.23.11 Python/3.9.21 Linux/6.1.130-139.222.amzn2023.aarch64 source/aarch64.amzn.2023
Upgrading Deno to version v2.4.3...
Current Deno version: v2.4.3
Version 2.4.3 is already installed
Option: industry
Starting Industry... Tue Aug  5 09:55:57 PM UTC 2025
Already up to date.
📦 Cloning GRQ-industryV2
Cloning into 'GRQ-industryV2'...
Fetching S3 checksum file from: s3://grq-trainingdata/trainData-industry_88/checksum.sha256
Checksum differs or not found locally. Downloading data file.
Decompressing S3 data file: ../../.cache/v2/trainData-industry_88/data.tgz
S3 data successfully fetched and decompressed
🧹 Removing: trainData-industry_*
📦 Cloning GRQ-portfolio
Cloning into 'GRQ-portfolio'...
Download https://jsr.io/@std/cli/meta.json
Download https://jsr.io/@std/fmt/meta.json
Download https://jsr.io/@std/fs/meta.json
Download https://jsr.io/@stsoftware/neat-ai/meta.json
Download https://jsr.io/@stsoftware/tags/meta.json
Download https://jsr.io/@std/assert/meta.json
Download https://jsr.io/@std/datetime/meta.json
Download https://jsr.io/@std/csv/meta.json
Download https://jsr.io/@std/cli/1.0.21_meta.json
Download https://jsr.io/@std/fmt/1.0.8_meta.json
Download https://jsr.io/@std/fs/1.0.19_meta.json
Download https://jsr.io/@stsoftware/neat-ai/0.181.0_meta.json
Download https://jsr.io/@stsoftware/tags/1.0.13_meta.json
Download https://jsr.io/@std/assert/1.0.13_meta.json
Download https://jsr.io/@std/datetime/0.225.5_meta.json
Download https://jsr.io/@std/csv/1.0.6_meta.json
Download https://jsr.io/@std/cli/1.0.21/_data.json
Download https://jsr.io/@std/path/meta.json
Download https://jsr.io/@std/internal/meta.json
Download https://jsr.io/@std/streams/meta.json
Download https://jsr.io/@std/bytes/meta.json
Download https://jsr.io/@std/crypto/meta.json
Download https://jsr.io/@std/path/1.1.1_meta.json
Download https://jsr.io/@std/internal/1.0.10_meta.json
Download https://jsr.io/@std/streams/1.0.10_meta.json
Download https://jsr.io/@std/bytes/1.0.6_meta.json
Download https://jsr.io/@std/crypto/1.0.5_meta.json
Download https://jsr.io/@std/cli/1.0.21/mod.ts
Download https://jsr.io/@std/fmt/1.0.8/colors.ts
Download https://jsr.io/@std/fs/1.0.19/mod.ts
Download https://jsr.io/@stsoftware/neat-ai/0.181.0/mod.ts
Download https://jsr.io/@stsoftware/tags/1.0.13/mod.ts
Download https://jsr.io/@std/assert/1.0.13/assert.ts
Download https://jsr.io/@std/datetime/0.225.5/mod.ts
Download https://jsr.io/@std/assert/1.0.13/mod.ts
Download https://jsr.io/@std/csv/1.0.6/mod.ts
Download https://jsr.io/@std/datetime/0.225.5/constants.ts
Download https://jsr.io/@std/fmt/1.0.8/duration.ts
Download https://jsr.io/@std/cli/1.0.21/parse_args.ts
Download https://jsr.io/@std/cli/1.0.21/prompt_secret.ts
Download https://jsr.io/@std/cli/1.0.21/unicode_width.ts
Download https://jsr.io/@std/fs/1.0.19/empty_dir.ts
Download https://jsr.io/@std/fs/1.0.19/ensure_dir.ts
Download https://jsr.io/@std/fs/1.0.19/ensure_file.ts
Download https://jsr.io/@std/fs/1.0.19/ensure_link.ts
Download https://jsr.io/@std/fs/1.0.19/ensure_symlink.ts
Download https://jsr.io/@std/fs/1.0.19/exists.ts
Download https://jsr.io/@std/fs/1.0.19/expand_glob.ts
Download https://jsr.io/@std/fs/1.0.19/move.ts
Download https://jsr.io/@std/fs/1.0.19/copy.ts
Download https://jsr.io/@std/fs/1.0.19/walk.ts
Download https://jsr.io/@std/fs/1.0.19/eol.ts
Download https://jsr.io/@stsoftware/neat-ai/0.181.0/src/Creature.ts
Download https://jsr.io/@stsoftware/neat-ai/0.181.0/src/architecture/CreatureUtils.ts
Download https://jsr.io/@stsoftware/neat-ai/0.181.0/src/methods/Selection.ts
Download https://jsr.io/@stsoftware/neat-ai/0.181.0/src/NEAT/Mutation.ts
Download https://jsr.io/@stsoftware/neat-ai/0.181.0/src/reconstruct/CRISPR.ts
Download https://jsr.io/@stsoftware/neat-ai/0.181.0/src/reconstruct/Upgrade.ts
Download https://jsr.io/@stsoftware/neat-ai/0.181.0/src/reconstruct/ConnectMissing.ts
Download https://jsr.io/@stsoftware/neat-ai/0.181.0/src/architecture/NeuronInterfaces.ts
Download https://jsr.io/@stsoftware/neat-ai/0.181.0/src/architecture/SynapseInterfaces.ts
Download https://jsr.io/@stsoftware/neat-ai/0.181.0/src/upgrade/UpgradeTwo.ts
Download https://jsr.io/@stsoftware/tags/1.0.13/src/TagAndRelease.ts
Download https://jsr.io/@stsoftware/tags/1.0.13/src/TagsInterface.ts
Download https://jsr.io/@std/assert/1.0.13/assertion_error.ts
Download https://jsr.io/@std/datetime/0.225.5/day_of_year.ts
Download https://jsr.io/@std/datetime/0.225.5/difference.ts
Download https://jsr.io/@std/datetime/0.225.5/format.ts
Download https://jsr.io/@std/datetime/0.225.5/is_leap.ts
Download https://jsr.io/@std/datetime/0.225.5/parse.ts
Download https://jsr.io/@std/datetime/0.225.5/week_of_year.ts
Download https://jsr.io/@std/assert/1.0.13/almost_equals.ts
Download https://jsr.io/@std/assert/1.0.13/array_includes.ts
Download https://jsr.io/@std/assert/1.0.13/equals.ts
Download https://jsr.io/@std/assert/1.0.13/exists.ts
Download https://jsr.io/@std/assert/1.0.13/false.ts
Download https://jsr.io/@std/assert/1.0.13/greater_or_equal.ts
Download https://jsr.io/@std/assert/1.0.13/greater.ts
Download https://jsr.io/@std/assert/1.0.13/instance_of.ts
Download https://jsr.io/@std/assert/1.0.13/is_error.ts
Download https://jsr.io/@std/assert/1.0.13/less_or_equal.ts
Download https://jsr.io/@std/assert/1.0.13/less.ts
Download https://jsr.io/@std/assert/1.0.13/match.ts
Download https://jsr.io/@std/assert/1.0.13/not_equals.ts
Download https://jsr.io/@std/assert/1.0.13/not_instance_of.ts
Download https://jsr.io/@std/assert/1.0.13/not_match.ts
Download https://jsr.io/@std/assert/1.0.13/not_strict_equals.ts
Download https://jsr.io/@std/assert/1.0.13/object_match.ts
Download https://jsr.io/@std/assert/1.0.13/rejects.ts
Download https://jsr.io/@std/assert/1.0.13/strict_equals.ts
Download https://jsr.io/@std/assert/1.0.13/string_includes.ts
Download https://jsr.io/@std/assert/1.0.13/throws.ts
Download https://jsr.io/@std/assert/1.0.13/equal.ts
Download https://jsr.io/@std/assert/1.0.13/fail.ts
Download https://jsr.io/@std/assert/1.0.13/unimplemented.ts
Download https://jsr.io/@std/assert/1.0.13/unreachable.ts
Download https://jsr.io/@std/csv/1.0.6/parse.ts
Download https://jsr.io/@std/csv/1.0.6/parse_stream.ts
Download https://jsr.io/@std/csv/1.0.6/stringify.ts
Download https://jsr.io/@std/csv/1.0.6/stringify_stream.ts
Download https://jsr.io/@std/cli/1.0.21/_run_length.ts
Download https://jsr.io/@std/fs/1.0.19/_to_path_string.ts
Download https://jsr.io/@std/fs/1.0.19/_get_file_info_type.ts
Download https://jsr.io/@std/fs/1.0.19/_create_walk_entry.ts
Download https://jsr.io/@std/fs/1.0.19/_is_subdir.ts
Download https://jsr.io/@std/fs/1.0.19/_is_same_path.ts
Download https://jsr.io/@stsoftware/neat-ai/0.181.0/src/architecture/CreatureState.ts
Download https://jsr.io/@stsoftware/neat-ai/0.181.0/src/architecture/CreatureValidate.ts
Download https://jsr.io/@stsoftware/neat-ai/0.181.0/src/architecture/DataSet.ts
Download https://jsr.io/@stsoftware/neat-ai/0.181.0/src/architecture/Neuron.ts
Download https://jsr.io/@stsoftware/neat-ai/0.181.0/src/architecture/Score.ts
Download https://jsr.io/@stsoftware/neat-ai/0.181.0/src/architecture/Synapse.ts
Download https://jsr.io/@stsoftware/neat-ai/0.181.0/src/architecture/Training.ts
Download https://jsr.io/@stsoftware/neat-ai/0.181.0/src/compact/CompactCreature.ts
Download https://jsr.io/@stsoftware/neat-ai/0.181.0/src/compact/CompactUtils.ts
Download https://jsr.io/@stsoftware/neat-ai/0.181.0/src/config/NeatConfig.ts
Download https://jsr.io/@stsoftware/neat-ai/0.181.0/src/Costs.ts
Download https://jsr.io/@stsoftware/neat-ai/0.181.0/src/methods/activations/Activations.ts
Download https://jsr.io/@stsoftware/neat-ai/0.181.0/src/multithreading/workers/WorkerHandler.ts
Download https://jsr.io/@stsoftware/neat-ai/0.181.0/src/NEAT/Neat.ts
Download https://jsr.io/@stsoftware/neat-ai/0.181.0/src/optimize/MakeCreatureActivationFunction.ts
Download https://jsr.io/@stsoftware/neat-ai/0.181.0/src/propagate/BackPropagation.ts
Download https://jsr.io/@stsoftware/neat-ai/0.181.0/src/propagate/sparse/SparseConfig.ts
Download https://jsr.io/@stsoftware/neat-ai/0.181.0/src/upgrade/UpgradeOne.ts
Download https://jsr.io/@stsoftware/neat-ai/0.181.0/src/utils/CreatureExportBuilder.ts
Download https://jsr.io/@stsoftware/neat-ai/0.181.0/src/architecture/SyncV5.ts
Download https://jsr.io/@stsoftware/neat-ai/0.181.0/src/mutate/AddConnection.ts
Download https://jsr.io/@stsoftware/neat-ai/0.181.0/src/methods/activations/types/IDENTITY.ts
Download https://jsr.io/@stsoftware/neat-ai/0.181.0/src/methods/activations/types/SQRT.ts
Download https://jsr.io/@stsoftware/neat-ai/0.181.0/src/methods/activations/types/SQUARE.ts
Download https://jsr.io/@std/datetime/0.225.5/_date_time_formatter.ts
Download https://jsr.io/@std/csv/1.0.6/_io.ts
Download https://jsr.io/@std/csv/1.0.6/_shared.ts
Download https://jsr.io/@stsoftware/neat-ai/0.181.0/src/propagate/SynapseState.ts
Download https://jsr.io/@stsoftware/neat-ai/0.181.0/src/errors/ValidationError.ts
Download https://jsr.io/@stsoftware/neat-ai/0.181.0/src/optimize/FunctionCache.ts
Download https://jsr.io/@stsoftware/neat-ai/0.181.0/src/propagate/Bias.ts
Download https://jsr.io/@stsoftware/neat-ai/0.181.0/src/propagate/Weight.ts
Download https://jsr.io/@stsoftware/neat-ai/0.181.0/src/architecture/NoChangePropagate.ts
Download https://jsr.io/@stsoftware/neat-ai/0.181.0/src/upgrade/Upgrade.ts
Download https://jsr.io/@stsoftware/neat-ai/0.181.0/src/compact/CompactUnused.ts
Download https://jsr.io/@stsoftware/neat-ai/0.181.0/src/methods/activations/types/LOGISTIC.ts
Download https://jsr.io/@stsoftware/neat-ai/0.181.0/src/costs/CrossEntropy.ts
Download https://jsr.io/@stsoftware/neat-ai/0.181.0/src/costs/HINGE.ts
Download https://jsr.io/@stsoftware/neat-ai/0.181.0/src/costs/MAE.ts
Download https://jsr.io/@stsoftware/neat-ai/0.181.0/src/costs/MAPE.ts
Download https://jsr.io/@stsoftware/neat-ai/0.181.0/src/costs/MSE.ts
Download https://jsr.io/@stsoftware/neat-ai/0.181.0/src/costs/MSLE.ts
Download https://jsr.io/@stsoftware/neat-ai/0.181.0/src/deprecated/MEAN.ts
Download https://jsr.io/@stsoftware/neat-ai/0.181.0/src/deprecated/HYPOT.ts
Download https://jsr.io/@stsoftware/neat-ai/0.181.0/src/deprecated/HYPOTv2.ts
Download https://jsr.io/@stsoftware/neat-ai/0.181.0/src/methods/activations/aggregate/IF.ts
Download https://jsr.io/@stsoftware/neat-ai/0.181.0/src/methods/activations/aggregate/MAXIMUM.ts
Download https://jsr.io/@stsoftware/neat-ai/0.181.0/src/methods/activations/aggregate/MINIMUM.ts
Download https://jsr.io/@stsoftware/neat-ai/0.181.0/src/methods/activations/types/ABSOLUTE.ts
Download https://jsr.io/@stsoftware/neat-ai/0.181.0/src/methods/activations/types/ArcTan.ts
Download https://jsr.io/@stsoftware/neat-ai/0.181.0/src/methods/activations/types/BENT_IDENTITY.ts
Download https://jsr.io/@stsoftware/neat-ai/0.181.0/src/methods/activations/types/BIPOLAR.ts
Download https://jsr.io/@stsoftware/neat-ai/0.181.0/src/methods/activations/types/BIPOLAR_SIGMOID.ts
Download https://jsr.io/@stsoftware/neat-ai/0.181.0/src/methods/activations/types/COMPLEMENT.ts
Download https://jsr.io/@stsoftware/neat-ai/0.181.0/src/methods/activations/types/Cosine.ts
Download https://jsr.io/@stsoftware/neat-ai/0.181.0/src/methods/activations/types/Cube.ts
Download https://jsr.io/@stsoftware/neat-ai/0.181.0/src/methods/activations/types/ELU.ts
Download https://jsr.io/@stsoftware/neat-ai/0.181.0/src/methods/activations/types/Exponential.ts
Download https://jsr.io/@stsoftware/neat-ai/0.181.0/src/methods/activations/types/GAUSSIAN.ts
Download https://jsr.io/@stsoftware/neat-ai/0.181.0/src/methods/activations/types/GELU.ts
Download https://jsr.io/@stsoftware/neat-ai/0.181.0/src/methods/activations/types/HARD_TANH.ts
Download https://jsr.io/@stsoftware/neat-ai/0.181.0/src/methods/activations/types/ISRU.ts
Download https://jsr.io/@stsoftware/neat-ai/0.181.0/src/methods/activations/types/LeakyReLU.ts
Download https://jsr.io/@stsoftware/neat-ai/0.181.0/src/methods/activations/types/LogSigmoid.ts
Download https://jsr.io/@stsoftware/neat-ai/0.181.0/src/methods/activations/types/Mish.ts
Download https://jsr.io/@stsoftware/neat-ai/0.181.0/src/methods/activations/types/ReLU.ts
Download https://jsr.io/@stsoftware/neat-ai/0.181.0/src/methods/activations/types/ReLU6.ts
Download https://jsr.io/@stsoftware/neat-ai/0.181.0/src/methods/activations/types/SELU.ts
Download https://jsr.io/@stsoftware/neat-ai/0.181.0/src/methods/activations/types/SINE.ts
Download https://jsr.io/@stsoftware/neat-ai/0.181.0/src/methods/activations/types/SOFTSIGN.ts
Download https://jsr.io/@stsoftware/neat-ai/0.181.0/src/methods/activations/types/STEP.ts
Download https://jsr.io/@stsoftware/neat-ai/0.181.0/src/methods/activations/types/Softplus.ts
Download https://jsr.io/@stsoftware/neat-ai/0.181.0/src/methods/activations/types/StdInverse.ts
Download https://jsr.io/@stsoftware/neat-ai/0.181.0/src/methods/activations/types/Swish.ts
Download https://jsr.io/@stsoftware/neat-ai/0.181.0/src/methods/activations/types/TAN.ts
Download https://jsr.io/@stsoftware/neat-ai/0.181.0/src/methods/activations/types/TANH.ts
Download https://jsr.io/@stsoftware/neat-ai/0.181.0/src/multithreading/workers/MockWorker.ts
Download https://jsr.io/@stsoftware/neat-ai/0.181.0/src/architecture/DeDuplicator.ts
Download https://jsr.io/@stsoftware/neat-ai/0.181.0/src/architecture/ElitismUtils.ts
Download https://jsr.io/@stsoftware/neat-ai/0.181.0/src/architecture/Fitness.ts
Download https://jsr.io/@stsoftware/neat-ai/0.181.0/src/blackbox/FineTune.ts
Download https://jsr.io/@stsoftware/neat-ai/0.181.0/src/blackbox/FineTunePopulation.ts
Download https://jsr.io/@stsoftware/neat-ai/0.181.0/src/breed/Breed.ts
Download https://jsr.io/@stsoftware/neat-ai/0.181.0/src/NEAT/Genus.ts
Download https://jsr.io/@stsoftware/neat-ai/0.181.0/src/NEAT/Mutator.ts
Download https://jsr.io/@stsoftware/neat-ai/0.181.0/src/optimize/Simplify.ts
Download https://jsr.io/@stsoftware/neat-ai/0.181.0/src/architecture/ErrorGuidedStructuralEvolution/DiscoverStructure.ts
Download https://jsr.io/@stsoftware/neat-ai/0.181.0/src/optimize/MakeNeuronActivation.ts
Download https://jsr.io/@stsoftware/neat-ai/0.181.0/src/propagate/sparse/CalculatePathsToOutput.ts
Download https://jsr.io/@stsoftware/neat-ai/0.181.0/src/propagate/sparse/ChooseNeurons.ts
Download https://jsr.io/@stsoftware/neat-ai/0.181.0/src/propagate/ActivationRange.ts
Download https://jsr.io/@stsoftware/neat-ai/0.181.0/src/propagate/ErrorHelper.ts
Download https://jsr.io/@stsoftware/neat-ai/0.181.0/src/methods/activations/AbstractActivationInterface.ts
Download https://jsr.io/@stsoftware/neat-ai/0.181.0/src/multithreading/workers/WorkerProcessor.ts
Download https://jsr.io/@stsoftware/neat-ai/0.181.0/src/NEAT/Species.ts
Download https://jsr.io/@stsoftware/neat-ai/0.181.0/src/NEAT/LogApproach.ts
Download https://jsr.io/@stsoftware/neat-ai/0.181.0/src/blackbox/RestoreSource.ts
Download https://jsr.io/@stsoftware/neat-ai/0.181.0/src/blackbox/Retry.ts
Download https://jsr.io/@stsoftware/neat-ai/0.181.0/src/architecture/Offspring.ts
Download https://jsr.io/@stsoftware/neat-ai/0.181.0/src/blackbox/Discover.ts
Download https://jsr.io/@stsoftware/neat-ai/0.181.0/src/breed/Father.ts
Download https://jsr.io/@stsoftware/neat-ai/0.181.0/src/blackbox/MemeticUpdate.ts
Download https://jsr.io/@stsoftware/neat-ai/0.181.0/src/mutate/AddNeuron.ts
Download https://jsr.io/@stsoftware/neat-ai/0.181.0/src/mutate/SubNeuron.ts
Download https://jsr.io/@stsoftware/neat-ai/0.181.0/src/mutate/SubConnection.ts
Download https://jsr.io/@stsoftware/neat-ai/0.181.0/src/mutate/ModWeight.ts
Download https://jsr.io/@stsoftware/neat-ai/0.181.0/src/mutate/ModBias.ts
Download https://jsr.io/@stsoftware/neat-ai/0.181.0/src/mutate/ModSquash.ts
Download https://jsr.io/@stsoftware/neat-ai/0.181.0/src/mutate/AddSelfCon.ts
Download https://jsr.io/@stsoftware/neat-ai/0.181.0/src/mutate/SubSelfCon.ts
Download https://jsr.io/@stsoftware/neat-ai/0.181.0/src/mutate/AddBackCon.ts
Download https://jsr.io/@stsoftware/neat-ai/0.181.0/src/mutate/SubBackCon.ts
Download https://jsr.io/@stsoftware/neat-ai/0.181.0/src/mutate/SwapNeurons.ts
Download https://jsr.io/@stsoftware/neat-ai/0.181.0/src/architecture/ErrorGuidedStructuralEvolution/DiscoverDirectory.ts
Download https://jsr.io/@stsoftware/neat-ai/0.181.0/src/breed/EditParentByIndex.ts
Download https://jsr.io/@stsoftware/neat-ai/0.181.0/src/breed/GeneticCompatibility.ts
Download https://jsr.io/@std/path/1.1.1/join.ts
Download https://jsr.io/@std/path/1.1.1/dirname.ts
Download https://jsr.io/@std/path/1.1.1/resolve.ts
Download https://jsr.io/@std/internal/1.0.10/os.ts
Download https://jsr.io/@std/path/1.1.1/glob_to_regexp.ts
Download https://jsr.io/@std/path/1.1.1/join_globs.ts
Download https://jsr.io/@std/path/1.1.1/is_glob.ts
Download https://jsr.io/@std/path/1.1.1/is_absolute.ts
Download https://jsr.io/@std/path/1.1.1/constants.ts
Download https://jsr.io/@std/path/1.1.1/basename.ts
Download https://jsr.io/@std/internal/1.0.10/format.ts
Download https://jsr.io/@std/internal/1.0.10/build_message.ts
Download https://jsr.io/@std/internal/1.0.10/diff.ts
Download https://jsr.io/@std/internal/1.0.10/diff_str.ts
Download https://jsr.io/@std/internal/1.0.10/styles.ts
Download https://jsr.io/@std/streams/1.0.10/text_delimiter_stream.ts
Download https://jsr.io/@std/path/1.1.1/from_file_url.ts
Download https://jsr.io/@std/path/1.1.1/normalize.ts
Download https://jsr.io/@std/bytes/1.0.6/mod.ts
Download https://jsr.io/@std/crypto/1.0.5/mod.ts
Download https://jsr.io/@std/path/1.1.1/posix/join.ts
Download https://jsr.io/@std/path/1.1.1/windows/join.ts
Download https://jsr.io/@std/path/1.1.1/posix/dirname.ts
Download https://jsr.io/@std/path/1.1.1/windows/dirname.ts
Download https://jsr.io/@std/path/1.1.1/posix/resolve.ts
Download https://jsr.io/@std/path/1.1.1/windows/resolve.ts
Download https://jsr.io/@std/internal/1.0.10/_os.ts
Download https://jsr.io/@std/path/1.1.1/posix/glob_to_regexp.ts
Download https://jsr.io/@std/path/1.1.1/windows/glob_to_regexp.ts
Download https://jsr.io/@std/path/1.1.1/posix/join_globs.ts
Download https://jsr.io/@std/path/1.1.1/windows/join_globs.ts
Download https://jsr.io/@std/path/1.1.1/posix/is_absolute.ts
Download https://jsr.io/@std/path/1.1.1/windows/is_absolute.ts
Download https://jsr.io/@std/path/1.1.1/posix/basename.ts
Download https://jsr.io/@std/path/1.1.1/windows/basename.ts
Download https://jsr.io/@std/streams/1.0.10/_common.ts
Download https://jsr.io/@std/path/1.1.1/posix/from_file_url.ts
Download https://jsr.io/@std/path/1.1.1/windows/from_file_url.ts
Download https://jsr.io/@std/path/1.1.1/posix/normalize.ts
Download https://jsr.io/@std/path/1.1.1/windows/normalize.ts
Download https://jsr.io/@std/bytes/1.0.6/concat.ts
Download https://jsr.io/@std/bytes/1.0.6/copy.ts
Download https://jsr.io/@std/bytes/1.0.6/ends_with.ts
Download https://jsr.io/@std/bytes/1.0.6/equals.ts
Download https://jsr.io/@std/bytes/1.0.6/includes_needle.ts
Download https://jsr.io/@std/bytes/1.0.6/index_of_needle.ts
Download https://jsr.io/@std/bytes/1.0.6/last_index_of_needle.ts
Download https://jsr.io/@std/bytes/1.0.6/repeat.ts
Download https://jsr.io/@std/bytes/1.0.6/starts_with.ts
Download https://jsr.io/@std/crypto/1.0.5/crypto.ts
Download https://jsr.io/@std/crypto/1.0.5/timing_safe_equal.ts
Download https://jsr.io/@std/path/1.1.1/_common/assert_path.ts
Download https://jsr.io/@std/path/1.1.1/windows/_util.ts
Download https://jsr.io/@std/path/1.1.1/_common/dirname.ts
Download https://jsr.io/@std/path/1.1.1/_common/strip_trailing_separators.ts
Download https://jsr.io/@std/path/1.1.1/posix/_util.ts
Download https://jsr.io/@std/path/1.1.1/_common/constants.ts
Download https://jsr.io/@std/path/1.1.1/_common/normalize_string.ts
Download https://jsr.io/@std/path/1.1.1/_common/glob_to_reg_exp.ts
Download https://jsr.io/@std/path/1.1.1/posix/constants.ts
Download https://jsr.io/@std/path/1.1.1/posix/normalize_glob.ts
Download https://jsr.io/@std/path/1.1.1/windows/constants.ts
Download https://jsr.io/@std/path/1.1.1/windows/normalize_glob.ts
Download https://jsr.io/@std/path/1.1.1/_common/basename.ts
Download https://jsr.io/@std/path/1.1.1/_common/from_file_url.ts
Download https://jsr.io/@std/path/1.1.1/_common/normalize.ts
Download https://jsr.io/@std/crypto/1.0.5/_wasm/mod.ts
Download https://jsr.io/@std/crypto/1.0.5/_wasm/lib/deno_std_wasm_crypto.mjs
Download https://jsr.io/@std/crypto/1.0.5/_wasm/lib/deno_std_wasm_crypto.internal.mjs
process (upgrade) SERVICES-MISCELLANEOUS_AMUSEMENT-RECREATION , score: 0.895 , version: 87 lvl: 1
loaded ../GRQ-portfolio/best/industry/v6/SERVICES-MISCELLANEOUS_AMUSEMENT-RECREATION.json
6 mutations, mutation rate 50.0%, elitism 7, mutation ALL, selection POWER
Creature count: 50
Download https://jsr.io/@stsoftware/neat-ai/0.181.0/src/multithreading/workers/deno/worker.ts
Download https://jsr.io/@stsoftware/neat-ai/0.181.0/src/multithreading/workers/deno/worker.ts
Culling duplicate creature at 1 of 51
DeDuplication of 1 creatures to 50 in 64ms (previous experiment )
Training 231a0130 with 1 binary file, target error: 0.05, iterations: 1, sample rate: 100%, sparse: 100%
Discovery 231a0130 with 1 binary files, sample rate: 100%, batch size: 512
Discovery 231a0130 initialize time 107ms
Discovery 231a0130 processing .trainData-industry_88/SERVICES-MISCELLANEOUS_AMUSEMENT-RECREATION/data.bin
Discovery 231a0130 read time 7ms for .trainData-industry_88/SERVICES-MISCELLANEOUS_AMUSEMENT-RECREATION/data.bin with 4613 records
Discovery 231a0130 scanning time 4s 263ms
Fine tuning increased fitness by 6.799516667488348e-7 to 0.8946818412389033 adjusted 2 weights 
Discovery 231a0130 recorded time 5s 746ms
Training ee00734c with 1 binary file, target error: 0.05, iterations: 1, sample rate: 100%, sparse: 100%
Fine tuning increased fitness by 7.491155907812796e-7 to 0.894682590354494 adjusted 2 weights 
Training ad399d73 with 1 binary file, target error: 0.05, iterations: 1, sample rate: 100%, sparse: 100%
Fine tuning increased fitness by 4.245541472824854e-7 to 0.8946830149086413 adjusted 2 weights 
Fine tuning increased fitness by 0.00000103940067708308 to 0.8946840543093184 adjusted 2 weights 
Remove neuron 6d00e2e4-1bc3-4bd2-a88d-3a8e74f4cdf2 as no longer connected
Training f45372b1 with 1 binary file, target error: 0.05, iterations: 1, sample rate: 100%, sparse: 100%
Fine tuning increased fitness by 1.3583267843841895e-10 to 0.8946840545091179 adjusted 1 weight 
Remove neuron b292981d-76be-433c-a778-0839d0687fe8 as no longer connected
Training 5e6edbd2 with 1 binary file, target error: 0.05, iterations: 1, sample rate: 100%, sparse: 100%
Fine tuning increased fitness by 4.509067563773783e-10 to 0.8946840549600247 adjusted 1 weight 
Fine tuning increased fitness by 6.340025171525099e-10 to 0.8946840555940272 adjusted 1 weight 
Generation 10 score 0.8946840555940272  error 0.10528041140656592 avg time 5s 394ms
Training 6599de52 with 1 binary file, target error: 0.05, iterations: 1, sample rate: 100%, sparse: 100%
Fine tuning increased fitness by 1.1697148805112079e-9 to 0.8946840567637421 adjusted 1 weight 
Compacting increased fitness by 1.4303961437533985e-7 to 0.8946841998033565 neurons: 113 was: 114 synapses: 2410 was: 2412
Remove neuron 579fe853-152f-4fcb-9614-0b4699077969 as no longer connected
Training 4801136b with 1 binary file, target error: 0.05, iterations: 1, sample rate: 100%, sparse: 100%
Fine tuning increased fitness by 0.0000019362418991475394 to 0.8946877360052681 adjusted 1 bias 
Discovered beneficial synapse from input-1480 to 6d00e2e4-1bc3-4bd2-a88d-3a8e74f4cdf2 with weight 1.0000, helping 42.4% more records than it harms (2526/4613)
Discovery 231a0130 analyze time 1m 2s 476ms found 1 candidates
Training 69932f00 with 1 binary file, target error: 0.05, iterations: 1, sample rate: 100%, sparse: 100%
Fine tuning increased fitness by 0.0000027180246693347954 to 0.8946904540299374 adjusted 1 bias 
Discovered harmful synapse from input-1314 to 50f5b520-3933-4c92-a03d-7f9589a8ec86, harming 50.8% more records than it helps (334/4613)
Discovery 231a0130 analyze harmful time 2s 946ms found 1 candidates
Discovery 231a0130 analyze squashes time 3s 162ms found 0 candidates
Fine tuning increased fitness by 0.0000012961109046027985 to 0.894691750140842 adjusted 1 bias 
Training 2bacf9c5 with 1 binary file, target error: 0.05, iterations: 1, sample rate: 100%, sparse: 100%
Remove neuron 50f5b520-3933-4c92-a03d-7f9589a8ec86-114 as no longer connected
Remove neuron d7ef8582-8b47-4928-a432-0b6aa64979db as no longer connected
Training a141b3fc with 1 binary file, target error: 0.05, iterations: 1, sample rate: 100%, sparse: 100%
Discovery a141b3fc with 1 binary files, sample rate: 100%, batch size: 512
Discovery a141b3fc initialize time 105ms
Discovery a141b3fc processing .trainData-industry_88/SERVICES-MISCELLANEOUS_AMUSEMENT-RECREATION/data.bin
Discovery a141b3fc read time 9ms for .trainData-industry_88/SERVICES-MISCELLANEOUS_AMUSEMENT-RECREATION/data.bin with 4613 records
Discovery a141b3fc scanning time 4s 147ms
Compacting increased fitness by 1.0654023219203168e-8 to 0.8946917619331511 neurons: 112 was: 113 synapses: 2407 was: 2410
Discovery a141b3fc recorded time 5s 963ms
Generation 20 score 0.8946917619331511  error 0.10527295506744036 avg time 4s 726ms
Training 2aa72742 with 1 binary file, target error: 0.05, iterations: 1, sample rate: 100%, sparse: 100%
Fine tuning increased fitness by 2.7818353354192027e-7 to 0.8946920401166847 adjusted 1 weight, 1 bias 
Fine tuning increased fitness by 1.1520937381881424e-7 to 0.8946921553260585 adjusted 1 weight, 1 bias 
Remove neuron e8033f39-f769-425f-87f6-9c27acad6120 as no longer connected
Training d089aa96 with 1 binary file, target error: 0.05, iterations: 1, sample rate: 100%, sparse: 100%
Fine tuning increased fitness by 3.4179399388545306e-7 to 0.8946924971200524 adjusted 1 weight, 1 bias 
Training 8c235884 with 1 binary file, target error: 0.05, iterations: 1, sample rate: 100%, sparse: 100%
Fine tuning increased fitness by 0.00004944925416949797 to 0.8947596101500135 adjusted 3 weights 
Fine tuning increased fitness by 0.000012934618728754899 to 0.8947725447687422 adjusted 3 weights 
Training f678ac97 with 1 binary file, target error: 0.05, iterations: 1, sample rate: 100%, sparse: 100%
Constant neuron d7ef8582-8b47-4928-a432-0b6aa64979db convert hidden to constant
Adjust neuron d7ef8582-8b47-4928-a432-0b6aa64979db bias -0.018515999999999998 to -0.018513884267740463
Over populated 52, expected 50.
Culling duplicate creature at 40 of 52
DeDuplication of 1 creatures to 51 in 92ms (previous experiment )
Training 0c3fbaeb with 1 binary file, target error: 0.05, iterations: 1, sample rate: 100%, sparse: 100%
Fine tuning increased fitness by 0.000019710182380228147 to 0.8947930688614929 adjusted 7 weights 
Discovered beneficial synapse from input-529 to d7c4952e-53e4-4e1f-8c9f-40d01ada9ac5 with weight -1.0000, helping 53.1% more records than it harms (3369/4613)
Discovery a141b3fc analyze time 49s 174ms found 1 candidates
Discovered harmful synapse from input-1314 to 50f5b520-3933-4c92-a03d-7f9589a8ec86, harming 50.8% more records than it helps (334/4613)
Discovery a141b3fc analyze harmful time 1s 794ms found 1 candidates
Over populated 52, expected 50.
Discovery a141b3fc analyze squashes time 2s 264ms found 0 candidates
Generation 30 score 0.8948029680566086  error 0.10516158894398449 avg time 6s 208ms
Fine tuning increased fitness by 0.0000015898345709919326 to 0.8948045578911796 adjusted 7 weights 
Generation 33 score 0.8948931437225387  error 0.10507141327805446 avg time 1s 871ms
{
  error: 0.10507141327805446,
  score: 0.8948931437225387,
  generation: 33,
  time: 182293,
  startScore: 0.8946746250587161
}
process (upgrade) SAUSAGES-OTHER_PREPARED_MEAT_PRODUCTS , score: 0.980 , version: 87 lvl: 1
loaded ../GRQ-portfolio/best/industry/v6/SAUSAGES-OTHER_PREPARED_MEAT_PRODUCTS.json
2 mutations, mutation rate 24.9%, elitism 6, mutation ALL, selection FITNESS_PROPORTIONATE
Creature count: 50
Culling duplicate creature at 1 of 51
DeDuplication of 1 creatures to 50 in 183ms (previous experiment )
Training 7913f51d with 1 binary file, target error: 0.05, iterations: 1, sample rate: 100%, sparse: 100%
Discovery 7913f51d with 1 binary files, sample rate: 100%, batch size: 512
Discovery 7913f51d initialize time 100ms
Discovery 7913f51d processing .trainData-industry_88/SAUSAGES-OTHER_PREPARED_MEAT_PRODUCTS/data.bin
Discovery 7913f51d read time 8ms for .trainData-industry_88/SAUSAGES-OTHER_PREPARED_MEAT_PRODUCTS/data.bin with 4613 records
Discovery 7913f51d scanning time 1s 580ms
Generation 1 score 0.9803443302694215  error 0.01965140573370122 avg time 533ms
Set training/discovery clean up count to 2
Waiting for discovery to complete
Discovery 7913f51d recorded time 3s 132ms
Fine tuning increased fitness by 0.00000842041811099925 to 0.9803527506875325 adjusted 1 weight 
Generation 2 score 0.9803527506875325  error 0.019642985315590188 avg time 250ms
Waiting for discovery to complete
Fine tuning increased fitness by 0.000013189945138658565 to 0.9803659406326711 adjusted 1 weight 
Generation 3 score 0.9803659406326711  error 0.019629795370451557 avg time 166ms
Waiting for discovery to complete
Fine tuning increased fitness by 0.000016013947552240282 to 0.9803819545802234 adjusted 1 weight 
Generation 4 score 0.9803819545802234  error 0.01961378142289928 avg time 97ms
Waiting for discovery to complete
Generation 5 score 0.9803819545802234  error 0.01961378142289928 avg time 78ms
Waiting for discovery to complete
Generation 6 score 0.9803819545802234  error 0.01961378142289928 avg time 51ms
Waiting for discovery to complete
Fine tuning increased fitness by 4.214510366251645e-7 to 0.98038237603126 adjusted 1 weight 
Generation 7 score 0.98038237603126  error 0.01961334997187298 avg time 50ms
Waiting for discovery to complete
Fine tuning increased fitness by 3.0453097410454433e-7 to 0.9803826805622341 adjusted 1 weight 
Generation 8 score 0.9803826805622341  error 0.019613045440898914 avg time 58ms
Waiting for discovery to complete
Fine tuning increased fitness by 2.5533080094675142e-9 to 0.9803826831155421 adjusted 1 weight 
Generation 9 score 0.9803826831155421  error 0.019613042887590883 avg time 46ms
Waiting for discovery to complete
Fine tuning increased fitness by 4.4488786876684117e-8 to 0.980382727604329 adjusted 1 weight 
Generation 10 score 0.980382727604329  error 0.0196129883988144 avg time 55ms
Waiting for discovery to complete
Fine tuning increased fitness by 9.3549998303466e-8 to 0.9803828211543273 adjusted 1 weight 
Generation 11 score 0.9803828211543273  error 0.019612894848816138 avg time 55ms
Waiting for discovery to complete
Fine tuning increased fitness by 2.8530385054459373e-7 to 0.9803831064581778 adjusted 1 weight 
Discovery 7913f51d analyze time 8s 436ms found 0 candidates
Generation 12 score 0.9803831064581778  error 0.01961260954496554 avg time 49ms
Waiting for discovery to complete
Fine tuning increased fitness by 5.642196077015882e-7 to 0.9803836706777855 adjusted 1 weight 
Discovery 7913f51d analyze harmful time 298ms found 0 candidates
Generation 13 score 0.9803836706777855  error 0.019612045325357846 avg time 46ms
Waiting for discovery to complete
Discovery 7913f51d analyze squashes time 346ms found 0 candidates
Fine tuning increased fitness by 0.0000016338467364596099 to 0.980385304524522 adjusted 1 weight 
Generation 14 score 0.980385304524522  error 0.019610411478621408 avg time 44ms
Waiting for discovery to complete
Fine tuning increased fitness by 0.0000015602137323211807 to 0.9803868647382543 adjusted 1 weight 
Generation 15 score 0.9803868647382543  error 0.019608851264889125 avg time 46ms
Waiting for training/discovery clean up 2
Generation 16 score 0.9803868647382543  error 0.019608851264889125 avg time 42ms
Waiting for training/discovery clean up 1
Fine tuning increased fitness by 4.707626510835894e-10 to 0.980386865209017 adjusted 1 weight 
Generation 17 score 0.980386865209017  error 0.019608850794126467 avg time 45ms
{
  error: 0.019608850794126467,
  score: 0.980386865209017,
  generation: 17,
  time: 17453,
  startScore: 0.9804593601948381
}
process (upgrade) ELECTRONIC_COMPUTERS , score: 0.908 , version: 87 lvl: 1
loaded ../GRQ-portfolio/best/industry/v6/ELECTRONIC_COMPUTERS.json
9 mutations, mutation rate 5.0%, elitism 4, mutation FFW, selection TOURNAMENT
Creature count: 50
Culling duplicate creature at 1 of 51
DeDuplication of 1 creatures to 50 in 88ms (previous experiment )
Training e97c3939 with 1 binary file, target error: 0.05, iterations: 1, sample rate: 100%, sparse: 100%
Discovery e97c3939 with 1 binary files, sample rate: 100%, batch size: 512
Discovery e97c3939 initialize time 104ms
Discovery e97c3939 processing .trainData-industry_88/ELECTRONIC_COMPUTERS/data.bin
Discovery e97c3939 read time 7ms for .trainData-industry_88/ELECTRONIC_COMPUTERS/data.bin with 4613 records
Discovery e97c3939 scanning time 3s 71ms
Discovery e97c3939 recorded time 5s 39ms
Training e91f7797 with 1 binary file, target error: 0.05, iterations: 1, sample rate: 100%, sparse: 100%
Training 8be3d20c with 1 binary file, target error: 0.05, iterations: 1, sample rate: 100%, sparse: 100%
Fine tuning increased fitness by 1.1069077099357116e-7 to 0.9079864887845809 adjusted 103 weights, 2 biases 
Fine tuning increased fitness by 3.643021273536107e-8 to 0.9079865252147936 adjusted 103 weights, 2 biases 
Training 3062e089 with 1 binary file, target error: 0.05, iterations: 1, sample rate: 100%, sparse: 100%
Discovered beneficial synapse from 5defc59b-85a6-49ae-a5e1-106dcdb9b54d to c4469965-1bec-4779-8247-35e55fb81113 with weight 1.0000, helping 21.1% more records than it harms (2689/4613)
Discovery e97c3939 analyze time 21s 168ms found 1 candidates
Discovered harmful synapse from input-1037 to c4469965-1bec-4779-8247-35e55fb81113, harming 13.9% more records than it helps (1881/4613)
Discovery e97c3939 analyze harmful time 1s 237ms found 1 candidates
Discovery e97c3939 analyze squashes time 1s 386ms found 0 candidates
Training 645e95c6 with 1 binary file, target error: 0.05, iterations: 1, sample rate: 100%, sparse: 100%
Discovery 645e95c6 with 1 binary files, sample rate: 100%, batch size: 512
Discovery 645e95c6 initialize time 102ms
Discovery 645e95c6 processing .trainData-industry_88/ELECTRONIC_COMPUTERS/data.bin
Over populated 52, expected 50.
Discovery 645e95c6 read time 8ms for .trainData-industry_88/ELECTRONIC_COMPUTERS/data.bin with 4613 records
Discovery 645e95c6 scanning time 2s 900ms
Fine tuning increased fitness by 3.2972272023812366e-8 to 0.9079873822451507 adjusted 98 weights, 2 biases 
Discovery 645e95c6 recorded time 4s 682ms
Generation 10 score 0.9079873822451507  error 0.09198359675642472 avg time 4s 191ms
Training 1f14af7c with 1 binary file, target error: 0.05, iterations: 1, sample rate: 100%, sparse: 100%
Training 70287525 with 1 binary file, target error: 0.05, iterations: 1, sample rate: 100%, sparse: 100%
Fine tuning increased fitness by 2.306267843366072e-9 to 0.9079873860091774 adjusted 52 weights, 2 biases 
Fine tuning increased fitness by 2.2110262509755785e-9 to 0.9079873882202036 adjusted 52 weights, 2 biases 
Training 86452e14 with 1 binary file, target error: 0.05, iterations: 1, sample rate: 100%, sparse: 100%
Discovered beneficial synapse from 5defc59b-85a6-49ae-a5e1-106dcdb9b54d to c4469965-1bec-4779-8247-35e55fb81113 with weight 1.0000, helping 21.0% more records than it harms (2687/4613)
Discovery 645e95c6 analyze time 19s 365ms found 1 candidates
Discovered harmful synapse from input-1037 to c4469965-1bec-4779-8247-35e55fb81113, harming 13.9% more records than it helps (1881/4613)
Discovery 645e95c6 analyze harmful time 1s 32ms found 1 candidates
Discovery 645e95c6 analyze squashes time 1s 282ms found 0 candidates
Discovery b60af6e2 with 1 binary files, sample rate: 100%, batch size: 512
Fine tuning increased fitness by 1.5517347407012494e-9 to 0.9079873910507509 adjusted 52 weights, 2 biases 
Discovery b60af6e2 initialize time 102ms
Discovery b60af6e2 processing .trainData-industry_88/ELECTRONIC_COMPUTERS/data.bin
Discovery b60af6e2 read time 9ms for .trainData-industry_88/ELECTRONIC_COMPUTERS/data.bin with 4613 records
Discovery b60af6e2 scanning time 3s 182ms
Training 541f4944 with 1 binary file, target error: 0.05, iterations: 1, sample rate: 100%, sparse: 100%
Fine tuning increased fitness by 2.3088102540924638e-9 to 0.9079873933595611 adjusted 52 weights, 2 biases 
Discovery b60af6e2 recorded time 4s 526ms
Fine tuning increased fitness by 3.957776739671459e-8 to 0.9079874329373285 adjusted 52 weights, 2 biases 
Training 3707183c with 1 binary file, target error: 0.05, iterations: 1, sample rate: 100%, sparse: 100%
Fine tuning increased fitness by 8.07567623883898e-8 to 0.9079875136940909 adjusted 1 weight 
Fine tuning increased fitness by 1.5165526046079236e-7 to 0.9079876653493514 adjusted 1 weight 
Generation 20 score 0.9079876653493514  error 0.09198330365222479 avg time 3s 793ms
Training ca5c899f with 1 binary file, target error: 0.05, iterations: 1, sample rate: 100%, sparse: 100%
Fine tuning increased fitness by 3.4178669872098055e-7 to 0.9079880071360501 adjusted 1 weight 
Fine tuning increased fitness by 6.763578287438676e-7 to 0.9079886834938788 adjusted 1 weight 
Training 0528f27d with 1 binary file, target error: 0.05, iterations: 1, sample rate: 100%, sparse: 100%
Fine tuning increased fitness by 0.0000014677723121359065 to 0.907990151266191 adjusted 1 weight 
Fine tuning increased fitness by 0.0000032472876094757908 to 0.9079933985538005 adjusted 1 weight 
Training 1132fa56 with 1 binary file, target error: 0.05, iterations: 1, sample rate: 100%, sparse: 100%
Fine tuning increased fitness by 5.069487375441994e-7 to 0.907993905502538 adjusted 1 weight 
Training 64a3e375 with 1 binary file, target error: 0.05, iterations: 1, sample rate: 100%, sparse: 100%
Discovered beneficial synapse from 5defc59b-85a6-49ae-a5e1-106dcdb9b54d to c4469965-1bec-4779-8247-35e55fb81113 with weight 1.0000, helping 21.0% more records than it harms (2687/4613)
Discovery b60af6e2 analyze time 30s 784ms found 1 candidates
Discovered harmful synapse from input-1037 to c4469965-1bec-4779-8247-35e55fb81113, harming 13.9% more records than it helps (1881/4613)
Discovery b60af6e2 analyze harmful time 1s 102ms found 1 candidates
Discovery b60af6e2 analyze squashes time 1s 338ms found 0 candidates
Discovery d1ec4464 with 1 binary files, sample rate: 100%, batch size: 512
Discovery d1ec4464 initialize time 101ms
Discovery d1ec4464 processing .trainData-industry_88/ELECTRONIC_COMPUTERS/data.bin
Fine tuning increased fitness by 4.1494851998891136e-9 to 0.9079939096520232 adjusted 1 weight 
Discovery d1ec4464 read time 7ms for .trainData-industry_88/ELECTRONIC_COMPUTERS/data.bin with 4613 records
Discovery d1ec4464 scanning time 2s 821ms
Training 5a142ec1 with 1 binary file, target error: 0.05, iterations: 1, sample rate: 100%, sparse: 100%
Fine tuning increased fitness by 2.5571997963602655e-8 to 0.9079939352240212 adjusted 1 weight 
Discovery d1ec4464 recorded time 4s 398ms
Fine tuning increased fitness by 6.468657232083785e-8 to 0.9079939999105935 adjusted 1 weight 
Generation 30 score 0.9079939999105935  error 0.09197695909098333 avg time 3s 178ms
Training b068280a with 1 binary file, target error: 0.05, iterations: 1, sample rate: 100%, sparse: 100%
Fine tuning increased fitness by 1.8744644469936844e-7 to 0.9079941873570382 adjusted 1 weight 
Training 5df77918 with 1 binary file, target error: 0.05, iterations: 1, sample rate: 100%, sparse: 100%
Over populated 52, expected 50.
Fine tuning increased fitness by 0.0000018154341496767756 to 0.9079974280066719 adjusted 146 weights, 1 bias 
Training ed546385 with 1 binary file, target error: 0.05, iterations: 1, sample rate: 100%, sparse: 100%
Discovered beneficial synapse from 5defc59b-85a6-49ae-a5e1-106dcdb9b54d to c4469965-1bec-4779-8247-35e55fb81113 with weight 1.0000, helping 21.5% more records than it harms (2697/4613)
Discovery d1ec4464 analyze time 20s 726ms found 1 candidates
Discovered harmful synapse from input-1037 to c4469965-1bec-4779-8247-35e55fb81113, harming 13.6% more records than it helps (1887/4613)
Discovery d1ec4464 analyze harmful time 1s 90ms found 1 candidates
Discovery d1ec4464 analyze squashes time 1s 527ms found 0 candidates
Fine tuning increased fitness by 5.795320978663199e-8 to 0.9079985025500706 adjusted 139 weights 
Training da4f1147 with 1 binary file, target error: 0.05, iterations: 1, sample rate: 100%, sparse: 100%
Discovery da4f1147 with 1 binary files, sample rate: 100%, batch size: 512
Discovery da4f1147 initialize time 93ms
Discovery da4f1147 processing .trainData-industry_88/ELECTRONIC_COMPUTERS/data.bin
Discovery da4f1147 read time 4ms for .trainData-industry_88/ELECTRONIC_COMPUTERS/data.bin with 4613 records
Discovery da4f1147 scanning time 3s 308ms
Fine tuning increased fitness by 1.8034573834313505e-10 to 0.9079985027352211 adjusted 107 weights 
Discovery da4f1147 recorded time 4s 579ms
Training 7d904e3d with 1 binary file, target error: 0.05, iterations: 1, sample rate: 100%, sparse: 100%
Fine tuning increased fitness by 1.7789872908124948e-9 to 0.9079985056072931 adjusted 131 weights 
Remove neuron f4fadfcc-f38c-4bb0-81a5-12fa7a79b271 as no longer connected
Generation 40 score 0.9079985056072931  error 0.0919724533942837 avg time 3s 702ms
Training 68ba6965 with 1 binary file, target error: 0.05, iterations: 1, sample rate: 100%, sparse: 100%
Fine tuning increased fitness by 4.4150609834758825e-9 to 0.9079985127660666 adjusted 128 weights 
Remove neuron ad634436-06e3-40fb-acd8-bebf160170f8 as no longer connected
Discovered beneficial synapse from 5defc59b-85a6-49ae-a5e1-106dcdb9b54d to c4469965-1bec-4779-8247-35e55fb81113 with weight 1.0000, helping 22.0% more records than it harms (2709/4613)
Discovery da4f1147 analyze time 20s 998ms found 1 candidates
Discovered harmful synapse from input-1037 to c4469965-1bec-4779-8247-35e55fb81113, harming 13.5% more records than it helps (1889/4613)
Discovery da4f1147 analyze harmful time 1s 199ms found 1 candidates
Discovery da4f1147 analyze squashes time 1s 407ms found 0 candidates
Fine tuning increased fitness by 2.907189622369799e-8 to 0.9079985666152075 adjusted 119 weights 
Fine tuning increased fitness by 1.548006789420242e-7 to 0.9079988190263123 adjusted 122 weights 
Fine tuning increased fitness by 3.3221956696749544e-7 to 0.9079991512458793 adjusted 122 weights 
Generation 49 score 0.9079997115336358  error 0.09197123746794181 avg time 3s 325ms
{
  error: 0.09197123746794181,
  score: 0.9079997115336358,
  generation: 49,
  time: 182143,
  startScore: 0.908131310282865
}
process (upgrade) TIRES-INNER_TUBES , score: 0.820 , version: 87 lvl: 1
loaded ../GRQ-portfolio/best/industry/v6/TIRES-INNER_TUBES.json
3 mutations, mutation rate 8.0%, elitism 9, mutation ALL, selection POWER
Creature count: 50
Culling duplicate creature at 1 of 51
DeDuplication of 1 creatures to 50 in 72ms (previous experiment )
Training dc96ae91 with 1 binary file, target error: 0.05, iterations: 1, sample rate: 100%, sparse: 100%
Discovery dc96ae91 with 1 binary files, sample rate: 100%, batch size: 512
Discovery dc96ae91 initialize time 107ms
Discovery dc96ae91 processing .trainData-industry_88/TIRES-INNER_TUBES/data.bin
Discovery dc96ae91 read time 15ms for .trainData-industry_88/TIRES-INNER_TUBES/data.bin with 4613 records
Discovery dc96ae91 scanning time 9s 998ms
Discovery dc96ae91 recorded time 11s 675ms
Fine tuning increased fitness by 1.7246477701515772e-7 to 0.8200906953833341 adjusted 1 bias 
Training 041d3e25 with 1 binary file, target error: 0.05, iterations: 1, sample rate: 100%, sparse: 100%
Fine tuning increased fitness by 1.5044521739504546e-8 to 0.8200907104278559 adjusted 1 bias 
Fine tuning increased fitness by 1.0190928989572967e-8 to 0.8200907206187849 adjusted 1 bias 
Fine tuning increased fitness by 3.0105117287959615e-9 to 0.8200907236292966 adjusted 1 bias 
Generation 10 score 0.8200907236292966  error 0.17986940537170526 avg time 5s 169ms
Training b0b20ce9 with 1 binary file, target error: 0.05, iterations: 1, sample rate: 100%, sparse: 100%
Fine tuning increased fitness by 0.000004403226941840366 to 0.8200951268562384 adjusted 1 bias 
Fine tuning increased fitness by 0.000017632330892247694 to 0.8201350334367603 adjusted 1 weight, 1 bias 
Training ec3483fb with 1 binary file, target error: 0.05, iterations: 1, sample rate: 100%, sparse: 100%
Fine tuning increased fitness by 2.824779096188834e-7 to 0.8201385823156464 adjusted 1 weight 
Fine tuning increased fitness by 1.0527868576915012e-8 to 0.820138592843515 adjusted 1 weight 
Fine tuning increased fitness by 3.4758604883222688e-9 to 0.8201385963193755 adjusted 1 weight 
Fine tuning increased fitness by 1.454131478562104e-7 to 0.8201387417325233 adjusted 1 weight 
Discovered beneficial synapse from input-1404 to b85e61cd-d46f-46eb-95c4-39bb6397a772 with weight -1.0000, helping 37.4% more records than it harms (3170/4613)
Discovery dc96ae91 analyze time 1m 17s 589ms found 1 candidates
Training fa003cae with 1 binary file, target error: 0.05, iterations: 1, sample rate: 100%, sparse: 100%
Fine tuning increased fitness by 2.961504399490167e-7 to 0.8201390378829633 adjusted 1 weight 
Discovered harmful synapse from input-893 to b85e61cd-d46f-46eb-95c4-39bb6397a772, harming 21.8% more records than it helps (1725/4613)
Discovery dc96ae91 analyze harmful time 4s 816ms found 1 candidates
Fine tuning increased fitness by 8.609580280927176e-7 to 0.8201398988409914 adjusted 1 weight 
Discovery dc96ae91 analyze squashes time 4s 288ms found 0 candidates
Generation 20 score 0.8201398988409914  error 0.17982021016001118 avg time 5s 208ms
Discovery 667f043c with 1 binary files, sample rate: 100%, batch size: 512
Discovery 667f043c initialize time 108ms
Discovery 667f043c processing .trainData-industry_88/TIRES-INNER_TUBES/data.bin
Fine tuning increased fitness by 0.0000013511394483245454 to 0.8201412499804397 adjusted 1 weight 
Fine tuning increased fitness by 0.000004200730640113726 to 0.8201454507110798 adjusted 1 weight 
Discovery 667f043c read time 10ms for .trainData-industry_88/TIRES-INNER_TUBES/data.bin with 4613 records
Discovery 667f043c scanning time 10s 35ms
Fine tuning increased fitness by 0.000008244835463355749 to 0.8201536955465432 adjusted 1 weight 
Discovery 667f043c recorded time 11s 123ms
Training 9cfead84 with 1 binary file, target error: 0.05, iterations: 1, sample rate: 100%, sparse: 100%
Fine tuning increased fitness by 0.00001861124043556206 to 0.8201723067869787 adjusted 1 weight 
Fine tuning increased fitness by 0.0000477285170213948 to 0.8202200353040001 adjusted 1 weight 
Fine tuning increased fitness by 0.00007521333811144615 to 0.8202952486421116 adjusted 1 weight 
Fine tuning increased fitness by 0.000050275010440969936 to 0.8203455236525525 adjusted 1 weight 
Training 4c9c4e65 with 1 binary file, target error: 0.05, iterations: 1, sample rate: 100%, sparse: 100%
Generation 30 score 0.8203455236525525  error 0.17961458534845 avg time 4s 346ms
Fine tuning increased fitness by 0.0000020913858153059905 to 0.8203476150383678 adjusted 1 weight 
Discovered beneficial synapse from input-1068 to 954a7e7f-1f10-4253-8caf-7714ad7c0cbd with weight 1.0000, helping 18.9% more records than it harms (2742/4613)
Discovery 667f043c analyze time 57s 8ms found 1 candidates
Discovered harmful synapse from input-638 to 954a7e7f-1f10-4253-8caf-7714ad7c0cbd, harming 17.5% more records than it helps (1902/4613)
Discovery 667f043c analyze harmful time 4s 249ms found 1 candidates
Discovery 667f043c analyze squashes time 4s 230ms found 0 candidates
Generation 38 score 0.8203476150383678  error 0.17961248396263507 avg time 3s 544ms
Set training/discovery clean up count to 2
Waiting for discovery to complete
Generation 39 score 0.8203476150383678  error 0.17961248396263507 avg time 424ms
Waiting for training/discovery clean up 2
Generation 40 score 0.8203476150383678  error 0.17961248396263507 avg time 521ms
Waiting for training/discovery clean up 1
Generation 41 score 0.8203476150383678  error 0.17961248396263507 avg time 535ms
{
  error: 0.17961248396263507,
  score: 0.8203476150383678,
  generation: 41,
  time: 197695,
  startScore: 0.8196755757746178
}
process (upgrade) GASKETS_PACKG-SEALG_DEVICES-RUBBER-PLASTICS_HOSE , score: 0.871 , version: 87 lvl: 1
loaded ../GRQ-portfolio/best/industry/v6/GASKETS_PACKG-SEALG_DEVICES-RUBBER-PLASTICS_HOSE.json
4 mutations, mutation rate 17.6%, elitism 3, mutation ALL, selection TOURNAMENT
Creature count: 50
Culling duplicate creature at 1 of 51
DeDuplication of 1 creatures to 50 in 51ms (previous experiment )
Training 117ed6f2 with 1 binary file, target error: 0.05, iterations: 1, sample rate: 100%, sparse: 100%
Discovery 117ed6f2 with 1 binary files, sample rate: 100%, batch size: 512
Discovery 117ed6f2 initialize time 101ms
Discovery 117ed6f2 processing .trainData-industry_88/GASKETS_PACKG-SEALG_DEVICES-RUBBER-PLASTICS_HOSE/data.bin
Fine tuning increased fitness by 0.000005730186190100461 to 0.8703480536593756 adjusted 1 weight 
Fine tuning increased fitness by 4.5864600695111335e-7 to 0.8703485123053826 adjusted 1 weight 
Discovery 117ed6f2 read time 6ms for .trainData-industry_88/GASKETS_PACKG-SEALG_DEVICES-RUBBER-PLASTICS_HOSE/data.bin with 4613 records
Discovery 117ed6f2 scanning time 12s 904ms
Discovery 117ed6f2 recorded time 14s 145ms
Training 885feb78 with 1 binary file, target error: 0.05, iterations: 1, sample rate: 100%, sparse: 100%
Discovered beneficial synapse from input-58 to a5fda9cb-e99d-449f-8540-3a6a9a1d5ecf with weight 1.0000, helping 81.4% more records than it harms (4181/4613)
Discovery 117ed6f2 analyze time 24s 856ms found 1 candidates
Discovered harmful synapse from input-17 to a5fda9cb-e99d-449f-8540-3a6a9a1d5ecf, harming 81.4% more records than it helps (428/4613)
Discovery 117ed6f2 analyze harmful time 3s 881ms found 1 candidates
Generation 10 score 0.8703624728144632  error 0.12960230018670574 avg time 4s 815ms
Discovery 117ed6f2 analyze squashes time 3s 687ms found 1 candidate, Summary: a5fda9cb-e99d-449f-8540-3a6a9a1d5ecf Mish -> ABSOLUTE improved: 100.0% error: 3.270825001372754e+27 -> 3.6729
Discovery b4ece84e with 1 binary files, sample rate: 100%, batch size: 512
Discovery b4ece84e initialize time 103ms
Discovery b4ece84e processing .trainData-industry_88/GASKETS_PACKG-SEALG_DEVICES-RUBBER-PLASTICS_HOSE/data.bin
Fine tuning increased fitness by 0.0000022005433267802132 to 0.87036467335779 adjusted 2 weights 
Fine tuning increased fitness by 1.630612440628454e-7 to 0.8703648364190341 adjusted 2 weights 
Training 135ae62a with 1 binary file, target error: 0.05, iterations: 1, sample rate: 100%, sparse: 100%
Fine tuning increased fitness by 2.919372188436853e-9 to 0.8703648393384062 adjusted 2 weights 
Discovery b4ece84e read time 7ms for .trainData-industry_88/GASKETS_PACKG-SEALG_DEVICES-RUBBER-PLASTICS_HOSE/data.bin with 4613 records
Discovery b4ece84e scanning time 12s 982ms
Discovery b4ece84e recorded time 14s 112ms
Remove neuron 6bbb7215-5a1b-48f1-b3c7-101696a40506 as no longer connected
Discovered beneficial synapse from input-58 to a5fda9cb-e99d-449f-8540-3a6a9a1d5ecf with weight 1.0000, helping 81.3% more records than it harms (4180/4613)
Discovery b4ece84e analyze time 13s 823ms found 1 candidates
Fine tuning increased fitness by 7.143803670839333e-8 to 0.8703649669948527 adjusted 2 weights 
Discovered harmful synapse from input-17 to a5fda9cb-e99d-449f-8540-3a6a9a1d5ecf, harming 81.3% more records than it helps (429/4613)
Discovery b4ece84e analyze harmful time 4s 276ms found 1 candidates
Training 52b97a54 with 1 binary file, target error: 0.05, iterations: 1, sample rate: 100%, sparse: 100%
Fine tuning increased fitness by 1.0905577363384822e-7 to 0.8703650760506263 adjusted 2 weights 
Remove neuron 6bbb7215-5a1b-48f1-b3c7-101696a40506 as no longer connected
Discovery b4ece84e analyze squashes time 4s 24ms found 1 candidate, Summary: a5fda9cb-e99d-449f-8540-3a6a9a1d5ecf Mish -> ABSOLUTE improved: 100.0% error: 3.270825001372754e+27 -> 3.6738
Discovery 99eba2ae with 1 binary files, sample rate: 100%, batch size: 512
Fine tuning increased fitness by 1.9580612897751593e-7 to 0.8703652718567553 adjusted 2 weights 
Discovery 99eba2ae initialize time 104ms
Discovery 99eba2ae processing .trainData-industry_88/GASKETS_PACKG-SEALG_DEVICES-RUBBER-PLASTICS_HOSE/data.bin
Discovery 99eba2ae read time 7ms for .trainData-industry_88/GASKETS_PACKG-SEALG_DEVICES-RUBBER-PLASTICS_HOSE/data.bin with 4613 records
Discovery 99eba2ae scanning time 14s 139ms
Generation 20 score 0.8703658434359656  error 0.1295989095652042 avg time 5s 609ms
Discovery 99eba2ae recorded time 15s 876ms
Fine tuning increased fitness by 3.391940517349923e-7 to 0.8703661826300173 adjusted 1 weight 
Fine tuning increased fitness by 7.127994852140773e-7 to 0.8703668954295025 adjusted 1 weight 
Remove neuron d35f78be-e647-4588-875d-ca763426c767 as no longer connected
Training 42a4f49a with 1 binary file, target error: 0.05, iterations: 1, sample rate: 100%, sparse: 100%
Fine tuning increased fitness by 4.6015281252032025e-7 to 0.870367355582315 adjusted 1 weight 
Discovered beneficial synapse from input-58 to a5fda9cb-e99d-449f-8540-3a6a9a1d5ecf with weight 1.0000, helping 81.3% more records than it harms (4180/4613)
Discovery 99eba2ae analyze time 13s 788ms found 1 candidates
Discovered harmful synapse from input-17 to a5fda9cb-e99d-449f-8540-3a6a9a1d5ecf, harming 81.3% more records than it helps (429/4613)
Discovery 99eba2ae analyze harmful time 4s 376ms found 1 candidates
Discovery 99eba2ae analyze squashes time 4s 184ms found 1 candidate, Summary: a5fda9cb-e99d-449f-8540-3a6a9a1d5ecf Mish -> ABSOLUTE improved: 100.0% error: 3.270825001372754e+27 -> 3.6749
Discovery 40204bce with 1 binary files, sample rate: 100%, batch size: 512
Discovery 40204bce initialize time 106ms
Discovery 40204bce processing .trainData-industry_88/GASKETS_PACKG-SEALG_DEVICES-RUBBER-PLASTICS_HOSE/data.bin
Fine tuning increased fitness by 2.4157147282544145e-8 to 0.8703673797394623 adjusted 1 weight 
Fine tuning increased fitness by 6.786253059498648e-8 to 0.8703674476019929 adjusted 1 weight 
Fine tuning increased fitness by 1.2231886492575228e-7 to 0.8703675699208578 adjusted 1 weight 
Discovery 40204bce read time 4ms for .trainData-industry_88/GASKETS_PACKG-SEALG_DEVICES-RUBBER-PLASTICS_HOSE/data.bin with 4613 records
Discovery 40204bce scanning time 14s 529ms
Fine tuning increased fitness by 2.2579318836868367e-7 to 0.8703677957140462 adjusted 1 weight 
Discovery 40204bce recorded time 15s 669ms
Training c6d3ea12 with 1 binary file, target error: 0.05, iterations: 1, sample rate: 100%, sparse: 100%
Fine tuning increased fitness by 5.889500406253134e-7 to 0.8703683846640868 adjusted 1 weight 
Generation 30 score 0.8703683846640868  error 0.12959635833708344 avg time 4s 671ms
Fine tuning increased fitness by 4.963685770187354e-7 to 0.8703688810326639 adjusted 1 weight 
Fine tuning increased fitness by 2.1887277545928896e-8 to 0.8703689029199414 adjusted 1 weight 
Discovered beneficial synapse from input-58 to a5fda9cb-e99d-449f-8540-3a6a9a1d5ecf with weight 1.0000, helping 81.4% more records than it harms (4182/4613)
Discovery 40204bce analyze time 14s 722ms found 1 candidates
Fine tuning increased fitness by 6.230873528245695e-8 to 0.8703689652286767 adjusted 1 weight 
Discovered harmful synapse from input-17 to a5fda9cb-e99d-449f-8540-3a6a9a1d5ecf, harming 81.4% more records than it helps (427/4613)
Discovery 40204bce analyze harmful time 4s 463ms found 1 candidates
Fine tuning increased fitness by 1.170638854741668e-7 to 0.8703690822925622 adjusted 1 weight 
Discovery 40204bce analyze squashes time 4s 746ms found 1 candidate, Summary: a5fda9cb-e99d-449f-8540-3a6a9a1d5ecf Mish -> ABSOLUTE improved: 100.0% error: 3.270825001372754e+27 -> 3.6096
Fine tuning increased fitness by 2.2057370596684223e-7 to 0.8703693028662681 adjusted 1 weight 
Fine tuning increased fitness by 4.0854453187133544e-7 to 0.8703697114108 adjusted 1 weight 
Fine tuning increased fitness by 0.0000012601946001167263 to 0.8703709716054001 adjusted 1 weight 
Generation 37 score 0.8703709716054001  error 0.12959376139577045 avg time 3s 146ms
Set training/discovery clean up count to 2
Waiting for training to complete
Fine tuning increased fitness by 0.0000017407220446186145 to 0.8703727123274447 adjusted 1 weight 
Generation 38 score 0.8703727123274447  error 0.12959202067372588 avg time 369ms
Waiting for training/discovery clean up 2
Fine tuning increased fitness by 9.65729753388267e-7 to 0.8703736780571981 adjusted 1 weight 
Generation 39 score 0.8703736780571981  error 0.1295910549439725 avg time 458ms
Waiting for training/discovery clean up 1
Fine tuning increased fitness by 8.259379846720094e-10 to 0.8703736788831361 adjusted 1 weight 
Generation 40 score 0.8703736788831361  error 0.12959105411803448 avg time 373ms
{
  error: 0.12959105411803448,
  score: 0.8703736788831361,
  generation: 40,
  time: 194600,
  startScore: 0.8706889116406245
}
process (upgrade) SERVICES-EDUCATIONAL_SERVICES , score: 0.944 , version: 87 lvl: 1
loaded ../GRQ-portfolio/best/industry/v6/SERVICES-EDUCATIONAL_SERVICES.json
1 mutation, mutation rate 6.5%, elitism 8, mutation FFW, selection POWER
Creature count: 50
Culling duplicate creature at 1 of 51
DeDuplication of 1 creatures to 50 in 137ms (previous experiment )
Training d165b275 with 1 binary file, target error: 0.05, iterations: 1, sample rate: 100%, sparse: 100%
Discovery d165b275 with 1 binary files, sample rate: 100%, batch size: 512
Discovery d165b275 initialize time 108ms
Discovery d165b275 processing .trainData-industry_88/SERVICES-EDUCATIONAL_SERVICES/data.bin
Discovery d165b275 read time 6ms for .trainData-industry_88/SERVICES-EDUCATIONAL_SERVICES/data.bin with 4613 records
Discovery d165b275 scanning time 4s 387ms
Discovery d165b275 recorded time 6s 4ms
Training 1b26d2e2 with 1 binary file, target error: 0.05, iterations: 1, sample rate: 100%, sparse: 100%
Fine tuning increased fitness by 5.157247454645741e-7 to 0.9437445490396764 adjusted 99 weights, 5 biases 
Over populated 52, expected 50.
Culling duplicate creature at 25 of 52
DeDuplication of 1 creatures to 51 in 38ms (previous experiment )
Training 2881a4f3 with 1 binary file, target error: 0.05, iterations: 1, sample rate: 100%, sparse: 100%
Fine tuning increased fitness by 0.000003146508685714089 to 0.9437484011001929 adjusted 186 weights, 10 biases 
Over populated 52, expected 50.
Discovered beneficial synapse from input-541 to c45ecddd-f7e3-4578-bea6-cd401ae2ab39 with weight -1.0000, helping 19.0% more records than it harms (2651/4613)
Discovery d165b275 analyze time 20s 584ms found 1 candidates
Fine tuning increased fitness by 0.000003276141029351365 to 0.9437516772412222 adjusted 186 weights, 10 biases 
Discovered harmful synapse from input-80 to c45ecddd-f7e3-4578-bea6-cd401ae2ab39, harming 25.3% more records than it helps (1629/4613)
Discovery d165b275 analyze harmful time 2s 187ms found 1 candidates
Discovery d165b275 analyze squashes time 2s 251ms found 1 candidate, Summary: c45ecddd-f7e3-4578-bea6-cd401ae2ab39 SQRT -> COMPLEMENT improved: 28.6% error: 1.2312135237674315e+29 -> 8.793587725587369e+28
Training 3997ad1d with 1 binary file, target error: 0.05, iterations: 1, sample rate: 100%, sparse: 100%
Discovery 3997ad1d with 1 binary files, sample rate: 100%, batch size: 512
Fine tuning increased fitness by 0.000002870007749899983 to 0.9437545472489721 adjusted 186 weights, 10 biases 
Discovery 3997ad1d initialize time 109ms
Discovery 3997ad1d processing .trainData-industry_88/SERVICES-EDUCATIONAL_SERVICES/data.bin
Over populated 56, expected 50.
Discovery 3997ad1d read time 5ms for .trainData-industry_88/SERVICES-EDUCATIONAL_SERVICES/data.bin with 4613 records
Discovery 3997ad1d scanning time 4s 632ms
Discovery 3997ad1d recorded time 6s 216ms
Training 48bd7393 with 1 binary file, target error: 0.05, iterations: 1, sample rate: 100%, sparse: 100%
Over populated 52, expected 50.
Fine tuning increased fitness by 0.0000036250235080359516 to 0.9437637497594135 adjusted 158 weights, 7 biases 
Discovered beneficial synapse from input-541 to c45ecddd-f7e3-4578-bea6-cd401ae2ab39 with weight -1.0000, helping 19.1% more records than it harms (2653/4613)
Discovery 3997ad1d analyze time 10s 738ms found 1 candidates
Generation 10 score 0.9437637497594135  error 0.05619864624180923 avg time 5s 483ms
Discovered harmful synapse from input-80 to c45ecddd-f7e3-4578-bea6-cd401ae2ab39, harming 25.4% more records than it helps (1627/4613)
Discovery 3997ad1d analyze harmful time 2s 174ms found 1 candidates
Training b3d7ad45 with 1 binary file, target error: 0.05, iterations: 1, sample rate: 100%, sparse: 100%
Discovery 3997ad1d analyze squashes time 2s 698ms found 1 candidate, Summary: c45ecddd-f7e3-4578-bea6-cd401ae2ab39 SQRT -> COMPLEMENT improved: 28.6% error: 1.2312135237674315e+29 -> 8.793587725587369e+28
Over populated 52, expected 50.
Culling duplicate creature at 42 of 52
DeDuplication of 1 creatures to 51 in 33ms (previous experiment )
Discovery 2d5aa6a0 with 1 binary files, sample rate: 100%, batch size: 512
Fine tuning increased fitness by 6.794301601331654e-7 to 0.9437653899789511 adjusted 158 weights, 7 biases 
Discovery 2d5aa6a0 initialize time 108ms
Discovery 2d5aa6a0 processing .trainData-industry_88/SERVICES-EDUCATIONAL_SERVICES/data.bin
Over populated 53, expected 50.
Discovery 2d5aa6a0 read time 7ms for .trainData-industry_88/SERVICES-EDUCATIONAL_SERVICES/data.bin with 4613 records
Discovery 2d5aa6a0 scanning time 4s 6ms
Training 5ff30ba7 with 1 binary file, target error: 0.05, iterations: 1, sample rate: 100%, sparse: 100%
Fine tuning increased fitness by 3.96822056436541e-7 to 0.9437657868010075 adjusted 158 weights, 7 biases 
Discovery 2d5aa6a0 recorded time 5s 678ms
Over populated 52, expected 50.
Training 82886da8 with 1 binary file, target error: 0.05, iterations: 1, sample rate: 100%, sparse: 100%
Fine tuning increased fitness by 5.677682982652144e-7 to 0.9437668417860445 adjusted 158 weights, 7 biases 
Discovered beneficial synapse from input-541 to c45ecddd-f7e3-4578-bea6-cd401ae2ab39 with weight -1.0000, helping 19.6% more records than it harms (2664/4613)
Discovery 2d5aa6a0 analyze time 11s 627ms found 1 candidates
Discovered harmful synapse from input-80 to c45ecddd-f7e3-4578-bea6-cd401ae2ab39, harming 25.6% more records than it helps (1622/4613)
Discovery 2d5aa6a0 analyze harmful time 2s 348ms found 1 candidates
Discovery 2d5aa6a0 analyze squashes time 1s 839ms found 1 candidate, Summary: c45ecddd-f7e3-4578-bea6-cd401ae2ab39 SQRT -> COMPLEMENT improved: 28.6% error: 1.2312135237674315e+29 -> 8.793587725587369e+28
Fine tuning increased fitness by 6.906351416313683e-7 to 0.9437675324211862 adjusted 158 weights, 7 biases 
Remove neuron 57767f01-be69-4cd6-a86e-f244af461632 as no longer connected
Training 34c828dc with 1 binary file, target error: 0.05, iterations: 1, sample rate: 100%, sparse: 100%
Discovery 34c828dc with 1 binary files, sample rate: 100%, batch size: 512
Discovery 34c828dc initialize time 104ms
Discovery 34c828dc processing .trainData-industry_88/SERVICES-EDUCATIONAL_SERVICES/data.bin
Over populated 56, expected 50.
Discovery 34c828dc read time 8ms for .trainData-industry_88/SERVICES-EDUCATIONAL_SERVICES/data.bin with 4613 records
Discovery 34c828dc scanning time 4s 80ms
Discovery 34c828dc recorded time 5s 714ms
Fine tuning increased fitness by 1.2901742352244838e-7 to 0.9437683542829333 adjusted 158 weights, 7 biases 
Training 1b08d15f with 1 binary file, target error: 0.05, iterations: 1, sample rate: 100%, sparse: 100%
Fine tuning increased fitness by 4.6232066175377895e-8 to 0.9437684325339807 adjusted 154 weights, 7 biases 
Generation 20 score 0.9437684325339807  error 0.056194093467240136 avg time 5s 319ms
Training 461e3200 with 1 binary file, target error: 0.05, iterations: 1, sample rate: 100%, sparse: 100%
Over populated 52, expected 50.
Fine tuning increased fitness by 1.1638953412163033e-7 to 0.9437686267298778 adjusted 141 weights, 6 biases 
Training 4497b319 with 1 binary file, target error: 0.05, iterations: 1, sample rate: 100%, sparse: 100%
Discovered beneficial synapse from input-81 to 525491dd-d722-44cf-833f-36e9c766ba90 with weight -1.0000, helping 21.4% more records than it harms (2784/4613)
Discovery 34c828dc analyze time 27s 435ms found 1 candidates
Discovered harmful synapse from input-80 to c45ecddd-f7e3-4578-bea6-cd401ae2ab39, harming 25.6% more records than it helps (1621/4613)
Discovery 34c828dc analyze harmful time 2s 460ms found 1 candidates
Discovery 34c828dc analyze squashes time 1s 645ms found 1 candidate, Summary: c45ecddd-f7e3-4578-bea6-cd401ae2ab39 SQRT -> COMPLEMENT improved: 28.6% error: 1.2312135237674315e+29 -> 8.793587725587369e+28
Training b1695c0c with 1 binary file, target error: 0.05, iterations: 1, sample rate: 100%, sparse: 100%
Discovery b1695c0c with 1 binary files, sample rate: 100%, batch size: 512
Fine tuning increased fitness by 1.5512858353439185e-7 to 0.9437700560734433 adjusted 110 weights, 5 biases 
Discovery b1695c0c initialize time 102ms
Discovery b1695c0c processing .trainData-industry_88/SERVICES-EDUCATIONAL_SERVICES/data.bin
Over populated 56, expected 50.
Discovery b1695c0c read time 4ms for .trainData-industry_88/SERVICES-EDUCATIONAL_SERVICES/data.bin with 4613 records
Discovery b1695c0c scanning time 3s 643ms
Discovery b1695c0c recorded time 5s 357ms
Training ecab082b with 1 binary file, target error: 0.05, iterations: 1, sample rate: 100%, sparse: 100%
Fine tuning increased fitness by 2.037004961374933e-7 to 0.9437702597739395 adjusted 110 weights, 5 biases 
Training 15c1d44b with 1 binary file, target error: 0.05, iterations: 1, sample rate: 100%, sparse: 100%
Discovered beneficial synapse from input-541 to c45ecddd-f7e3-4578-bea6-cd401ae2ab39 with weight -1.0000, helping 20.0% more records than it harms (2673/4613)
Discovery b1695c0c analyze time 19s 946ms found 1 candidates
Discovered harmful synapse from input-80 to c45ecddd-f7e3-4578-bea6-cd401ae2ab39, harming 25.8% more records than it helps (1617/4613)
Discovery b1695c0c analyze harmful time 2s 50ms found 1 candidates
Generation 30 score 0.9437737516551309  error 0.05618877434608983 avg time 5s 110ms
Discovery b1695c0c analyze squashes time 1s 681ms found 1 candidate, Summary: c45ecddd-f7e3-4578-bea6-cd401ae2ab39 SQRT -> COMPLEMENT improved: 28.6% error: 1.2312135237674315e+29 -> 8.793587725587369e+28
Fine tuning increased fitness by 0.0000019113141925819477 to 0.9437756629693235 adjusted 56 weights, 2 biases 
Fine tuning increased fitness by 1.1296949264938405e-8 to 0.9438194294499469 adjusted 55 weights, 2 biases 
Generation 35 score 0.9438194294499469  error 0.05614310655127931 avg time 2s 240ms
{
  error: 0.05614310655127931,
  score: 0.9438194294499469,
  generation: 35,
  time: 181834,
  startScore: 0.9437389620913079
}
process (upgrade) AIRCRAFT_PARTS-AUXILIARY_EQUIPMENT_NEC , score: 0.868 , version: 87 lvl: 1
loaded ../GRQ-portfolio/best/industry/v6/AIRCRAFT_PARTS-AUXILIARY_EQUIPMENT_NEC.json
1 mutation, mutation rate 26.2%, elitism 7, mutation FFW, selection TOURNAMENT
Creature count: 50
Culling duplicate creature at 1 of 51
DeDuplication of 1 creatures to 50 in 82ms (previous experiment )
Training 7d34c839 with 1 binary file, target error: 0.05, iterations: 1, sample rate: 100%, sparse: 100%
Discovery 7d34c839 with 1 binary files, sample rate: 100%, batch size: 512
Discovery 7d34c839 initialize time 104ms
Discovery 7d34c839 processing .trainData-industry_88/AIRCRAFT_PARTS-AUXILIARY_EQUIPMENT_NEC/data.bin
Discovery 7d34c839 read time 6ms for .trainData-industry_88/AIRCRAFT_PARTS-AUXILIARY_EQUIPMENT_NEC/data.bin with 4613 records
Discovery 7d34c839 scanning time 5s 446ms
Fine tuning increased fitness by 0.0000011582934320575333 to 0.868736667333999 adjusted 2 weights 
Discovery 7d34c839 recorded time 6s 502ms
Training d37d46c6 with 1 binary file, target error: 0.05, iterations: 1, sample rate: 100%, sparse: 100%
Fine tuning increased fitness by 8.125555783777827e-9 to 0.8687366754595548 adjusted 2 weights 
Training 4b5c900c with 1 binary file, target error: 0.05, iterations: 1, sample rate: 100%, sparse: 100%
Fine tuning increased fitness by 1.3669303466912197e-9 to 0.8687366768264851 adjusted 2 weights 
Fine tuning increased fitness by 1.6287415860460897e-11 to 0.8687366768427726 adjusted 2 weights 
Training 420d9efc with 1 binary file, target error: 0.05, iterations: 1, sample rate: 100%, sparse: 100%
Discovered beneficial synapse from input-1283 to f370a94a-e696-4038-94d3-ff269a1b885c with weight -1.0000, helping 37.1% more records than it harms (2474/4613)
Discovery 7d34c839 analyze time 30s 607ms found 1 candidates
Discovered harmful synapse from input-885 to f370a94a-e696-4038-94d3-ff269a1b885c, harming 36.8% more records than it helps (768/4613)
Discovery 7d34c839 analyze harmful time 2s 171ms found 1 candidates
Training 22523a36 with 1 binary file, target error: 0.05, iterations: 1, sample rate: 100%, sparse: 100%
Discovery 7d34c839 analyze squashes time 2s 459ms found 0 candidates
Discovery d8dca153 with 1 binary files, sample rate: 100%, batch size: 512
Discovery d8dca153 initialize time 102ms
Discovery d8dca153 processing .trainData-industry_88/AIRCRAFT_PARTS-AUXILIARY_EQUIPMENT_NEC/data.bin
Generation 10 score 0.868741793965754  error 0.13121870403489114 avg time 5s 426ms
Discovery d8dca153 read time 8ms for .trainData-industry_88/AIRCRAFT_PARTS-AUXILIARY_EQUIPMENT_NEC/data.bin with 4613 records
Discovery d8dca153 scanning time 5s 943ms
Training 5777d429 with 1 binary file, target error: 0.05, iterations: 1, sample rate: 100%, sparse: 100%
Discovery d8dca153 recorded time 7s 49ms
Over populated 52, expected 50.
Fine tuning increased fitness by 0.000001961547027251598 to 0.8687470193859437 adjusted 335 weights, 6 biases 
Training e771f89a with 1 binary file, target error: 0.05, iterations: 1, sample rate: 100%, sparse: 100%
Fine tuning increased fitness by 0.000003088299412423723 to 0.8687501076853561 adjusted 335 weights, 6 biases 
Over populated 52, expected 50.
Discovered beneficial synapse from input-1283 to f370a94a-e696-4038-94d3-ff269a1b885c with weight -1.0000, helping 37.2% more records than it harms (2476/4613)
Discovery d8dca153 analyze time 21s 871ms found 1 candidates
Discovered harmful synapse from 3ab02d25-c3c0-4505-a22b-f1fc3b587350 to ef1d58ca-7f26-4ed5-b276-60974f92d65f, harming 22.7% more records than it helps (1048/4613)
Discovery d8dca153 analyze harmful time 2s 716ms found 1 candidates
Training 62c03d37 with 1 binary file, target error: 0.05, iterations: 1, sample rate: 100%, sparse: 100%
Fine tuning increased fitness by 0.000003704272782734108 to 0.868758706713523 adjusted 335 weights, 6 biases 
Discovery d8dca153 analyze squashes time 2s 703ms found 0 candidates
Over populated 52, expected 50.
Discovery d59bc87d with 1 binary files, sample rate: 100%, batch size: 512
Discovery d59bc87d initialize time 106ms
Discovery d59bc87d processing .trainData-industry_88/AIRCRAFT_PARTS-AUXILIARY_EQUIPMENT_NEC/data.bin
Discovery d59bc87d read time 7ms for .trainData-industry_88/AIRCRAFT_PARTS-AUXILIARY_EQUIPMENT_NEC/data.bin with 4613 records
Discovery d59bc87d scanning time 5s 749ms
Training 10532bfb with 1 binary file, target error: 0.05, iterations: 1, sample rate: 100%, sparse: 100%
Discovery d59bc87d recorded time 6s 989ms
Over populated 52, expected 50.
Fine tuning increased fitness by 0.000009574298275083493 to 0.8687819681494373 adjusted 336 weights, 6 biases 
Remove neuron 6adefe8b-f3c5-4f50-9dca-d59e7c606f3b as no longer connected
Training bddecba7 with 1 binary file, target error: 0.05, iterations: 1, sample rate: 100%, sparse: 100%
Fine tuning increased fitness by 0.000010126564255696913 to 0.868792094713693 adjusted 336 weights, 6 biases 
Over populated 52, expected 50.
Fine tuning increased fitness by 0.000012908178392501135 to 0.8688050028920855 adjusted 336 weights, 6 biases 
Discovered beneficial synapse from input-1283 to f370a94a-e696-4038-94d3-ff269a1b885c with weight -1.0000, helping 37.5% more records than it harms (2483/4613)
Discovery d59bc87d analyze time 21s 870ms found 1 candidates
Generation 20 score 0.8688050028920855  error 0.13115548510855976 avg time 6s 509ms
Discovered harmful synapse from input-680 to eb94a8ab-7bf1-492c-849c-11c7bdf61478, harming 49.1% more records than it helps (1147/4613)
Discovery d59bc87d analyze harmful time 2s 203ms found 1 candidates
Training c172cee5 with 1 binary file, target error: 0.05, iterations: 1, sample rate: 100%, sparse: 100%
Fine tuning increased fitness by 0.000014181496723719711 to 0.8688191843888092 adjusted 336 weights, 6 biases 
Discovery d59bc87d analyze squashes time 2s 477ms found 0 candidates
Constant neuron d65598f0-9357-4637-bfde-aedbb0b2aad6 convert hidden to constant
Adjust neuron d65598f0-9357-4637-bfde-aedbb0b2aad6 bias -0.0450215 to 0.6708897760973501
Over populated 52, expected 50.
Discovery cf1d4c7d with 1 binary files, sample rate: 100%, batch size: 512
Discovery cf1d4c7d initialize time 107ms
Discovery cf1d4c7d processing .trainData-industry_88/AIRCRAFT_PARTS-AUXILIARY_EQUIPMENT_NEC/data.bin
Fine tuning increased fitness by 0.00003583795013339941 to 0.8688550223389426 adjusted 334 weights, 6 biases 
Discovery cf1d4c7d read time 4ms for .trainData-industry_88/AIRCRAFT_PARTS-AUXILIARY_EQUIPMENT_NEC/data.bin with 4613 records
Discovery cf1d4c7d scanning time 5s 716ms
Training e340589f with 1 binary file, target error: 0.05, iterations: 1, sample rate: 100%, sparse: 100%
Fine tuning increased fitness by 0.00004780229741818687 to 0.8689028246363608 adjusted 332 weights, 6 biases 
Discovery cf1d4c7d recorded time 7s 98ms
Over populated 52, expected 50.
Training 14b41881 with 1 binary file, target error: 0.05, iterations: 1, sample rate: 100%, sparse: 100%
Fine tuning increased fitness by 0.00003119691198294472 to 0.8689405431464813 adjusted 332 weights, 6 biases 
Over populated 52, expected 50.
Fine tuning increased fitness by 0.0000378347250317157 to 0.868978377871513 adjusted 332 weights, 6 biases 
Fine tuning increased fitness by 0.00006845846236080977 to 0.8690468363338738 adjusted 332 weights, 6 biases 
Remove neuron d661fe3f-6bc9-4663-9b0b-cb8f01e4bf4f as no longer connected
Over populated 52, expected 50.
Fine tuning increased fitness by 0.00008755933887516498 to 0.869134395672749 adjusted 332 weights, 6 biases 
Fine tuning increased fitness by 0.000047422838307165094 to 0.8691818185110561 adjusted 332 weights, 6 biases 
Discovered beneficial synapse from input-1282 to ef1d58ca-7f26-4ed5-b276-60974f92d65f with weight 1.0000, helping 39.1% more records than it harms (2472/4613)
Discovery cf1d4c7d analyze time 44s 922ms found 1 candidates
Generation 30 score 0.8691818185110561  error 0.13077866948958922 avg time 6s 397ms
Set training/discovery clean up count to 2
Waiting for discovery to complete
Discovered harmful synapse from input-680 to eb94a8ab-7bf1-492c-849c-11c7bdf61478, harming 49.1% more records than it helps (1147/4613)
Discovery cf1d4c7d analyze harmful time 3s 90ms found 1 candidates
Discovery cf1d4c7d analyze squashes time 2s 693ms found 0 candidates
Generation 31 score 0.8691818185110561  error 0.13077866948958922 avg time 642ms
Waiting for discovery to complete
Generation 32 score 0.8691818185110561  error 0.13077866948958922 avg time 617ms
Waiting for training/discovery clean up 2
Generation 33 score 0.8691818534350302  error 0.13077863456561514 avg time 600ms
Waiting for training/discovery clean up 1
Fine tuning increased fitness by 0.0000028243256963156327 to 0.8691846777607265 adjusted 310 weights, 6 biases 
Generation 34 score 0.8691846777607265  error 0.13077581023991885 avg time 604ms
{
  error: 0.13077581023991885,
  score: 0.8691846777607265,
  generation: 34,
  time: 208176,
  startScore: 0.8676603841972657
}
process (upgrade) FORESTRY , score: 0.956 , version: 87 lvl: 1
loaded ../GRQ-portfolio/best/industry/v6/FORESTRY.json
3 mutations, mutation rate 5.0%, elitism 7, mutation FFW, selection FITNESS_PROPORTIONATE
Creature count: 50
Culling duplicate creature at 1 of 51
DeDuplication of 1 creatures to 50 in 150ms (previous experiment )
Training e0c1b2c3 with 1 binary file, target error: 0.05, iterations: 1, sample rate: 100%, sparse: 100%
Discovery e0c1b2c3 with 1 binary files, sample rate: 100%, batch size: 512
Discovery e0c1b2c3 initialize time 104ms
Discovery e0c1b2c3 processing .trainData-industry_88/FORESTRY/data.bin
Discovery e0c1b2c3 read time 6ms for .trainData-industry_88/FORESTRY/data.bin with 4613 records
Discovery e0c1b2c3 scanning time 1s 924ms
Generation 1 score 0.956435097031207  error 0.04354749296935922 avg time 534ms
Set training/discovery clean up count to 2
Waiting for discovery to complete
Discovery e0c1b2c3 recorded time 3s 493ms
Fine tuning increased fitness by 0.0000010788698199259983 to 0.9564361759010269 adjusted 1 weight 
Generation 2 score 0.9564361759010269  error 0.04354641409953926 avg time 311ms
Waiting for discovery to complete
Generation 3 score 0.9564361759010269  error 0.04354641409953926 avg time 242ms
Waiting for discovery to complete
Fine tuning increased fitness by 3.185051533627359e-8 to 0.9564362077515423 adjusted 1 weight 
Generation 4 score 0.9564362077515423  error 0.043546382249024 avg time 197ms
Waiting for discovery to complete
Generation 5 score 0.9564362077515423  error 0.043546382249024 avg time 189ms
Waiting for discovery to complete
Discovery e0c1b2c3 analyze time 8s 346ms found 0 candidates
Fine tuning increased fitness by 2.217337535803665e-9 to 0.9564362099688798 adjusted 1 weight 
Discovery e0c1b2c3 analyze harmful time 462ms found 0 candidates
Discovery e0c1b2c3 analyze squashes time 657ms found 0 candidates
Generation 6 score 0.9564362099688798  error 0.043546380031686406 avg time 165ms
Waiting for discovery to complete
Fine tuning increased fitness by 1.074780264787023e-10 to 0.9564362100763578 adjusted 1 weight 
Generation 7 score 0.9564362100763578  error 0.043546379924208393 avg time 149ms
Waiting for training/discovery clean up 2
Fine tuning increased fitness by 7.502698462502622e-11 to 0.9564362101513848 adjusted 1 weight 
Generation 8 score 0.9564362101513848  error 0.04354637984918144 avg time 138ms
Waiting for training/discovery clean up 1
Fine tuning increased fitness by 1.410827010772664e-11 to 0.9564362101654931 adjusted 1 weight 
Generation 9 score 0.9564362101654931  error 0.0435463798350731 avg time 136ms
{
  error: 0.0435463798350731,
  score: 0.9564362101654931,
  generation: 9,
  time: 20924,
  startScore: 0.9564403118842448
}
process (upgrade) PHOTOGRAPHIC_EQUIPMENT-SUPPLIES , score: 0.844 , version: 87 lvl: 1
loaded ../GRQ-portfolio/best/industry/v6/PHOTOGRAPHIC_EQUIPMENT-SUPPLIES.json
8 mutations, mutation rate 14.7%, elitism 8, mutation FFW, selection TOURNAMENT
Creature count: 50
Culling duplicate creature at 1 of 51
DeDuplication of 1 creatures to 50 in 89ms (previous experiment )
Training 53e070eb with 1 binary file, target error: 0.05, iterations: 1, sample rate: 100%, sparse: 100%
Discovery 53e070eb with 1 binary files, sample rate: 100%, batch size: 512
Discovery 53e070eb initialize time 109ms
Discovery 53e070eb processing .trainData-industry_88/PHOTOGRAPHIC_EQUIPMENT-SUPPLIES/data.bin
Fine tuning increased fitness by 0.000115648360418108 to 0.8445236811682587 adjusted 29 weights, 1 bias 
Discovery 53e070eb read time 7ms for .trainData-industry_88/PHOTOGRAPHIC_EQUIPMENT-SUPPLIES/data.bin with 4613 records
Discovery 53e070eb scanning time 7s 408ms
Discovery 53e070eb recorded time 8s 676ms
Fine tuning increased fitness by 0.00008101230774393287 to 0.8446046934760026 adjusted 29 weights, 1 bias 
Training 682ceb14 with 1 binary file, target error: 0.05, iterations: 1, sample rate: 100%, sparse: 100%
Fine tuning increased fitness by 0.0000111558824684721 to 0.8446158493584711 adjusted 29 weights, 1 bias 
Training 6dd2a2c2 with 1 binary file, target error: 0.05, iterations: 1, sample rate: 100%, sparse: 100%
Fine tuning increased fitness by 2.0747270379484206e-7 to 0.8446161703170042 adjusted 3 weights 
Training e845774b with 1 binary file, target error: 0.05, iterations: 1, sample rate: 100%, sparse: 100%
Fine tuning increased fitness by 3.8543355929121503e-7 to 0.8446165557505635 adjusted 3 weights 
Fine tuning increased fitness by 0.000001124445857092482 to 0.8446183270020283 adjusted 2 weights 
Generation 10 score 0.8446183270020283  error 0.15533707999919333 avg time 7s 109ms
Training e3f6726a with 1 binary file, target error: 0.05, iterations: 1, sample rate: 100%, sparse: 100%
Fine tuning increased fitness by 0.0000014567655428621151 to 0.8446197837675712 adjusted 2 weights 
Discovered beneficial synapse from 96f0a555-0a9e-4f8d-a3b3-5aec0f15aca0 to b9800a09-ddf0-49b4-940e-5b3f65377973 with weight -1.0000, helping 35.8% more records than it harms (3096/4613)
Discovery 53e070eb analyze time 1m 7s 457ms found 1 candidates
Fine tuning increased fitness by 2.8710250088437306e-7 to 0.8446200708700721 adjusted 2 weights 
Discovered harmful synapse from input-1207 to 352c0886-aaf5-4894-a5a1-0c02787b0b1e, harming 69.4% more records than it helps (702/4613)
Discovery 53e070eb analyze harmful time 2s 781ms found 1 candidates
Discovery 53e070eb analyze squashes time 3s 707ms found 1 candidate, Summary: e4911e11-bf4d-4a4b-8e6f-24288b6d4bbb ArcTan -> Cube improved: 2.2% error: 2.2036425461617555e+22 -> 2.1551751226326574e+22
compactUnused hidden neuron 31ea88e3 has no outward connections
Discovery cc7d160e with 1 binary files, sample rate: 100%, batch size: 512
Discovery cc7d160e initialize time 109ms
Discovery cc7d160e processing .trainData-industry_88/PHOTOGRAPHIC_EQUIPMENT-SUPPLIES/data.bin
Remove neuron 9aeae817-c0d8-40ad-b0a4-146552d7a86f as no longer connected
Remove neuron b558a4ea-69d3-4574-b39f-818e33cc0e29 as no longer connected
Training f7e60733 with 1 binary file, target error: 0.05, iterations: 1, sample rate: 100%, sparse: 100%
Discovery cc7d160e read time 5ms for .trainData-industry_88/PHOTOGRAPHIC_EQUIPMENT-SUPPLIES/data.bin with 4613 records
Discovery cc7d160e scanning time 7s 437ms
Discovery cc7d160e recorded time 8s 706ms
Fine tuning increased fitness by 2.6605123726319846e-7 to 0.8446205274258166 adjusted 1 weight 
Training 41978258 with 1 binary file, target error: 0.05, iterations: 1, sample rate: 100%, sparse: 100%
Fine tuning increased fitness by 5.95727652652478e-7 to 0.8446211231534693 adjusted 1 weight 
Fine tuning increased fitness by 0.0000012782115518250592 to 0.8446224013650211 adjusted 1 weight 
Fine tuning increased fitness by 0.0000016401546230060404 to 0.8446240415196441 adjusted 1 weight 
compactUnused hidden neuron 31ea88e3 has no outward connections
Training a8a2a5a9 with 1 binary file, target error: 0.05, iterations: 1, sample rate: 100%, sparse: 100%
Fine tuning increased fitness by 0.0000060408297969383185 to 0.844630082349441 adjusted 1 weight 
Generation 20 score 0.844630082349441  error 0.15532531465178107 avg time 6s 132ms
Fine tuning increased fitness by 0.000007701840436968865 to 0.844637784189878 adjusted 1 weight 
Fine tuning increased fitness by 0.000004180960215927065 to 0.8446419651500939 adjusted 1 weight 
Training 46b59b9e with 1 binary file, target error: 0.05, iterations: 1, sample rate: 100%, sparse: 100%
Discovered beneficial synapse from input-1706 to 352c0886-aaf5-4894-a5a1-0c02787b0b1e with weight -1.0000, helping 70.7% more records than it harms (3934/4613)
Discovery cc7d160e analyze time 1m 5s 19ms found 1 candidates
Fine tuning increased fitness by 4.4583409652965145e-7 to 0.8446424109841905 adjusted 1 weight 
Discovered harmful synapse from input-1038 to 13ddb171-0798-41a6-98b5-819e69372cb6, harming 13.9% more records than it helps (1866/4613)
Discovery cc7d160e analyze harmful time 2s 681ms found 1 candidates
Discovery cc7d160e analyze squashes time 3s 47ms found 1 candidate, Summary: e4911e11-bf4d-4a4b-8e6f-24288b6d4bbb ArcTan -> Cube improved: 2.2% error: 2.1926994078957964e+22 -> 2.1446012862180884e+22
Fine tuning increased fitness by 8.492290231032484e-7 to 0.8446432602132136 adjusted 1 weight 
Fine tuning increased fitness by 0.0000010100682004132722 to 0.844644270281414 adjusted 1 weight 
Fine tuning increased fitness by 0.000002464827303927386 to 0.8446467351087179 adjusted 1 weight 
Generation 29 score 0.8446467351087179  error 0.15530865189250453 avg time 4s 796ms
{
  error: 0.15530865189250453,
  score: 0.8446467351087179,
  generation: 29,
  time: 180632,
  startScore: 0.8444003019327302
}
process (upgrade) AIRCRAFT-PARTS , score: 0.852 , version: 87 lvl: 1
loaded ../GRQ-portfolio/best/industry/v6/AIRCRAFT-PARTS.json
1 mutation, mutation rate 30.3%, elitism 2, mutation ALL, selection TOURNAMENT
Creature count: 50
Culling duplicate creature at 1 of 51
DeDuplication of 1 creatures to 50 in 74ms (previous experiment )
Training 35c9307f with 1 binary file, target error: 0.05, iterations: 1, sample rate: 100%, sparse: 100%
Discovery 35c9307f with 1 binary files, sample rate: 100%, batch size: 512
Discovery 35c9307f initialize time 106ms
Discovery 35c9307f processing .trainData-industry_88/AIRCRAFT-PARTS/data.bin
Discovery 35c9307f read time 12ms for .trainData-industry_88/AIRCRAFT-PARTS/data.bin with 4613 records
Discovery 35c9307f scanning time 4s 159ms
Discovery 35c9307f recorded time 5s 962ms
Fine tuning increased fitness by 0.00005480651813072335 to 0.8520000657061267 adjusted 3 weights 
Training 618d1ab9 with 1 binary file, target error: 0.05, iterations: 1, sample rate: 100%, sparse: 100%
Fine tuning increased fitness by 9.543464414285552e-7 to 0.8520010200525682 adjusted 3 weights 
Discovered beneficial synapse from input-625 to 7e0231b9-9e56-40bb-858c-d91b6ee0d042 with weight 1.0000, helping 12.5% more records than it harms (2545/4613)
Discovery 35c9307f analyze time 11s 512ms found 1 candidates
Discovered harmful synapse from input-551 to 7e0231b9-9e56-40bb-858c-d91b6ee0d042, harming 15.9% more records than it helps (1889/4613)
Discovery 35c9307f analyze harmful time 1s 527ms found 1 candidates
Discovery 35c9307f analyze squashes time 1s 372ms found 0 candidates
Training 3c020548 with 1 binary file, target error: 0.05, iterations: 1, sample rate: 100%, sparse: 100%
Discovery 3c020548 with 1 binary files, sample rate: 100%, batch size: 512
Discovery 3c020548 initialize time 106ms
Discovery 3c020548 processing .trainData-industry_88/AIRCRAFT-PARTS/data.bin
Discovery 3c020548 read time 12ms for .trainData-industry_88/AIRCRAFT-PARTS/data.bin with 4613 records
Discovery 3c020548 scanning time 4s 157ms
Discovery 3c020548 recorded time 5s 816ms
Training ecdd4c8b with 1 binary file, target error: 0.05, iterations: 1, sample rate: 100%, sparse: 100%
Fine tuning increased fitness by 0.0000018650223694294255 to 0.8521663396979433 adjusted 3 weights 
Discovered beneficial synapse from input-625 to 7e0231b9-9e56-40bb-858c-d91b6ee0d042 with weight 1.0000, helping 12.8% more records than it harms (2552/4613)
Discovery 3c020548 analyze time 10s 967ms found 1 candidates
Discovered harmful synapse from input-551 to 7e0231b9-9e56-40bb-858c-d91b6ee0d042, harming 16.0% more records than it helps (1888/4613)
Discovery 3c020548 analyze harmful time 1s 631ms found 1 candidates
Training 463c3cd7 with 1 binary file, target error: 0.05, iterations: 1, sample rate: 100%, sparse: 100%
Discovery 3c020548 analyze squashes time 1s 376ms found 0 candidates
Discovery e863e5bd with 1 binary files, sample rate: 100%, batch size: 512
Discovery e863e5bd initialize time 101ms
Discovery e863e5bd processing .trainData-industry_88/AIRCRAFT-PARTS/data.bin
Remove neuron 1d03b380-c032-4b7e-9ed6-01a8c1d3da8f as no longer connected
Discovery e863e5bd read time 16ms for .trainData-industry_88/AIRCRAFT-PARTS/data.bin with 4613 records
Discovery e863e5bd scanning time 3s 889ms
Discovery e863e5bd recorded time 5s 861ms
Training 430e1f6d with 1 binary file, target error: 0.05, iterations: 1, sample rate: 100%, sparse: 100%
Generation 10 score 0.8521705054116031  error 0.1477934015895839 avg time 6s 331ms
Training fef60523 with 1 binary file, target error: 0.05, iterations: 1, sample rate: 100%, sparse: 100%
Fine tuning increased fitness by 8.633614883013507e-7 to 0.8521713687730914 adjusted 5 weights 
Discovered beneficial synapse from input-625 to 7e0231b9-9e56-40bb-858c-d91b6ee0d042 with weight 1.0000, helping 12.7% more records than it harms (2549/4613)
Discovery e863e5bd analyze time 11s 700ms found 1 candidates
Discovered harmful synapse from input-551 to 7e0231b9-9e56-40bb-858c-d91b6ee0d042, harming 15.9% more records than it helps (1889/4613)
Discovery e863e5bd analyze harmful time 1s 641ms found 1 candidates
Training 8bd4bf99 with 1 binary file, target error: 0.05, iterations: 1, sample rate: 100%, sparse: 100%
Discovery e863e5bd analyze squashes time 1s 414ms found 0 candidates
Over populated 52, expected 50.
Discovery 444d45c0 with 1 binary files, sample rate: 100%, batch size: 512
Discovery 444d45c0 initialize time 104ms
Discovery 444d45c0 processing .trainData-industry_88/AIRCRAFT-PARTS/data.bin
Discovery 444d45c0 read time 10ms for .trainData-industry_88/AIRCRAFT-PARTS/data.bin with 4613 records
Discovery 444d45c0 scanning time 3s 624ms
Discovery 444d45c0 recorded time 5s 342ms
Training 43ccccf7 with 1 binary file, target error: 0.05, iterations: 1, sample rate: 100%, sparse: 100%
Over populated 52, expected 50.
Training 4dcf4a12 with 1 binary file, target error: 0.05, iterations: 1, sample rate: 100%, sparse: 100%
Over populated 52, expected 50.
Training 36ab4911 with 1 binary file, target error: 0.05, iterations: 1, sample rate: 100%, sparse: 100%
Over populated 52, expected 50.
Discovered beneficial synapse from input-1572 to 7d99768f-4bdb-45af-b876-9b9251835de6 with weight -1.0000, helping 21.3% more records than it harms (2424/4613)
Discovery 444d45c0 analyze time 21s 912ms found 1 candidates
Training 55eb5e28 with 1 binary file, target error: 0.05, iterations: 1, sample rate: 100%, sparse: 100%
Discovered harmful synapse from input-551 to 7e0231b9-9e56-40bb-858c-d91b6ee0d042, harming 16.0% more records than it helps (1887/4613)
Discovery 444d45c0 analyze harmful time 1s 470ms found 1 candidates
Discovery 444d45c0 analyze squashes time 1s 416ms found 0 candidates
Over populated 52, expected 50.
Training 06fe3f55 with 1 binary file, target error: 0.05, iterations: 1, sample rate: 100%, sparse: 100%
Over populated 54, expected 50.
Training ae298397 with 1 binary file, target error: 0.05, iterations: 1, sample rate: 100%, sparse: 100%
Training aab2b48e with 1 binary file, target error: 0.05, iterations: 1, sample rate: 100%, sparse: 100%
Discovery aab2b48e with 1 binary files, sample rate: 100%, batch size: 512
Discovery aab2b48e initialize time 103ms
Discovery aab2b48e processing .trainData-industry_88/AIRCRAFT-PARTS/data.bin
Over populated 52, expected 50.
Discovery aab2b48e read time 9ms for .trainData-industry_88/AIRCRAFT-PARTS/data.bin with 4613 records
Discovery aab2b48e scanning time 3s 304ms
Generation 20 score 0.8524395377427516  error 0.14752436925843665 avg time 6s 896ms
Discovery aab2b48e recorded time 5s 42ms
Training d6938caf with 1 binary file, target error: 0.05, iterations: 1, sample rate: 100%, sparse: 100%
Over populated 52, expected 50.
Training 1bc4e878 with 1 binary file, target error: 0.05, iterations: 1, sample rate: 100%, sparse: 100%
Discovered beneficial synapse from input-625 to 7e0231b9-9e56-40bb-858c-d91b6ee0d042 with weight 1.0000, helping 12.4% more records than it harms (2541/4613)
Discovery aab2b48e analyze time 10s 960ms found 1 candidates
Over populated 52, expected 50.
Discovered harmful synapse from input-551 to 7e0231b9-9e56-40bb-858c-d91b6ee0d042, harming 15.7% more records than it helps (1893/4613)
Discovery aab2b48e analyze harmful time 1s 467ms found 1 candidates
Discovery aab2b48e analyze squashes time 1s 454ms found 0 candidates
Training 531412ec with 1 binary file, target error: 0.05, iterations: 1, sample rate: 100%, sparse: 100%
Discovery 531412ec with 1 binary files, sample rate: 100%, batch size: 512
Fine tuning increased fitness by 0.0001547198818744322 to 0.8526400986371637 adjusted 66 weights, 3 biases 
Discovery 531412ec initialize time 105ms
Discovery 531412ec processing .trainData-industry_88/AIRCRAFT-PARTS/data.bin
Over populated 54, expected 50.
Discovery 531412ec read time 11ms for .trainData-industry_88/AIRCRAFT-PARTS/data.bin with 4613 records
Discovery 531412ec scanning time 3s 360ms
Discovery 531412ec recorded time 4s 874ms
Discovered beneficial synapse from input-625 to 7e0231b9-9e56-40bb-858c-d91b6ee0d042 with weight 1.0000, helping 12.2% more records than it harms (2538/4613)
Discovery 531412ec analyze time 10s 855ms found 1 candidates
Discovered harmful synapse from input-551 to 7e0231b9-9e56-40bb-858c-d91b6ee0d042, harming 15.6% more records than it helps (1896/4613)
Discovery 531412ec analyze harmful time 1s 427ms found 1 candidates
Discovery 531412ec analyze squashes time 1s 413ms found 0 candidates
Fine tuning increased fitness by 0.000002423480553459534 to 0.8526512986268899 adjusted 13 weights 
Generation 28 score 0.8527221749582319  error 0.14724158204295895 avg time 5s 149ms
{
  error: 0.14724158204295895,
  score: 0.8527221749582319,
  generation: 28,
  time: 184009,
  startScore: 0.8521086761966189
}
🧹 Cleaning up any inconsistent git state
✅ Git state cleanup completed
✅ Already on proper branch: main
From github.com:stSoftwareAU/GRQ-industryV2
   d8df957..41727ba  main       -> origin/main
Updating d8df957..41727ba
Created autostash: 4a84cd5
Fast-forward
 v6/AIR_TRANSPORTATION_SCHEDULED.json               | 1586 ++--
 v6/BOOKS_PUBLISHING_OR_PUBLISHING-PRINTING.json    |  133 +-
 v6/COMMODITY_CONTRACTS_BROKERS-DEALERS.json        | 4721 ++++++++--
 v6/CONSTRUCTION_MACHINERY-EQUIP.json               |   64 +-
 v6/CRUDE_PETROLEUM-NATURAL_GAS.json                |  448 +-
 v6/DRILLING_OIL-GAS_WELLS.json                     | 9869 ++------------------
 v6/ELECTRIC_LIGHTING-WIRING_EQUIPMENT.json         | 8368 ++---------------
 v6/GRAIN_MILL_PRODUCTS.json                        | 1100 +--
 v6/HOTELS-MOTELS.json                              |  362 +-
 v6/HOUSEHOLD_FURNITURE.json                        | 3591 +++++--
 v6/MOTORCYCLES_BICYCLES-PARTS.json                 |   48 +-
 v6/OIL-GAS_FIELD_MACHINERY-EQUIPMENT.json          |  443 +-
 v6/PAPERBOARD_CONTAINERS-BOXES.json                | 2039 +++-
 ...ATERIALS_SYNTH_RESINS-NONVULCAN_ELASTOMERS.json | 2124 ++---
 v6/PUBLIC_BLDG-RELATED_FURNITURE.json              |   34 +-
 v6/RAILROAD_EQUIPMENT.json                         | 1287 ++-
 v6/SERVICES-EDUCATIONAL_SERVICES.json              |  402 +-
 v6/SERVICES-NURSING-PERSONAL_CARE_FACILITIES.json  | 5461 ++++-------
 ...NTS_CLEANG_PREPARATIONS_PERFUMES_COSMETICS.json |   21 +-
 v6/TELEPHONE_COMMUNICATIONS_NO_RADIOTELEPHONE.json | 4190 +++++----
 20 files changed, 18118 insertions(+), 28173 deletions(-)
Applying autostash resulted in conflicts.
Your changes are safe in the stash.
You can run "git stash pop" or "git stash drop" at any time.
✅ Already on proper branch: main
📦 Changes detected — staging files and validating JSON
[0;32m🔍 Validating staged JSON files...[0m
[0;32m🔍 Validating: v6/AIRCRAFT-PARTS.json[0m
[0;32m   ✅ PASSED: File is valid[0m
[0;32m🔍 Validating: v6/AIRCRAFT_PARTS-AUXILIARY_EQUIPMENT_NEC.json[0m
[0;32m   ✅ PASSED: File is valid[0m
[0;32m🔍 Validating: v6/ELECTRONIC_COMPUTERS.json[0m
[0;32m   ✅ PASSED: File is valid[0m
[0;32m🔍 Validating: v6/FORESTRY.json[0m
[0;32m   ✅ PASSED: File is valid[0m
[0;32m🔍 Validating: v6/GASKETS_PACKG-SEALG_DEVICES-RUBBER-PLASTICS_HOSE.json[0m
[0;32m   ✅ PASSED: File is valid[0m
[0;32m🔍 Validating: v6/PHOTOGRAPHIC_EQUIPMENT-SUPPLIES.json[0m
[0;32m   ✅ PASSED: File is valid[0m
[0;32m🔍 Validating: v6/SAUSAGES-OTHER_PREPARED_MEAT_PRODUCTS.json[0m
[0;32m   ✅ PASSED: File is valid[0m
[0;32m🔍 Validating: v6/SERVICES-EDUCATIONAL_SERVICES.json[0m
[0;31m🚨 MERGE CONFLICT DETECTED in: v6/SERVICES-EDUCATIONAL_SERVICES.json[0m
[1;33m   This file contains unresolved merge conflict markers:[0m
78:<<<<<<< Updated upstream
80:=======
82:>>>>>>> Stashed changes
100:<<<<<<< Updated upstream
102:=======
[0;31m   ❌ FAILED: Merge conflicts detected[0m
[0;32m🔍 Validating: v6/SERVICES-MISCELLANEOUS_AMUSEMENT-RECREATION.json[0m
[0;32m   ✅ PASSED: File is valid[0m
[0;32m🔍 Validating: v6/TIRES-INNER_TUBES.json[0m
[0;32m   ✅ PASSED: File is valid[0m

[0;31m❌ Commit blocked due to invalid JSON files[0m
❌ JSON validation failed — aborting commit
🧹 Cleaning up staged changes
Unstaged changes after reset:
M	v6/AIRCRAFT-PARTS.json
M	v6/AIRCRAFT_PARTS-AUXILIARY_EQUIPMENT_NEC.json
M	v6/ELECTRONIC_COMPUTERS.json
M	v6/FORESTRY.json
M	v6/GASKETS_PACKG-SEALG_DEVICES-RUBBER-PLASTICS_HOSE.json
M	v6/PHOTOGRAPHIC_EQUIPMENT-SUPPLIES.json
M	v6/SAUSAGES-OTHER_PREPARED_MEAT_PRODUCTS.json
M	v6/SERVICES-EDUCATIONAL_SERVICES.json
M	v6/SERVICES-MISCELLANEOUS_AMUSEMENT-RECREATION.json
M	v6/TIRES-INNER_TUBES.json
💥 Commit blocked due to invalid JSON files
🧹 Performing final git cleanup on exit...
✅ Final cleanup completed
Cloning into 'GRQ-logs'...
[Develop dea88fe] ip-10-0-38-67 status 1
 1 file changed, 1344 insertions(+)
 create mode 100644 ip-10-0-38-67.log
To github.com:stSoftwareAU/GRQ-logs.git
 ! [rejected]        Develop -> Develop (fetch first)
error: failed to push some refs to 'github.com:stSoftwareAU/GRQ-logs.git'
hint: Updates were rejected because the remote contains work that you do not
hint: have locally. This is usually caused by another repository pushing to
hint: the same ref. If you want to integrate the remote changes, use
hint: 'git pull' before pushing again.
hint: See the 'Note about fast-forwards' in 'git push --help' for details.
📦 Cloning GRQ-health
Cloning into 'GRQ-health'...
Updating health information...
Updated health information for ip-10-0-38-67
