[log truncated during the Issue #211 history prune: showing the last 64 KB; the full log is on the host]
Trained dad64298 Score: 0.9382368782205094, Error: 0.06117904770899733 -> 0.06172485078140605, 👿 -0.000546
Compact dad64298 Score: 0.9295656890341086, Error: 0.06117904770899733 -> 0.07039628996779737, 👿 -0.00922
Fine tuning increased fitness by 5.4999457210769265e-9 to 0.9522702994864913 adjusted 1 weight 
[DynamicPool] 1 idle heavy worker(s) assisting breeding
Training fe7395b6 completed after 6s 527ms
Training fe7395b6 compacted
[PreWarm] 18 new templates, 0 cached, 18 unique topologies (64ms)
[Timing] fitness=590ms breeding=871ms breedingWorker=870ms mainThreadOverlap=6ms resultProcessing=6ms memoryEviction=1ms preWarm=64ms pipelineOverlap=75ms sort=0ms writeScores=5ms mutation=152ms deduplication=269ms speciation=5ms total=2755ms
[Utilisation] fitness=0%fast/50%heavy breeding=0%fast/50%heavy overall=7%
[Throughput] wall=2755ms nonFitness=2165ms gensPerHour=1306.7 fast=busy4125ms/idle17915ms/depth41/wait1660ms heavy=busy402ms/idle5108ms/depth7/wait144ms scorer=7.7ms/scored41/creaturesPerSec69.5 corruptParentSkips=0
Generation 4 score 0.9522702994864913 (avg: -2.8953274812868577e+24) error 0.04766507651357326 avg time 676ms
[Neat] Waiting for discovery to complete (4/22) - In progress: e19413b0
[Neat] Awaiting 7 in-flight task(s) (1 discovery, 6 training) with 30000ms timeout
Training da8d8653 with 1 binary file, target error: 0.05, iterations: 1, sample rate: 100%, sparse: 100%
[DynamicPool] 1 idle heavy worker(s) assisting fitness evaluation
[MemoryMonitor] Snapshot: heap=420 MB/463 MB rss=2189 MB external=19 MB wasmActivation=0/1 wasmCompilation=0 (0 MB)
[NEAT-AI] Batch scorer partition: 40 forwardOnly batched, 0 recurrent per-creature
Trained fe7395b6 Score: 0.8596041640126365, Error: 0.12883163865431357 -> 0.14035731498926002, 👿 -0.0115
Compact fe7395b6 Score: 0.7730209659218505, Error: 0.12883163865431357 -> 0.2269407830800345, 👿 -0.0981
[DynamicPool] 1 idle heavy worker(s) assisting breeding
Training 8abd3bac completed after 6s 276ms
Training 8abd3bac compacted
[PreWarm] 21 new templates, 0 cached, 21 unique topologies (68ms)
[Timing] fitness=546ms breeding=929ms breedingWorker=929ms mainThreadOverlap=6ms resultProcessing=6ms preWarm=68ms pipelineOverlap=78ms sort=0ms writeScores=4ms mutation=176ms deduplication=200ms speciation=4ms total=2627ms
[Utilisation] fitness=0%fast/50%heavy breeding=0%fast/50%heavy overall=7%
[Throughput] wall=2627ms nonFitness=2081ms gensPerHour=1370.4 fast=busy4133ms/idle16883ms/depth40/wait1653ms heavy=busy581ms/idle4673ms/depth6/wait194ms scorer=7.7ms/scored40/creaturesPerSec73.3 corruptParentSkips=0
Generation 5 score 0.9522703519369319 (avg: -2.964263849888926e+24) error 0.04766502406313265 avg time 615ms
[Neat] Waiting for discovery to complete (5/22) - In progress: e19413b0
[Neat] Awaiting 6 in-flight task(s) (1 discovery, 5 training) with 30000ms timeout
Training 046ed2f5 with 1 binary file, target error: 0.05, iterations: 1, sample rate: 100%, sparse: 100%
[DynamicPool] 1 idle heavy worker(s) assisting fitness evaluation
[NEAT-AI] Batch scorer partition: 41 forwardOnly batched, 0 recurrent per-creature
Trained 8abd3bac Score: 0.7895250302409103, Error: 0.1956583122096153 -> 0.21043850576195616, 👿 -0.0148
Compact 8abd3bac Score: 0.5579261662089391, Error: 0.1956583122096153 -> 0.44203777979389386, 👿 -0.246
Fine tuning increased fitness by 2.758669048752438e-8 to 0.9522703795236224 adjusted 2 weights 
[DynamicPool] 1 idle heavy worker(s) assisting breeding
Training da8d8653 completed after 7s 769ms
Training da8d8653 compacted
[PreWarm] 23 new templates, 0 cached, 23 unique topologies (64ms)
[Timing] fitness=571ms breeding=937ms breedingWorker=937ms mainThreadOverlap=7ms resultProcessing=7ms preWarm=64ms pipelineOverlap=76ms sort=0ms writeScores=5ms mutation=280ms deduplication=131ms speciation=5ms total=2729ms
[Utilisation] fitness=0%fast/50%heavy breeding=0%fast/50%heavy overall=7%
[Throughput] wall=2729ms nonFitness=2158ms gensPerHour=1319.2 fast=busy4265ms/idle17567ms/depth41/wait1716ms heavy=busy537ms/idle4921ms/depth5/wait161ms scorer=9.2ms/scored41/creaturesPerSec71.8 corruptParentSkips=0
Generation 6 score 0.9522703795236224 (avg: -5.0456) error 0.047664996476442234 avg time 789ms
[Neat] Waiting for discovery to complete (6/22) - In progress: e19413b0
[Neat] Awaiting 5 in-flight task(s) (1 discovery, 4 training) with 30000ms timeout
Training 84b0a621 with 1 binary file, target error: 0.05, iterations: 1, sample rate: 100%, sparse: 100%
[DynamicPool] 1 idle heavy worker(s) assisting fitness evaluation
[NEAT-AI] Batch scorer partition: 42 forwardOnly batched, 0 recurrent per-creature
Compact da8d8653 Score: 0.7902836262077245, Error: 0.20847543354871753 -> 0.20967085679401765, 👿 -0.00120
Trained da8d8653 Score: 0.711266462339688, Error: 0.20847543354871753 -> 0.28868775066223734, 👿 -0.0802
[DynamicPool] 1 idle heavy worker(s) assisting breeding
Training 046ed2f5 completed after 8s 147ms
Training 046ed2f5 compacted
[PreWarm] 26 new templates, 0 cached, 26 unique topologies (81ms)
[Timing] fitness=616ms breeding=1109ms breedingWorker=1109ms mainThreadOverlap=8ms resultProcessing=8ms preWarm=81ms pipelineOverlap=93ms sort=0ms writeScores=4ms mutation=182ms deduplication=232ms speciation=4ms total=2806ms
[Utilisation] fitness=0%fast/50%heavy breeding=0%fast/50%heavy overall=8%
[Throughput] wall=2806ms nonFitness=2190ms gensPerHour=1283.0 fast=busy5103ms/idle17345ms/depth42/wait2066ms heavy=busy634ms/idle4978ms/depth4/wait159ms scorer=11.4ms/scored42/creaturesPerSec68.2 corruptParentSkips=0
Generation 7 score 0.9522703795236224 (avg: -1243.6947) error 0.047664996476442234 avg time 823ms
[Neat] Waiting for discovery to complete (7/22) - In progress: e19413b0
[Neat] Awaiting 4 in-flight task(s) (1 discovery, 3 training) with 30000ms timeout
Training 4fa1ef0e with 1 binary file, target error: 0.05, iterations: 1, sample rate: 100%, sparse: 100%
[DynamicPool] 1 idle heavy worker(s) assisting fitness evaluation
[NEAT-AI] Batch scorer partition: 45 forwardOnly batched, 0 recurrent per-creature
Compact 046ed2f5 Score: 0.7763354754156958, Error: 0.227495389433614 -> 0.22360940558501016, 👌 0.00389
Trained 046ed2f5 Score: 0.7369107822945238, Error: 0.227495389433614 -> 0.2630338787061841, 👿 -0.0355
[DynamicPool] 1 idle heavy worker(s) assisting breeding
Training 84b0a621 completed after 7s 212ms
Training 84b0a621 compacted
[PreWarm] 29 new templates, 0 cached, 29 unique topologies (70ms)
[MemoryMonitor] Snapshot: heap=612 MB/658 MB rss=2473 MB external=39 MB wasmActivation=0/1 wasmCompilation=1 (0 MB)
[Timing] fitness=608ms breeding=1149ms breedingWorker=1149ms mainThreadOverlap=8ms resultProcessing=8ms memoryEviction=1ms preWarm=70ms pipelineOverlap=83ms sort=0ms writeScores=5ms mutation=316ms deduplication=168ms speciation=5ms total=2848ms
[Utilisation] fitness=0%fast/50%heavy breeding=0%fast/50%heavy overall=8%
[Throughput] wall=2848ms nonFitness=2240ms gensPerHour=1264.0 fast=busy5447ms/idle17337ms/depth45/wait2239ms heavy=busy733ms/idle4963ms/depth3/wait122ms scorer=9.6ms/scored45/creaturesPerSec74.0 corruptParentSkips=0
Generation 8 score 0.9522703795236224 (avg: -1724.4572) error 0.047664996476442234 avg time 726ms
[Neat] Waiting for discovery to complete (8/22) - In progress: e19413b0
[Neat] Awaiting 3 in-flight task(s) (1 discovery, 2 training) with 30000ms timeout
Training eea407ca with 1 binary file, target error: 0.05, iterations: 1, sample rate: 100%, sparse: 100%
Training 4fa1ef0e caused a higher error of 0.23480385781368476 from 0.23478922359624801
Training 4fa1ef0e caused a higher error of 0.23480385781368476 from 0.23478922359624801 and no tuning
[DynamicPool] 1 idle heavy worker(s) assisting fitness evaluation
[MemoryMonitor] Critical-level response: cleared all WASM caches, activation cap reduced to 1, compilation cache cleared
[NEAT-AI] Batch scorer partition: 45 forwardOnly batched, 0 recurrent per-creature
Compact 84b0a621 Score: 0.7710923365782666, Error: 0.2289408409966984 -> 0.228866334423516, 👌 0.0000745
Trained 84b0a621 Score: 0.7700994036020904, Error: 0.2289408409966984 -> 0.22985894739970406, 👿 -0.000918
Fine tuning increased fitness by 0.00002729420803049276 to 0.9522976737316529 adjusted 2 weights, 1 bias 
[DynamicPool] 1 idle heavy worker(s) assisting breeding
Training 4fa1ef0e completed after 7s 722ms
Training 4fa1ef0e compacted
[PreWarm] 29 new templates, 0 cached, 29 unique topologies (69ms)
[Timing] fitness=630ms breeding=1040ms breedingWorker=1040ms mainThreadOverlap=7ms resultProcessing=7ms preWarm=69ms pipelineOverlap=80ms sort=0ms writeScores=4ms mutation=365ms deduplication=222ms speciation=4ms total=2975ms
[Utilisation] fitness=0%fast/50%heavy breeding=0%fast/50%heavy overall=8%
[Throughput] wall=2975ms nonFitness=2345ms gensPerHour=1210.1 fast=busy4723ms/idle19077ms/depth45/wait1942ms heavy=busy609ms/idle5341ms/depth2/wait0ms scorer=10.2ms/scored45/creaturesPerSec71.4 corruptParentSkips=0
Generation 9 score 0.9522976737316529 (avg: -1164.2032) error 0.0476377022684117 avg time 786ms
[Neat] Waiting for discovery to complete (9/22) - In progress: e19413b0
[Neat] Awaiting 2 in-flight task(s) (1 discovery, 1 training) with 30000ms timeout
Discovery e19413b0 with 1 binary files, sample rate: 100%, batch size: 128
[DiskSpace] Discovery directory usage at discovery start: 0.00 MB across 1 file (.discovery/be4c6fe2-aa51-5a1b-b42b-2dcae19413b0).
Discovery e19413b0 initialize time 
[DynamicPool] 1 idle heavy worker(s) assisting fitness evaluation
[MemoryMonitor] Snapshot: heap=892 MB/931 MB rss=2776 MB external=55 MB wasmActivation=0/1 wasmCompilation=0 (0 MB)
[NEAT-AI] Batch scorer partition: 46 forwardOnly batched, 0 recurrent per-creature
Trained 4fa1ef0e Score: 0.7561038632343741, Error: 0.23478922359624801 -> 0.24385407976754514, 👿 -0.00906
Compact 4fa1ef0e Score: 0.6654107516049466, Error: 0.23478922359624801 -> 0.3345476113951442, 👿 -0.0998
Discovery e19413b0 drained promises after 10 batches
[DynamicPool] 1 idle heavy worker(s) assisting breeding
Training eea407ca completed after 6s 264ms
Training eea407ca compacted
[PreWarm] 32 new templates, 0 cached, 32 unique topologies (70ms)
[Timing] fitness=684ms breeding=1155ms breedingWorker=1155ms mainThreadOverlap=6ms resultProcessing=6ms preWarm=70ms pipelineOverlap=81ms sort=0ms writeScores=5ms mutation=430ms deduplication=208ms speciation=5ms total=3098ms
[Utilisation] fitness=0%fast/50%heavy breeding=0%fast/50%heavy overall=8%
[Throughput] wall=3098ms nonFitness=2414ms gensPerHour=1162.0 fast=busy5261ms/idle19523ms/depth46/wait2173ms heavy=busy631ms/idle5565ms/depth1/wait0ms scorer=11.1ms/scored46/creaturesPerSec67.3 corruptParentSkips=0
Generation 10 score 0.9522976737316529 (avg: 0.8691) error 0.0476377022684117 avg time 639ms
[Neat] Waiting for discovery to complete (10/22) - In progress: e19413b0
[Neat] Awaiting 1 in-flight task(s) (1 discovery, 0 training) with 30000ms timeout
Discovery e19413b0 drained promises after 10 batches
Discovery e19413b0 drained promises after 10 batches
Discovery e19413b0 scanning time 7s 38ms
[DiskSpace] Discovery directory usage at after recording: 136.64 MB across 7 files (.discovery/be4c6fe2-aa51-5a1b-b42b-2dcae19413b0).
Discovery e19413b0 recorded time 8s 424ms
[Discovery e19413b0] Released record-phase retainers before analysis heap check: 4036 index entries, 0 accumulated samples.
Discovery e19413b0 analysis timeout extended by 0.5m
2026-06-28T11:05:57.317499Z  WARN neat_ai_discovery::ffi_internal::analysis: focus_selection_weight_concentration_high: a single neuron dominated the focus-selection roulette; diversity floor / drought rotation applied to spread the focus set raw_weight_concentration_ratio=0.6630580425262451 effective_weight_concentration_ratio=0.1666666716337204 diversity_floor_applied=true rotation_applied=false pool_size=64 focus_set_size=6
[Discovery e19413b0] Weighted error x impact selection prioritised: 9445026 (weight 0.0000), 65704897 (weight 0.0000), 1092344816 (weight 0.0000), …
[Discovery e19413b0] Wrote focus selection analysis to .discovery/be4c6fe2-aa51-5a1b-b42b-2dcae19413b0/focus-selection.json (34 candidates, 6 selected, 0 low-impact)
Discovery e19413b0 selected 6 focus neurons in 3s 815ms
Discovery e19413b0 focus weight concentration ratio 0.0302
2026-06-28T11:05:57.448965Z  WARN neat_ai_discovery::analysis::utils::deadline: Only 26.1s remaining for analysis. Focus selection may have consumed most of the timeout. Consider increasing discoveryAnalysisTimeoutMinutes. remaining_secs=26.059 analysis_type="neuron"
2026-06-28T11:05:57.450031Z  WARN neat_ai_discovery::analysis::utils::deadline: Only 26.1s remaining for analysis. Focus selection may have consumed most of the timeout. Consider increasing discoveryAnalysisTimeoutMinutes. remaining_secs=26.057 analysis_type="synapse"
Discovery e19413b0 rust combined analysis chunk 1/3 (2 neurons) in 7s 538ms [synapse=gpu neuron=gpu]
[Discovery e19413b0] Rust synapse analysis evaluated 2 focus neuron(s) but found no improvements. Focus neurons: 9445026, 65704897
[Discovery e19413b0] Focus selection summary unavailable for synapse analysis (focus=9445026, 65704897)
[Discovery e19413b0] Rust synapse diagnostic for neuron-1731606907: No diagnostics recorded (evaluated=2121, withSamples=2121, targetRecords=4036)
[Discovery e19413b0] Rust synapse diagnostic for neuron-1167640006: No diagnostics recorded (evaluated=2087, withSamples=2087, targetRecords=4036)
[Discovery e19413b0] Rust synapse analysis evaluated 4208 candidate(s) but none produced usable improvement statistics.
[Discovery e19413b0] Rust neuron analysis evaluated 2 focus neuron(s) but found no improvements. Focus neurons: 9445026, 65704897
[Discovery e19413b0] Focus selection summary unavailable for neuron analysis (focus=9445026, 65704897)
[Discovery e19413b0] Rust neuron diagnostic for neuron-1731606907: No diagnostics recorded (evaluated=2135, withSamples=2135, targetRecords=4036)
[Discovery e19413b0] Rust neuron analysis evaluated 2135 candidate(s) but none produced usable improvement statistics.
Discovery e19413b0 candidate collection 1ms helpful synapses: 0 (fallback 0), helpful neurons: 0 (fallback 0), coordinated-structural: 38, harmful synapse removals: 0, synapse meta: found=12 returned=38, neuron meta: found=0 returned=0
Discovery e19413b0 analyze squashes time 562ms found 2 candidates, Summary: neuron-1731606907 ELU -> ABSOLUTE expected: 0.0% error: 0.1419 -> 0.0457,neuron-1167640006 TANH -> SELU expected: 0.0% error: 0.1117 -> 0.1014
2026-06-28T11:06:05.523789Z  WARN neat_ai_discovery::analysis::utils::deadline: Only 17.9s remaining for analysis. Focus selection may have consumed most of the timeout. Consider increasing discoveryAnalysisTimeoutMinutes. remaining_secs=17.902 analysis_type="neuron"
2026-06-28T11:06:05.525157Z  WARN neat_ai_discovery::analysis::utils::deadline: Only 17.9s remaining for analysis. Focus selection may have consumed most of the timeout. Consider increasing discoveryAnalysisTimeoutMinutes. remaining_secs=17.9 analysis_type="synapse"
2026-06-28T11:06:12.302690Z  WARN neat_ai_discovery::ffi_internal::analysis: Issue #1446: discovery pass produced 0 candidates — zeroCandidateSummary attached dominant_rejection_reason="budget_truncated"
Discovery e19413b0 rust combined analysis chunk 2/3 (2 neurons) in 6s 880ms [synapse=gpu]
[Discovery e19413b0] Rust synapse analysis evaluated 2 focus neuron(s) but found no improvements. Focus neurons: 1092344816, 1220740445
[Discovery e19413b0] Focus selection summary unavailable for synapse analysis (focus=1092344816, 1220740445)
[Discovery e19413b0] Rust synapse diagnostic for neuron-1360909362: No diagnostics recorded (evaluated=2186, withSamples=2186, targetRecords=4036)
[Discovery e19413b0] Rust synapse analysis evaluated 2186 candidate(s) but none produced usable improvement statistics.
Discovery e19413b0 candidate collection  helpful synapses: 0 (fallback 0), helpful neurons: 0 (fallback 0), coordinated-structural: 0, harmful synapse removals: 0, synapse meta: found=50 returned=0
Discovery e19413b0 analyze squashes time 578ms found 2 candidates, Summary: legacy-neuron-1285058351 ELU -> ABSOLUTE expected: 0.0% error: 0.1114 -> 0.0219,neuron-1360909362 SELU -> COMPLEMENT expected: 0.0% error: 3922.6846 -> 3315.0025
2026-06-28T11:06:12.987025Z  WARN neat_ai_discovery::analysis::utils::deadline: Only 9.9s remaining for analysis. Focus selection may have consumed most of the timeout. Consider increasing discoveryAnalysisTimeoutMinutes. remaining_secs=9.896 analysis_type="neuron"
2026-06-28T11:06:12.989261Z  WARN neat_ai_discovery::analysis::utils::deadline: Only 9.9s remaining for analysis. Focus selection may have consumed most of the timeout. Consider increasing discoveryAnalysisTimeoutMinutes. remaining_secs=9.894 analysis_type="synapse"
[DynamicPool] 1 idle heavy worker(s) assisting fitness evaluation
[NEAT-AI] Batch scorer partition: 46 forwardOnly batched, 0 recurrent per-creature
[MemoryMonitor] Snapshot: heap=175 MB/180 MB rss=5866 MB external=7 MB wasmActivation=0/1 wasmCompilation=1 (0 MB)
Trained eea407ca Score: 0.7604625753120073, Error: 0.23915133145656414 -> 0.23950532168993083, 👿 -0.000354
Compact eea407ca Score: 0.7578213043787271, Error: 0.23915133145656414 -> 0.24214691262319435, 👿 -0.00300
[DynamicPool] 1 idle heavy worker(s) assisting breeding
2026-06-28T11:06:21.373521Z  WARN neat_ai_discovery::ffi_internal::analysis: Issue #1446: discovery pass produced 0 candidates — zeroCandidateSummary attached dominant_rejection_reason="budget_truncated"
Discovery e19413b0 rust combined analysis chunk 3/3 (2 neurons) in 8s 493ms
Discovery e19413b0 candidate collection  helpful synapses: 0 (fallback 0), helpful neurons: 0 (fallback 0), coordinated-structural: 0, harmful synapse removals: 0
[PreWarm] 29 new templates, 0 cached, 29 unique topologies (66ms)
[Timing] fitness=1005ms breeding=1404ms breedingWorker=1404ms mainThreadOverlap=0ms resultProcessing=0ms memoryEviction=1ms preWarm=66ms pipelineOverlap=72ms sort=0ms writeScores=6ms mutation=382ms deduplication=158ms speciation=6ms total=3590ms
[Utilisation] fitness=0%fast/50%heavy breeding=0%fast/50%heavy overall=8%
[Throughput] wall=3590ms nonFitness=2585ms gensPerHour=1002.8 fast=busy7324ms/idle21396ms/depth46/wait3025ms heavy=busy786ms/idle6394ms/depth1/wait0ms scorer=10.8ms/scored46/creaturesPerSec45.8 corruptParentSkips=0
Generation 11 score 0.9522976737316529 (avg: 0.8816) error 0.0476377022684117 avg time 3s 359ms
[Neat] Waiting for discovery to complete (11/22) - In progress: e19413b0
[Neat] Awaiting 1 in-flight task(s) (1 discovery, 0 training) with 30000ms timeout
Discovery e19413b0 analyze squashes time 587ms found 2 candidates, Summary: neuron-1045831727 SELU -> SQUARE expected: 0.0% error: 6.7774 -> 2.1771,neuron-456557089 SELU -> SQUARE expected: 0.0% error: 1070.7512 -> 686.5289
Discovery e19413b0 accumulated candidate updates; continuing search while time remains.
Discovery e19413b0 retrying with different neurons (1s 544ms remaining, retry 1)
2026-06-28T11:06:23.074913Z  WARN neat_ai_discovery::ffi_internal::analysis: focus_selection_weight_concentration_high: a single neuron dominated the focus-selection roulette; diversity floor / drought rotation applied to spread the focus set raw_weight_concentration_ratio=0.6630580425262451 effective_weight_concentration_ratio=0.1666666716337204 diversity_floor_applied=true rotation_applied=false pool_size=64 focus_set_size=6
[Discovery e19413b0] Weighted error x impact selection prioritised: 1571134190 (weight 0.0000), -2 (weight 0.0000), 698665191 (weight 0.0000), …
[Discovery e19413b0] Wrote focus selection analysis to .discovery/be4c6fe2-aa51-5a1b-b42b-2dcae19413b0/focus-selection-retry-1.json (34 candidates, 6 selected, 0 low-impact)
Discovery e19413b0 selected 5 focus neurons in 1s 114ms (retry 1, 6 already tried)
Discovery e19413b0 focus weight concentration ratio 0.0302
[MemoryMonitor] Snapshot: heap=172 MB/181 MB rss=5577 MB external=6 MB wasmActivation=0/1 wasmCompilation=0 (0 MB)
[DynamicPool] 1 idle heavy worker(s) assisting fitness evaluation
[NEAT-AI] Batch scorer partition: 45 forwardOnly batched, 0 recurrent per-creature
[DynamicPool] 1 idle heavy worker(s) assisting breeding
[PreWarm] 34 new templates, 0 cached, 34 unique topologies (78ms)
[Timing] fitness=654ms breeding=1488ms breedingWorker=1488ms mainThreadOverlap=0ms resultProcessing=0ms preWarm=78ms pipelineOverlap=85ms sort=0ms writeScores=7ms mutation=311ms deduplication=247ms speciation=7ms total=3301ms
[Utilisation] fitness=0%fast/50%heavy breeding=0%fast/50%heavy overall=8%
[Throughput] wall=3301ms nonFitness=2647ms gensPerHour=1090.6 fast=busy7577ms/idle18831ms/depth45/wait3115ms heavy=busy944ms/idle5658ms/depth1/wait0ms scorer=10.7ms/scored45/creaturesPerSec68.8 corruptParentSkips=0
Generation 12 score 0.9522976737316529 (avg: 0.9101) error 0.0476377022684117 avg time 3s 330ms
[Neat] Waiting for discovery to complete (12/22) - In progress: e19413b0
[Neat] Awaiting 1 in-flight task(s) (1 discovery, 0 training) with 30000ms timeout
[DynamicPool] 1 idle heavy worker(s) assisting fitness evaluation
[MemoryMonitor] Snapshot: heap=167 MB/174 MB rss=5569 MB external=6 MB wasmActivation=0/1 wasmCompilation=0 (0 MB)
[NEAT-AI] Batch scorer partition: 46 forwardOnly batched, 0 recurrent per-creature
Skipping discovery: insufficient time (1m remaining, 2m estimated)
Fine tuning increased fitness by 1.1568435098752161e-10 to 0.9522976738473372 adjusted 1 weight 
[DynamicPool] 1 idle heavy worker(s) assisting breeding
[PreWarm] 32 new templates, 0 cached, 32 unique topologies (77ms)
[Timing] fitness=702ms breeding=1424ms breedingWorker=1424ms mainThreadOverlap=0ms resultProcessing=0ms memoryEviction=1ms preWarm=77ms pipelineOverlap=84ms sort=0ms writeScores=7ms mutation=251ms deduplication=187ms speciation=7ms total=3222ms
[Utilisation] fitness=0%fast/50%heavy breeding=0%fast/50%heavy overall=8%
[Throughput] wall=3222ms nonFitness=2520ms gensPerHour=1117.3 fast=busy7009ms/idle18767ms/depth46/wait2895ms heavy=busy851ms/idle5593ms/depth1/wait0ms scorer=10.3ms/scored46/creaturesPerSec65.5 corruptParentSkips=0
Generation 13 score 0.9522976738473372 (avg: 0.9051) error 0.047637702152727376 avg time 3s 322ms
[Neat] Waiting for discovery to complete (13/22) - In progress: e19413b0
[Neat] Awaiting 1 in-flight task(s) (1 discovery, 0 training) with 30000ms timeout
[DynamicPool] 1 idle heavy worker(s) assisting fitness evaluation
[MemoryMonitor] Snapshot: heap=166 MB/171 MB rss=5651 MB external=7 MB wasmActivation=0/1 wasmCompilation=0 (0 MB)
[NEAT-AI] Batch scorer partition: 45 forwardOnly batched, 0 recurrent per-creature
Skipping discovery: insufficient time (1m remaining, 2m estimated)
Fine tuning increased fitness by 1.9885337820824134e-10 to 0.9522976740461906 adjusted 1 weight 
[DynamicPool] 1 idle heavy worker(s) assisting breeding
[PreWarm] 30 new templates, 0 cached, 30 unique topologies (76ms)
[MemoryMonitor] Critical-level response: cleared all WASM caches, activation cap reduced to 1, compilation cache cleared
[MemoryMonitor] Heap: 426 MB / 482 MB (88.5%) [CRITICAL]
[Timing] fitness=652ms breeding=1383ms breedingWorker=1383ms mainThreadOverlap=0ms resultProcessing=0ms preWarm=76ms pipelineOverlap=82ms sort=0ms writeScores=6ms mutation=312ms deduplication=169ms speciation=6ms total=3148ms
[Utilisation] fitness=0%fast/50%heavy breeding=0%fast/50%heavy overall=8%
[Throughput] wall=3148ms nonFitness=2496ms gensPerHour=1143.6 fast=busy6963ms/idle18221ms/depth45/wait2863ms heavy=busy737ms/idle5559ms/depth1/wait0ms scorer=9.3ms/scored45/creaturesPerSec69.0 corruptParentSkips=0
Generation 14 score 0.9522976740461906 (avg: 0.9095) error 0.04763770195387391 avg time 3s 315ms
[Neat] Waiting for discovery to complete (14/22) - In progress: e19413b0
[Neat] Awaiting 1 in-flight task(s) (1 discovery, 0 training) with 30000ms timeout
[DynamicPool] 1 idle heavy worker(s) assisting fitness evaluation
[MemoryMonitor] Snapshot: heap=167 MB/171 MB rss=5669 MB external=7 MB wasmActivation=0/1 wasmCompilation=0 (0 MB)
[NEAT-AI] Batch scorer partition: 42 forwardOnly batched, 0 recurrent per-creature
Fine tuning increased fitness by 3.588860320036247e-10 to 0.9522976744050766 adjusted 1 weight 
[DynamicPool] 1 idle heavy worker(s) assisting breeding
[PreWarm] 28 new templates, 0 cached, 28 unique topologies (85ms)
[Timing] fitness=622ms breeding=1403ms breedingWorker=1403ms mainThreadOverlap=0ms resultProcessing=0ms preWarm=85ms pipelineOverlap=91ms sort=0ms writeScores=6ms mutation=241ms deduplication=176ms speciation=6ms total=3127ms
[Utilisation] fitness=0%fast/50%heavy breeding=0%fast/50%heavy overall=8%
[Throughput] wall=3127ms nonFitness=2505ms gensPerHour=1151.3 fast=busy7018ms/idle17998ms/depth42/wait2841ms heavy=busy817ms/idle5437ms/depth1/wait0ms scorer=9.7ms/scored42/creaturesPerSec67.5 corruptParentSkips=0
Generation 15 score 0.9522976744050766 (avg: 0.9283) error 0.04763770159498795 avg time 3s 313ms
[DynamicPool] 1 idle heavy worker(s) assisting fitness evaluation
[Neat] Discovery timeout reached after wall-clock deadline expired. Clearing stuck discoveries: e19413b0
[NEAT-AI] Batch scorer partition: 43 forwardOnly batched, 0 recurrent per-creature
Fine tuning increased fitness by 7.002299851066596e-10 to 0.9522976751053066 adjusted 1 weight 
[DynamicPool] 1 idle heavy worker(s) assisting breeding
[PreWarm] 28 new templates, 0 cached, 28 unique topologies (75ms)
[Timing] fitness=606ms breeding=1285ms breedingWorker=1285ms mainThreadOverlap=0ms resultProcessing=0ms preWarm=75ms pipelineOverlap=79ms sort=1ms writeScores=4ms mutation=295ms deduplication=266ms speciation=4ms total=3070ms
[Utilisation] fitness=0%fast/50%heavy breeding=0%fast/50%heavy overall=8%
[Throughput] wall=3070ms nonFitness=2464ms gensPerHour=1172.6 fast=busy5564ms/idle18996ms/depth43/wait2264ms heavy=busy734ms/idle5406ms/depth0/wait0ms scorer=9.7ms/scored43/creaturesPerSec71.0 corruptParentSkips=0
Generation 16 score 0.9522976751053066 (avg: 0.9305) error 0.04763770089475797 avg time 307ms
Waiting for training/discovery clean up 2
[DynamicPool] 1 idle heavy worker(s) assisting fitness evaluation
[NEAT-AI] Batch scorer partition: 44 forwardOnly batched, 0 recurrent per-creature
Fine tuning increased fitness by 1.3552422517548735e-9 to 0.9522976764605489 adjusted 1 weight 
[DynamicPool] 1 idle heavy worker(s) assisting breeding
[PreWarm] 28 new templates, 0 cached, 28 unique topologies (77ms)
[Timing] fitness=622ms breeding=1144ms breedingWorker=1144ms mainThreadOverlap=0ms resultProcessing=0ms preWarm=77ms pipelineOverlap=84ms sort=0ms writeScores=7ms mutation=192ms deduplication=230ms speciation=7ms total=2867ms
[Utilisation] fitness=0%fast/50%heavy breeding=0%fast/50%heavy overall=8%
[Throughput] wall=2867ms nonFitness=2245ms gensPerHour=1255.7 fast=busy5047ms/idle17889ms/depth44/wait2065ms heavy=busy712ms/idle5022ms/depth0/wait0ms scorer=12.8ms/scored44/creaturesPerSec70.7 corruptParentSkips=0
Generation 17 score 0.9522976764605489 (avg: 0.9390) error 0.047637699539515736 avg time 287ms
Waiting for training/discovery clean up 1
[DynamicPool] 1 idle heavy worker(s) assisting fitness evaluation
[NEAT-AI] Batch scorer partition: 44 forwardOnly batched, 0 recurrent per-creature
Fine tuning increased fitness by 2.644350627356573e-9 to 0.9522976791048995 adjusted 1 weight 
[DynamicPool] 1 idle heavy worker(s) assisting breeding
[PreWarm] 27 new templates, 0 cached, 27 unique topologies (71ms)
[MemoryMonitor] Snapshot: heap=913 MB/972 MB rss=7250 MB external=51 MB wasmActivation=0/1 wasmCompilation=1 (0 MB)
[Timing] fitness=618ms breeding=1095ms breedingWorker=1095ms mainThreadOverlap=0ms resultProcessing=0ms preWarm=71ms pipelineOverlap=75ms sort=0ms writeScores=4ms mutation=382ms deduplication=217ms speciation=4ms total=3024ms
[Utilisation] fitness=0%fast/50%heavy breeding=0%fast/50%heavy overall=8%
[Throughput] wall=3024ms nonFitness=2406ms gensPerHour=1190.5 fast=busy5110ms/idle19082ms/depth44/wait2090ms heavy=busy610ms/idle5438ms/depth0/wait0ms scorer=10.3ms/scored44/creaturesPerSec71.2 corruptParentSkips=0
Generation 18 score 0.9522976791048995 (avg: 0.9416) error 0.04763769689516502 avg time 303ms
2026-06-28T11:08:43.583Z [INFO] [EvolveApp] [pid-58990] Evolution result {"error":0.04763769689516502,"score":0.9522976791048995,"generation":18,"time":250167,"startScore":0.9522702893489422}
2026-06-28T11:08:43.784Z [INFO] [saveValidatedCreatureExport] [pid-58990] [forward-only] saved file=../GRQ-location/v1/CANADA.json uuid=40812069-9391-5b6d-b89c-589ea9eb6855
2026-06-28T11:08:43.802Z [INFO] [EvolveApp] [pid-58990] [EvolveApp:location] pre-iteration flush: symbol=CANADA, heap 937->20/158 MB, rss 3721->3721 MB, external 53->53 MB, arrayBuffers 0->0 MB, cleared 33 caches, disposed 50 creatures, gc=yes, wasm=skip
2026-06-28T11:08:43.811Z [INFO] [EvolveApp] [pid-58990] [EvolveApp:location] pre-iteration flush: symbol=CANADA, heap 20->19/85 MB, rss 3721->3720 MB, external 5->5 MB, arrayBuffers 0->0 MB, cleared 33 caches, disposed 0 creatures, gc=yes, wasm=skip
2026-06-28T11:08:43.874Z [INFO] [EvolveApp] [pid-58990] process CANADA lvl: 3
2026-06-28T11:08:43.976Z [INFO] [EvolveApp] [pid-58990] loaded ../GRQ-portfolio/best/location/v1/CANADA.json
2026-06-28T11:08:45.546Z [INFO] [EvolveApp] [pid-58990] 1 mutation, mutation rate 5.0%, elitism 7, mutation ALL, selection TOURNAMENT
2026-06-28T11:08:45.546Z [INFO] [EvolveApp] [pid-58990] Creature count: 50
DeDuplication of 1 creatures to 50 in 375ms (previous experiment )
[DynamicPool] 2 idle heavy worker(s) assisting fitness evaluation
[NEAT-AI] Batch scorer partition: 50 forwardOnly batched, 0 recurrent per-creature
Discovery a9eb6855 scheduled
[Neat] Adaptive discovery timeout: 10.00m (neurons=2239, synapses=4642), effective=3.50m, analysis=0.50m, total=4.00m of 4m budget
[Neat] Discovery request sent to worker for a9eb6855
[WorkerHandler] Posting discovery request to worker (taskID: 2)
Training a9eb6855 scheduled
Training dad64298 scheduled
Training fe7395b6 scheduled
Training 8abd3bac scheduled
Training da8d8653 scheduled
Training 046ed2f5 scheduled
Training 84b0a621 scheduled
Training 4fa1ef0e scheduled
Training eea407ca scheduled
Training 72602d52 scheduled
[neat-ai] running version 5.7.3
[neat-ai] running version 5.7.3
Training a9eb6855 with 1 binary file, target error: 0.05, iterations: 1, sample rate: 100%, sparse: 100%
[neat-ai] running version 5.7.3
[neat-ai] running version 5.7.3
[neat-ai] running version 5.7.3
[neat-ai] running version 5.7.3
[neat-ai] running version 5.7.3
[neat-ai] running version 5.7.3
[neat-ai] running version 5.7.3
[neat-ai] running version 5.7.3
[Worker] Starting discovery for creature (taskID: 2)...
✅ GPU acceleration enabled via Vulkan.
Training dad64298 with 1 binary file, target error: 0.05, iterations: 1, sample rate: 100%, sparse: 100%
[PreWarm] 17 new templates, 2 cached, 19 unique topologies (61ms)
[MemoryMonitor] Heap: 245 MB / 284 MB (86.4%) [CRITICAL]
[Timing] fitness=409ms breeding=1596ms breedingWorker=1595ms mainThreadOverlap=0ms resultProcessing=0ms memoryEviction=1ms preWarm=61ms pipelineOverlap=65ms sort=0ms writeScores=4ms mutation=45ms deduplication=156ms speciation=4ms total=2686ms
[Utilisation] fitness=0%fast/0%heavy breeding=0%fast/100%heavy overall=14%
[Throughput] wall=2686ms nonFitness=2277ms gensPerHour=1340.3 fast=busy8793ms/idle12695ms/depth50/wait3693ms heavy=busy0ms/idle5372ms/depth11/wait0ms scorer=3.8ms/scored50/creaturesPerSec122.2 corruptParentSkips=0
Generation 1 score 0.9522976791048995 (avg: 0.5830) error 0.04763769689516502 avg time 269ms
Set training/discovery clean up count to 2
Avg time per generation: 5306ms, max wait: 56 generations in 5 minutes
Discovery timeout set to 22 generations (based on limiting factor)
[Neat] Waiting for discovery to complete (1/22) - In progress: a9eb6855
[Neat] Awaiting 11 in-flight task(s) (1 discovery, 10 training) with 30000ms timeout
Training dad64298 caused a higher error of 0.06117911280984865 from 0.06117904770899733
Training fe7395b6 with 1 binary file, target error: 0.05, iterations: 1, sample rate: 100%, sparse: 100%
[NEAT-AI] Batch scorer partition: 27 forwardOnly batched, 0 recurrent per-creature
Training dad64298 completed after 8s 284ms
Training dad64298 compacted
[PreWarm] 19 new templates, 0 cached, 19 unique topologies (64ms)
[MemoryMonitor] Heap: 240 MB / 307 MB (78.2%) [WARNING]
[Timing] fitness=405ms breeding=1275ms breedingWorker=1275ms mainThreadOverlap=16ms resultProcessing=16ms memoryEviction=1ms preWarm=64ms pipelineOverlap=84ms sort=0ms writeScores=4ms mutation=67ms deduplication=186ms speciation=4ms total=2349ms
[Utilisation] fitness=0%fast/100%heavy breeding=0%fast/100%heavy overall=17%
[Throughput] wall=2349ms nonFitness=1944ms gensPerHour=1532.6 fast=busy6324ms/idle12468ms/depth32/wait2372ms heavy=busy0ms/idle4698ms/depth10/wait0ms scorer=5.8ms/scored27/creaturesPerSec66.7 corruptParentSkips=0
Generation 2 score 0.9522976791048995 (avg: -7166.2140) error 0.04763769689516502 avg time 1s 47ms
[Neat] Waiting for discovery to complete (2/22) - In progress: a9eb6855
[Neat] Awaiting 10 in-flight task(s) (1 discovery, 9 training) with 30000ms timeout
Training a9eb6855 caused a higher error of 0.04763800284399709 from 0.04763769689516502
[DynamicPool] 1 idle heavy worker(s) assisting fitness evaluation
[NEAT-AI] Batch scorer partition: 29 forwardOnly batched, 0 recurrent per-creature
Fine dad64298 Score: 0.9382255056319543, Error: 0.06117904770899733 -> 0.06173622336996117, 👿 -0.000557, Variant: undershot
Trained dad64298 Score: 0.9381995448532167, Error: 0.06117904770899733 -> 0.06176218414869881, 👿 -0.000583
Fine dad64298 Score: 0.9381554217376117, Error: 0.06117904770899733 -> 0.06180630726430382, 👿 -0.000627, Variant: overshot
Compact dad64298 Score: 0.8185873853940646, Error: 0.06117904770899733 -> 0.18137475360782998, 👿 -0.120
Fine tuning increased fitness by 0.00001095438812837024 to 0.9523086334930279 adjusted 2 weights, 1 bias 
[DynamicPool] 1 idle heavy worker(s) assisting breeding
Training a9eb6855 completed after 11s 787ms
Training a9eb6855 compacted
[PreWarm] 19 new templates, 0 cached, 19 unique topologies (78ms)
[Timing] fitness=397ms breeding=993ms breedingWorker=993ms mainThreadOverlap=30ms resultProcessing=30ms preWarm=78ms pipelineOverlap=111ms sort=0ms writeScores=3ms mutation=78ms deduplication=146ms speciation=3ms total=2245ms
[Utilisation] fitness=0%fast/50%heavy breeding=0%fast/50%heavy overall=8%
[Throughput] wall=2245ms nonFitness=1848ms gensPerHour=1603.6 fast=busy4740ms/idle13220ms/depth29/wait1716ms heavy=busy475ms/idle4015ms/depth9/wait185ms scorer=3.8ms/scored29/creaturesPerSec73.0 corruptParentSkips=0
Generation 3 score 0.9523086334930279 (avg: -6769.7541) error 0.04762674250703666 avg time 254ms
[Neat] Waiting for discovery to complete (3/22) - In progress: a9eb6855
[Neat] Awaiting 9 in-flight task(s) (1 discovery, 8 training) with 30000ms timeout
Training 8abd3bac with 1 binary file, target error: 0.05, iterations: 1, sample rate: 100%, sparse: 100%
[DynamicPool] 1 idle heavy worker(s) assisting fitness evaluation
[MemoryMonitor] Critical-level response: cleared all WASM caches, activation cap reduced to 1, compilation cache cleared
[NEAT-AI] Batch scorer partition: 36 forwardOnly batched, 0 recurrent per-creature
Compact a9eb6855 Score: 0.9522565562928805, Error: 0.04763769689516502 -> 0.04767933970718392, 👿 -0.0000416
Trained a9eb6855 Score: 0.9518433822094482, Error: 0.04763769689516502 -> 0.04809199379061632, 👿 -0.000454
Fine a9eb6855 Score: 0.9506173654881078, Error: 0.04763769689516502 -> 0.049318010511956736, 👿 -0.00168, Variant: overshot
Fine a9eb6855 Score: 0.9470517287956597, Error: 0.04763769689516502 -> 0.0528836472044049, 👿 -0.00525, Variant: undershot
[DynamicPool] 1 idle heavy worker(s) assisting breeding
Training fe7395b6 completed after 8s 633ms
Training fe7395b6 compacted
[PreWarm] 31 new templates, 0 cached, 31 unique topologies (91ms)
[MemoryMonitor] Snapshot: heap=512 MB/556 MB rss=3819 MB external=41 MB wasmActivation=0/1 wasmCompilation=1 (0 MB)
[Timing] fitness=581ms breeding=1240ms breedingWorker=1240ms mainThreadOverlap=7ms resultProcessing=7ms preWarm=91ms pipelineOverlap=102ms sort=0ms writeScores=4ms mutation=34ms deduplication=283ms speciation=4ms total=2608ms
[Utilisation] fitness=0%fast/50%heavy breeding=0%fast/50%heavy overall=9%
[Throughput] wall=2608ms nonFitness=2027ms gensPerHour=1380.4 fast=busy5821ms/idle15043ms/depth36/wait2264ms heavy=busy722ms/idle4494ms/depth8/wait271ms scorer=5.6ms/scored36/creaturesPerSec62.0 corruptParentSkips=0
Generation 4 score 0.9523086334930279 (avg: 0.8164) error 0.04762674250703666 avg time 621ms
[Neat] Waiting for discovery to complete (4/22) - In progress: a9eb6855
[Neat] Awaiting 8 in-flight task(s) (1 discovery, 7 training) with 30000ms timeout
Training da8d8653 with 1 binary file, target error: 0.05, iterations: 1, sample rate: 100%, sparse: 100%
[DynamicPool] 1 idle heavy worker(s) assisting fitness evaluation
[NEAT-AI] Batch scorer partition: 42 forwardOnly batched, 0 recurrent per-creature
Compact fe7395b6 Score: 0.8711300205135791, Error: 0.12883163865431357 -> 0.1288316384883118, 👌 1.66e-10
Trained fe7395b6 Score: 0.8595919913460556, Error: 0.12883163865431357 -> 0.14036948765584104, 👿 -0.0115
[DynamicPool] 1 idle heavy worker(s) assisting breeding
Training 8abd3bac completed after 7s 686ms
Training 8abd3bac compacted
[PreWarm] 33 new templates, 0 cached, 33 unique topologies (101ms)
[Timing] fitness=627ms breeding=1336ms breedingWorker=1336ms mainThreadOverlap=6ms resultProcessing=6ms preWarm=101ms pipelineOverlap=111ms sort=0ms writeScores=4ms mutation=0ms deduplication=301ms speciation=4ms total=2699ms
[Utilisation] fitness=0%fast/50%heavy breeding=0%fast/50%heavy overall=9%
[Throughput] wall=2699ms nonFitness=2072ms gensPerHour=1333.8 fast=busy6455ms/idle15137ms/depth42/wait2613ms heavy=busy860ms/idle4538ms/depth7/wait307ms scorer=5.6ms/scored42/creaturesPerSec67.0 corruptParentSkips=0
Generation 5 score 0.9523086334930279 (avg: 0.8323) error 0.04762674250703666 avg time 779ms
[Neat] Waiting for discovery to complete (5/22) - In progress: a9eb6855
[Neat] Awaiting 7 in-flight task(s) (1 discovery, 6 training) with 30000ms timeout
Training 046ed2f5 with 1 binary file, target error: 0.05, iterations: 1, sample rate: 100%, sparse: 100%
[MemoryMonitor] Snapshot: heap=624 MB/675 MB rss=3803 MB external=56 MB wasmActivation=0/1 wasmCompilation=0 (0 MB)
[DynamicPool] 1 idle heavy worker(s) assisting fitness evaluation
[NEAT-AI] Batch scorer partition: 42 forwardOnly batched, 0 recurrent per-creature
Compact 8abd3bac Score: 0.7996464950175515, Error: 0.1956583122096153 -> 0.2003174509853207, 👿 -0.00466
Trained 8abd3bac Score: 0.7896181730198828, Error: 0.1956583122096153 -> 0.2103453629829837, 👿 -0.0147
[DynamicPool] 1 idle heavy worker(s) assisting breeding
Training da8d8653 completed after 9s 189ms
Training da8d8653 compacted
[PreWarm] 33 new templates, 0 cached, 33 unique topologies (90ms)
[Timing] fitness=698ms breeding=1448ms breedingWorker=1448ms mainThreadOverlap=10ms resultProcessing=10ms memoryEviction=1ms preWarm=90ms pipelineOverlap=105ms sort=0ms writeScores=5ms mutation=57ms deduplication=249ms speciation=5ms total=2873ms
[Utilisation] fitness=0%fast/50%heavy breeding=0%fast/50%heavy overall=9%
[Throughput] wall=2873ms nonFitness=2175ms gensPerHour=1253.0 fast=busy7771ms/idle15213ms/depth42/wait3145ms heavy=busy1037ms/idle4709ms/depth6/wait346ms scorer=7.8ms/scored42/creaturesPerSec60.2 corruptParentSkips=0
Generation 6 score 0.9523086334930279 (avg: 0.8162) error 0.04762674250703666 avg time 939ms
[Neat] Waiting for discovery to complete (6/22) - In progress: a9eb6855
[Neat] Awaiting 6 in-flight task(s) (1 discovery, 5 training) with 30000ms timeout
Training 84b0a621 with 1 binary file, target error: 0.05, iterations: 1, sample rate: 100%, sparse: 100%
[DynamicPool] 1 idle heavy worker(s) assisting fitness evaluation
[NEAT-AI] Batch scorer partition: 42 forwardOnly batched, 0 recurrent per-creature
Trained da8d8653 Score: 0.7111523420914716, Error: 0.20847543354871753 -> 0.2888018709104538, 👿 -0.0803
Compact da8d8653 Score: 0.5899142332114257, Error: 0.20847543354871753 -> 0.4100402697903118, 👿 -0.202
[DynamicPool] 1 idle heavy worker(s) assisting breeding
Training 046ed2f5 completed after 10s 67ms
Training 046ed2f5 compacted
[PreWarm] 33 new templates, 0 cached, 33 unique topologies (87ms)
[Timing] fitness=671ms breeding=1527ms breedingWorker=1527ms mainThreadOverlap=14ms resultProcessing=14ms preWarm=87ms pipelineOverlap=110ms sort=0ms writeScores=9ms mutation=86ms deduplication=245ms speciation=9ms total=2905ms
[Utilisation] fitness=0%fast/50%heavy breeding=0%fast/50%heavy overall=9%
[Throughput] wall=2905ms nonFitness=2234ms gensPerHour=1239.2 fast=busy7696ms/idle15544ms/depth42/wait3115ms heavy=busy886ms/idle4924ms/depth5/wait266ms scorer=6.0ms/scored42/creaturesPerSec62.6 corruptParentSkips=0
Generation 7 score 0.9523086334930279 (avg: 0.8276) error 0.04762674250703666 avg time 1s 11ms
[Neat] Waiting for discovery to complete (7/22) - In progress: a9eb6855
[Neat] Awaiting 5 in-flight task(s) (1 discovery, 4 training) with 30000ms timeout
Training 4fa1ef0e with 1 binary file, target error: 0.05, iterations: 1, sample rate: 100%, sparse: 100%
[DynamicPool] 1 idle heavy worker(s) assisting fitness evaluation
[NEAT-AI] Batch scorer partition: 41 forwardOnly batched, 0 recurrent per-creature
Compact 046ed2f5 Score: 0.7646820345673515, Error: 0.227495389433614 -> 0.23526484643334758, 👿 -0.00777
Trained 046ed2f5 Score: 0.7370127550599125, Error: 0.227495389433614 -> 0.2629319059407954, 👿 -0.0354
[DynamicPool] 1 idle heavy worker(s) assisting breeding
Training 84b0a621 completed after 8s 800ms
Training 84b0a621 compacted
[PreWarm] 31 new templates, 0 cached, 31 unique topologies (93ms)
[Timing] fitness=632ms breeding=1387ms breedingWorker=1387ms mainThreadOverlap=8ms resultProcessing=8ms preWarm=93ms pipelineOverlap=105ms sort=0ms writeScores=4ms mutation=24ms deduplication=240ms speciation=4ms total=2673ms
[Utilisation] fitness=0%fast/50%heavy breeding=0%fast/50%heavy overall=9%
[Throughput] wall=2673ms nonFitness=2041ms gensPerHour=1346.8 fast=busy7109ms/idle14275ms/depth41/wait2861ms heavy=busy788ms/idle4558ms/depth4/wait197ms scorer=5.6ms/scored41/creaturesPerSec64.9 corruptParentSkips=0
Generation 8 score 0.9523086334930279 (avg: 0.4162) error 0.04762674250703666 avg time 857ms
[Neat] Waiting for discovery to complete (8/22) - In progress: a9eb6855
[Neat] Awaiting 4 in-flight task(s) (1 discovery, 3 training) with 30000ms timeout
Training 4fa1ef0e caused a higher error of 0.23480385781368476 from 0.23478922359624801
Training eea407ca with 1 binary file, target error: 0.05, iterations: 1, sample rate: 100%, sparse: 100%
Training 4fa1ef0e caused a higher error of 0.23480385781368476 from 0.23478922359624801 and no tuning
[DynamicPool] 1 idle heavy worker(s) assisting fitness evaluation
[NEAT-AI] Batch scorer partition: 41 forwardOnly batched, 0 recurrent per-creature
Trained 84b0a621 Score: 0.7700994036020904, Error: 0.2289408409966984 -> 0.22985894739970406, 👿 -0.000918
Compact 84b0a621 Score: 0.7638802388224081, Error: 0.2289408409966984 -> 0.23607861517937095, 👿 -0.00714
[DynamicPool] 1 idle heavy worker(s) assisting breeding
Training 4fa1ef0e completed after 8s 404ms
Training 4fa1ef0e compacted
[PreWarm] 33 new templates, 0 cached, 33 unique topologies (87ms)
[Timing] fitness=594ms breeding=1407ms breedingWorker=1407ms mainThreadOverlap=7ms resultProcessing=7ms preWarm=87ms pipelineOverlap=99ms sort=0ms writeScores=5ms mutation=0ms deduplication=244ms speciation=5ms total=2560ms
[Utilisation] fitness=0%fast/50%heavy breeding=0%fast/50%heavy overall=9%
[Throughput] wall=2560ms nonFitness=1966ms gensPerHour=1406.3 fast=busy7208ms/idle13272ms/depth41/wait2901ms heavy=busy789ms/idle4331ms/depth3/wait132ms scorer=5.3ms/scored41/creaturesPerSec69.0 corruptParentSkips=0
Generation 9 score 0.9523086334930279 (avg: -195.3195) error 0.04762674250703666 avg time 830ms
[Neat] Waiting for discovery to complete (9/22) - In progress: a9eb6855
[Neat] Awaiting 3 in-flight task(s) (1 discovery, 2 training) with 30000ms timeout
[DynamicPool] 1 idle heavy worker(s) assisting fitness evaluation
[NEAT-AI] Batch scorer partition: 39 forwardOnly batched, 0 recurrent per-creature
Training 72602d52 with 1 binary file, target error: 0.05, iterations: 1, sample rate: 100%, sparse: 100%
Trained 4fa1ef0e Score: 0.7567133930308351, Error: 0.23478922359624801 -> 0.24324454997108416, 👿 -0.00846
Compact 4fa1ef0e Score: 0.6654107516049466, Error: 0.23478922359624801 -> 0.3345476113951442, 👿 -0.0998
Fine tuning increased fitness by 2.3956526762347607e-8 to 0.9523086574495546 adjusted 2 weights, 1 bias 
[DynamicPool] 1 idle heavy worker(s) assisting breeding
Training eea407ca completed after 6s 712ms
Training eea407ca compacted
[PreWarm] 31 new templates, 0 cached, 31 unique topologies (92ms)
[MemoryMonitor] Critical-level response: cleared all WASM caches, activation cap reduced to 1, compilation cache cleared
[Timing] fitness=562ms breeding=1162ms breedingWorker=1162ms mainThreadOverlap=5ms resultProcessing=5ms preWarm=92ms pipelineOverlap=101ms sort=0ms writeScores=4ms mutation=72ms deduplication=216ms speciation=4ms total=2467ms
[Utilisation] fitness=0%fast/50%heavy breeding=0%fast/50%heavy overall=9%
[Throughput] wall=2467ms nonFitness=1905ms gensPerHour=1459.3 fast=busy5530ms/idle14206ms/depth39/wait2198ms heavy=busy646ms/idle4288ms/depth2/wait0ms scorer=5.0ms/scored39/creaturesPerSec69.4 corruptParentSkips=0
Generation 10 score 0.9523086574495546 (avg: -411.6197) error 0.0476267185505099 avg time 662ms
[Neat] Waiting for discovery to complete (10/22) - In progress: a9eb6855
[Neat] Awaiting 2 in-flight task(s) (1 discovery, 1 training) with 30000ms timeout
Discovery a9eb6855 with 1 binary files, sample rate: 100%, batch size: 128
[DiskSpace] Discovery directory usage at discovery start: 0.00 MB across 1 file (.discovery/40812069-9391-5b6d-b89c-589ea9eb6855).
Discovery a9eb6855 initialize time 
Training 72602d52 caused a higher error of 0.23963197123176092 from 0.2396319578015327
Training 72602d52 caused a higher error of 0.23963197123176092 from 0.2396319578015327 and no tuning
[DynamicPool] 1 idle heavy worker(s) assisting fitness evaluation
[NEAT-AI] Batch scorer partition: 41 forwardOnly batched, 0 recurrent per-creature
Compact eea407ca Score: 0.7606292935506944, Error: 0.23915133145656414 -> 0.2393388234512338, 👿 -0.000187
Trained eea407ca Score: 0.7603639883918217, Error: 0.23915133145656414 -> 0.2396039186101156, 👿 -0.000453
Discovery a9eb6855 drained promises after 10 batches
[DynamicPool] 1 idle heavy worker(s) assisting breeding
Training 72602d52 completed after 7s 673ms
Training 72602d52 compacted
[PreWarm] 29 new templates, 0 cached, 29 unique topologies (75ms)
[MemoryMonitor] Snapshot: heap=544 MB/587 MB rss=4230 MB external=51 MB wasmActivation=0/1 wasmCompilation=1 (0 MB)
[Timing] fitness=595ms breeding=1236ms breedingWorker=1236ms mainThreadOverlap=6ms resultProcessing=6ms preWarm=75ms pipelineOverlap=86ms sort=0ms writeScores=5ms mutation=0ms deduplication=235ms speciation=5ms total=2550ms
[Utilisation] fitness=0%fast/50%heavy breeding=0%fast/50%heavy overall=8%
[Throughput] wall=2550ms nonFitness=1955ms gensPerHour=1411.8 fast=busy5842ms/idle14558ms/depth41/wait2351ms heavy=busy775ms/idle4325ms/depth1/wait0ms scorer=5.3ms/scored41/creaturesPerSec68.9 corruptParentSkips=0
Generation 11 score 0.9523095986738893 (avg: -2102.5969) error 0.04762577732617529 avg time 777ms
[Neat] Waiting for discovery to complete (11/22) - In progress: a9eb6855
[Neat] Awaiting 1 in-flight task(s) (1 discovery, 0 training) with 30000ms timeout
Discovery a9eb6855 drained promises after 10 batches
Discovery a9eb6855 drained promises after 10 batches
Discovery a9eb6855 scanning time 7s 494ms
[DiskSpace] Discovery directory usage at after recording: 136.64 MB across 7 files (.discovery/40812069-9391-5b6d-b89c-589ea9eb6855).
Discovery a9eb6855 recorded time 8s 978ms
[Discovery a9eb6855] Released record-phase retainers before analysis heap check: 4036 index entries, 0 accumulated samples.
Discovery a9eb6855 analysis timeout extended by 0.5m
2026-06-28T11:10:19.231352Z  WARN neat_ai_discovery::ffi_internal::analysis: focus_selection_weight_concentration_high: a single neuron dominated the focus-selection roulette; diversity floor / drought rotation applied to spread the focus set raw_weight_concentration_ratio=0.6636520624160767 effective_weight_concentration_ratio=0.1666666716337204 diversity_floor_applied=true rotation_applied=false pool_size=64 focus_set_size=6
[Discovery a9eb6855] Weighted error x impact selection prioritised: 1633392919 (weight 0.0000), 1665046598 (weight 0.0000), 1889209167 (weight 0.0000), …
[Discovery a9eb6855] Wrote focus selection analysis to .discovery/40812069-9391-5b6d-b89c-589ea9eb6855/focus-selection.json (34 candidates, 6 selected, 0 low-impact)
Discovery a9eb6855 selected 6 focus neurons in 4s 187ms
Discovery a9eb6855 focus weight concentration ratio 0.0302
2026-06-28T11:10:19.332912Z  WARN neat_ai_discovery::analysis::utils::deadline: Only 25.7s remaining for analysis. Focus selection may have consumed most of the timeout. Consider increasing discoveryAnalysisTimeoutMinutes. remaining_secs=25.716 analysis_type="neuron"
2026-06-28T11:10:19.335592Z  WARN neat_ai_discovery::analysis::utils::deadline: Only 25.7s remaining for analysis. Focus selection may have consumed most of the timeout. Consider increasing discoveryAnalysisTimeoutMinutes. remaining_secs=25.713 analysis_type="synapse"
[DynamicPool] 1 idle heavy worker(s) assisting fitness evaluation
[MemoryMonitor] Snapshot: heap=152 MB/154 MB rss=5794 MB external=3 MB wasmActivation=0/1 wasmCompilation=0 (0 MB)
[NEAT-AI] Batch scorer partition: 40 forwardOnly batched, 0 recurrent per-creature
Trained 72602d52 Score: 0.7618620984828475, Error: 0.2396319578015327 -> 0.23810001451724275, 👌 0.00153
Compact 72602d52 Score: 0.759990442889187, Error: 0.2396319578015327 -> 0.23997204011090317, 👿 -0.000340
Fine tuning increased fitness by 0.0000016567221748919891 to 0.9523112553960642 adjusted 3 weights, 1 bias 
[DynamicPool] 1 idle heavy worker(s) assisting breeding
[PreWarm] 24 new templates, 1 cached, 25 unique topologies (74ms)
[MemoryMonitor] Warning-level response: activation cache cap already at minimum (1); evicted 1 oldest entry
[Timing] fitness=611ms breeding=1266ms breedingWorker=1266ms mainThreadOverlap=0ms resultProcessing=0ms preWarm=74ms pipelineOverlap=79ms sort=0ms writeScores=5ms mutation=0ms deduplication=279ms speciation=5ms total=2804ms
[Utilisation] fitness=0%fast/50%heavy breeding=0%fast/50%heavy overall=8%
[Throughput] wall=2804ms nonFitness=2193ms gensPerHour=1283.9 fast=busy6216ms/idle16216ms/depth40/wait2486ms heavy=busy650ms/idle4958ms/depth1/wait0ms scorer=4.9ms/scored40/creaturesPerSec65.5 corruptParentSkips=0
Generation 12 score 0.9523112553960642 (avg: -4088.0559) error 0.04762412060400037 avg time 3s 281ms
[Neat] Waiting for discovery to complete (12/22) - In progress: a9eb6855
[Neat] Awaiting 1 in-flight task(s) (1 discovery, 0 training) with 30000ms timeout
2026-06-28T11:10:45.149201Z  WARN neat_ai_discovery::ffi_internal::analysis: Issue #1446: discovery pass produced 0 candidates — zeroCandidateSummary attached dominant_rejection_reason="target_saturated"
Discovery a9eb6855 rust combined analysis chunk 1/3 (2 neurons) in 25s 916ms [synapse=gpu neuron=gpu]
[Discovery a9eb6855] Rust synapse analysis evaluated 2 focus neuron(s) but found no improvements. Focus neurons: 1633392919, 1665046598
[Discovery a9eb6855] Focus selection summary unavailable for synapse analysis (focus=1633392919, 1665046598)
[Discovery a9eb6855] Rust synapse diagnostic for neuron-685591439: Zero net improvement observed (evaluated=2097, withSamples=2097, targetRecords=4036, source=input-223, samples=191, improved=0/worsened=0, threshold=0.00%)
[Discovery a9eb6855] Rust synapse diagnostic for neuron-1514164315: No diagnostics recorded (evaluated=0, withSamples=0, targetRecords=4036)
[Discovery a9eb6855] Rust synapse analysis evaluated 2097 candidate(s) but none produced usable improvement statistics.
[Discovery a9eb6855] Rust neuron analysis evaluated 2 focus neuron(s) but found no improvements. Focus neurons: 1633392919, 1665046598
[Discovery a9eb6855] Focus selection summary unavailable for neuron analysis (focus=1633392919, 1665046598)
[Discovery a9eb6855] Rust neuron diagnostic for neuron-1514164315: No diagnostics recorded (evaluated=2230, withSamples=2230, targetRecords=4036)
[Discovery a9eb6855] Rust neuron analysis evaluated 2230 candidate(s) but none produced usable improvement statistics.
Discovery a9eb6855 candidate collection 1ms helpful synapses: 0 (fallback 0), helpful neurons: 0 (fallback 0), coordinated-structural: 0, harmful synapse removals: 0, synapse meta: found=50 returned=0, neuron meta: found=0 returned=0
Discovery a9eb6855 analyze squashes time 599ms found 0 candidates
Discovery a9eb6855 analysis timeout reached after evaluating 6 neuron(s)
Discovery a9eb6855 analysis complete, total time 39s 682ms, starting cleanup...
Discovery a9eb6855 performing cleanup...
Discovery a9eb6855 cleanup scheduled (async, non-blocking - results will be returned immediately).
[DiskSpace] Discovery directory usage at before cleanup: 68.60 MB across 4 files (.discovery/40812069-9391-5b6d-b89c-589ea9eb6855).

============================================================
Discovery Performance Summary a9eb6855
============================================================

📊 Record Phase:
  Records processed: 4,036
  Files processed: 1
  File processing: 7s 492ms
  Promise wait: 2ms
  Total record phase: 0d 0h 0m 8s 978ms 0µs 0ns
  Records/sec: 450

🔍 Analysis Phase:
  Neurons analyzed: 6
  Retry attempts: 0
  Focus selection: 4s 187ms
  Rust combined analysis: 25s 916ms
  Squash analysis: 599ms
  Total analysis phase: 0d 0h 0m 30s 703ms 0µs 0ns
  Neurons/sec: 0

🎯 Candidates Found:
  Helpful synapses: 0
  Helpful neurons: 0
  Coordinated structural: 0
  Harmful synapses: 0
  Harmful neurons: 0
  Squash changes: 0
  Removal candidates: 0

⏱️  Overall:
  Total time: 0d 0h 0m 39s 685ms 0µs 0ns
============================================================

[Worker] Discovery complete for creature (taskID: 2), preparing response...
[Worker] Returning discovery response (taskID: 2)...
[Neat] Discovery completed for a9eb6855 after 117.1s
[DynamicPool] 2 idle heavy worker(s) assisting fitness evaluation
[NEAT-AI] Batch scorer partition: 38 forwardOnly batched, 0 recurrent per-creature
Discovery a9eb6855 cleanup complete.
Skipping discovery: insufficient time (2m remaining, 3m estimated)
Fine tuning increased fitness by 0.0000028340682352023805 to 0.9523140894642994 adjusted 3 weights, 1 bias 
[DynamicPool] 2 idle heavy worker(s) assisting breeding
[PreWarm] 20 new templates, 1 cached, 21 unique topologies (67ms)
[Timing] fitness=533ms breeding=1089ms breedingWorker=1089ms mainThreadOverlap=0ms resultProcessing=0ms preWarm=67ms pipelineOverlap=71ms sort=0ms writeScores=4ms mutation=50ms deduplication=246ms speciation=4ms total=2397ms
[Utilisation] fitness=0%fast/0%heavy breeding=0%fast/0%heavy overall=0%
[Throughput] wall=2397ms nonFitness=1864ms gensPerHour=1501.9 fast=busy5286ms/idle13890ms/depth38/wait2087ms heavy=busy1380ms/idle3414ms/depth0/wait0ms scorer=5.0ms/scored38/creaturesPerSec71.3 corruptParentSkips=0
Generation 13 score 0.9523140894642994 (avg: 0.3954) error 0.04762128653576511 avg time 672ms
Waiting for training/discovery clean up 2
[DynamicPool] 2 idle heavy worker(s) assisting fitness evaluation
[NEAT-AI] Batch scorer partition: 38 forwardOnly batched, 0 recurrent per-creature
Skipping discovery: insufficient time (2m remaining, 3m estimated)
Fine tuning increased fitness by 0.0000028661027230425518 to 0.9523169555670224 adjusted 3 weights, 1 bias 
[DynamicPool] 2 idle heavy worker(s) assisting breeding
[PreWarm] 22 new templates, 1 cached, 23 unique topologies (82ms)
[MemoryMonitor] Snapshot: heap=546 MB/598 MB rss=6146 MB external=45 MB wasmActivation=0/1 wasmCompilation=1 (0 MB)
[Timing] fitness=530ms breeding=1002ms breedingWorker=1002ms mainThreadOverlap=0ms resultProcessing=0ms preWarm=82ms pipelineOverlap=86ms sort=0ms writeScores=4ms mutation=68ms deduplication=218ms speciation=4ms total=2356ms
[Utilisation] fitness=0%fast/0%heavy breeding=0%fast/0%heavy overall=0%
[Throughput] wall=2356ms nonFitness=1826ms gensPerHour=1528.0 fast=busy4717ms/idle14131ms/depth38/wait1862ms heavy=busy1228ms/idle3484ms/depth0/wait0ms scorer=5.3ms/scored38/creaturesPerSec71.7 corruptParentSkips=0
Generation 14 score 0.9523169555670224 (avg: 0.9039) error 0.04761842043304211 avg time 236ms
Waiting for training/discovery clean up 1
[DynamicPool] 2 idle heavy worker(s) assisting fitness evaluation
[NEAT-AI] Batch scorer partition: 39 forwardOnly batched, 0 recurrent per-creature
Skipping discovery: insufficient time (2m remaining, 3m estimated)
Fine tuning increased fitness by 0.0000039962160074402675 to 0.9523209517830299 adjusted 3 weights, 1 bias 
[DynamicPool] 2 idle heavy worker(s) assisting breeding
[PreWarm] 24 new templates, 0 cached, 24 unique topologies (80ms)
[MemoryMonitor] Heap: 681 MB / 730 MB (93.3%) [CRITICAL]
[Timing] fitness=538ms breeding=1036ms breedingWorker=1036ms mainThreadOverlap=0ms resultProcessing=0ms preWarm=80ms pipelineOverlap=84ms sort=0ms writeScores=4ms mutation=23ms deduplication=224ms speciation=4ms total=2387ms
[Utilisation] fitness=0%fast/0%heavy breeding=0%fast/0%heavy overall=0%
[Throughput] wall=2387ms nonFitness=1849ms gensPerHour=1508.2 fast=busy4862ms/idle14234ms/depth39/wait1932ms heavy=busy1201ms/idle3573ms/depth0/wait0ms scorer=6.2ms/scored39/creaturesPerSec72.5 corruptParentSkips=0
Generation 15 score 0.9523209517830299 (avg: 0.9190) error 0.047614424217034705 avg time 239ms
2026-06-28T11:10:52.914Z [INFO] [EvolveApp] [pid-58990] Evolution result {"error":0.047614424217034705,"score":0.9523209517830299,"generation":15,"time":127349,"startScore":0.9522976791048995}
2026-06-28T11:10:53.092Z [INFO] [saveValidatedCreatureExport] [pid-58990] [forward-only] saved file=../GRQ-location/v1/CANADA.json uuid=e7672c81-afd6-5983-9446-a505f0333b0e
2026-06-28T11:10:53.105Z [INFO] [EvolveApp] [pid-58990] [EvolveApp:location] pre-iteration flush: symbol=CANADA, heap 678->20/137 MB, rss 4421->4419 MB, external 61->61 MB, arrayBuffers 0->0 MB, cleared 33 caches, disposed 50 creatures, gc=yes, wasm=skip
2026-06-28T11:10:53.111Z [INFO] [EvolveApp] [pid-58990] Cleaned up .tmp/train
Discovery e19413b0 rust combined analysis chunk 1/3 (2 neurons) in 9m 32s 994ms [synapse=gpu neuron=gpu]
[Discovery e19413b0] Rust synapse analysis evaluated 2 focus neuron(s) but found no improvements. Focus neurons: 1571134190, -2
[Discovery e19413b0] Focus selection summary unavailable for synapse analysis (focus=1571134190, -2)
[Discovery e19413b0] Rust synapse diagnostic for output-1: No diagnostics recorded (evaluated=2219, withSamples=2219, targetRecords=4036)
[Discovery e19413b0] Rust synapse diagnostic for legacy-neuron-577349391: No diagnostics recorded (evaluated=0, withSamples=0, targetRecords=4036)
[Discovery e19413b0] Rust synapse analysis evaluated 2219 candidate(s) but none produced usable improvement statistics.
[Discovery e19413b0] Rust neuron analysis evaluated 2 focus neuron(s) but found no improvements. Focus neurons: 1571134190, -2
[Discovery e19413b0] Focus selection summary unavailable for neuron analysis (focus=1571134190, -2)
[Discovery e19413b0] Rust neuron diagnostic for output-1: No diagnostics recorded (evaluated=2237, withSamples=2237, targetRecords=4036)
[Discovery e19413b0] Rust neuron diagnostic for legacy-neuron-577349391: No diagnostics recorded (evaluated=2231, withSamples=2231, targetRecords=4036)
[Discovery e19413b0] Rust neuron analysis evaluated 4468 candidate(s) but none produced usable improvement statistics.
Discovery e19413b0 candidate collection  helpful synapses: 0 (fallback 0), helpful neurons: 0 (fallback 0), coordinated-structural: 0, harmful synapse removals: 0, synapse meta: found=54 returned=4, neuron meta: found=0 returned=0
[location-loop] time budget 3000s reached (elapsed=3253s); stopping after 10 child(ren)
[location-loop] done; spawned=10 interrupted=0
[stage] done: evolve
[stage] start: rm-traindata
[stage] done: rm-traindata
[stage] start: model-checkin
🔄 [model_checkin 1.1.26] Fetching latest remote state before recovery checks
GIT-OP: [[model_checkin 1.1.26]] git fetch ok in 3s (attempt 1/3, timeout=600s)
From github.com:stSoftwareAU/GRQ-location
   27d260f2d..4930d4bf6  Develop    -> origin/Develop
🔍 [model_checkin 1.1.26] Skipping early modified-JSON replacement (never merge policy)
📦 [model_checkin 1.1.26] Staging all local changes before sync
📋 [model_checkin 1.1.26] 9 local model(s) to be committed:
  • v1/AL.json
  • v1/AR.json
  • v1/ARGENTINA.json
  • v1/AUSTRALIA.json
  • v1/AZ.json
  • v1/BERMUDA.json
  • v1/BRAZIL.json
  • v1/CA.json
  • v1/CANADA.json
GIT-OP: [[model_checkin 1.1.26]] git fetch ok in 3s (attempt 1/3, timeout=600s)
✅ [validate_json 1.0.6] 12/12 JSON file(s) valid in GRQ-location (took 0s)
🔁 [model_checkin 1.1.26] Remote has changed - pulling latest changes
📦 [model_checkin 1.1.26] Stashing local changes before pull
Saved working directory and index state On Develop: model_checkin_GRQ-15_1782645362
💾 [model_checkin 1.1.26] Stashed local changes
⬇️ [model_checkin 1.1.26] Pulling remote changes via sampler_pull_with_auto_resolve (theirs)
🛡️  JSON model files will be replaced completely, never merged
GIT-OP: [[model_checkin 1.1.26]] git pull ok in 3s (attempt 1/3, timeout=600s)
Updating 27d260f2d..4930d4bf6
Fast-forward
 v1/AL.json             |  7423 ++++++++++++------------
 v1/AR.json             |  2576 ++++-----
 v1/ARGENTINA.json      |   131 +-
 v1/AUSTRALIA.json      |    44 +-
 v1/AZ.json             | 14359 +++--------------------------------------------
 v1/BERMUDA.json        |    66 +-
 v1/BRAZIL.json         |     4 +-
 v1/CA.json             |   182 +-
 v1/CANADA.json         |    68 +-
 v1/CAYMAN_ISLANDS.json |  6904 +++++++++++------------
 v1/CHINA.json          |   120 +-
 v1/CO.json             |   334 +-
 12 files changed, 9602 insertions(+), 22609 deletions(-)
🔄 [model_checkin 1.1.26] Restoring stashed changes
Auto-merging v1/AL.json
Auto-merging v1/AR.json
Auto-merging v1/ARGENTINA.json
Auto-merging v1/AUSTRALIA.json
Auto-merging v1/AZ.json
Auto-merging v1/BERMUDA.json
Auto-merging v1/CA.json
Auto-merging v1/CANADA.json
On branch Develop
Your branch is up to date with 'origin/Develop'.

nothing to commit, working tree clean
Dropped refs/stash@{0} (14a822aea33075256a0efbc20c714b9bcc8b11e8)
✅ [model_checkin 1.1.26] Rebase completed successfully - linear history maintained
🔍 [model_checkin 1.1.26] Detecting JSON models trained on multiple machines
📦 [model_checkin 1.1.26] Staging all changes after overlap resolution
📭 [model_checkin 1.1.26] No changes to commit after overlap resolution
📊 [model_checkin 1.1.26] Training preservation summary:
   ✅ Preserved 1 of 9 locally-trained model(s)
🔍 [model_checkin 1.1.26] Final safety check for JSON model corruption
✅ [validate_json 1.0.6] No JSON files to validate in GRQ-location (took 0s)
📭 [model_checkin 1.1.26] Nothing to push — HEAD matches origin/Develop (#2056)
✅ Successfully committed and pushed model changes
🛡️  JSON model files were protected from corruption - no merges occurred
💾 Maximum training preservation achieved through per-file conflict resolution
[stage] done: model-checkin
[wasm-activation-health] failures=0 firstUuid=none firstStage=none
[stage-failure-health] failures=0 firstStage=none firstExitCode=0 firstHitLine=0
GIT-OP: [reset] git fetch ok in 2s (attempt 1/3, timeout=600s)
From github.com:stSoftwareAU/GRQ
   75e891fa8..8982bcc3c  Develop    -> origin/Develop
 * [new branch]          issue-2887-mine-video-transcript-dvvvvlk2o-k-for-missing-obse -> origin/issue-2887-mine-video-transcript-dvvvvlk2o-k-for-missing-obse
 * [new branch]          milestone/2883-mine-37-linked-video-transcripts-for-missing -> origin/milestone/2883-mine-37-linked-video-transcripts-for-missing
HEAD is now at 8982bcc3c Remove dead export of countBinFilesInDataDir (#2872) (#2885)
GIT-OP: [model_fetch GRQ-health] git fetch ok in 3s (attempt 1/6, timeout=600s)
From github.com:stSoftwareAU/GRQ-health
   952e3a5d9..c9c07707e  Develop    -> origin/Develop
HEAD is now at c9c07707e Update health status for GRQ-19 at Sun Jun 28 21:13:24 AEST 2026
branch 'Develop' set up to track 'origin/Develop'.
Your branch is up to date with 'origin/Develop'.
✅ GRQ-health synced with remote (validation skipped)
🩺 [health_sync] entry repo=/home/nigel/market/GRQ-health branch=Develop local_ahead=0 behind=0
🩺 [health_sync] decision path=noop
🩺 [health_sync] result status=ok
Updating health information...
Already up to date.
Updated health information for GRQ-15
