[log truncated during the Issue #211 history prune: showing the last 64 KB; the full log is on the host]
Download https://jsr.io/@stsoftware/neat-ai/6.3.1/src/methods/activations/types/COMPLEMENT.ts
Download https://jsr.io/@stsoftware/neat-ai/6.3.1/src/methods/activations/SquashUtils.ts
Download https://jsr.io/@stsoftware/neat-ai/6.3.1/src/architecture/AssertValidSynapseReferences.ts
Download https://jsr.io/@stsoftware/neat-ai/6.3.1/src/compact/ParallelBridgeMerge.ts
Download https://jsr.io/@stsoftware/neat-ai/6.3.1/src/compact/SimplifyLargeWeights.ts
Download https://jsr.io/@stsoftware/neat-ai/6.3.1/src/compact/ConstantFold.ts
Download https://jsr.io/@stsoftware/neat-ai/6.3.1/src/compact/AggressivePrune.ts
Download https://jsr.io/@stsoftware/neat-ai/6.3.1/src/compact/IfCollapse.ts
Download https://jsr.io/@stsoftware/neat-ai/6.3.1/src/compact/RemoveBackwardSynapses.ts
Download https://jsr.io/@stsoftware/neat-ai/6.3.1/src/utils/TagUtils.ts
Download https://jsr.io/@stsoftware/neat-ai/6.3.1/src/architecture/NormaliseCreatureExport.ts
Download https://jsr.io/@stsoftware/neat-ai/6.3.1/src/deprecated/HYPOT.ts
Download https://jsr.io/@stsoftware/neat-ai/6.3.1/src/deprecated/HYPOTv2.ts
Download https://jsr.io/@stsoftware/neat-ai/6.3.1/src/deprecated/MEAN.ts
Download https://jsr.io/@stsoftware/neat-ai/6.3.1/src/methods/activations/aggregate/IF.ts
Download https://jsr.io/@stsoftware/neat-ai/6.3.1/src/methods/activations/aggregate/MAXIMUM.ts
Download https://jsr.io/@stsoftware/neat-ai/6.3.1/src/methods/activations/aggregate/MINIMUM.ts
Download https://jsr.io/@stsoftware/neat-ai/6.3.1/src/methods/activations/types/ABSOLUTE.ts
Download https://jsr.io/@stsoftware/neat-ai/6.3.1/src/methods/activations/types/ArcTan.ts
Download https://jsr.io/@stsoftware/neat-ai/6.3.1/src/methods/activations/types/BENT_IDENTITY.ts
Download https://jsr.io/@stsoftware/neat-ai/6.3.1/src/methods/activations/types/BIPOLAR.ts
Download https://jsr.io/@stsoftware/neat-ai/6.3.1/src/methods/activations/types/BIPOLAR_SIGMOID.ts
Download https://jsr.io/@stsoftware/neat-ai/6.3.1/src/methods/activations/types/Cosine.ts
Download https://jsr.io/@stsoftware/neat-ai/6.3.1/src/methods/activations/types/Cube.ts
Download https://jsr.io/@stsoftware/neat-ai/6.3.1/src/methods/activations/types/ELU.ts
Download https://jsr.io/@stsoftware/neat-ai/6.3.1/src/methods/activations/types/Exponential.ts
Download https://jsr.io/@stsoftware/neat-ai/6.3.1/src/methods/activations/types/GAUSSIAN.ts
Download https://jsr.io/@stsoftware/neat-ai/6.3.1/src/methods/activations/types/GELU.ts
Download https://jsr.io/@stsoftware/neat-ai/6.3.1/src/methods/activations/types/HARD_TANH.ts
Download https://jsr.io/@stsoftware/neat-ai/6.3.1/src/methods/activations/types/ISRU.ts
Download https://jsr.io/@stsoftware/neat-ai/6.3.1/src/methods/activations/types/LeakyReLU.ts
Download https://jsr.io/@stsoftware/neat-ai/6.3.1/src/methods/activations/types/LogSigmoid.ts
Download https://jsr.io/@stsoftware/neat-ai/6.3.1/src/methods/activations/types/Mish.ts
Download https://jsr.io/@stsoftware/neat-ai/6.3.1/src/methods/activations/types/ReLU.ts
Download https://jsr.io/@stsoftware/neat-ai/6.3.1/src/methods/activations/types/ReLU6.ts
Download https://jsr.io/@stsoftware/neat-ai/6.3.1/src/methods/activations/types/SELU.ts
Download https://jsr.io/@stsoftware/neat-ai/6.3.1/src/methods/activations/types/SINE.ts
Download https://jsr.io/@stsoftware/neat-ai/6.3.1/src/methods/activations/types/SOFTMAX.ts
Download https://jsr.io/@stsoftware/neat-ai/6.3.1/src/methods/activations/types/SOFTSIGN.ts
Download https://jsr.io/@stsoftware/neat-ai/6.3.1/src/methods/activations/types/SQRT.ts
Download https://jsr.io/@stsoftware/neat-ai/6.3.1/src/methods/activations/types/SQUARE.ts
Download https://jsr.io/@stsoftware/neat-ai/6.3.1/src/methods/activations/types/STEP.ts
Download https://jsr.io/@stsoftware/neat-ai/6.3.1/src/methods/activations/types/Softplus.ts
Download https://jsr.io/@stsoftware/neat-ai/6.3.1/src/methods/activations/types/StdInverse.ts
Download https://jsr.io/@stsoftware/neat-ai/6.3.1/src/methods/activations/types/Swish.ts
Download https://jsr.io/@stsoftware/neat-ai/6.3.1/src/methods/activations/types/TAN.ts
Download https://jsr.io/@stsoftware/neat-ai/6.3.1/src/methods/activations/types/TANH.ts
Download https://jsr.io/@stsoftware/neat-ai/6.3.1/src/wasm/WasmTopologyOps.ts
Download https://jsr.io/@stsoftware/neat-ai/6.3.1/src/architecture/OutputRangePenalty.ts
Download https://jsr.io/@stsoftware/neat-ai/6.3.1/src/errors/DatasetError.ts
Download https://jsr.io/@stsoftware/neat-ai/6.3.1/src/methods/activations/aggregate/RunnerUpProximity.ts
Download https://jsr.io/@stsoftware/neat-ai/6.3.1/src/score/RustScorerBridge.ts
Download https://jsr.io/@stsoftware/neat-ai/6.3.1/src/creature/CheckpointWriter.ts
Download https://jsr.io/@stsoftware/neat-ai/6.3.1/src/architecture/DataSet.ts
Download https://jsr.io/@stsoftware/neat-ai/6.3.1/src/architecture/Score.ts
Download https://jsr.io/@stsoftware/neat-ai/6.3.1/src/config/NeatConfig.ts
Download https://jsr.io/@stsoftware/neat-ai/6.3.1/src/config/TrainPerGen.ts
Download https://jsr.io/@stsoftware/neat-ai/6.3.1/src/multithreading/workers/WorkerHandler.ts
Download https://jsr.io/@stsoftware/neat-ai/6.3.1/src/NEAT/Neat.ts
Download https://jsr.io/@stsoftware/neat-ai/6.3.1/src/NEAT/HardDeadline.ts
Download https://jsr.io/@stsoftware/neat-ai/6.3.1/src/propagate/TopologicalBackpropagation.ts
Download https://jsr.io/@stsoftware/neat-ai/6.3.1/src/propagate/MuonGradientHook.ts
Download https://jsr.io/@stsoftware/neat-ai/6.3.1/src/discovery/DiscoveryRunner.ts
Download https://jsr.io/@stsoftware/neat-ai/6.3.1/src/discovery/DiscoveryReplayRunner.ts
Download https://jsr.io/@stsoftware/neat-ai/6.3.1/src/NEAT/TrainingEventEmitter.ts
Download https://jsr.io/@stsoftware/neat-ai/6.3.1/src/creature/EpisodicFitnessTypes.ts
Download https://jsr.io/@stsoftware/neat-ai/6.3.1/src/creature/EvolveRLSeedSet.ts
Download https://jsr.io/@stsoftware/neat-ai/6.3.1/src/creature/EvolveTeardown.ts
Download https://jsr.io/@stsoftware/neat-ai/6.3.1/src/creature/EvolveGenerationTail.ts
Download https://jsr.io/@stsoftware/neat-ai/6.3.1/src/creature/PhaseTimingTotals.ts
Download https://jsr.io/@stsoftware/neat-ai/6.3.1/src/creature/ScorerUtilisationTotals.ts
Download https://jsr.io/@stsoftware/neat-ai/6.3.1/src/creature/EvolveRLStatistics.ts
Download https://jsr.io/@stsoftware/neat-ai/6.3.1/src/creature/EvolveRunStatistics.ts
Download https://jsr.io/@stsoftware/neat-ai/6.3.1/src/creature/ScoreImprovementMilestones.ts
Download https://jsr.io/@stsoftware/neat-ai/6.3.1/src/creature/EvolveOptionsEcho.ts
Download https://jsr.io/@stsoftware/neat-ai/6.3.1/src/creature/EpisodicFitness.ts
Download https://jsr.io/@stsoftware/neat-ai/6.3.1/src/creature/RLEpisodeFitness.ts
Download https://jsr.io/@stsoftware/neat-ai/6.3.1/src/creature/EpisodeWorkerPool.ts
Download https://jsr.io/@stsoftware/neat-ai/6.3.1/src/architecture/NormaliseComputationalNeuronOrder.ts
Download https://jsr.io/@stsoftware/neat-ai/6.3.1/src/architecture/RepairInvalidIfNeurons.ts
Download https://jsr.io/@stsoftware/neat-ai/6.3.1/src/blackbox/MemeticInterface.ts
Download https://jsr.io/@stsoftware/neat-ai/6.3.1/src/blackbox/MemeticWireData.ts
Download https://jsr.io/@stsoftware/neat-ai/6.3.1/src/creature/CreatureUuidValidation.ts
Download https://jsr.io/@stsoftware/neat-ai/6.3.1/src/creature/CreatureShapeValidation.ts
Download https://jsr.io/@stsoftware/neat-ai/6.3.1/src/utils/TypeGuards.ts
Download https://jsr.io/@stsoftware/neat-ai/6.3.1/src/utils/WeightBiasClamp.ts
Download https://jsr.io/@stsoftware/neat-ai/6.3.1/src/utils/CreatureStructuralHash.ts
Download https://jsr.io/@stsoftware/neat-ai/6.3.1/src/compact/OrphanedNeuronCleanup.ts
Download https://jsr.io/@stsoftware/neat-ai/6.3.1/src/compact/MemeticCleanup.ts
Download https://jsr.io/@stsoftware/neat-ai/6.3.1/src/compact/SynapsePruning.ts
Download https://jsr.io/@stsoftware/neat-ai/6.3.1/src/upgrade/UpgradeOne.ts
Download https://jsr.io/@stsoftware/neat-ai/6.3.1/src/wasm/WasmBundleCache.ts
Download https://jsr.io/@stsoftware/neat-ai/6.3.1/src/methods/activations/TypeGuards.ts
Download https://jsr.io/@stsoftware/neat-ai/6.3.1/src/breed/NeuronSimilarity.ts
Download https://jsr.io/@stsoftware/neat-ai/6.3.1/src/breed/DistanceCache.ts
Download https://jsr.io/@stsoftware/neat-ai/6.3.1/src/upgrade/UpgradeTwo.ts
Download https://jsr.io/@stsoftware/neat-ai/6.3.1/src/compact/CloneCreatureExport.ts
Download https://jsr.io/@stsoftware/neat-ai/6.3.1/src/compact/DeadSubgraphPruning.ts
Download https://jsr.io/@stsoftware/neat-ai/6.3.1/src/architecture/ErrorGuidedStructuralEvolution/DiscoveryApplication.ts
Download https://jsr.io/@stsoftware/neat-ai/6.3.1/src/architecture/ErrorGuidedStructuralEvolution/DiscoverStructureAnalysis.ts
Download https://jsr.io/@stsoftware/neat-ai/6.3.1/src/architecture/ErrorGuidedStructuralEvolution/constants.ts
Download https://jsr.io/@stsoftware/neat-ai/6.3.1/src/architecture/ErrorGuidedStructuralEvolution/RustDiscoveryInput.ts
Download https://jsr.io/@stsoftware/neat-ai/6.3.1/src/architecture/ErrorGuidedStructuralEvolution/RustDiscoveryLibrary.ts
Download https://jsr.io/@stsoftware/neat-ai/6.3.1/src/architecture/ErrorGuidedStructuralEvolution/RustDiscoveryOperations.ts
Download https://jsr.io/@stsoftware/neat-ai/6.3.1/src/architecture/ErrorGuidedStructuralEvolution/AnalysisHeapGuard.ts
Download https://jsr.io/@stsoftware/neat-ai/6.3.1/src/architecture/ErrorGuidedStructuralEvolution/SubmitDiscoveryRecordBatch.ts
Download https://jsr.io/@stsoftware/neat-ai/6.3.1/src/architecture/ErrorGuidedStructuralEvolution/AnalysisDegradeDecision.ts
Download https://jsr.io/@stsoftware/neat-ai/6.3.1/src/propagate/sparse/ChooseNeurons.ts
Download https://jsr.io/@stsoftware/neat-ai/6.3.1/src/propagate/LayerAssignment.ts
Download https://jsr.io/@stsoftware/neat-ai/6.3.1/src/propagate/Dropout.ts
Download https://jsr.io/@stsoftware/neat-ai/6.3.1/src/NEAT/PerTaskTrainingTimeout.ts
Download https://jsr.io/@stsoftware/neat-ai/6.3.1/src/architecture/training/TrainingSamples.ts
Download https://jsr.io/@stsoftware/neat-ai/6.3.1/mod.ts
Download https://jsr.io/@stsoftware/neat-ai/6.3.1/src/predictiveCoding/PredictiveCodingInference.ts
Download https://jsr.io/@stsoftware/neat-ai/6.3.1/src/predictiveCoding/PredictiveCodingLearning.ts
Download https://jsr.io/@stsoftware/neat-ai/6.3.1/src/predictiveCoding/AdaptiveScaling.ts
Download https://jsr.io/@stsoftware/neat-ai/6.3.1/src/propagate/DataFuzzing.ts
Download https://jsr.io/@stsoftware/neat-ai/6.3.1/src/propagate/DataQuantisation.ts
Download https://jsr.io/@stsoftware/neat-ai/6.3.1/src/optimize/FunctionCache.ts
Download https://jsr.io/@stsoftware/neat-ai/6.3.1/src/propagate/Bias.ts
Download https://jsr.io/@stsoftware/neat-ai/6.3.1/src/propagate/ElasticDistribution.ts
Download https://jsr.io/@stsoftware/neat-ai/6.3.1/src/propagate/BackpropBuffers.ts
Download https://jsr.io/@stsoftware/neat-ai/6.3.1/src/propagate/Weight.ts
Download https://jsr.io/@stsoftware/neat-ai/6.3.1/src/propagate/BackpropCoordination.ts
Download https://jsr.io/@stsoftware/neat-ai/6.3.1/src/architecture/NoChangePropagate.ts
Download https://jsr.io/@stsoftware/neat-ai/6.3.1/src/utils/OverflowGuardStats.ts
Download https://jsr.io/@stsoftware/neat-ai/6.3.1/src/propagate/RecordElasticity.ts
Download https://jsr.io/@stsoftware/neat-ai/6.3.1/src/NEAT/Mutation.ts
Download https://jsr.io/@stsoftware/neat-ai/6.3.1/src/propagate/ActivationRange.ts
Download https://jsr.io/@stsoftware/neat-ai/6.3.1/src/propagate/ErrorHelper.ts
Download https://jsr.io/@stsoftware/neat-ai/6.3.1/src/methods/activations/AbstractActivationInterface.ts
Download https://jsr.io/@stsoftware/neat-ai/6.3.1/src/optimize/makeSynapsesValue.ts
Download https://jsr.io/@stsoftware/neat-ai/6.3.1/src/neuron/AggregateRecord.ts
Download https://jsr.io/@stsoftware/neat-ai/6.3.1/src/methods/activations/NewtonRaphsonConstants.ts
Download https://jsr.io/@stsoftware/neat-ai/6.3.1/src/methods/activations/SafeZoneAdjustment.ts
Download https://jsr.io/@stsoftware/neat-ai/6.3.1/src/score/ScorerFailureClassification.ts
Download https://jsr.io/@stsoftware/neat-ai/6.3.1/src/score/RustScorerBridgeInternal.ts
Download https://jsr.io/@stsoftware/neat-ai/6.3.1/src/upgrade/SemanticVersionValidation.ts
Download https://jsr.io/@stsoftware/neat-ai/6.3.1/src/utils/NumericValidation.ts
Download https://jsr.io/@stsoftware/neat-ai/6.3.1/src/methods/Selection.ts
Download https://jsr.io/@stsoftware/neat-ai/6.3.1/src/config/ParseOptions.ts
Download https://jsr.io/@stsoftware/neat-ai/6.3.1/src/config/OutputRangeConfig.ts
Download https://jsr.io/@stsoftware/neat-ai/6.3.1/src/config/NeatConfigParsers.ts
Download https://jsr.io/@stsoftware/neat-ai/6.3.1/src/config/NeatConfigValidation.ts
Download https://jsr.io/@stsoftware/neat-ai/6.3.1/src/config/DiscoveryWorkerEnvelope.ts
Download https://jsr.io/@stsoftware/neat-ai/6.3.1/src/config/AnalysisMemoryBudgetEnv.ts
Download https://jsr.io/@stsoftware/neat-ai/6.3.1/src/workers/WasmActivationPayload.ts
Download https://jsr.io/@stsoftware/neat-ai/6.3.1/src/multithreading/workers/MockWorker.ts
Download https://jsr.io/@stsoftware/neat-ai/6.3.1/src/architecture/DeDuplicator.ts
Download https://jsr.io/@stsoftware/neat-ai/6.3.1/src/architecture/Fitness.ts
Download https://jsr.io/@stsoftware/neat-ai/6.3.1/src/blackbox/AdaptiveFineTuneTracker.ts
Download https://jsr.io/@stsoftware/neat-ai/6.3.1/src/breed/Breed.ts
Download https://jsr.io/@stsoftware/neat-ai/6.3.1/src/multithreading/WorkerPool.ts
Download https://jsr.io/@stsoftware/neat-ai/6.3.1/src/NEAT/Genus.ts
Download https://jsr.io/@stsoftware/neat-ai/6.3.1/src/NEAT/Mutator.ts
Download https://jsr.io/@stsoftware/neat-ai/6.3.1/src/NEAT/MCMCState.ts
Download https://jsr.io/@stsoftware/neat-ai/6.3.1/src/NEAT/PlateauDetector.ts
Download https://jsr.io/@stsoftware/neat-ai/6.3.1/src/NEAT/RandomImmigrants.ts
Download https://jsr.io/@stsoftware/neat-ai/6.3.1/src/NEAT/SpeciesPlateauDetector.ts
Download https://jsr.io/@stsoftware/neat-ai/6.3.1/src/NEAT/TrainingRegressionTracker.ts
Download https://jsr.io/@stsoftware/neat-ai/6.3.1/src/NEAT/SquashEffectivenessTracker.ts
Download https://jsr.io/@stsoftware/neat-ai/6.3.1/src/NEAT/DiscoveryReplayQueue.ts
Download https://jsr.io/@stsoftware/neat-ai/6.3.1/src/discovery/SubnetworkHashIndex.ts
Download https://jsr.io/@stsoftware/neat-ai/6.3.1/src/NEAT/NeatEvolution.ts
Download https://jsr.io/@stsoftware/neat-ai/6.3.1/src/NEAT/NeatScheduling.ts
Download https://jsr.io/@stsoftware/neat-ai/6.3.1/src/propagate/WasmTopologicalBackprop.ts
Download https://jsr.io/@stsoftware/neat-ai/6.3.1/src/propagate/MuonOrthogonalisation.ts
Download https://jsr.io/@stsoftware/neat-ai/6.3.1/src/errors/ConfigurationError.ts
Download https://jsr.io/@stsoftware/neat-ai/6.3.1/src/errors/DiscoveryError.ts
Download https://jsr.io/@stsoftware/neat-ai/6.3.1/src/discovery/CandidateFiltering.ts
Download https://jsr.io/@stsoftware/neat-ai/6.3.1/src/discovery/DiscoveryCandidates.ts
Download https://jsr.io/@stsoftware/neat-ai/6.3.1/src/discovery/DiscoveryDiagnostics.ts
Download https://jsr.io/@stsoftware/neat-ai/6.3.1/src/discovery/DiscoveryEvaluationSummary.ts
Download https://jsr.io/@stsoftware/neat-ai/6.3.1/src/discovery/DiscoveryRunnerEvaluation.ts
Download https://jsr.io/@stsoftware/neat-ai/6.3.1/src/discovery/DiskSpaceMonitor.ts
Download https://jsr.io/@stsoftware/neat-ai/6.3.1/src/discovery/FailureCache.ts
Download https://jsr.io/@stsoftware/neat-ai/6.3.1/src/discovery/SupplementFromCache.ts
Download https://jsr.io/@stsoftware/neat-ai/6.3.1/src/discovery/DiscoveryFormatting.ts
Download https://jsr.io/@stsoftware/neat-ai/6.3.1/src/discovery/PriorityDiscoveryQueue.ts
Download https://jsr.io/@stsoftware/neat-ai/6.3.1/src/discovery/SuccessCache.ts
Download https://jsr.io/@stsoftware/neat-ai/6.3.1/src/discovery/ReplayEntryApplication.ts
Download https://jsr.io/@stsoftware/neat-ai/6.3.1/src/discovery/ReplayHelpers.ts
Download https://jsr.io/@stsoftware/neat-ai/6.3.1/src/costs/CostAwareEarlyStop.ts
Download https://jsr.io/@stsoftware/neat-ai/6.3.1/src/creature/EvolveHardwareDescriptors.ts
Download https://jsr.io/@stsoftware/neat-ai/6.3.1/src/creature/EpisodeRunner.ts
Download https://jsr.io/@stsoftware/neat-ai/6.3.1/src/creature/EpisodeWorkerHandler.ts
Download https://jsr.io/@stsoftware/neat-ai/6.3.1/src/utils/SynapseTypeUnify.ts
Download https://jsr.io/@stsoftware/neat-ai/6.3.1/src/wasm/WasmBundleSha256.ts
Download https://jsr.io/@stsoftware/neat-ai/6.3.1/src/architecture/ErrorGuidedStructuralEvolution/DiscoveryValidation.ts
Download https://jsr.io/@stsoftware/neat-ai/6.3.1/src/architecture/ErrorGuidedStructuralEvolution/DiscoverySynapseOps.ts
Download https://jsr.io/@stsoftware/neat-ai/6.3.1/src/architecture/ErrorGuidedStructuralEvolution/DiscoveryNeuronAddition.ts
Download https://jsr.io/@stsoftware/neat-ai/6.3.1/src/architecture/ErrorGuidedStructuralEvolution/DiscoveryNeuronRemoval.ts
Download https://jsr.io/@stsoftware/neat-ai/6.3.1/src/architecture/ErrorGuidedStructuralEvolution/DiscoverAnalysis.ts
Download https://jsr.io/@stsoftware/neat-ai/6.3.1/src/architecture/ErrorGuidedStructuralEvolution/RustAnalysisCache.ts
Download https://jsr.io/@stsoftware/neat-ai/6.3.1/src/architecture/ErrorGuidedStructuralEvolution/DiscoverSquashAnalysis.ts
Download https://jsr.io/@stsoftware/neat-ai/6.3.1/src/architecture/ErrorGuidedStructuralEvolution/FocusSelection.ts
Download https://jsr.io/@stsoftware/neat-ai/6.3.1/src/architecture/ErrorGuidedStructuralEvolution/DiscoverLogging.ts
Download https://jsr.io/@stsoftware/neat-ai/6.3.1/src/architecture/ErrorGuidedStructuralEvolution/DiscoverStructureRecording.ts
Download https://jsr.io/@stsoftware/neat-ai/6.3.1/src/architecture/ErrorGuidedStructuralEvolution/DiscoveryWireIdentity.ts
Download https://jsr.io/@stsoftware/neat-ai/6.3.1/src/NEAT/MemoryMonitor.ts
Download https://jsr.io/@stsoftware/neat-ai/6.3.1/src/creature/EpisodeAdapter.ts
Download https://jsr.io/@stsoftware/neat-ai/6.3.1/src/config/MCMCConfig.ts
Download https://jsr.io/@stsoftware/neat-ai/6.3.1/src/config/AdaptivePopulationConfig.ts
Download https://jsr.io/@stsoftware/neat-ai/6.3.1/src/config/SelectionPressureConfig.ts
Download https://jsr.io/@stsoftware/neat-ai/6.3.1/src/config/ParallelEvaluationConfig.ts
Download https://jsr.io/@stsoftware/neat-ai/6.3.1/src/reconstruct/CRISPR.ts
Download https://jsr.io/@stsoftware/neat-ai/6.3.1/src/errors/CrisprError.ts
Download https://jsr.io/@stsoftware/neat-ai/6.3.1/src/errors/BreedExhaustionError.ts
Download https://jsr.io/@stsoftware/neat-ai/6.3.1/src/reconstruct/validateDNA.ts
Download https://jsr.io/@stsoftware/neat-ai/6.3.1/src/reconstruct/Upgrade.ts
Download https://jsr.io/@stsoftware/neat-ai/6.3.1/src/reconstruct/ConnectMissing.ts
Download https://jsr.io/@stsoftware/neat-ai/6.3.1/src/architecture/NeuronInterfaces.ts
Download https://jsr.io/@stsoftware/neat-ai/6.3.1/src/architecture/SynapseInterfaces.ts
Download https://jsr.io/@stsoftware/neat-ai/6.3.1/src/discovery/DiscoveryCleanup.ts
Download https://jsr.io/@stsoftware/neat-ai/6.3.1/src/config/DiskSpaceConfig.ts
Download https://jsr.io/@stsoftware/neat-ai/6.3.1/src/intelligentDesign/mod.ts
Download https://jsr.io/@stsoftware/neat-ai/6.3.1/src/NEAT/SpecialistPipeline.ts
Download https://jsr.io/@stsoftware/neat-ai/6.3.1/src/config/SpecialistConfig.ts
Download https://jsr.io/@stsoftware/neat-ai/6.3.1/src/NEAT/Species.ts
Download https://jsr.io/@stsoftware/neat-ai/6.3.1/src/cache/getCacheStats.ts
Download https://jsr.io/@stsoftware/neat-ai/6.3.1/src/presets/Presets.ts
Download https://jsr.io/@stsoftware/neat-ai/6.3.1/src/transfer/mod.ts
Download https://jsr.io/@stsoftware/neat-ai/6.3.1/src/onnx/mod.ts
Download https://jsr.io/@stsoftware/neat-ai/6.3.1/src/predictiveCoding/PredictionErrorComputation.ts
Download https://jsr.io/@stsoftware/neat-ai/6.3.1/src/config/parsers/RuntimeParsers.ts
Download https://jsr.io/@stsoftware/neat-ai/6.3.1/src/config/parsers/DiscoveryParsers.ts
Download https://jsr.io/@stsoftware/neat-ai/6.3.1/src/config/parsers/MutationParsers.ts
Download https://jsr.io/@stsoftware/neat-ai/6.3.1/src/config/parsers/PopulationParsers.ts
Download https://jsr.io/@stsoftware/neat-ai/6.3.1/src/config/parsers/TrainingParsers.ts
Download https://jsr.io/@stsoftware/neat-ai/6.3.1/src/config/parsers/SelectionParsers.ts
Download https://jsr.io/@stsoftware/neat-ai/6.3.1/src/config/parsers/RegularisationParsers.ts
Download https://jsr.io/@stsoftware/neat-ai/6.3.1/src/config/parsers/DataParsers.ts
Download https://jsr.io/@stsoftware/neat-ai/6.3.1/src/utils/BloomFilter.ts
Download https://jsr.io/@stsoftware/neat-ai/6.3.1/src/multithreading/EvaluationScheduling.ts
Download https://jsr.io/@stsoftware/neat-ai/6.3.1/src/score/BatchRustScorerBridge.ts
Download https://jsr.io/@stsoftware/neat-ai/6.3.1/src/score/BatchScorerReconciler.ts
Download https://jsr.io/@stsoftware/neat-ai/6.3.1/src/score/BatchScorerDiagnostics.ts
Download https://jsr.io/@stsoftware/neat-ai/6.3.1/src/blackbox/Discover.ts
Download https://jsr.io/@stsoftware/neat-ai/6.3.1/src/breed/FitnessRanking.ts
Download https://jsr.io/@stsoftware/neat-ai/6.3.1/src/breed/OnPolicyDistillationBreed.ts
Download https://jsr.io/@stsoftware/neat-ai/6.3.1/src/breed/ParentSelection.ts
Download https://jsr.io/@stsoftware/neat-ai/6.3.1/src/multithreading/WorkStealingQueue.ts
Download https://jsr.io/@stsoftware/neat-ai/6.3.1/src/mutate/AddBackCon.ts
Download https://jsr.io/@stsoftware/neat-ai/6.3.1/src/mutate/AddConnection.ts
Download https://jsr.io/@stsoftware/neat-ai/6.3.1/src/mutate/AddNeuron.ts
Download https://jsr.io/@stsoftware/neat-ai/6.3.1/src/mutate/AddSelfCon.ts
Download https://jsr.io/@stsoftware/neat-ai/6.3.1/src/mutate/ModBias.ts
Download https://jsr.io/@stsoftware/neat-ai/6.3.1/src/mutate/ModSquash.ts
Download https://jsr.io/@stsoftware/neat-ai/6.3.1/src/mutate/ModWeight.ts
Download https://jsr.io/@stsoftware/neat-ai/6.3.1/src/predictiveCoding/PredictionErrorGuidedMutation.ts
Download https://jsr.io/@stsoftware/neat-ai/6.3.1/src/mutate/SubBackCon.ts
Download https://jsr.io/@stsoftware/neat-ai/6.3.1/src/mutate/SubConnection.ts
Download https://jsr.io/@stsoftware/neat-ai/6.3.1/src/mutate/SubNeuron.ts
Download https://jsr.io/@stsoftware/neat-ai/6.3.1/src/mutate/SubSelfCon.ts
Download https://jsr.io/@stsoftware/neat-ai/6.3.1/src/mutate/SwapNeurons.ts
Download https://jsr.io/@stsoftware/neat-ai/6.3.1/src/NEAT/MetropolisHastings.ts
Download https://jsr.io/@stsoftware/neat-ai/6.3.1/src/NEAT/MCMCDiagnostics.ts
Download https://jsr.io/@stsoftware/neat-ai/6.3.1/src/discovery/FailureCacheKey.ts
Download https://jsr.io/@stsoftware/neat-ai/6.3.1/src/NEAT/PopulationCap.ts
Download https://jsr.io/@stsoftware/neat-ai/6.3.1/src/architecture/ElitismUtils.ts
Download https://jsr.io/@stsoftware/neat-ai/6.3.1/src/blackbox/FineTunePopulation.ts
Download https://jsr.io/@stsoftware/neat-ai/6.3.1/src/breed/ParallelBreeding.ts
Download https://jsr.io/@stsoftware/neat-ai/6.3.1/src/NEAT/BreedingQuotas.ts
Download https://jsr.io/@stsoftware/neat-ai/6.3.1/src/NEAT/createMemoryPressureSink.ts
Download https://jsr.io/@stsoftware/neat-ai/6.3.1/src/optimize/Simplify.ts
Download https://jsr.io/@stsoftware/neat-ai/6.3.1/src/utils/ArrayAppend.ts
Download https://jsr.io/@stsoftware/neat-ai/6.3.1/src/NEAT/SquashHistogram.ts
Download https://jsr.io/@stsoftware/neat-ai/6.3.1/src/NEAT/TopologyAverages.ts
Download https://jsr.io/@stsoftware/neat-ai/6.3.1/src/NEAT/ThroughputMetrics.ts
Download https://jsr.io/@stsoftware/neat-ai/6.3.1/src/NEAT/AdaptivePopulationSizer.ts
Download https://jsr.io/@stsoftware/neat-ai/6.3.1/src/NEAT/CpuUtilisation.ts
Download https://jsr.io/@stsoftware/neat-ai/6.3.1/src/NEAT/PopulationBudget.ts
Download https://jsr.io/@stsoftware/neat-ai/6.3.1/src/NEAT/ProcessCompletedResults.ts
Download https://jsr.io/@stsoftware/neat-ai/6.3.1/src/NEAT/TrainingCandidates.ts
Download https://jsr.io/@stsoftware/neat-ai/6.3.1/src/blackbox/FineTune.ts
Download https://jsr.io/@stsoftware/neat-ai/6.3.1/src/discovery/DiscoveryTimeout.ts
Download https://jsr.io/@stsoftware/neat-ai/6.3.1/src/propagate/TopologicalBackpropCache.ts
Download https://jsr.io/@stsoftware/neat-ai/6.3.1/src/discovery/CandidateDescriptions.ts
Download https://jsr.io/@stsoftware/neat-ai/6.3.1/src/discovery/CombinedCandidates.ts
Download https://jsr.io/@stsoftware/neat-ai/6.3.1/src/discovery/CandidateCreation.ts
Download https://jsr.io/@stsoftware/neat-ai/6.3.1/src/discovery/CacheInformedRemovalCandidates.ts
Download https://jsr.io/@stsoftware/neat-ai/6.3.1/src/discovery/DiscoveryCacheEviction.ts
Download https://jsr.io/@stsoftware/neat-ai/6.3.1/src/discovery/FailureCacheDiagnostics.ts
Download https://jsr.io/@stsoftware/neat-ai/6.3.1/src/discovery/DiscoveryWireFormat.ts
Download https://jsr.io/@stsoftware/neat-ai/6.3.1/src/architecture/ErrorGuidedStructuralEvolution/ApplyCoordinatedStructuralCandidate.ts
Download https://jsr.io/@stsoftware/neat-ai/6.3.1/src/costs/CostDescriptor.ts
Download https://jsr.io/@stsoftware/neat-ai/6.3.1/src/creature/MockEpisodeWorker.ts
Download https://jsr.io/@stsoftware/neat-ai/6.3.1/src/utils/assertNever.ts
Download https://jsr.io/@stsoftware/neat-ai/6.3.1/src/discovery/NeuronErrorImpactEstimator.ts
Download https://jsr.io/@stsoftware/neat-ai/6.3.1/src/costs/TaskDescriptorRustWire.ts
Download https://jsr.io/@stsoftware/neat-ai/6.3.1/src/architecture/ErrorGuidedStructuralEvolution/FocusSelectionRanking.ts
Download https://jsr.io/@stsoftware/neat-ai/6.3.1/src/architecture/ErrorGuidedStructuralEvolution/FocusSelectionWeighting.ts
Download https://jsr.io/@stsoftware/neat-ai/6.3.1/src/architecture/ErrorGuidedStructuralEvolution/DiscoverLoggingCore.ts
Download https://jsr.io/@stsoftware/neat-ai/6.3.1/src/architecture/ErrorGuidedStructuralEvolution/DiscoverDiagnosticFormatting.ts
Download https://jsr.io/@stsoftware/neat-ai/6.3.1/src/architecture/ErrorGuidedStructuralEvolution/RustFlushDiagnostics.ts
Download https://jsr.io/@stsoftware/neat-ai/6.3.1/src/architecture/ErrorGuidedStructuralEvolution/DiscoverStructureBase.ts
Download https://jsr.io/@stsoftware/neat-ai/6.3.1/src/errors/AdapterContractError.ts
Download https://jsr.io/@stsoftware/neat-ai/6.3.1/src/intelligentDesign/AlternativeSquashes.ts
Download https://jsr.io/@stsoftware/neat-ai/6.3.1/src/intelligentDesign/SafeWrite.ts
Download https://jsr.io/@stsoftware/neat-ai/6.3.1/src/intelligentDesign/TacitKnowledge.ts
Download https://jsr.io/@stsoftware/neat-ai/6.3.1/src/intelligentDesign/ImproveSquash.ts
Download https://jsr.io/@stsoftware/neat-ai/6.3.1/src/intelligentDesign/workers/WorkerHandler.ts
Download https://jsr.io/@stsoftware/neat-ai/6.3.1/src/intelligentDesign/workers/WorkerProcessor.ts
Download https://jsr.io/@stsoftware/neat-ai/6.3.1/src/transfer/Checkpoint.ts
Download https://jsr.io/@stsoftware/neat-ai/6.3.1/src/transfer/PopulationSeeding.ts
Download https://jsr.io/@stsoftware/neat-ai/6.3.1/src/transfer/NoOpStrategy.ts
Download https://jsr.io/@stsoftware/neat-ai/6.3.1/src/transfer/DnaSharingBakeOff.ts
Download https://jsr.io/@stsoftware/neat-ai/6.3.1/src/transfer/CompactModuleGraft.ts
Download https://jsr.io/@stsoftware/neat-ai/6.3.1/src/transfer/KnowledgeDistillation.ts
Download https://jsr.io/@stsoftware/neat-ai/6.3.1/src/transfer/PruningTemplate.ts
Download https://jsr.io/@stsoftware/neat-ai/6.3.1/src/onnx/OnnxExport.ts
Download https://jsr.io/@stsoftware/neat-ai/6.3.1/src/onnx/ActivationMapping.ts
Download https://jsr.io/@stsoftware/neat-ai/6.3.1/src/config/MemoryConfig.ts
Download https://jsr.io/@stsoftware/neat-ai/6.3.1/src/config/WasmCacheConfig.ts
Download https://jsr.io/@stsoftware/neat-ai/6.3.1/src/config/WorkerThreadCapConfig.ts
Download https://jsr.io/@stsoftware/neat-ai/6.3.1/src/config/DiscoveryCacheConfig.ts
Download https://jsr.io/@stsoftware/neat-ai/6.3.1/src/config/AdaptiveMutationThresholds.ts
Download https://jsr.io/@stsoftware/neat-ai/6.3.1/src/config/OpdConfig.ts
Download https://jsr.io/@stsoftware/neat-ai/6.3.1/src/config/SquashEffectivenessConfig.ts
Download https://jsr.io/@stsoftware/neat-ai/6.3.1/src/config/SquashBudgetConfig.ts
Download https://jsr.io/@stsoftware/neat-ai/6.3.1/src/config/CompatibilityGatingConfig.ts
Download https://jsr.io/@stsoftware/neat-ai/6.3.1/src/config/FineTunePopulationConfig.ts
Download https://jsr.io/@stsoftware/neat-ai/6.3.1/src/config/FitnessSharingConfig.ts
Download https://jsr.io/@stsoftware/neat-ai/6.3.1/src/config/RandomImmigrantsConfig.ts
Download https://jsr.io/@stsoftware/neat-ai/6.3.1/src/config/SpeciesStagnationConfig.ts
Download https://jsr.io/@stsoftware/neat-ai/6.3.1/src/config/CrossValidationConfig.ts
Download https://jsr.io/@stsoftware/neat-ai/6.3.1/src/config/QuantumStepConfig.ts
Download https://jsr.io/@stsoftware/neat-ai/6.3.1/src/config/BiasRegularisationConfig.ts
Download https://jsr.io/@stsoftware/neat-ai/6.3.1/src/config/WeightRegularisationConfig.ts
Download https://jsr.io/@stsoftware/neat-ai/6.3.1/src/breed/AdaptiveTournamentSize.ts
Download https://jsr.io/@stsoftware/neat-ai/6.3.1/src/breed/Father.ts
Download https://jsr.io/@stsoftware/neat-ai/6.3.1/src/NEAT/GroupRelativeAdvantage.ts
Download https://jsr.io/@stsoftware/neat-ai/6.3.1/src/mutate/AbstractMutationOperator.ts
Download https://jsr.io/@stsoftware/neat-ai/6.3.1/src/architecture/SynapseOrderGuard.ts
Download https://jsr.io/@stsoftware/neat-ai/6.3.1/src/NEAT/LogApproach.ts
Download https://jsr.io/@stsoftware/neat-ai/6.3.1/src/blackbox/RestoreSource.ts
Download https://jsr.io/@stsoftware/neat-ai/6.3.1/src/blackbox/Retry.ts
Download https://jsr.io/@stsoftware/neat-ai/6.3.1/src/breed/FatherSelectionCache.ts
Download https://jsr.io/@stsoftware/neat-ai/6.3.1/src/NEAT/SpeciesDiversity.ts
Download https://jsr.io/@stsoftware/neat-ai/6.3.1/src/discovery/DiscoveryPostValidate.ts
Download https://jsr.io/@stsoftware/neat-ai/6.3.1/src/NEAT/DiscoveryOutcome.ts
Download https://jsr.io/@stsoftware/neat-ai/6.3.1/src/blackbox/BiasWeightCoordination.ts
Download https://jsr.io/@stsoftware/neat-ai/6.3.1/src/blackbox/MemeticTrajectory.ts
Download https://jsr.io/@stsoftware/neat-ai/6.3.1/src/discovery/CandidateApplication.ts
Download https://jsr.io/@stsoftware/neat-ai/6.3.1/src/discovery/CombinedCandidateBuilders.ts
Download https://jsr.io/@stsoftware/neat-ai/6.3.1/src/discovery/CombinedFromSuccessful.ts
Download https://jsr.io/@stsoftware/neat-ai/6.3.1/src/creature/EpisodeWorkerProcessor.ts
Download https://jsr.io/@stsoftware/neat-ai/6.3.1/src/architecture/ErrorGuidedStructuralEvolution/DiscoverResult.ts
Download https://jsr.io/@stsoftware/neat-ai/6.3.1/src/utils/PathContainment.ts
Download https://jsr.io/@stsoftware/neat-ai/6.3.1/src/architecture/ErrorGuidedStructuralEvolution/DiscoverDataLoading.ts
Download https://jsr.io/@stsoftware/neat-ai/6.3.1/src/architecture/ErrorGuidedStructuralEvolution/NeuronImpact.ts
Download https://jsr.io/@stsoftware/neat-ai/6.3.1/src/intelligentDesign/SquashOutputPath.ts
Download https://jsr.io/@stsoftware/neat-ai/6.3.1/src/intelligentDesign/workers/MockWorker.ts
Download https://jsr.io/@stsoftware/neat-ai/6.3.1/src/onnx/OnnxModel.ts
Download https://jsr.io/@stsoftware/neat-ai/6.3.1/src/breed/SyntheticLocationUuid.ts
Download https://jsr.io/@stsoftware/neat-ai/6.3.1/src/discovery/CandidateApplicationOps.ts
Download https://jsr.io/@stsoftware/neat-ai/6.3.1/src/discovery/CandidateScoring.ts
Download https://jsr.io/@stsoftware/neat-ai/6.3.1/src/onnx/ProtobufEncoder.ts
Download https://jsr.io/@std/assert/1.0.19/mod.ts
Download https://jsr.io/@stsoftware/tags/1.0.13/mod.ts
Download https://jsr.io/@std/fmt/1.0.10/colors.ts
Download https://jsr.io/@std/fmt/1.0.10/duration.ts
Download https://jsr.io/@std/bytes/1.0.6/mod.ts
Download https://jsr.io/@std/crypto/1.1.0/mod.ts
Download https://jsr.io/@std/fs/1.0.24/mod.ts
Download https://jsr.io/@std/path/1.1.6/mod.ts
Download https://jsr.io/@std/path/1.1.6/from_file_url.ts
Download https://jsr.io/@std/path/1.1.6/join.ts
Download https://jsr.io/@std/path/1.1.6/dirname.ts
Download https://jsr.io/@std/assert/1.0.19/almost_equals.ts
Download https://jsr.io/@std/assert/1.0.19/array_includes.ts
Download https://jsr.io/@std/assert/1.0.19/equals.ts
Download https://jsr.io/@std/assert/1.0.19/exists.ts
Download https://jsr.io/@std/assert/1.0.19/false.ts
Download https://jsr.io/@std/assert/1.0.19/greater_or_equal.ts
Download https://jsr.io/@std/assert/1.0.19/greater.ts
Download https://jsr.io/@std/assert/1.0.19/instance_of.ts
Download https://jsr.io/@std/assert/1.0.19/is_error.ts
Download https://jsr.io/@std/assert/1.0.19/less_or_equal.ts
Download https://jsr.io/@std/assert/1.0.19/less.ts
Download https://jsr.io/@std/assert/1.0.19/match.ts
Download https://jsr.io/@std/assert/1.0.19/not_equals.ts
Download https://jsr.io/@std/assert/1.0.19/not_instance_of.ts
Download https://jsr.io/@std/assert/1.0.19/not_match.ts
Download https://jsr.io/@std/assert/1.0.19/not_strict_equals.ts
Download https://jsr.io/@std/assert/1.0.19/object_match.ts
Download https://jsr.io/@std/assert/1.0.19/rejects.ts
Download https://jsr.io/@std/assert/1.0.19/strict_equals.ts
Download https://jsr.io/@std/assert/1.0.19/string_includes.ts
Download https://jsr.io/@std/assert/1.0.19/throws.ts
Download https://jsr.io/@std/assert/1.0.19/assert.ts
Download https://jsr.io/@std/assert/1.0.19/assertion_error.ts
Download https://jsr.io/@std/assert/1.0.19/equal.ts
Download https://jsr.io/@std/assert/1.0.19/fail.ts
Download https://jsr.io/@std/assert/1.0.19/unimplemented.ts
Download https://jsr.io/@std/assert/1.0.19/unreachable.ts
Download https://jsr.io/@stsoftware/tags/1.0.13/src/TagAndRelease.ts
Download https://jsr.io/@stsoftware/tags/1.0.13/src/TagsInterface.ts
Download https://jsr.io/@std/bytes/1.0.6/concat.ts
Download https://jsr.io/@std/bytes/1.0.6/copy.ts
Download https://jsr.io/@std/bytes/1.0.6/ends_with.ts
Download https://jsr.io/@std/bytes/1.0.6/equals.ts
Download https://jsr.io/@std/bytes/1.0.6/includes_needle.ts
Download https://jsr.io/@std/bytes/1.0.6/index_of_needle.ts
Download https://jsr.io/@std/bytes/1.0.6/last_index_of_needle.ts
Download https://jsr.io/@std/bytes/1.0.6/repeat.ts
Download https://jsr.io/@std/bytes/1.0.6/starts_with.ts
Download https://jsr.io/@std/crypto/1.1.0/aes_gcm.ts
Download https://jsr.io/@std/crypto/1.1.0/crypto.ts
Download https://jsr.io/@std/crypto/1.1.0/timing_safe_equal.ts
Download https://jsr.io/@std/fs/1.0.24/empty_dir.ts
Download https://jsr.io/@std/fs/1.0.24/ensure_dir.ts
Download https://jsr.io/@std/fs/1.0.24/ensure_file.ts
Download https://jsr.io/@std/fs/1.0.24/ensure_link.ts
Download https://jsr.io/@std/fs/1.0.24/ensure_symlink.ts
Download https://jsr.io/@std/fs/1.0.24/exists.ts
Download https://jsr.io/@std/fs/1.0.24/expand_glob.ts
Download https://jsr.io/@std/fs/1.0.24/move.ts
Download https://jsr.io/@std/fs/1.0.24/copy.ts
Download https://jsr.io/@std/fs/1.0.24/walk.ts
Download https://jsr.io/@std/fs/1.0.24/eol.ts
Download https://jsr.io/@std/path/1.1.6/basename.ts
Download https://jsr.io/@std/path/1.1.6/constants.ts
Download https://jsr.io/@std/path/1.1.6/extname.ts
Download https://jsr.io/@std/path/1.1.6/format.ts
Download https://jsr.io/@std/path/1.1.6/is_absolute.ts
Download https://jsr.io/@std/path/1.1.6/normalize.ts
Download https://jsr.io/@std/path/1.1.6/parse.ts
Download https://jsr.io/@std/path/1.1.6/relative.ts
Download https://jsr.io/@std/path/1.1.6/resolve.ts
Download https://jsr.io/@std/path/1.1.6/to_file_url.ts
Download https://jsr.io/@std/path/1.1.6/to_namespaced_path.ts
Download https://jsr.io/@std/path/1.1.6/common.ts
Download https://jsr.io/@std/path/1.1.6/types.ts
Download https://jsr.io/@std/path/1.1.6/glob_to_regexp.ts
Download https://jsr.io/@std/path/1.1.6/is_glob.ts
Download https://jsr.io/@std/path/1.1.6/join_globs.ts
Download https://jsr.io/@std/path/1.1.6/normalize_glob.ts
Download https://jsr.io/@std/path/1.1.6/posix/from_file_url.ts
Download https://jsr.io/@std/path/1.1.6/windows/from_file_url.ts
Download https://jsr.io/@std/path/1.1.6/posix/join.ts
Download https://jsr.io/@std/path/1.1.6/windows/join.ts
Download https://jsr.io/@std/path/1.1.6/posix/dirname.ts
Download https://jsr.io/@std/path/1.1.6/windows/dirname.ts
Download https://jsr.io/@std/crypto/1.1.0/_wasm/mod.ts
Download https://jsr.io/@std/fs/1.0.24/_to_path_string.ts
Download https://jsr.io/@std/fs/1.0.24/_get_file_info_type.ts
Download https://jsr.io/@std/fs/1.0.24/_create_walk_entry.ts
Download https://jsr.io/@std/fs/1.0.24/_is_subdir.ts
Download https://jsr.io/@std/fs/1.0.24/_is_same_path.ts
Download https://jsr.io/@std/path/1.1.6/posix/basename.ts
Download https://jsr.io/@std/path/1.1.6/windows/basename.ts
Download https://jsr.io/@std/path/1.1.6/posix/extname.ts
Download https://jsr.io/@std/path/1.1.6/windows/extname.ts
Download https://jsr.io/@std/path/1.1.6/posix/format.ts
Download https://jsr.io/@std/path/1.1.6/windows/format.ts
Download https://jsr.io/@std/path/1.1.6/posix/is_absolute.ts
Download https://jsr.io/@std/path/1.1.6/windows/is_absolute.ts
Download https://jsr.io/@std/path/1.1.6/posix/normalize.ts
Download https://jsr.io/@std/path/1.1.6/windows/normalize.ts
Download https://jsr.io/@std/path/1.1.6/posix/parse.ts
Download https://jsr.io/@std/path/1.1.6/windows/parse.ts
Download https://jsr.io/@std/path/1.1.6/posix/relative.ts
Download https://jsr.io/@std/path/1.1.6/windows/relative.ts
Download https://jsr.io/@std/path/1.1.6/posix/resolve.ts
Download https://jsr.io/@std/path/1.1.6/windows/resolve.ts
Download https://jsr.io/@std/path/1.1.6/posix/to_file_url.ts
Download https://jsr.io/@std/path/1.1.6/windows/to_file_url.ts
Download https://jsr.io/@std/path/1.1.6/posix/to_namespaced_path.ts
Download https://jsr.io/@std/path/1.1.6/windows/to_namespaced_path.ts
Download https://jsr.io/@std/path/1.1.6/_common/common.ts
Download https://jsr.io/@std/path/1.1.6/posix/glob_to_regexp.ts
Download https://jsr.io/@std/path/1.1.6/windows/glob_to_regexp.ts
Download https://jsr.io/@std/path/1.1.6/posix/join_globs.ts
Download https://jsr.io/@std/path/1.1.6/windows/join_globs.ts
Download https://jsr.io/@std/path/1.1.6/posix/normalize_glob.ts
Download https://jsr.io/@std/path/1.1.6/windows/normalize_glob.ts
Download https://jsr.io/@std/path/1.1.6/_common/from_file_url.ts
Download https://jsr.io/@std/path/1.1.6/_common/assert_path.ts
Download https://jsr.io/@std/path/1.1.6/windows/_util.ts
Download https://jsr.io/@std/path/1.1.6/_common/dirname.ts
Download https://jsr.io/@std/path/1.1.6/_common/strip_trailing_separators.ts
Download https://jsr.io/@std/path/1.1.6/posix/_util.ts
Download https://jsr.io/@std/path/1.1.6/_common/constants.ts
Download https://jsr.io/@std/crypto/1.1.0/_wasm/lib/deno_std_wasm_crypto.mjs
Download https://jsr.io/@std/path/1.1.6/_common/basename.ts
Download https://jsr.io/@std/path/1.1.6/_common/format.ts
Download https://jsr.io/@std/path/1.1.6/_common/normalize.ts
Download https://jsr.io/@std/path/1.1.6/_common/normalize_string.ts
Download https://jsr.io/@std/path/1.1.6/_common/relative.ts
Download https://jsr.io/@std/path/1.1.6/_common/env.ts
Download https://jsr.io/@std/path/1.1.6/_common/to_file_url.ts
Download https://jsr.io/@std/path/1.1.6/_common/glob_to_reg_exp.ts
Download https://jsr.io/@std/path/1.1.6/posix/constants.ts
Download https://jsr.io/@std/path/1.1.6/windows/constants.ts
Download https://jsr.io/@std/crypto/1.1.0/_wasm/lib/deno_std_wasm_crypto.internal.mjs
Download https://jsr.io/@std/internal/1.0.14/os.ts
Download https://jsr.io/@std/internal/1.0.14/format.ts
Download https://jsr.io/@std/internal/1.0.14/build_message.ts
Download https://jsr.io/@std/internal/1.0.14/diff.ts
Download https://jsr.io/@std/internal/1.0.14/diff_str.ts
Download https://jsr.io/@std/internal/1.0.14/styles.ts
Download https://jsr.io/@std/internal/1.0.14/_os.ts
[PreWarm] 10 new templates, 5 cached, 15 unique topologies (78ms)
[Timing] fitness=93863ms breeding=1322ms breedingWorker=1322ms mainThreadOverlap=0ms resultProcessing=0ms preWarm=78ms pipelineOverlap=81ms sort=0ms writeScores=6ms mutation=385ms deduplication=213ms speciation=3ms total=96489ms
[Utilisation] fitness=0%fast/100%heavy breeding=0%fast/100%heavy overall=17%
[Throughput] wall=96489ms nonFitness=2626ms gensPerHour=37.3 fast=busy7777ms/idle957113ms/depth17/wait1601ms heavy=busy0ms/idle192978ms/depth4/wait0ms scorer=6.7ms/scored17/batchScored17/perCreatureScored0/batchInvocations1/batchFallback0/creaturesPerSec0.2 corruptParentSkips=0
Generation 5 score 0.3464759005195439 (avg: 0.2422) error 0.6531446374805316 time 1m 36s 664ms
[NEAT-AI] Batch scorer partition: 17 forwardOnly batched, 0 recurrent per-creature
Training 32e9e382 samples 33,839 of 2,262,277 1.5% error 0.662 time average: 3ms 547µs 2ns total: 2m 27ms
Training 1b915fa7 samples 32,140 of 2,262,277 1.4% error 0.662 time average: 3ms 734µs 38ns total: 2m 12ms
[DiscoveryReplayRunner] Worker init failed; falling back to direct execution for this worker slot. Error: [WasmWorkerInit] Worker init: no response after 60s (worker=worker-25). Parent-observed: handshakeMs=60009 workerError=none heartbeat=received heartbeatMs=2690 wasm[cache=hit cacheDir=/Users/nigelleck/.cache/neat-ai/wasm bundleBytes=482876 bundleLoadMs=1 glueImportMs=8 instantiateMs=1 wasmTotalMs=9]. Child WASM phase timings unknown — the worker never answered the init handshake (may be stuck loading WASM, CPU-starved, or OOM). The child sent its start heartbeat and then stalled before answering — suspect CPU starvation or a stuck init, not a failed spawn.
    at Timeout._onTimeout (https://jsr.io/@stsoftware/neat-ai/6.3.1/src/workers/WorkerHandlerBase.ts:353:15)
    at invokeCallback (ext:deno_node/internal/timers.mjs:4:810)
    at Object.cb [as _onTimeout] (ext:deno_node/internal/timers.mjs:4:1174)
    at listOnTimeout (ext:core/02_timers.js:307:17)
    at Object.processTimers (ext:core/02_timers.js:250:7)
    at __processTimers (ext:core/01_core.js:447:21)
[WasmWorkerInit] worker=worker-26 outcome=ok handshakeMs=0 cache=hit cacheDir=/Users/nigelleck/.cache/neat-ai/wasm bundleBytes=482876 bundleLoadMs=1 glueImportMs=8 instantiateMs=1 wasmTotalMs=9 workerError=none
[WasmWorkerInit] worker=worker-27 outcome=ok handshakeMs=463 cache=hit cacheDir=/Users/nigelleck/.cache/neat-ai/wasm bundleBytes=482876 bundleLoadMs=1 glueImportMs=8 instantiateMs=1 wasmTotalMs=9 workerError=none
[WasmWorkerInit] worker=worker-28 outcome=ok handshakeMs=256 cache=hit cacheDir=/Users/nigelleck/.cache/neat-ai/wasm bundleBytes=482876 bundleLoadMs=1 glueImportMs=8 instantiateMs=1 wasmTotalMs=9 workerError=none
[WasmWorkerInit] worker=worker-29 outcome=ok handshakeMs=265 cache=hit cacheDir=/Users/nigelleck/.cache/neat-ai/wasm bundleBytes=482876 bundleLoadMs=1 glueImportMs=8 instantiateMs=1 wasmTotalMs=9 workerError=none
[WasmWorkerInit] worker=worker-30 outcome=ok handshakeMs=228 cache=hit cacheDir=/Users/nigelleck/.cache/neat-ai/wasm bundleBytes=482876 bundleLoadMs=1 glueImportMs=8 instantiateMs=1 wasmTotalMs=9 workerError=none
[WasmWorkerInit] worker=worker-31 outcome=ok handshakeMs=257 cache=hit cacheDir=/Users/nigelleck/.cache/neat-ai/wasm bundleBytes=482876 bundleLoadMs=1 glueImportMs=8 instantiateMs=1 wasmTotalMs=9 workerError=none
[WasmWorkerInit] worker=worker-32 outcome=ok handshakeMs=254 cache=hit cacheDir=/Users/nigelleck/.cache/neat-ai/wasm bundleBytes=482876 bundleLoadMs=1 glueImportMs=8 instantiateMs=1 wasmTotalMs=9 workerError=none
[WasmWorkerInit] worker=worker-33 outcome=ok handshakeMs=207 cache=hit cacheDir=/Users/nigelleck/.cache/neat-ai/wasm bundleBytes=482876 bundleLoadMs=1 glueImportMs=8 instantiateMs=1 wasmTotalMs=9 workerError=none
[WasmWorkerInit] worker=worker-34 outcome=ok handshakeMs=233 cache=hit cacheDir=/Users/nigelleck/.cache/neat-ai/wasm bundleBytes=482876 bundleLoadMs=1 glueImportMs=8 instantiateMs=1 wasmTotalMs=9 workerError=none
[WasmWorkerInit] worker=worker-35 outcome=ok handshakeMs=265 cache=hit cacheDir=/Users/nigelleck/.cache/neat-ai/wasm bundleBytes=482876 bundleLoadMs=1 glueImportMs=8 instantiateMs=1 wasmTotalMs=9 workerError=none
[WasmWorkerInit] worker=worker-36 outcome=ok handshakeMs=211 cache=hit cacheDir=/Users/nigelleck/.cache/neat-ai/wasm bundleBytes=482876 bundleLoadMs=1 glueImportMs=8 instantiateMs=1 wasmTotalMs=9 workerError=none
[WasmWorkerInit] worker=worker-37 outcome=ok handshakeMs=225 cache=hit cacheDir=/Users/nigelleck/.cache/neat-ai/wasm bundleBytes=482876 bundleLoadMs=1 glueImportMs=8 instantiateMs=1 wasmTotalMs=9 workerError=none
Training 32e9e382 samples 49,962 of 2,262,277 2.2% error 0.640 time average: 3ms 603µs 298ns total: 3m 28ms
Training 1b915fa7 samples 47,729 of 2,262,277 2.1% error 0.643 time average: 3ms 771µs 711ns total: 3m 20ms
[Neat] Discovery replay: no improvement found (evaluated: 0)
[WasmWorkerInit] worker=worker-38 outcome=ok handshakeMs=180 cache=hit cacheDir=/Users/nigelleck/.cache/neat-ai/wasm bundleBytes=482876 bundleLoadMs=1 glueImportMs=8 instantiateMs=1 wasmTotalMs=9 workerError=none
[WasmWorkerInit] worker=worker-39 outcome=ok handshakeMs=304 cache=hit cacheDir=/Users/nigelleck/.cache/neat-ai/wasm bundleBytes=482876 bundleLoadMs=1 glueImportMs=8 instantiateMs=1 wasmTotalMs=9 workerError=none
[WasmWorkerInit] worker=worker-40 outcome=ok handshakeMs=213 cache=hit cacheDir=/Users/nigelleck/.cache/neat-ai/wasm bundleBytes=482876 bundleLoadMs=1 glueImportMs=8 instantiateMs=1 wasmTotalMs=9 workerError=none
[WasmWorkerInit] worker=worker-41 outcome=ok handshakeMs=189 cache=hit cacheDir=/Users/nigelleck/.cache/neat-ai/wasm bundleBytes=482876 bundleLoadMs=1 glueImportMs=8 instantiateMs=1 wasmTotalMs=9 workerError=none
[WasmWorkerInit] worker=worker-42 outcome=ok handshakeMs=881 cache=hit cacheDir=/Users/nigelleck/.cache/neat-ai/wasm bundleBytes=482876 bundleLoadMs=1 glueImportMs=8 instantiateMs=1 wasmTotalMs=9 workerError=none
[PreWarm] 9 new templates, 6 cached, 15 unique topologies (91ms)
[Timing] fitness=97544ms breeding=1502ms breedingWorker=1502ms mainThreadOverlap=1ms resultProcessing=1ms memoryEviction=1ms preWarm=91ms pipelineOverlap=94ms sort=0ms writeScores=5ms mutation=262ms deduplication=427ms speciation=2ms total=100410ms
[Utilisation] fitness=0%fast/100%heavy breeding=0%fast/100%heavy overall=17%
[Throughput] wall=100410ms nonFitness=2866ms gensPerHour=35.9 fast=busy8993ms/idle995107ms/depth17/wait1852ms heavy=busy0ms/idle200820ms/depth4/wait0ms scorer=7.6ms/scored17/batchScored17/perCreatureScored0/batchInvocations1/batchFallback0/creaturesPerSec0.2 corruptParentSkips=0
Generation 6 score 0.3464761986473856 (avg: 0.1409) error 0.65314432935269 time 1m 40s 578ms
[NEAT-AI] Batch scorer partition: 16 forwardOnly batched, 0 recurrent per-creature
[WasmWorkerInit] worker=worker-43 outcome=ok handshakeMs=315 cache=hit cacheDir=/Users/nigelleck/.cache/neat-ai/wasm bundleBytes=482876 bundleLoadMs=1 glueImportMs=8 instantiateMs=1 wasmTotalMs=9 workerError=none
[WasmWorkerInit] worker=worker-44 outcome=ok handshakeMs=185 cache=hit cacheDir=/Users/nigelleck/.cache/neat-ai/wasm bundleBytes=482876 bundleLoadMs=1 glueImportMs=8 instantiateMs=1 wasmTotalMs=9 workerError=none
[WasmWorkerInit] worker=worker-45 outcome=ok handshakeMs=258 cache=hit cacheDir=/Users/nigelleck/.cache/neat-ai/wasm bundleBytes=482876 bundleLoadMs=1 glueImportMs=8 instantiateMs=1 wasmTotalMs=9 workerError=none
[WasmWorkerInit] worker=worker-46 outcome=ok handshakeMs=230 cache=hit cacheDir=/Users/nigelleck/.cache/neat-ai/wasm bundleBytes=482876 bundleLoadMs=1 glueImportMs=8 instantiateMs=1 wasmTotalMs=9 workerError=none
[WasmWorkerInit] worker=worker-47 outcome=ok handshakeMs=239 cache=hit cacheDir=/Users/nigelleck/.cache/neat-ai/wasm bundleBytes=482876 bundleLoadMs=1 glueImportMs=8 instantiateMs=1 wasmTotalMs=9 workerError=none
[WasmWorkerInit] worker=worker-48 outcome=ok handshakeMs=194 cache=hit cacheDir=/Users/nigelleck/.cache/neat-ai/wasm bundleBytes=482876 bundleLoadMs=1 glueImportMs=8 instantiateMs=1 wasmTotalMs=9 workerError=none
[WasmWorkerInit] worker=worker-49 outcome=ok handshakeMs=220 cache=hit cacheDir=/Users/nigelleck/.cache/neat-ai/wasm bundleBytes=482876 bundleLoadMs=1 glueImportMs=8 instantiateMs=1 wasmTotalMs=9 workerError=none
[neat-ai] running version 6.3.1
Training 32e9e382 samples 64,977 of 2,262,277 2.9% error 0.655 time average: 3ms 694µs 76ns total: 4m 30ms
Training 1b915fa7 samples 63,866 of 2,262,277 2.8% error 0.653 time average: 3ms 758µs 196ns total: 4m 21ms
Training 32e9e382 timed out after 5m 2ms
Training 32e9e382 caused a higher error of 0.6601474500485282 from 0.6531527316455069
Training efe10028 with 1 binary file, target error: 0.002, iterations: 1, sample rate: 100%, sparse: 7.5%
Training 32e9e382 caused a higher error of 0.6601474500485282 from 0.6531527316455069 and no tuning
Training 1b915fa7 timed out after 5m 3ms
Training 1b915fa7 caused a higher error of 0.6577215152825037 from 0.6531491587683959
Training 1b915fa7 caused a higher error of 0.6577215152825037 from 0.6531491587683959 and no tuning
[DynamicPool] 1 idle heavy worker(s) assisting breeding
Training 1b915fa7 completed after 5m 391ms
Training 32e9e382 completed after 5m 1s 159ms
Training 32e9e382 compacted
[Neat] Discovery replay: no improvement found (evaluated: 0)
[PopulationBudget] Dropped 39 creature(s) to stay within the effective population size of 20 (elitists=1, trained=3, fineTuned=3, bred=52, dna=0)
[PreWarm] 6 new templates, 9 cached, 15 unique topologies (80ms)
[Timing] fitness=101443ms breeding=5160ms breedingWorker=5160ms mainThreadOverlap=22ms resultProcessing=22ms preWarm=80ms pipelineOverlap=103ms sort=0ms writeScores=5ms mutation=784ms deduplication=575ms speciation=1ms total=108472ms
[Utilisation] fitness=0%fast/50%heavy breeding=0%fast/50%heavy overall=8%
[Throughput] wall=108472ms nonFitness=7029ms gensPerHour=33.2 fast=busy31536ms/idle1053184ms/depth53/wait12793ms heavy=busy304298ms/idle0ms/depth4/wait76075ms scorer=6.5ms/scored16/batchScored16/perCreatureScored0/batchInvocations1/batchFallback0/creaturesPerSec0.2 corruptParentSkips=0
Generation 7 score 0.3464761986473856 (avg: 0.2144) error 0.65314432935269 time 1m 48s 647ms
Set training/discovery clean up count to 2
[Neat] Stuck-task watchdog abandoning 1 training task(s) past per-task deadline: efe10028
Avg time per generation: 103826ms, max wait: 2 generations in 5 minutes
Training timeout set to 1 generations (based on limiting factor)
[Neat] Wall-clock deadline passed; granting a bounded grace cycle for 1 in-flight training task(s) to return cooperatively before force-abandon
[Neat] Awaiting 1 in-flight task(s) (0 discovery, 1 training) with 30000ms timeout
[DynamicPool] 1 idle heavy worker(s) assisting fitness evaluation
[NEAT-AI] Batch scorer partition: 19 forwardOnly batched, 0 recurrent per-creature
Training efe10028 samples 33,728 of 2,262,277 1.5% error 0.661 time average: 1ms 778µs 967ns total: 1m 1ms
Training efe10028 samples 53,212 of 2,262,277 2.4% error 0.645 time average: 2ms 255µs 224ns total: 2m 5ms
Trained 1b915fa7 Score: 0.3464713592316797, Error: 0.6531491587683959 -> 0.6531491587683959,  🫥
Compact 32e9e382 Score: 0.18361780235857572, Error: 0.6531527316455069 -> 0.8163807312696294, 👿 -0.163
Fine tuning increased fitness by 1.769388860983767e-7 to 0.3464763755862717 adjusted 2 weights 
[DynamicPool] 1 idle heavy worker(s) assisting breeding
[WasmWorkerInit] worker=worker-50 outcome=ok handshakeMs=221 cache=hit cacheDir=/Users/nigelleck/.cache/neat-ai/wasm bundleBytes=482876 bundleLoadMs=1 glueImportMs=8 instantiateMs=1 wasmTotalMs=9 workerError=none
[WasmWorkerInit] worker=worker-51 outcome=ok handshakeMs=345 cache=hit cacheDir=/Users/nigelleck/.cache/neat-ai/wasm bundleBytes=482876 bundleLoadMs=1 glueImportMs=8 instantiateMs=1 wasmTotalMs=9 workerError=none
[WasmWorkerInit] worker=worker-52 outcome=ok handshakeMs=199 cache=hit cacheDir=/Users/nigelleck/.cache/neat-ai/wasm bundleBytes=482876 bundleLoadMs=1 glueImportMs=8 instantiateMs=1 wasmTotalMs=9 workerError=none
[WasmWorkerInit] worker=worker-53 outcome=ok handshakeMs=323 cache=hit cacheDir=/Users/nigelleck/.cache/neat-ai/wasm bundleBytes=482876 bundleLoadMs=1 glueImportMs=8 instantiateMs=1 wasmTotalMs=9 workerError=none
[WasmWorkerInit] worker=worker-54 outcome=ok handshakeMs=877 cache=hit cacheDir=/Users/nigelleck/.cache/neat-ai/wasm bundleBytes=482876 bundleLoadMs=1 glueImportMs=8 instantiateMs=1 wasmTotalMs=9 workerError=none
[PreWarm] 8 new templates, 6 cached, 14 unique topologies (88ms)
[Timing] fitness=96305ms breeding=1499ms breedingWorker=1499ms mainThreadOverlap=0ms resultProcessing=0ms preWarm=88ms pipelineOverlap=92ms sort=0ms writeScores=7ms mutation=411ms deduplication=437ms speciation=4ms total=99408ms
[Utilisation] fitness=0%fast/50%heavy breeding=0%fast/50%heavy overall=8%
[Throughput] wall=99408ms nonFitness=3103ms gensPerHour=36.2 fast=busy9443ms/idle984637ms/depth19/wait2237ms heavy=busy652ms/idle198164ms/depth1/wait0ms scorer=7.8ms/scored19/batchScored19/perCreatureScored0/batchInvocations1/batchFallback0/creaturesPerSec0.2 corruptParentSkips=0
[WasmWorkerInit] worker=worker-55 outcome=ok handshakeMs=171 cache=hit cacheDir=/Users/nigelleck/.cache/neat-ai/wasm bundleBytes=482876 bundleLoadMs=1 glueImportMs=8 instantiateMs=1 wasmTotalMs=9 workerError=none
Generation 8 score 0.3464763755862717 (avg: 0.3370) error 0.6531441524138039 time 2m 9s 579ms
[Neat] Stuck-task watchdog abandoning 1 training task(s) past per-task deadline: d3e5a549
Waiting for training/discovery clean up 2
[DynamicPool] 1 idle heavy worker(s) assisting fitness evaluation
[NEAT-AI] Batch scorer partition: 18 forwardOnly batched, 0 recurrent per-creature
[WasmWorkerInit] worker=worker-56 outcome=ok handshakeMs=203 cache=hit cacheDir=/Users/nigelleck/.cache/neat-ai/wasm bundleBytes=482876 bundleLoadMs=1 glueImportMs=8 instantiateMs=1 wasmTotalMs=9 workerError=none
[WasmWorkerInit] worker=worker-57 outcome=ok handshakeMs=169 cache=hit cacheDir=/Users/nigelleck/.cache/neat-ai/wasm bundleBytes=482876 bundleLoadMs=1 glueImportMs=8 instantiateMs=1 wasmTotalMs=9 workerError=none
[WasmWorkerInit] worker=worker-58 outcome=ok handshakeMs=189 cache=hit cacheDir=/Users/nigelleck/.cache/neat-ai/wasm bundleBytes=482876 bundleLoadMs=1 glueImportMs=8 instantiateMs=1 wasmTotalMs=9 workerError=none
[WasmWorkerInit] worker=worker-59 outcome=ok handshakeMs=225 cache=hit cacheDir=/Users/nigelleck/.cache/neat-ai/wasm bundleBytes=482876 bundleLoadMs=1 glueImportMs=8 instantiateMs=1 wasmTotalMs=9 workerError=none
[WasmWorkerInit] worker=worker-60 outcome=ok handshakeMs=205 cache=hit cacheDir=/Users/nigelleck/.cache/neat-ai/wasm bundleBytes=482876 bundleLoadMs=1 glueImportMs=8 instantiateMs=1 wasmTotalMs=9 workerError=none
[WasmWorkerInit] worker=worker-61 outcome=ok handshakeMs=206 cache=hit cacheDir=/Users/nigelleck/.cache/neat-ai/wasm bundleBytes=482876 bundleLoadMs=1 glueImportMs=8 instantiateMs=1 wasmTotalMs=9 workerError=none
[neat-ai] running version 6.3.1
Training efe10028 samples 71,361 of 2,262,277 3.2% error 0.662 time average: 2ms 522µs 484ns total: 3m 7ms
Training efe10028 samples 90,276 of 2,262,277 4.0% error 0.660 time average: 2ms 658µs 602ns total: 4m 8ms
Fine tuning increased fitness by 2.3834876883288558e-7 to 0.34647661393504053 adjusted 2 weights 
[DynamicPool] 1 idle heavy worker(s) assisting breeding
[Neat] Discovery replay: no improvement found (evaluated: 0)
[WasmWorkerInit] worker=worker-62 outcome=ok handshakeMs=224 cache=hit cacheDir=/Users/nigelleck/.cache/neat-ai/wasm bundleBytes=482876 bundleLoadMs=1 glueImportMs=8 instantiateMs=1 wasmTotalMs=9 workerError=none
[WasmWorkerInit] worker=worker-63 outcome=ok handshakeMs=285 cache=hit cacheDir=/Users/nigelleck/.cache/neat-ai/wasm bundleBytes=482876 bundleLoadMs=1 glueImportMs=8 instantiateMs=1 wasmTotalMs=9 workerError=none
[WasmWorkerInit] worker=worker-64 outcome=ok handshakeMs=173 cache=hit cacheDir=/Users/nigelleck/.cache/neat-ai/wasm bundleBytes=482876 bundleLoadMs=1 glueImportMs=8 instantiateMs=1 wasmTotalMs=9 workerError=none
[WasmWorkerInit] worker=worker-65 outcome=ok handshakeMs=229 cache=hit cacheDir=/Users/nigelleck/.cache/neat-ai/wasm bundleBytes=482876 bundleLoadMs=1 glueImportMs=8 instantiateMs=1 wasmTotalMs=9 workerError=none
[WasmWorkerInit] worker=worker-66 outcome=ok handshakeMs=543 cache=hit cacheDir=/Users/nigelleck/.cache/neat-ai/wasm bundleBytes=482876 bundleLoadMs=1 glueImportMs=8 instantiateMs=1 wasmTotalMs=9 workerError=none
[PreWarm] 9 new templates, 4 cached, 13 unique topologies (123ms)
[Timing] fitness=110095ms breeding=1412ms breedingWorker=1412ms mainThreadOverlap=1ms resultProcessing=1ms preWarm=123ms pipelineOverlap=130ms sort=0ms writeScores=9ms mutation=0ms deduplication=444ms speciation=6ms total=112758ms
[Utilisation] fitness=0%fast/50%heavy breeding=0%fast/50%heavy overall=8%
[Throughput] wall=112758ms nonFitness=2663ms gensPerHour=31.9 fast=busy8296ms/idle1119284ms/depth18/wait1844ms heavy=busy967ms/idle224549ms/depth0/wait0ms scorer=9.4ms/scored18/batchScored18/perCreatureScored0/batchInvocations1/batchFallback0/creaturesPerSec0.2 corruptParentSkips=0
[WasmWorkerInit] worker=worker-67 outcome=ok handshakeMs=174 cache=hit cacheDir=/Users/nigelleck/.cache/neat-ai/wasm bundleBytes=482876 bundleLoadMs=1 glueImportMs=8 instantiateMs=1 wasmTotalMs=9 workerError=none
Generation 9 score 0.34647661393504053 (avg: 0.3449) error 0.653143914065035 time 1m 52s 960ms
Waiting for training/discovery clean up 1
[DynamicPool] 1 idle heavy worker(s) assisting fitness evaluation
[NEAT-AI] Batch scorer partition: 17 forwardOnly batched, 0 recurrent per-creature
[WasmWorkerInit] worker=worker-68 outcome=ok handshakeMs=175 cache=hit cacheDir=/Users/nigelleck/.cache/neat-ai/wasm bundleBytes=482876 bundleLoadMs=1 glueImportMs=8 instantiateMs=1 wasmTotalMs=9 workerError=none
[WasmWorkerInit] worker=worker-69 outcome=ok handshakeMs=167 cache=hit cacheDir=/Users/nigelleck/.cache/neat-ai/wasm bundleBytes=482876 bundleLoadMs=1 glueImportMs=8 instantiateMs=1 wasmTotalMs=9 workerError=none
[WasmWorkerInit] worker=worker-70 outcome=ok handshakeMs=223 cache=hit cacheDir=/Users/nigelleck/.cache/neat-ai/wasm bundleBytes=482876 bundleLoadMs=1 glueImportMs=8 instantiateMs=1 wasmTotalMs=9 workerError=none
[WasmWorkerInit] worker=worker-71 outcome=ok handshakeMs=226 cache=hit cacheDir=/Users/nigelleck/.cache/neat-ai/wasm bundleBytes=482876 bundleLoadMs=1 glueImportMs=8 instantiateMs=1 wasmTotalMs=9 workerError=none
[WasmWorkerInit] worker=worker-72 outcome=ok handshakeMs=234 cache=hit cacheDir=/Users/nigelleck/.cache/neat-ai/wasm bundleBytes=482876 bundleLoadMs=1 glueImportMs=8 instantiateMs=1 wasmTotalMs=9 workerError=none
[WasmWorkerInit] worker=worker-73 outcome=ok handshakeMs=196 cache=hit cacheDir=/Users/nigelleck/.cache/neat-ai/wasm bundleBytes=482876 bundleLoadMs=1 glueImportMs=8 instantiateMs=1 wasmTotalMs=9 workerError=none
[neat-ai] running version 6.3.1
Training efe10028 timed out after 5m 2ms
Training efe10028 caused a higher error of 0.6616556436257495 from 0.6531528021780989
Training efe10028 caused a higher error of 0.6616556436257495 from 0.6531528021780989 and no tuning
Training d3e5a549 with 1 binary file, target error: 0.002, iterations: 1, sample rate: 100%, sparse: 7.5%
Training d3e5a549 samples 17,250 of 2,262,277 0.8% error 0.698 time average: 3ms 478µs 376ns total: 1m 2ms
Fine tuning increased fitness by 6.163172922013516e-7 to 0.34647723025233274 adjusted 2 weights 
[DynamicPool] 1 idle heavy worker(s) assisting breeding
[Neat] Discovery replay: no improvement found (evaluated: 0)
[WasmWorkerInit] worker=worker-74 outcome=ok handshakeMs=219 cache=hit cacheDir=/Users/nigelleck/.cache/neat-ai/wasm bundleBytes=482876 bundleLoadMs=1 glueImportMs=8 instantiateMs=1 wasmTotalMs=9 workerError=none
[WasmWorkerInit] worker=worker-75 outcome=ok handshakeMs=273 cache=hit cacheDir=/Users/nigelleck/.cache/neat-ai/wasm bundleBytes=482876 bundleLoadMs=1 glueImportMs=8 instantiateMs=1 wasmTotalMs=9 workerError=none
[WasmWorkerInit] worker=worker-76 outcome=ok handshakeMs=209 cache=hit cacheDir=/Users/nigelleck/.cache/neat-ai/wasm bundleBytes=482876 bundleLoadMs=1 glueImportMs=8 instantiateMs=1 wasmTotalMs=9 workerError=none
[WasmWorkerInit] worker=worker-77 outcome=ok handshakeMs=334 cache=hit cacheDir=/Users/nigelleck/.cache/neat-ai/wasm bundleBytes=482876 bundleLoadMs=1 glueImportMs=8 instantiateMs=1 wasmTotalMs=9 workerError=none
[PreWarm] 7 new templates, 4 cached, 11 unique topologies (94ms)
[Timing] fitness=105626ms breeding=1388ms breedingWorker=1388ms mainThreadOverlap=0ms resultProcessing=0ms preWarm=94ms pipelineOverlap=97ms sort=0ms writeScores=6ms mutation=118ms deduplication=218ms speciation=3ms total=108169ms
[Utilisation] fitness=0%fast/50%heavy breeding=0%fast/50%heavy overall=8%
[Throughput] wall=108169ms nonFitness=2543ms gensPerHour=33.3 fast=busy8690ms/idle1073000ms/depth17/wait1789ms heavy=busy986ms/idle215352ms/depth0/wait0ms scorer=7.5ms/scored17/batchScored17/perCreatureScored0/batchInvocations1/batchFallback0/creaturesPerSec0.2 corruptParentSkips=0
[WasmWorkerInit] worker=worker-78 outcome=ok handshakeMs=188 cache=hit cacheDir=/Users/nigelleck/.cache/neat-ai/wasm bundleBytes=482876 bundleLoadMs=1 glueImportMs=8 instantiateMs=1 wasmTotalMs=9 workerError=none
Generation 10 score 0.34647723025233274 (avg: 0.3449) error 0.6531432977477428 time 1m 48s 348ms
[WasmWorkerInit] worker=worker-79 outcome=ok handshakeMs=171 cache=hit cacheDir=/Users/nigelleck/.cache/neat-ai/wasm bundleBytes=482876 bundleLoadMs=1 glueImportMs=8 instantiateMs=1 wasmTotalMs=9 workerError=none
[WasmWorkerInit] worker=worker-80 outcome=ok handshakeMs=141 cache=hit cacheDir=/Users/nigelleck/.cache/neat-ai/wasm bundleBytes=482876 bundleLoadMs=1 glueImportMs=8 instantiateMs=1 wasmTotalMs=9 workerError=none
[WasmWorkerInit] worker=worker-81 outcome=ok handshakeMs=140 cache=hit cacheDir=/Users/nigelleck/.cache/neat-ai/wasm bundleBytes=482876 bundleLoadMs=1 glueImportMs=8 instantiateMs=1 wasmTotalMs=9 workerError=none
[WasmWorkerInit] worker=worker-82 outcome=ok handshakeMs=146 cache=hit cacheDir=/Users/nigelleck/.cache/neat-ai/wasm bundleBytes=482876 bundleLoadMs=1 glueImportMs=8 instantiateMs=1 wasmTotalMs=9 workerError=none
[WasmWorkerInit] worker=worker-83 outcome=ok handshakeMs=142 cache=hit cacheDir=/Users/nigelleck/.cache/neat-ai/wasm bundleBytes=482876 bundleLoadMs=1 glueImportMs=8 instantiateMs=1 wasmTotalMs=9 workerError=none
[WasmWorkerInit] worker=worker-84 outcome=ok handshakeMs=152 cache=hit cacheDir=/Users/nigelleck/.cache/neat-ai/wasm bundleBytes=482876 bundleLoadMs=1 glueImportMs=8 instantiateMs=1 wasmTotalMs=9 workerError=none
[WasmWorkerInit] worker=worker-85 outcome=ok handshakeMs=145 cache=hit cacheDir=/Users/nigelleck/.cache/neat-ai/wasm bundleBytes=482876 bundleLoadMs=1 glueImportMs=8 instantiateMs=1 wasmTotalMs=9 workerError=none
[neat-ai] running version 6.3.1
2026-08-10T14:51:24.386Z [INFO] [Learn] [pid-75070] Evolution of 10 generations in 18m 11s, averaging 1m 49s 137ms
2026-08-10T14:51:24.387Z [WARN] [Learn] [pid-75070] model training over-run: elapsed 18m 11s vs expected 12m — continuing to completion (warn-only; only run.sh's wall-clock cap may kill) (#3204)
2026-08-10T14:51:24.526Z [INFO] [saveValidatedCreatureExport] [pid-75070] [forward-only] saved file=.network-sampler.json uuid=fc3bd48f-35ff-50e7-b43f-ae55be791da7
Download https://jsr.io/@std/cli/meta.json
Download https://jsr.io/@std/cli/1.0.17_meta.json
Download https://jsr.io/@std/cli/1.0.17/_data.json
Download https://jsr.io/@stsoftware/tags/1.0.13/App.ts
Download https://jsr.io/@std/cli/1.0.17/mod.ts
Download https://jsr.io/@std/cli/1.0.17/parse_args.ts
Download https://jsr.io/@std/cli/1.0.17/prompt_secret.ts
Download https://jsr.io/@std/cli/1.0.17/unicode_width.ts
Download https://jsr.io/@std/cli/1.0.17/_run_length.ts
📊 sampler.sh run complete: 55 min, 5 loops
[00:51:27] 📦 checkin-sample.sh on host GRQ-23 (via sampler.sh)
GIT-OP: [checkin-sample] git pull ok in 7s (attempt 1/3, timeout=600s)
From github.com:stSoftwareAU/GRQ-sampler
   1b5f5eb..0f78399  main       -> origin/main
Updating 1b5f5eb..0f78399
Updating files:  40% (2/5)Updating files:  60% (3/5)Updating files:  80% (4/5)Updating files: 100% (5/5)Updating files: 100% (5/5), done.
Fast-forward
 TacitKnowledge/hive.json    |   7 +-
 samples/GRQ-10-1.json       | 153 ++++---
 samples/GRQ-21-1.json       |  18 +-
 samples/GRQ-22-1.json       | 115 ++++--
 samples/Mac-Ultra-M2-1.json | 951 ++++++++++++++++++++++++--------------------
 5 files changed, 678 insertions(+), 566 deletions(-)
[00:51:34] 🧭 check-in provenance: caller=sampler.sh host=GRQ-23 since-previous=55m 58s
[00:51:36] ✅ Committing 🦠 GRQ-23 🎯, Score: 0.346477
[main f4a57ef] 🦠 GRQ-23 🎯, Score: 0.346477, Neurons: 1,602 & Synapses: 21,935
 1 file changed, 438 insertions(+), 331 deletions(-)
GIT-OP: [checkin-sample] git push ok in 3s (attempt 1/3, timeout=600s)
To github.com:stSoftwareAU/GRQ-sampler.git
   0f78399..f4a57ef  main -> main
[stage-failure-health] failures=0 firstStage=none firstExitCode=0 firstHitLine=0
GIT-OP: [reset] git fetch ok in 3s (attempt 1/3, timeout=600s)
HEAD is now at d312179bb Fix formatting in sloth.sh weighted array (#3963)
✅ GRQ-health: HEAD 1cd4bd9 matches origin/Develop (ls-remote pre-check) — skipping git fetch (#2063)
✅ GRQ-health: already at origin/Develop (1cd4bd9) — skipping reset/clean/checkout
✅ GRQ-health synced with remote (validation skipped)
🩺 [health_sync] entry repo=/Users/nigelleck/src/GRQ-health branch=Develop local_ahead=0 behind=0
🩺 [health_sync] decision path=noop
🩺 [health_sync] result status=ok
Updating health information...
Already up to date.
Updated health information for GRQ-23
