[log truncated by run.sh: showing the last 64 KB of 777 KB; the full log is on the host]
[NEAT-AI] Batch scorer partition: 35 forwardOnly batched, 0 recurrent batched, 0 per-creature
Training 30077f36 caused a higher error of 0.10939038030096324 from 0.1087756537370453
🗜️ [Score] Weight/bias magnitude overflow on creature unknown: max=8985822899719194, total=17971645948801792. Clamping to ±9007199254740991.
Training 30077f36 caused a higher error of 0.10939038030096324 from 0.1087756537370453 and no tuning
🗜️ [Score] Weight/bias magnitude overflow on creature c4e509d1-215f-5923-a29a-fb70bf4bbbc0: max=8985822899719194, total=17971645948801792. Clamping to ±9007199254740991.
🗜️ [Score] Weight/bias magnitude overflow on creature 7c2bd948-f70f-5440-a399-8679bad02b57: max=8985822899719194, total=17971645948801792. Clamping to ±9007199254740991.
🗜️ [Score] Weight/bias magnitude overflow on creature 5b977056-3296-54ee-9c2b-629e5dfe6f3d: max=8985822899719194, total=17971645948801792. Clamping to ±9007199254740991.
🗜️ [Score] Weight/bias magnitude overflow on creature 5427a6fb-0e52-5ff8-a2d3-bd5ef793f181: max=8985822899719194, total=17971645948801792. Clamping to ±9007199254740991.
🗜️ [Score] Weight/bias magnitude overflow on creature d4412bd8-cf89-5021-b0dc-915cad12b001: max=8985822899719194, total=17971645948801792. Clamping to ±9007199254740991.
🗜️ [Score] Weight/bias magnitude overflow on creature 7e926b41-c669-58b3-afda-cb91487cc883: max=8985822899719194, total=17971645948801792. Clamping to ±9007199254740991.
🗜️ [Score] Weight/bias magnitude overflow on creature a9779368-9927-5ecf-ad3c-ac381ba163f5: max=8985822899719194, total=17971645948801792. Clamping to ±9007199254740991.
🗜️ [Score] Weight/bias magnitude overflow on creature 6844abb6-375e-5c25-9299-8a98585fba62: max=8985822899719194, total=17971645948801792. Clamping to ±9007199254740991.
🗜️ [Score] Weight/bias magnitude overflow on creature e0847add-385f-5c82-b678-a6fab348ac3b: max=8985822899719194, total=17971645948801792. Clamping to ±9007199254740991.
🗜️ [Score] Weight/bias magnitude overflow on creature 2ca5a628-43e8-540d-9168-366f5cfcd0b5: max=8985822899719194, total=17971645948801792. Clamping to ±9007199254740991.
🗜️ [Score] Weight/bias magnitude overflow on creature 5b16b203-ec9c-55b8-b898-d6e8f0ee9b70: max=8985822899719194, total=17971645948801792. Clamping to ±9007199254740991.
🗜️ [Score] Weight/bias magnitude overflow on creature e833decd-60a4-5f6c-8f51-6e01609020e7: max=8985822899719194, total=17971645948801792. Clamping to ±9007199254740991.
🗜️ [Score] Weight/bias magnitude overflow on creature beb0e25a-f5ce-5177-b61f-cf1f9bb29af1: max=8985822899719194, total=17971645948801792. Clamping to ±9007199254740991.
🗜️ [Score] Weight/bias magnitude overflow on creature 9c537db6-871b-53de-b657-3e3a644689eb: max=8985822899719194, total=17971645948801792. Clamping to ±9007199254740991.
🗜️ [Score] Weight/bias magnitude overflow on creature ba6fdf62-adb4-5665-928e-c7625d095cac: max=8985822899719194, total=17971645948801792. Clamping to ±9007199254740991.
🗜️ [Score] Weight/bias magnitude overflow on creature f6dcfdf7-8027-5b5b-9f8d-12294023ffab: max=8985822899719194, total=17971645948801792. Clamping to ±9007199254740991.
🗜️ [Score] Weight/bias magnitude overflow on creature 2b2de1de-6803-5213-8d99-2759c58f0c22: max=8985822899719194, total=17971645948801792. Clamping to ±9007199254740991.
🗜️ [Score] Weight/bias magnitude overflow on creature 138001d2-55d7-5bab-89dc-260a225b667f: max=8985822899719194, total=17971645948801792. Clamping to ±9007199254740991.
🗜️ [Score] Weight/bias magnitude overflow on creature 2e00128d-2d73-507e-9d75-ff94608ae986: max=8985822899719194, total=17971645948801792. Clamping to ±9007199254740991.
🗜️ [Score] Weight/bias magnitude overflow on creature 7b1cc21d-c988-5333-8c49-227a797783b9: max=8985822899719194, total=17971645948801792. Clamping to ±9007199254740991.
🗜️ [Score] Weight/bias magnitude overflow on creature 951151d1-273f-5592-8961-0d3a917b839a: max=8985822899719194, total=17971645948801792. Clamping to ±9007199254740991.
🗜️ [Score] Weight/bias magnitude overflow on creature 9a8d5978-9e53-5fcd-a157-0f123dc7a8f0: max=8985822899719194, total=17971645948801792. Clamping to ±9007199254740991.
🗜️ [Score] Weight/bias magnitude overflow on creature 14f75555-64b7-5c3a-953f-8797b69ea822: max=8985822899719194, total=17971645948801792. Clamping to ±9007199254740991.
🗜️ [Score] Weight/bias magnitude overflow on creature 23797053-75ef-589a-b251-8640d8b08415: max=8985822899719194, total=17971645948801792. Clamping to ±9007199254740991.
🗜️ [Score] Weight/bias magnitude overflow on creature fd35f45d-fdce-5e46-9dd1-78adceac1cb5: max=8985822899719194, total=17971645948822574. Clamping to ±9007199254740991.
🗜️ [Score] Weight/bias magnitude overflow on creature 1c61a437-25bf-5e00-a7fb-c6a1e0968dcf: max=8985822899719194, total=17971645948834658. Clamping to ±9007199254740991.
🗜️ [Score] Weight/bias magnitude overflow on creature a5dc59b2-0678-50eb-a6fe-c612df924883: max=8985822899719194, total=17971645948835118. Clamping to ±9007199254740991.
🗜️ [Score] Weight/bias magnitude overflow on creature 1693e015-c8de-5332-a6c8-86be841b1f26: max=8985822899719194, total=17971645948822574. Clamping to ±9007199254740991.
🗜️ [Score] Weight/bias magnitude overflow on creature e04d6806-2f92-5166-b3af-b2f1e9aa7ad1: max=8985822899719194, total=17971645948801924. Clamping to ±9007199254740991.
🗜️ [Score] Weight/bias magnitude overflow on creature 0ebf83bf-7006-5544-94dc-9217fb856948: max=8985822899719194, total=17971645948801924. Clamping to ±9007199254740991.
🗜️ [Score] Weight/bias magnitude overflow on creature e2fad486-3eb9-53d8-a346-2593b6935aed: max=8985822899719194, total=17971645951788110. Clamping to ±9007199254740991.
🗜️ [Score] Weight/bias magnitude overflow on creature 3caa42db-3f80-5ec4-b669-cfdf950a2ae4: max=8985822899719194, total=17971645951788110. Clamping to ±9007199254740991.
🗜️ [Score] Weight/bias magnitude overflow on creature 7f712a5a-768d-5cf7-a8ee-80b79f6cf20a: max=8985822899719194, total=17971645951787034. Clamping to ±9007199254740991.
🗜️ [Score] Weight/bias magnitude overflow on creature 5a0ea1e2-2848-538c-8a0f-e5a8860110f4: max=8985822899719194, total=17971645948899086. Clamping to ±9007199254740991.
🗜️ [Score] Weight/bias magnitude overflow on creature 392b00a3-e218-55da-bb54-d5be96c8f725: max=8985822899719194, total=17971645948721956. Clamping to ±9007199254740991.
Trained bad02b57 Score: 0.8909423744715466, Error: 0.10880243351683039 -> 0.10880243351683039,  🫥
Trained bf4bbbc0 Score: 0.8909404321415801, Error: 0.10880437584679684 -> 0.10880437584679684,  🫥
Training 644689eb scheduled
Training 423381ae scheduled
Training edba07e0 scheduled
Training 30077f36 completed after 2s 272ms
Training 749c9344 completed after 2s 55ms
Training 15ee22ea completed after 2s 525ms
Training 7b5903b5 caused a higher error of 0.10935380764563367 from 0.10873870554771045
🗜️ [Score] Weight/bias magnitude overflow on creature unknown: max=8985822899719194, total=17971645948801792. Clamping to ±9007199254740991.
Training 7b5903b5 caused a higher error of 0.10935380764563367 from 0.10873870554771045 and no tuning
[PreWarm] 9 new templates, 4 cached, 13 unique topologies (232ms)
[Timing] fitness=1094ms breeding=1675ms breedingWorker=1675ms mainThreadOverlap=37ms resultProcessing=37ms preWarm=232ms pipelineOverlap=278ms sort=0ms writeScores=9ms mutation=103ms deduplication=384ms speciation=9ms total=4973ms
[Utilisation] fitness=0%fast/50%heavy breeding=0%fast/100%heavy overall=12%
[MutationOps] MOD_WEIGHT proposed=3 noChange=0 applied=3 reverted=0 evaluated=0 accepted=0 rejected=0 evalMs=0 depth[in=0 mid=0 out=0 ?=3] | MOD_BIAS proposed=1 noChange=0 applied=1 reverted=0 evaluated=0 accepted=0 rejected=0 evalMs=0 depth[in=0 mid=0 out=0 ?=1] || resolved=0 multiOperator=0 discarded=0 evalMs=0 mcmc=0/0
[Throughput] wall=4973ms nonFitness=3879ms gensPerHour=723.9 fast=busy7862ms/idle31922ms/depth35/wait3032ms heavy=busy0ms/idle9946ms/depth10/wait0ms scorer=74.6ms/scored35/batchScored35/perCreatureScored0/batchInvocations1/creaturesPerSec32.0 corruptParentSkips=0
[NEAT-AI] Batch scorer partition: 34 forwardOnly batched, 0 recurrent batched, 0 per-creature
Training 4c207cb5 caused a higher error of 0.1093538078727777 from 0.1087387060427845
🗜️ [Score] Weight/bias magnitude overflow on creature unknown: max=8985822899719194, total=17971645948801792. Clamping to ±9007199254740991.
Training 4c207cb5 caused a higher error of 0.1093538078727777 from 0.1087387060427845 and no tuning
🗜️ [Score] Weight/bias magnitude overflow on creature 5603ea44-6d7e-5fba-9829-8ea130077f36: max=8985822899719194, total=17971645948801792. Clamping to ±9007199254740991.
🗜️ [Score] Weight/bias magnitude overflow on creature c4a8a784-deb7-5cab-abea-18b3749c9344: max=8985822899719194, total=17971645948801792. Clamping to ±9007199254740991.
🗜️ [Score] Weight/bias magnitude overflow on creature 6cecd88f-ea1a-5215-a47e-e25715ee22ea: max=8985822899719194, total=17971645948801792. Clamping to ±9007199254740991.
🗜️ [Score] Weight/bias magnitude overflow on creature ba1a503c-cdd9-5322-9ac4-bbb3a7bf9541: max=8985822899719194, total=17971645948801792. Clamping to ±9007199254740991.
🗜️ [Score] Weight/bias magnitude overflow on creature 7349d7a7-74e8-51c6-b520-199a585db4ba: max=8985822899719194, total=17971645948801792. Clamping to ±9007199254740991.
🗜️ [Score] Weight/bias magnitude overflow on creature fe76f6e3-2f70-5a4d-94c3-335619286c3e: max=8985822899719194, total=17971645948801792. Clamping to ±9007199254740991.
🗜️ [Score] Weight/bias magnitude overflow on creature 1fad8fa4-60e3-5bae-a56f-72923c0c0a08: max=8985822899719194, total=17971645948801792. Clamping to ±9007199254740991.
🗜️ [Score] Weight/bias magnitude overflow on creature d1e95722-4bfd-5198-9805-8b27bcea1b06: max=8985822899719194, total=17971645948801792. Clamping to ±9007199254740991.
🗜️ [Score] Weight/bias magnitude overflow on creature c77d124b-0d16-53e2-b424-8d0dbecc7afa: max=8985822899719194, total=17971645948801792. Clamping to ±9007199254740991.
🗜️ [Score] Weight/bias magnitude overflow on creature 09a02e15-1dc4-55a4-af8c-4678813c7706: max=8985822899719194, total=17971645948801792. Clamping to ±9007199254740991.
🗜️ [Score] Weight/bias magnitude overflow on creature 15c19956-b7d1-5185-8f74-ba12a8626257: max=8985822899719194, total=17971645948801792. Clamping to ±9007199254740991.
🗜️ [Score] Weight/bias magnitude overflow on creature 6dbd55d4-cd2e-5c96-9a8a-7c5ea78df61d: max=8985822899719194, total=17971645948801792. Clamping to ±9007199254740991.
🗜️ [Score] Weight/bias magnitude overflow on creature 4ff57abe-e3b3-5154-9419-f8e2e4f75912: max=8985822899719194, total=17971645948801792. Clamping to ±9007199254740991.
🗜️ [Score] Weight/bias magnitude overflow on creature c2dee530-8a84-5bc1-b6c3-7c9724c89cbc: max=8985822899719194, total=17971645948801792. Clamping to ±9007199254740991.
🗜️ [Score] Weight/bias magnitude overflow on creature 68bde37b-0404-5c30-94b4-cd735c909a4d: max=8985822899719194, total=17971645948801792. Clamping to ±9007199254740991.
🗜️ [Score] Weight/bias magnitude overflow on creature f9b29aa4-c644-5f19-a96a-1f4fc42a9872: max=8985822899719194, total=17971645948801792. Clamping to ±9007199254740991.
🗜️ [Score] Weight/bias magnitude overflow on creature c6c1534c-80ac-5198-b06b-65b601433a8e: max=8985822899719194, total=17971645948801792. Clamping to ±9007199254740991.
🗜️ [Score] Weight/bias magnitude overflow on creature aad0f3e0-64ef-5398-84c4-9c7022e51852: max=8985822899719194, total=17971645948801792. Clamping to ±9007199254740991.
🗜️ [Score] Weight/bias magnitude overflow on creature 29da39e4-bce3-5105-be2c-93bd12c317a9: max=8985822899719194, total=17971645948801792. Clamping to ±9007199254740991.
🗜️ [Score] Weight/bias magnitude overflow on creature b7fe558e-76d3-571c-9675-2fa136e6f406: max=8985822899719194, total=17971645948801792. Clamping to ±9007199254740991.
🗜️ [Score] Weight/bias magnitude overflow on creature b115c681-6ccc-5de9-8c82-0ae830963fa2: max=8985822899719194, total=17971645948801792. Clamping to ±9007199254740991.
🗜️ [Score] Weight/bias magnitude overflow on creature 91d25fb0-d1bf-56f7-979e-718164989a05: max=8985822899719194, total=17971645948801792. Clamping to ±9007199254740991.
🗜️ [Score] Weight/bias magnitude overflow on creature 36c2efb8-a13d-5e5c-b385-8578343cdb88: max=8985822899719194, total=17971645948801792. Clamping to ±9007199254740991.
🗜️ [Score] Weight/bias magnitude overflow on creature 965fbae6-0b1b-571e-aee9-01ffff18d22d: max=8985822899719194, total=17971645951786994. Clamping to ±9007199254740991.
🗜️ [Score] Weight/bias magnitude overflow on creature d135e20e-6d50-58e3-b82b-995bc20c2115: max=8985822899719194, total=17971645951788150. Clamping to ±9007199254740991.
🗜️ [Score] Weight/bias magnitude overflow on creature bdb5d3ec-2793-51da-949d-2ca7c039a489: max=8985822899719194, total=17971645951788146. Clamping to ±9007199254740991.
🗜️ [Score] Weight/bias magnitude overflow on creature 08bf2b14-231f-58c6-8dc9-964cec230e04: max=8985822899719194, total=17971645948822574. Clamping to ±9007199254740991.
🗜️ [Score] Weight/bias magnitude overflow on creature aff9a572-f659-58d8-937d-8e7bdb6739c8: max=8985822899719194, total=17971645948835282. Clamping to ±9007199254740991.
🗜️ [Score] Weight/bias magnitude overflow on creature 5181ffd6-dde6-5276-821e-44e428ca5f1f: max=8985822899719194, total=17971645948899122. Clamping to ±9007199254740991.
🗜️ [Score] Weight/bias magnitude overflow on creature 828e3fb0-8974-5c15-ac64-9e4972f2ba50: max=8985822899719194, total=17971645948899122. Clamping to ±9007199254740991.
🗜️ [Score] Weight/bias magnitude overflow on creature 6197850e-e8e9-562c-a77d-743eac97facc: max=8985822899719194, total=17971645948919894. Clamping to ±9007199254740991.
🗜️ [Score] Weight/bias magnitude overflow on creature eaa95baa-d390-5b43-8b36-61ca6f876905: max=8985822899719194, total=17971645948735156. Clamping to ±9007199254740991.
🗜️ [Score] Weight/bias magnitude overflow on creature d9723d0d-73b2-5cc8-b4c2-05d7de75b285: max=8985822899719194, total=17971645948662898. Clamping to ±9007199254740991.
🗜️ [Score] Weight/bias magnitude overflow on creature 1909b371-ff94-5dc8-9cdd-f62686822425: max=8985822899719194, total=17971645948722452. Clamping to ±9007199254740991.
Trained 15ee22ea Score: 0.8910061033052933, Error: 0.10873870468308372 -> 0.10873870468308372,  🫥
Trained 749c9344 Score: 0.8909696959664914, Error: 0.10877511202188549 -> 0.10877511202188549,  🫥
Trained 30077f36 Score: 0.8909691542513316, Error: 0.1087756537370453 -> 0.1087756537370453,  🫥
Training 842e4754 scheduled
Training 64989a05 scheduled
Training 4c207cb5 completed after 2s 633ms
Training 7b5903b5 completed after 2s 142ms
Training 644689eb caused a higher error of 0.10935380726716785 from 0.10873870455979665
🗜️ [Score] Weight/bias magnitude overflow on creature unknown: max=8985822899719194, total=17971645948801792. Clamping to ±9007199254740991.
Training 644689eb caused a higher error of 0.10935380726716785 from 0.10873870455979665 and no tuning
Training 0e2ace88 caused a higher error of 0.10935380750186798 from 0.10873870554685705
🗜️ [Score] Weight/bias magnitude overflow on creature unknown: max=8985822899719194, total=17971645948801792. Clamping to ±9007199254740991.
Training 0e2ace88 caused a higher error of 0.10935380750186798 from 0.10873870554685705 and no tuning
Training fc67e002 caused a higher error of 0.10935385702806644 from 0.10873875104261616
🗜️ [Score] Weight/bias magnitude overflow on creature unknown: max=8985822899719194, total=17971645948801792. Clamping to ±9007199254740991.
Training fc67e002 caused a higher error of 0.10935385702806644 from 0.10873875104261616 and no tuning
[PreWarm] 12 new templates, 2 cached, 14 unique topologies (176ms)
[Timing] fitness=1186ms breeding=1727ms breedingWorker=1727ms mainThreadOverlap=17ms resultProcessing=17ms preWarm=176ms pipelineOverlap=197ms sort=0ms writeScores=4ms mutation=0ms deduplication=301ms speciation=4ms total=4779ms
[Utilisation] fitness=0%fast/100%heavy breeding=0%fast/50%heavy overall=10%
[MutationOps] MOD_WEIGHT proposed=0 noChange=0 applied=0 reverted=0 evaluated=1 accepted=0 rejected=1 evalMs=33 delta[n=1 min=-1.0204 med=-1.0204 max=-1.0204] depthRejected[in=0 mid=0 out=0 ?=1] attribution[sole=0 co=1] | MOD_BIAS proposed=0 noChange=0 applied=0 reverted=0 evaluated=1 accepted=0 rejected=1 evalMs=33 delta[n=1 min=-1.0204 med=-1.0204 max=-1.0204] depthRejected[in=0 mid=0 out=0 ?=1] attribution[sole=0 co=1] || resolved=1 multiOperator=1 discarded=0 evalMs=33 mcmc=0/0
[Throughput] wall=4779ms nonFitness=3593ms gensPerHour=753.3 fast=busy8531ms/idle29701ms/depth34/wait3262ms heavy=busy7195ms/idle2363ms/depth10/wait2878ms scorer=72.2ms/scored34/batchScored34/perCreatureScored0/batchInvocations1/creaturesPerSec28.7 corruptParentSkips=0
[DynamicPool] 1 idle heavy worker(s) assisting fitness evaluation
[NEAT-AI] Batch scorer partition: 33 forwardOnly batched, 0 recurrent batched, 0 per-creature
🗜️ [Score] Weight/bias magnitude overflow on creature 78a48ee2-df39-5140-b313-bc4e4c207cb5: max=8985822899719194, total=17971645948801792. Clamping to ±9007199254740991.
🗜️ [Score] Weight/bias magnitude overflow on creature f49b5d5c-57a7-56f8-ba01-75fc7b5903b5: max=8985822899719194, total=17971645948801792. Clamping to ±9007199254740991.
🗜️ [Score] Weight/bias magnitude overflow on creature 79520448-5d62-539c-8d70-365b7107519b: max=8985822899719194, total=17971645948801792. Clamping to ±9007199254740991.
🗜️ [Score] Weight/bias magnitude overflow on creature d21414e9-a3a9-5de1-9357-c510549cc98f: max=8985822899719194, total=17971645948801792. Clamping to ±9007199254740991.
🗜️ [Score] Weight/bias magnitude overflow on creature e00a6b7c-8a76-5bda-8d74-65fc41d2c532: max=8985822899719194, total=17971645948801792. Clamping to ±9007199254740991.
🗜️ [Score] Weight/bias magnitude overflow on creature a7d86247-eb18-52b7-adea-a39aa0683979: max=8985822899719194, total=17971645948801792. Clamping to ±9007199254740991.
🗜️ [Score] Weight/bias magnitude overflow on creature 5db5a0d1-5b09-58a3-a0b9-db81387e9570: max=8985822899719194, total=17971645948801792. Clamping to ±9007199254740991.
🗜️ [Score] Weight/bias magnitude overflow on creature 2b2a66f5-b243-5cf5-bbd2-997ae33d3813: max=8985822899719194, total=17971645948801792. Clamping to ±9007199254740991.
🗜️ [Score] Weight/bias magnitude overflow on creature e8d96a70-66bc-5061-98c9-50294569d311: max=8985822899719194, total=17971645948801792. Clamping to ±9007199254740991.
🗜️ [Score] Weight/bias magnitude overflow on creature 3194ea83-1561-5b94-bdbe-34ca776a47a0: max=8985822899719194, total=17971645948801792. Clamping to ±9007199254740991.
🗜️ [Score] Weight/bias magnitude overflow on creature cfdb87f6-a7e6-5a09-ae92-6e8e5a1eaaea: max=8985822899719194, total=17971645948801792. Clamping to ±9007199254740991.
🗜️ [Score] Weight/bias magnitude overflow on creature 5564d36c-f58d-5257-95b0-62a7c74ce671: max=8985822899719194, total=17971645948801792. Clamping to ±9007199254740991.
🗜️ [Score] Weight/bias magnitude overflow on creature ba354fd1-4e77-50f9-b758-8d2aadfc6318: max=8985822899719194, total=17971645948801792. Clamping to ±9007199254740991.
🗜️ [Score] Weight/bias magnitude overflow on creature 486ff4d5-646b-5800-a82e-99878391fd6a: max=8985822899719194, total=17971645948801792. Clamping to ±9007199254740991.
🗜️ [Score] Weight/bias magnitude overflow on creature 1a7892fd-fa76-5107-a345-cd6a82d0c8da: max=8985822899719194, total=17971645948801792. Clamping to ±9007199254740991.
🗜️ [Score] Weight/bias magnitude overflow on creature b5add0ea-52af-513a-abfa-3eef5a2a7cba: max=8985822899719194, total=17971645948801792. Clamping to ±9007199254740991.
🗜️ [Score] Weight/bias magnitude overflow on creature af8906fc-6a04-5ffb-9c52-c4805778c9d0: max=8985822899719194, total=17971645948801792. Clamping to ±9007199254740991.
🗜️ [Score] Weight/bias magnitude overflow on creature ad3d9dc9-0f37-5ab3-b2b3-7688fa01e498: max=8985822899719194, total=17971645948801792. Clamping to ±9007199254740991.
🗜️ [Score] Weight/bias magnitude overflow on creature bec1022c-a081-5c34-8b33-70ad5c9ff79e: max=8985822899719194, total=17971645948801792. Clamping to ±9007199254740991.
🗜️ [Score] Weight/bias magnitude overflow on creature 163a40cf-49c4-5314-a3e7-010be7594282: max=8985822899719194, total=17971645948801792. Clamping to ±9007199254740991.
🗜️ [Score] Weight/bias magnitude overflow on creature e14e325a-4741-5ee0-a8cf-eded2282c2b9: max=8985822899719194, total=17971645948801792. Clamping to ±9007199254740991.
🗜️ [Score] Weight/bias magnitude overflow on creature b9c35c23-ee68-5bde-a1a8-d5942c1b2cbf: max=8985822899719194, total=17971645948802384. Clamping to ±9007199254740991.
🗜️ [Score] Weight/bias magnitude overflow on creature f7d596de-bc70-538a-907c-b461d41ff192: max=8985822899719194, total=17971645948822574. Clamping to ±9007199254740991.
🗜️ [Score] Weight/bias magnitude overflow on creature b35d168e-2ba9-5200-8afc-4cd9aae44072: max=8985822899719194, total=17971645951788146. Clamping to ±9007199254740991.
🗜️ [Score] Weight/bias magnitude overflow on creature 46440cff-e5a3-5841-aa8c-8debfcac017d: max=8985822899719194, total=17971645951926516. Clamping to ±9007199254740991.
🗜️ [Score] Weight/bias magnitude overflow on creature bd5d8094-c3e8-5f86-9fa0-a70f80010af4: max=8985822899719194, total=17971645951787034. Clamping to ±9007199254740991.
🗜️ [Score] Weight/bias magnitude overflow on creature c53f0a96-cc5d-550f-9568-350d1bab55a1: max=8985822899719194, total=17971645951947886. Clamping to ±9007199254740991.
🗜️ [Score] Weight/bias magnitude overflow on creature 5c0f84d9-4bff-5e5e-aed7-45335c81f325: max=8985822899719194, total=17971645948814504. Clamping to ±9007199254740991.
🗜️ [Score] Weight/bias magnitude overflow on creature a4aa716c-90f9-5132-a5b9-d75554256733: max=8985822899719194, total=17971645948813840. Clamping to ±9007199254740991.
🗜️ [Score] Weight/bias magnitude overflow on creature eb9d208a-a0a4-5310-aa13-5c7addc67497: max=8985822899719194, total=17971645948822574. Clamping to ±9007199254740991.
🗜️ [Score] Weight/bias magnitude overflow on creature 8b3d686c-e782-5090-be80-d18b95a8d12c: max=8985822899719194, total=17971645948899122. Clamping to ±9007199254740991.
🗜️ [Score] Weight/bias magnitude overflow on creature 06f889b8-af95-5e7e-a85d-b8e3e902cebf: max=8985822899719194, total=17971645948932602. Clamping to ±9007199254740991.
🗜️ [Score] Weight/bias magnitude overflow on creature 7fa152a2-7056-5794-86c0-5fd90b95ad51: max=8985822899719194, total=17971645948919858. Clamping to ±9007199254740991.
Trained 7b5903b5 Score: 0.8910061024406665, Error: 0.10873870554771045 -> 0.10873870554771045,  🫥
Trained 4c207cb5 Score: 0.8910061019455925, Error: 0.1087387060427845 -> 0.1087387060427845,  🫥
Training 4ee13eaf scheduled
Training e7594282 scheduled
Training fc67e002 completed after 2s 258ms
Training 0e2ace88 completed after 2s 205ms
Training 644689eb completed after 2s 943ms
Training e496b6ac caused a higher error of 0.10935388812684871 from 0.10873878137899143
🗜️ [Score] Weight/bias magnitude overflow on creature unknown: max=8985822899719194, total=17971645948801792. Clamping to ±9007199254740991.
Training e496b6ac caused a higher error of 0.10935388812684871 from 0.10873878137899143 and no tuning
Training 3fafeb61 caused a higher error of 0.10935380712728202 from 0.1087387044996948
🗜️ [Score] Weight/bias magnitude overflow on creature unknown: max=8985822899719194, total=17971645948801792. Clamping to ±9007199254740991.
Training 3fafeb61 caused a higher error of 0.10935380712728202 from 0.1087387044996948 and no tuning
[PreWarm] 14 new templates, 3 cached, 17 unique topologies (223ms)
[Timing] fitness=989ms breeding=2121ms breedingWorker=2121ms mainThreadOverlap=31ms resultProcessing=31ms memoryEviction=1ms preWarm=223ms pipelineOverlap=260ms sort=0ms writeScores=6ms mutation=0ms deduplication=954ms speciation=6ms total=5362ms
[Utilisation] fitness=0%fast/50%heavy breeding=0%fast/100%heavy overall=14%
[MutationOps] MOD_WEIGHT proposed=2 noChange=0 applied=2 reverted=0 evaluated=0 accepted=0 rejected=0 evalMs=0 depth[in=0 mid=0 out=0 ?=2] | MOD_BIAS proposed=2 noChange=0 applied=2 reverted=0 evaluated=0 accepted=0 rejected=0 evalMs=0 depth[in=0 mid=0 out=0 ?=2] || resolved=0 multiOperator=0 discarded=0 evalMs=0 mcmc=0/0
[Throughput] wall=5362ms nonFitness=4373ms gensPerHour=671.4 fast=busy8448ms/idle34448ms/depth33/wait3200ms heavy=busy0ms/idle10724ms/depth8/wait0ms scorer=67.5ms/scored33/batchScored33/perCreatureScored0/batchInvocations1/creaturesPerSec33.4 corruptParentSkips=0
[NEAT-AI] Batch scorer partition: 37 forwardOnly batched, 0 recurrent batched, 0 per-creature
Training 4ee13eaf caused a higher error of 0.10935380712823574 from 0.10873870458722956
🗜️ [Score] Weight/bias magnitude overflow on creature unknown: max=8985822899719194, total=17971645948801792. Clamping to ±9007199254740991.
Training 4ee13eaf caused a higher error of 0.10935380712823574 from 0.10873870458722956 and no tuning
Training b4c39ef4 caused a higher error of 0.10935380710745012 from 0.10873870455620244
🗜️ [Score] Weight/bias magnitude overflow on creature unknown: max=8985822899719194, total=17971645948801792. Clamping to ±9007199254740991.
Training b4c39ef4 caused a higher error of 0.10935380710745012 from 0.10873870455620244 and no tuning
🗜️ [Score] Weight/bias magnitude overflow on creature 4cba21ca-2ae2-5e0e-8e47-c250fc67e002: max=8985822899719194, total=17971645948801792. Clamping to ±9007199254740991.
🗜️ [Score] Weight/bias magnitude overflow on creature 79517d2f-ef89-57c9-8ab0-9e560e2ace88: max=8985822899719194, total=17971645948801792. Clamping to ±9007199254740991.
🗜️ [Score] Weight/bias magnitude overflow on creature 352eaddc-ea79-51dd-a190-1134beb80dc3: max=8985822899719194, total=17971645948801792. Clamping to ±9007199254740991.
🗜️ [Score] Weight/bias magnitude overflow on creature 91dfd78a-06a5-55c1-93d2-c1bf063dde4f: max=8985822899719194, total=17971645948801792. Clamping to ±9007199254740991.
🗜️ [Score] Weight/bias magnitude overflow on creature 0bd62817-5942-5c44-898a-d64ee4901edb: max=8985822899719194, total=17971645948801792. Clamping to ±9007199254740991.
🗜️ [Score] Weight/bias magnitude overflow on creature f54c0d91-a60c-524f-a06e-9dcd7b735a39: max=8985822899719194, total=17971645948801792. Clamping to ±9007199254740991.
🗜️ [Score] Weight/bias magnitude overflow on creature 36556269-771c-580d-8308-393596ca631a: max=8985822899719194, total=17971645948801792. Clamping to ±9007199254740991.
🗜️ [Score] Weight/bias magnitude overflow on creature fbf261bb-69d5-5dfd-9d80-7dcacda95f2a: max=8985822899719194, total=17971645948801792. Clamping to ±9007199254740991.
🗜️ [Score] Weight/bias magnitude overflow on creature 2fd0ee2b-88c2-5887-8deb-1f0a839f8c67: max=8985822899719194, total=17971645948801792. Clamping to ±9007199254740991.
🗜️ [Score] Weight/bias magnitude overflow on creature c5461ae5-d9ed-55f6-8055-175a0fcc2842: max=8985822899719194, total=17971645948801792. Clamping to ±9007199254740991.
🗜️ [Score] Weight/bias magnitude overflow on creature 6d621275-4b52-5fb5-a0dc-7219ebbdf6b4: max=8985822899719194, total=17971645948801792. Clamping to ±9007199254740991.
🗜️ [Score] Weight/bias magnitude overflow on creature b0a67494-00a2-5f74-956b-60b58641ece2: max=8985822899719194, total=17971645948801792. Clamping to ±9007199254740991.
🗜️ [Score] Weight/bias magnitude overflow on creature 7945b323-60cb-5250-b238-93393fb30133: max=8985822899719194, total=17971645948801792. Clamping to ±9007199254740991.
🗜️ [Score] Weight/bias magnitude overflow on creature df090701-6e91-542f-bf5f-ae8f5ac5cbc9: max=8985822899719194, total=17971645948801792. Clamping to ±9007199254740991.
🗜️ [Score] Weight/bias magnitude overflow on creature 6d2f8c49-f0b8-5ada-912d-3c9439b8d12c: max=8985822899719194, total=17971645948801792. Clamping to ±9007199254740991.
🗜️ [Score] Weight/bias magnitude overflow on creature 30a85bd2-937a-5de9-8b57-2010a0288d60: max=8985822899719194, total=17971645948801792. Clamping to ±9007199254740991.
🗜️ [Score] Weight/bias magnitude overflow on creature 54173c44-da67-5fa4-bc0e-b737933726be: max=8985822899719194, total=17971645948801792. Clamping to ±9007199254740991.
🗜️ [Score] Weight/bias magnitude overflow on creature 612bd451-a9f2-5030-aae4-b36e7217ab34: max=8985822899719194, total=17971645948801792. Clamping to ±9007199254740991.
🗜️ [Score] Weight/bias magnitude overflow on creature 8ee5f928-bb4b-5d53-9948-339a44567590: max=8985822899719194, total=17971645948801792. Clamping to ±9007199254740991.
🗜️ [Score] Weight/bias magnitude overflow on creature 6efe26cb-6249-527b-8f3b-ae508e2befd4: max=8985822899719194, total=17971645948801792. Clamping to ±9007199254740991.
🗜️ [Score] Weight/bias magnitude overflow on creature 37bbda32-a384-5783-9e88-14c3ff5f4438: max=8985822899719194, total=17971645948813880. Clamping to ±9007199254740991.
🗜️ [Score] Weight/bias magnitude overflow on creature 5678aaa1-d326-502a-9f82-08f1808a8bfa: max=8985822899719194, total=17971645951914432. Clamping to ±9007199254740991.
🗜️ [Score] Weight/bias magnitude overflow on creature 54fb9dda-e146-5e92-a429-de9938a3718b: max=8985822899719194, total=17971645951914432. Clamping to ±9007199254740991.
🗜️ [Score] Weight/bias magnitude overflow on creature 2ff49e91-1283-58f9-baf0-a17e434c85e9: max=8985822899719194, total=17971645951787654. Clamping to ±9007199254740991.
🗜️ [Score] Weight/bias magnitude overflow on creature b35d168e-2ba9-5200-8afc-4cd9aae44072: max=8985822899719194, total=17971645951788150. Clamping to ±9007199254740991.
🗜️ [Score] Weight/bias magnitude overflow on creature 36f176b4-bcdf-5db7-a3c6-12dacbdf12a0: max=8985822899719194, total=17971645948822574. Clamping to ±9007199254740991.
🗜️ [Score] Weight/bias magnitude overflow on creature f8e4628b-b016-5306-ac1e-79033488f42e: max=8985822899719194, total=17971645948822574. Clamping to ±9007199254740991.
🗜️ [Score] Weight/bias magnitude overflow on creature cc7c373b-bac1-5817-85c6-571781bfa0ef: max=8985822899719194, total=17971645948822574. Clamping to ±9007199254740991.
🗜️ [Score] Weight/bias magnitude overflow on creature 8634bca8-b9e1-5d96-99a3-f27146eec474: max=8985822899719194, total=17971645948801796. Clamping to ±9007199254740991.
🗜️ [Score] Weight/bias magnitude overflow on creature 9808584b-09c4-5a9e-83f5-2fb68adb9a21: max=8985822899719194, total=17971645948801796. Clamping to ±9007199254740991.
🗜️ [Score] Weight/bias magnitude overflow on creature 9543a7fc-cded-5f40-a484-73278949aad4: max=8985822899719194, total=17971645948919894. Clamping to ±9007199254740991.
🗜️ [Score] Weight/bias magnitude overflow on creature 9d562c2c-c4c7-5897-8208-ce5644f4b5b4: max=8985822899719194, total=17971645948822574. Clamping to ±9007199254740991.
🗜️ [Score] Weight/bias magnitude overflow on creature 6197850e-e8e9-562c-a77d-743eac97facc: max=8985822899719194, total=17971645948919894. Clamping to ±9007199254740991.
🗜️ [Score] Weight/bias magnitude overflow on creature 73a11f73-ac11-55a5-86bb-61a4d10852f9: max=8985822899719194, total=17971645948931946. Clamping to ±9007199254740991.
🗜️ [Score] Weight/bias magnitude overflow on creature 754318da-c894-506a-8be5-425eb0725901: max=8985822899719194, total=17971645948920518. Clamping to ±9007199254740991.
🗜️ [Score] Weight/bias magnitude overflow on creature cb062bde-cc62-589d-9b6c-04d91683d10d: max=8985822899719194, total=17971645948931982. Clamping to ±9007199254740991.
🗜️ [Score] Weight/bias magnitude overflow on creature 8f18798d-5609-5f8f-929a-73d89e13dc4f: max=8985822899719194, total=17971645951914432. Clamping to ±9007199254740991.
Trained 0e2ace88 Score: 0.8910060924728561, Error: 0.10873870554685705 -> 0.10873870554685705,  🫥
Trained fc67e002 Score: 0.8910060569457608, Error: 0.10873875104261616 -> 0.10873875104261616,  🫥
[DynamicPool] 1 idle heavy worker(s) assisting breeding
Training b4c39ef4 completed after 2s 91ms
Training 4ee13eaf completed after 2s 603ms
Training 3fafeb61 completed after 2s 250ms
Training e496b6ac completed after 1s 958ms
Training 423381ae caused a higher error of 0.10935380711132853 from 0.10873870456614895
🗜️ [Score] Weight/bias magnitude overflow on creature unknown: max=8985822899719194, total=17971645948801792. Clamping to ±9007199254740991.
Training 423381ae caused a higher error of 0.10935380711132853 from 0.10873870456614895 and no tuning
[PreWarm] 2 new templates, 8 cached, 10 unique topologies (157ms)
[Timing] fitness=1371ms breeding=1783ms breedingWorker=1783ms mainThreadOverlap=39ms resultProcessing=39ms preWarm=157ms pipelineOverlap=200ms sort=0ms writeScores=4ms mutation=0ms deduplication=2326ms speciation=4ms total=6713ms
[Utilisation] fitness=0%fast/50%heavy breeding=0%fast/50%heavy overall=8%
[MutationOps] MOD_WEIGHT proposed=5 noChange=0 applied=5 reverted=0 evaluated=1 accepted=0 rejected=1 evalMs=35 depth[in=0 mid=0 out=0 ?=5] depthRejected[in=0 mid=0 out=0 ?=1] attribution[sole=0 co=1] | MOD_BIAS proposed=6 noChange=0 applied=6 reverted=0 evaluated=1 accepted=0 rejected=1 evalMs=35 depth[in=0 mid=0 out=0 ?=6] depthRejected[in=0 mid=0 out=0 ?=1] attribution[sole=0 co=1] | SWAP_NODES proposed=1 noChange=0 applied=1 reverted=0 evaluated=0 accepted=0 rejected=0 evalMs=0 depth[in=0 mid=1 out=0 ?=0] || resolved=1 multiOperator=1 discarded=0 evalMs=35 mcmc=0/0
[Throughput] wall=6713ms nonFitness=5342ms gensPerHour=536.3 fast=busy9222ms/idle44482ms/depth37/wait3614ms heavy=busy5458ms/idle7968ms/depth8/wait2047ms scorer=74.9ms/scored37/batchScored37/perCreatureScored0/batchInvocations1/creaturesPerSec27.0 corruptParentSkips=0
[DynamicPool] 1 idle heavy worker(s) assisting fitness evaluation
[NEAT-AI] Batch scorer partition: 30 forwardOnly batched, 0 recurrent batched, 0 per-creature
Training edba07e0 caused a higher error of 0.10935380729707368 from 0.10873870456829453
🗜️ [Score] Weight/bias magnitude overflow on creature unknown: max=8985822899719194, total=17971645948801792. Clamping to ±9007199254740991.
Training edba07e0 caused a higher error of 0.10935380729707368 from 0.10873870456829453 and no tuning
Training 842e4754 caused a higher error of 0.10935380736113556 from 0.1087387045717764
🗜️ [Score] Weight/bias magnitude overflow on creature unknown: max=8985822899719194, total=17971645948801792. Clamping to ±9007199254740991.
Training 842e4754 caused a higher error of 0.10935380736113556 from 0.1087387045717764 and no tuning
🗜️ [Score] Weight/bias magnitude overflow on creature 32ca5eb6-eb39-57b5-98d1-8c6a6ba748b3: max=8985822899719194, total=17971645951788774. Clamping to ±9007199254740991.
🗜️ [Score] Weight/bias magnitude overflow on creature 8f18798d-5609-5f8f-929a-73d89e13dc4f: max=8985822899719194, total=17971645951914432. Clamping to ±9007199254740991.
🗜️ [Score] Weight/bias magnitude overflow on creature 99088be8-bba2-5a60-b210-4caf43d50e58: max=8985822899719194, total=17971645948801800. Clamping to ±9007199254740991.
🗜️ [Score] Weight/bias magnitude overflow on creature 9f1bedc8-e10d-53c6-9e29-f164e496b6ac: max=8985822899719194, total=17971645948801792. Clamping to ±9007199254740991.
🗜️ [Score] Weight/bias magnitude overflow on creature 6a43dc26-271d-5541-a355-9691faccb6ca: max=8985822899719194, total=17971645948801792. Clamping to ±9007199254740991.
🗜️ [Score] Weight/bias magnitude overflow on creature 7d3e008e-0a04-56c8-b847-dc6b52e3eac0: max=8985822899719194, total=17971645948801792. Clamping to ±9007199254740991.
🗜️ [Score] Weight/bias magnitude overflow on creature 390e2029-9105-5eaf-a2ef-c1b3975f2e18: max=8985822899719194, total=17971645948801792. Clamping to ±9007199254740991.
🗜️ [Score] Weight/bias magnitude overflow on creature 9ef5df28-ab7d-58aa-b29f-735c52773469: max=8985822899719194, total=17971645948801792. Clamping to ±9007199254740991.
🗜️ [Score] Weight/bias magnitude overflow on creature 9f11d8c8-5a57-55da-bbb0-3b05bb9f2228: max=8985822899719194, total=17971645948801792. Clamping to ±9007199254740991.
🗜️ [Score] Weight/bias magnitude overflow on creature 0624e2c3-0dd8-57cd-87ce-c080ce5bf3a5: max=8985822899719194, total=17971645948801792. Clamping to ±9007199254740991.
🗜️ [Score] Weight/bias magnitude overflow on creature 82ecb5af-e1df-5d37-9b8e-a31cd80e9a19: max=8985822899719194, total=17971645948801792. Clamping to ±9007199254740991.
🗜️ [Score] Weight/bias magnitude overflow on creature a7b7d735-c537-53f7-b875-2c8ad5487fcb: max=8985822899719194, total=17971645948801792. Clamping to ±9007199254740991.
🗜️ [Score] Weight/bias magnitude overflow on creature 8ed0e30c-4ea8-5312-837b-0f82580fae81: max=8985822899719194, total=17971645948801792. Clamping to ±9007199254740991.
🗜️ [Score] Weight/bias magnitude overflow on creature 389b4a43-6115-5a31-a866-80cac44318a8: max=8985822899719194, total=17971645948801792. Clamping to ±9007199254740991.
🗜️ [Score] Weight/bias magnitude overflow on creature 275de05e-e58c-5aeb-8e00-38b1de4fbf9b: max=8985822899719194, total=17971645948801792. Clamping to ±9007199254740991.
🗜️ [Score] Weight/bias magnitude overflow on creature ff5c84d0-78ad-5bcc-8e67-8c37bddd091d: max=8985822899719194, total=17971645948801792. Clamping to ±9007199254740991.
🗜️ [Score] Weight/bias magnitude overflow on creature 6257fcf6-9f66-5666-a478-4eabf20e2e8f: max=8985822899719194, total=17971645948801792. Clamping to ±9007199254740991.
🗜️ [Score] Weight/bias magnitude overflow on creature 4add990a-97cb-5bf5-bbd4-35711346890a: max=8985822899719194, total=17971645948801792. Clamping to ±9007199254740991.
🗜️ [Score] Weight/bias magnitude overflow on creature dadd3240-2a44-5b85-92ef-60837abf9051: max=8985822899719194, total=17971645948801792. Clamping to ±9007199254740991.
🗜️ [Score] Weight/bias magnitude overflow on creature 5359620d-27e5-5383-9a7a-98a5d2cfac9e: max=8985822899719194, total=17971645948801792. Clamping to ±9007199254740991.
🗜️ [Score] Weight/bias magnitude overflow on creature 559bd18d-3d3f-54c9-b364-54fc145efd13: max=8985822899719194, total=17971645948801792. Clamping to ±9007199254740991.
🗜️ [Score] Weight/bias magnitude overflow on creature 402a00fc-cd17-5dae-b36f-a9bc718518d4: max=8985822899719194, total=17971645951914432. Clamping to ±9007199254740991.
🗜️ [Score] Weight/bias magnitude overflow on creature 48ca557a-04bd-5b55-9dd4-5efe4493bc34: max=8985822899719194, total=17971645951914430. Clamping to ±9007199254740991.
🗜️ [Score] Weight/bias magnitude overflow on creature 1a69b9c1-4211-5b91-8b25-30e46ed99e30: max=8985822899719194, total=17971645948674394. Clamping to ±9007199254740991.
🗜️ [Score] Weight/bias magnitude overflow on creature be52306b-16fe-5354-a080-d00890522d45: max=8985822899719194, total=17971645951788774. Clamping to ±9007199254740991.
🗜️ [Score] Weight/bias magnitude overflow on creature ee6cc65f-58aa-5f62-bcf4-8eef23dfc7c2: max=8985822899719194, total=17971645948822574. Clamping to ±9007199254740991.
🗜️ [Score] Weight/bias magnitude overflow on creature 2c934b00-4120-53ac-9b98-6ae31d5e0400: max=8985822899719194, total=17971645948931982. Clamping to ±9007199254740991.
🗜️ [Score] Weight/bias magnitude overflow on creature 06f889b8-af95-5e7e-a85d-b8e3e902cebf: max=8985822899719194, total=17971645948932602. Clamping to ±9007199254740991.
🗜️ [Score] Weight/bias magnitude overflow on creature 6197850e-e8e9-562c-a77d-743eac97facc: max=8985822899719194, total=17971645948919894. Clamping to ±9007199254740991.
🗜️ [Score] Weight/bias magnitude overflow on creature 29f0e8ed-3d15-5f07-ab10-5a61cf2c3199: max=8985822899719194, total=17971645948932566. Clamping to ±9007199254740991.
Trained e496b6ac Score: 0.8910060266093855, Error: 0.10873878137899143 -> 0.10873878137899143,  🫥
[DynamicPool] 1 idle heavy worker(s) assisting breeding
Training 842e4754 completed after 1s 986ms
Training edba07e0 completed after 2s 402ms
Training 423381ae completed after 2s 82ms
Training 64989a05 caused a higher error of 0.1093538069664026 from 0.10873870458397565
🗜️ [Score] Weight/bias magnitude overflow on creature unknown: max=8985822899719194, total=17971645948801792. Clamping to ±9007199254740991.
Training 64989a05 caused a higher error of 0.1093538069664026 from 0.10873870458397565 and no tuning
⏲  Discovery 53bf9ed0-0fa4-5e5d-99c0-76948d732870 timeout reached during file processing. Recorded 256 / ~256 records (~100.0% coverage, 1/1 files).
Discovery 53bf9ed0-0fa4-5e5d-99c0-76948d732870 scanning time 2m 4s 395ms
[DiskSpace] Discovery directory usage at after recording: 13.73 MB across 4 files (.discovery/53bf9ed0-0fa4-5e5d-99c0-76948d732870).
Discovery 53bf9ed0-0fa4-5e5d-99c0-76948d732870 recorded time 2m 4s 493ms
[Discovery 53bf9ed0-0fa4-5e5d-99c0-76948d732870] Released record-phase retainers before analysis heap check: 256 index entries, 0 accumulated samples.
Discovery 53bf9ed0-0fa4-5e5d-99c0-76948d732870 analysis timeout extended by 0.5m
[Discovery 53bf9ed0-0fa4-5e5d-99c0-76948d732870] Found 403 removal candidates (impact below costOfGrowth)
[Discovery 53bf9ed0-0fa4-5e5d-99c0-76948d732870] Weighted error x impact selection prioritised: 710695882 (weight 4.8346), 591436551 (weight 4.8346), 1822601321 (weight 4.8346), …
[Discovery 53bf9ed0-0fa4-5e5d-99c0-76948d732870] Wrote focus selection analysis to .discovery/53bf9ed0-0fa4-5e5d-99c0-76948d732870/focus-selection.json (63 candidates, 6 selected, 0 low-impact)
Discovery 53bf9ed0-0fa4-5e5d-99c0-76948d732870 selected 6 focus neurons in 146ms
Discovery 53bf9ed0-0fa4-5e5d-99c0-76948d732870 focus weight concentration ratio 0.0160
2026-09-28T20:35:43.535902Z  WARN neat_ai_discovery::analysis::utils::deadline: Only 29.7s remaining for analysis. Focus selection may have consumed most of the timeout. Consider increasing discoveryAnalysisTimeoutMinutes. remaining_secs=29.719 analysis_type="neuron"
2026-09-28T20:35:43.541019Z  WARN neat_ai_discovery::analysis::utils::deadline: Only 29.7s remaining for analysis. Focus selection may have consumed most of the timeout. Consider increasing discoveryAnalysisTimeoutMinutes. remaining_secs=29.713 analysis_type="synapse"
2026-09-28T20:35:43.545581Z  WARN neat_ai_discovery::analysis::synapse::target_analysis: pass aborted: saturation-dominant (target_saturated), remaining targets skipped saturated_drops=2820
[PreWarm] 6 new templates, 7 cached, 13 unique topologies (163ms)
[Timing] fitness=1494ms breeding=2190ms breedingWorker=2190ms mainThreadOverlap=26ms resultProcessing=26ms preWarm=163ms pipelineOverlap=192ms sort=0ms writeScores=3ms mutation=0ms deduplication=1089ms speciation=3ms total=5891ms
[Utilisation] fitness=0%fast/50%heavy breeding=0%fast/50%heavy overall=8%
[MutationOps] MOD_WEIGHT proposed=3 noChange=0 applied=3 reverted=0 evaluated=3 accepted=0 rejected=3 evalMs=144 depth[in=0 mid=0 out=0 ?=3] depthRejected[in=0 mid=0 out=0 ?=3] attribution[sole=0 co=3] | SUB_NODE proposed=1 noChange=0 applied=1 reverted=0 evaluated=0 accepted=0 rejected=0 evalMs=0 depth[in=0 mid=1 out=0 ?=0] | MOD_BIAS proposed=0 noChange=0 applied=0 reverted=0 evaluated=3 accepted=0 rejected=3 evalMs=144 depthRejected[in=0 mid=0 out=0 ?=3] attribution[sole=0 co=3] | SWAP_NODES proposed=0 noChange=0 applied=0 reverted=0 evaluated=1 accepted=0 rejected=1 evalMs=48 depthRejected[in=0 mid=1 out=0 ?=0] attribution[sole=0 co=1] || resolved=3 multiOperator=3 discarded=0 evalMs=144 mcmc=0/0
[Throughput] wall=5891ms nonFitness=4397ms gensPerHour=611.1 fast=busy11249ms/idle35879ms/depth30/wait4125ms heavy=busy1330ms/idle10452ms/depth5/wait399ms scorer=57.5ms/scored30/batchScored30/perCreatureScored0/batchInvocations1/creaturesPerSec20.1 corruptParentSkips=0
[DynamicPool] 1 idle heavy worker(s) assisting fitness evaluation
[NEAT-AI] Batch scorer partition: 32 forwardOnly batched, 0 recurrent batched, 0 per-creature
Training e7594282 caused a higher error of 0.10935380723090209 from 0.10873870460340523
🗜️ [Score] Weight/bias magnitude overflow on creature unknown: max=8985822899719194, total=17971645948801792. Clamping to ±9007199254740991.
Training e7594282 caused a higher error of 0.10935380723090209 from 0.10873870460340523 and no tuning
🗜️ [Score] Weight/bias magnitude overflow on creature c23dd938-9e16-59bf-b533-6758f84befcc: max=8985822899719194, total=17971645948931982. Clamping to ±9007199254740991.
🗜️ [Score] Weight/bias magnitude overflow on creature 361f3dc9-3d75-582c-8b01-c89154d3af42: max=8985822899719194, total=17971645948801660. Clamping to ±9007199254740991.
🗜️ [Score] Weight/bias magnitude overflow on creature cb062bde-cc62-589d-9b6c-04d91683d10d: max=8985822899719194, total=17971645948931982. Clamping to ±9007199254740991.
🗜️ [Score] Weight/bias magnitude overflow on creature 1ca42304-9250-5c38-87b5-47d021b3db9e: max=8985822899719194, total=17971645948801792. Clamping to ±9007199254740991.
🗜️ [Score] Weight/bias magnitude overflow on creature d29b27be-cdaa-5f8c-a790-ddbb4215569a: max=8985822899719194, total=17971645948801792. Clamping to ±9007199254740991.
🗜️ [Score] Weight/bias magnitude overflow on creature 9f794b37-48ec-5b9b-b29d-a2e39d548253: max=8985822899719194, total=17971645948801792. Clamping to ±9007199254740991.
🗜️ [Score] Weight/bias magnitude overflow on creature eedbe3d1-46aa-54f3-9f88-bc817dd4b658: max=8985822899719194, total=17971645948801792. Clamping to ±9007199254740991.
🗜️ [Score] Weight/bias magnitude overflow on creature 18bf4ff9-e96f-5c98-98dd-eb9602fdb152: max=8985822899719194, total=17971645948801792. Clamping to ±9007199254740991.
🗜️ [Score] Weight/bias magnitude overflow on creature 61da9d1f-241f-53af-ba16-24bc527414f3: max=8985822899719194, total=17971645948801792. Clamping to ±9007199254740991.
🗜️ [Score] Weight/bias magnitude overflow on creature 0febe219-ebcd-5e04-b207-5c14a2674306: max=8985822899719194, total=17971645948801792. Clamping to ±9007199254740991.
🗜️ [Score] Weight/bias magnitude overflow on creature 5ca690bf-d618-58b0-b704-1e53b4079eca: max=8985822899719194, total=17971645948801792. Clamping to ±9007199254740991.
🗜️ [Score] Weight/bias magnitude overflow on creature a0a8adde-b735-5e48-9eec-21fd74af75ec: max=8985822899719194, total=17971645948801792. Clamping to ±9007199254740991.
🗜️ [Score] Weight/bias magnitude overflow on creature 06771922-6d12-5343-9a16-876d9b766561: max=8985822899719194, total=17971645948801792. Clamping to ±9007199254740991.
🗜️ [Score] Weight/bias magnitude overflow on creature 125f917a-1405-5b89-9df5-2447f639feb5: max=8985822899719194, total=17971645948801792. Clamping to ±9007199254740991.
🗜️ [Score] Weight/bias magnitude overflow on creature 09b23d2c-91b0-5cf5-bae1-af16226310a6: max=8985822899719194, total=17971645948801792. Clamping to ±9007199254740991.
🗜️ [Score] Weight/bias magnitude overflow on creature e6060c35-902b-5d03-9cac-4bb59e356413: max=8985822899719194, total=17971645948801792. Clamping to ±9007199254740991.
🗜️ [Score] Weight/bias magnitude overflow on creature b3a3d08b-08ee-542c-9e51-ec843be8ded9: max=8985822899719194, total=17971645948801792. Clamping to ±9007199254740991.
🗜️ [Score] Weight/bias magnitude overflow on creature c6cadfaa-f0e4-536d-a35d-9962b43e571c: max=8985822899719194, total=17971645948931982. Clamping to ±9007199254740991.
🗜️ [Score] Weight/bias magnitude overflow on creature 6fd27e81-8239-5dbf-a1bc-0fa062b8175a: max=8985822899719194, total=17971645951914430. Clamping to ±9007199254740991.
🗜️ [Score] Weight/bias magnitude overflow on creature 54fb9dda-e146-5e92-a429-de9938a3718b: max=8985822899719194, total=17971645951914432. Clamping to ±9007199254740991.
🗜️ [Score] Weight/bias magnitude overflow on creature 8e331001-0941-550d-85a9-3f7bef5255bc: max=8985822899719194, total=17971645948662310. Clamping to ±9007199254740991.
🗜️ [Score] Weight/bias magnitude overflow on creature dedcdb4f-4119-5b94-84ca-7306734b17e7: max=8985822899719194, total=17971645948813876. Clamping to ±9007199254740991.
🗜️ [Score] Weight/bias magnitude overflow on creature 5141abe0-e782-5d86-bfc6-940789b0d24f: max=8985822899719194, total=17971645951788774. Clamping to ±9007199254740991.
🗜️ [Score] Weight/bias magnitude overflow on creature d4197982-35e5-5efe-9d93-2b974cdb3d90: max=8985822899719194, total=17971645951788774. Clamping to ±9007199254740991.
🗜️ [Score] Weight/bias magnitude overflow on creature 40a57756-ebff-50a1-97a1-f06286a612a9: max=8985822899719194, total=17971645951788774. Clamping to ±9007199254740991.
🗜️ [Score] Weight/bias magnitude overflow on creature 40224091-88c2-57d2-b39a-eb6831e0737c: max=8985822899719194, total=17971645948662310. Clamping to ±9007199254740991.
🗜️ [Score] Weight/bias magnitude overflow on creature 5a8f12d5-7075-500b-bb2c-309339049693: max=8985822899719194, total=17971645948931946. Clamping to ±9007199254740991.
🗜️ [Score] Weight/bias magnitude overflow on creature 0fa4fdaa-4630-578b-b6bf-5d7456d0d53e: max=8985822899719194, total=17971645948919858. Clamping to ±9007199254740991.
🗜️ [Score] Weight/bias magnitude overflow on creature ce74ec03-0a95-5c30-90c6-f3240eef9e45: max=8985822899719194, total=17971645948920482. Clamping to ±9007199254740991.
🗜️ [Score] Weight/bias magnitude overflow on creature 932302dc-0409-5a50-9e5d-f564e627e3ef: max=8985822899719194, total=17971645948931982. Clamping to ±9007199254740991.
🗜️ [Score] Weight/bias magnitude overflow on creature c63ae884-ae78-55c9-8bc5-7b72f198bb8a: max=8985822899719194, total=17971645948931946. Clamping to ±9007199254740991.
🗜️ [Score] Weight/bias magnitude overflow on creature ff2c4a68-8efd-50b9-a462-37a6c0e907f6: max=8985822899719194, total=17971645948899746. Clamping to ±9007199254740991.
[DynamicPool] 1 idle heavy worker(s) assisting breeding
Training e7594282 completed after 2s 548ms
Training 64989a05 completed after 1s 982ms
[PreWarm] 10 new templates, 5 cached, 15 unique topologies (160ms)
[Timing] fitness=874ms breeding=1748ms breedingWorker=1748ms mainThreadOverlap=16ms resultProcessing=16ms preWarm=160ms pipelineOverlap=179ms sort=0ms writeScores=3ms mutation=0ms deduplication=1025ms speciation=3ms total=4602ms
[Utilisation] fitness=0%fast/50%heavy breeding=0%fast/50%heavy overall=8%
[MutationOps] MOD_WEIGHT proposed=0 noChange=0 applied=0 reverted=0 evaluated=1 accepted=0 rejected=1 evalMs=26 depthRejected[in=0 mid=0 out=0 ?=1] attribution[sole=0 co=1] | SUB_NODE proposed=0 noChange=0 applied=0 reverted=0 evaluated=1 accepted=0 rejected=1 evalMs=26 depthRejected[in=0 mid=1 out=0 ?=0] attribution[sole=0 co=1] || resolved=1 multiOperator=1 discarded=0 evalMs=26 mcmc=0/0
[Throughput] wall=4602ms nonFitness=3728ms gensPerHour=782.3 fast=busy8061ms/idle28755ms/depth32/wait3023ms heavy=busy892ms/idle8312ms/depth2/wait0ms scorer=57.0ms/scored32/batchScored32/perCreatureScored0/batchInvocations1/creaturesPerSec36.6 corruptParentSkips=0
[DynamicPool] 1 idle heavy worker(s) assisting fitness evaluation
[NEAT-AI] Batch scorer partition: 32 forwardOnly batched, 0 recurrent batched, 0 per-creature
2026-09-28T20:35:48.733247Z  WARN neat_ai_discovery::analysis::neuron::evaluation: pass aborted: saturation-dominant (target_saturated), remaining targets skipped saturated_drops=86 total_rejections=86 proposals_formed=88
🗜️ [Score] Weight/bias magnitude overflow on creature 163a40cf-49c4-5314-a3e7-010be7594282: max=8985822899719194, total=17971645948801792. Clamping to ±9007199254740991.
🗜️ [Score] Weight/bias magnitude overflow on creature 65110c63-f5f7-51e8-a9cd-a3e5dc64eac3: max=8985822899719194, total=17971645948813876. Clamping to ±9007199254740991.
🗜️ [Score] Weight/bias magnitude overflow on creature f07fa2a0-fcf7-5bb5-941d-0478ba683375: max=8985822899719194, total=17971645948801792. Clamping to ±9007199254740991.
🗜️ [Score] Weight/bias magnitude overflow on creature 2ffc33e8-3474-563b-b2e1-8ac7aadbb454: max=8985822899719194, total=17971645948801792. Clamping to ±9007199254740991.
🗜️ [Score] Weight/bias magnitude overflow on creature 3c144bd2-e0aa-575c-82a8-5384e27c287c: max=8985822899719194, total=17971645948801792. Clamping to ±9007199254740991.
🗜️ [Score] Weight/bias magnitude overflow on creature dce2934d-9c5b-5435-b753-4f27139ea282: max=8985822899719194, total=17971645948801792. Clamping to ±9007199254740991.
🗜️ [Score] Weight/bias magnitude overflow on creature 6750fe32-b820-5e33-a2ba-fb889d876671: max=8985822899719194, total=17971645948801792. Clamping to ±9007199254740991.
🗜️ [Score] Weight/bias magnitude overflow on creature 23b44f0a-fa2f-5ac3-8441-48ade5511f0f: max=8985822899719194, total=17971645948801792. Clamping to ±9007199254740991.
🗜️ [Score] Weight/bias magnitude overflow on creature 07876a17-d292-57a3-b9b7-682f4927530c: max=8985822899719194, total=17971645948801792. Clamping to ±9007199254740991.
🗜️ [Score] Weight/bias magnitude overflow on creature ce700b31-f811-54a9-ab95-6195acd1feef: max=8985822899719194, total=17971645948801792. Clamping to ±9007199254740991.
🗜️ [Score] Weight/bias magnitude overflow on creature 7a521ec5-1df4-55db-b1bc-119545f7e2a0: max=8985822899719194, total=17971645948801792. Clamping to ±9007199254740991.
🗜️ [Score] Weight/bias magnitude overflow on creature 0995425a-ce85-5e7b-8954-c98cbf65a514: max=8985822899719194, total=17971645948801792. Clamping to ±9007199254740991.
🗜️ [Score] Weight/bias magnitude overflow on creature 755a02c5-a8bf-5c8b-b72e-754f99c669ed: max=8985822899719194, total=17971645948801792. Clamping to ±9007199254740991.
🗜️ [Score] Weight/bias magnitude overflow on creature 957761b4-c6c6-5664-b2f3-9e8b89eaaac3: max=8985822899719194, total=17971645948801792. Clamping to ±9007199254740991.
🗜️ [Score] Weight/bias magnitude overflow on creature 9e9648b9-3ed7-5a57-a422-200c527a043b: max=8985822899719194, total=17971645948801792. Clamping to ±9007199254740991.
🗜️ [Score] Weight/bias magnitude overflow on creature 83068b3a-af3e-5128-bc00-644fac85b99b: max=8985822899719194, total=17971645951914432. Clamping to ±9007199254740991.
🗜️ [Score] Weight/bias magnitude overflow on creature 49c1ef2a-1bca-576d-bfad-777e814eec7f: max=8985822899719194, total=17971645948801792. Clamping to ±9007199254740991.
🗜️ [Score] Weight/bias magnitude overflow on creature 402a00fc-cd17-5dae-b36f-a9bc718518d4: max=8985822899719194, total=17971645951914432. Clamping to ±9007199254740991.
🗜️ [Score] Weight/bias magnitude overflow on creature 0fa4fdaa-4630-578b-b6bf-5d7456d0d53e: max=8985822899719194, total=17971645948919858. Clamping to ±9007199254740991.
🗜️ [Score] Weight/bias magnitude overflow on creature 6f4a81a9-e914-5900-99df-e5cf433bafb5: max=8985822899719194, total=17971645948801796. Clamping to ±9007199254740991.
🗜️ [Score] Weight/bias magnitude overflow on creature ad019ef3-21c8-529e-a804-107de1c7bccc: max=8985822899719194, total=17971645948801796. Clamping to ±9007199254740991.
🗜️ [Score] Weight/bias magnitude overflow on creature 29bdc4b2-079f-5416-aa70-a452fa70af11: max=8985822899719194, total=17971645948801792. Clamping to ±9007199254740991.
🗜️ [Score] Weight/bias magnitude overflow on creature 522d94d1-ecd6-5b41-bf99-d88022b68a99: max=8985822899719194, total=17971645948801660. Clamping to ±9007199254740991.
🗜️ [Score] Weight/bias magnitude overflow on creature df924813-a6c3-5671-94eb-68f2282da853: max=8985822899719194, total=17971645948801792. Clamping to ±9007199254740991.
🗜️ [Score] Weight/bias magnitude overflow on creature 76be16b6-7b44-54e2-931e-60a22cee0ca3: max=8985822899719194, total=17971645951915056. Clamping to ±9007199254740991.
🗜️ [Score] Weight/bias magnitude overflow on creature c426877a-5940-51f0-bcb6-989ba6f89d36: max=8985822899719194, total=17971645948835282. Clamping to ±9007199254740991.
🗜️ [Score] Weight/bias magnitude overflow on creature b0aafd9a-8500-5fbe-b751-2f373ea16086: max=8985822899719194, total=17971645948814500. Clamping to ±9007199254740991.
🗜️ [Score] Weight/bias magnitude overflow on creature 5fc72b1a-b9df-58c8-ac0b-0bdc59cd868d: max=8985822899719194, total=17971645952011762. Clamping to ±9007199254740991.
🗜️ [Score] Weight/bias magnitude overflow on creature a090ebd4-d162-5f3d-8096-b6234d464283: max=8985822899719194, total=17971645948802420. Clamping to ±9007199254740991.
🗜️ [Score] Weight/bias magnitude overflow on creature 14ffd560-0007-5904-98e9-a77affd05338: max=8985822899719194, total=17971645948919858. Clamping to ±9007199254740991.
🗜️ [Score] Weight/bias magnitude overflow on creature c0719a0d-b030-5fa0-ab92-b6a7cf52d5ca: max=8985822899719194, total=17971645948919858. Clamping to ±9007199254740991.
🗜️ [Score] Weight/bias magnitude overflow on creature aa8a8277-54bb-5f77-88b6-f18f06a4bc6a: max=8985822899719194, total=17971645948919894. Clamping to ±9007199254740991.
Trained e7594282 Score: 0.8910061033849718, Error: 0.10873870460340523 -> 0.10873870460340523,  🫥
[DynamicPool] 1 idle heavy worker(s) assisting breeding
[PreWarm] 16 new templates, 4 cached, 20 unique topologies (180ms)
[Timing] fitness=1214ms breeding=2650ms breedingWorker=2650ms mainThreadOverlap=0ms resultProcessing=0ms preWarm=180ms pipelineOverlap=185ms sort=0ms writeScores=5ms mutation=85ms deduplication=618ms speciation=5ms total=5640ms
[Utilisation] fitness=0%fast/50%heavy breeding=0%fast/50%heavy overall=8%
[MutationOps] MOD_WEIGHT proposed=2 noChange=0 applied=2 reverted=0 evaluated=0 accepted=0 rejected=0 evalMs=0 depth[in=0 mid=0 out=0 ?=2] | MOD_BIAS proposed=2 noChange=0 applied=2 reverted=0 evaluated=0 accepted=0 rejected=0 evalMs=0 depth[in=0 mid=0 out=0 ?=2] || resolved=0 multiOperator=0 discarded=0 evalMs=0 mcmc=0/0
[Throughput] wall=5640ms nonFitness=4426ms gensPerHour=638.3 fast=busy13175ms/idle31945ms/depth32/wait4941ms heavy=busy1674ms/idle9606ms/depth1/wait0ms scorer=68.8ms/scored32/batchScored32/perCreatureScored0/batchInvocations1/creaturesPerSec26.4 corruptParentSkips=0
Generation 29 score 0.8910061034886821 (avg: 0.8882) error 0.1087387044996948 avg time 4s 697ms
Set training/discovery clean up count to 2
Avg time per generation: 8299ms, max wait: 36 generations in 5 minutes
Discovery timeout set to 1 generations (based on limiting factor)
[Neat] Wall-clock deadline passed; granting a bounded grace cycle for 1 in-flight discovery task(s) to return cooperatively before force-abandon
[Neat] Awaiting 1 in-flight task(s) (1 discovery, 0 training) with 30000ms timeout
[Neat] Training over-run: elapsed exceeded expected duration × 1 — stopping new generations and finishing with the evolved population
[Neat] Discovery timeout reached after wall-clock deadline expired. Clearing stuck discoveries: 8d732870
Waiting for training/discovery clean up 2
Waiting for training/discovery clean up 1
[worker-19] terminated with 1 task(s) still in flight (2) — their results are lost (GRQ #4489)
[evolveDir] teardown complete: 10 worker(s) terminated, 0 detached; replay queue drained
2026-09-28T20:36:24.339Z [INFO] [EvolveApp] [pid-43943] Evolution result {"error":0.1087387044996948,"score":0.8910061034886821,"generation":29,"time":270685,"phaseTimingTotals":{"generations":29,"totalMs":270685,"fitnessMs":54126,"breedingMs":98032,"mutationMs":3239,"deduplicationMs":30372,"speciationMs":208,"sortMs":0,"writeScoresMs":209,"checkpointWriteMs":0,"otherMs":84499},"scorerUtilisation":{"generations":29,"batchScorerInvocations":29,"creaturesBatchScored":1070,"creaturesPerCreatureScored":0},"trainingOutcomes":{"improvements":6,"regressions":77,"noChange":3,"skipped":0,"regressionRate":0.8953488372093024},"populationSize":50,"requestedOptions":{"timeoutMinutes":4,"log":10,"elitism":8,"mutationAmount":4,"mutationRate":0.05,"selection":{"name":"POWER","power":4},"mutation":[{"name":"ADD_NODE"},{"name":"SUB_NODE"},{"name":"ADD_CONN"},{"name":"SUB_CONN"},{"name":"MOD_WEIGHT"},{"name":"MOD_BIAS"},{"name":"MOD_SQUASH"},{"name":"SWAP_NODES"},{"name":"ADD_SELF_CONN"},{"name":"SUB_SELF_CONN"},{"name":"ADD_BACK_CONN"},{"name":"SUB_BACK_CONN"}],"sparseRatio":1,"populationSize":50,"trainingSampleRate":1,"verbose":true,"discoverySampleRate":1,"creatures":50},"hardware":{"cpuCores":8,"totalMemoryBytes":null,"host":null},"scoreImprovement":{"initialScore":0.8909102898563138,"finalScore":0.8910061034886821,"totalImprovement":0.00009581363236832452,"milestones":[{"fraction":0.25,"generation":18,"timeMs":183409,"scoredCount":690,"score":0.8909423744715466},{"fraction":0.5,"generation":19,"timeMs":188088,"scoredCount":728,"score":0.8909832863820967},{"fraction":0.75,"generation":19,"timeMs":188088,"scoredCount":728,"score":0.8909832863820967},{"fraction":0.9,"generation":20,"timeMs":193694,"scoredCount":765,"score":0.8910061024406665}]},"terminationReason":"overrun","startScore":0.8909102898563138}
2026-09-28T20:36:24.371Z [INFO] [saveValidatedCreatureExport] [pid-43943] [forward-only] saved file=../GRQ-location/v1/ARGENTINA.json
2026-09-28T20:36:24.379Z [INFO] [EvolveApp] [pid-43943] [EvolveApp:location] pre-iteration flush: symbol=ARGENTINA, heap 234->23/88 MB, rss 1331->1310 MB, external 24->24 MB, arrayBuffers 0->0 MB, cleared 36 caches, disposed 50 creatures, gc=yes, wasm=skip
2026-09-28T20:36:24.381Z [INFO] [EvolveApp] [pid-43943] Cleaned up .tmp/train
[location-loop] done; spawned=3 interrupted=0
⏱️ [location-loop] child symbol=ARGENTINA stopped at its 2870s share of the evolution hour (timeout); keeping the 2 symbol(s) already trained (#4242)
[stage] done: evolve
[stage] start: rm-traindata
ℹ️ .trainData-location_116: removal skipped — leased by pid 33764 (in-use lock held by a live producer/consumer, #3518)
[stage] done: rm-traindata
[stage] start: model-checkin
🔄 [model_checkin 1.1.31] Fetching latest remote state before recovery checks
GIT-OP: [[model_checkin 1.1.31]] git fetch ok in 2s (attempt 1/3, timeout=600s)
🔍 [model_checkin 1.1.31] Skipping early modified-JSON replacement (never merge policy)
📦 [model_checkin 1.1.31] Staging all local changes before sync
📋 [model_checkin 1.1.31] 3 local model(s) to be committed:
  • v1/AL.json
  • v1/AR.json
  • v1/ARGENTINA.json
GIT-OP: [[model_checkin 1.1.31]] git fetch ok in 2s (attempt 1/3, timeout=600s)
✅ [validate_json 1.0.6] No JSON files to validate in GRQ-location (took 0s)
✅ [model_checkin 1.1.31] Remote unchanged - no pull needed
📦 [model_checkin 1.1.31] Staging local changes
💾 [model_checkin 1.1.31] Committing local changes
[Develop a3b7717] GRQ-13 Improved location models
 3 files changed, 8989 insertions(+), 7939 deletions(-)
📊 [model_checkin 1.1.31] Training preservation summary:
   ✅ Preserved 3 of 3 locally-trained model(s)
🔍 [model_checkin 1.1.31] Final safety check for JSON model corruption
✅ [validate_json 1.0.6] 3/3 JSON file(s) valid in GRQ-location (took 0s)
GIT-OP: [[model_checkin 1.1.31]] git push ok in 5s (attempt 1/3, timeout=600s)
To github.com:stSoftwareAU/GRQ-location.git
   13a237e..a3b7717  Develop -> Develop
✅ Successfully committed and pushed model changes
🛡️  JSON model files were protected from corruption - no merges occurred
💾 Maximum training preservation achieved through per-file conflict resolution
[stage] done: model-checkin
[wasm-activation-health] failures=0 firstUuid=none firstStage=none
[discovery-worker-fallback] fallbacks=0 firstError=none
[stage-failure-health] failures=0 firstStage=none firstExitCode=0 firstHitLine=0
GIT-OP: [reset] git fetch ok in 2s (attempt 1/3, timeout=600s)
HEAD is now at 362fd01a learn-heap-fit still records a ledger-ceiling skip as a degraded streak (structural host fact treated as transient, cf. 4871) (Issue #5082) (#5084)
GIT-OP: [model_fetch GRQ-health] git fetch ok in 3s (attempt 1/6, timeout=none)
From github.com:stSoftwareAU/GRQ-health
   4c80d2e1f..2bb3067a4  Develop    -> origin/Develop
HEAD is now at 2bb3067a4 Update health status for GRQ-26 at Tue Sep 29 07:12:56 AEST 2026
branch 'Develop' set up to track 'origin/Develop'.
Your branch is up to date with 'origin/Develop'.
✅ GRQ-health synced with remote (validation skipped)
🩺 [health_sync] entry repo=/Users/sloth/GRQ-health branch=Develop local_ahead=0 behind=0
🩺 [health_sync] decision path=noop
🩺 [health_sync] result status=ok
Updating health information...
Already up to date.
Updated health information for GRQ-13
