================ Clean up START ================
Version 1.3.2
Disk usage:
Filesystem        Size    Used   Avail Capacity iused ifree %iused  Mounted on
/dev/disk3s1s1   228Gi    10Gi    98Gi    10%    426k  1.0G    0%   /
devfs            198Ki   198Ki     0Bi   100%     684     0  100%   /dev
/dev/disk3s6     228Gi   2.0Gi    98Gi     2%       2  1.0G    0%   /System/Volumes/VM
/dev/disk3s2     228Gi   6.7Gi    98Gi     7%    1.2k  1.0G    0%   /System/Volumes/Preboot
/dev/disk3s4     228Gi   2.0Mi    98Gi     1%      63  1.0G    0%   /System/Volumes/Update
/dev/disk1s2     500Mi   6.0Mi   483Mi     2%       1  4.9M    0%   /System/Volumes/xarts
/dev/disk1s1     500Mi   5.6Mi   483Mi     2%      32  4.9M    0%   /System/Volumes/iSCPreboot
/dev/disk1s3     500Mi   1.0Mi   483Mi     1%      59  4.9M    0%   /System/Volumes/Hardware
/dev/disk3s5     228Gi   110Gi    98Gi    53%    534k  1.0G    0%   /System/Volumes/Data
map auto_home      0Bi     0Bi     0Bi   100%       0     0     -   /System/Volumes/Data/home
Uptime:  9:08  up 7 days, 23:02, 2 users, load averages: 16.87 20.09 21.96
USER    PID  PPID COMMAND
sloth 30826     1 /bin/bash /Users/sloth/GRQ/sloth.sh
sloth 30830 30826 /bin/bash ./run.sh --run-once
sloth 30854 30830 /bin/bash worker/node.sh
root  30864 30854 ps -U sloth -o user,pid,ppid,command
Host: GRQ-13
IP: 10.0.0.13
10.0.0.13
Number of CPUs: 8
Available Memory: 7497M
================ Clean up ENDED ================
Use local deno
PATH: /Users/sloth/.deno/bin:/usr/bin:/bin:/usr/sbin:/sbin:/opt/homebrew/bin
deno 2.4.2 (stable, release, aarch64-apple-darwin)
v8 13.7.152.14-rusty
typescript 5.8.3
worker/node.sh: line 73: aws: command not found
Option: IntelligentDesign
🎯 Selected squash: ELU
Already up to date.
✅ GRQ-cluster pull succeeded in 3 seconds
✅ GRQ-sampler pull succeeded in 4 seconds
Starting id... Sat Jul 26 09:08:59 AEST 2025
Intelligent Design mode
Decompressing training data...
🏆 Best score: 0.4714842937335541 from GRQ-11-1
✅ verified Score in 1m 55s 358ms
🐝 No hive knowledge for a12cd117 with squash LogSigmoid, adding to hive knowledge.
🕵️‍♀️ Found 2 neurons to check from the combined tacit knowledge.
📉 Regression for ELU@97e84caa: 0.47148420614519365 of -8.76e-8
⏳ Progress: 50.0% | Elapsed: 1m 21s | ETA: 1m 21s
🎉 New best score for ISRU@118347cb: 0.47148432005971636, improved by 2.63e-8
🏁 Completed in 1m 21s 656ms
[main d30c7a42] 😈  Tacit Knowledge, score: 0.471484 improved by 2.63e-8 of GRQ-11-1
 2 files changed, 8 insertions(+), 7 deletions(-)
To github.com:stSoftwareAU/GRQ-sampler.git
 ! [rejected]          main -> main (fetch first)
error: failed to push some refs to 'github.com:stSoftwareAU/GRQ-sampler.git'
hint: Updates were rejected because the remote contains work that you do
hint: not have locally. This is usually caused by another repository pushing
hint: to the same ref. You may want to first integrate the remote changes
hint: (e.g., 'git pull ...') before pushing again.
hint: See the 'Note about fast-forwards' in 'git push --help' for details.
⚠️ Git push failed — attempting conflict resolution
No local changes to save
From github.com:stSoftwareAU/GRQ-sampler
 * branch              main       -> FETCH_HEAD
   6b997a78..f8af4cc1  main       -> origin/main
HEAD is now at f8af4cc1 🦠 GRQ-23 🎯, Score: 0.471494, Neurons: 510 & Synapses: 15,629
Everything up-to-date
✅ Git push after conflict resolution succeeded.
🏆 Best score: 0.4714939966803264 from GRQ-23-1
✅ verified Score in 1m 10s 798ms
🐝 No hive knowledge for a12cd117 with squash LogSigmoid, adding to hive knowledge.
🕵️‍♀️ Found 1 neurons to check from the combined tacit knowledge.
🎉 New best score for ISRU@118347cb: 0.47149423622930725, improved by 2.40e-7
⏳ Progress: 100.0% | Elapsed: 1m 26s | ETA: 
🏁 Completed in 1m 26s 112ms
[main 0c29e973] 😈  Tacit Knowledge, score: 0.471494 improved by 2.40e-7 of GRQ-23-1
 2 files changed, 7 insertions(+), 6 deletions(-)
To github.com:stSoftwareAU/GRQ-sampler.git
 ! [rejected]          main -> main (fetch first)
error: failed to push some refs to 'github.com:stSoftwareAU/GRQ-sampler.git'
hint: Updates were rejected because the remote contains work that you do
hint: not have locally. This is usually caused by another repository pushing
hint: to the same ref. You may want to first integrate the remote changes
hint: (e.g., 'git pull ...') before pushing again.
hint: See the 'Note about fast-forwards' in 'git push --help' for details.
⚠️ Git push failed — attempting conflict resolution
No local changes to save
From github.com:stSoftwareAU/GRQ-sampler
 * branch              main       -> FETCH_HEAD
   f8af4cc1..3b11be1e  main       -> origin/main
HEAD is now at 3b11be1e 🦠 GRQ-13 🎯, Score: 0.471478, Neurons: 510 & Synapses: 15,629
Everything up-to-date
✅ Git push after conflict resolution succeeded.
🏆 Best score: 0.4714939966803264 from GRQ-23-1
✅ verified Score in 1m 37s 502ms
🐝 No hive knowledge for a12cd117 with squash LogSigmoid, adding to hive knowledge.
🕵️‍♀️ Found 1 neurons to check from the combined tacit knowledge.
🎉 New best score for ISRU@118347cb: 0.4714942362292874, improved by 2.40e-7
⏳ Progress: 100.0% | Elapsed: 1m 28s | ETA: 
🏁 Completed in 1m 28s 103ms
[main dd517dbf] 😈  Tacit Knowledge, score: 0.471494 improved by 2.40e-7 of GRQ-23-1
 2 files changed, 7 insertions(+), 6 deletions(-)
To github.com:stSoftwareAU/GRQ-sampler.git
 ! [rejected]          main -> main (fetch first)
error: failed to push some refs to 'github.com:stSoftwareAU/GRQ-sampler.git'
hint: Updates were rejected because the remote contains work that you do
hint: not have locally. This is usually caused by another repository pushing
hint: to the same ref. You may want to first integrate the remote changes
hint: (e.g., 'git pull ...') before pushing again.
hint: See the 'Note about fast-forwards' in 'git push --help' for details.
⚠️ Git push failed — attempting conflict resolution
No local changes to save
From github.com:stSoftwareAU/GRQ-sampler
 * branch              main       -> FETCH_HEAD
   3b11be1e..a0fabf44  main       -> origin/main
HEAD is now at a0fabf44 🦠 GRQ-15 🎯, Score: 0.471493, Neurons: 510 & Synapses: 15,631
Everything up-to-date
✅ Git push after conflict resolution succeeded.
🏆 Best score: 0.4714939966803264 from GRQ-23-1
✅ verified Score in 1m 23s 410ms
🐝 No hive knowledge for a12cd117 with squash LogSigmoid, adding to hive knowledge.
🕵️‍♀️ Found 1 neurons to check from the combined tacit knowledge.
🎉 New best score for ISRU@118347cb: 0.47149423622927117, improved by 2.40e-7
⏳ Progress: 100.0% | Elapsed: 1m 20s | ETA: 
🏁 Completed in 1m 20s 254ms
[main fe42f132] 😈  Tacit Knowledge, score: 0.471494 improved by 2.40e-7 of GRQ-23-1
 2 files changed, 7 insertions(+), 6 deletions(-)
To github.com:stSoftwareAU/GRQ-sampler.git
   a0fabf44..fe42f132  main -> main
✅ Git push succeeded.
🏆 Best score: 0.47149423622927117 from GRQ-23-1
✅ verified Score in 1m 21s 910ms
🕵️‍♀️ Found 0 neurons to check from the combined tacit knowledge.
🚦 No significant improvements found. Score remains: 0.471494, error: 0.5282985547762172
🏁 Completed in 210ms
🤷‍♀️ Nothing to commit — likely already applied.
🛑 Throttling: waiting for some tasks to complete... pending: 16, max: 16, found: 0, scheduled: 16, completed: 0
⏳ Progress: 0.2% | Elapsed: 3m 11s | ETA: 1d 2h 21m 58s
🛑 Throttling: waiting for some tasks to complete... pending: 16, max: 16, found: 0, scheduled: 17, completed: 1
⏳ Progress: 1.8% | Elapsed: 7m 46s | ETA: 7h 1m 30s
🛑 Throttling: waiting for some tasks to complete... pending: 16, max: 16, found: 0, scheduled: 25, completed: 9
⏳ Progress: 3.4% | Elapsed: 11m 45s | ETA: 5h 31m 40s
🛑 Throttling: waiting for some tasks to complete... pending: 16, max: 16, found: 0, scheduled: 33, completed: 17
⏳ Progress: 5.0% | Elapsed: 16m 34s | ETA: 5h 12m 52s
🛑 Throttling: waiting for some tasks to complete... pending: 16, max: 16, found: 0, scheduled: 41, completed: 25
🧬 Neuron 78a4a035 LogSigmoid -> ELU, score: 0.471495 improved by 6.37e-7, completed 5.8%
⏳ Progress: 6.4% | Elapsed: 19m 50s | ETA: 4h 49m 41s
🛑 Throttling: waiting for some tasks to complete... pending: 29, max: 16, found: 1, scheduled: 62, completed: 33
⏳ Progress: 8.5% | Elapsed: 23m 14s | ETA: 4h 8m 38s
🛑 Throttling: waiting for some tasks to complete... pending: 18, max: 16, found: 1, scheduled: 62, completed: 44
🌱 Neuron 78a4a035 LogSigmoid -> BENT_IDENTITY, score: 0.471495 improved by 9.72e-7, completed 10.1%
⏳ Progress: 11.1% | Elapsed: 28m 26s | ETA: 3h 48m 28s
🛑 Throttling: waiting for some tasks to complete... pending: 16, max: 16, found: 1, scheduled: 73, completed: 57
⏳ Progress: 12.6% | Elapsed: 32m 24s | ETA: 3h 44m 15s
🛑 Throttling: waiting for some tasks to complete... pending: 16, max: 16, found: 1, scheduled: 81, completed: 65
⏳ Progress: 14.2% | Elapsed: 37m 24s | ETA: 3h 46m 27s
🛑 Throttling: waiting for some tasks to complete... pending: 16, max: 16, found: 1, scheduled: 89, completed: 73
⏳ Progress: 15.5% | Elapsed: 38m 28s | ETA: 3h 29m 11s
🛑 Throttling: waiting for some tasks to complete... pending: 16, max: 16, found: 1, scheduled: 96, completed: 80
⏳ Progress: 15.7% | Elapsed: 41m 27s | ETA: 3h 42m 7s
🛑 Throttling: waiting for some tasks to complete... pending: 16, max: 16, found: 1, scheduled: 97, completed: 81
⏳ Progress: 17.1% | Elapsed: 42m 31s | ETA: 3h 26m 17s
🛑 Throttling: waiting for some tasks to complete... pending: 16, max: 16, found: 1, scheduled: 104, completed: 88
⏳ Progress: 17.3% | Elapsed: 46m 30s | ETA: 3h 42m 33s
🛑 Throttling: waiting for some tasks to complete... pending: 16, max: 16, found: 1, scheduled: 105, completed: 89
⏳ Progress: 17.9% | Elapsed: 47m 41s | ETA: 3h 39m 13s
🛑 Throttling: waiting for some tasks to complete... pending: 16, max: 16, found: 1, scheduled: 108, completed: 92
⏳ Progress: 18.8% | Elapsed: 50m 57s | ETA: 3h 39m 34s
🛑 Throttling: waiting for some tasks to complete... pending: 16, max: 16, found: 1, scheduled: 113, completed: 97
⏳ Progress: 20.2% | Elapsed: 51m 58s | ETA: 3h 25m 22s
🛑 Throttling: waiting for some tasks to complete... pending: 16, max: 16, found: 1, scheduled: 120, completed: 104
⏳ Progress: 20.4% | Elapsed: 56m 2s | ETA: 3h 38m 48s
🛑 Throttling: waiting for some tasks to complete... pending: 16, max: 16, found: 1, scheduled: 121, completed: 105
⏳ Progress: 21.0% | Elapsed: 57m 11s | ETA: 3h 35m 30s
🛑 Throttling: waiting for some tasks to complete... pending: 16, max: 16, found: 1, scheduled: 124, completed: 108
⏳ Progress: 21.9% | Elapsed: 1h 1m | ETA: 3h 36m 59s
⏰ Timeout after: 1h 59s 572ms
🧬 Neuron 97e84caa SELU -> ELU, score: 0.471495 improved by 4.12e-7, completed 23.7%
⏳ Progress: 22.7% | Elapsed: 1h 4m 32s | ETA: 3h 39m 42s
⏳ Progress: 23.1% | Elapsed: 1h 5m 35s | ETA: 3h 38m 36s
🌱 Neuron 97e84caa SELU -> BENT_IDENTITY, score: 0.471495 improved by 4.26e-7, completed 28.0%
✨ Neuron scan done in 1h 15m 24s 225ms, found 2 neurons with improved squashes.
🧠 Final creature for ELU improved score by 0.00000113
📝 Updated tacit knowledge with improved neurons to .cheatSheet.json
🏁 Completed in 1h 16m 54s 285ms
From github.com:stSoftwareAU/GRQ-sampler
   fe42f132..d3a37af0  main       -> origin/main
Updating fe42f132..d3a37af0
Fast-forward
 TacitKnowledge/hive.json                 |     4 +-
 samples/GRQ-10-1.json                    | 13972 ++++-
 samples/GRQ-11-1.json                    | 14809 +----
 samples/{GRQ-21-1.json => GRQ-12-1.json} |  4035 +-
 samples/GRQ-16-1.json                    | 13972 ++++-
 samples/GRQ-18-1.json                    | 95924 +++++++++++++++++++++++++++++
 samples/GRQ-19-1.json                    | 13991 ++++-
 samples/GRQ-22-1.json                    |  4034 +-
 samples/GRQ-23-1.json                    |  9916 +--
 samples/GRQ-3-1.json                     | 95924 +++++++++++++++++++++++++++++
 samples/Mac-Ultra-M2-1.json              |  4095 +-
 11 files changed, 236182 insertions(+), 34494 deletions(-)
 rename samples/{GRQ-21-1.json => GRQ-12-1.json} (97%)
 create mode 100644 samples/GRQ-18-1.json
 create mode 100644 samples/GRQ-3-1.json
⚠️ Score changed. skipping replace.
✅ GRQ-health pull succeeded in 3 seconds
Updating health information...
Updated health information for GRQ-13
