================ Clean up START ================
Version 1.3.3
Disk usage:
Filesystem                         Size  Used Avail Use% Mounted on
tmpfs                              781M   78M  703M  10% /run
efivarfs                           128K  104K   20K  85% /sys/firmware/efi/efivars
/dev/mapper/ubuntu--vg-ubuntu--lv   98G  7.8G   86G   9% /
tmpfs                              3.9G     0  3.9G   0% /dev/shm
tmpfs                              5.0M     0  5.0M   0% /run/lock
/dev/mapper/ubuntu--vg-data        133G   56G   71G  45% /data
/dev/sda2                          2.0G  193M  1.6G  11% /boot
/dev/sda1                          1.1G  6.2M  1.1G   1% /boot/efi
tmpfs                              781M   12K  781M   1% /run/user/1000
Uptime:  08:34:26 up 60 days,  7:15,  1 user,  load average: 2.54, 3.66, 3.73
USER         PID    PPID COMMAND
grq       481308  481307 (sd-pam)
grq       481433  481302 sshd: grq@pts/0
grq       481434  481433 -bash
grq       481476  481434 tail -f /home/grq/logs/node.log
grq      2241754 2241752 /bin/bash -c mkdir -p ~/logs; /data/GRQ/run.sh > ~/logs/run.log 2>&1
grq      2241757 2241754 /bin/bash /data/GRQ/run.sh
grq      2243909 2241757 /bin/bash worker/node.sh
grq      2243918 2243909 ps -U grq -o user,pid,ppid,command
Host: GRQ-16
IP: 10.0.0.16
Number of CPUs: 4
Available Memory: 7.6Gi
================ Clean up ENDED ================
Use local deno
PATH: /home/grq/.deno/bin:/usr/local/sbin:/usr/local/bin:/usr/sbin:/usr/bin:/sbin:/bin:/usr/games:/usr/local/games:/snap/bin
deno 2.4.2 (stable, release, x86_64-unknown-linux-gnu)
v8 13.7.152.14-rusty
typescript 5.8.3
worker/node.sh: line 77: aws: command not found
Option: 3
Starting... Thu Jul 31 08:34:26 AM UTC 2025
✅ GRQ-islands pull succeeded in 3 seconds
Already up to date.
✅ GRQ-cluster pull succeeded in 3 seconds
✅ GRQ-sampler pull succeeded in 3 seconds
✅ GRQ-portfolio pull succeeded in 2 seconds
Starting sampler... Thu Jul 31 08:34:39 AM UTC 2025
Sampler mode
Loop 1 of 4
From github.com:stSoftwareAU/GRQ-sampler
   68d5275..a1361d3  main       -> origin/main
Updating 68d5275..a1361d3
Fast-forward
 samples/Mac-Ultra-M2-1.json | 896 ++++++++++++++++++++++----------------------
 1 file changed, 441 insertions(+), 455 deletions(-)
1) Sample rate: 0.01, batch Size: 10000, timeout: 5
Total time taken: 47s 528ms
Annetta Douglas (Observations: 1,461, Neurons: 513, Synapses: 15,758 & Score: 0.472)
2 mutations, mutation rate 5.0%, elitism 1, mutation ALL, selection FITNESS_PROPORTIONATE, timeout 5, PopSize 50 SAMPLER
Initialized in 3s 714ms
Can't deDuplicate creature at 1 of 50
Replacing HYPOT neuron 748d5ac0-0e3e-4704-88a9-ffa7e7f5c58d
Replacing HYPOT neuron 57882a2a-fbb1-44fd-8807-865cec35a49a
Replacing HYPOT neuron 5864e02c-b8ce-48f7-96a3-7642323be9da
Replacing HYPOTv2 neuron f9f14ab6-c166-440b-87a3-09c43321761b
Replacing HYPOTv2 neuron f9a0bca8-fc00-4cc6-b264-a77f19328198
Replacing HYPOTv2 neuron e5072503-9f99-4e6a-90db-b49a89cf7848
Replacing HYPOT neuron 748d5ac0-0e3e-4704-88a9-ffa7e7f5c58d
Replacing HYPOT neuron 57882a2a-fbb1-44fd-8807-865cec35a49a
Replacing HYPOT neuron 5864e02c-b8ce-48f7-96a3-7642323be9da
Replacing HYPOTv2 neuron f9f14ab6-c166-440b-87a3-09c43321761b
Replacing HYPOTv2 neuron f9a0bca8-fc00-4cc6-b264-a77f19328198
Replacing HYPOT neuron 748d5ac0-0e3e-4704-88a9-ffa7e7f5c58d
Replacing HYPOT neuron 57882a2a-fbb1-44fd-8807-865cec35a49a
Replacing HYPOT neuron 5864e02c-b8ce-48f7-96a3-7642323be9da
Replacing HYPOTv2 neuron f9f14ab6-c166-440b-87a3-09c43321761b
Replacing HYPOTv2 neuron f9a0bca8-fc00-4cc6-b264-a77f19328198
Replacing HYPOT neuron 748d5ac0-0e3e-4704-88a9-ffa7e7f5c58d
Replacing HYPOT neuron 57882a2a-fbb1-44fd-8807-865cec35a49a
Replacing HYPOT neuron 5864e02c-b8ce-48f7-96a3-7642323be9da
Replacing HYPOTv2 neuron f9f14ab6-c166-440b-87a3-09c43321761b
Replacing HYPOTv2 neuron f9a0bca8-fc00-4cc6-b264-a77f19328198
Replacing HYPOT neuron 748d5ac0-0e3e-4704-88a9-ffa7e7f5c58d
Replacing HYPOT neuron 57882a2a-fbb1-44fd-8807-865cec35a49a
Replacing HYPOT neuron 5864e02c-b8ce-48f7-96a3-7642323be9da
Replacing HYPOTv2 neuron f9f14ab6-c166-440b-87a3-09c43321761b
Replacing HYPOTv2 neuron f9a0bca8-fc00-4cc6-b264-a77f19328198
Replacing HYPOT neuron 748d5ac0-0e3e-4704-88a9-ffa7e7f5c58d
Replacing HYPOT neuron 57882a2a-fbb1-44fd-8807-865cec35a49a
Replacing HYPOT neuron 5864e02c-b8ce-48f7-96a3-7642323be9da
Replacing HYPOTv2 neuron f9f14ab6-c166-440b-87a3-09c43321761b
Replacing HYPOTv2 neuron f9a0bca8-fc00-4cc6-b264-a77f19328198
Replacing HYPOT neuron 748d5ac0-0e3e-4704-88a9-ffa7e7f5c58d
Replacing HYPOT neuron 57882a2a-fbb1-44fd-8807-865cec35a49a
Replacing HYPOT neuron 5864e02c-b8ce-48f7-96a3-7642323be9da
Replacing HYPOTv2 neuron f9f14ab6-c166-440b-87a3-09c43321761b
Replacing HYPOTv2 neuron f9a0bca8-fc00-4cc6-b264-a77f19328198
Replacing HYPOT neuron 748d5ac0-0e3e-4704-88a9-ffa7e7f5c58d
Replacing HYPOT neuron 57882a2a-fbb1-44fd-8807-865cec35a49a
Replacing HYPOT neuron 5864e02c-b8ce-48f7-96a3-7642323be9da
Replacing HYPOTv2 neuron f9f14ab6-c166-440b-87a3-09c43321761b
Replacing HYPOTv2 neuron f9a0bca8-fc00-4cc6-b264-a77f19328198
Replacing HYPOT neuron 748d5ac0-0e3e-4704-88a9-ffa7e7f5c58d
Replacing HYPOT neuron 57882a2a-fbb1-44fd-8807-865cec35a49a
Replacing HYPOT neuron 5864e02c-b8ce-48f7-96a3-7642323be9da
Replacing HYPOTv2 neuron f9f14ab6-c166-440b-87a3-09c43321761b
Replacing HYPOTv2 neuron f9a0bca8-fc00-4cc6-b264-a77f19328198
Replacing HYPOT neuron 748d5ac0-0e3e-4704-88a9-ffa7e7f5c58d
Replacing HYPOT neuron 57882a2a-fbb1-44fd-8807-865cec35a49a
Replacing HYPOT neuron 5864e02c-b8ce-48f7-96a3-7642323be9da
Replacing HYPOTv2 neuron f9f14ab6-c166-440b-87a3-09c43321761b
Replacing HYPOTv2 neuron f9a0bca8-fc00-4cc6-b264-a77f19328198
Replacing HYPOT neuron 748d5ac0-0e3e-4704-88a9-ffa7e7f5c58d
Replacing HYPOT neuron 57882a2a-fbb1-44fd-8807-865cec35a49a
Replacing HYPOT neuron 5864e02c-b8ce-48f7-96a3-7642323be9da
Replacing HYPOTv2 neuron f9f14ab6-c166-440b-87a3-09c43321761b
Replacing HYPOTv2 neuron f9a0bca8-fc00-4cc6-b264-a77f19328198
Replacing HYPOT neuron 748d5ac0-0e3e-4704-88a9-ffa7e7f5c58d
Replacing HYPOT neuron 57882a2a-fbb1-44fd-8807-865cec35a49a
Replacing HYPOT neuron 5864e02c-b8ce-48f7-96a3-7642323be9da
Replacing HYPOTv2 neuron f9f14ab6-c166-440b-87a3-09c43321761b
Replacing HYPOTv2 neuron f9a0bca8-fc00-4cc6-b264-a77f19328198
Replacing HYPOT neuron 748d5ac0-0e3e-4704-88a9-ffa7e7f5c58d
Replacing HYPOT neuron 57882a2a-fbb1-44fd-8807-865cec35a49a
Replacing HYPOT neuron 5864e02c-b8ce-48f7-96a3-7642323be9da
Replacing HYPOTv2 neuron f9f14ab6-c166-440b-87a3-09c43321761b
Replacing HYPOTv2 neuron f9a0bca8-fc00-4cc6-b264-a77f19328198
Replacing HYPOT neuron 748d5ac0-0e3e-4704-88a9-ffa7e7f5c58d
Replacing HYPOT neuron 57882a2a-fbb1-44fd-8807-865cec35a49a
Replacing HYPOT neuron 5864e02c-b8ce-48f7-96a3-7642323be9da
Replacing HYPOTv2 neuron f9f14ab6-c166-440b-87a3-09c43321761b
Replacing HYPOTv2 neuron f9a0bca8-fc00-4cc6-b264-a77f19328198
Generation 1 score 0.4833161585215525 (avg: 0.4636) error 0.5166827968334596 time 1m 20s 763ms
Evolution of 1 generation in 7m 54s, averaging 7m 54s 305ms
Loop 2 of 4
From github.com:stSoftwareAU/GRQ-sampler
   a1361d3..2887d21  main       -> origin/main
Updating a1361d3..2887d21
Fast-forward
 TacitKnowledge/hive.json    |     8 +-
 samples/GRQ-23-1.json       | 86735 ++++++++++++++++++++++++++++++++++++++++++
 samples/Mac-Ultra-M2-1.json |    18 +-
 3 files changed, 86748 insertions(+), 13 deletions(-)
 create mode 100644 samples/GRQ-23-1.json
2) Sample rate: 0.05, batch Size: 10000, timeout: 7
Total time taken: 36s 139ms
Tyreek Swaniawski (Observations: 1,461, Neurons: 514, Synapses: 15,761 & Score: 0.483)
7 mutations, mutation rate 14.8%, elitism 1, mutation ALL, selection FITNESS_PROPORTIONATE, timeout 7, PopSize 50 SAMPLER
Initialized in 4s 590ms
Discovery d264e506 scheduled
Training d264e506 scheduled
Training d264e506 with 1 binary file, target error: 0.002, iterations: 1, sample rate: 30.0%, sparse: 7.5%
Discovery d264e506 with 1 binary files, sample rate: 2.5%, batch size: 20
Discovery d264e506 initialize time 91ms
Discovery d264e506 processing .trainData-binary_87-sampler/sample-5.bin
Replacing HYPOT neuron 748d5ac0-0e3e-4704-88a9-ffa7e7f5c58d
Replacing HYPOT neuron 57882a2a-fbb1-44fd-8807-865cec35a49a
Replacing HYPOT neuron 5864e02c-b8ce-48f7-96a3-7642323be9da
Replacing HYPOTv2 neuron f9f14ab6-c166-440b-87a3-09c43321761b
Replacing HYPOTv2 neuron f9a0bca8-fc00-4cc6-b264-a77f19328198
Replacing HYPOT neuron 748d5ac0-0e3e-4704-88a9-ffa7e7f5c58d
Replacing HYPOT neuron 57882a2a-fbb1-44fd-8807-865cec35a49a
Replacing HYPOT neuron 5864e02c-b8ce-48f7-96a3-7642323be9da
Replacing HYPOTv2 neuron f9f14ab6-c166-440b-87a3-09c43321761b
Replacing HYPOTv2 neuron f9a0bca8-fc00-4cc6-b264-a77f19328198
Replacing HYPOT neuron 748d5ac0-0e3e-4704-88a9-ffa7e7f5c58d
Replacing HYPOT neuron 57882a2a-fbb1-44fd-8807-865cec35a49a
Replacing HYPOT neuron 5864e02c-b8ce-48f7-96a3-7642323be9da
Replacing HYPOTv2 neuron f9f14ab6-c166-440b-87a3-09c43321761b
Replacing HYPOTv2 neuron f9a0bca8-fc00-4cc6-b264-a77f19328198
Replacing HYPOT neuron 748d5ac0-0e3e-4704-88a9-ffa7e7f5c58d
Replacing HYPOT neuron 57882a2a-fbb1-44fd-8807-865cec35a49a
Replacing HYPOT neuron 5864e02c-b8ce-48f7-96a3-7642323be9da
Replacing HYPOTv2 neuron f9f14ab6-c166-440b-87a3-09c43321761b
Replacing HYPOTv2 neuron f9a0bca8-fc00-4cc6-b264-a77f19328198
Replacing HYPOT neuron 748d5ac0-0e3e-4704-88a9-ffa7e7f5c58d
Replacing HYPOT neuron 57882a2a-fbb1-44fd-8807-865cec35a49a
Replacing HYPOT neuron 5864e02c-b8ce-48f7-96a3-7642323be9da
Replacing HYPOTv2 neuron f9f14ab6-c166-440b-87a3-09c43321761b
Replacing HYPOTv2 neuron f9a0bca8-fc00-4cc6-b264-a77f19328198
Replacing HYPOT neuron 748d5ac0-0e3e-4704-88a9-ffa7e7f5c58d
Replacing HYPOT neuron 57882a2a-fbb1-44fd-8807-865cec35a49a
Replacing HYPOT neuron 5864e02c-b8ce-48f7-96a3-7642323be9da
Replacing HYPOTv2 neuron f9f14ab6-c166-440b-87a3-09c43321761b
Replacing HYPOTv2 neuron f9a0bca8-fc00-4cc6-b264-a77f19328198
Replacing HYPOT neuron 748d5ac0-0e3e-4704-88a9-ffa7e7f5c58d
Replacing HYPOT neuron 57882a2a-fbb1-44fd-8807-865cec35a49a
Replacing HYPOT neuron 5864e02c-b8ce-48f7-96a3-7642323be9da
Replacing HYPOTv2 neuron f9f14ab6-c166-440b-87a3-09c43321761b
Replacing HYPOTv2 neuron f9a0bca8-fc00-4cc6-b264-a77f19328198
Replacing HYPOT neuron 748d5ac0-0e3e-4704-88a9-ffa7e7f5c58d
Replacing HYPOT neuron 57882a2a-fbb1-44fd-8807-865cec35a49a
Replacing HYPOT neuron 5864e02c-b8ce-48f7-96a3-7642323be9da
Replacing HYPOTv2 neuron f9f14ab6-c166-440b-87a3-09c43321761b
Replacing HYPOTv2 neuron f9a0bca8-fc00-4cc6-b264-a77f19328198
Replacing HYPOT neuron 748d5ac0-0e3e-4704-88a9-ffa7e7f5c58d
Replacing HYPOT neuron 57882a2a-fbb1-44fd-8807-865cec35a49a
Replacing HYPOT neuron 5864e02c-b8ce-48f7-96a3-7642323be9da
Replacing HYPOTv2 neuron f9f14ab6-c166-440b-87a3-09c43321761b
Replacing HYPOTv2 neuron f9a0bca8-fc00-4cc6-b264-a77f19328198
Replacing HYPOT neuron 748d5ac0-0e3e-4704-88a9-ffa7e7f5c58d
Replacing HYPOT neuron 57882a2a-fbb1-44fd-8807-865cec35a49a
Replacing HYPOT neuron 5864e02c-b8ce-48f7-96a3-7642323be9da
Replacing HYPOTv2 neuron f9f14ab6-c166-440b-87a3-09c43321761b
Replacing HYPOTv2 neuron f9a0bca8-fc00-4cc6-b264-a77f19328198
Replacing HYPOT neuron 748d5ac0-0e3e-4704-88a9-ffa7e7f5c58d
Replacing HYPOT neuron 57882a2a-fbb1-44fd-8807-865cec35a49a
Replacing HYPOT neuron 5864e02c-b8ce-48f7-96a3-7642323be9da
Replacing HYPOTv2 neuron f9f14ab6-c166-440b-87a3-09c43321761b
Replacing HYPOTv2 neuron f9a0bca8-fc00-4cc6-b264-a77f19328198
Replacing HYPOTv2 neuron e5072503-9f99-4e6a-90db-b49a89cf7848
Replacing HYPOT neuron 748d5ac0-0e3e-4704-88a9-ffa7e7f5c58d
Replacing HYPOT neuron 57882a2a-fbb1-44fd-8807-865cec35a49a
Replacing HYPOT neuron 5864e02c-b8ce-48f7-96a3-7642323be9da
Replacing HYPOTv2 neuron f9f14ab6-c166-440b-87a3-09c43321761b
Replacing HYPOTv2 neuron f9a0bca8-fc00-4cc6-b264-a77f19328198
Replacing HYPOT neuron 748d5ac0-0e3e-4704-88a9-ffa7e7f5c58d
Replacing HYPOT neuron 57882a2a-fbb1-44fd-8807-865cec35a49a
Replacing HYPOT neuron 5864e02c-b8ce-48f7-96a3-7642323be9da
Replacing HYPOTv2 neuron f9f14ab6-c166-440b-87a3-09c43321761b
Replacing HYPOTv2 neuron f9a0bca8-fc00-4cc6-b264-a77f19328198
Replacing HYPOTv2 neuron e5072503-9f99-4e6a-90db-b49a89cf7848
Replacing HYPOT neuron 748d5ac0-0e3e-4704-88a9-ffa7e7f5c58d
Replacing HYPOT neuron 57882a2a-fbb1-44fd-8807-865cec35a49a
Replacing HYPOT neuron 5864e02c-b8ce-48f7-96a3-7642323be9da
Replacing HYPOTv2 neuron f9f14ab6-c166-440b-87a3-09c43321761b
Replacing HYPOTv2 neuron f9a0bca8-fc00-4cc6-b264-a77f19328198
Replacing HYPOT neuron 748d5ac0-0e3e-4704-88a9-ffa7e7f5c58d
Replacing HYPOT neuron 57882a2a-fbb1-44fd-8807-865cec35a49a
Replacing HYPOT neuron 5864e02c-b8ce-48f7-96a3-7642323be9da
Replacing HYPOTv2 neuron f9f14ab6-c166-440b-87a3-09c43321761b
Replacing HYPOTv2 neuron f9a0bca8-fc00-4cc6-b264-a77f19328198
Training d264e506 samples 87 of 104,017 0.1%( rate 30.0% ) error 0.586 time average: 701ms 517µs 241ns total: 1m 1s 32ms
Training d264e506 samples 174 of 104,017 0.2%( rate 30.0% ) error 0.517 time average: 696ms 224µs 137ns total: 2m 1s 143ms
Fine tuning increased fitness by 0.0000011153698852850447 to 0.47137113079792214 adjusted 3 weights, 3 biases 
Training d264e506 samples 258 of 104,017 0.2%( rate 30.0% ) error 0.507 time average: 702ms 511µs 627ns total: 3m 1s 248ms
Training d264e506 samples 334 of 104,017 0.3%( rate 30.0% ) error 0.493 time average: 724ms 401µs 197ns total: 4m 1s 950ms
Training d264e506 timed out after 4m 1s 950ms
Fine tuning increased fitness by 0.000008019381738555431 to 0.4713791501796607 adjusted 3 weights, 3 biases 
Discovery d264e506 read time  for .trainData-binary_87-sampler/sample-5.bin with 20 records
Discovery d264e506 scanning time 5m 31s 17ms
Discovery d264e506 recorded time 5m 34s 916ms
Training d264e506 completed after 4m 2s 333ms
Training d264e506 compacted
Generation 3 score 0.4713791501796607 (avg: 0.4712) error 0.5286187604303636 avg time 44s 453ms
Set training/discovery clean up count to 2
Waiting for discovery to complete
Discovered beneficial synapse from d00593b4-39fb-4e2e-866e-a4f8c4e6c971 to insider-combined-positive-check-7 with weight 1.0000, helping 85.0% more records than it harms (18/20)
Discovery d264e506 analyze time 55s 966ms found 1 candidates
Compact d264e506 Score: 0.47137005259666953, Error: 0.5286278952819874 -> 0.5286278636133547, 👌 3.17e-8
Trained d264e506 Score: 0.4596165825943186, Error: 0.5286278952819874 -> 0.5403813315457057, 👿 -0.0118
Discovered harmful synapse from input-334 to insider-combined-positive-check-7, harming 75.0% more records than it helps (2/20)
Discovery d264e506 analyze harmful time 24s 542ms found 1 candidates
Discovery d264e506 analyze squashes time 19s 652ms found 2 candidates, Summary: insider-combined-positive-check-7 ArcTan -> COMPLEMENT improved: 100.0% error: 3.255098349364167e+31 -> 4.1861191849525656e+23,insider-trend-positive-check-7 ArcTan -> COMPLEMENT improved: 100.0% error: 8.425273413687066e+29 -> 5.4522595860974133e+23
Fine tuning increased fitness by 0.0000017166249653977061 to 0.4713808668046261 adjusted 3 weights, 3 biases 
Generation 4 score 0.4713808668046261 (avg: 0.4702) error 0.5286170438053982 avg time 12s 160ms
Waiting for discovery to complete
Fine tuning increased fitness by 0.000010106957882616285 to 0.4713909737625087 adjusted 3 weights, 3 biases 
Generation 5 score 0.4713909737625087 (avg: 0.4713) error 0.5286069368475156 avg time 12s 455ms
Waiting for training/discovery clean up 2
Generation 6 score 0.4713909737625087 (avg: 0.3774) error 0.5286069368475156 avg time 10s 688ms
Waiting for training/discovery clean up 1
Generation 7 score 0.4713909737625087 (avg: 0.4631) error 0.5286069368475156 avg time 11s 410ms
Evolution of 7 generations in 16m 40s, averaging 2m 22s 915ms
Loop 3 of 4
From github.com:stSoftwareAU/GRQ-sampler
   2887d21..ee9b63f  main       -> origin/main
Updating 2887d21..ee9b63f
Fast-forward
 TacitKnowledge/hive.json    |     2 +-
 samples/GRQ-11-1.json       | 86812 ------------------------------------------
 samples/GRQ-21-1.json       |  1003 +-
 samples/GRQ-22-1.json       |  2189 +-
 samples/GRQ-24-1.json       |  2209 +-
 samples/Mac-Ultra-M2-1.json |    10 +-
 6 files changed, 579 insertions(+), 91646 deletions(-)
 delete mode 100644 samples/GRQ-11-1.json
3) Sample rate: 0.27, batch Size: 10000, timeout: 13
Total time taken: 1m 1s 475ms
Jennifer Mohr (Observations: 1,461, Neurons: 514, Synapses: 15,762 & Score: 0.471)
1 mutation, mutation rate 19.4%, elitism 1, mutation ALL, selection TOURNAMENT, timeout 13, PopSize 22 SAMPLER
Initialized in 5s 898ms
Over populated 49, expected 22.
Culling duplicate creature at 12 of 49
Culling duplicate creature at 16 of 48
Culling duplicate creature at 27 of 47
DeDuplication of 3 creatures to 46 in 3ms (previous experiment 2ms)
Discovery feb59041 scheduled
Training feb59041 scheduled
Training feb59041 with 1 binary file, target error: 0.002, iterations: 1, sample rate: 15.0%, sparse: 7.5%
Discovery feb59041 with 1 binary files, sample rate: 2.5%, batch size: 20
Discovery feb59041 initialize time 111ms
Discovery feb59041 processing .trainData-binary_87-sampler/sample-27.bin
Fine tuning increased fitness by 0.0008492751821103095 to 0.4730957046042597 adjusted 1 weight Restored: 5
Generation 1 score 0.4730957046042597 (avg: 0.4656) error 0.5268833954959832 time 6m 48s 932ms
Training feb59041 samples 3,962 of 562,995 0.7%( rate 15.0% ) error 0.544 time average: 15ms 146µs 895ns total: 1m 12ms
Training feb59041 samples 7,858 of 562,995 1.4%( rate 15.0% ) error 0.533 time average: 15ms 273µs 606ns total: 2m 20ms
Training feb59041 samples 12,391 of 562,995 2.2%( rate 15.0% ) error 0.538 time average: 14ms 528µs 690ns total: 3m 25ms
Generation 2 score 0.4730957046042597 (avg: 0.4731) error 0.5268833954959832 time 2m 55s 480ms
Training feb59041 samples 16,057 of 562,995 2.9%( rate 15.0% ) error 0.537 time average: 14ms 948µs 869ns total: 4m 34ms
Training feb59041 samples 18,878 of 562,995 3.4%( rate 15.0% ) error 0.539 time average: 15ms 903µs 220ns total: 5m 221ms
Training feb59041 samples 21,494 of 562,995 3.8%( rate 15.0% ) error 0.537 time average: 16ms 759µs 421ns total: 6m 227ms
Training feb59041 timed out after 6m 227ms
Training feb59041 caused a higher error of 0.5368864058229865 from 0.5268833954959832
Fine tuning increased fitness by 1.0331036026656193e-10 to 0.47309570470757006 adjusted 1 weight 
Training feb59041 completed after 6m 845ms
Training feb59041 compacted
Generation 3 score 0.47309570470757006 (avg: 0.4726) error 0.5268833953926728 time 5m 47s 246ms
Set training/discovery clean up count to 2
Waiting for discovery to complete
Compact feb59041 Score: 0.4730935069116938, Error: 0.5268833954959832 -> 0.526885608188549, 👿 -0.00000221
Trained feb59041 Score: 0.47309046516505365, Error: 0.5268833954959832 -> 0.5268886349351892, 👿 -0.00000524
Fine tuning increased fitness by 1.1502001229235503e-7 to 0.47309581972758236 adjusted 495 weights, 32 biases 
Generation 4 score 0.47309581972758236 (avg: 0.4728) error 0.5268832803726605 time 4m 12s 321ms
Waiting for discovery to complete
Discovery feb59041 read time 10ms for .trainData-binary_87-sampler/sample-27.bin with 40 records
Discovery feb59041 scanning time 13m 57s 473ms
Discovery feb59041 recorded time 14m 46s 728ms
Discovered beneficial synapse from input-185 to insider-combined-positive-check-7 with weight -1.0000, helping 100.0% more records than it harms (40/40)
Discovery feb59041 analyze time 1m 42s 558ms found 1 candidates
Discovered harmful synapse from input-14 to insider-combined-positive-check-7, harming 100.0% more records than it helps (0/40)
Discovery feb59041 analyze harmful time 1m 1s 320ms found 1 candidates
Fine tuning increased fitness by 8.945445392205542e-7 to 0.4730967142721216 adjusted 470 weights, 30 biases 
Generation 5 score 0.4730967142721216 (avg: 0.4725) error 0.5268823858281213 time 4m 41s 795ms
Waiting for discovery to complete
Discovery feb59041 analyze squashes time 56s 150ms found 1 candidate, Summary: insider-combined-positive-check-7 ArcTan -> COMPLEMENT improved: 100.0% error: 7.052685855692867e+31 -> 8.295114196894435e+23
Generation 6 score 0.4730967142721216 (avg: 0.4731) error 0.5268823858281213 time 2m 48s 377ms
Waiting for training/discovery clean up 2
Generation 7 score 0.4730967142721216 (avg: 0.3850) error 0.5268823858281213 time 2m 47s 30ms
Waiting for training/discovery clean up 1
Generation 8 score 0.4730967142721216 (avg: 0.4434) error 0.5268823858281213 time 1m 33s 742ms
Evolution of 8 generations in 31m 36s, averaging 3m 56s 951ms
Loop 4 of 4
From github.com:stSoftwareAU/GRQ-sampler
   ee9b63f..42ee95a  main       -> origin/main
Updating ee9b63f..42ee95a
Fast-forward
 TacitKnowledge/hive.json                |   4 +-
 samples/{GRQ-13-1.json => GRQ-3-1.json} | 924 ++++++++++++++++----------------
 samples/Mac-Ultra-M2-1.json             |  92 +---
 3 files changed, 480 insertions(+), 540 deletions(-)
 rename samples/{GRQ-13-1.json => GRQ-3-1.json} (99%)
4) Sample rate: 1, batch Size: 10000, timeout: 15
Total time taken: 2m 43s 568ms
Elmo Witting (Observations: 1,461, Neurons: 514, Synapses: 15,768 & Score: 0.473)
5 mutations, mutation rate 9.1%, elitism 1, mutation FFW, selection TOURNAMENT, timeout 15, PopSize 20 SAMPLER
Initialized in 4s 516ms
Over populated 22, expected 20.
Culling duplicate creature at 7 of 22
Culling duplicate creature at 8 of 21
DeDuplication of 2 creatures to 20 in 9s 99ms (previous experiment 2ms)
Training 4d0e1efe scheduled
Training 4d0e1efe with 1 binary file, target error: 0.002, iterations: 1, sample rate: 10.0%, sparse: 7.5%
Compacting increased fitness by 3.6641313316820856e-8 to 0.4722471637793263 neurons: 512 was: 513 synapses: 15765 was: 15768
Generation 1 score 0.4722471637793263 (avg: 0.4722) error 0.5275439672231017 time 13m 5s 923ms
Training 4d0e1efe samples 3,876 of 2,086,076 0.2%( rate 10.0% ) error 0.551 time average: 15ms 485µs 36ns total: 1m 20ms
Training 4d0e1efe samples 7,457 of 2,086,076 0.4%( rate 10.0% ) error 0.530 time average: 16ms 95µs 480ns total: 2m 24ms
Training 4d0e1efe timed out after 2m 24ms
Training 4d0e1efe caused a higher error of 0.5299536459343186 from 0.5275439672231017
Training 4d0e1efe completed after 2m 426ms
Training 4d0e1efe compacted
Generation 2 score 0.4722471637793263 (avg: 0.4722) error 0.5275439672231017 time 5m 4s 749ms
Waiting for additional generation
Compact 4d0e1efe Score: 0.4722447398528927, Error: 0.5275439672231017 -> 0.5275465411495345, 👿 -0.00000257
Trained 4d0e1efe Score: 0.47122337558871813, Error: 0.5275439672231017 -> 0.5285678054137093, 👿 -0.00102
Fine tuning increased fitness by 4.107158502186792e-9 to 0.4722471678864848 adjusted 1 weight 
Generation 3 score 0.4722471678864848 (avg: 0.4722) error 0.5275439531159434 time 10m 40s 837ms
Evolution of 3 generations in 29m 1s, averaging 9m 40s 396ms
[10:06:14] 📦 checkin-sample.sh on host GRQ-16
From github.com:stSoftwareAU/GRQ-sampler
   42ee95a..dd05711  main       -> origin/main
Updating 42ee95a..dd05711
Fast-forward
 samples/GRQ-10-1.json                    |  3112 +-
 samples/GRQ-11-1.json                    | 86806 +++++++++++++++++++++++++++++
 samples/GRQ-12-1.json                    |    28 +-
 samples/{GRQ-15-1.json => GRQ-13-1.json} |  2889 +-
 samples/GRQ-19-1.json                    |   900 +-
 5 files changed, 88158 insertions(+), 5577 deletions(-)
 create mode 100644 samples/GRQ-11-1.json
 rename samples/{GRQ-15-1.json => GRQ-13-1.json} (97%)
removed 'samples/GRQ-16-1.json'
removed 'samples/GRQ-18-1.json'
[10:06:18] ✅ Committing 🦠 GRQ-16 🎯, Score: 0.472247
[main f47ffdf] 🦠 GRQ-16 🎯, Score: 0.472247, Neurons: 513 & Synapses: 15,766
 2 files changed, 479 insertions(+), 87165 deletions(-)
 delete mode 100644 samples/GRQ-18-1.json
To github.com:stSoftwareAU/GRQ-sampler.git
   dd05711..f47ffdf  main -> main
✅ GRQ-health pull succeeded in 2 seconds
Updating health information...
Updated health information for GRQ-16
