[log truncated by run.sh: showing the last 64 KB of 2079 KB; the full log is on the host]
🗜️ [Score] Weight/bias magnitude overflow on creature ca425e7f-66b3-575a-b9cc-688004925fd7: max=8985822899719194, total=17971645948802644. Clamping to ±9007199254740991.
🗜️ [Score] Weight/bias magnitude overflow on creature c0d6d589-23f8-54ac-93f4-fce398ff8cd4: max=8985822899719194, total=17971645948802644. Clamping to ±9007199254740991.
🗜️ [Score] Weight/bias magnitude overflow on creature 92c633d8-5780-57fc-a072-b41f5ade4714: max=8985822899719194, total=17971645948802644. Clamping to ±9007199254740991.
🗜️ [Score] Weight/bias magnitude overflow on creature c7213939-ec41-562f-9af0-296d76d42ba9: max=8985822899719194, total=17971645948802644. Clamping to ±9007199254740991.
🗜️ [Score] Weight/bias magnitude overflow on creature 93f939d6-9228-5313-bb8f-fbaf2324cd24: max=8985822899719194, total=17971645948802644. Clamping to ±9007199254740991.
🗜️ [Score] Weight/bias magnitude overflow on creature 83ba2c14-0360-5fdf-a413-a9a0a62bf8d3: max=8985822899719194, total=17971645948802644. Clamping to ±9007199254740991.
🗜️ [Score] Weight/bias magnitude overflow on creature f4a26d3a-8ed2-5ac9-a7ff-188696815c37: max=8985822899719194, total=17971645948802644. Clamping to ±9007199254740991.
🗜️ [Score] Weight/bias magnitude overflow on creature 206be2ec-bf12-5640-a505-cf4cbb00e9ee: max=8985822899719194, total=17971645948802644. Clamping to ±9007199254740991.
🗜️ [Score] Weight/bias magnitude overflow on creature c57d2f75-6f71-51ad-9c88-0cdd116a2c63: max=8985822899719194, total=17971645948802644. Clamping to ±9007199254740991.
🗜️ [Score] Weight/bias magnitude overflow on creature fbb2bc91-d391-5c53-b421-548bd7f23fbf: max=8985822899719194, total=17971645948802644. Clamping to ±9007199254740991.
🗜️ [Score] Weight/bias magnitude overflow on creature fad00e21-4b83-5595-bd6a-588ebb84281f: max=8985822899719194, total=17971645948802644. Clamping to ±9007199254740991.
🗜️ [Score] Weight/bias magnitude overflow on creature 390a2fb1-73a1-5f3c-8f58-67151696a47e: max=8985822899719194, total=17971645948802644. Clamping to ±9007199254740991.
🗜️ [Score] Weight/bias magnitude overflow on creature 9a85b05e-bebf-5a5f-92a1-cd6bfaf23af2: max=8985822899719194, total=17971645948802644. Clamping to ±9007199254740991.
🗜️ [Score] Weight/bias magnitude overflow on creature f40b8f58-4bac-5f0d-8366-1bae04472040: max=8985822899719194, total=17971645948802644. Clamping to ±9007199254740991.
🗜️ [Score] Weight/bias magnitude overflow on creature d7144578-f21e-59d6-8d0c-a21fad1bdfda: max=8985822899719194, total=17971645948802644. Clamping to ±9007199254740991.
🗜️ [Score] Weight/bias magnitude overflow on creature a513de6c-378f-5c61-b549-d054313e09f6: max=8985822899719194, total=17971645948802644. Clamping to ±9007199254740991.
🗜️ [Score] Weight/bias magnitude overflow on creature 0016a1d1-569b-545c-8bea-0de845399143: max=8985822899719194, total=17971645948802644. Clamping to ±9007199254740991.
🗜️ [Score] Weight/bias magnitude overflow on creature 486f110e-3460-54e3-9e9c-f5ff8dff1c4b: max=8985822899719194, total=17971645948802644. Clamping to ±9007199254740991.
🗜️ [Score] Weight/bias magnitude overflow on creature 85ed7f48-f018-5172-9b04-3ce52a1fe7c9: max=8985822899719194, total=17971645948802644. Clamping to ±9007199254740991.
🗜️ [Score] Weight/bias magnitude overflow on creature 0638f315-c093-5ff9-8af4-44c33c5b3092: max=8985822899719194, total=17971645948802234. Clamping to ±9007199254740991.
🗜️ [Score] Weight/bias magnitude overflow on creature 135384bb-b19e-5ee0-a33e-6d7e0a34294b: max=8985822899719194, total=17971645948802652. Clamping to ±9007199254740991.
🗜️ [Score] Weight/bias magnitude overflow on creature 16dd5d4f-9242-5ea3-baa9-7f7d24e5b9dc: max=8985822899719194, total=17971645948802644. Clamping to ±9007199254740991.
🗜️ [Score] Weight/bias magnitude overflow on creature fb9075a2-430a-54c5-8947-193408709020: max=8985822899719194, total=17971645948882386. Clamping to ±9007199254740991.
🗜️ [Score] Weight/bias magnitude overflow on creature 6f38b980-d3d1-5569-9cc3-a192adf40ee9: max=8985822899719194, total=17971645948873120. Clamping to ±9007199254740991.
🗜️ [Score] Weight/bias magnitude overflow on creature b2f75d73-071d-5e76-b83e-9f88c728774d: max=8985822899719194, total=17971645949247096. Clamping to ±9007199254740991.
🗜️ [Score] Weight/bias magnitude overflow on creature 96dd77ba-ffcd-5ed0-afe5-d8a3418a6447: max=8985822899719194, total=17971645949000414. Clamping to ±9007199254740991.
🗜️ [Score] Weight/bias magnitude overflow on creature eb882b4b-2012-50a3-912c-3cf92f2c58dd: max=8985822899719194, total=17971645948873336. Clamping to ±9007199254740991.
🗜️ [Score] Weight/bias magnitude overflow on creature 729fb442-60f3-5139-a9b0-3d3ed88876a0: max=8985822899719194, total=17971645948682430. Clamping to ±9007199254740991.
🗜️ [Score] Weight/bias magnitude overflow on creature fdbc9890-c430-5615-8e6c-fd80d6b21cb9: max=8985822899719194, total=17971645949066070. Clamping to ±9007199254740991.
🗜️ [Score] Weight/bias magnitude overflow on creature b76ccb91-611d-555e-be11-31d76428c9d6: max=8985822899719194, total=17971645948838074. Clamping to ±9007199254740991.
🗜️ [Score] Weight/bias magnitude overflow on creature e39a90e3-f576-5e8c-8ff2-a13c2dad5ae8: max=8985822899719194, total=17971645949041696. Clamping to ±9007199254740991.
🗜️ [Score] Weight/bias magnitude overflow on creature c45e3851-a153-5e43-bf4f-d9335faa05bb: max=8985822899719194, total=17971645949185246. Clamping to ±9007199254740991.
🗜️ [Score] Weight/bias magnitude overflow on creature 737faa35-df0d-5268-8ecf-26cb706f5a03: max=8985822899719194, total=17971645948739446. Clamping to ±9007199254740991.
🗜️ [Score] Weight/bias magnitude overflow on creature 7536b55b-e38c-59b2-a9ed-2618465f655d: max=8985822899719194, total=17971645948383650. Clamping to ±9007199254740991.
🗜️ [Score] Weight/bias magnitude overflow on creature 4e0213e9-b2d1-5201-b95d-89e63056203b: max=8985822899719194, total=17971645948733074. Clamping to ±9007199254740991.
Trained 0d012c89 Score: 0.8908124104917442, Error: 0.10893283691248377 -> 0.10893283691248377,  🫥
Trained 04925fd7 Score: 0.890810759292437, Error: 0.10893448811179099 -> 0.10893448811179099,  🫥
Trained 7cf607e5 Score: 0.8908107433663704, Error: 0.10893450403785751 -> 0.10893450403785751,  🫥
Trained 98ff8cd4 Score: 0.8908106330676696, Error: 0.10893461433655835 -> 0.10893461433655835,  🫥
Skipping discovery: insufficient time (1m remaining, 2m estimated)
Training 1696a47e scheduled
Training 116a2c63 scheduled
Training 04472040 scheduled
Training 313e09f6 scheduled
Fine tuning increased fitness by 9.580506837858493e-7 to 0.8908154106334888 adjusted 1 weight 
Training 420039c6 completed after 5s 218ms
Training 82262e25 completed after 6s 691ms
Training bcdd5eee completed after 5s 149ms
Training 13c3e55f completed after 4s 314ms
Training 4dd85622 caused a higher error of 0.1095948857043772 from 0.10893416969811766
🗜️ [Score] Weight/bias magnitude overflow on creature unknown: max=8985822899719194, total=17971645948802644. Clamping to ±9007199254740991.
Training 4dd85622 caused a higher error of 0.1095948857043772 from 0.10893416969811766 and no tuning
[PreWarm] 16 new templates, 2 cached, 18 unique topologies (405ms)
[Timing] fitness=3106ms breeding=5743ms breedingWorker=5743ms mainThreadOverlap=98ms resultProcessing=98ms preWarm=405ms pipelineOverlap=510ms sort=0ms writeScores=7ms mutation=202ms deduplication=1067ms speciation=7ms total=13745ms
[Utilisation] fitness=0%fast/50%heavy breeding=0%fast/100%heavy overall=22%
[MutationOps] MOD_BIAS proposed=3 noChange=0 applied=3 reverted=0 evaluated=0 accepted=0 rejected=0 evalMs=0 depth[in=0 mid=0 out=0 ?=3] | MOD_WEIGHT proposed=1 noChange=0 applied=1 reverted=0 evaluated=0 accepted=0 rejected=0 evalMs=0 depth[in=0 mid=0 out=0 ?=1] || resolved=0 multiOperator=0 discarded=0 evalMs=0 mcmc=0/0
[Throughput] wall=13745ms nonFitness=10639ms gensPerHour=261.9 fast=busy16983ms/idle37997ms/depth37/wait7574ms heavy=busy11137ms/idle16353ms/depth10/wait4455ms scorer=147.3ms/scored37/batchScored37/perCreatureScored0/batchInvocations1/creaturesPerSec11.9 corruptParentSkips=0
Generation 10 score 0.8908154106334888 (avg: 0.8428) error 0.10892983677073917 avg time 11s 506ms
[NEAT-AI] Batch scorer partition: 38 forwardOnly batched, 0 recurrent batched, 0 per-creature
Training 0da3771e caused a higher error of 0.10959378920632756 from 0.1089332056777464
🗜️ [Score] Weight/bias magnitude overflow on creature unknown: max=8985822899719194, total=17971645948802644. Clamping to ±9007199254740991.
Training 0da3771e caused a higher error of 0.10959378920632756 from 0.1089332056777464 and no tuning
Training 1696a47e caused a higher error of 0.10958920258181896 from 0.10892983677073917
🗜️ [Score] Weight/bias magnitude overflow on creature unknown: max=8985822899719194, total=17971645948802644. Clamping to ±9007199254740991.
Training 1696a47e caused a higher error of 0.10958920258181896 from 0.10892983677073917 and no tuning
🗜️ [Score] Weight/bias magnitude overflow on creature 54cbb812-5a17-5d8e-bbff-7a89420039c6: max=8985822899719194, total=17971645948802644. Clamping to ±9007199254740991.
🗜️ [Score] Weight/bias magnitude overflow on creature a16223f5-7d4c-5a4e-a328-9f8882262e25: max=8985822899719194, total=17971645948802644. Clamping to ±9007199254740991.
🗜️ [Score] Weight/bias magnitude overflow on creature cae06633-65fe-5847-ad81-413cbcdd5eee: max=8985822899719194, total=17971645948802644. Clamping to ±9007199254740991.
🗜️ [Score] Weight/bias magnitude overflow on creature 412d2112-47ca-5350-b98f-9f0c13c3e55f: max=8985822899719194, total=17971645948802644. Clamping to ±9007199254740991.
🗜️ [Score] Weight/bias magnitude overflow on creature cbd07b34-0167-5de9-8f0c-e22d3ee659d2: max=8985822899719194, total=17971645948802644. Clamping to ±9007199254740991.
🗜️ [Score] Weight/bias magnitude overflow on creature 449704f3-fc00-5164-bf69-4603e4765dc7: max=8985822899719194, total=17971645948802644. Clamping to ±9007199254740991.
🗜️ [Score] Weight/bias magnitude overflow on creature ce9ae52f-84b2-5afb-9306-a7154c3bb0bc: max=8985822899719194, total=17971645948802644. Clamping to ±9007199254740991.
🗜️ [Score] Weight/bias magnitude overflow on creature b1eac7fc-8bf8-5867-b844-c97f1f410dce: max=8985822899719194, total=17971645948802644. Clamping to ±9007199254740991.
🗜️ [Score] Weight/bias magnitude overflow on creature 0e92cbb2-0414-5f90-90fe-44513112e4d6: max=8985822899719194, total=17971645948802644. Clamping to ±9007199254740991.
🗜️ [Score] Weight/bias magnitude overflow on creature 59fc6e25-7fb4-5a00-828b-c5aa37622c92: max=8985822899719194, total=17971645948802644. Clamping to ±9007199254740991.
🗜️ [Score] Weight/bias magnitude overflow on creature d0b7fbb0-2a3f-5b2e-8891-ce4c24732e62: max=8985822899719194, total=17971645948802644. Clamping to ±9007199254740991.
🗜️ [Score] Weight/bias magnitude overflow on creature 6dffa9fe-1afc-5476-a3a9-d5b403e934c8: max=8985822899719194, total=17971645948802644. Clamping to ±9007199254740991.
🗜️ [Score] Weight/bias magnitude overflow on creature 26a0e7ad-79bd-5faa-8e18-81f304bff8a8: max=8985822899719194, total=17971645948802644. Clamping to ±9007199254740991.
🗜️ [Score] Weight/bias magnitude overflow on creature f4a9f757-673a-526c-9482-2be1402e17d1: max=8985822899719194, total=17971645948802644. Clamping to ±9007199254740991.
🗜️ [Score] Weight/bias magnitude overflow on creature d10b0d8e-e0c1-59e4-bc00-ba10d89f23aa: max=8985822899719194, total=17971645948802644. Clamping to ±9007199254740991.
🗜️ [Score] Weight/bias magnitude overflow on creature fd250da9-b27f-5e40-80a4-9f70a263ce68: max=8985822899719194, total=17971645948802644. Clamping to ±9007199254740991.
🗜️ [Score] Weight/bias magnitude overflow on creature 51bf01b3-9938-5646-a032-ceb752acab76: max=8985822899719194, total=17971645948802644. Clamping to ±9007199254740991.
🗜️ [Score] Weight/bias magnitude overflow on creature 9de599d2-e310-5489-b754-50e724bb3975: max=8985822899719194, total=17971645948802644. Clamping to ±9007199254740991.
🗜️ [Score] Weight/bias magnitude overflow on creature 86f9ffef-dff4-55d2-aef6-3a440707302f: max=8985822899719194, total=17971645948802644. Clamping to ±9007199254740991.
🗜️ [Score] Weight/bias magnitude overflow on creature 60adc0b5-87a1-57d5-8d55-1dccde066165: max=8985822899719194, total=17971645948802644. Clamping to ±9007199254740991.
🗜️ [Score] Weight/bias magnitude overflow on creature 4a50456b-369d-5438-9d9a-f1de1240d254: max=8985822899719194, total=17971645948802644. Clamping to ±9007199254740991.
🗜️ [Score] Weight/bias magnitude overflow on creature 80899aae-a21b-5f20-a174-f798fbded004: max=8985822899719194, total=17971645948802644. Clamping to ±9007199254740991.
🗜️ [Score] Weight/bias magnitude overflow on creature 67f93723-29ee-5920-815f-46140da85521: max=8985822899719194, total=17971645949053718. Clamping to ±9007199254740991.
🗜️ [Score] Weight/bias magnitude overflow on creature 158827fe-6619-5d88-951c-d68a9371896c: max=8985822899719194, total=17971645948977016. Clamping to ±9007199254740991.
🗜️ [Score] Weight/bias magnitude overflow on creature 6cc9c5d7-5d79-533b-bd3b-6e3b4e8e6147: max=8985822899719194, total=17971645948802130. Clamping to ±9007199254740991.
🗜️ [Score] Weight/bias magnitude overflow on creature d3e08980-d685-5a71-9972-3f54d6d94c45: max=8985822899719194, total=17971645948802652. Clamping to ±9007199254740991.
🗜️ [Score] Weight/bias magnitude overflow on creature b2b3d0fb-9d2a-51ee-b0cf-564a9f2d785e: max=8985822899719194, total=17971645949168828. Clamping to ±9007199254740991.
🗜️ [Score] Weight/bias magnitude overflow on creature d2c0f0a2-e8c6-5f67-93f4-a52e0f1fb9c6: max=8985822899719194, total=17971645949238814. Clamping to ±9007199254740991.
🗜️ [Score] Weight/bias magnitude overflow on creature 05d7c599-7cd2-5fff-adab-77f60e480277: max=8985822899719194, total=17971645949179918. Clamping to ±9007199254740991.
🗜️ [Score] Weight/bias magnitude overflow on creature 23ef3950-0aec-5ee8-8f9d-1636543dd5c4: max=8985822899719194, total=17971645949004218. Clamping to ±9007199254740991.
🗜️ [Score] Weight/bias magnitude overflow on creature 30d977e1-3403-5f66-afdc-7fc73179b525: max=8985822899719194, total=17971645948672628. Clamping to ±9007199254740991.
🗜️ [Score] Weight/bias magnitude overflow on creature 95def02f-d872-57da-b5c4-313d10d82cbf: max=8985822899719194, total=17971645948757066. Clamping to ±9007199254740991.
🗜️ [Score] Weight/bias magnitude overflow on creature 51648cad-d96a-56c6-8397-01131083fa10: max=8985822899719194, total=17971645949000118. Clamping to ±9007199254740991.
🗜️ [Score] Weight/bias magnitude overflow on creature 6b342be8-9d4d-5bc8-a263-3f08b310446e: max=8985822899719194, total=17971645949220114. Clamping to ±9007199254740991.
🗜️ [Score] Weight/bias magnitude overflow on creature 3848272a-bd78-5df5-b18e-c3a806fd6e9d: max=8985822899719194, total=17971645949041550. Clamping to ±9007199254740991.
🗜️ [Score] Weight/bias magnitude overflow on creature b845c56d-3488-5e10-b6f3-b5efb69c61e3: max=8985822899719194, total=17971645948864010. Clamping to ±9007199254740991.
🗜️ [Score] Weight/bias magnitude overflow on creature b646dd73-28f5-52ff-855d-d30afdac952c: max=8985822899719194, total=17971645948821302. Clamping to ±9007199254740991.
🗜️ [Score] Weight/bias magnitude overflow on creature 41da910e-bdb8-58f6-abad-fd9d828a810a: max=8985822899719194, total=17971645948824824. Clamping to ±9007199254740991.
Trained 82262e25 Score: 0.890814452582805, Error: 0.10893079482142302 -> 0.10893079482142302,  🫥
Trained bcdd5eee Score: 0.8908111258322042, Error: 0.10893412157202373 -> 0.10893412157202373,  🫥
Trained 420039c6 Score: 0.8908111024671771, Error: 0.10893414493705095 -> 0.10893414493705095,  🫥
Trained 13c3e55f Score: 0.890810741214336, Error: 0.10893450618989194 -> 0.10893450618989194,  🫥
Training 3112e4d6 scheduled
Training d89f23aa scheduled
Training 3ee659d2 scheduled
Training 1696a47e completed after 7s 50ms
Training 0da3771e completed after 6s 330ms
Training 4dd85622 completed after 3s 926ms
Training 7831b6e7 caused a higher error of 0.10959380250805047 from 0.10893321569477937
🗜️ [Score] Weight/bias magnitude overflow on creature unknown: max=8985822899719194, total=17971645948802644. Clamping to ±9007199254740991.
Training 7831b6e7 caused a higher error of 0.10959380250805047 from 0.10893321569477937 and no tuning
Training 99b87c42 caused a higher error of 0.10959144919097759 from 0.10893129568585284
🗜️ [Score] Weight/bias magnitude overflow on creature unknown: max=8985822899719194, total=17971645948802644. Clamping to ±9007199254740991.
Training 99b87c42 caused a higher error of 0.10959144919097759 from 0.10893129568585284 and no tuning
[PreWarm] 18 new templates, 2 cached, 20 unique topologies (477ms)
[Timing] fitness=3114ms breeding=7062ms breedingWorker=7062ms mainThreadOverlap=55ms resultProcessing=55ms preWarm=477ms pipelineOverlap=539ms sort=0ms writeScores=7ms mutation=0ms deduplication=1334ms speciation=7ms total=14847ms
[Utilisation] fitness=0%fast/50%heavy breeding=0%fast/100%heavy overall=23%
[MutationOps] MOD_BIAS proposed=0 noChange=0 applied=0 reverted=0 evaluated=1 accepted=0 rejected=1 evalMs=78 delta[n=1 min=-0.0216 med=-0.0216 max=-0.0216] depthRejected[in=0 mid=0 out=0 ?=1] attribution[sole=0 co=1] | MOD_WEIGHT proposed=0 noChange=0 applied=0 reverted=0 evaluated=1 accepted=0 rejected=1 evalMs=78 delta[n=1 min=-0.0216 med=-0.0216 max=-0.0216] depthRejected[in=0 mid=0 out=0 ?=1] attribution[sole=0 co=1] || resolved=1 multiOperator=1 discarded=0 evalMs=78 mcmc=0/0
[Throughput] wall=14847ms nonFitness=11733ms gensPerHour=242.5 fast=busy20111ms/idle39277ms/depth38/wait8997ms heavy=busy11635ms/idle18059ms/depth10/wait4654ms scorer=158.2ms/scored38/batchScored38/perCreatureScored0/batchInvocations1/creaturesPerSec12.2 corruptParentSkips=0
[NEAT-AI] Batch scorer partition: 37 forwardOnly batched, 0 recurrent batched, 0 per-creature
Training c6ec5b2b caused a higher error of 0.10959156746273446 from 0.10893138663140706
🗜️ [Score] Weight/bias magnitude overflow on creature unknown: max=8985822899719194, total=17971645948802644. Clamping to ±9007199254740991.
Training c6ec5b2b caused a higher error of 0.10959156746273446 from 0.10893138663140706 and no tuning
Training 3112e4d6 caused a higher error of 0.10958918289033798 from 0.10892983971042083
🗜️ [Score] Weight/bias magnitude overflow on creature unknown: max=8985822899719194, total=17971645948802644. Clamping to ±9007199254740991.
Training 3112e4d6 caused a higher error of 0.10958918289033798 from 0.10892983971042083 and no tuning
🗜️ [Score] Weight/bias magnitude overflow on creature d50663c2-aeb2-534f-a5e9-b8949f848c9c: max=8985822899719194, total=17971645948828032. Clamping to ±9007199254740991.
🗜️ [Score] Weight/bias magnitude overflow on creature 155ddb9a-d168-5575-ab79-21ce0da3771e: max=8985822899719194, total=17971645948802644. Clamping to ±9007199254740991.
🗜️ [Score] Weight/bias magnitude overflow on creature 40166a61-41d5-53fc-a89e-9a0e4dd85622: max=8985822899719194, total=17971645948802644. Clamping to ±9007199254740991.
🗜️ [Score] Weight/bias magnitude overflow on creature 315fc4b3-108e-5128-b4ad-6033fbebaf3d: max=8985822899719194, total=17971645948802644. Clamping to ±9007199254740991.
🗜️ [Score] Weight/bias magnitude overflow on creature 87bb6793-5208-5c4a-94a6-ff873715aa8f: max=8985822899719194, total=17971645948802644. Clamping to ±9007199254740991.
🗜️ [Score] Weight/bias magnitude overflow on creature 4e7b8fa7-ac82-5b14-b700-91613fa95877: max=8985822899719194, total=17971645948802644. Clamping to ±9007199254740991.
🗜️ [Score] Weight/bias magnitude overflow on creature 1582ed85-2295-5e0b-ae7c-4e7f45f2f9b5: max=8985822899719194, total=17971645948802644. Clamping to ±9007199254740991.
🗜️ [Score] Weight/bias magnitude overflow on creature 0cb4b9c6-ba8d-5b7d-a8b5-feafb417c9e5: max=8985822899719194, total=17971645948802644. Clamping to ±9007199254740991.
🗜️ [Score] Weight/bias magnitude overflow on creature 61d01c63-055e-5c71-b50e-5fbce923e26e: max=8985822899719194, total=17971645948802644. Clamping to ±9007199254740991.
🗜️ [Score] Weight/bias magnitude overflow on creature 72ff29f8-400e-5e31-a389-35efd7f6cffe: max=8985822899719194, total=17971645948802644. Clamping to ±9007199254740991.
🗜️ [Score] Weight/bias magnitude overflow on creature f610a8e1-eb89-5cf2-9e08-2f00d634bb1e: max=8985822899719194, total=17971645948802644. Clamping to ±9007199254740991.
🗜️ [Score] Weight/bias magnitude overflow on creature 54a439e8-2080-54e0-8e67-53af3282b454: max=8985822899719194, total=17971645948802644. Clamping to ±9007199254740991.
🗜️ [Score] Weight/bias magnitude overflow on creature a5f192c7-ae61-5990-903d-30a46e4d89e6: max=8985822899719194, total=17971645948802644. Clamping to ±9007199254740991.
🗜️ [Score] Weight/bias magnitude overflow on creature 52e0e430-abf4-5031-ab76-7244b087688f: max=8985822899719194, total=17971645948802644. Clamping to ±9007199254740991.
🗜️ [Score] Weight/bias magnitude overflow on creature dd217adf-5383-5a58-8b0e-d72bd91311a7: max=8985822899719194, total=17971645948802644. Clamping to ±9007199254740991.
🗜️ [Score] Weight/bias magnitude overflow on creature 63003ebc-e11d-5898-a3f8-ca66a0e796c9: max=8985822899719194, total=17971645948802644. Clamping to ±9007199254740991.
🗜️ [Score] Weight/bias magnitude overflow on creature 58d95bb0-5812-5c55-816f-2794c4606892: max=8985822899719194, total=17971645948802644. Clamping to ±9007199254740991.
🗜️ [Score] Weight/bias magnitude overflow on creature 56c87693-1e30-5251-afb2-87eb2c36dc6c: max=8985822899719194, total=17971645948802644. Clamping to ±9007199254740991.
🗜️ [Score] Weight/bias magnitude overflow on creature 5ff67a20-f41b-5f64-9ab8-6a619057b6b7: max=8985822899719194, total=17971645948802644. Clamping to ±9007199254740991.
🗜️ [Score] Weight/bias magnitude overflow on creature d5601a34-1b57-5b52-b8dd-0c2b7847cbba: max=8985822899719194, total=17971645948802084. Clamping to ±9007199254740991.
🗜️ [Score] Weight/bias magnitude overflow on creature f8f23301-7394-5375-b3c1-a35792f6b9c9: max=8985822899719194, total=17971645948802084. Clamping to ±9007199254740991.
🗜️ [Score] Weight/bias magnitude overflow on creature 59b7d0b6-98ff-5f2e-8af9-ac6962c9180e: max=8985822899719194, total=17971645948919668. Clamping to ±9007199254740991.
🗜️ [Score] Weight/bias magnitude overflow on creature 3c70bcbb-91fc-5a9d-af82-ee5ca669f21f: max=8985822899719194, total=17971645949001882. Clamping to ±9007199254740991.
🗜️ [Score] Weight/bias magnitude overflow on creature 196cb9b2-2ef5-5382-80c8-289c78030249: max=8985822899719194, total=17971645949132610. Clamping to ±9007199254740991.
🗜️ [Score] Weight/bias magnitude overflow on creature 54c85c5d-c883-5377-b411-e27b7fa2c3fc: max=8985822899719194, total=17971645948827430. Clamping to ±9007199254740991.
🗜️ [Score] Weight/bias magnitude overflow on creature 0e3dde5d-989a-55ac-853e-d39f68e5a1ea: max=8985822899719194, total=17971645948740862. Clamping to ±9007199254740991.
🗜️ [Score] Weight/bias magnitude overflow on creature afcbf66e-8630-5f1a-8dd2-96c7a37325e2: max=8985822899719194, total=17971645948803340. Clamping to ±9007199254740991.
🗜️ [Score] Weight/bias magnitude overflow on creature 574025a9-14db-5e1b-89c4-97e0b740991c: max=8985822899719194, total=17971645948805914. Clamping to ±9007199254740991.
🗜️ [Score] Weight/bias magnitude overflow on creature 13e80ec1-654a-5e89-a696-015e2e740e8f: max=8985822899719194, total=17971645948694596. Clamping to ±9007199254740991.
🗜️ [Score] Weight/bias magnitude overflow on creature d4c8314b-047e-54cf-8d38-cc0586805494: max=8985822899719194, total=17971645948986736. Clamping to ±9007199254740991.
🗜️ [Score] Weight/bias magnitude overflow on creature 6148a6a0-796d-5cca-9822-7442119f07bb: max=8985822899719194, total=17971645948723238. Clamping to ±9007199254740991.
🗜️ [Score] Weight/bias magnitude overflow on creature 2196d5d1-947e-54f3-bbc2-ff90c98c51b6: max=8985822899719194, total=17971645948913994. Clamping to ±9007199254740991.
🗜️ [Score] Weight/bias magnitude overflow on creature e325c480-63d1-532c-9616-40d1ca2d13ca: max=8985822899719194, total=17971645948849922. Clamping to ±9007199254740991.
🗜️ [Score] Weight/bias magnitude overflow on creature 5b131913-dfde-5b2d-ab3c-394b724d55c4: max=8985822899719194, total=17971645948857470. Clamping to ±9007199254740991.
🗜️ [Score] Weight/bias magnitude overflow on creature 0310cdcf-4340-5ba8-ad27-5ac6a1195a87: max=8985822899719194, total=17971645948948946. Clamping to ±9007199254740991.
🗜️ [Score] Weight/bias magnitude overflow on creature 8a38ceed-091b-5edd-b03f-18f762e12e39: max=8985822899719194, total=17971645948903338. Clamping to ±9007199254740991.
🗜️ [Score] Weight/bias magnitude overflow on creature a7415910-f415-5f1a-8bf7-f30a8aee5809: max=8985822899719194, total=17971645949129754. Clamping to ±9007199254740991.
Trained 0da3771e Score: 0.8908120417264815, Error: 0.1089332056777464 -> 0.1089332056777464,  🫥
Trained 4dd85622 Score: 0.8908110777061103, Error: 0.10893416969811766 -> 0.10893416969811766,  🫥
Training 2c36dc6c scheduled
Training fbded004 scheduled
Training 9057b6b7 scheduled
Training a263ce68 scheduled
Training 3112e4d6 completed after 7s 334ms
Training c6ec5b2b completed after 7s 346ms
Training 99b87c42 completed after 3s 825ms
Training 7831b6e7 completed after 4s 815ms
Training f370f0c5 caused a higher error of 0.10959162678126266 from 0.10893143357389033
🗜️ [Score] Weight/bias magnitude overflow on creature unknown: max=8985822899719194, total=17971645948802644. Clamping to ±9007199254740991.
Training f370f0c5 caused a higher error of 0.10959162678126266 from 0.10893143357389033 and no tuning
Training 116a2c63 caused a higher error of 0.10958926008096026 from 0.10892983744587537
🗜️ [Score] Weight/bias magnitude overflow on creature unknown: max=8985822899719194, total=17971645948802644. Clamping to ±9007199254740991.
Training 116a2c63 caused a higher error of 0.10958926008096026 from 0.10892983744587537 and no tuning
[PreWarm] 19 new templates, 2 cached, 21 unique topologies (431ms)
[Timing] fitness=3531ms breeding=6590ms breedingWorker=6590ms mainThreadOverlap=114ms resultProcessing=114ms preWarm=431ms pipelineOverlap=552ms sort=0ms writeScores=7ms mutation=0ms deduplication=1116ms speciation=7ms total=14435ms
[Utilisation] fitness=0%fast/50%heavy breeding=0%fast/100%heavy overall=23%
[Throughput] wall=14435ms nonFitness=10904ms gensPerHour=249.4 fast=busy19897ms/idle37843ms/depth37/wait8873ms heavy=busy12151ms/idle16719ms/depth9/wait4725ms scorer=142.4ms/scored37/batchScored37/perCreatureScored0/batchInvocations1/creaturesPerSec10.5 corruptParentSkips=0
[NEAT-AI] Batch scorer partition: 38 forwardOnly batched, 0 recurrent batched, 0 per-creature
Training 2c36dc6c caused a higher error of 0.10958927253145055 from 0.10892984036892361
🗜️ [Score] Weight/bias magnitude overflow on creature unknown: max=8985822899719194, total=17971645948802644. Clamping to ±9007199254740991.
Training 2c36dc6c caused a higher error of 0.10958927253145055 from 0.10892984036892361 and no tuning
Training 04472040 caused a higher error of 0.10958928329329459 from 0.10892984208783141
🗜️ [Score] Weight/bias magnitude overflow on creature unknown: max=8985822899719194, total=17971645948802644. Clamping to ±9007199254740991.
Training 04472040 caused a higher error of 0.10958928329329459 from 0.10892984208783141 and no tuning
🗜️ [Score] Weight/bias magnitude overflow on creature 683cd1b3-ee0d-5e5a-95c1-f6e3cbb5ec20: max=8985822899719194, total=17971645948898022. Clamping to ±9007199254740991.
🗜️ [Score] Weight/bias magnitude overflow on creature 870575b1-e0ac-5f48-bd9c-e68dc6ec5b2b: max=8985822899719194, total=17971645948802644. Clamping to ±9007199254740991.
🗜️ [Score] Weight/bias magnitude overflow on creature 2006e3f8-7e7a-5e75-ab55-244099b87c42: max=8985822899719194, total=17971645948802644. Clamping to ±9007199254740991.
🗜️ [Score] Weight/bias magnitude overflow on creature 956962ad-53ea-549b-81a1-e4d27831b6e7: max=8985822899719194, total=17971645948802644. Clamping to ±9007199254740991.
🗜️ [Score] Weight/bias magnitude overflow on creature 417daf32-0104-53ed-ac5e-5490597f1130: max=8985822899719194, total=17971645948802644. Clamping to ±9007199254740991.
🗜️ [Score] Weight/bias magnitude overflow on creature 0af9d8df-44e6-5769-a450-4e6df8f83ba8: max=8985822899719194, total=17971645948802644. Clamping to ±9007199254740991.
🗜️ [Score] Weight/bias magnitude overflow on creature a03e946c-2262-5203-8f64-2798b8d50531: max=8985822899719194, total=17971645948802644. Clamping to ±9007199254740991.
🗜️ [Score] Weight/bias magnitude overflow on creature c7280cb4-55af-53f1-aaae-faba3fc5d35e: max=8985822899719194, total=17971645948802644. Clamping to ±9007199254740991.
🗜️ [Score] Weight/bias magnitude overflow on creature 17fa30d6-b3ff-525d-a81e-957bb8c730e7: max=8985822899719194, total=17971645948802644. Clamping to ±9007199254740991.
🗜️ [Score] Weight/bias magnitude overflow on creature e4027074-29a2-50b6-96e3-49778aeb868c: max=8985822899719194, total=17971645948802644. Clamping to ±9007199254740991.
🗜️ [Score] Weight/bias magnitude overflow on creature 956812c3-acb0-550a-9e6e-98374ab786ae: max=8985822899719194, total=17971645948802644. Clamping to ±9007199254740991.
🗜️ [Score] Weight/bias magnitude overflow on creature 70dbb959-b2df-5db0-bc67-d59a6008998d: max=8985822899719194, total=17971645948802644. Clamping to ±9007199254740991.
🗜️ [Score] Weight/bias magnitude overflow on creature fbf068ff-3dae-5cd4-a28a-996e8c94aeb7: max=8985822899719194, total=17971645948802644. Clamping to ±9007199254740991.
🗜️ [Score] Weight/bias magnitude overflow on creature 35773fda-b684-58c2-b70d-693238691e0c: max=8985822899719194, total=17971645948802644. Clamping to ±9007199254740991.
🗜️ [Score] Weight/bias magnitude overflow on creature 130c11e9-74fb-555e-8962-084b5cd4b75c: max=8985822899719194, total=17971645948802644. Clamping to ±9007199254740991.
🗜️ [Score] Weight/bias magnitude overflow on creature 0c6d01f9-b558-5fde-994f-0d5a9ae36a0d: max=8985822899719194, total=17971645948802644. Clamping to ±9007199254740991.
🗜️ [Score] Weight/bias magnitude overflow on creature a28e2261-b556-58e2-9447-7342a7e77dd2: max=8985822899719194, total=17971645948802644. Clamping to ±9007199254740991.
🗜️ [Score] Weight/bias magnitude overflow on creature 8e67693b-6c35-5618-bff8-13cb3c267499: max=8985822899719194, total=17971645948802644. Clamping to ±9007199254740991.
🗜️ [Score] Weight/bias magnitude overflow on creature 3d0433ed-46b0-5afd-b3da-7debaedc3a98: max=8985822899719194, total=17971645948802644. Clamping to ±9007199254740991.
🗜️ [Score] Weight/bias magnitude overflow on creature f9612a3a-321a-5b3e-824f-15422d44f846: max=8985822899719194, total=17971645948802644. Clamping to ±9007199254740991.
🗜️ [Score] Weight/bias magnitude overflow on creature f29925bc-c8fa-5716-b4ce-9c02fa1aa6c2: max=8985822899719194, total=17971645948736570. Clamping to ±9007199254740991.
🗜️ [Score] Weight/bias magnitude overflow on creature 1a710451-7b6d-5d4d-a013-9cba9474e3d3: max=8985822899719194, total=17971645948939234. Clamping to ±9007199254740991.
🗜️ [Score] Weight/bias magnitude overflow on creature 45f75585-6585-5c88-a520-255408df5442: max=8985822899719194, total=17971645948960604. Clamping to ±9007199254740991.
🗜️ [Score] Weight/bias magnitude overflow on creature 40caa650-3f16-5381-9aab-59e842f6261a: max=8985822899719194, total=17971645949001882. Clamping to ±9007199254740991.
🗜️ [Score] Weight/bias magnitude overflow on creature 7ad4f43c-3d69-56c3-99aa-c622bc6404cf: max=8985822899719194, total=17971645949136022. Clamping to ±9007199254740991.
🗜️ [Score] Weight/bias magnitude overflow on creature 69cbb9f3-5d5e-5b8b-b2bd-938f56e413b6: max=8985822899719194, total=17971645948949734. Clamping to ±9007199254740991.
🗜️ [Score] Weight/bias magnitude overflow on creature ae42122e-85c0-55ae-81a7-199af18ddea9: max=8985822899719194, total=17971645948769366. Clamping to ±9007199254740991.
🗜️ [Score] Weight/bias magnitude overflow on creature 0a22813b-e39f-5327-bab4-65d2ea46a5f1: max=8985822899719194, total=17971645948828800. Clamping to ±9007199254740991.
🗜️ [Score] Weight/bias magnitude overflow on creature c3a78258-742f-5e49-9e19-acdc61b02dd2: max=8985822899719194, total=17971645948659584. Clamping to ±9007199254740991.
🗜️ [Score] Weight/bias magnitude overflow on creature 70109640-caf4-55a4-86e2-e9232c2aa4a1: max=8985822899719194, total=17971645949020762. Clamping to ±9007199254740991.
🗜️ [Score] Weight/bias magnitude overflow on creature 8997257b-a648-5467-a05c-ce495ccb9600: max=8985822899719194, total=17971645948860596. Clamping to ±9007199254740991.
🗜️ [Score] Weight/bias magnitude overflow on creature 6c436b87-0ab3-52aa-a8fa-296bd77e99ab: max=8985822899719194, total=17971645948815948. Clamping to ±9007199254740991.
🗜️ [Score] Weight/bias magnitude overflow on creature f4c3c735-6869-5835-81bb-f15a9813dfe5: max=8985822899719194, total=17971645948860696. Clamping to ±9007199254740991.
🗜️ [Score] Weight/bias magnitude overflow on creature e68c977a-0c8d-5fb4-87ee-d1c34adaf032: max=8985822899719194, total=17971645948840198. Clamping to ±9007199254740991.
🗜️ [Score] Weight/bias magnitude overflow on creature e2385f09-4262-56f6-929d-66d2bb4f765b: max=8985822899719194, total=17971645948938280. Clamping to ±9007199254740991.
🗜️ [Score] Weight/bias magnitude overflow on creature 2c97293c-a3cb-56aa-8602-152e92317962: max=8985822899719194, total=17971645948913756. Clamping to ±9007199254740991.
🗜️ [Score] Weight/bias magnitude overflow on creature ea2abbbd-4eb9-5855-8ed6-0a76f525524a: max=8985822899719194, total=17971645948845288. Clamping to ±9007199254740991.
🗜️ [Score] Weight/bias magnitude overflow on creature a2f8acc3-3e83-5a9a-9ceb-3b96bfcf2f4e: max=8985822899719194, total=17971645948902758. Clamping to ±9007199254740991.
Trained 99b87c42 Score: 0.8908139517183752, Error: 0.10893129568585284 -> 0.10893129568585284,  🫥
Trained c6ec5b2b Score: 0.890813860772821, Error: 0.10893138663140706 -> 0.10893138663140706,  🫥
Trained 7831b6e7 Score: 0.8908120317094487, Error: 0.10893321569477937 -> 0.10893321569477937,  🫥
Training 2d44f846 scheduled
Training 04472040 completed after 6s 418ms
Training 2c36dc6c completed after 6s 797ms
Training 116a2c63 completed after 4s 113ms
Training f370f0c5 completed after 4s 110ms
Training 313e09f6 caused a higher error of 0.1095891192499852 from 0.10892989229884234
🗜️ [Score] Weight/bias magnitude overflow on creature unknown: max=8985822899719194, total=17971645948802644. Clamping to ±9007199254740991.
Training 313e09f6 caused a higher error of 0.1095891192499852 from 0.10892989229884234 and no tuning
Training d89f23aa caused a higher error of 0.1095891695073855 from 0.10892984322046029
🗜️ [Score] Weight/bias magnitude overflow on creature unknown: max=8985822899719194, total=17971645948802644. Clamping to ±9007199254740991.
Training d89f23aa caused a higher error of 0.1095891695073855 from 0.10892984322046029 and no tuning
[PreWarm] 19 new templates, 3 cached, 22 unique topologies (393ms)
[Timing] fitness=3871ms breeding=7228ms breedingWorker=7228ms mainThreadOverlap=91ms resultProcessing=91ms preWarm=393ms pipelineOverlap=495ms sort=0ms writeScores=11ms mutation=176ms deduplication=2123ms speciation=11ms total=16369ms
[Utilisation] fitness=0%fast/50%heavy breeding=0%fast/100%heavy overall=24%
[MutationOps] MOD_BIAS proposed=2 noChange=0 applied=2 reverted=0 evaluated=0 accepted=0 rejected=0 evalMs=0 depth[in=0 mid=0 out=0 ?=2] | MOD_WEIGHT proposed=2 noChange=0 applied=2 reverted=0 evaluated=0 accepted=0 rejected=0 evalMs=0 depth[in=0 mid=0 out=0 ?=2] || resolved=0 multiOperator=0 discarded=0 evalMs=0 mcmc=0/0
[Throughput] wall=16369ms nonFitness=12498ms gensPerHour=219.9 fast=busy21727ms/idle43749ms/depth38/wait9720ms heavy=busy11313ms/idle21425ms/depth9/wait4400ms scorer=342.7ms/scored38/batchScored38/perCreatureScored0/batchInvocations1/creaturesPerSec9.8 corruptParentSkips=0
[NEAT-AI] Batch scorer partition: 39 forwardOnly batched, 0 recurrent batched, 0 per-creature
Training 2d44f846 caused a higher error of 0.10958920258181896 from 0.10892983677073917
🗜️ [Score] Weight/bias magnitude overflow on creature unknown: max=8985822899719194, total=17971645948802644. Clamping to ±9007199254740991.
Training 2d44f846 caused a higher error of 0.10958920258181896 from 0.10892983677073917 and no tuning
Training 3ee659d2 caused a higher error of 0.10958916570575164 from 0.10892984404086752
🗜️ [Score] Weight/bias magnitude overflow on creature unknown: max=8985822899719194, total=17971645948802644. Clamping to ±9007199254740991.
Training 3ee659d2 caused a higher error of 0.10958916570575164 from 0.10892984404086752 and no tuning
Training fbded004 caused a higher error of 0.10958920242035086 from 0.10892983677073917
🗜️ [Score] Weight/bias magnitude overflow on creature unknown: max=8985822899719194, total=17971645948802644. Clamping to ±9007199254740991.
Training fbded004 caused a higher error of 0.10958920242035086 from 0.10892983677073917 and no tuning
🗜️ [Score] Weight/bias magnitude overflow on creature 8c521042-0213-5143-bcbf-6d021fb59c07: max=8985822899719194, total=17971645948843092. Clamping to ±9007199254740991.
🗜️ [Score] Weight/bias magnitude overflow on creature 6df8f4a7-325a-5e50-9a1b-d30714cf4e41: max=8985822899719194, total=17971645948939376. Clamping to ±9007199254740991.
🗜️ [Score] Weight/bias magnitude overflow on creature 1026e7f1-5e9a-5c06-9369-91ce7f36a26e: max=8985822899719194, total=17971645948967052. Clamping to ±9007199254740991.
🗜️ [Score] Weight/bias magnitude overflow on creature 4cbbc7d7-920c-505b-a1a6-e57ef370f0c5: max=8985822899719194, total=17971645948802644. Clamping to ±9007199254740991.
🗜️ [Score] Weight/bias magnitude overflow on creature 296bfa0a-1a7b-5fcb-ad27-9b6b99a895b4: max=8985822899719194, total=17971645948802644. Clamping to ±9007199254740991.
🗜️ [Score] Weight/bias magnitude overflow on creature 3bbd276f-ab55-5d14-a291-e502037cd051: max=8985822899719194, total=17971645948802644. Clamping to ±9007199254740991.
🗜️ [Score] Weight/bias magnitude overflow on creature b2155d8f-6956-54f5-99e5-97ea5370ef40: max=8985822899719194, total=17971645948802644. Clamping to ±9007199254740991.
🗜️ [Score] Weight/bias magnitude overflow on creature 8f604007-ef4b-5a26-8d4d-ac01d57e4576: max=8985822899719194, total=17971645948802644. Clamping to ±9007199254740991.
🗜️ [Score] Weight/bias magnitude overflow on creature 2c85b369-2fd8-5cfd-9230-4777e9b52f13: max=8985822899719194, total=17971645948802644. Clamping to ±9007199254740991.
🗜️ [Score] Weight/bias magnitude overflow on creature f3de66c5-a751-59f3-91eb-56a6ab1d3f27: max=8985822899719194, total=17971645948802644. Clamping to ±9007199254740991.
🗜️ [Score] Weight/bias magnitude overflow on creature 409f5560-d004-5ae3-bfec-693abb9783b0: max=8985822899719194, total=17971645948802644. Clamping to ±9007199254740991.
🗜️ [Score] Weight/bias magnitude overflow on creature 67aa62f0-3120-5928-9083-c952fd7b81b7: max=8985822899719194, total=17971645948802644. Clamping to ±9007199254740991.
🗜️ [Score] Weight/bias magnitude overflow on creature 559b8e40-4288-58cd-a9f2-9a3eacf2dcd9: max=8985822899719194, total=17971645948802644. Clamping to ±9007199254740991.
🗜️ [Score] Weight/bias magnitude overflow on creature ae5239b5-6f4d-568a-b483-e3f37caf72b0: max=8985822899719194, total=17971645948802644. Clamping to ±9007199254740991.
🗜️ [Score] Weight/bias magnitude overflow on creature bb6255fe-afc8-5698-9724-f211ebb36e5d: max=8985822899719194, total=17971645948802644. Clamping to ±9007199254740991.
🗜️ [Score] Weight/bias magnitude overflow on creature 5f99ef89-f117-5645-badf-af2cc69fa116: max=8985822899719194, total=17971645948802644. Clamping to ±9007199254740991.
🗜️ [Score] Weight/bias magnitude overflow on creature a0325afc-8e48-5a80-92c2-9127b8aee89b: max=8985822899719194, total=17971645948802644. Clamping to ±9007199254740991.
🗜️ [Score] Weight/bias magnitude overflow on creature 0d357aa5-eb8b-5bf7-aae5-809ca2d7b6d8: max=8985822899719194, total=17971645948802644. Clamping to ±9007199254740991.
🗜️ [Score] Weight/bias magnitude overflow on creature 7f07e551-3e10-520a-a11d-00eb855412c2: max=8985822899719194, total=17971645948802644. Clamping to ±9007199254740991.
🗜️ [Score] Weight/bias magnitude overflow on creature a37311a0-73f3-5fcd-9df3-d95c8dfb7137: max=8985822899719194, total=17971645948802644. Clamping to ±9007199254740991.
🗜️ [Score] Weight/bias magnitude overflow on creature c0ce1086-a6bf-5186-9638-72713d4e3a81: max=8985822899719194, total=17971645948886656. Clamping to ±9007199254740991.
🗜️ [Score] Weight/bias magnitude overflow on creature 91ee1b4a-801b-56d8-b117-629229f8c212: max=8985822899719194, total=17971645948663126. Clamping to ±9007199254740991.
🗜️ [Score] Weight/bias magnitude overflow on creature a038e0d5-fb15-59f3-bd2f-c9cfdb8c1169: max=8985822899719194, total=17971645948803776. Clamping to ±9007199254740991.
🗜️ [Score] Weight/bias magnitude overflow on creature 68c1e6f5-6271-54f1-a374-88bf87e2d4ac: max=8985822899719194, total=17971645949156464. Clamping to ±9007199254740991.
🗜️ [Score] Weight/bias magnitude overflow on creature 4308ed71-161a-5e5f-a2cf-79f8d3bb883e: max=8985822899719194, total=17971645948891678. Clamping to ±9007199254740991.
🗜️ [Score] Weight/bias magnitude overflow on creature f111f4a1-2d53-5f1b-826f-427cb758feac: max=8985822899719194, total=17971645949201978. Clamping to ±9007199254740991.
🗜️ [Score] Weight/bias magnitude overflow on creature 7eda7b0c-9927-5a8a-b134-a45f5704ae88: max=8985822899719194, total=17971645948890040. Clamping to ±9007199254740991.
🗜️ [Score] Weight/bias magnitude overflow on creature a70a4686-1cf5-5193-bef8-a6141bb229de: max=8985822899719194, total=17971645948764622. Clamping to ±9007199254740991.
🗜️ [Score] Weight/bias magnitude overflow on creature c76ea30f-b8d9-5d24-91eb-99f50083a797: max=8985822899719194, total=17971645948780392. Clamping to ±9007199254740991.
🗜️ [Score] Weight/bias magnitude overflow on creature 03b9b6cd-690e-565e-b2a4-853ce42a5e47: max=8985822899719194, total=17971645948982950. Clamping to ±9007199254740991.
🗜️ [Score] Weight/bias magnitude overflow on creature 61ac7da5-3c05-5106-8bd5-362f702d47ab: max=8985822899719194, total=17971645948912820. Clamping to ±9007199254740991.
🗜️ [Score] Weight/bias magnitude overflow on creature d0b51c2f-a285-5245-b4d5-8b98bb260312: max=8985822899719194, total=17971645948860700. Clamping to ±9007199254740991.
🗜️ [Score] Weight/bias magnitude overflow on creature 391541c2-91e5-5b25-92c6-61815eecd832: max=8985822899719194, total=17971645948860696. Clamping to ±9007199254740991.
🗜️ [Score] Weight/bias magnitude overflow on creature ce659724-eb5b-58a3-9795-6b547af52014: max=8985822899719194, total=17971645948801026. Clamping to ±9007199254740991.
🗜️ [Score] Weight/bias magnitude overflow on creature c0c0bb82-aea5-5f63-aee8-b79339da0b6b: max=8985822899719194, total=17971645948815964. Clamping to ±9007199254740991.
🗜️ [Score] Weight/bias magnitude overflow on creature ce5365c1-a5b7-51bf-b63e-e9396e22f58a: max=8985822899719194, total=17971645948897014. Clamping to ±9007199254740991.
🗜️ [Score] Weight/bias magnitude overflow on creature 53dcfca0-5592-5c99-9547-2d0580d0cd6b: max=8985822899719194, total=17971645948905002. Clamping to ±9007199254740991.
🗜️ [Score] Weight/bias magnitude overflow on creature 4137d6c7-79d2-5a0e-bf05-8befcb725ebc: max=8985822899719194, total=17971645948869962. Clamping to ±9007199254740991.
🗜️ [Score] Weight/bias magnitude overflow on creature fe9f0c90-0459-5080-b4ca-e13c5f0b0af6: max=8985822899719194, total=17971645948872158. Clamping to ±9007199254740991.
Trained f370f0c5 Score: 0.8908138138303376, Error: 0.10893143357389033 -> 0.10893143357389033,  🫥
Fine tuning increased fitness by 3.6959224569699245e-10 to 0.890815411003081 adjusted 1 weight 
[DynamicPool] 1 idle heavy worker(s) assisting breeding
Training fbded004 completed after 4s 248ms
Training 3ee659d2 completed after 5s 895ms
Training 2d44f846 completed after 6s 667ms
Training d89f23aa completed after 4s 504ms
Training 313e09f6 completed after 4s 280ms
Training 9057b6b7 caused a higher error of 0.10958920258181896 from 0.10892983677073917
🗜️ [Score] Weight/bias magnitude overflow on creature unknown: max=8985822899719194, total=17971645948802644. Clamping to ±9007199254740991.
Training 9057b6b7 caused a higher error of 0.10958920258181896 from 0.10892983677073917 and no tuning
Discovery 16dd5d4f-9242-5ea3-baa9-7f7d24e5b9dc with 1 binary files, sample rate: 100%, batch size: 128
[DiskSpace] Discovery directory usage at discovery start: 0.00 MB across 1 file (.discovery/16dd5d4f-9242-5ea3-baa9-7f7d24e5b9dc).
Discovery 16dd5d4f-9242-5ea3-baa9-7f7d24e5b9dc initialize time 
Training a263ce68 caused a higher error of 0.10958915816024786 from 0.10892984947709669
🗜️ [Score] Weight/bias magnitude overflow on creature unknown: max=8985822899719194, total=17971645948802644. Clamping to ±9007199254740991.
Training a263ce68 caused a higher error of 0.10958915816024786 from 0.10892984947709669 and no tuning
⏲  Discovery 16dd5d4f-9242-5ea3-baa9-7f7d24e5b9dc timeout reached during file processing. Recorded 1 / ~1 records (~100.0% coverage, 1/1 files).
Discovery 16dd5d4f-9242-5ea3-baa9-7f7d24e5b9dc scanning time 200ms
[DiskSpace] Discovery directory usage at after recording: 0.16 MB across 4 files (.discovery/16dd5d4f-9242-5ea3-baa9-7f7d24e5b9dc).
Discovery 16dd5d4f-9242-5ea3-baa9-7f7d24e5b9dc recorded time 286ms
[Discovery 16dd5d4f-9242-5ea3-baa9-7f7d24e5b9dc] Released record-phase retainers before analysis heap check: 1 index entries, 0 accumulated samples.
Discovery 16dd5d4f-9242-5ea3-baa9-7f7d24e5b9dc analysis timeout extended by 0.5m
[Discovery 16dd5d4f-9242-5ea3-baa9-7f7d24e5b9dc] Found 413 removal candidates (impact below costOfGrowth)
[Discovery 16dd5d4f-9242-5ea3-baa9-7f7d24e5b9dc] Weighted error x impact selection prioritised: 1299899327 (weight 0.0000), 270329158 (weight 0.0000), 1519423547 (weight 0.0000), …
[Discovery 16dd5d4f-9242-5ea3-baa9-7f7d24e5b9dc] Wrote focus selection analysis to .discovery/16dd5d4f-9242-5ea3-baa9-7f7d24e5b9dc/focus-selection.json (55 candidates, 6 selected, 0 low-impact)
Discovery 16dd5d4f-9242-5ea3-baa9-7f7d24e5b9dc selected 6 focus neurons in 129ms
Discovery 16dd5d4f-9242-5ea3-baa9-7f7d24e5b9dc focus weight concentration ratio 0.0213
[Discovery 16dd5d4f-9242-5ea3-baa9-7f7d24e5b9dc] Rust synapse analysis unavailable (Rust synapse/neuron analysis unavailable (GPU adapter not available)) for focus neuron(s): 1299899327, 270329158
[Discovery 16dd5d4f-9242-5ea3-baa9-7f7d24e5b9dc] Focus selection summary unavailable for synapse analysis (focus=1299899327, 270329158)
[Discovery 16dd5d4f-9242-5ea3-baa9-7f7d24e5b9dc] Rust neuron analysis unavailable (Rust synapse/neuron analysis unavailable (GPU adapter not available)) for focus neuron(s): 1299899327, 270329158
[Discovery 16dd5d4f-9242-5ea3-baa9-7f7d24e5b9dc] Focus selection summary unavailable for neuron analysis (focus=1299899327, 270329158)
Discovery 16dd5d4f-9242-5ea3-baa9-7f7d24e5b9dc rust combined analysis chunk 1/3 (2 neurons) in 38ms
[Discovery 16dd5d4f-9242-5ea3-baa9-7f7d24e5b9dc] Rust synapse analysis unavailable (Rust synapse/neuron analysis unavailable (GPU adapter not available)) for focus neuron(s): 1299899327, 270329158
[Discovery 16dd5d4f-9242-5ea3-baa9-7f7d24e5b9dc] Focus selection summary unavailable for synapse analysis (focus=1299899327, 270329158)
[Discovery 16dd5d4f-9242-5ea3-baa9-7f7d24e5b9dc] Rust neuron analysis unavailable (Rust synapse/neuron analysis unavailable (GPU adapter not available)) for focus neuron(s): 1299899327, 270329158
[Discovery 16dd5d4f-9242-5ea3-baa9-7f7d24e5b9dc] Focus selection summary unavailable for neuron analysis (focus=1299899327, 270329158)
[Discovery 16dd5d4f-9242-5ea3-baa9-7f7d24e5b9dc] Rust neuron analysis unavailable (Rust synapse/neuron analysis unavailable (GPU adapter not available)) for focus neuron(s): 1299899327, 270329158
[Discovery 16dd5d4f-9242-5ea3-baa9-7f7d24e5b9dc] Focus selection summary unavailable for neuron analysis (focus=1299899327, 270329158)
[Discovery 16dd5d4f-9242-5ea3-baa9-7f7d24e5b9dc] Rust neuron analysis unavailable (analysis did not return a result) for focus neuron(s): 1299899327, 270329158
[Discovery 16dd5d4f-9242-5ea3-baa9-7f7d24e5b9dc] Focus selection summary unavailable for neuron analysis (focus=1299899327, 270329158)
[Discovery 16dd5d4f-9242-5ea3-baa9-7f7d24e5b9dc] Rust synapse analysis unavailable (Rust synapse/neuron analysis unavailable (GPU adapter not available)) for focus neuron(s): 1299899327, 270329158
[Discovery 16dd5d4f-9242-5ea3-baa9-7f7d24e5b9dc] Focus selection summary unavailable for synapse analysis (focus=1299899327, 270329158)
[Discovery 16dd5d4f-9242-5ea3-baa9-7f7d24e5b9dc] Rust synapse analysis unavailable (analysis did not return a result) for focus neuron(s): 1299899327, 270329158
[Discovery 16dd5d4f-9242-5ea3-baa9-7f7d24e5b9dc] Focus selection summary unavailable for synapse analysis (focus=1299899327, 270329158)
Discovery 16dd5d4f-9242-5ea3-baa9-7f7d24e5b9dc analyze harmful time 37ms found 0 candidates
[Discovery 16dd5d4f-9242-5ea3-baa9-7f7d24e5b9dc] Rust synapse analysis unavailable (Rust synapse/neuron analysis unavailable (GPU adapter not available)) for focus neuron(s): 1299899327, 270329158
[Discovery 16dd5d4f-9242-5ea3-baa9-7f7d24e5b9dc] Focus selection summary unavailable for synapse analysis (focus=1299899327, 270329158)
[Discovery 16dd5d4f-9242-5ea3-baa9-7f7d24e5b9dc] Rust synapse analysis unavailable (analysis did not return a result) for focus neuron(s): 1299899327, 270329158
[Discovery 16dd5d4f-9242-5ea3-baa9-7f7d24e5b9dc] Focus selection summary unavailable for synapse analysis (focus=1299899327, 270329158)
Discovery 16dd5d4f-9242-5ea3-baa9-7f7d24e5b9dc analyze neurons time 116ms found 0 neuron candidates
Discovery 16dd5d4f-9242-5ea3-baa9-7f7d24e5b9dc analyze synapses time 75ms found 0 candidates
[PreWarm] 14 new templates, 5 cached, 19 unique topologies (338ms)
[Timing] fitness=4277ms breeding=5401ms breedingWorker=5401ms mainThreadOverlap=137ms resultProcessing=137ms preWarm=338ms pipelineOverlap=482ms sort=0ms writeScores=7ms mutation=480ms deduplication=1036ms speciation=7ms total=14950ms
[Utilisation] fitness=0%fast/50%heavy breeding=0%fast/50%heavy overall=13%
[MutationOps] MOD_BIAS proposed=8 noChange=0 applied=8 reverted=0 evaluated=1 accepted=0 rejected=1 evalMs=106 delta[n=1 min=0.0263 med=0.0263 max=0.0263] depth[in=0 mid=0 out=0 ?=8] depthRejected[in=0 mid=0 out=0 ?=1] attribution[sole=0 co=1] | MOD_WEIGHT proposed=4 noChange=0 applied=4 reverted=0 evaluated=1 accepted=0 rejected=1 evalMs=106 delta[n=1 min=0.0263 med=0.0263 max=0.0263] depth[in=0 mid=0 out=0 ?=4] depthRejected[in=0 mid=0 out=0 ?=1] attribution[sole=0 co=1] || resolved=1 multiOperator=1 discarded=0 evalMs=106 mcmc=0/0
[Throughput] wall=14950ms nonFitness=10673ms gensPerHour=240.8 fast=busy15969ms/idle43831ms/depth39/wait7166ms heavy=busy16261ms/idle13639ms/depth6/wait5420ms scorer=149.1ms/scored39/batchScored39/perCreatureScored0/batchInvocations1/creaturesPerSec9.1 corruptParentSkips=0
[DynamicPool] 1 idle heavy worker(s) assisting fitness evaluation
[NEAT-AI] Batch scorer partition: 38 forwardOnly batched, 0 recurrent batched, 0 per-creature
🗜️ [Score] Weight/bias magnitude overflow on creature 80899aae-a21b-5f20-a174-f798fbded004: max=8985822899719194, total=17971645948802644. Clamping to ±9007199254740991.
🗜️ [Score] Weight/bias magnitude overflow on creature 6f032996-789a-58c5-8700-83702a031ab3: max=8985822899719194, total=17971645948802646. Clamping to ±9007199254740991.
🗜️ [Score] Weight/bias magnitude overflow on creature f9612a3a-321a-5b3e-824f-15422d44f846: max=8985822899719194, total=17971645948802644. Clamping to ±9007199254740991.
🗜️ [Score] Weight/bias magnitude overflow on creature d22c519f-d1a9-5855-bfa5-e2bab9b5ea00: max=8985822899719194, total=17971645948665332. Clamping to ±9007199254740991.
🗜️ [Score] Weight/bias magnitude overflow on creature a513de6c-378f-5c61-b549-d054313e09f6: max=8985822899719194, total=17971645948802644. Clamping to ±9007199254740991.
🗜️ [Score] Weight/bias magnitude overflow on creature 0bd643aa-133b-598b-be84-4a64d9617b0c: max=8985822899719194, total=17971645948802644. Clamping to ±9007199254740991.
🗜️ [Score] Weight/bias magnitude overflow on creature 52f427ff-7d04-5f0f-bfa8-b2827177b92b: max=8985822899719194, total=17971645948802644. Clamping to ±9007199254740991.
🗜️ [Score] Weight/bias magnitude overflow on creature 536d9d23-4377-5052-a135-76d4336a1c9d: max=8985822899719194, total=17971645948802644. Clamping to ±9007199254740991.
🗜️ [Score] Weight/bias magnitude overflow on creature 497364e7-7a57-54ee-9344-31c39a4b6073: max=8985822899719194, total=17971645948802644. Clamping to ±9007199254740991.
🗜️ [Score] Weight/bias magnitude overflow on creature 1fbfb3fc-23c7-5ffe-a5fc-0b1b83df4eb3: max=8985822899719194, total=17971645948802644. Clamping to ±9007199254740991.
🗜️ [Score] Weight/bias magnitude overflow on creature 1f60a026-f9ad-5b93-8bcd-86d4ac462269: max=8985822899719194, total=17971645948802644. Clamping to ±9007199254740991.
🗜️ [Score] Weight/bias magnitude overflow on creature e08a53e8-e49e-51ad-a982-041351a4fa57: max=8985822899719194, total=17971645948802644. Clamping to ±9007199254740991.
🗜️ [Score] Weight/bias magnitude overflow on creature cd8c2c89-81b4-5d6e-898f-6d0db762a022: max=8985822899719194, total=17971645948802644. Clamping to ±9007199254740991.
🗜️ [Score] Weight/bias magnitude overflow on creature 3fa36e19-0976-5e10-8d8e-27fc36e8300f: max=8985822899719194, total=17971645948802644. Clamping to ±9007199254740991.
🗜️ [Score] Weight/bias magnitude overflow on creature 22171530-11da-5025-a772-9ceae23cfa12: max=8985822899719194, total=17971645948802644. Clamping to ±9007199254740991.
🗜️ [Score] Weight/bias magnitude overflow on creature c2947f4d-3406-5475-a4b2-7612632d6b9c: max=8985822899719194, total=17971645948802644. Clamping to ±9007199254740991.
🗜️ [Score] Weight/bias magnitude overflow on creature 29772baf-345e-50b3-84dd-743c035843da: max=8985822899719194, total=17971645948802644. Clamping to ±9007199254740991.
🗜️ [Score] Weight/bias magnitude overflow on creature a0f7d75c-f6ed-55d2-a07f-b49f5d915af7: max=8985822899719194, total=17971645948802644. Clamping to ±9007199254740991.
🗜️ [Score] Weight/bias magnitude overflow on creature c5713b6b-fd5f-5179-9a5f-56061a10d7df: max=8985822899719194, total=17971645948802644. Clamping to ±9007199254740991.
🗜️ [Score] Weight/bias magnitude overflow on creature 5bcd2d63-f2b2-5d90-af40-8816510e3ecf: max=8985822899719194, total=17971645948802644. Clamping to ±9007199254740991.
🗜️ [Score] Weight/bias magnitude overflow on creature 3e3871d4-6f16-5cdb-aa95-2853d469770f: max=8985822899719194, total=17971645948802644. Clamping to ±9007199254740991.
🗜️ [Score] Weight/bias magnitude overflow on creature 9e9ce828-db19-5895-82bc-18ea47416acc: max=8985822899719194, total=17971645948802644. Clamping to ±9007199254740991.
🗜️ [Score] Weight/bias magnitude overflow on creature 57d8b38a-0fb2-5e5a-b6cd-95ea6d2c409a: max=8985822899719194, total=17971645948802644. Clamping to ±9007199254740991.
🗜️ [Score] Weight/bias magnitude overflow on creature 8195d14f-724c-5d49-9888-d9323137b67b: max=8985822899719194, total=17971645948871922. Clamping to ±9007199254740991.
🗜️ [Score] Weight/bias magnitude overflow on creature 1531a8aa-d49e-5a17-959d-9242615eefa3: max=8985822899719194, total=17971645948801026. Clamping to ±9007199254740991.
🗜️ [Score] Weight/bias magnitude overflow on creature 5a8044a3-08f1-5331-86bf-712391973545: max=8985822899719194, total=17971645948663124. Clamping to ±9007199254740991.
🗜️ [Score] Weight/bias magnitude overflow on creature 4fc9f0f6-e4f7-513f-9be9-b932d1c3583b: max=8985822899719194, total=17971645948962254. Clamping to ±9007199254740991.
🗜️ [Score] Weight/bias magnitude overflow on creature d2768a9d-c0a9-5db5-87ae-af88d8d378c2: max=8985822899719194, total=17971645949113900. Clamping to ±9007199254740991.
🗜️ [Score] Weight/bias magnitude overflow on creature c5c03413-463f-503f-a3cf-036ac6f7651c: max=8985822899719194, total=17971645948799896. Clamping to ±9007199254740991.
🗜️ [Score] Weight/bias magnitude overflow on creature 4c4f357f-c6ec-5c45-bbf9-e97e15968854: max=8985822899719194, total=17971645948823422. Clamping to ±9007199254740991.
🗜️ [Score] Weight/bias magnitude overflow on creature ed57dec0-6288-5227-99c5-ab977724539e: max=8985822899719194, total=17971645948748240. Clamping to ±9007199254740991.
🗜️ [Score] Weight/bias magnitude overflow on creature f90e51b8-38a9-5de6-bcf9-643c0e90da99: max=8985822899719194, total=17971645948955040. Clamping to ±9007199254740991.
🗜️ [Score] Weight/bias magnitude overflow on creature b1c4270c-0f8b-5c36-89cd-2f7ee9a53bda: max=8985822899719194, total=17971645948870730. Clamping to ±9007199254740991.
🗜️ [Score] Weight/bias magnitude overflow on creature 1b3b6d37-4818-539e-957e-aa25395657c2: max=8985822899719194, total=17971645948914610. Clamping to ±9007199254740991.
🗜️ [Score] Weight/bias magnitude overflow on creature ef062ebe-861b-5b1e-9c3a-134ab8c0f4dc: max=8985822899719194, total=17971645948859082. Clamping to ±9007199254740991.
🗜️ [Score] Weight/bias magnitude overflow on creature 8bc662d5-7d9d-56ef-9375-12537527fe47: max=8985822899719194, total=17971645948781028. Clamping to ±9007199254740991.
🗜️ [Score] Weight/bias magnitude overflow on creature 7339ad47-d57c-5521-950b-f569634ce07c: max=8985822899719194, total=17971645948762980. Clamping to ±9007199254740991.
🗜️ [Score] Weight/bias magnitude overflow on creature 7574d395-f9ca-5bf9-8fdc-5e695c13e2e0: max=8985822899719194, total=17971645948874502. Clamping to ±9007199254740991.
Trained fbded004 Score: 0.8908154006648863, Error: 0.10892983677073917 -> 0.10892983677073917,  🫥
Trained 2d44f846 Score: 0.8908154006648863, Error: 0.10892983677073917 -> 0.10892983677073917,  🫥
Trained 313e09f6 Score: 0.8908153551053857, Error: 0.10892989229884234 -> 0.10892989229884234,  🫥
Fine tuning increased fitness by 8.186551436750733e-10 to 0.8908154118217362 adjusted 1 weight 
[DynamicPool] 1 idle heavy worker(s) assisting breeding
Training a263ce68 completed after 5s 722ms
Training 9057b6b7 completed after 4s 61ms
[PreWarm] 17 new templates, 3 cached, 20 unique topologies (343ms)
[Timing] fitness=2827ms breeding=4912ms breedingWorker=4912ms mainThreadOverlap=57ms resultProcessing=57ms preWarm=343ms pipelineOverlap=406ms sort=0ms writeScores=6ms mutation=142ms deduplication=657ms speciation=6ms total=11909ms
[Utilisation] fitness=0%fast/50%heavy breeding=0%fast/50%heavy overall=12%
[MutationOps] MOD_BIAS proposed=3 noChange=0 applied=3 reverted=0 evaluated=3 accepted=0 rejected=3 evalMs=212 delta[n=3 min=-0.1749 med=-0.0953 max=-0.0094] depth[in=0 mid=0 out=0 ?=3] depthRejected[in=0 mid=0 out=0 ?=3] attribution[sole=0 co=3] | MOD_WEIGHT proposed=1 noChange=0 applied=1 reverted=0 evaluated=3 accepted=0 rejected=3 evalMs=212 delta[n=3 min=-0.1749 med=-0.0953 max=-0.0094] depth[in=0 mid=0 out=0 ?=1] depthRejected[in=0 mid=0 out=0 ?=3] attribution[sole=0 co=3] || resolved=3 multiOperator=3 discarded=0 evalMs=212 mcmc=0/0
[Throughput] wall=11909ms nonFitness=9082ms gensPerHour=302.3 fast=busy13744ms/idle33892ms/depth38/wait6149ms heavy=busy3236ms/idle20582ms/depth1/wait0ms scorer=147.2ms/scored38/batchScored38/perCreatureScored0/batchInvocations1/creaturesPerSec13.4 corruptParentSkips=0
Generation 15 score 0.8908154118217362 (avg: 0.8672) error 0.10892983558249182 avg time 7s 256ms
Set training/discovery clean up count to 2
Avg time per generation: 12672ms, max wait: 23 generations in 5 minutes
Discovery timeout set to 1 generations (based on limiting factor)
[Neat] Wall-clock deadline passed; granting a bounded grace cycle for 1 in-flight discovery task(s) to return cooperatively before force-abandon
[Neat] Awaiting 1 in-flight task(s) (1 discovery, 0 training) with 30000ms timeout
[Neat] Training over-run: elapsed exceeded expected duration × 1 — stopping new generations and finishing with the evolved population
Waiting for training/discovery clean up 2
Waiting for training/discovery clean up 1
[Neat] Discovery timeout reached after wall-clock deadline expired. Clearing stuck discoveries: 24e5b9dc
[worker-11] terminated with 1 task(s) still in flight (2) — their results are lost (GRQ #4489)
[evolveDir] teardown complete: 6 worker(s) terminated, 0 detached; replay queue drained
2026-09-28T13:14:36.735Z [INFO] [EvolveApp] [pid-3496107] Evolution result {"error":0.10892983558249182,"score":0.8908154118217362,"generation":15,"time":220110,"phaseTimingTotals":{"generations":15,"totalMs":220110,"fitnessMs":41313,"breedingMs":87965,"mutationMs":1525,"deduplicationMs":14707,"speciationMs":112,"sortMs":0,"writeScoresMs":112,"checkpointWriteMs":0,"otherMs":74376},"scorerUtilisation":{"generations":15,"batchScorerInvocations":15,"creaturesBatchScored":543,"creaturesPerCreatureScored":0},"trainingOutcomes":{"improvements":6,"regressions":41,"noChange":3,"skipped":0,"regressionRate":0.82},"populationSize":50,"requestedOptions":{"timeoutMinutes":3,"log":10,"elitism":9,"mutationAmount":4,"mutationRate":0.05,"selection":{"name":"FITNESS_PROPORTIONATE"},"mutation":[{"name":"ADD_NODE"},{"name":"SUB_NODE"},{"name":"ADD_CONN"},{"name":"SUB_CONN"},{"name":"MOD_WEIGHT"},{"name":"MOD_BIAS"},{"name":"MOD_SQUASH"},{"name":"SWAP_NODES"}],"sparseRatio":1,"populationSize":50,"trainingSampleRate":1,"verbose":true,"discoverySampleRate":1,"creatures":50},"hardware":{"cpuCores":4,"totalMemoryBytes":null,"host":null},"scoreImprovement":{"initialScore":0.8908105876896696,"finalScore":0.8908154118217362,"totalImprovement":0.000004824132066594267,"milestones":[{"fraction":0.25,"generation":8,"timeMs":90306,"scoredCount":280,"score":0.8908124104917442},{"fraction":0.5,"generation":9,"timeMs":103764,"scoredCount":316,"score":0.890814452582805},{"fraction":0.75,"generation":9,"timeMs":103764,"scoredCount":316,"score":0.890814452582805},{"fraction":0.9,"generation":10,"timeMs":117517,"scoredCount":353,"score":0.8908154106334888}]},"terminationReason":"overrun","startScore":0.8908105876896696}
2026-09-28T13:14:36.830Z [INFO] [saveValidatedCreatureExport] [pid-3496107] [forward-only] saved file=../GRQ-location/v1/ARGENTINA.json
2026-09-28T13:14:36.852Z [INFO] [EvolveApp] [pid-3496107] [EvolveApp:location] pre-iteration flush: symbol=ARGENTINA, heap 249->24/104 MB, rss 1297->1279 MB, external 28->28 MB, arrayBuffers 0->0 MB, cleared 36 caches, disposed 50 creatures, gc=yes, wasm=skip
2026-09-28T13:14:36.858Z [INFO] [EvolveApp] [pid-3496107] Cleaned up .tmp/train
[easy] location.sh stopped at its 2559s share of the sequence budget (timeout); keeping the 3 script(s) that ran (#4242)
[easy] sequence complete; ran=3 of 4
[stage-failure-health] failures=0 firstStage=none firstExitCode=0 firstHitLine=0
GIT-OP: [reset] git fetch ok in 4s (attempt 1/3, timeout=600s)
From github.com:stSoftwareAU/GRQ
   4586af759..362fd01a5  Develop    -> origin/Develop
HEAD is now at 362fd01a5 learn-heap-fit still records a ledger-ceiling skip as a degraded streak (structural host fact treated as transient, cf. 4871) (Issue #5082) (#5084)
GIT-OP: [model_fetch GRQ-health] git fetch ok in 3s (attempt 1/6, timeout=none)
From github.com:stSoftwareAU/GRQ-health
   2eca14d94f..a25ec12da4  Develop    -> origin/Develop
HEAD is now at a25ec12da4 Update health status for Mac-Ultra-M2 at Mon Sep 28 23:21:18 AEST 2026
branch 'Develop' set up to track 'origin/Develop'.
Your branch is up to date with 'origin/Develop'.
✅ GRQ-health synced with remote (validation skipped)
🩺 [health_sync] entry repo=/data/GRQ-health branch=Develop local_ahead=0 behind=0
🩺 [health_sync] decision path=noop
🩺 [health_sync] result status=ok
Updating health information...
Already up to date.
Updated health information for GRQ-16
