[log truncated during the Issue #211 history prune: showing the last 64 KB; the full log is on the host]
Discovery 5a028738 NEURON CANDIDATE input-405 -> output-2 expected=+1.6461% improved=1949/2040 comment="Gentle Nudge variant (tight outgoing, bias tamed)"
Discovery 5a028738 NEURON CANDIDATE input-1342 -> output-2 expected=+1.4786% improved=1940/2040 comment="Conservative variant (clamped incoming/bias, outgoing scaled)"
Discovery 5a028738 NEURON CANDIDATE input-1079 -> output-2 expected=+1.2637% improved=1955/2040 comment="Conservative variant (clamped incoming/bias, outgoing scaled)"
Discovery 5a028738 NEURON CANDIDATE input-1132 -> output-4 expected=+0.8615% improved=998/2040 comment="Micro-Nudge variant (ultra-conservative outgoing, tight incoming/bias)"
Discovery 5a028738 NEURON CANDIDATE input-91 -> output-2 expected=+0.7728% improved=1935/2040 comment="Micro-Nudge variant (ultra-conservative outgoing, tight incoming/bias)"
Discovery 5a028738 NEURON CANDIDATE input-1342 -> output-2 expected=+0.7393% improved=1940/2040 comment="Micro-Nudge variant (ultra-conservative outgoing, tight incoming/bias)"
Discovery 5a028738 NEURON CANDIDATE input-1152 -> output-2 expected=+0.7094% improved=1965/2040 comment="Micro-Nudge variant (ultra-conservative outgoing, tight incoming/bias)"
Discovery 5a028738 NEURON CANDIDATE input-1079 -> output-2 expected=+0.6319% improved=1955/2040 comment="Micro-Nudge variant (ultra-conservative outgoing, tight incoming/bias)"
Discovery 5a028738 NEURON CANDIDATE input-1151 -> output-2 expected=+0.5651% improved=1955/2040 comment="Micro-Nudge variant (ultra-conservative outgoing, tight incoming/bias)"
[Discovery 5a028738] Skipping squash analysis for neuron output-1: error magnitude (1.92e+10) exceeds reasonable threshold (1.00e+10). This neuron should be removed rather than having its activation function changed.
Discovery 5a028738 analyze squashes time 472ms found 4 candidates, Summary: output-2 LeakyReLU -> ReLU expected: 0.1% error: 0.0005 -> 0.0003,58fa9698-d615-44b9-a9fd-054f16d1d344 Swish -> Softplus expected: 0.0% error: 12.6443 -> 12.4033,16aeb0a6-e2c4-40fc-9379-f6bc65f7ef71 SELU -> SQUARE expected: 0.0% error: 3.5581 -> 0.1481,11abf1e4-bcc4-4d5a-8413-c59f07da5a9a SELU -> ReLU expected: 0.0% error: 0.0257 -> 0.0013
Discovery 5a028738 accumulated candidate updates; continuing search while time remains.
Discovery 5a028738 analysis timeout reached after evaluating 6 neuron(s)
Discovery 5a028738 found 2 low-impact removal candidates
Discovery 5a028738 analysis complete, total time 10m 21s 678ms, starting cleanup...
Discovery 5a028738 performing cleanup...
Discovery 5a028738 cleanup scheduled (async, non-blocking - results will be returned immediately).
[DiskSpace] Discovery directory usage at before cleanup: 24.12 MB across 4 files (.discovery/4cf9030d-312d-51f3-a72b-c5675a028738).

============================================================
Discovery Performance Summary 5a028738
============================================================

📊 Record Phase:
  Records processed: 2,040
  Files processed: 1
  File processing: 140ms
  Total record phase: 0d 0h 0m 1s 207ms 0µs 0ns
  Records/sec: 1,690

🔍 Analysis Phase:
  Neurons analyzed: 6
  Retry attempts: 0
  Focus selection: 676ms
  Rust combined analysis: 10m 19s 321ms
  Squash analysis: 472ms
  Total analysis phase: 0d 0h 10m 20s 471ms 0µs 0ns
  Neurons/sec: 0

🎯 Candidates Found:
  Helpful synapses: 1
  Helpful neurons: 30
  Coordinated structural: 13
  Harmful synapses: 0
  Harmful neurons: 0
  Squash changes: 4
  Removal candidates: 2

⏱️  Overall:
  Total time: 0d 0h 10m 21s 679ms 0µs 0ns
============================================================

[Worker] Discovery complete for creature (taskID: 8), preparing response...
[Worker] Returning discovery response (taskID: 8)...
Discovery 5a028738 cleanup complete.
[Neat] Discovery replay: no improvement found (evaluated: 0)
[MemoryMonitor] Warning-level response: reduced activation cache cap from 50 to 25, evicted 12 entries
[MemoryMonitor] Heap: 155 MB / 213 MB (72.7%) [WARNING]
Generation 2 score 0.9977715276626059  error 0.0022189714556217514 avg time 1m 2s 275ms
Waiting for additional generation
[MemoryMonitor] Warning-level response: reduced activation cache cap from 25 to 12, evicted 6 entries
[MemoryMonitor] Heap: 233 MB / 283 MB (82.3%) [WARNING]
Generation 3 score 0.9977715276626059  error 0.0022189714556217514 avg time 47ms
2026-03-17T12:30:30.922Z [INFO] [EvolveApp] [pid-91350] Evolution result {"error":0.0022189714556217514,"score":0.9977715276626059,"generation":3,"time":624071}
2026-03-17T12:30:30.930Z [INFO] [EvolveApp] [pid-91350] 
=== Processing CADGBP (4/10) ===
2026-03-17T12:30:30.933Z [INFO] [EvolveApp] [pid-91350] loaded ../GRQ-portfolio/best/fx/v1/CADGBP.json
2026-03-17T12:30:31.230Z [INFO] [EvolveApp] [pid-91350] 6 mutations, mutation rate 5.0%, elitism 2, mutation ALL, selection TOURNAMENT
2026-03-17T12:30:31.230Z [INFO] [EvolveApp] [pid-91350] Creature count: 50
DeDuplication of 1 creatures to 50 in  (previous experiment )
[WorkerHandler] Posting discovery request to worker (taskID: 6)
Training fb1aca8d with 1 binary file, target error: 1e-7, iterations: 1, sample rate: 100%, sparse: 100%
[Worker] Starting discovery for creature (taskID: 6)...
Discovery fb1aca8d with 1 binary files, sample rate: 100%, batch size: 128
[DiskSpace] Discovery directory usage at discovery start: 0.00 MB across 1 file (.discovery/2048a1d1-8aef-56b4-970a-2475fb1aca8d).
Discovery fb1aca8d initialize time 
Discovery fb1aca8d drained promises after 10 batches
Discovery fb1aca8d scanning time 97ms
[MemoryMonitor] Warning-level response: reduced activation cache cap from 100 to 50, evicted 25 entries
[MemoryMonitor] Heap: 129 MB / 182 MB (71.2%) [WARNING]
[DiskSpace] Discovery directory usage at after recording: 37.63 MB across 4 files (.discovery/2048a1d1-8aef-56b4-970a-2475fb1aca8d).
Discovery fb1aca8d recorded time 985ms
Discovery fb1aca8d analysis timeout extended by 10m
[Discovery fb1aca8d] Wrote focus selection analysis to .discovery/2048a1d1-8aef-56b4-970a-2475fb1aca8d/focus-selection.json (5 candidates, 5 selected, 0 low-impact)
Discovery fb1aca8d selected 5 focus neurons in 460ms
[Discovery fb1aca8d] Rust synapse analysis evaluated 5 focus neuron(s) but found no improvements. Focus neurons: output-1, output-3, output-2, output-4, output-0
[Discovery fb1aca8d] Focus selection [all] (all viable neurons selected) for synapse analysis: output-1 (weight 2.3392), output-3 (weight 1.3975), output-2 (weight 0.2368), output-4 (weight 0.0006), output-0 (weight 0.0002) totalWeight=3.9744
[Discovery fb1aca8d] Rust synapse diagnostic for output-2: No diagnostics recorded (evaluated=1624, withSamples=1624, targetRecords=1631)
[Discovery fb1aca8d] Rust synapse diagnostic for output-1: No diagnostics recorded (evaluated=1627, withSamples=1627, targetRecords=1631)
[Discovery fb1aca8d] Rust synapse diagnostic for output-4: No diagnostics recorded (evaluated=1285, withSamples=1285, targetRecords=1631)
[Discovery fb1aca8d] Rust synapse diagnostic for output-3: No diagnostics recorded (evaluated=1572, withSamples=1572, targetRecords=1631)
[Discovery fb1aca8d] Rust synapse diagnostic for output-0: No diagnostics recorded (evaluated=1612, withSamples=1612, targetRecords=1631)
[Discovery fb1aca8d] Rust synapse analysis evaluated 7720 candidate(s) but none produced usable improvement statistics.
[Discovery fb1aca8d] Rust neuron analysis evaluated 5 focus neuron(s) but found no improvements. Focus neurons: output-1, output-3, output-2, output-4, output-0
[Discovery fb1aca8d] Focus selection [all] (all viable neurons selected) for neuron analysis: output-1 (weight 2.3392), output-3 (weight 1.3975), output-2 (weight 0.2368), output-4 (weight 0.0006), output-0 (weight 0.0002) totalWeight=3.9744
[Discovery fb1aca8d] Rust neuron analysis did not return diagnostic detail for the evaluated neurons.
Discovery fb1aca8d candidate collection 1ms helpful synapses: 0 (fallback 0), helpful neurons: 0 (fallback 0), coordinated-structural: 24, harmful synapse removals: 0, synapse meta: found=513 returned=49, neuron meta: found=17050 returned=0
[Discovery fb1aca8d] Skipping squash analysis for neuron output-1: error magnitude (2.12e+10) exceeds reasonable threshold (1.00e+10). This neuron should be removed rather than having its activation function changed.
[Discovery fb1aca8d] Skipping squash analysis for neuron output-3: error magnitude (1.28e+10) exceeds reasonable threshold (1.00e+10). This neuron should be removed rather than having its activation function changed.
Discovery fb1aca8d analyze squashes time 915ms found 0 candidates
Discovery fb1aca8d accumulated candidate updates; continuing search while time remains.
Discovery fb1aca8d analysis timeout reached after evaluating 5 neuron(s)
Discovery fb1aca8d analysis complete, total time 10m 3s 173ms, starting cleanup...
Discovery fb1aca8d performing cleanup...
Discovery fb1aca8d cleanup scheduled (async, non-blocking - results will be returned immediately).
[DiskSpace] Discovery directory usage at before cleanup: 18.82 MB across 4 files (.discovery/2048a1d1-8aef-56b4-970a-2475fb1aca8d).

============================================================
Discovery Performance Summary fb1aca8d
============================================================

📊 Record Phase:
  Records processed: 1,631
  Files processed: 1
  File processing: 96ms
  Promise wait: 1ms
  Total record phase: 0d 0h 0m 0s 985ms 0µs 0ns
  Records/sec: 1,656

🔍 Analysis Phase:
  Neurons analyzed: 5
  Retry attempts: 0
  Focus selection: 460ms
  Rust combined analysis: 10m 810ms
  Squash analysis: 915ms
  Total analysis phase: 0d 0h 10m 2s 188ms 0µs 0ns
  Neurons/sec: 0

🎯 Candidates Found:
  Helpful synapses: 0
  Helpful neurons: 0
  Coordinated structural: 24
  Harmful synapses: 0
  Harmful neurons: 0
  Squash changes: 0
  Removal candidates: 0

⏱️  Overall:
  Total time: 0d 0h 10m 3s 174ms 0µs 0ns
============================================================

[Worker] Discovery complete for creature (taskID: 6), preparing response...
[Worker] Returning discovery response (taskID: 6)...
Discovery fb1aca8d cleanup complete.
[Neat] Discovery replay: no improvement found (evaluated: 0)
[MemoryMonitor] Warning-level response: reduced activation cache cap from 50 to 25, evicted 12 entries
[MemoryMonitor] Heap: 123 MB / 169 MB (73.1%) [WARNING]
Generation 2 score 0.9981494970986592  error 0.0018413024285945875 avg time 1m 377ms
2026-03-17T12:40:36.082Z [INFO] [EvolveApp] [pid-91350] Evolution result {"error":0.0018413024285945875,"score":0.9981494970986592,"generation":2,"time":604851}
2026-03-17T12:40:36.084Z [INFO] [EvolveApp] [pid-91350] 
=== Processing GBPUSD (5/10) ===
2026-03-17T12:40:36.088Z [INFO] [EvolveApp] [pid-91350] loaded ../GRQ-portfolio/best/fx/v1/GBPUSD.json
2026-03-17T12:40:36.554Z [INFO] [EvolveApp] [pid-91350] 3 mutations, mutation rate 5.0%, elitism 3, mutation ALL, selection TOURNAMENT
2026-03-17T12:40:36.554Z [INFO] [EvolveApp] [pid-91350] Creature count: 50
DeDuplication of 1 creatures to 50 in  (previous experiment )
[WorkerHandler] Posting discovery request to worker (taskID: 8)
Training 79897f87 with 1 binary file, target error: 1e-7, iterations: 1, sample rate: 100%, sparse: 100%
[Worker] Starting discovery for creature (taskID: 8)...
Discovery 79897f87 with 1 binary files, sample rate: 100%, batch size: 128
[DiskSpace] Discovery directory usage at discovery start: 0.00 MB across 1 file (.discovery/c092632f-4b3b-5626-8865-05be79897f87).
Discovery 79897f87 initialize time 1ms
Discovery 79897f87 drained promises after 10 batches
Discovery 79897f87 scanning time 230ms
[DiskSpace] Discovery directory usage at after recording: 47.41 MB across 4 files (.discovery/c092632f-4b3b-5626-8865-05be79897f87).
Discovery 79897f87 recorded time 1s 953ms
Discovery 79897f87 analysis timeout extended by 10m
[Discovery 79897f87] Wrote focus selection analysis to .discovery/c092632f-4b3b-5626-8865-05be79897f87/focus-selection.json (5 candidates, 5 selected, 0 low-impact)
Discovery 79897f87 selected 5 focus neurons in 1s 41ms
Discovery 79897f87 candidate collection  helpful synapses: 1 (fallback 0), helpful neurons: 18 (fallback 0), coordinated-structural: 10, harmful synapse removals: 0, synapse meta: found=538 returned=44, neuron meta: found=13891 returned=18
Discovery 79897f87 SYNAPSE CANDIDATE input-1449 -> output-2 expected=+0.0001% improved=1711/2040 comment="Original (paired with Conservative + Gentle Nudge + Micro-Nudge variants)"
Discovery 79897f87 NEURON CANDIDATE input-1089 -> output-3 expected=+2.2838% improved=968/2040 comment="Gentle Nudge variant (tight outgoing, bias tamed)"
Discovery 79897f87 NEURON CANDIDATE input-1236 -> output-3 expected=+2.0142% improved=967/2040 comment="Extreme candidate (paired with Conservative + Gentle Nudge + Micro-Nudge variants)"
Discovery 79897f87 NEURON CANDIDATE input-981 -> output-4 expected=+1.6852% improved=1031/2040 comment="Gentle Nudge variant (tight outgoing, bias tamed)"
Discovery 79897f87 NEURON CANDIDATE input-1245 -> output-4 expected=+1.6785% improved=1067/2040 comment="Gentle Nudge variant (tight outgoing, bias tamed)"
Discovery 79897f87 NEURON CANDIDATE input-1245 -> output-4 expected=+1.4626% improved=1067/2040 comment="Extreme candidate (paired with Conservative + Gentle Nudge variants)"
Discovery 79897f87 NEURON CANDIDATE input-978 -> output-4 expected=+1.4368% improved=1031/2040 comment="Extreme candidate (paired with Conservative + Gentle Nudge variants)"
Discovery 79897f87 NEURON CANDIDATE input-1048 -> output-4 expected=+1.4273% improved=984/2040 comment="Extreme candidate (paired with Conservative + Gentle Nudge + Micro-Nudge variants)"
Discovery 79897f87 NEURON CANDIDATE input-1236 -> output-3 expected=+1.4018% improved=956/2040 comment="Conservative variant (clamped incoming/bias, outgoing scaled)"
Discovery 79897f87 NEURON CANDIDATE input-1012 -> output-2 expected=+1.1632% improved=1832/2040 comment="Gentle Nudge variant (tight outgoing, bias tamed)"
Discovery 79897f87 NEURON CANDIDATE input-1048 -> output-4 expected=+1.1494% improved=984/2040 comment="Conservative variant (clamped incoming/bias, outgoing scaled)"
Discovery 79897f87 NEURON CANDIDATE input-978 -> output-4 expected=+1.1235% improved=1031/2040 comment="Conservative variant (clamped incoming/bias, outgoing scaled)"
Discovery 79897f87 NEURON CANDIDATE input-981 -> output-4 expected=+1.1235% improved=1031/2040 comment="Conservative variant (clamped incoming/bias, outgoing scaled)"
Discovery 79897f87 NEURON CANDIDATE input-1245 -> output-4 expected=+1.1190% improved=1067/2040 comment="Conservative variant (clamped incoming/bias, outgoing scaled)"
Discovery 79897f87 NEURON CANDIDATE input-978 -> output-4 expected=+1.0871% improved=1058/2040 comment="Conservative variant (clamped incoming/bias, outgoing scaled)"
Discovery 79897f87 NEURON CANDIDATE input-1012 -> output-2 expected=+0.7755% improved=1832/2040 comment="Conservative variant (clamped incoming/bias, outgoing scaled)"
Discovery 79897f87 NEURON CANDIDATE input-1048 -> output-4 expected=+0.5747% improved=984/2040 comment="Micro-Nudge variant (ultra-conservative outgoing, tight incoming/bias)"
Discovery 79897f87 NEURON CANDIDATE input-978 -> output-4 expected=+0.5435% improved=1058/2040 comment="Micro-Nudge variant (ultra-conservative outgoing, tight incoming/bias)"
Discovery 79897f87 NEURON CANDIDATE input-1012 -> output-2 expected=+0.3877% improved=1832/2040 comment="Micro-Nudge variant (ultra-conservative outgoing, tight incoming/bias)"
[Discovery 79897f87] Skipping squash analysis for neuron output-1: error magnitude (6.12e+10) exceeds reasonable threshold (1.00e+10). This neuron should be removed rather than having its activation function changed.
Discovery 79897f87 analyze squashes time 716ms found 0 candidates
Discovery 79897f87 accumulated candidate updates; continuing search while time remains.
Discovery 79897f87 analysis timeout reached after evaluating 5 neuron(s)
Discovery 79897f87 analysis complete, total time 10m 4s 292ms, starting cleanup...
Discovery 79897f87 performing cleanup...
Discovery 79897f87 cleanup scheduled (async, non-blocking - results will be returned immediately).
[DiskSpace] Discovery directory usage at before cleanup: 23.71 MB across 4 files (.discovery/c092632f-4b3b-5626-8865-05be79897f87).

============================================================
Discovery Performance Summary 79897f87
============================================================

📊 Record Phase:
  Records processed: 2,040
  Files processed: 1
  Initialization: 1ms
  File processing: 225ms
  Promise wait: 1ms
  Total record phase: 0d 0h 0m 1s 953ms 0µs 0ns
  Records/sec: 1,045

🔍 Analysis Phase:
  Neurons analyzed: 5
  Retry attempts: 0
  Focus selection: 1s 41ms
  Rust combined analysis: 10m 580ms
  Squash analysis: 716ms
  Total analysis phase: 0d 0h 10m 2s 339ms 0µs 0ns
  Neurons/sec: 0

🎯 Candidates Found:
  Helpful synapses: 1
  Helpful neurons: 18
  Coordinated structural: 10
  Harmful synapses: 0
  Harmful neurons: 0
  Squash changes: 0
  Removal candidates: 0

⏱️  Overall:
  Total time: 0d 0h 10m 4s 293ms 0µs 0ns
============================================================

[Worker] Discovery complete for creature (taskID: 8), preparing response...
[Worker] Returning discovery response (taskID: 8)...
Discovery 79897f87 cleanup complete.
[Neat] Discovery replay: no improvement found (evaluated: 0)
[MemoryMonitor] Warning-level response: reduced activation cache cap from 100 to 50, evicted 25 entries
[MemoryMonitor] Heap: 128 MB / 167 MB (76.3%) [WARNING]
Generation 2 score 0.9961124492020047  error 0.0038788603018369977 avg time 1m 645ms
Waiting for additional generation
[MemoryMonitor] Warning-level response: reduced activation cache cap from 50 to 25, evicted 12 entries
[MemoryMonitor] Heap: 147 MB / 208 MB (70.5%) [WARNING]
Generation 3 score 0.9961124492020047  error 0.0038788603018369977 avg time 73ms
2026-03-17T12:50:45.350Z [INFO] [EvolveApp] [pid-91350] Evolution result {"error":0.0038788603018369977,"score":0.9961124492020047,"generation":3,"time":608795}
2026-03-17T12:50:45.352Z [INFO] [EvolveApp] [pid-91350] 
=== Processing USDCOP (6/10) ===
2026-03-17T12:50:45.353Z [INFO] [EvolveApp] [pid-91350] loaded ../GRQ-portfolio/best/fx/v1/USDCOP.json
2026-03-17T12:50:45.944Z [INFO] [EvolveApp] [pid-91350] 1 mutation, mutation rate 28.9%, elitism 6, mutation ALL, selection POWER
2026-03-17T12:50:45.944Z [INFO] [EvolveApp] [pid-91350] Creature count: 50
DeDuplication of 1 creatures to 50 in  (previous experiment )
[WorkerHandler] Posting discovery request to worker (taskID: 6)
Training 7bcaf15d with 1 binary file, target error: 1e-7, iterations: 1, sample rate: 100%, sparse: 100%
[Worker] Starting discovery for creature (taskID: 6)...
Discovery 7bcaf15d with 1 binary files, sample rate: 100%, batch size: 128
[DiskSpace] Discovery directory usage at discovery start: 0.00 MB across 1 file (.discovery/398e82de-d8c4-59b1-b502-9d2c7bcaf15d).
Discovery 7bcaf15d initialize time 1ms
Discovery 7bcaf15d drained promises after 10 batches
Discovery 7bcaf15d scanning time 488ms
[DiskSpace] Discovery directory usage at after recording: 47.34 MB across 4 files (.discovery/398e82de-d8c4-59b1-b502-9d2c7bcaf15d).
Discovery 7bcaf15d recorded time 2s 914ms
Discovery 7bcaf15d analysis timeout extended by 10m
[Discovery 7bcaf15d] Wrote focus selection analysis to .discovery/398e82de-d8c4-59b1-b502-9d2c7bcaf15d/focus-selection.json (5 candidates, 5 selected, 0 low-impact)
Discovery 7bcaf15d selected 5 focus neurons in 1s 200ms
Discovery 7bcaf15d candidate collection  helpful synapses: 3 (fallback 0), helpful neurons: 14 (fallback 0), coordinated-structural: 9, harmful synapse removals: 0, synapse meta: found=808 returned=43, neuron meta: found=19097 returned=14
Discovery 7bcaf15d SYNAPSE CANDIDATE input-1558 -> output-0 expected=+0.0012% improved=1290/2040 comment="Conservative variant (weight scaled to 0.5×)"
Discovery 7bcaf15d SYNAPSE CANDIDATE input-45 -> output-1 expected=+0.0005% improved=1267/2040 comment="Original (paired with Conservative + Gentle Nudge + Micro-Nudge variants)"
Discovery 7bcaf15d SYNAPSE CANDIDATE input-836 -> output-4 expected=+0.0001% improved=1444/2040 comment="Original (paired with Conservative + Gentle Nudge + Micro-Nudge variants)"
Discovery 7bcaf15d NEURON CANDIDATE input-1432 -> output-4 expected=+5.8471% improved=1325/2040 comment="Gentle Nudge variant (tight outgoing, bias tamed)"
Discovery 7bcaf15d NEURON CANDIDATE input-1528 -> output-2 expected=+4.8069% improved=941/2040 comment="Gentle Nudge variant (tight outgoing, bias tamed)"
Discovery 7bcaf15d NEURON CANDIDATE input-1490 -> output-2 expected=+3.9590% improved=833/2040 comment="Extreme candidate (paired with Conservative + Gentle Nudge + Micro-Nudge variants)"
Discovery 7bcaf15d NEURON CANDIDATE input-1561 -> output-2 expected=+3.6788% improved=886/2040 comment="Extreme candidate (paired with Conservative + Gentle Nudge + Micro-Nudge variants)"
Discovery 7bcaf15d NEURON CANDIDATE input-1490 -> output-2 expected=+3.5366% improved=833/2040 comment="Conservative variant (clamped incoming/bias, outgoing scaled)"
Discovery 7bcaf15d NEURON CANDIDATE input-1528 -> output-2 expected=+3.2046% improved=941/2040 comment="Conservative variant (clamped incoming/bias, outgoing scaled)"
Discovery 7bcaf15d NEURON CANDIDATE input-148 -> output-2 expected=+2.9747% improved=963/2040 comment="Extreme candidate (paired with Conservative + Gentle Nudge + Micro-Nudge variants)"
Discovery 7bcaf15d NEURON CANDIDATE input-1522 -> output-2 expected=+2.9698% improved=1099/2040 comment="Extreme candidate (paired with Conservative + Gentle Nudge variants)"
Discovery 7bcaf15d NEURON CANDIDATE input-1524 -> output-2 expected=+2.9139% improved=1092/2040 comment="Conservative variant (clamped incoming/bias, outgoing scaled)"
Discovery 7bcaf15d NEURON CANDIDATE input-844 -> output-2 expected=+2.8713% improved=833/2040 comment="Extreme candidate (paired with Conservative + Gentle Nudge + Micro-Nudge variants)"
Discovery 7bcaf15d NEURON CANDIDATE input-829 -> output-2 expected=+2.6544% improved=835/2040 comment="Conservative variant (clamped incoming/bias, outgoing scaled)"
Discovery 7bcaf15d NEURON CANDIDATE input-844 -> output-2 expected=+2.5649% improved=833/2040 comment="Conservative variant (clamped incoming/bias, outgoing scaled)"
Discovery 7bcaf15d NEURON CANDIDATE input-148 -> output-2 expected=+2.4281% improved=963/2040 comment="Conservative variant (clamped incoming/bias, outgoing scaled)"
Discovery 7bcaf15d NEURON CANDIDATE input-829 -> output-2 expected=+1.3272% improved=835/2040 comment="Micro-Nudge variant (ultra-conservative outgoing, tight incoming/bias)"
[Discovery 7bcaf15d] Skipping squash analysis for neuron output-3: error magnitude (1.18e+10) exceeds reasonable threshold (1.00e+10). This neuron should be removed rather than having its activation function changed.
Discovery 7bcaf15d analyze squashes time 360ms found 1 candidate, Summary: output-2 Swish -> SQUARE expected: 0.4% error: 0.0052 -> 0.0034
Discovery 7bcaf15d accumulated candidate updates; continuing search while time remains.
Discovery 7bcaf15d analysis timeout reached after evaluating 5 neuron(s)
Discovery 7bcaf15d analysis complete, total time 10m 4s 931ms, starting cleanup...
Discovery 7bcaf15d performing cleanup...
Discovery 7bcaf15d cleanup scheduled (async, non-blocking - results will be returned immediately).
[DiskSpace] Discovery directory usage at before cleanup: 23.68 MB across 4 files (.discovery/398e82de-d8c4-59b1-b502-9d2c7bcaf15d).

============================================================
Discovery Performance Summary 7bcaf15d
============================================================

📊 Record Phase:
  Records processed: 2,040
  Files processed: 1
  Initialization: 1ms
  File processing: 483ms
  Total record phase: 0d 0h 0m 2s 914ms 0µs 0ns
  Records/sec: 700

🔍 Analysis Phase:
  Neurons analyzed: 5
  Retry attempts: 0
  Focus selection: 1s 200ms
  Rust combined analysis: 10m 456ms
  Squash analysis: 360ms
  Total analysis phase: 0d 0h 10m 2s 17ms 0µs 0ns
  Neurons/sec: 0

🎯 Candidates Found:
  Helpful synapses: 3
  Helpful neurons: 14
  Coordinated structural: 9
  Harmful synapses: 0
  Harmful neurons: 0
  Squash changes: 1
  Removal candidates: 0

⏱️  Overall:
  Total time: 0d 0h 10m 4s 931ms 0µs 0ns
============================================================

[Worker] Discovery complete for creature (taskID: 6), preparing response...
[Worker] Returning discovery response (taskID: 6)...
Discovery 7bcaf15d cleanup complete.
[Neat] Discovery replay: no improvement found (evaluated: 0)
[MemoryMonitor] Warning-level response: reduced activation cache cap from 100 to 50, evicted 25 entries
[MemoryMonitor] Heap: 159 MB / 198 MB (80.2%) [WARNING]
Generation 2 score -0.32000189720454986  error 1.3199923563974287 avg time 1m 684ms
Waiting for additional generation
[MemoryMonitor] Warning-level response: reduced activation cache cap from 50 to 25, evicted 12 entries
[MemoryMonitor] Heap: 140 MB / 189 MB (73.8%) [WARNING]
Generation 3 score -0.32000189720454986  error 1.3199923563974287 avg time 30ms
2026-03-17T13:00:55.654Z [INFO] [EvolveApp] [pid-91350] Evolution result {"error":1.3199923563974287,"score":-0.32000189720454986,"generation":3,"time":609708}
2026-03-17T13:00:55.656Z [INFO] [EvolveApp] [pid-91350] 
=== Processing EURCNY (7/10) ===
2026-03-17T13:00:55.657Z [INFO] [EvolveApp] [pid-91350] loaded ../GRQ-portfolio/best/fx/v1/EURCNY.json
2026-03-17T13:00:55.927Z [INFO] [EvolveApp] [pid-91350] 8 mutations, mutation rate 5.3%, elitism 5, mutation FFW, selection TOURNAMENT
2026-03-17T13:00:55.927Z [INFO] [EvolveApp] [pid-91350] Creature count: 50
DeDuplication of 1 creatures to 50 in  (previous experiment )
[WorkerHandler] Posting discovery request to worker (taskID: 7)
Training feb827fd with 1 binary file, target error: 1e-7, iterations: 1, sample rate: 100%, sparse: 100%
[Worker] Starting discovery for creature (taskID: 7)...
Discovery feb827fd with 1 binary files, sample rate: 100%, batch size: 128
[DiskSpace] Discovery directory usage at discovery start: 0.00 MB across 1 file (.discovery/8e94e9ef-8fa7-5765-bafa-262ffeb827fd).
Discovery feb827fd initialize time 
Discovery feb827fd drained promises after 10 batches
Discovery feb827fd scanning time 93ms
[DiskSpace] Discovery directory usage at after recording: 47.38 MB across 4 files (.discovery/8e94e9ef-8fa7-5765-bafa-262ffeb827fd).
Discovery feb827fd recorded time 1s 9ms
Discovery feb827fd analysis timeout extended by 10m
[Discovery feb827fd] Wrote focus selection analysis to .discovery/8e94e9ef-8fa7-5765-bafa-262ffeb827fd/focus-selection.json (5 candidates, 5 selected, 0 low-impact)
Discovery feb827fd selected 5 focus neurons in 536ms
Discovery feb827fd candidate collection  helpful synapses: 1 (fallback 0), helpful neurons: 22 (fallback 0), coordinated-structural: 10, harmful synapse removals: 0, synapse meta: found=454 returned=44, neuron meta: found=18246 returned=22
Discovery feb827fd SYNAPSE CANDIDATE input-1339 -> output-2 expected=+0.0001% improved=1978/2040 comment="Original (paired with Conservative + Gentle Nudge + Micro-Nudge variants)"
Discovery feb827fd NEURON CANDIDATE input-3 -> output-3 expected=+6.9244% improved=1055/2040 comment="Gentle Nudge variant (tight outgoing, bias tamed)"
Discovery feb827fd NEURON CANDIDATE input-3 -> output-3 expected=+4.8659% improved=1022/2040 comment="Extreme candidate (paired with Conservative + Gentle Nudge variants)"
Discovery feb827fd NEURON CANDIDATE input-3 -> output-3 expected=+4.5733% improved=999/2040 comment="Gentle Nudge variant (tight outgoing, bias tamed)"
Discovery feb827fd NEURON CANDIDATE input-3 -> output-3 expected=+4.2429% improved=1004/2040 comment="Gentle Nudge variant (tight outgoing, bias tamed)"
Discovery feb827fd NEURON CANDIDATE input-3 -> output-3 expected=+4.2363% improved=1051/2040 comment="Conservative variant (clamped incoming/bias, outgoing scaled)"
Discovery feb827fd NEURON CANDIDATE input-3 -> output-3 expected=+4.0541% improved=1013/2040 comment="Gentle Nudge variant (tight outgoing, bias tamed)"
Discovery feb827fd NEURON CANDIDATE input-3 -> output-3 expected=+3.9740% improved=934/2040 comment="Extreme candidate (paired with Conservative + Gentle Nudge variants)"
Discovery feb827fd NEURON CANDIDATE input-1372 -> output-4 expected=+3.9334% improved=1047/2040 comment="Gentle Nudge variant (tight outgoing, bias tamed)"
Discovery feb827fd NEURON CANDIDATE input-3 -> output-3 expected=+3.5385% improved=1002/2040 comment="Extreme candidate (paired with Conservative + Gentle Nudge + Micro-Nudge variants)"
Discovery feb827fd NEURON CANDIDATE input-1369 -> output-4 expected=+3.4306% improved=1037/2040 comment="Gentle Nudge variant (tight outgoing, bias tamed)"
Discovery feb827fd NEURON CANDIDATE input-1372 -> output-4 expected=+3.3866% improved=1047/2040 comment="Extreme candidate (paired with Conservative + Gentle Nudge + Micro-Nudge variants)"
Discovery feb827fd NEURON CANDIDATE input-1372 -> output-4 expected=+3.1499% improved=1053/2040 comment="Gentle Nudge variant (tight outgoing, bias tamed)"
Discovery feb827fd NEURON CANDIDATE input-1369 -> output-4 expected=+2.9358% improved=1037/2040 comment="Extreme candidate (paired with Conservative + Gentle Nudge + Micro-Nudge variants)"
Discovery feb827fd NEURON CANDIDATE input-3 -> output-3 expected=+2.8171% improved=1002/2040 comment="Conservative variant (clamped incoming/bias, outgoing scaled)"
Discovery feb827fd NEURON CANDIDATE input-3 -> output-3 expected=+2.7027% improved=1013/2040 comment="Conservative variant (clamped incoming/bias, outgoing scaled)"
Discovery feb827fd NEURON CANDIDATE input-1372 -> output-4 expected=+2.6223% improved=1047/2040 comment="Conservative variant (clamped incoming/bias, outgoing scaled)"
Discovery feb827fd NEURON CANDIDATE input-1369 -> output-4 expected=+2.2871% improved=1037/2040 comment="Conservative variant (clamped incoming/bias, outgoing scaled)"
Discovery feb827fd NEURON CANDIDATE input-1372 -> output-4 expected=+2.0099% improved=1054/2040 comment="Conservative variant (clamped incoming/bias, outgoing scaled)"
Discovery feb827fd NEURON CANDIDATE input-3 -> output-3 expected=+1.5244% improved=999/2040 comment="Micro-Nudge variant (ultra-conservative outgoing, tight incoming/bias)"
Discovery feb827fd NEURON CANDIDATE input-3 -> output-3 expected=+1.4086% improved=1002/2040 comment="Micro-Nudge variant (ultra-conservative outgoing, tight incoming/bias)"
Discovery feb827fd NEURON CANDIDATE input-1369 -> output-4 expected=+1.1435% improved=1037/2040 comment="Micro-Nudge variant (ultra-conservative outgoing, tight incoming/bias)"
Discovery feb827fd NEURON CANDIDATE input-1372 -> output-4 expected=+1.0049% improved=1054/2040 comment="Micro-Nudge variant (ultra-conservative outgoing, tight incoming/bias)"
[Discovery feb827fd] Skipping squash analysis for neuron output-1: error magnitude (6.65e+10) exceeds reasonable threshold (1.00e+10). This neuron should be removed rather than having its activation function changed.
Discovery feb827fd analyze squashes time 354ms found 1 candidate, Summary: output-3 SOFTSIGN -> SELU expected: 0.2% error: 0.0021 -> 0.0018
Discovery feb827fd accumulated candidate updates; continuing search while time remains.
Discovery feb827fd analysis timeout reached after evaluating 5 neuron(s)
Discovery feb827fd analysis complete, total time 10m 18s 319ms, starting cleanup...
Discovery feb827fd performing cleanup...
Discovery feb827fd cleanup scheduled (async, non-blocking - results will be returned immediately).
[DiskSpace] Discovery directory usage at before cleanup: 23.69 MB across 4 files (.discovery/8e94e9ef-8fa7-5765-bafa-262ffeb827fd).

============================================================
Discovery Performance Summary feb827fd
============================================================

📊 Record Phase:
  Records processed: 2,040
  Files processed: 1
  File processing: 92ms
  Total record phase: 0d 0h 0m 1s 9ms 0µs 0ns
  Records/sec: 2,022

🔍 Analysis Phase:
  Neurons analyzed: 5
  Retry attempts: 0
  Focus selection: 536ms
  Rust combined analysis: 10m 16s 419ms
  Squash analysis: 354ms
  Total analysis phase: 0d 0h 10m 17s 310ms 0µs 0ns
  Neurons/sec: 0

🎯 Candidates Found:
  Helpful synapses: 1
  Helpful neurons: 22
  Coordinated structural: 10
  Harmful synapses: 0
  Harmful neurons: 0
  Squash changes: 1
  Removal candidates: 0

⏱️  Overall:
  Total time: 0d 0h 10m 18s 320ms 0µs 0ns
============================================================

[Worker] Discovery complete for creature (taskID: 7), preparing response...
[Worker] Returning discovery response (taskID: 7)...
Discovery feb827fd cleanup complete.
[Neat] Discovery replay: no improvement found (evaluated: 0)
Generation 2 score 0.9979240702963529  error 0.0020691892208430937 avg time 1m 1s 906ms
Waiting for additional generation
[MemoryMonitor] Warning-level response: reduced activation cache cap from 100 to 50, evicted 25 entries
[MemoryMonitor] Heap: 173 MB / 221 MB (78.1%) [WARNING]
Generation 3 score 0.9979240842776753  error 0.002069165239520604 avg time 28ms
2026-03-17T13:11:16.754Z [INFO] [EvolveApp] [pid-91350] Evolution result {"error":0.002069165239520604,"score":0.9979240842776753,"generation":3,"time":620826}
2026-03-17T13:11:16.754Z [INFO] [EvolveApp] [pid-91350] 
=== Processing USDCNY (8/10) ===
2026-03-17T13:11:16.756Z [INFO] [EvolveApp] [pid-91350] loaded ../GRQ-portfolio/best/fx/v1/USDCNY.json
2026-03-17T13:11:17.059Z [INFO] [EvolveApp] [pid-91350] 5 mutations, mutation rate 17.0%, elitism 3, mutation ALL, selection FITNESS_PROPORTIONATE
2026-03-17T13:11:17.059Z [INFO] [EvolveApp] [pid-91350] Creature count: 50
DeDuplication of 1 creatures to 50 in  (previous experiment )
[WorkerHandler] Posting discovery request to worker (taskID: 7)
Training fe21666c with 1 binary file, target error: 1e-7, iterations: 1, sample rate: 100%, sparse: 100%
[Worker] Starting discovery for creature (taskID: 7)...
Discovery fe21666c with 1 binary files, sample rate: 100%, batch size: 128
[DiskSpace] Discovery directory usage at discovery start: 0.00 MB across 1 file (.discovery/4d95af5c-9eb2-5694-a8d0-7d2cfe21666c).
Discovery fe21666c initialize time 
Discovery fe21666c drained promises after 10 batches
Discovery fe21666c scanning time 117ms
[DiskSpace] Discovery directory usage at after recording: 47.47 MB across 4 files (.discovery/4d95af5c-9eb2-5694-a8d0-7d2cfe21666c).
Discovery fe21666c recorded time 1s 68ms
Discovery fe21666c analysis timeout extended by 10m
[Discovery fe21666c] Found 1 removal candidate (impact below costOfGrowth)
[Discovery fe21666c] Weighted error x impact selection prioritised: output-1 (weight 1.0947), output-0 (weight 37.2311), output-2 (weight 0.0075), …
[Discovery fe21666c] Wrote focus selection analysis to .discovery/4d95af5c-9eb2-5694-a8d0-7d2cfe21666c/focus-selection.json (7 candidates, 6 selected, 0 low-impact)
Discovery fe21666c selected 6 focus neurons in 531ms
Discovery fe21666c candidate collection  helpful synapses: 1 (fallback 0), helpful neurons: 27 (fallback 0), coordinated-structural: 14, harmful synapse removals: 0, synapse meta: found=412 returned=54, neuron meta: found=13914 returned=27
Discovery fe21666c SYNAPSE CANDIDATE input-1485 -> output-3 expected=+0.0000% improved=1259/2040 comment="Original (paired with Conservative + Gentle Nudge + Micro-Nudge variants)"
Discovery fe21666c NEURON CANDIDATE input-866 -> output-3 expected=+33.3114% improved=1263/2040 comment="Gentle Nudge variant (tight outgoing, bias tamed)"
Discovery fe21666c NEURON CANDIDATE input-405 -> output-3 expected=+30.8948% improved=1286/2040 comment="Gentle Nudge variant (tight outgoing, bias tamed)"
Discovery fe21666c NEURON CANDIDATE input-405 -> output-3 expected=+30.4376% improved=1302/2040 comment="Gentle Nudge variant (tight outgoing, bias tamed)"
Discovery fe21666c NEURON CANDIDATE input-932 -> output-3 expected=+30.3613% improved=1297/2040 comment="Gentle Nudge variant (tight outgoing, bias tamed)"
Discovery fe21666c NEURON CANDIDATE input-932 -> output-3 expected=+30.3205% improved=1239/2040 comment="Gentle Nudge variant (tight outgoing, bias tamed)"
Discovery fe21666c NEURON CANDIDATE input-405 -> output-3 expected=+30.1425% improved=1280/2040
Discovery fe21666c NEURON CANDIDATE input-405 -> output-3 expected=+30.1395% improved=1302/2040 comment="Extreme candidate (paired with Conservative + Gentle Nudge variants)"
Discovery fe21666c NEURON CANDIDATE input-932 -> output-3 expected=+29.9890% improved=1297/2040 comment="Extreme candidate (paired with Conservative + Gentle Nudge + Micro-Nudge variants)"
Discovery fe21666c NEURON CANDIDATE input-405 -> output-3 expected=+29.8891% improved=1386/2040
Discovery fe21666c NEURON CANDIDATE input-405 -> output-3 expected=+29.5970% improved=1270/2040
Discovery fe21666c NEURON CANDIDATE input-405 -> output-3 expected=+29.5647% improved=1254/2040 comment="Gentle Nudge variant (tight outgoing, bias tamed)"
Discovery fe21666c NEURON CANDIDATE input-405 -> output-3 expected=+29.5094% improved=1289/2040
Discovery fe21666c NEURON CANDIDATE input-932 -> output-3 expected=+29.0749% improved=1239/2040 comment="Extreme candidate (paired with Conservative + Gentle Nudge + Micro-Nudge variants)"
Discovery fe21666c NEURON CANDIDATE input-1455 -> output-3 expected=+29.0720% improved=1255/2040 comment="Gentle Nudge variant (tight outgoing, bias tamed)"
Discovery fe21666c NEURON CANDIDATE input-948 -> output-3 expected=+28.7694% improved=1261/2040 comment="Extreme candidate (paired with Conservative + Gentle Nudge variants)"
Discovery fe21666c NEURON CANDIDATE input-1455 -> output-3 expected=+28.7573% improved=1277/2040
Discovery fe21666c NEURON CANDIDATE input-405 -> output-3 expected=+28.7259% improved=1254/2040
Discovery fe21666c NEURON CANDIDATE input-405 -> output-3 expected=+28.5715% improved=1254/2040 comment="Extreme candidate (paired with Conservative + Gentle Nudge variants)"
Discovery fe21666c NEURON CANDIDATE input-1455 -> output-3 expected=+28.3384% improved=1259/2040
Discovery fe21666c NEURON CANDIDATE input-1455 -> output-3 expected=+28.2202% improved=1256/2040 comment="Extreme candidate (paired with Conservative + Gentle Nudge variants)"
Discovery fe21666c NEURON CANDIDATE input-1455 -> output-3 expected=+28.1114% improved=1255/2040 comment="Extreme candidate (paired with Conservative + Gentle Nudge variants)"
Discovery fe21666c NEURON CANDIDATE input-405 -> output-3 expected=+20.2917% improved=1302/2040 comment="Conservative variant (clamped incoming/bias, outgoing scaled)"
Discovery fe21666c NEURON CANDIDATE input-932 -> output-3 expected=+20.2409% improved=1297/2040 comment="Conservative variant (clamped incoming/bias, outgoing scaled)"
Discovery fe21666c NEURON CANDIDATE input-1455 -> output-3 expected=+19.5696% improved=1276/2040 comment="Conservative variant (clamped incoming/bias, outgoing scaled)"
Discovery fe21666c NEURON CANDIDATE input-1455 -> output-3 expected=+19.3813% improved=1255/2040 comment="Conservative variant (clamped incoming/bias, outgoing scaled)"
Discovery fe21666c NEURON CANDIDATE input-866 -> output-3 expected=+11.1038% improved=1263/2040 comment="Micro-Nudge variant (ultra-conservative outgoing, tight incoming/bias)"
Discovery fe21666c NEURON CANDIDATE input-405 -> output-3 expected=+10.1548% improved=1311/2040 comment="Micro-Nudge variant (ultra-conservative outgoing, tight incoming/bias)"
[Discovery fe21666c] Skipping squash analysis for neuron output-1: error magnitude (3.65e+10) exceeds reasonable threshold (1.00e+10). This neuron should be removed rather than having its activation function changed.
Discovery fe21666c analyze squashes time 522ms found 1 candidate, Summary: output-3 Swish -> ReLU6 expected: 0.6% error: 0.0009 -> 0.0005
Discovery fe21666c accumulated candidate updates; continuing search while time remains.
Discovery fe21666c analysis timeout reached after evaluating 6 neuron(s)
Discovery fe21666c found 1 low-impact removal candidate
Discovery fe21666c analysis complete, total time 10m 3s 839ms, starting cleanup...
Discovery fe21666c performing cleanup...
Discovery fe21666c cleanup scheduled (async, non-blocking - results will be returned immediately).
[DiskSpace] Discovery directory usage at before cleanup: 23.74 MB across 4 files (.discovery/4d95af5c-9eb2-5694-a8d0-7d2cfe21666c).

============================================================
Discovery Performance Summary fe21666c
============================================================

📊 Record Phase:
  Records processed: 2,040
  Files processed: 1
  File processing: 115ms
  Total record phase: 0d 0h 0m 1s 68ms 0µs 0ns
  Records/sec: 1,910

🔍 Analysis Phase:
  Neurons analyzed: 6
  Retry attempts: 0
  Focus selection: 531ms
  Rust combined analysis: 10m 1s 715ms
  Squash analysis: 522ms
  Total analysis phase: 0d 0h 10m 2s 771ms 0µs 0ns
  Neurons/sec: 0

🎯 Candidates Found:
  Helpful synapses: 1
  Helpful neurons: 27
  Coordinated structural: 14
  Harmful synapses: 0
  Harmful neurons: 0
  Squash changes: 1
  Removal candidates: 1

⏱️  Overall:
  Total time: 0d 0h 10m 3s 839ms 0µs 0ns
============================================================

[Worker] Discovery complete for creature (taskID: 7), preparing response...
[Worker] Returning discovery response (taskID: 7)...
Discovery fe21666c cleanup complete.
MOD_BIAS didn't mutate the creature. 1726 observations, 2 neurons, 5 outputs, 801 synapses
UUID didn't change after MOD_BIAS mutation, changed: false
[Neat] Discovery replay: no improvement found (evaluated: 0)
Generation 2 score 0.9996284006330904  error 0.00036338837108582003 avg time 1m 484ms
Waiting for additional generation
Generation 3 score 0.9996284006330904  error 0.00036338837108582003 avg time 66ms
2026-03-17T13:21:23.334Z [INFO] [EvolveApp] [pid-91350] Evolution result {"error":0.00036338837108582003,"score":0.9996284006330904,"generation":3,"time":606274}
2026-03-17T13:21:23.336Z [INFO] [EvolveApp] [pid-91350] 
=== Processing USDILS (9/10) ===
2026-03-17T13:21:23.340Z [INFO] [EvolveApp] [pid-91350] loaded ../GRQ-portfolio/best/fx/v1/USDILS.json
2026-03-17T13:21:23.731Z [INFO] [EvolveApp] [pid-91350] 1 mutation, mutation rate 5.0%, elitism 6, mutation FFW, selection TOURNAMENT
2026-03-17T13:21:23.731Z [INFO] [EvolveApp] [pid-91350] Creature count: 50
DeDuplication of 1 creatures to 50 in  (previous experiment )
[WorkerHandler] Posting discovery request to worker (taskID: 7)
Training 4b047c73 with 1 binary file, target error: 1e-7, iterations: 1, sample rate: 100%, sparse: 100%
[Worker] Starting discovery for creature (taskID: 7)...
Discovery 4b047c73 with 1 binary files, sample rate: 100%, batch size: 128
[DiskSpace] Discovery directory usage at discovery start: 0.00 MB across 1 file (.discovery/3659faeb-6257-58ec-afbb-924c4b047c73).
Discovery 4b047c73 initialize time 
Discovery 4b047c73 drained promises after 10 batches
Discovery 4b047c73 scanning time 226ms
[DiskSpace] Discovery directory usage at after recording: 47.51 MB across 4 files (.discovery/3659faeb-6257-58ec-afbb-924c4b047c73).
Discovery 4b047c73 recorded time 1s 338ms
Discovery 4b047c73 analysis timeout extended by 10m
[Discovery 4b047c73] Weighted error x impact selection prioritised: output-3 (weight 0.0017), output-4 (weight 0.0011), output-2 (weight 0.0027), …
[Discovery 4b047c73] Wrote focus selection analysis to .discovery/3659faeb-6257-58ec-afbb-924c4b047c73/focus-selection.json (7 candidates, 6 selected, 0 low-impact)
Discovery 4b047c73 selected 6 focus neurons in 972ms
Discovery 4b047c73 candidate collection  helpful synapses: 2 (fallback 0), helpful neurons: 15 (fallback 0), coordinated-structural: 13, harmful synapse removals: 0, synapse meta: found=948 returned=53, neuron meta: found=25637 returned=15
Discovery 4b047c73 SYNAPSE CANDIDATE input-59 -> output-1 expected=+0.2714% improved=1248/2040 comment="Original (paired with Conservative + Gentle Nudge + Micro-Nudge variants)"
Discovery 4b047c73 SYNAPSE CANDIDATE input-416 -> output-2 expected=+0.2315% improved=1227/2040 comment="Original (paired with Conservative + Gentle Nudge + Micro-Nudge variants)"
Discovery 4b047c73 NEURON CANDIDATE input-1404 -> output-1 expected=+31.8255% improved=1075/2040 comment="Gentle Nudge variant (tight outgoing, bias tamed)"
Discovery 4b047c73 NEURON CANDIDATE input-416 -> output-1 expected=+28.8793% improved=1094/2040 comment="Gentle Nudge variant (tight outgoing, bias tamed)"
Discovery 4b047c73 NEURON CANDIDATE input-159 -> output-1 expected=+27.2896% improved=1135/2040 comment="Gentle Nudge variant (tight outgoing, bias tamed)"
Discovery 4b047c73 NEURON CANDIDATE input-1295 -> output-1 expected=+27.1081% improved=1136/2040 comment="Gentle Nudge variant (tight outgoing, bias tamed)"
Discovery 4b047c73 NEURON CANDIDATE input-1401 -> output-1 expected=+25.5293% improved=1070/2040 comment="Extreme candidate (paired with Conservative + Gentle Nudge + Micro-Nudge variants)"
Discovery 4b047c73 NEURON CANDIDATE input-159 -> output-1 expected=+24.7347% improved=1135/2040 comment="Extreme candidate (paired with Conservative + Gentle Nudge + Micro-Nudge variants)"
Discovery 4b047c73 NEURON CANDIDATE input-1295 -> output-1 expected=+24.7072% improved=1145/2040
Discovery 4b047c73 NEURON CANDIDATE input-1295 -> output-1 expected=+24.5565% improved=1134/2040 comment="Extreme candidate (paired with Conservative + Gentle Nudge + Micro-Nudge variants)"
Discovery 4b047c73 NEURON CANDIDATE input-1274 -> output-1 expected=+24.5107% improved=1194/2040
Discovery 4b047c73 NEURON CANDIDATE input-416 -> output-1 expected=+24.4757% improved=1056/2040 comment="Extreme candidate (paired with Conservative + Gentle Nudge + Micro-Nudge variants)"
Discovery 4b047c73 NEURON CANDIDATE input-1404 -> output-1 expected=+21.2170% improved=1075/2040 comment="Conservative variant (clamped incoming/bias, outgoing scaled)"
Discovery 4b047c73 NEURON CANDIDATE input-1401 -> output-1 expected=+19.4970% improved=1070/2040 comment="Conservative variant (clamped incoming/bias, outgoing scaled)"
Discovery 4b047c73 NEURON CANDIDATE input-1401 -> output-1 expected=+9.7485% improved=1070/2040 comment="Micro-Nudge variant (ultra-conservative outgoing, tight incoming/bias)"
Discovery 4b047c73 NEURON CANDIDATE input-1295 -> output-1 expected=+9.0361% improved=1134/2040 comment="Micro-Nudge variant (ultra-conservative outgoing, tight incoming/bias)"
Discovery 4b047c73 NEURON CANDIDATE input-1295 -> output-1 expected=+9.0360% improved=1136/2040 comment="Micro-Nudge variant (ultra-conservative outgoing, tight incoming/bias)"
Discovery 4b047c73 analyze squashes time 420ms found 2 candidates, Summary: output-2 Swish -> SQUARE expected: 0.5% error: 0.0015 -> 0.0007,output-1 Swish -> LeakyReLU expected: 0.2% error: 0.0014 -> 0.0008
Discovery 4b047c73 accumulated candidate updates; continuing search while time remains.
Discovery 4b047c73 analysis timeout reached after evaluating 6 neuron(s)
Discovery 4b047c73 analysis complete, total time 10m 19s 58ms, starting cleanup...
Discovery 4b047c73 performing cleanup...
Discovery 4b047c73 cleanup scheduled (async, non-blocking - results will be returned immediately).
[DiskSpace] Discovery directory usage at before cleanup: 23.76 MB across 4 files (.discovery/3659faeb-6257-58ec-afbb-924c4b047c73).

============================================================
Discovery Performance Summary 4b047c73
============================================================

📊 Record Phase:
  Records processed: 2,040
  Files processed: 1
  File processing: 224ms
  Total record phase: 0d 0h 0m 1s 338ms 0µs 0ns
  Records/sec: 1,525

🔍 Analysis Phase:
  Neurons analyzed: 6
  Retry attempts: 0
  Focus selection: 972ms
  Rust combined analysis: 10m 16s 325ms
  Squash analysis: 420ms
  Total analysis phase: 0d 0h 10m 17s 720ms 0µs 0ns
  Neurons/sec: 0

🎯 Candidates Found:
  Helpful synapses: 2
  Helpful neurons: 15
  Coordinated structural: 13
  Harmful synapses: 0
  Harmful neurons: 0
  Squash changes: 2
  Removal candidates: 0

⏱️  Overall:
  Total time: 0d 0h 10m 19s 58ms 0µs 0ns
============================================================

[Worker] Discovery complete for creature (taskID: 7), preparing response...
[Worker] Returning discovery response (taskID: 7)...
Discovery 4b047c73 cleanup complete.
Fine tuning increased fitness by 1.382543214356602e-7 to 0.9993699380352155 adjusted 964 weights, 6 biases 
[Neat] Discovery replay: no improvement found (evaluated: 0)
[MemoryMonitor] Warning-level response: reduced activation cache cap from 100 to 50, evicted 25 entries
[MemoryMonitor] Heap: 143 MB / 203 MB (70.6%) [WARNING]
Generation 2 score 0.9993699380352155  error 0.0006134011330155835 avg time 1m 2s 8ms
Waiting for additional generation
Fine tuning increased fitness by 1.8903201937092717e-7 to 0.9993701270672348 adjusted 675 weights, 6 biases 
[MemoryMonitor] Warning-level response: reduced activation cache cap from 50 to 25, evicted 12 entries
[MemoryMonitor] Heap: 226 MB / 286 MB (78.8%) [WARNING]
Generation 3 score 0.9993701270672348  error 0.0006132121009962111 avg time 61ms
2026-03-17T13:31:46.533Z [INFO] [EvolveApp] [pid-91350] Evolution result {"error":0.0006132121009962111,"score":0.9993701270672348,"generation":3,"time":622801}
2026-03-17T13:31:46.537Z [INFO] [EvolveApp] [pid-91350] 
=== Processing USDKZT (10/10) ===
2026-03-17T13:31:46.539Z [INFO] [EvolveApp] [pid-91350] loaded ../GRQ-portfolio/best/fx/v1/USDKZT.json
2026-03-17T13:31:46.840Z [INFO] [EvolveApp] [pid-91350] 8 mutations, mutation rate 5.0%, elitism 8, mutation FFW, selection TOURNAMENT
2026-03-17T13:31:46.840Z [INFO] [EvolveApp] [pid-91350] Creature count: 50
DeDuplication of 1 creatures to 50 in  (previous experiment )
[WorkerHandler] Posting discovery request to worker (taskID: 7)
Training 317ce86d with 1 binary file, target error: 1e-7, iterations: 1, sample rate: 100%, sparse: 100%
[Worker] Starting discovery for creature (taskID: 7)...
Discovery 317ce86d with 1 binary files, sample rate: 100%, batch size: 128
[DiskSpace] Discovery directory usage at discovery start: 0.00 MB across 1 file (.discovery/ab74fbc1-61fa-504a-b3e1-6150317ce86d).
Discovery 317ce86d initialize time 
Discovery 317ce86d drained promises after 10 batches
Discovery 317ce86d scanning time 158ms
DeDuplication of 1 creatures to 52 in 30ms (previous experiment )
[MemoryMonitor] Warning-level response: reduced activation cache cap from 100 to 50, evicted 25 entries
[MemoryMonitor] Heap: 149 MB / 189 MB (78.8%) [WARNING]
[DiskSpace] Discovery directory usage at after recording: 44.35 MB across 4 files (.discovery/ab74fbc1-61fa-504a-b3e1-6150317ce86d).
Discovery 317ce86d recorded time 1s 49ms
Discovery 317ce86d analysis timeout extended by 10m
[Discovery 317ce86d] Found 1 removal candidate (impact below costOfGrowth)
[Discovery 317ce86d] Weighted error x impact selection prioritised: output-1 (weight 3.7964), output-3 (weight 0.0013), output-2 (weight 0.0045), …
[Discovery 317ce86d] Wrote focus selection analysis to .discovery/ab74fbc1-61fa-504a-b3e1-6150317ce86d/focus-selection.json (12 candidates, 6 selected, 0 low-impact)
Discovery 317ce86d selected 6 focus neurons in 498ms
Discovery 317ce86d candidate collection 1ms helpful synapses: 2 (fallback 0), helpful neurons: 25 (fallback 0), coordinated-structural: 14, harmful synapse removals: 0, synapse meta: found=432 returned=54, neuron meta: found=29717 returned=25
Discovery 317ce86d SYNAPSE CANDIDATE input-1536 -> output-3 expected=+0.0000% improved=1137/1879 comment="Conservative variant (weight scaled to 0.5×)"
Discovery 317ce86d SYNAPSE CANDIDATE input-1342 -> 29bb5654-d850-4a7b-8b77-b2b36b1d951d expected=+0.0000% improved=1207/1879 comment="Original (paired with Conservative + Gentle Nudge + Micro-Nudge variants)"
Discovery 317ce86d NEURON CANDIDATE input-793 -> output-3 expected=+3.4454% improved=870/1879 comment="Gentle Nudge variant (tight outgoing, bias tamed)"
Discovery 317ce86d NEURON CANDIDATE input-661 -> output-3 expected=+3.1578% improved=809/1879 comment="Gentle Nudge variant (tight outgoing, bias tamed)"
Discovery 317ce86d NEURON CANDIDATE input-793 -> output-3 expected=+3.0731% improved=869/1879 comment="Gentle Nudge variant (tight outgoing, bias tamed)"
Discovery 317ce86d NEURON CANDIDATE input-829 -> output-3 expected=+2.9670% improved=888/1879 comment="Extreme candidate (paired with Conservative + Gentle Nudge + Micro-Nudge variants)"
Discovery 317ce86d NEURON CANDIDATE input-829 -> output-3 expected=+2.9014% improved=926/1879 comment="Gentle Nudge variant (tight outgoing, bias tamed)"
Discovery 317ce86d NEURON CANDIDATE input-829 -> output-3 expected=+2.8563% improved=903/1879 comment="Gentle Nudge variant (tight outgoing, bias tamed)"
Discovery 317ce86d NEURON CANDIDATE input-829 -> output-3 expected=+2.7958% improved=887/1879 comment="Extreme candidate (paired with Conservative + Gentle Nudge + Micro-Nudge variants)"
Discovery 317ce86d NEURON CANDIDATE input-793 -> output-3 expected=+2.7437% improved=792/1879 comment="Gentle Nudge variant (tight outgoing, bias tamed)"
Discovery 317ce86d NEURON CANDIDATE input-858 -> output-3 expected=+2.7355% improved=791/1879 comment="Gentle Nudge variant (tight outgoing, bias tamed)"
Discovery 317ce86d NEURON CANDIDATE input-829 -> output-3 expected=+2.6406% improved=929/1879 comment="Gentle Nudge variant (tight outgoing, bias tamed)"
Discovery 317ce86d NEURON CANDIDATE input-829 -> output-3 expected=+2.5130% improved=897/1879 comment="Extreme candidate (paired with Conservative + Gentle Nudge + Micro-Nudge variants)"
Discovery 317ce86d NEURON CANDIDATE input-793 -> output-3 expected=+2.4778% improved=869/1879 comment="Extreme candidate (paired with Conservative + Gentle Nudge variants)"
Discovery 317ce86d NEURON CANDIDATE input-661 -> output-3 expected=+2.4351% improved=809/1879 comment="Extreme candidate (paired with Conservative + Gentle Nudge + Micro-Nudge variants)"
Discovery 317ce86d NEURON CANDIDATE input-829 -> output-3 expected=+2.4347% improved=926/1879 comment="Extreme candidate (paired with Conservative + Gentle Nudge + Micro-Nudge variants)"
Discovery 317ce86d NEURON CANDIDATE input-829 -> output-3 expected=+2.4201% improved=888/1879 comment="Conservative variant (clamped incoming/bias, outgoing scaled)"
Discovery 317ce86d NEURON CANDIDATE input-829 -> output-3 expected=+2.2204% improved=929/1879 comment="Extreme candidate (paired with Conservative + Gentle Nudge + Micro-Nudge variants)"
Discovery 317ce86d NEURON CANDIDATE input-1 -> output-3 expected=+2.1436% improved=798/1879
Discovery 317ce86d NEURON CANDIDATE input-829 -> output-3 expected=+2.0369% improved=897/1879 comment="Conservative variant (clamped incoming/bias, outgoing scaled)"
Discovery 317ce86d NEURON CANDIDATE input-829 -> output-3 expected=+1.9343% improved=926/1879 comment="Conservative variant (clamped incoming/bias, outgoing scaled)"
Discovery 317ce86d NEURON CANDIDATE input-438 -> output-3 expected=+1.7673% improved=860/1879 comment="Conservative variant (clamped incoming/bias, outgoing scaled)"
Discovery 317ce86d NEURON CANDIDATE input-661 -> output-3 expected=+1.6270% improved=986/1879 comment="Conservative variant (clamped incoming/bias, outgoing scaled)"
Discovery 317ce86d NEURON CANDIDATE input-829 -> output-3 expected=+1.2100% improved=888/1879 comment="Micro-Nudge variant (ultra-conservative outgoing, tight incoming/bias)"
Discovery 317ce86d NEURON CANDIDATE input-661 -> output-3 expected=+1.0526% improved=809/1879 comment="Micro-Nudge variant (ultra-conservative outgoing, tight incoming/bias)"
Discovery 317ce86d NEURON CANDIDATE input-829 -> output-3 expected=+0.9671% improved=926/1879 comment="Micro-Nudge variant (ultra-conservative outgoing, tight incoming/bias)"
Discovery 317ce86d NEURON CANDIDATE input-661 -> output-3 expected=+0.8135% improved=986/1879 comment="Micro-Nudge variant (ultra-conservative outgoing, tight incoming/bias)"
[Discovery 317ce86d] Skipping squash analysis for neuron output-1: error magnitude (2.42e+10) exceeds reasonable threshold (1.00e+10). This neuron should be removed rather than having its activation function changed.
Discovery 317ce86d analyze squashes time 857ms found 0 candidates
Discovery 317ce86d accumulated candidate updates; continuing search while time remains.
Discovery 317ce86d analysis timeout reached after evaluating 6 neuron(s)
Discovery 317ce86d found 1 low-impact removal candidate
Discovery 317ce86d analysis complete, total time 10m 38s 646ms, starting cleanup...
Discovery 317ce86d performing cleanup...
Discovery 317ce86d cleanup scheduled (async, non-blocking - results will be returned immediately).
[DiskSpace] Discovery directory usage at before cleanup: 22.18 MB across 4 files (.discovery/ab74fbc1-61fa-504a-b3e1-6150317ce86d).

============================================================
Discovery Performance Summary 317ce86d
============================================================

📊 Record Phase:
  Records processed: 1,879
  Files processed: 1
  File processing: 157ms
  Total record phase: 0d 0h 0m 1s 49ms 0µs 0ns
  Records/sec: 1,791

🔍 Analysis Phase:
  Neurons analyzed: 6
  Retry attempts: 0
  Focus selection: 498ms
  Rust combined analysis: 10m 36s 237ms
  Squash analysis: 857ms
  Total analysis phase: 0d 0h 10m 37s 596ms 0µs 0ns
  Neurons/sec: 0

🎯 Candidates Found:
  Helpful synapses: 2
  Helpful neurons: 25
  Coordinated structural: 14
  Harmful synapses: 0
  Harmful neurons: 0
  Squash changes: 0
  Removal candidates: 1

⏱️  Overall:
  Total time: 0d 0h 10m 38s 649ms 0µs 0ns
============================================================

[Worker] Discovery complete for creature (taskID: 7), preparing response...
[Worker] Returning discovery response (taskID: 7)...
Discovery 317ce86d cleanup complete.
Fine tuning increased fitness by 0.0000023278408097793246 to 0.9931824727539438 adjusted 709 weights, 10 biases 
[Neat] Discovery replay: no improvement found (evaluated: 0)
[MemoryMonitor] Warning-level response: reduced activation cache cap from 50 to 25, evicted 12 entries
[MemoryMonitor] Heap: 159 MB / 201 MB (78.9%) [WARNING]
Generation 2 score 0.9931824727539438  error 0.006803526355456833 avg time 1m 4s 21ms
Waiting for additional generation
Fine tuning increased fitness by 0.000003413845794275616 to 0.993185886599738 adjusted 460 weights, 10 biases 
[MemoryMonitor] Critical-level response: cleared all WASM caches, activation cap reduced to 1, compilation cache cleared
[MemoryMonitor] Heap: 233 MB / 273 MB (85.5%) [CRITICAL]
Generation 3 score 0.993185886599738  error 0.006800112509662644 avg time 132ms
2026-03-17T13:42:31.394Z [INFO] [EvolveApp] [pid-91350] Evolution result {"error":0.006800112509662644,"score":0.993185886599738,"generation":3,"time":644553}
2026-03-17T13:42:31.398Z [INFO] [EvolveApp] [pid-91350] Cleaned up .tmp/train
🔄 [model_checkin 1.1.26] Fetching latest remote state before recovery checks
🔍 [model_checkin 1.1.26] Skipping early modified-JSON replacement (never merge policy)
📦 [model_checkin 1.1.26] Staging all local changes before sync
📋 [model_checkin 1.1.26] 7 local model(s) to be committed:
  • v1/AUDGBP.json
  • v1/EURCNY.json
  • v1/EURJPY.json
  • v1/USDCOP.json
  • v1/USDILS.json
  • v1/USDKZT.json
  • v1/USDSEK.json
✅ [validate_json 1.0.6] 34/34 JSON file(s) valid in GRQ-FX-models (took 1s)
🔁 [model_checkin 1.1.26] Remote has changed - pulling latest changes
📦 [model_checkin 1.1.26] Stashing local changes before pull
Saved working directory and index state On Develop: model_checkin_GRQ-18_1773754958
💾 [model_checkin 1.1.26] Stashed local changes
⬇️ [model_checkin 1.1.26] Pulling remote changes with rebase strategy
🛡️  JSON model files will be replaced completely, never merged
From github.com:stSoftwareAU/GRQ-FX-models
 * branch                Develop    -> FETCH_HEAD
Updating 77bb4cd24..f868457a4
Fast-forward
 v1/AUDCNY.json       |    33 +-
 v1/AUDGBP.json       | 11873 ++--------------------------
 v1/CADJPY.json       |  1660 ++--
 v1/GBPCNY.json       |  7503 ++----------------
 v1/USDCHF.json       |   366 +-
 v1/USDCNY.json       |    12 +-
 v1/USDCRC.json       |    12 +-
 v1/USDIDR.json       |   156 +-
 v1/USDILS.json       |    12 +-
 v1/USDJPY.json       |  1492 ++--
 v1/USDKZT.json       |  7614 +++++-------------
 v1/USDNZD.json       |    10 +-
 v1/USDPHP.json       |  1015 +--
 v1/USDPLN.json       | 20762 +++++++++++++++++++++++++++++++------------------
 v1/USDRUB.json       |   889 ++-
 v1/USDTHB.json       |  9558 ++++++++++++++++++++---
 v1/USDTRY.json       |   160 +-
 v1/USDTWD.json       |    10 +-
 v1/tacit/AUDEUR.json |     4 +-
 v1/tacit/AUDGBP.json |     4 +-
 v1/tacit/AUDJPY.json |     4 +-
 v1/tacit/AUDUSD.json |     2 +-
 v1/tacit/EURJPY.json |     2 +-
 v1/tacit/USDCAD.json |     2 +-
 v1/tacit/USDCHF.json |     2 +-
 v1/tacit/USDCRC.json |     2 +-
 v1/tacit/USDEUR.json |     4 +-
 v1/tacit/USDILS.json |     2 +-
 v1/tacit/USDJPY.json |     4 +-
 v1/tacit/USDKZT.json |     8 +-
 v1/tacit/USDNOK.json |     6 +-
 v1/tacit/USDNZD.json |     2 +-
 v1/tacit/USDPLN.json |     4 +-
 v1/tacit/USDSEK.json |     2 +-
 34 files changed, 27924 insertions(+), 35267 deletions(-)
🔄 [model_checkin 1.1.26] Restoring stashed changes
Auto-merging v1/AUDGBP.json
CONFLICT (content): Merge conflict in v1/AUDGBP.json
Auto-merging v1/USDILS.json
CONFLICT (content): Merge conflict in v1/USDILS.json
Auto-merging v1/USDKZT.json
CONFLICT (content): Merge conflict in v1/USDKZT.json
On branch Develop
Your branch is up to date with 'origin/Develop'.

Changes to be committed:
  (use "git restore --staged <file>..." to unstage)
	modified:   v1/EURCNY.json
	modified:   v1/EURJPY.json
	modified:   v1/USDCOP.json
	modified:   v1/USDSEK.json

Unmerged paths:
  (use "git restore --staged <file>..." to unstage)
  (use "git add <file>..." to mark resolution)
	both modified:   v1/AUDGBP.json
	both modified:   v1/USDILS.json
	both modified:   v1/USDKZT.json

The stash entry is kept in case you need it again.
🔂  [model_checkin 1.1.26] Stash pop had conflicts - resolving JSON conflicts
🛠 [model_checkin 1.1.26] Resolving JSON conflicts from stash pop
  • v1/AUDGBP.json - keeping local (stashed) version
Updated 1 path from the index
  • v1/USDILS.json - keeping local (stashed) version
Updated 1 path from the index
  • v1/USDKZT.json - keeping local (stashed) version
Updated 1 path from the index
✅ [model_checkin 1.1.26] All conflicts resolved, stash changes applied
✅ [model_checkin 1.1.26] Rebase completed successfully - linear history maintained
🔍 [model_checkin 1.1.26] Detecting JSON models trained on multiple machines
🔄 [model_checkin 1.1.26] 3 model(s) trained on multiple machines - keeping local versions
📥 [model_checkin 1.1.26] This prevents merge corruption - local version wins (never merge JSON)
  • v1/AUDGBP.json - keeping local version (no merge, both valid)
  • v1/USDILS.json - keeping local version (no merge, both valid)
  • v1/USDKZT.json - keeping local version (no merge, both valid)
📦 [model_checkin 1.1.26] Staging all changes after overlap resolution
💾 [model_checkin 1.1.26] Committing changes
[Develop 2c6cfeab3] GRQ-18 Improved FX models
 7 files changed, 37653 insertions(+), 19253 deletions(-)
📊 [model_checkin 1.1.26] Training preservation summary:
   ✅ Preserved 7 of 7 locally-trained model(s)
   📥 3 model(s) had conflicts - resolved by taking local version (never merge JSON)
Dropped refs/stash@{0} (797254ddde931d8557ee38aaeb80937c2a9ed109)
🧹 [model_checkin 1.1.26] Dropped applied stash so next run starts clean
🔍 [model_checkin 1.1.26] Final safety check for JSON model corruption
✅ [validate_json 1.0.6] 7/7 JSON file(s) valid in GRQ-FX-models (took 1s)
To github.com:stSoftwareAU/GRQ-FX-models.git
   f868457a4..2c6cfeab3  Develop -> Develop
✅ Successfully committed and pushed model changes
🛡️  JSON model files were protected from corruption - no merges occurred
💾 Maximum training preservation achieved through per-file conflict resolution
From github.com:stSoftwareAU/GRQ-FX-validation
   8e4327d..5bed78e  Develop    -> origin/Develop
HEAD is now at 5bed78e Add FX predictions for 2026-03-18
Reset branch 'Develop'
branch 'Develop' set up to track 'origin/Develop'.
Your branch is up to date with 'origin/Develop'.
✅ GRQ-FX-validation synced with remote (validation skipped)
Checking if predictions exist for 2026-03-18...
✅ Predictions already exist for 2026-03-18 (found in main index)
   Skipping generation to avoid overwriting validation data
HEAD is now at 4ba40b7 Style and polish all documentation with emojis, colours, and Australian English (#1309) (#1324)
From github.com:stSoftwareAU/GRQ-health
   06c116526..7aef1b68e  Develop    -> origin/Develop
HEAD is now at 7aef1b68e Update repo health: Quality
Reset branch 'Develop'
branch 'Develop' set up to track 'origin/Develop'.
Your branch is up to date with 'origin/Develop'.
✅ GRQ-health synced with remote (validation skipped)
Updating health information...
Already up to date.
Updated health information for GRQ-18
