[log truncated by run.sh: showing the last 64 KB of 103 KB; the full log is on the host]
[WasmWorkerInit] worker=worker-3 outcome=ok handshakeMs=281 cache=hit cacheDir=/Users/sloth/.cache/neat-ai/wasm bundleBytes=1039872 bundleLoadMs=2 glueImportMs=13 instantiateMs=2 wasmTotalMs=18 workerError=none
[WasmWorkerInit] worker=worker-4 outcome=ok handshakeMs=304 cache=hit cacheDir=/Users/sloth/.cache/neat-ai/wasm bundleBytes=1039872 bundleLoadMs=2 glueImportMs=13 instantiateMs=2 wasmTotalMs=18 workerError=none
[WasmWorkerInit] worker=worker-5 outcome=ok handshakeMs=249 cache=hit cacheDir=/Users/sloth/.cache/neat-ai/wasm bundleBytes=1039872 bundleLoadMs=2 glueImportMs=13 instantiateMs=2 wasmTotalMs=18 workerError=none
[WasmWorkerInit] worker=worker-6 outcome=ok handshakeMs=259 cache=hit cacheDir=/Users/sloth/.cache/neat-ai/wasm bundleBytes=1039872 bundleLoadMs=2 glueImportMs=13 instantiateMs=2 wasmTotalMs=18 workerError=none
[WasmWorkerInit] worker=worker-7 outcome=ok handshakeMs=297 cache=hit cacheDir=/Users/sloth/.cache/neat-ai/wasm bundleBytes=1039872 bundleLoadMs=2 glueImportMs=13 instantiateMs=2 wasmTotalMs=18 workerError=none
[WasmWorkerInit] worker=worker-8 outcome=ok handshakeMs=303 cache=hit cacheDir=/Users/sloth/.cache/neat-ai/wasm bundleBytes=1039872 bundleLoadMs=2 glueImportMs=13 instantiateMs=2 wasmTotalMs=18 workerError=none
[WasmWorkerInit] worker=worker-9 outcome=ok handshakeMs=294 cache=hit cacheDir=/Users/sloth/.cache/neat-ai/wasm bundleBytes=1039872 bundleLoadMs=2 glueImportMs=13 instantiateMs=2 wasmTotalMs=18 workerError=none
[WasmWorkerInit] worker=worker-10 outcome=ok handshakeMs=307 cache=hit cacheDir=/Users/sloth/.cache/neat-ai/wasm bundleBytes=1039872 bundleLoadMs=2 glueImportMs=13 instantiateMs=2 wasmTotalMs=18 workerError=none
[WasmWorkerInit] worker=worker-11 outcome=ok handshakeMs=278 cache=hit cacheDir=/Users/sloth/.cache/neat-ai/wasm bundleBytes=1039872 bundleLoadMs=2 glueImportMs=13 instantiateMs=2 wasmTotalMs=18 workerError=none
[WasmWorkerInit] worker=worker-12 outcome=ok handshakeMs=243 cache=hit cacheDir=/Users/sloth/.cache/neat-ai/wasm bundleBytes=1039872 bundleLoadMs=2 glueImportMs=13 instantiateMs=2 wasmTotalMs=18 workerError=none
DeDuplication of 6 creatures to 29 in 16ms (previous experiment 13ms)
[DynamicPool] 2 idle heavy worker(s) assisting fitness evaluation
[NEAT-AI] Batch scorer partition: 29 forwardOnly batched, 0 recurrent batched, 0 per-creature
Training 63fcb122 scheduled
Training 43b99db7 scheduled
Training 2aedd370 scheduled
Training d8baab0a scheduled
[neat-ai] running version 7.0.48
[neat-ai] running version 7.0.48
[neat-ai] running version 7.0.48
[neat-ai] running version 7.0.48
[neat-ai] running version 7.0.48
[neat-ai] running version 7.0.48
[NEAT-AI] trainDir FFI libneat_ai_backpropagation loaded from /Users/sloth/.cargo/lib/libneat_ai_backpropagation.dylib
[NEAT-AI] trainDir FFI libneat_ai_backpropagation loaded from /Users/sloth/.cargo/lib/libneat_ai_backpropagation.dylib
[NEAT-AI] trainDir using FFI libneat_ai_backpropagation
[NEAT-AI] trainDir using FFI libneat_ai_backpropagation
[neat-ai] running version 7.0.48
[neat-ai] running version 7.0.48
[WasmWorkerInit] worker=worker-13 outcome=ok handshakeMs=765 cache=hit cacheDir=/Users/sloth/.cache/neat-ai/wasm bundleBytes=1039872 bundleLoadMs=2 glueImportMs=13 instantiateMs=2 wasmTotalMs=18 workerError=none
[neat-ai] running version 7.0.48
[neat-ai] running version 7.0.48
[neat-ai] running version 7.0.48
[WasmWorkerInit] worker=worker-14 outcome=ok handshakeMs=950 cache=hit cacheDir=/Users/sloth/.cache/neat-ai/wasm bundleBytes=1039872 bundleLoadMs=2 glueImportMs=13 instantiateMs=2 wasmTotalMs=18 workerError=none
[WasmWorkerInit] worker=worker-15 outcome=ok handshakeMs=605 cache=hit cacheDir=/Users/sloth/.cache/neat-ai/wasm bundleBytes=1039872 bundleLoadMs=2 glueImportMs=13 instantiateMs=2 wasmTotalMs=18 workerError=none
[WasmWorkerInit] worker=worker-16 outcome=ok handshakeMs=535 cache=hit cacheDir=/Users/sloth/.cache/neat-ai/wasm bundleBytes=1039872 bundleLoadMs=2 glueImportMs=13 instantiateMs=2 wasmTotalMs=18 workerError=none
[WasmWorkerInit] worker=worker-17 outcome=ok handshakeMs=848 cache=hit cacheDir=/Users/sloth/.cache/neat-ai/wasm bundleBytes=1039872 bundleLoadMs=2 glueImportMs=13 instantiateMs=2 wasmTotalMs=18 workerError=none
[MCMC] Gen: temp=0.9751, acceptance=100.0% (smoothed=100.0%), proposed=4, accepted=4, rejected=0
[WasmWorkerInit] worker=worker-18 outcome=ok handshakeMs=15100 cache=hit cacheDir=/Users/sloth/.cache/neat-ai/wasm bundleBytes=1039872 bundleLoadMs=2 glueImportMs=13 instantiateMs=2 wasmTotalMs=18 workerError=none
[PreWarm] 9 new templates, 5 cached, 14 unique topologies (375ms)
[Timing] fitness=21005ms breeding=6209ms breedingWorker=6209ms mainThreadOverlap=0ms resultProcessing=0ms memoryEviction=1ms preWarm=375ms pipelineOverlap=405ms sort=0ms writeScores=132ms mutation=12788ms deduplication=878ms speciation=30ms total=53755ms
[Utilisation] fitness=0%fast/0%heavy breeding=0%fast/100%heavy overall=6%
[MutationOps] MOD_BIAS proposed=4 noChange=0 applied=4 reverted=0 evaluated=0 accepted=0 rejected=0 evalMs=0 depth[in=0 mid=0 out=0 ?=4] || resolved=0 multiOperator=0 discarded=0 evalMs=0 mcmc=4/4
[Throughput] wall=53755ms nonFitness=32750ms gensPerHour=67.0 fast=busy32461ms/idle505089ms/depth29/wait10634ms heavy=busy0ms/idle107510ms/depth4/wait0ms scorer=164.7ms/scored29/batchScored29/perCreatureScored0/batchInvocations1/creaturesPerSec1.4 corruptParentSkips=0
[WasmWorkerInit] worker=worker-19 outcome=ok handshakeMs=536 cache=hit cacheDir=/Users/sloth/.cache/neat-ai/wasm bundleBytes=1039872 bundleLoadMs=2 glueImportMs=13 instantiateMs=2 wasmTotalMs=18 workerError=none
Generation 1 score 0.4379282990984001 (avg: -1.5794) error 0.5620646316232911 time 53s 779ms
[NEAT-AI] Batch scorer partition: 15 forwardOnly batched, 0 recurrent batched, 0 per-creature
[WasmWorkerInit] worker=worker-20 outcome=ok handshakeMs=525 cache=hit cacheDir=/Users/sloth/.cache/neat-ai/wasm bundleBytes=1039872 bundleLoadMs=2 glueImportMs=13 instantiateMs=2 wasmTotalMs=18 workerError=none
[WasmWorkerInit] worker=worker-21 outcome=ok handshakeMs=287 cache=hit cacheDir=/Users/sloth/.cache/neat-ai/wasm bundleBytes=1039872 bundleLoadMs=2 glueImportMs=13 instantiateMs=2 wasmTotalMs=18 workerError=none
[WasmWorkerInit] worker=worker-22 outcome=ok handshakeMs=303 cache=hit cacheDir=/Users/sloth/.cache/neat-ai/wasm bundleBytes=1039872 bundleLoadMs=2 glueImportMs=13 instantiateMs=2 wasmTotalMs=18 workerError=none
[WasmWorkerInit] worker=worker-23 outcome=ok handshakeMs=360 cache=hit cacheDir=/Users/sloth/.cache/neat-ai/wasm bundleBytes=1039872 bundleLoadMs=2 glueImportMs=13 instantiateMs=2 wasmTotalMs=18 workerError=none
[WasmWorkerInit] worker=worker-24 outcome=ok handshakeMs=365 cache=hit cacheDir=/Users/sloth/.cache/neat-ai/wasm bundleBytes=1039872 bundleLoadMs=2 glueImportMs=13 instantiateMs=2 wasmTotalMs=18 workerError=none
[neat-ai] running version 7.0.48
CRISPR DJIA-Inclusion-v3 Score: 0.4379282990984001, Error: 0.5620646316232911 -> 0.5620646316232911 neutral
[Neat] Discovery replay: no improvement found (evaluated: 0)
[neat-ai] running version 7.0.48
[WasmWorkerInit] worker=worker-25 outcome=ok handshakeMs=50219 cache=hit cacheDir=/Users/sloth/.cache/neat-ai/wasm bundleBytes=1039872 bundleLoadMs=2 glueImportMs=13 instantiateMs=2 wasmTotalMs=18 workerError=none
[MCMC] Gen: temp=0.9508, acceptance=100.0% (smoothed=100.0%), proposed=4, accepted=4, rejected=0
Training d8baab0a caused a higher error of 0.564800014257795 from 0.5621259174086611
Training d8baab0a caused a higher error of 0.564800014257795 from 0.5621259174086611 and no tuning
[PreWarm] 8 new templates, 7 cached, 15 unique topologies (307ms)
[Timing] fitness=18343ms breeding=53271ms breedingWorker=53271ms mainThreadOverlap=0ms resultProcessing=0ms preWarm=307ms pipelineOverlap=315ms sort=0ms writeScores=12ms mutation=5196ms deduplication=1175ms speciation=8ms total=91801ms
[Utilisation] fitness=0%fast/100%heavy breeding=0%fast/50%heavy overall=9%
[MutationOps] MOD_WEIGHT proposed=4 noChange=0 applied=4 reverted=0 evaluated=0 accepted=0 rejected=0 evalMs=0 depth[in=0 mid=0 out=0 ?=4] | SUB_CONN proposed=1 noChange=0 applied=1 reverted=0 evaluated=0 accepted=0 rejected=0 evalMs=0 depth[in=0 mid=1 out=0 ?=0] | MOD_BIAS proposed=0 noChange=0 applied=0 reverted=0 evaluated=4 accepted=0 rejected=4 evalMs=4866 delta[n=4 min=-231.7974 med=-8.0325 max=-0.5645] depthRejected[in=0 mid=0 out=0 ?=4] || resolved=4 multiOperator=0 discarded=0 evalMs=4866 mcmc=4/4
[Throughput] wall=91801ms nonFitness=73458ms gensPerHour=39.2 fast=busy457784ms/idle460226ms/depth15/wait76297ms heavy=busy191671ms/idle0ms/depth4/wait47918ms scorer=94.6ms/scored15/batchScored15/perCreatureScored0/batchInvocations1/creaturesPerSec0.8 corruptParentSkips=0
[WasmWorkerInit] worker=worker-26 outcome=ok handshakeMs=8407 cache=hit cacheDir=/Users/sloth/.cache/neat-ai/wasm bundleBytes=1039872 bundleLoadMs=2 glueImportMs=13 instantiateMs=2 wasmTotalMs=18 workerError=none
Generation 2 score 0.4379282999035276 (avg: -19.6286) error 0.5620646307681746 time 1m 32s 422ms
[DynamicPool] 2 idle heavy worker(s) assisting fitness evaluation
[NEAT-AI] Batch scorer partition: 17 forwardOnly batched, 0 recurrent batched, 0 per-creature
[WasmWorkerInit] worker=worker-27 outcome=ok handshakeMs=676 cache=hit cacheDir=/Users/sloth/.cache/neat-ai/wasm bundleBytes=1039872 bundleLoadMs=2 glueImportMs=13 instantiateMs=2 wasmTotalMs=18 workerError=none
[WasmWorkerInit] worker=worker-28 outcome=ok handshakeMs=248 cache=hit cacheDir=/Users/sloth/.cache/neat-ai/wasm bundleBytes=1039872 bundleLoadMs=2 glueImportMs=13 instantiateMs=2 wasmTotalMs=18 workerError=none
[WasmWorkerInit] worker=worker-29 outcome=ok handshakeMs=296 cache=hit cacheDir=/Users/sloth/.cache/neat-ai/wasm bundleBytes=1039872 bundleLoadMs=2 glueImportMs=13 instantiateMs=2 wasmTotalMs=18 workerError=none
[WasmWorkerInit] worker=worker-30 outcome=ok handshakeMs=291 cache=hit cacheDir=/Users/sloth/.cache/neat-ai/wasm bundleBytes=1039872 bundleLoadMs=2 glueImportMs=13 instantiateMs=2 wasmTotalMs=18 workerError=none
[WasmWorkerInit] worker=worker-31 outcome=ok handshakeMs=300 cache=hit cacheDir=/Users/sloth/.cache/neat-ai/wasm bundleBytes=1039872 bundleLoadMs=2 glueImportMs=13 instantiateMs=2 wasmTotalMs=18 workerError=none
[WasmWorkerInit] worker=worker-32 outcome=ok handshakeMs=389 cache=hit cacheDir=/Users/sloth/.cache/neat-ai/wasm bundleBytes=1039872 bundleLoadMs=2 glueImportMs=13 instantiateMs=2 wasmTotalMs=18 workerError=none
[WasmWorkerInit] worker=worker-33 outcome=ok handshakeMs=819 cache=hit cacheDir=/Users/sloth/.cache/neat-ai/wasm bundleBytes=1039872 bundleLoadMs=2 glueImportMs=13 instantiateMs=2 wasmTotalMs=18 workerError=none
[WasmWorkerInit] worker=worker-34 outcome=ok handshakeMs=463 cache=hit cacheDir=/Users/sloth/.cache/neat-ai/wasm bundleBytes=1039872 bundleLoadMs=2 glueImportMs=13 instantiateMs=2 wasmTotalMs=18 workerError=none
[WasmWorkerInit] worker=worker-35 outcome=ok handshakeMs=328 cache=hit cacheDir=/Users/sloth/.cache/neat-ai/wasm bundleBytes=1039872 bundleLoadMs=2 glueImportMs=13 instantiateMs=2 wasmTotalMs=18 workerError=none
[WasmWorkerInit] worker=worker-36 outcome=ok handshakeMs=507 cache=hit cacheDir=/Users/sloth/.cache/neat-ai/wasm bundleBytes=1039872 bundleLoadMs=2 glueImportMs=13 instantiateMs=2 wasmTotalMs=18 workerError=none
[neat-ai] running version 7.0.48
CRISPR yield-curve-steep-v1 Score: 0.4379282999035276, Error: 0.5620646307681746 -> 0.5620646307681746 neutral
Training 67d76b58 scheduled
Training c04fce5a scheduled
Training 9378b5cc scheduled
Training 8be6ae0a scheduled
Training d8baab0a completed after 22s 966ms
Training d8baab0a compacted
Training 2aedd370 completed after 38s 290ms
Training 2aedd370 compacted
Training 63fcb122 completed after 48s 816ms
Training 63fcb122 compacted
Training 43b99db7 completed after 48s 788ms
Training 43b99db7 compacted
[Neat] Discovery replay: no improvement found (evaluated: 0)
[MCMC] Gen: temp=0.9271, acceptance=100.0% (smoothed=100.0%), proposed=4, accepted=4, rejected=0
[PopulationBudget] Dropped 6 creature(s) to stay within the effective population size of 20 (elitists=1, trained=12, fineTuned=5, bred=7, dna=1)
[PreWarm] 11 new templates, 5 cached, 16 unique topologies (749ms)
[Timing] fitness=14827ms breeding=5389ms breedingWorker=5389ms mainThreadOverlap=741ms resultProcessing=741ms preWarm=749ms pipelineOverlap=1500ms sort=0ms writeScores=31ms mutation=6960ms deduplication=1507ms speciation=10ms total=41260ms
[Utilisation] fitness=0%fast/0%heavy breeding=0%fast/100%heavy overall=6%
[MutationOps] MOD_BIAS proposed=3 noChange=0 applied=3 reverted=0 evaluated=0 accepted=0 rejected=0 evalMs=0 depth[in=0 mid=0 out=0 ?=3] | MOD_WEIGHT proposed=1 noChange=0 applied=1 reverted=0 evaluated=4 accepted=0 rejected=4 evalMs=3469 delta[n=4 min=-27.4652 med=-6.7736 max=1.9062] depth[in=0 mid=0 out=0 ?=1] depthRejected[in=0 mid=0 out=0 ?=4] | SUB_CONN proposed=0 noChange=0 applied=0 reverted=0 evaluated=1 accepted=0 rejected=1 evalMs=867 delta[n=1 min=3.78e-5 med=3.78e-5 max=3.78e-5] depthRejected[in=0 mid=1 out=0 ?=0] || resolved=5 multiOperator=0 discarded=0 evalMs=4337 mcmc=4/4
[Throughput] wall=41260ms nonFitness=26433ms gensPerHour=87.3 fast=busy24803ms/idle387797ms/depth17/wait5107ms heavy=busy0ms/idle82520ms/depth4/wait0ms scorer=81.1ms/scored17/batchScored17/perCreatureScored0/batchInvocations1/creaturesPerSec1.1 corruptParentSkips=0
Generation 3 score 0.4379282999035276 (avg: -4.3631) error 0.5620646307681746 time 41s 807ms
[NEAT-AI] Batch scorer partition: 18 forwardOnly batched, 0 recurrent batched, 0 per-creature
CRISPR death-cross-sma-v1 Score: 0.4379282999035276, Error: 0.5620646307681746 -> 0.5620646307681746 neutral
Compact 2aedd370 Score: 0.43789510812617344, Error: 0.5621216488705046 -> 0.5620978273001009, 👌 0.0000238
Trained 2aedd370 Score: 0.43789510795489045, Error: 0.5621216488705046 -> 0.5620978273213989, 👌 0.0000238
Compact d8baab0a Score: 0.43786701778270326, Error: 0.5621259174086611 -> 0.5621259173435685, 👌 6.51e-11
Trained d8baab0a Score: 0.43786701771759134, Error: 0.5621259174086611 -> 0.5621259174086611,  🫥
Compact 63fcb122 Score: 0.43783223521066067, Error: 0.5620646316232911 -> 0.562160695661014, 👿 -0.0000961
Trained 63fcb122 Score: 0.4378322350768476, Error: 0.5620646316232911 -> 0.5621606956448421, 👿 -0.0000961
Compact 43b99db7 Score: 0.4377016794258966, Error: 0.5621216239177761 -> 0.5622912559503875, 👿 -0.000170
Trained 43b99db7 Score: 0.43770167930868425, Error: 0.5621216239177761 -> 0.5622912559176149, 👿 -0.000170
Compact 63fcb122 Score: -0.04347157037707068, Error: 0.5620646316232911 -> 1.0434645023984939, 👿 -0.481, Variant: overshot
Compact 43b99db7 Score: -0.227885853221815, Error: 0.5621216239177761 -> 1.2278787897478476, 👿 -0.666, Variant: overshot
Compact 43b99db7 Score: -0.23563235873333568, Error: 0.5621216239177761 -> 1.2356252952593683, 👿 -0.674, Variant: undershot
Compact 63fcb122 Score: -1.0407931788077651, Error: 0.5620646316232911 -> 2.0407861108291883, 👿 -1.48, Variant: undershot
Training c04fce5a caused a higher error of 0.6499082276927325 from 0.5620646307681746
Training c04fce5a caused a higher error of 0.6499082276927325 from 0.5620646307681746 and no tuning
[MCMC] Gen: temp=0.9800, acceptance=100.0% (smoothed=100.0%), proposed=3, accepted=3, rejected=0
[PreWarm] 4 new templates, 4 cached, 8 unique topologies (254ms)
[Timing] fitness=19086ms breeding=27560ms breedingWorker=27560ms mainThreadOverlap=0ms resultProcessing=0ms preWarm=254ms pipelineOverlap=268ms sort=0ms writeScores=88ms mutation=636ms deduplication=508ms speciation=14ms total=62097ms
[Utilisation] fitness=0%fast/100%heavy breeding=0%fast/50%heavy overall=9%
[MutationOps] MOD_BIAS proposed=2 noChange=0 applied=2 reverted=0 evaluated=0 accepted=0 rejected=0 evalMs=0 depth[in=0 mid=0 out=0 ?=2] | MOD_WEIGHT proposed=1 noChange=0 applied=1 reverted=0 evaluated=0 accepted=0 rejected=0 evalMs=0 depth[in=0 mid=0 out=0 ?=1] | SWAP_NODES proposed=1 noChange=0 applied=1 reverted=0 evaluated=0 accepted=0 rejected=0 evalMs=0 depth[in=1 mid=0 out=0 ?=0] || resolved=0 multiOperator=0 discarded=4 evalMs=0 mcmc=3/3
[Throughput] wall=62097ms nonFitness=43011ms gensPerHour=58.0 fast=busy262229ms/idle358741ms/depth18/wait58273ms heavy=busy61962ms/idle62232ms/depth4/wait15491ms scorer=131.3ms/scored18/batchScored18/perCreatureScored0/batchInvocations1/creaturesPerSec0.9 corruptParentSkips=0
Generation 4 score 0.4379282999035276 (avg: -0.1976) error 0.5620646307681746 time 1m 2s 720ms
[DynamicPool] 1 idle heavy worker(s) assisting fitness evaluation
[NEAT-AI] Batch scorer partition: 16 forwardOnly batched, 0 recurrent batched, 0 per-creature
CRISPR DJIA-Exclusion-v3 Score: 0.4379282999035276, Error: 0.5620646307681746 -> 0.5620646307681746 neutral
Skipping discovery: insufficient time (1m remaining, 2m estimated)
Training 4d10cb66 scheduled
Training 4c5640ee scheduled
Training 67d76b58 completed after 41s 462ms
Training 67d76b58 compacted
Training c04fce5a completed after 39s 183ms
Training c04fce5a compacted
[WasmWorkerInit] worker=worker-37 outcome=ok handshakeMs=1716 cache=hit cacheDir=/Users/sloth/.cache/neat-ai/wasm bundleBytes=1039872 bundleLoadMs=2 glueImportMs=13 instantiateMs=2 wasmTotalMs=18 workerError=none
[WasmWorkerInit] worker=worker-38 outcome=ok handshakeMs=553 cache=hit cacheDir=/Users/sloth/.cache/neat-ai/wasm bundleBytes=1039872 bundleLoadMs=2 glueImportMs=13 instantiateMs=2 wasmTotalMs=18 workerError=none
[WasmWorkerInit] worker=worker-39 outcome=ok handshakeMs=488 cache=hit cacheDir=/Users/sloth/.cache/neat-ai/wasm bundleBytes=1039872 bundleLoadMs=2 glueImportMs=13 instantiateMs=2 wasmTotalMs=18 workerError=none
[WasmWorkerInit] worker=worker-40 outcome=ok handshakeMs=680 cache=hit cacheDir=/Users/sloth/.cache/neat-ai/wasm bundleBytes=1039872 bundleLoadMs=2 glueImportMs=13 instantiateMs=2 wasmTotalMs=18 workerError=none
[WasmWorkerInit] worker=worker-41 outcome=ok handshakeMs=456 cache=hit cacheDir=/Users/sloth/.cache/neat-ai/wasm bundleBytes=1039872 bundleLoadMs=2 glueImportMs=13 instantiateMs=2 wasmTotalMs=18 workerError=none
[WasmWorkerInit] worker=worker-42 outcome=ok handshakeMs=303 cache=hit cacheDir=/Users/sloth/.cache/neat-ai/wasm bundleBytes=1039872 bundleLoadMs=2 glueImportMs=13 instantiateMs=2 wasmTotalMs=18 workerError=none
[WasmWorkerInit] worker=worker-43 outcome=ok handshakeMs=377 cache=hit cacheDir=/Users/sloth/.cache/neat-ai/wasm bundleBytes=1039872 bundleLoadMs=2 glueImportMs=13 instantiateMs=2 wasmTotalMs=18 workerError=none
[WasmWorkerInit] worker=worker-44 outcome=ok handshakeMs=374 cache=hit cacheDir=/Users/sloth/.cache/neat-ai/wasm bundleBytes=1039872 bundleLoadMs=2 glueImportMs=13 instantiateMs=2 wasmTotalMs=18 workerError=none
[WasmWorkerInit] worker=worker-45 outcome=ok handshakeMs=375 cache=hit cacheDir=/Users/sloth/.cache/neat-ai/wasm bundleBytes=1039872 bundleLoadMs=2 glueImportMs=13 instantiateMs=2 wasmTotalMs=18 workerError=none
[WasmWorkerInit] worker=worker-46 outcome=ok handshakeMs=358 cache=hit cacheDir=/Users/sloth/.cache/neat-ai/wasm bundleBytes=1039872 bundleLoadMs=2 glueImportMs=13 instantiateMs=2 wasmTotalMs=18 workerError=none
[WasmWorkerInit] worker=worker-47 outcome=ok handshakeMs=310 cache=hit cacheDir=/Users/sloth/.cache/neat-ai/wasm bundleBytes=1039872 bundleLoadMs=2 glueImportMs=13 instantiateMs=2 wasmTotalMs=18 workerError=none
[WasmWorkerInit] worker=worker-48 outcome=ok handshakeMs=364 cache=hit cacheDir=/Users/sloth/.cache/neat-ai/wasm bundleBytes=1039872 bundleLoadMs=2 glueImportMs=13 instantiateMs=2 wasmTotalMs=18 workerError=none
[neat-ai] running version 7.0.48
[MCMC] Gen: temp=0.9800, acceptance=100.0% (smoothed=100.0%), proposed=3, accepted=3, rejected=0
[PopulationBudget] Dropped 3 creature(s) to stay within the effective population size of 20 (elitists=2, trained=6, fineTuned=5, bred=9, dna=1)
[PreWarm] 8 new templates, 8 cached, 16 unique topologies (577ms)
[Timing] fitness=6671ms breeding=7896ms breedingWorker=7896ms mainThreadOverlap=376ms resultProcessing=376ms preWarm=577ms pipelineOverlap=958ms sort=0ms writeScores=85ms mutation=8017ms deduplication=1294ms speciation=5ms total=37726ms
[Utilisation] fitness=0%fast/50%heavy breeding=0%fast/100%heavy overall=9%
[MutationOps] MOD_BIAS proposed=2 noChange=0 applied=2 reverted=0 evaluated=2 accepted=0 rejected=2 evalMs=826 delta[n=1 min=0.1686 med=0.1686 max=0.1686] depth[in=0 mid=0 out=0 ?=2] depthRejected[in=0 mid=0 out=0 ?=2] | MOD_WEIGHT proposed=1 noChange=0 applied=1 reverted=0 evaluated=1 accepted=0 rejected=1 evalMs=413 delta[n=1 min=-5.89e-4 med=-5.89e-4 max=-5.89e-4] depth[in=0 mid=0 out=0 ?=1] depthRejected[in=0 mid=0 out=0 ?=1] | SUB_NODE proposed=1 noChange=0 applied=1 reverted=0 evaluated=0 accepted=0 rejected=0 evalMs=0 depth[in=1 mid=0 out=0 ?=0] | SWAP_NODES proposed=0 noChange=0 applied=0 reverted=0 evaluated=1 accepted=0 rejected=1 evalMs=413 depthRejected[in=1 mid=0 out=0 ?=0] || resolved=4 multiOperator=0 discarded=0 evalMs=1652 mcmc=3/3
[Throughput] wall=37726ms nonFitness=31055ms gensPerHour=95.4 fast=busy27946ms/idle349314ms/depth16/wait5240ms heavy=busy0ms/idle75452ms/depth3/wait0ms scorer=64.7ms/scored16/batchScored16/perCreatureScored0/batchInvocations1/creaturesPerSec2.4 corruptParentSkips=0
Generation 5 score 0.43792830639106756 (avg: 0.0315) error 0.5620646242306456 time 38s 63ms
[NEAT-AI] Batch scorer partition: 18 forwardOnly batched, 0 recurrent batched, 0 per-creature
Training 8be6ae0a caused a higher error of 0.5722533667125163 from 0.5622297808610746
Training 8be6ae0a caused a higher error of 0.5722533667125163 from 0.5622297808610746 and no tuning
CRISPR sentiment-divergence-bearish-v1 Score: 0.43792830639106756, Error: 0.5620646242306456 -> 0.5620646242306456 neutral
Compact 67d76b58 Score: 0.43789755334826586, Error: 0.5620646307681746 -> 0.5620953774734188, 👿 -0.0000307
Trained 67d76b58 Score: 0.43789755313934914, Error: 0.5620646307681746 -> 0.5620953775323504, 👿 -0.0000307
Compact c04fce5a Score: 0.33884118251760864, Error: 0.5620646307681746 -> 0.6611517476541212, 👿 -0.0991
Trained c04fce5a Score: 0.33884118237423255, Error: 0.5620646307681746 -> 0.6611517476475123, 👿 -0.0991
Compact 67d76b58 Score: -0.07836533201111645, Error: 0.5620646307681746 -> 1.0783582639825506, 👿 -0.516, Variant: overshot
Compact 67d76b58 Score: -949.9709301877563, Error: 0.5620646307681746 -> 950.9709231197277, 👿 -950, Variant: undershot
Training 8be6ae0a completed after 41s 761ms
Training 8be6ae0a compacted
Training 9378b5cc completed after 41s 891ms
Training 9378b5cc compacted
[Neat] Discovery replay: no improvement found (evaluated: 0)
[WasmWorkerInit] worker=worker-49 outcome=ok handshakeMs=26731 cache=hit cacheDir=/Users/sloth/.cache/neat-ai/wasm bundleBytes=1039872 bundleLoadMs=2 glueImportMs=13 instantiateMs=2 wasmTotalMs=18 workerError=none
Training 4c5640ee caused a higher error of 0.6556313256692496 from 0.5620646307681746
Training 4c5640ee caused a higher error of 0.6556313256692496 from 0.5620646307681746 and no tuning
[MCMC] Gen: temp=0.9800, acceptance=100.0% (smoothed=100.0%), proposed=3, accepted=3, rejected=0
[PopulationBudget] Dropped 1 creature(s) to stay within the effective population size of 20 (elitists=2, trained=4, fineTuned=5, bred=9, dna=1)
[PreWarm] 6 new templates, 5 cached, 11 unique topologies (193ms)
[Timing] fitness=19193ms breeding=28282ms breedingWorker=28282ms mainThreadOverlap=388ms resultProcessing=388ms preWarm=193ms pipelineOverlap=587ms sort=0ms writeScores=82ms mutation=1943ms deduplication=418ms speciation=6ms total=65255ms
[Utilisation] fitness=0%fast/100%heavy breeding=0%fast/0%heavy overall=5%
[MutationOps] MOD_BIAS proposed=2 noChange=0 applied=2 reverted=0 evaluated=1 accepted=0 rejected=1 evalMs=1060 delta[n=1 min=-0.5786 med=-0.5786 max=-0.5786] depth[in=0 mid=0 out=0 ?=2] depthRejected[in=0 mid=0 out=0 ?=1] | MOD_WEIGHT proposed=1 noChange=0 applied=1 reverted=0 evaluated=1 accepted=0 rejected=1 evalMs=1060 depth[in=0 mid=0 out=0 ?=1] depthRejected[in=0 mid=0 out=0 ?=1] | SUB_NODE proposed=0 noChange=0 applied=0 reverted=0 evaluated=1 accepted=0 rejected=1 evalMs=1060 depthRejected[in=1 mid=0 out=0 ?=0] || resolved=3 multiOperator=0 discarded=1 evalMs=3180 mcmc=3/3
[Throughput] wall=65255ms nonFitness=46062ms gensPerHour=55.2 fast=busy217670ms/idle434880ms/depth18/wait48371ms heavy=busy257504ms/idle0ms/depth3/wait42917ms scorer=115.2ms/scored18/batchScored18/perCreatureScored0/batchInvocations1/creaturesPerSec0.9 corruptParentSkips=0
[WasmWorkerInit] worker=worker-50 outcome=ok handshakeMs=3065 cache=hit cacheDir=/Users/sloth/.cache/neat-ai/wasm bundleBytes=1039872 bundleLoadMs=2 glueImportMs=13 instantiateMs=2 wasmTotalMs=18 workerError=none
Generation 6 score 0.437928306436515 (avg: -47.4343) error 0.5620646241352092 time 1m 5s 769ms
Waiting for additional generation
[Neat] Training over-run: elapsed exceeded expected duration × 1 — stopping new generations and finishing with the evolved population
[WasmWorkerInit] worker=worker-51 outcome=ok handshakeMs=247 cache=hit cacheDir=/Users/sloth/.cache/neat-ai/wasm bundleBytes=1039872 bundleLoadMs=2 glueImportMs=13 instantiateMs=2 wasmTotalMs=18 workerError=none
[WasmWorkerInit] worker=worker-52 outcome=ok handshakeMs=158 cache=hit cacheDir=/Users/sloth/.cache/neat-ai/wasm bundleBytes=1039872 bundleLoadMs=2 glueImportMs=13 instantiateMs=2 wasmTotalMs=18 workerError=none
[WasmWorkerInit] worker=worker-53 outcome=ok handshakeMs=152 cache=hit cacheDir=/Users/sloth/.cache/neat-ai/wasm bundleBytes=1039872 bundleLoadMs=2 glueImportMs=13 instantiateMs=2 wasmTotalMs=18 workerError=none
[WasmWorkerInit] worker=worker-54 outcome=ok handshakeMs=148 cache=hit cacheDir=/Users/sloth/.cache/neat-ai/wasm bundleBytes=1039872 bundleLoadMs=2 glueImportMs=13 instantiateMs=2 wasmTotalMs=18 workerError=none
[WasmWorkerInit] worker=worker-55 outcome=ok handshakeMs=148 cache=hit cacheDir=/Users/sloth/.cache/neat-ai/wasm bundleBytes=1039872 bundleLoadMs=2 glueImportMs=13 instantiateMs=2 wasmTotalMs=18 workerError=none
[WasmWorkerInit] worker=worker-56 outcome=ok handshakeMs=146 cache=hit cacheDir=/Users/sloth/.cache/neat-ai/wasm bundleBytes=1039872 bundleLoadMs=2 glueImportMs=13 instantiateMs=2 wasmTotalMs=18 workerError=none
[WasmWorkerInit] worker=worker-57 outcome=ok handshakeMs=145 cache=hit cacheDir=/Users/sloth/.cache/neat-ai/wasm bundleBytes=1039872 bundleLoadMs=2 glueImportMs=13 instantiateMs=2 wasmTotalMs=18 workerError=none
[WasmWorkerInit] worker=worker-58 outcome=ok handshakeMs=142 cache=hit cacheDir=/Users/sloth/.cache/neat-ai/wasm bundleBytes=1039872 bundleLoadMs=2 glueImportMs=13 instantiateMs=2 wasmTotalMs=18 workerError=none
[WasmWorkerInit] worker=worker-59 outcome=ok handshakeMs=141 cache=hit cacheDir=/Users/sloth/.cache/neat-ai/wasm bundleBytes=1039872 bundleLoadMs=2 glueImportMs=13 instantiateMs=2 wasmTotalMs=18 workerError=none
[WasmWorkerInit] worker=worker-60 outcome=ok handshakeMs=143 cache=hit cacheDir=/Users/sloth/.cache/neat-ai/wasm bundleBytes=1039872 bundleLoadMs=2 glueImportMs=13 instantiateMs=2 wasmTotalMs=18 workerError=none
[neat-ai] running version 7.0.48
[evolveDir] teardown complete: 12 worker(s) terminated, 0 detached; replay queue drained
[training-skip] summary skipped=0 populationSkipped=0 creatureSkipped=0 otherSkipped=0 improvements=6 regressions=4 noChange=0 neatSkipped=0 regressionRate=0.4 (#4713)
2026-10-04T07:50:55.448Z [INFO] [Learn] [pid-46245] Evolution of 6 generations in 6m 3s, averaging 1m 554ms
2026-10-04T07:50:55.448Z [INFO] [Learn] [pid-46245] [seed] loaded=34 skipped=0 kept=34 dropped=0 populationSize=20 dir=.creatures (#4300)
2026-10-04T07:50:55.448Z [INFO] [Learn] [pid-46245] [seed] best=sampler-1.json@0.43864586522383403 worst-kept=15.json@-Infinity best-dropped=none (#4300)
2026-10-04T07:50:55.448Z [WARN] [Learn] [pid-46245] model training over-run: elapsed 6m 3s vs expected 5m — stopping further generations; results committed (#4141)
2026-10-04T07:50:55.553Z [INFO] [saveValidatedCreatureExport] [pid-46245] [forward-only] saved file=.network-sampler.json
[checkin-reserve] overrun: loop 1 Learn ran 6m11s against --timeout=5 min (overran 1m11s); sized with 168m21s left, launched with 157m53s left (10m28s consumed before launch) (#4872)
[result-metadata] stamped .result-sampler.json with samplerBuildTimeMs=10054
Loop 2 of 5
⏭️  Loop 2: remaining budget too small (~2 min < floor) — skipping this loop's evolution to preserve the final loop + check-in reserve (#2598)
From github.com:stSoftwareAU/GRQ-cluster
 * branch              main       -> FETCH_HEAD
   ac523ad4..3b8544c7  main       -> origin/main
Updating ac523ad4..3b8544c7
Updating files: 100% (2/2)Updating files: 100% (2/2), done.
Fast-forward
 performance.csv                               |  1 +
 statistics/Mac-Ultra-M2/2026/10/04/07-37.json | 76 +++++++++++++++++++++++++++
 2 files changed, 77 insertions(+)
 create mode 100644 statistics/Mac-Ultra-M2/2026/10/04/07-37.json
ℹ️ [creature-artefact] ../GRQ-cluster/creature.json absent — reading legacy network.json (#4153 rollout window)
GIT-OP: [sampler-copyNetworks] git pull ok in 7s (attempt 1/3, timeout=600s)
From github.com:stSoftwareAU/GRQ-sampler
   9ad7a0c3..eec938a7  main       -> origin/main
Updating 9ad7a0c3..eec938a7
Updating files:  50% (2/4)Updating files:  75% (3/4)Updating files: 100% (4/4)Updating files: 100% (4/4), done.
Fast-forward
 performance.csv       |      3 +
 samples/GRQ-10-1.json |    340 +-
 samples/GRQ-19-1.json | 365454 +++++++++++++++++++++++++++++++++++++++++++++++
 samples/GRQ-3-1.json  |    308 +-
 4 files changed, 366004 insertions(+), 101 deletions(-)
 create mode 100644 samples/GRQ-19-1.json
[samples] pool shrunk to fit the run's soft budget scored=8 of considered=47 remaining=1893s share=20% secs_per_creature=72 — the rest are dropped at random this run, never by tag (#4671)
[samples] considered=8 dir=samples top=6 random=2 (#4300)
[samples] scoring pool=8 data=/Users/sloth/GRQ/.trainData-binary_116 — ranking on locally measured scores, stored score tags are never used (#4375)
[samples] scoring deadline=3600s/scorer-pass pool=8 secs_per_creature=72 slack=3x floor=3600s (#4615)
2026-10-04T07:51:10.036Z [INFO] [batchRustScore] [pid-49310] 🦀 Rust batch score: 8 creature(s) → /Users/sloth/.cargo/bin/rust_scorer
2026-10-04T08:00:49.758Z [INFO] [ScoreSeedPool] [pid-49310] measured 8 of 8 seed candidate(s) on /Users/sloth/GRQ/.trainData-binary_116
[samples] scoring pass ok rc=0 elapsed=581s pool=8 secs_per_creature=73 (#4494/#4498)
[samples] scored measured=8 unmeasured=0 of considered=8 (#4375)
[samples] random-pool eligible=8 quarantined=0 best=0.432294468645907 floor=0.3242208515 limit=25% ranked-taken=6 available=2 (#4299, #4677)
[samples] pick slot=top rank=1 score=0.432294468645907 measured=local file=GRQ-21-ockham.json (#4375)
[samples] pick slot=top rank=2 score=0.43227397468610895 measured=local file=GRQ-21-forests.json (#4375)
[samples] pick slot=top rank=3 score=0.43227397468610895 measured=local file=GRQ-21-1.json (#4375)
[samples] pick slot=top rank=4 score=0.43225154130837173 measured=local file=GRQ-18-1.json (#4375)
[samples] pick slot=top rank=5 score=0.43220358248049295 measured=local file=GRQ-25-forests.json (#4375)
[samples] pick slot=top rank=6 score=0.43209564270410683 measured=local file=GRQ-3-ockham.json (#4375)
[samples] pick slot=random rank=- score=0.43156597926676765 measured=local file=GRQ-21-lamarck.json (#4375)
[samples] pick slot=random rank=- score=0.4312269964311358 measured=local file=GRQ-10-ockham.json (#4375)
[samples] seeded slots=8 of 8 top=6 random=2 considered=8 (#4677)
ℹ️ [creature-artefact] ../GRQ-portfolio/best/creature.json absent — reading legacy network.json (#4153 rollout window)
[creatures] copyNetworks: 36 creature file(s) in /Users/sloth/GRQ/.creatures (#4300)
[creatures] copyNetworks: 1.json 10.json 11.json 12.json 13.json 14.json 15.json 16.json 17.json 18.json 19.json 2.json 20.json 3.json 4.json 5.json 6.json 7.json 8.json 9.json GRQ-10-ockham.json GRQ-18-1.json GRQ-21-1.json GRQ-21-forests.json GRQ-21-lamarck.json GRQ-21-ockham.json GRQ-25-forests.json GRQ-3-ockham.json best.json cluster.json sampler-1.json sampler-2.json sampler-3.json sampler-4.json sampler-5.json worker.json 
2) Sample rate: 0.05, timeout: 18, costName: MSE
sampler-preflight: bounding corpus du with the bash watchdog (30s) — timeout/gtimeout is not on this host (#4744)
sampler-preflight: phase=slice-0.05 free_gb=103.2 corpus_gb=21.4 required_gb=1.3 decision=ok
[heap-grant] stage=Sampler | Heap: 4326 MB | Total RAM: 16 GB | Available: 13762 MB | Planning budget: 8192 MB | FFI/OS headroom: 1536 MB | Floor: 4096 MB | Cap: 24576 MB (default) | Clamp: 7450 MB (ledger)
🏭 .trainData-binary_116-sampler/sample-5.bin — 114123 of 2287083 records kept from 520 file(s), seed 4131990475636151821
📄 .trainData-binary_116-sampler/manifest.json — sha256 1349b88d1f3949adc905f5161d6c21dd354aba9d228b85c1bf7769a8c9ad2dfa
2026-10-04T08:01:30.264Z [INFO] [Sampler] [pid-53439] 🏭 sampler implementation=refinery elapsed_ms=11745 records_read=2287083 records_written=114123 output=.trainData-binary_116-sampler/sample-5.bin
2026-10-04T08:01:30.265Z [INFO] [Sampler] [pid-53439] Total time taken: 11s 746ms
[scan-creatures] scanned=36 quarantined=0 repaired=0 reordered=0 duration=1568ms
⏭️  Skipped src/Learn.ts evolution for loop 2 — remaining budget below the floor (#2596)
Loop 3 of 5
⏭️  Loop 3: remaining budget too small (~0 min < floor) — skipping this loop's evolution to preserve the final loop + check-in reserve (#2598)
From github.com:stSoftwareAU/GRQ-cluster
 * branch              main       -> FETCH_HEAD
Already up to date.
ℹ️ [creature-artefact] ../GRQ-cluster/creature.json absent — reading legacy network.json (#4153 rollout window)
GIT-OP: [sampler-copyNetworks] git pull ok in 7s (attempt 1/3, timeout=600s)
From github.com:stSoftwareAU/GRQ-sampler
   eec938a7..d2db0fb4  main       -> origin/main
Updating eec938a7..d2db0fb4
Updating files: 100% (2/2)Updating files: 100% (2/2), done.
Fast-forward
 performance.csv       |   1 +
 samples/GRQ-25-1.json | 190 +++++++++++++++++++++++++++++++++++++++++++++++---
 2 files changed, 181 insertions(+), 10 deletions(-)
[samples] pool shrunk to fit the run's soft budget scored=8 of considered=47 remaining=1259s share=20% secs_per_creature=73 — the rest are dropped at random this run, never by tag (#4671)
[samples] considered=8 dir=samples top=6 random=2 (#4300)
[samples] scoring pool=8 data=/Users/sloth/GRQ/.trainData-binary_116 — ranking on locally measured scores, stored score tags are never used (#4375)
[samples] scoring deadline=3600s/scorer-pass pool=8 secs_per_creature=73 slack=3x floor=3600s (#4615)
2026-10-04T08:01:44.383Z [INFO] [batchRustScore] [pid-53791] 🦀 Rust batch score: 8 creature(s) → /Users/sloth/.cargo/bin/rust_scorer
2026-10-04T08:10:36.432Z [INFO] [ScoreSeedPool] [pid-53791] measured 8 of 8 seed candidate(s) on /Users/sloth/GRQ/.trainData-binary_116
[samples] scoring pass ok rc=0 elapsed=534s pool=8 secs_per_creature=67 (#4494/#4498)
[samples] scored measured=8 unmeasured=0 of considered=8 (#4375)
[samples] random-pool eligible=8 quarantined=0 best=0.4322944734859458 floor=0.3242208551 limit=25% ranked-taken=6 available=2 (#4299, #4677)
[samples] pick slot=top rank=1 score=0.4322944734859458 measured=local file=GRQ-21-ockham.json (#4375)
[samples] pick slot=top rank=2 score=0.4322739698492549 measured=local file=GRQ-13-1.json (#4375)
[samples] pick slot=top rank=3 score=0.43225154130837173 measured=local file=GRQ-18-forests.json (#4375)
[samples] pick slot=top rank=4 score=0.43225154130837173 measured=local file=GRQ-18-1.json (#4375)
[samples] pick slot=top rank=5 score=0.43209564270410683 measured=local file=GRQ-3-ockham.json (#4375)
[samples] pick slot=top rank=6 score=0.4318596181307133 measured=local file=GRQ-24-lamarck.json (#4375)
[samples] pick slot=random rank=- score=0.4312269964311358 measured=local file=GRQ-10-ockham.json (#4375)
[samples] pick slot=random rank=- score=0.3326009592273916 measured=local file=Enceladus-Terminal.json (#4375)
[samples] seeded slots=8 of 8 top=6 random=2 considered=8 (#4677)
ℹ️ [creature-artefact] ../GRQ-portfolio/best/creature.json absent — reading legacy network.json (#4153 rollout window)
[creatures] copyNetworks: 40 creature file(s) in /Users/sloth/GRQ/.creatures (#4300)
[creatures] copyNetworks: 1.json 10.json 11.json 12.json 13.json 14.json 15.json 16.json 17.json 18.json 19.json 2.json 20.json 3.json 4.json 5.json 6.json 7.json 8.json 9.json Enceladus-Terminal.json GRQ-10-ockham.json GRQ-13-1.json GRQ-18-1.json GRQ-18-forests.json GRQ-21-1.json GRQ-21-forests.json GRQ-21-lamarck.json GRQ-21-ockham.json GRQ-24-lamarck.json GRQ-25-forests.json GRQ-3-ockham.json best.json cluster.json sampler-1.json sampler-2.json sampler-3.json sampler-4.json sampler-5.json worker.json 
3) Sample rate: 0.11, timeout: 22, costName: MSE
sampler-preflight: bounding corpus du with the bash watchdog (30s) — timeout/gtimeout is not on this host (#4744)
sampler-preflight: phase=slice-0.11 free_gb=102.4 corpus_gb=21.4 required_gb=2.8 decision=ok
[heap-grant] stage=Sampler | Heap: 4326 MB | Total RAM: 16 GB | Available: 13598 MB | Planning budget: 8192 MB | FFI/OS headroom: 1536 MB | Floor: 4096 MB | Cap: 24576 MB (default) | Clamp: 7450 MB (ledger)
🏭 .trainData-binary_116-sampler/sample-11.bin — 251546 of 2287083 records kept from 520 file(s), seed 15786817068589519149
📄 .trainData-binary_116-sampler/manifest.json — sha256 dce61c29e301188a3d3571a37f8336e7da73e18a4abd33f8871b6d2e1868e8ea
2026-10-04T08:11:14.325Z [INFO] [Sampler] [pid-57634] 🏭 sampler implementation=refinery elapsed_ms=16196 records_read=2287083 records_written=251546 output=.trainData-binary_116-sampler/sample-11.bin
2026-10-04T08:11:14.328Z [INFO] [Sampler] [pid-57634] Total time taken: 16s 199ms
[scan-creatures] scanned=40 quarantined=0 repaired=0 reordered=0 duration=1836ms
⏭️  Skipped src/Learn.ts evolution for loop 3 — remaining budget below the floor (#2596)
Loop 4 of 5
⏭️  Loop 4: less than the final-loop allocation (12 min) remains of the ~60-min loop target — skipping to protect the final 100% loop (#2645)
Loop 5 of 5
⏱️  Loop 5 (final, 100% eval): remaining budget below floor but this loop is mandatory — running with --timeout=3 min to preserve the comparable creature + single check-in (#2598)
⏱️  Loop 5 (final, 100% eval): raising --timeout 3 → 12 min (sacred final-loop allocation #2645)
From github.com:stSoftwareAU/GRQ-cluster
 * branch              main       -> FETCH_HEAD
Already up to date.
ℹ️ [creature-artefact] ../GRQ-cluster/creature.json absent — reading legacy network.json (#4153 rollout window)
GIT-OP: [sampler-copyNetworks] git pull ok in 6s (attempt 1/3, timeout=600s)
From github.com:stSoftwareAU/GRQ-sampler
   d2db0fb4..9e47c0b5  main       -> origin/main
Updating d2db0fb4..9e47c0b5
Fast-forward
 samples/Enceladus-Terminal.json |  27712 ++-
 samples/GRQ-25-1.json           | 365526 -------------------------------------
 2 files changed, 13767 insertions(+), 379471 deletions(-)
 delete mode 100644 samples/GRQ-25-1.json
[samples] pool shrunk to fit the run's soft budget scored=8 of considered=46 remaining=675s share=20% secs_per_creature=67 — the rest are dropped at random this run, never by tag (#4671)
[samples] considered=8 dir=samples top=6 random=2 (#4300)
[samples] scoring pool=8 data=/Users/sloth/GRQ/.trainData-binary_116 — ranking on locally measured scores, stored score tags are never used (#4375)
[samples] scoring deadline=3600s/scorer-pass pool=8 secs_per_creature=67 slack=3x floor=3600s (#4615)
2026-10-04T08:11:28.225Z [INFO] [batchRustScore] [pid-58021] 🦀 Rust batch score: 8 creature(s) → /Users/sloth/.cargo/bin/rust_scorer
2026-10-04T08:19:54.596Z [INFO] [ScoreSeedPool] [pid-58021] measured 8 of 8 seed candidate(s) on /Users/sloth/GRQ/.trainData-binary_116
[samples] scoring pass ok rc=0 elapsed=508s pool=8 secs_per_creature=64 (#4494/#4498)
[samples] scored measured=8 unmeasured=0 of considered=8 (#4375)
[samples] random-pool eligible=8 quarantined=0 best=0.43227397468610895 floor=0.3242054810 limit=25% ranked-taken=6 available=2 (#4299, #4677)
[samples] pick slot=top rank=1 score=0.43227397468610895 measured=local file=GRQ-13-1.json (#4375)
[samples] pick slot=top rank=2 score=0.4322739698492549 measured=local file=GRQ-21-1.json (#4375)
[samples] pick slot=top rank=3 score=0.43225430633777717 measured=local file=GRQ-24-1.json (#4375)
[samples] pick slot=top rank=4 score=0.4322464261106363 measured=local file=GRQ-24-ockham.json (#4375)
[samples] pick slot=top rank=5 score=0.43209564748292273 measured=local file=GRQ-3-ockham.json (#4375)
[samples] pick slot=top rank=6 score=0.4320073322520011 measured=local file=GRQ-11-1.json (#4375)
[samples] pick slot=random rank=- score=0.4318596134223701 measured=local file=GRQ-24-lamarck.json (#4375)
[samples] pick slot=random rank=- score=0.4317824496668345 measured=local file=GRQ-23-lamarck.json (#4375)
[samples] seeded slots=8 of 8 top=6 random=2 considered=8 (#4677)
[creatures] copyNetworks(short): 33 creature file(s) in /Users/sloth/GRQ/.creatures (#4300)
[creatures] copyNetworks(short): 1.json 2.json 3.json 4.json 5.json 6.json 7.json 8.json 9.json Enceladus-Terminal.json GRQ-10-ockham.json GRQ-11-1.json GRQ-13-1.json GRQ-18-1.json GRQ-18-forests.json GRQ-21-1.json GRQ-21-forests.json GRQ-21-lamarck.json GRQ-21-ockham.json GRQ-23-lamarck.json GRQ-24-1.json GRQ-24-lamarck.json GRQ-24-ockham.json GRQ-25-forests.json GRQ-3-ockham.json best.json cluster.json sampler-1.json sampler-2.json sampler-3.json sampler-4.json sampler-5.json worker.json 
5) Sample rate: 1, timeout: 12, costName: MSE
sampler-preflight: bounding corpus du with the bash watchdog (30s) — timeout/gtimeout is not on this host (#4744)
sampler-preflight: phase=slice-1 free_gb=101.0 corpus_gb=21.4 required_gb=25.7 decision=ok
[heap-grant] stage=Sampler | Heap: 4326 MB | Total RAM: 16 GB | Available: 13762 MB | Planning budget: 8192 MB | FFI/OS headroom: 1536 MB | Floor: 4096 MB | Cap: 24576 MB (default) | Clamp: 7450 MB (ledger)
🏭 .trainData-binary_116-sampler/sample-100.bin — 2287083 of 2287083 records kept from 520 file(s), seed 5312678044338153848
📄 .trainData-binary_116-sampler/manifest.json — sha256 d823777469f0af7ed9841f235e42d61981182bf26aeef8c034fd1ba3678f8f73
2026-10-04T08:21:56.835Z [INFO] [Sampler] [pid-61899] 🏭 sampler implementation=refinery elapsed_ms=83980 records_read=2287083 records_written=2287083 output=.trainData-binary_116-sampler/sample-100.bin
2026-10-04T08:21:56.837Z [INFO] [Sampler] [pid-61899] Total time taken: 1m 23s
[scan-creatures] scanned=33 quarantined=0 repaired=0 reordered=0 duration=1596ms
👥 Population size (sampler loop 5): 20
[heap-grant] stage=SamplerLearn | Heap: 4326 MB | Total RAM: 16 GB | Available: 13762 MB | Planning budget: 8192 MB | FFI/OS headroom: 1536 MB | Floor: 4096 MB | Cap: 24576 MB (default) | Clamp: 7450 MB (ledger)
2026-10-04T08:21:59.260Z [INFO] [from-json-hook] [pid-62505] [from-json-hook] installed source=Learn
2026-10-04T08:21:59.262Z [INFO] [memoryProfile] [pid-62505] [memory-profile] host=GRQ-18 totalMB=4326 profile=low-memory popSize=20 activationCap=4
2026-10-04T08:21:59.585Z [INFO] [Learn] [pid-62505] WASM activation initialised for main thread and workers
[neat-ai] running version 7.0.48
2026-10-04T08:21:59.795Z [INFO] [Learn] [pid-62505] Alice Allen (Observations: 2,511, Neurons: 8,284, Synapses: 56,576 & Score: 0.438)
2026-10-04T08:22:00.046Z [INFO] [Learn] [pid-62505] [seed] loaded file=GRQ-24-1.json score=0.43225430633777717
2026-10-04T08:22:00.227Z [INFO] [Learn] [pid-62505] [seed] loaded file=sampler-5.json score=0.432251546746121
2026-10-04T08:22:00.398Z [INFO] [Learn] [pid-62505] [seed] loaded file=6.json score=none
2026-10-04T08:22:00.629Z [INFO] [Learn] [pid-62505] [seed] loaded file=GRQ-18-forests.json score=0.43225154130837173
2026-10-04T08:22:00.833Z [INFO] [Learn] [pid-62505] [seed] loaded file=7.json score=0.437928306436515
2026-10-04T08:22:01.063Z [INFO] [Learn] [pid-62505] [seed] loaded file=sampler-4.json score=0.4301309730085356
2026-10-04T08:22:01.157Z [INFO] [Learn] [pid-62505] [seed] loaded file=best.json score=0.40915305436761334
2026-10-04T08:22:01.366Z [INFO] [Learn] [pid-62505] [seed] loaded file=GRQ-10-ockham.json score=0.43122699473268344
2026-10-04T08:22:01.574Z [INFO] [Learn] [pid-62505] [seed] loaded file=GRQ-18-1.json score=0.432251546746121
2026-10-04T08:22:01.755Z [INFO] [Learn] [pid-62505] [seed] loaded file=GRQ-21-ockham.json score=0.432294468645907
2026-10-04T08:22:01.949Z [INFO] [Learn] [pid-62505] [seed] loaded file=sampler-3.json score=0.437928306436515
2026-10-04T08:22:02.140Z [INFO] [Learn] [pid-62505] [seed] loaded file=GRQ-25-forests.json score=0.43220357030214007
2026-10-04T08:22:02.347Z [INFO] [Learn] [pid-62505] [seed] loaded file=1.json score=0.437928306436515
2026-10-04T08:22:02.578Z [INFO] [Learn] [pid-62505] [seed] loaded file=sampler-2.json score=0.437928306436515
2026-10-04T08:22:02.626Z [INFO] [Learn] [pid-62505] [seed] loaded file=worker.json score=0.33237781827350293
2026-10-04T08:22:02.819Z [INFO] [Learn] [pid-62505] [seed] loaded file=GRQ-24-lamarck.json score=0.4318596134223701
2026-10-04T08:22:03.001Z [INFO] [Learn] [pid-62505] [seed] loaded file=GRQ-24-ockham.json score=0.4322464139301239
2026-10-04T08:22:03.230Z [INFO] [Learn] [pid-62505] [seed] loaded file=GRQ-23-lamarck.json score=0.4317824857412193
2026-10-04T08:22:03.447Z [INFO] [Learn] [pid-62505] [seed] loaded file=GRQ-13-1.json score=0.4322739698779029
2026-10-04T08:22:03.632Z [INFO] [Learn] [pid-62505] [seed] loaded file=2.json score=0.437928306436515
2026-10-04T08:22:03.800Z [INFO] [Learn] [pid-62505] [seed] loaded file=sampler-1.json score=0.437928306436515
2026-10-04T08:22:03.989Z [INFO] [Learn] [pid-62505] [seed] loaded file=GRQ-21-lamarck.json score=0.43156595306532197
2026-10-04T08:22:04.170Z [INFO] [Learn] [pid-62505] [seed] loaded file=GRQ-21-forests.json score=0.43227394068961245
2026-10-04T08:22:04.390Z [INFO] [Learn] [pid-62505] [seed] loaded file=cluster.json score=0.43225430633777717
2026-10-04T08:22:04.442Z [INFO] [Learn] [pid-62505] [seed] loaded file=Enceladus-Terminal.json score=0.33260095924901906
2026-10-04T08:22:04.660Z [INFO] [Learn] [pid-62505] [seed] loaded file=GRQ-11-1.json score=0.4320073375726317
2026-10-04T08:22:04.878Z [INFO] [Learn] [pid-62505] [seed] loaded file=3.json score=none
2026-10-04T08:22:05.055Z [INFO] [Learn] [pid-62505] [seed] loaded file=8.json score=0.437928306436515
2026-10-04T08:22:05.243Z [INFO] [Learn] [pid-62505] [seed] loaded file=GRQ-3-ockham.json score=0.43209564270410683
2026-10-04T08:22:05.412Z [INFO] [Learn] [pid-62505] [seed] loaded file=4.json score=none
2026-10-04T08:22:05.622Z [INFO] [Learn] [pid-62505] [seed] loaded file=GRQ-21-1.json score=0.4322739704447689
2026-10-04T08:22:05.782Z [INFO] [Learn] [pid-62505] [seed] loaded file=5.json score=none
2026-10-04T08:22:06.001Z [INFO] [Learn] [pid-62505] [seed] loaded file=9.json score=0.437928306436515
2026-10-04T08:22:06.002Z [INFO] [Learn] [pid-62505] [seed] loaded=33 skipped=0 kept=33 dropped=0 populationSize=20 dir=.creatures (#4300)
2026-10-04T08:22:06.002Z [INFO] [Learn] [pid-62505] [seed] best=7.json@0.437928306436515 worst-kept=5.json@-Infinity best-dropped=none (#4300)
2026-10-04T08:22:06.018Z [INFO] [Learn] [pid-62505] [learn] skipTrainingAfterConsecutiveRegressions=3
2026-10-04T08:22:06.018Z [INFO] [Learn] [pid-62505] [learn] skipTrainingAfterPopulationRegressions=6
2026-10-04T08:22:06.018Z [INFO] [Learn] [pid-62505] [learn] skipTrainingAfterPopulationNoProgress=0
2026-10-04T08:22:06.018Z [INFO] [Learn] [pid-62505] [inline-discovery-memory] nativeBudgetBytes=11489037516
2026-10-04T08:22:06.019Z [INFO] [Learn] [pid-62505] elitism 1, timeout 12, PopSize 20, cost MSE, SAMPLER
2026-10-04T08:22:06.019Z [INFO] [Learn] [pid-62505] Initialized in 6s 759ms
[WasmWorkerInit] worker=worker-1 outcome=ok handshakeMs=346 cache=hit cacheDir=/Users/sloth/.cache/neat-ai/wasm bundleBytes=1039872 bundleLoadMs=3 glueImportMs=15 instantiateMs=2 wasmTotalMs=20 workerError=none
[WasmWorkerInit] worker=worker-2 outcome=ok handshakeMs=262 cache=hit cacheDir=/Users/sloth/.cache/neat-ai/wasm bundleBytes=1039872 bundleLoadMs=3 glueImportMs=15 instantiateMs=2 wasmTotalMs=20 workerError=none
[WasmWorkerInit] worker=worker-3 outcome=ok handshakeMs=291 cache=hit cacheDir=/Users/sloth/.cache/neat-ai/wasm bundleBytes=1039872 bundleLoadMs=3 glueImportMs=15 instantiateMs=2 wasmTotalMs=20 workerError=none
[WasmWorkerInit] worker=worker-4 outcome=ok handshakeMs=255 cache=hit cacheDir=/Users/sloth/.cache/neat-ai/wasm bundleBytes=1039872 bundleLoadMs=3 glueImportMs=15 instantiateMs=2 wasmTotalMs=20 workerError=none
[WasmWorkerInit] worker=worker-5 outcome=ok handshakeMs=289 cache=hit cacheDir=/Users/sloth/.cache/neat-ai/wasm bundleBytes=1039872 bundleLoadMs=3 glueImportMs=15 instantiateMs=2 wasmTotalMs=20 workerError=none
[WasmWorkerInit] worker=worker-6 outcome=ok handshakeMs=281 cache=hit cacheDir=/Users/sloth/.cache/neat-ai/wasm bundleBytes=1039872 bundleLoadMs=3 glueImportMs=15 instantiateMs=2 wasmTotalMs=20 workerError=none
[WasmWorkerInit] worker=worker-7 outcome=ok handshakeMs=268 cache=hit cacheDir=/Users/sloth/.cache/neat-ai/wasm bundleBytes=1039872 bundleLoadMs=3 glueImportMs=15 instantiateMs=2 wasmTotalMs=20 workerError=none
[WasmWorkerInit] worker=worker-8 outcome=ok handshakeMs=281 cache=hit cacheDir=/Users/sloth/.cache/neat-ai/wasm bundleBytes=1039872 bundleLoadMs=3 glueImportMs=15 instantiateMs=2 wasmTotalMs=20 workerError=none
[WasmWorkerInit] worker=worker-9 outcome=ok handshakeMs=298 cache=hit cacheDir=/Users/sloth/.cache/neat-ai/wasm bundleBytes=1039872 bundleLoadMs=3 glueImportMs=15 instantiateMs=2 wasmTotalMs=20 workerError=none
[WasmWorkerInit] worker=worker-10 outcome=ok handshakeMs=279 cache=hit cacheDir=/Users/sloth/.cache/neat-ai/wasm bundleBytes=1039872 bundleLoadMs=3 glueImportMs=15 instantiateMs=2 wasmTotalMs=20 workerError=none
[WasmWorkerInit] worker=worker-11 outcome=ok handshakeMs=279 cache=hit cacheDir=/Users/sloth/.cache/neat-ai/wasm bundleBytes=1039872 bundleLoadMs=3 glueImportMs=15 instantiateMs=2 wasmTotalMs=20 workerError=none
[WasmWorkerInit] worker=worker-12 outcome=ok handshakeMs=293 cache=hit cacheDir=/Users/sloth/.cache/neat-ai/wasm bundleBytes=1039872 bundleLoadMs=3 glueImportMs=15 instantiateMs=2 wasmTotalMs=20 workerError=none
DeDuplication of 9 creatures to 25 in 2ms (previous experiment 1ms)
[DynamicPool] 2 idle heavy worker(s) assisting fitness evaluation
[NEAT-AI] Batch scorer partition: 25 forwardOnly batched, 0 recurrent batched, 0 per-creature
Compact 9378b5cc Score: 0.43228901207870163, Error: 0.5620646349671882 -> 0.5662971422608953, 👿 -0.00423
Trained 9378b5cc Score: 0.4322889820861632, Error: 0.5620646349671882 -> 0.5662971422564249, 👿 -0.00423
Compact 8be6ae0a Score: 0.4320526895565043, Error: 0.5622297808610746 -> 0.5665335847777132, 👿 -0.00430
Trained 8be6ae0a Score: 0.4320526895555467, Error: 0.5622297808610746 -> 0.5665335847748065, 👿 -0.00430
[DynamicPool] 2 idle heavy worker(s) assisting breeding
[neat-ai] running version 7.0.48
[neat-ai] running version 7.0.48
[neat-ai] running version 7.0.48
[neat-ai] running version 7.0.48
[neat-ai] running version 7.0.48
[neat-ai] running version 7.0.48
[neat-ai] running version 7.0.48
[neat-ai] running version 7.0.48
[WasmWorkerInit] worker=worker-13 outcome=ok handshakeMs=325 cache=hit cacheDir=/Users/sloth/.cache/neat-ai/wasm bundleBytes=1039872 bundleLoadMs=3 glueImportMs=15 instantiateMs=2 wasmTotalMs=20 workerError=none
[neat-ai] running version 7.0.48
[WasmWorkerInit] worker=worker-14 outcome=ok handshakeMs=270 cache=hit cacheDir=/Users/sloth/.cache/neat-ai/wasm bundleBytes=1039872 bundleLoadMs=3 glueImportMs=15 instantiateMs=2 wasmTotalMs=20 workerError=none
[WasmWorkerInit] worker=worker-15 outcome=ok handshakeMs=244 cache=hit cacheDir=/Users/sloth/.cache/neat-ai/wasm bundleBytes=1039872 bundleLoadMs=3 glueImportMs=15 instantiateMs=2 wasmTotalMs=20 workerError=none
[WasmWorkerInit] worker=worker-16 outcome=ok handshakeMs=260 cache=hit cacheDir=/Users/sloth/.cache/neat-ai/wasm bundleBytes=1039872 bundleLoadMs=3 glueImportMs=15 instantiateMs=2 wasmTotalMs=20 workerError=none
[MCMC] Gen: temp=0.9751, acceptance=100.0% (smoothed=100.0%), proposed=2, accepted=2, rejected=0
[WasmWorkerInit] worker=worker-17 outcome=ok handshakeMs=4246 cache=hit cacheDir=/Users/sloth/.cache/neat-ai/wasm bundleBytes=1039872 bundleLoadMs=3 glueImportMs=15 instantiateMs=2 wasmTotalMs=20 workerError=none
[PreWarm] 12 new templates, 4 cached, 16 unique topologies (226ms)
[Timing] fitness=1294231ms breeding=2189ms breedingWorker=2189ms mainThreadOverlap=1ms resultProcessing=1ms preWarm=226ms pipelineOverlap=235ms sort=0ms writeScores=17ms mutation=3217ms deduplication=427ms speciation=8ms total=1307533ms
[Utilisation] fitness=0%fast/0%heavy breeding=0%fast/0%heavy overall=0%
[MutationOps] MOD_WEIGHT proposed=2 noChange=0 applied=2 reverted=0 evaluated=0 accepted=0 rejected=0 evalMs=0 depth[in=0 mid=0 out=0 ?=2] || resolved=0 multiOperator=0 discarded=0 evalMs=0 mcmc=2/2
[Throughput] wall=1307533ms nonFitness=13302ms gensPerHour=2.8 fast=busy9262ms/idle13066068ms/depth25/wait2779ms heavy=busy0ms/idle2615066ms/depth0/wait0ms scorer=160.6ms/scored25/batchScored25/perCreatureScored0/batchInvocations1/creaturesPerSec0.0 corruptParentSkips=0
[WasmWorkerInit] worker=worker-18 outcome=ok handshakeMs=179 cache=hit cacheDir=/Users/sloth/.cache/neat-ai/wasm bundleBytes=1039872 bundleLoadMs=3 glueImportMs=15 instantiateMs=2 wasmTotalMs=20 workerError=none
Generation 1 score 0.43229445940916283 (avg: 0.3473) error 0.5662916849290779 time 21m 47s 545ms
[WasmWorkerInit] worker=worker-19 outcome=ok handshakeMs=321 cache=hit cacheDir=/Users/sloth/.cache/neat-ai/wasm bundleBytes=1039872 bundleLoadMs=3 glueImportMs=15 instantiateMs=2 wasmTotalMs=20 workerError=none
[WasmWorkerInit] worker=worker-20 outcome=ok handshakeMs=182 cache=hit cacheDir=/Users/sloth/.cache/neat-ai/wasm bundleBytes=1039872 bundleLoadMs=3 glueImportMs=15 instantiateMs=2 wasmTotalMs=20 workerError=none
[WasmWorkerInit] worker=worker-21 outcome=ok handshakeMs=166 cache=hit cacheDir=/Users/sloth/.cache/neat-ai/wasm bundleBytes=1039872 bundleLoadMs=3 glueImportMs=15 instantiateMs=2 wasmTotalMs=20 workerError=none
[WasmWorkerInit] worker=worker-22 outcome=ok handshakeMs=146 cache=hit cacheDir=/Users/sloth/.cache/neat-ai/wasm bundleBytes=1039872 bundleLoadMs=3 glueImportMs=15 instantiateMs=2 wasmTotalMs=20 workerError=none
[WasmWorkerInit] worker=worker-23 outcome=ok handshakeMs=142 cache=hit cacheDir=/Users/sloth/.cache/neat-ai/wasm bundleBytes=1039872 bundleLoadMs=3 glueImportMs=15 instantiateMs=2 wasmTotalMs=20 workerError=none
[WasmWorkerInit] worker=worker-24 outcome=ok handshakeMs=140 cache=hit cacheDir=/Users/sloth/.cache/neat-ai/wasm bundleBytes=1039872 bundleLoadMs=3 glueImportMs=15 instantiateMs=2 wasmTotalMs=20 workerError=none
[neat-ai] running version 7.0.48
[evolveDir] teardown complete: 12 worker(s) terminated, 0 detached; replay queue drained
[training-skip] summary skipped=0 populationSkipped=0 creatureSkipped=0 otherSkipped=0 improvements=0 regressions=0 noChange=0 neatSkipped=0 regressionRate=0 (#4713)
2026-10-04T08:44:46.412Z [INFO] [Learn] [pid-62505] Evolution of 1 generation in 22m 40s, averaging 22m 40s 391ms
2026-10-04T08:44:46.412Z [INFO] [Learn] [pid-62505] [seed] loaded=33 skipped=0 kept=33 dropped=0 populationSize=20 dir=.creatures (#4300)
2026-10-04T08:44:46.412Z [INFO] [Learn] [pid-62505] [seed] best=7.json@0.437928306436515 worst-kept=5.json@-Infinity best-dropped=none (#4300)
2026-10-04T08:44:46.412Z [WARN] [Learn] [pid-62505] model training over-run: elapsed 22m 40s vs expected 12m — stopping further generations; results committed (#4141)
2026-10-04T08:44:46.619Z [INFO] [saveValidatedCreatureExport] [pid-62505] [forward-only] saved file=.network-sampler.json
[checkin-reserve] overrun: loop 5 Learn ran 22m48s against --timeout=12 min (overran 10m48s); sized with 131m21s left, launched with 120m39s left (10m42s consumed before launch) (#4872)
[result-metadata] stamped .result-sampler.json with samplerBuildTimeMs=83982
ℹ️ .trainData-binary_116: removal skipped — leased by pid 33409 (in-use lock held by a live producer/consumer, #3518)
📊 sampler.sh run complete: 82 min, 4 loops
[19:44:48] 📊 Performance recorded: 1 generations in 1360391ms, 520 training files, 8284 neurons, 56573 synapses, score 0.43229445940916283, NEAT-AI 7.0.48, CPUs 10, load 13.79/15.35/17.36, RAM 16GB, available 13926MB, ext 116, mode sampler-mcmc, pop 20 (requested 20), sampleRate 1, sparseRatio 0.075, fitnessSampleRate 1, prep 7292ms, samplerBuild 83982ms
📊 Sampler stats row: GRQ-18
[main 4a4a227f] 📊 Sampler stats row: GRQ-18
 1 file changed, 1 insertion(+)
🔄 [cluster] Push rejected (attempt 1/12) - fetching and rebasing
From github.com:stSoftwareAU/GRQ-sampler
   9e47c0b5..8b41ef14  main       -> origin/main
Rebasing (1/1)Successfully rebased and updated refs/heads/main.
⏳ [cluster] Retrying push in 5s...
GIT-OP: [sampler-stats] git push ok in 3s (attempt 1/3, timeout=600s)
To github.com:stSoftwareAU/GRQ-sampler.git
   8b41ef14..ca003fa0  main -> main
[19:45:15] 📦 checkin-sample.sh on host GRQ-18 (via sampler.sh)
GIT-OP: [checkin-sample] git pull ok in 2s (attempt 1/3, timeout=600s)
Already up to date.
[19:45:18] 🧭 check-in provenance: caller=sampler.sh host=GRQ-18 since-previous=7m 58s
[scoring-provenance] host=GRQ-18 path=confirm data=trainData-binary_116 data_sha=65f218b20159d74c02962ef5aaa7bc94d21148a28aa772e41d6144d0a48c2a12 scorer=native scorer_sha=434988f656907a21fe930c95ba37dc9ae75e0c57df30bf8d9a63ff294220029a neat_ai=7.0.48 core_sha=840cb99c406733303f6b445a0a5b7d54bad71d97 core_dirty=no scorer_src_sha=e9c8f7c035460abb106006a137ca3a6e95e223fc scorer_src_dirty=no
[neat-ai] running version 7.0.48
2026-10-04T08:46:21.104Z [INFO] [ConfirmScore] [pid-75495] ✅ verified Score in 1m 1s 305ms
2026-10-04T08:46:21.105Z [INFO] [ConfirmScore] [pid-75495] [scorer-summary] program=IntelligentDesign.ConfirmScore rust=1 wasm=0 worker-pool-size=0 peak-concurrent=1 elapsed=61s
[checkin-confirm] host=GRQ-18 creature=/Users/sloth/GRQ/worker/../.creatures/1.json claimed=0.43229445940916283 confirmed=0.43229445940916283 delta=0 rel=0 budget=1800s bound=watchdog (#4372)
🧬 [provenance-tags] checkin-confirm: 1.json scoreVerified=confirm:0.43229445940916283 (#4374)
[19:46:23] [checkin-stage] caller=sampler.sh host=GRQ-18 creature=/Users/sloth/GRQ/worker/../.creatures/1.json score=0.43229445940916283 neurons=8284 synapses=56573 baseline=samples/GRQ-18-1.json previous=0.4322946916456264 (#4299)
[checkin-floor] accept baseline=samples/GRQ-18-1.json previous=0.4322946916456264 candidate=0.43229445940916283 max_drop=25% drop=0.00% reason=within-floor (#4299)
[checkin-ceiling] accept baseline=samples/GRQ-18-1.json previous=0.4322946916456264 candidate=0.43229445940916283 max_gain=10% gain=-0.00% reason=within-ceiling (#4373)
🧬 [provenance-tags] checkin-sample: GRQ-18-1.json stamped scorerSha=434988f656907a21fe930c95ba37dc9ae75e0c57df30bf8d9a63ff294220029a dataSha=65f218b20159d74c02962ef5aaa7bc94d21148a28aa772e41d6144d0a48c2a12 neatAi=7.0.48 (#4374)
[19:46:34] ✅ Committing 🦠 GRQ-18 🎯, Score: 0.432294
[main a692eb67] 🦠 GRQ-18 🎯, Score: 0.432294, Neurons: 8,284 & Synapses: 56,573
 1 file changed, 111 insertions(+), 55 deletions(-)
To github.com:stSoftwareAU/GRQ-sampler.git
 ! [rejected]          main -> main (fetch first)
error: failed to push some refs to 'github.com:stSoftwareAU/GRQ-sampler.git'
hint: Updates were rejected because the remote contains work that you do not
hint: have locally. This is usually caused by another repository pushing to
hint: the same ref. If you want to integrate the remote changes, use
hint: 'git pull' before pushing again.
hint: See the 'Note about fast-forwards' in 'git push --help' for details.
[19:46:43] 🔁 Attempt 1/12 — stash, pull, and reapply
GIT-OP: [checkin-sample] git pull ok in 6s (attempt 1/3, timeout=600s)
From github.com:stSoftwareAU/GRQ-sampler
   ca003fa0..8c77813a  main       -> origin/main
Rebasing (1/1)Successfully rebased and updated refs/heads/main.
🧮 [checkin-sample] Reconciling 1 unpushed commit(s) into one (soft reset to origin/main) (#2616)
[main 2d0cb953] 🦠 GRQ-18 🎯, Score: 0.432294, Retry 1, Neurons: 8,284 & Synapses: 56,573
 1 file changed, 111 insertions(+), 55 deletions(-)
GIT-OP: [checkin-sample] git push ok in 3s (attempt 1/3, timeout=600s)
To github.com:stSoftwareAU/GRQ-sampler.git
   8c77813a..2d0cb953  main -> main
[training-outcomes] tasks=10 scheduled=10 completed=8 timedOut=0 abandoned=0 aborted=0 rejected=1 inFlight=1 maxConsecutiveTimeouts=0 maxConsecutiveRegressions=1 maxConsecutiveNoProgress=6 threshold=3 regressionThreshold=3 improved=1 regressed=7 noChange=1 unknownImprovement=1 skipped=0 populationSkipped=0 skipSource=event-summary populationGate=6
[training-outcomes] task=63fcb122 outcome=completed lastSampleError=unknown errorBefore=0.5620646316232911 errorAfter=0.5621606956448421 improvement=regressed delta=-0.0000961 reason=result-returned
[training-outcomes] task=43b99db7 outcome=completed lastSampleError=unknown errorBefore=0.5621216239177761 errorAfter=0.5622912559176149 improvement=regressed delta=-0.000170 reason=result-returned
[training-outcomes] task=2aedd370 outcome=completed lastSampleError=unknown errorBefore=0.5621216488705046 errorAfter=0.5620978273213989 improvement=improved delta=0.0000238 reason=result-returned
[training-outcomes] task=d8baab0a outcome=completed lastSampleError=unknown errorBefore=0.5621259174086611 errorAfter=0.5621259174086611 improvement=no_change delta=0 reason=result-returned
[training-outcomes] task=67d76b58 outcome=completed lastSampleError=unknown errorBefore=0.5620646307681746 errorAfter=0.5620953775323504 improvement=regressed delta=-0.0000307 reason=result-returned
[training-outcomes] task=c04fce5a outcome=completed lastSampleError=unknown errorBefore=0.5620646307681746 errorAfter=0.6611517476475123 improvement=regressed delta=-0.0991 reason=result-returned
[training-outcomes] task=9378b5cc outcome=completed lastSampleError=unknown errorBefore=0.5620646349671882 errorAfter=0.5662971422564249 improvement=regressed delta=-0.00423 reason=result-returned
[training-outcomes] task=8be6ae0a outcome=completed lastSampleError=unknown errorBefore=0.5622297808610746 errorAfter=0.5665335847748065 improvement=regressed delta=-0.00430 reason=result-returned
[training-outcomes] task=4d10cb66 outcome=in_flight lastSampleError=unknown errorBefore=unknown errorAfter=unknown improvement=unknown delta=unknown reason=log-ended
[training-outcomes] task=4c5640ee outcome=rejected lastSampleError=unknown errorBefore=0.5620646307681746 errorAfter=0.6556313256692496 improvement=regressed delta=0.6556313256692496 reason=higher-error-discarded
[training-outcomes] WARNING maxConsecutiveNoProgress=6 exceeds threshold=3 — 6 consecutive training tasks regressed or made no progress (target error 0.002 is unreachable by design and is NOT the success condition; do not raise the target or the per-task budget). The population-wide dispatch gate did NOT engage (populationSkipped=0, measured from the NEAT-AI training_skipped events) and could not have: the streak it acts on peaked at maxConsecutiveRegressions=1, below populationGate=6. Streaks in the 4..5 band warn and still dispatch by design — the fleet tolerates them (#4717). Check the population/sample rate and NEAT-AI training-regression skip (#4064/#4082)
[training-hang] abandoned=0 — no training task was force-abandoned in /Users/sloth/logs/node-33409.log (#4289)
[scorer-engine-split] splits=0 firstReason=none
[stage-failure-health] failures=0 firstStage=none firstExitCode=0 firstHitLine=0
[diagnostics] dir=/Users/sloth/GRQ/worker/../.diagnostics files=1 (#4283)
[diagnostics] file=sampler-run-summary.txt bytes=88 mtime=2026-10-04T08:44:48Z head="sampler.sh run complete: 82 min, 4 loops host=GRQ-18 timestamp=2026-10-04 19:44:48 AEDT"
GIT-OP: [reset] git fetch ok in 2s (attempt 1/3, timeout=600s)
HEAD is now at dfc503bb Disk: live corpus tarball (8.2 GB) kept alongside the extracted training data (Issue #5150) (#5158)
GIT-OP: [model_fetch GRQ-health] git fetch ok in 2s (attempt 1/6, timeout=none)
From github.com:stSoftwareAU/GRQ-health
   142d576f4..1eb4e79a9  Develop    -> origin/Develop
HEAD is now at 1eb4e79a9 Update health status for Mac-Ultra-M2 at Sun Oct  4 19:34:44 AEDT 2026
branch 'Develop' set up to track 'origin/Develop'.
Your branch is up to date with 'origin/Develop'.
📦 [feed-repo-size] repo=GRQ-health size-pack-kib=76698 head-tree-kib=unmeasured ratio=n/a threshold=3 promisor=true action=none
✅ GRQ-health synced with remote (validation skipped)
🩺 [health_sync] entry repo=/Users/sloth/GRQ-health branch=Develop local_ahead=0 behind=0
🩺 [health_sync] decision path=noop
🩺 [health_sync] result status=ok
Updating health information...
Already up to date.
Updated health information for GRQ-18
