[log truncated by run.sh: showing the last 64 KB of 113 KB; the full log is on the host]
Waiting for training/discovery clean up 2
[Neat] Training over-run: elapsed exceeded expected duration × 1 — stopping new generations and finishing with the evolved population
Waiting for training/discovery clean up 1
Training failed for creature 480f417f: WorkerTaskCancelledError: Worker task 11 on worker-11 was cancelled after 108162ms without a response: training task 480f417f passed its per-task deadline without returning a result (GRQ #4489)
    at WorkerHandler.cancelTask (https://jsr.io/@stsoftware/neat-ai/7.0.48/src/workers/WorkerHandlerBase.ts:682:19)
    at Neat.cancelTrainingWork (https://jsr.io/@stsoftware/neat-ai/7.0.48/src/NEAT/Neat.ts:912:37)
    at Neat.abandonStuckTrainingTasks (https://jsr.io/@stsoftware/neat-ai/7.0.48/src/NEAT/Neat.ts:875:14)
    at Neat.finishUp (https://jsr.io/@stsoftware/neat-ai/7.0.48/src/NEAT/Neat.ts:712:10)
    at Module.evolveDir (https://jsr.io/@stsoftware/neat-ai/7.0.48/src/creature/CreatureTraining.ts:748:16)
    at async runLearn (file:///Users/rocket/GRQ/src/Learn.ts:1036:14)
    at async file:///Users/rocket/GRQ/src/Learn.ts:1161:3 {
  taskID: 11,
  workerID: 11,
  elapsedMs: 108162,
  reason: "training task 480f417f passed its per-task deadline without returning a result"
}
[evolveDir] teardown complete: 12 worker(s) terminated, 0 detached; replay queue drained
[training-skip] summary skipped=0 populationSkipped=0 creatureSkipped=0 otherSkipped=0 improvements=8 regressions=4 noChange=0 neatSkipped=0 regressionRate=0.3333333333333333 (#4713)
2026-10-01T19:28:49.205Z [INFO] [Learn] [pid-98054] Evolution of 7 generations in 7m 31s, averaging 1m 4s 430ms
2026-10-01T19:28:49.205Z [INFO] [Learn] [pid-98054] [seed] loaded=42 skipped=0 kept=42 dropped=0 populationSize=20 dir=.creatures (#4300)
2026-10-01T19:28:49.205Z [INFO] [Learn] [pid-98054] [seed] best=sampler-1.json@0.43357790908013577 worst-kept=23.json@-Infinity best-dropped=none (#4300)
2026-10-01T19:28:49.205Z [WARN] [Learn] [pid-98054] model training over-run: elapsed 7m 31s vs expected 7m — stopping further generations; results committed (#4141)
2026-10-01T19:28:49.339Z [INFO] [saveValidatedCreatureExport] [pid-98054] [forward-only] saved file=.network-sampler.json
[checkin-reserve] overrun: loop 1 Learn ran 7m41s against --timeout=7 min (overran 0m41s); sized with 176m29s left, launched with 160m56s left (15m33s consumed before launch) (#4872)
[result-metadata] stamped .result-sampler.json with samplerBuildTimeMs=11916
Loop 2 of 5
⏱️  Loop 2: --timeout sized to 3 min from remaining budget (4 loop(s) left)
From github.com:stSoftwareAU/GRQ-cluster
 * branch              main       -> FETCH_HEAD
   b02926f2..f5af126d  main       -> origin/main
Updating b02926f2..f5af126d
Updating files:  40% (2/5)Updating files:  60% (3/5)Updating files:  80% (4/5)Updating files: 100% (5/5)Updating files: 100% (5/5), done.
Fast-forward
 performance.csv                               |  4 ++
 statistics/GRQ-10/2026/10/01/19-24.json       | 75 ++++++++++++++++++++++++++
 statistics/GRQ-21/2026/10/01/19-06.json       | 76 +++++++++++++++++++++++++++
 statistics/GRQ-22/2026/10/01/19-14.json       | 76 +++++++++++++++++++++++++++
 statistics/Mac-Ultra-M2/2026/10/01/19-26.json | 76 +++++++++++++++++++++++++++
 5 files changed, 307 insertions(+)
 create mode 100644 statistics/GRQ-10/2026/10/01/19-24.json
 create mode 100644 statistics/GRQ-21/2026/10/01/19-06.json
 create mode 100644 statistics/GRQ-22/2026/10/01/19-14.json
 create mode 100644 statistics/Mac-Ultra-M2/2026/10/01/19-26.json
ℹ️ [creature-artefact] ../GRQ-cluster/creature.json absent — reading legacy network.json (#4153 rollout window)
GIT-OP: [sampler-copyNetworks] git pull ok in 5s (attempt 1/3, timeout=600s)
From github.com:stSoftwareAU/GRQ-sampler
   91330593..a006927e  main       -> origin/main
Updating 91330593..a006927e
Fast-forward
 performance.csv             |      4 +
 samples/GRQ-10-1.json       |    116 +-
 samples/GRQ-11-1.json       |    827 +-
 samples/GRQ-19-forests.json |    805 +-
 samples/GRQ-21-1.json       |      8 +-
 samples/GRQ-22-1.json       |    404 +-
 samples/GRQ-23-forests.json | 274642 +++++++++++++++++++++--------------------
 samples/GRQ-23-ockham.json  |    590 +-
 samples/GRQ-24-1.json       |    539 +-
 samples/GRQ-3-forests.json  |   6198 +-
 samples/Mac-Ultra-M2-1.json |    607 +-
 11 files changed, 146201 insertions(+), 138539 deletions(-)
[samples] pool shrunk to fit the run's soft budget scored=8 of considered=48 remaining=1987s share=20% secs_per_creature=73 — the rest are dropped at random this run, never by tag (#4671)
[samples] considered=8 dir=samples top=6 random=2 (#4300)
[samples] scoring pool=8 data=/Users/rocket/GRQ/.trainData-binary_116 — ranking on locally measured scores, stored score tags are never used (#4375)
[samples] scoring deadline=3600s/scorer-pass pool=8 secs_per_creature=73 slack=3x floor=3600s (#4615)
2026-10-01T19:29:02.206Z [INFO] [batchRustScore] [pid-1413] 🦀 Rust batch score: 8 creature(s) → /Users/rocket/.cargo/bin/rust_scorer
2026-10-01T19:36:40.102Z [INFO] [ScoreSeedPool] [pid-1413] measured 8 of 8 seed candidate(s) on /Users/rocket/GRQ/.trainData-binary_116
[samples] scoring pass ok rc=0 elapsed=460s pool=8 secs_per_creature=58 (#4494/#4498)
[samples] scored measured=8 unmeasured=0 of considered=8 (#4375)
[samples] random-pool eligible=8 quarantined=0 best=0.4317226186087139 floor=0.3237919640 limit=25% ranked-taken=6 available=2 (#4299, #4677)
[samples] pick slot=top rank=1 score=0.4317226186087139 measured=local file=GRQ-23-ockham.json (#4375)
[samples] pick slot=top rank=2 score=0.43169682168370244 measured=local file=GRQ-21-1.json (#4375)
[samples] pick slot=top rank=3 score=0.4316958348476844 measured=local file=GRQ-23-forests.json (#4375)
[samples] pick slot=top rank=4 score=0.43169520686251267 measured=local file=GRQ-25-1.json (#4375)
[samples] pick slot=top rank=5 score=0.431560973799985 measured=local file=GRQ-18-forests.json (#4375)
[samples] pick slot=top rank=6 score=0.43153366241139646 measured=local file=GRQ-25-forests.json (#4375)
[samples] pick slot=random rank=- score=0.4314127063828422 measured=local file=GRQ-24-lamarck.json (#4375)
[samples] pick slot=random rank=- score=0.43136719372341403 measured=local file=GRQ-3-ockham.json (#4375)
[samples] seeded slots=8 of 8 top=6 random=2 considered=8 (#4677)
ℹ️ [creature-artefact] ../GRQ-portfolio/best/creature.json absent — reading legacy network.json (#4153 rollout window)
[creatures] copyNetworks: 36 creature file(s) in /Users/rocket/GRQ/.creatures (#4300)
[creatures] copyNetworks: 1.json 10.json 11.json 12.json 13.json 14.json 15.json 16.json 17.json 18.json 19.json 2.json 20.json 3.json 4.json 5.json 6.json 7.json 8.json 9.json GRQ-18-forests.json GRQ-21-1.json GRQ-23-forests.json GRQ-23-ockham.json GRQ-24-lamarck.json GRQ-25-1.json GRQ-25-forests.json GRQ-3-ockham.json best.json cluster.json sampler-1.json sampler-2.json sampler-3.json sampler-4.json sampler-5.json worker.json 
2) Sample rate: 0.05, timeout: 3, costName: MSE
sampler-preflight: bounding corpus du with the bash watchdog (30s) — timeout/gtimeout is not on this host (#4744)
sampler-preflight: phase=slice-0.05 free_gb=75.8 corpus_gb=21.6 required_gb=1.3 decision=ok
[heap-grant] stage=Sampler | Heap: 4326 MB | Total RAM: 16 GB | Available: 14090 MB | Planning budget: 8192 MB | FFI/OS headroom: 1536 MB | Floor: 4096 MB | Cap: 24576 MB (default) | Clamp: 12390 MB (available)
🏭 .trainData-binary_116-sampler/sample-5.bin — 114296 of 2287083 records kept from 520 file(s), seed 13763809756192916994
📄 .trainData-binary_116-sampler/manifest.json — sha256 2d0ce8bc45291ee3b35800f10569935dd6dd757e999804204d7ed9a622de28a6
2026-10-01T19:37:24.652Z [INFO] [Sampler] [pid-4984] 🏭 sampler implementation=refinery elapsed_ms=13690 records_read=2287083 records_written=114296 output=.trainData-binary_116-sampler/sample-5.bin
2026-10-01T19:37:24.655Z [INFO] [Sampler] [pid-4984] Total time taken: 13s 694ms
[scan-creatures] scanned=36 quarantined=0 repaired=0 reordered=0 duration=1826ms
👥 Population size (sampler loop 2): 40
[heap-grant] stage=SamplerLearn | Heap: 4326 MB | Total RAM: 16 GB | Available: 13926 MB | Planning budget: 8192 MB | FFI/OS headroom: 1536 MB | Floor: 4096 MB | Cap: 24576 MB (default) | Clamp: 12390 MB (available)
2026-10-01T19:37:27.330Z [INFO] [from-json-hook] [pid-5159] [from-json-hook] installed source=Learn
2026-10-01T19:37:27.331Z [INFO] [memoryProfile] [pid-5159] [memory-profile] host=GRQ-18 totalMB=4326 profile=low-memory popSize=20 activationCap=4
2026-10-01T19:37:27.646Z [INFO] [Learn] [pid-5159] WASM activation initialised for main thread and workers
[neat-ai] running version 7.0.48
2026-10-01T19:37:27.789Z [INFO] [Learn] [pid-5159] Ivan Morgan (Observations: 2,511, Neurons: 8,209, Synapses: 56,296 & Score: 0.437)
2026-10-01T19:37:27.911Z [INFO] [Learn] [pid-5159] [seed] loaded file=20.json score=0.4367191698941988
2026-10-01T19:37:28.174Z [INFO] [Learn] [pid-5159] [seed] loaded file=16.json score=none
2026-10-01T19:37:28.366Z [INFO] [Learn] [pid-5159] [seed] loaded file=sampler-5.json score=0.4316038903342408
2026-10-01T19:37:28.539Z [INFO] [Learn] [pid-5159] [seed] loaded file=6.json score=none
2026-10-01T19:37:28.816Z [INFO] [Learn] [pid-5159] [seed] loaded file=GRQ-18-forests.json score=0.4315609476306084
2026-10-01T19:37:29.057Z [INFO] [Learn] [pid-5159] [seed] loaded file=7.json score=0.4367191698941988
2026-10-01T19:37:29.278Z [INFO] [Learn] [pid-5159] [seed] loaded file=sampler-4.json score=0.43065030653970837
2026-10-01T19:37:29.457Z [INFO] [Learn] [pid-5159] [seed] loaded file=17.json score=none
2026-10-01T19:37:29.541Z [INFO] [Learn] [pid-5159] [seed] loaded file=best.json score=0.40915305436761334
2026-10-01T19:37:29.751Z [INFO] [Learn] [pid-5159] [seed] loaded file=10.json score=-0.06806391013471748
2026-10-01T19:37:29.969Z [INFO] [Learn] [pid-5159] [seed] loaded file=sampler-3.json score=0.43065030653970837
2026-10-01T19:37:30.161Z [INFO] [Learn] [pid-5159] [seed] loaded file=GRQ-25-forests.json score=0.43153366241139646
2026-10-01T19:37:30.353Z [INFO] [Learn] [pid-5159] [seed] loaded file=1.json score=0.4367191698941988
2026-10-01T19:37:30.578Z [INFO] [Learn] [pid-5159] [seed] loaded file=sampler-2.json score=0.43065030653970837
2026-10-01T19:37:30.786Z [INFO] [Learn] [pid-5159] [seed] loaded file=worker.json score=0.43169520686251267
2026-10-01T19:37:30.985Z [INFO] [Learn] [pid-5159] [seed] loaded file=GRQ-23-forests.json score=0.43169583005968065
2026-10-01T19:37:31.186Z [INFO] [Learn] [pid-5159] [seed] loaded file=GRQ-24-lamarck.json score=0.4314126962771517
2026-10-01T19:37:31.376Z [INFO] [Learn] [pid-5159] [seed] loaded file=11.json score=0.4367191698941988
2026-10-01T19:37:31.549Z [INFO] [Learn] [pid-5159] [seed] loaded file=2.json score=none
2026-10-01T19:37:31.757Z [INFO] [Learn] [pid-5159] [seed] loaded file=sampler-1.json score=0.4367191698941988
2026-10-01T19:37:31.954Z [INFO] [Learn] [pid-5159] [seed] loaded file=12.json score=none
2026-10-01T19:37:32.151Z [INFO] [Learn] [pid-5159] [seed] loaded file=GRQ-25-1.json score=0.4316952046111899
2026-10-01T19:37:32.363Z [INFO] [Learn] [pid-5159] [seed] loaded file=GRQ-23-ockham.json score=0.43172260615398045
2026-10-01T19:37:32.555Z [INFO] [Learn] [pid-5159] [seed] loaded file=cluster.json score=0.43169520686251267
2026-10-01T19:37:32.750Z [INFO] [Learn] [pid-5159] [seed] loaded file=13.json score=none
2026-10-01T19:37:32.956Z [INFO] [Learn] [pid-5159] [seed] loaded file=3.json score=none
2026-10-01T19:37:33.148Z [INFO] [Learn] [pid-5159] [seed] loaded file=8.json score=none
2026-10-01T19:37:33.336Z [INFO] [Learn] [pid-5159] [seed] loaded file=GRQ-3-ockham.json score=0.43136718186375134
2026-10-01T19:37:33.498Z [INFO] [Learn] [pid-5159] [seed] loaded file=18.json score=none
2026-10-01T19:37:33.690Z [INFO] [Learn] [pid-5159] [seed] loaded file=4.json score=0.43670838394809364
2026-10-01T19:37:33.872Z [INFO] [Learn] [pid-5159] [seed] loaded file=14.json score=none
2026-10-01T19:37:34.077Z [INFO] [Learn] [pid-5159] [seed] loaded file=15.json score=none
2026-10-01T19:37:34.281Z [INFO] [Learn] [pid-5159] [seed] loaded file=GRQ-21-1.json score=0.43169682159805994
2026-10-01T19:37:34.469Z [INFO] [Learn] [pid-5159] [seed] loaded file=5.json score=0.43670838394809364
2026-10-01T19:37:34.654Z [INFO] [Learn] [pid-5159] [seed] loaded file=19.json score=none
2026-10-01T19:37:34.827Z [INFO] [Learn] [pid-5159] [seed] loaded file=9.json score=none
2026-10-01T19:37:34.880Z [INFO] [Learn] [pid-5159] [seed] loaded=36 skipped=0 kept=36 dropped=0 populationSize=20 dir=.creatures (#4300)
2026-10-01T19:37:34.880Z [INFO] [Learn] [pid-5159] [seed] best=7.json@0.4367191698941988 worst-kept=19.json@-Infinity best-dropped=none (#4300)
2026-10-01T19:37:34.926Z [INFO] [Learn] [pid-5159] [learn] skipTrainingAfterConsecutiveRegressions=3
2026-10-01T19:37:34.926Z [INFO] [Learn] [pid-5159] [learn] skipTrainingAfterPopulationRegressions=6
2026-10-01T19:37:34.926Z [INFO] [Learn] [pid-5159] [learn] skipTrainingAfterPopulationNoProgress=0
2026-10-01T19:37:34.926Z [INFO] [Learn] [pid-5159] [inline-discovery-memory] nativeBudgetBytes=11489037516
2026-10-01T19:37:34.927Z [INFO] [Learn] [pid-5159] elitism 1, timeout 3, PopSize 20, cost MSE, SAMPLER
2026-10-01T19:37:34.927Z [INFO] [Learn] [pid-5159] Initialized in 7s 598ms
[WasmWorkerInit] worker=worker-1 outcome=ok handshakeMs=304 cache=hit cacheDir=/Users/rocket/.cache/neat-ai/wasm bundleBytes=1039872 bundleLoadMs=2 glueImportMs=15 instantiateMs=4 wasmTotalMs=21 workerError=none
[WasmWorkerInit] worker=worker-2 outcome=ok handshakeMs=249 cache=hit cacheDir=/Users/rocket/.cache/neat-ai/wasm bundleBytes=1039872 bundleLoadMs=2 glueImportMs=15 instantiateMs=4 wasmTotalMs=21 workerError=none
[WasmWorkerInit] worker=worker-3 outcome=ok handshakeMs=298 cache=hit cacheDir=/Users/rocket/.cache/neat-ai/wasm bundleBytes=1039872 bundleLoadMs=2 glueImportMs=15 instantiateMs=4 wasmTotalMs=21 workerError=none
[WasmWorkerInit] worker=worker-4 outcome=ok handshakeMs=298 cache=hit cacheDir=/Users/rocket/.cache/neat-ai/wasm bundleBytes=1039872 bundleLoadMs=2 glueImportMs=15 instantiateMs=4 wasmTotalMs=21 workerError=none
[WasmWorkerInit] worker=worker-5 outcome=ok handshakeMs=292 cache=hit cacheDir=/Users/rocket/.cache/neat-ai/wasm bundleBytes=1039872 bundleLoadMs=2 glueImportMs=15 instantiateMs=4 wasmTotalMs=21 workerError=none
[WasmWorkerInit] worker=worker-6 outcome=ok handshakeMs=292 cache=hit cacheDir=/Users/rocket/.cache/neat-ai/wasm bundleBytes=1039872 bundleLoadMs=2 glueImportMs=15 instantiateMs=4 wasmTotalMs=21 workerError=none
[WasmWorkerInit] worker=worker-7 outcome=ok handshakeMs=283 cache=hit cacheDir=/Users/rocket/.cache/neat-ai/wasm bundleBytes=1039872 bundleLoadMs=2 glueImportMs=15 instantiateMs=4 wasmTotalMs=21 workerError=none
[WasmWorkerInit] worker=worker-8 outcome=ok handshakeMs=306 cache=hit cacheDir=/Users/rocket/.cache/neat-ai/wasm bundleBytes=1039872 bundleLoadMs=2 glueImportMs=15 instantiateMs=4 wasmTotalMs=21 workerError=none
[WasmWorkerInit] worker=worker-9 outcome=ok handshakeMs=301 cache=hit cacheDir=/Users/rocket/.cache/neat-ai/wasm bundleBytes=1039872 bundleLoadMs=2 glueImportMs=15 instantiateMs=4 wasmTotalMs=21 workerError=none
[WasmWorkerInit] worker=worker-10 outcome=ok handshakeMs=291 cache=hit cacheDir=/Users/rocket/.cache/neat-ai/wasm bundleBytes=1039872 bundleLoadMs=2 glueImportMs=15 instantiateMs=4 wasmTotalMs=21 workerError=none
[WasmWorkerInit] worker=worker-11 outcome=ok handshakeMs=291 cache=hit cacheDir=/Users/rocket/.cache/neat-ai/wasm bundleBytes=1039872 bundleLoadMs=2 glueImportMs=15 instantiateMs=4 wasmTotalMs=21 workerError=none
[WasmWorkerInit] worker=worker-12 outcome=ok handshakeMs=296 cache=hit cacheDir=/Users/rocket/.cache/neat-ai/wasm bundleBytes=1039872 bundleLoadMs=2 glueImportMs=15 instantiateMs=4 wasmTotalMs=21 workerError=none
DeDuplication of 6 creatures to 31 in 23ms (previous experiment 22ms)
[DynamicPool] 2 idle heavy worker(s) assisting fitness evaluation
[NEAT-AI] Batch scorer partition: 31 forwardOnly batched, 0 recurrent batched, 0 per-creature
Compact 6165b59f Score: 0.43395452251882083, Error: 0.56328459900319 -> 0.5660314438838248, 👿 -0.00275
Trained 6165b59f Score: 0.43395452202505835, Error: 0.56328459900319 -> 0.5660314438775079, 👿 -0.00275
Trained d980f5b8 Score: 0.4338773093903608, Error: 0.5633911786751669 -> 0.5661086555823736, 👿 -0.00272
Skipping discovery: insufficient time (1m remaining, 2m estimated)
Training 73ff072a scheduled
Training fd86fc87 scheduled
Training 65261124 scheduled
Training 5f1ad081 scheduled
[neat-ai] running version 7.0.48
[neat-ai] running version 7.0.48
[neat-ai] running version 7.0.48
[NEAT-AI] trainDir FFI libneat_ai_backpropagation loaded from /Users/rocket/.cargo/lib/libneat_ai_backpropagation.dylib
[neat-ai] running version 7.0.48
[NEAT-AI] trainDir using FFI libneat_ai_backpropagation
[NEAT-AI] trainDir FFI libneat_ai_backpropagation loaded from /Users/rocket/.cargo/lib/libneat_ai_backpropagation.dylib
[NEAT-AI] trainDir using FFI libneat_ai_backpropagation
[neat-ai] running version 7.0.48
[neat-ai] running version 7.0.48
[neat-ai] running version 7.0.48
[neat-ai] running version 7.0.48
[neat-ai] running version 7.0.48
[WasmWorkerInit] worker=worker-13 outcome=ok handshakeMs=1004 cache=hit cacheDir=/Users/rocket/.cache/neat-ai/wasm bundleBytes=1039872 bundleLoadMs=2 glueImportMs=15 instantiateMs=4 wasmTotalMs=21 workerError=none
[neat-ai] running version 7.0.48
[WasmWorkerInit] worker=worker-14 outcome=ok handshakeMs=948 cache=hit cacheDir=/Users/rocket/.cache/neat-ai/wasm bundleBytes=1039872 bundleLoadMs=2 glueImportMs=15 instantiateMs=4 wasmTotalMs=21 workerError=none
[WasmWorkerInit] worker=worker-15 outcome=ok handshakeMs=816 cache=hit cacheDir=/Users/rocket/.cache/neat-ai/wasm bundleBytes=1039872 bundleLoadMs=2 glueImportMs=15 instantiateMs=4 wasmTotalMs=21 workerError=none
[WasmWorkerInit] worker=worker-16 outcome=ok handshakeMs=726 cache=hit cacheDir=/Users/rocket/.cache/neat-ai/wasm bundleBytes=1039872 bundleLoadMs=2 glueImportMs=15 instantiateMs=4 wasmTotalMs=21 workerError=none
[WasmWorkerInit] worker=worker-17 outcome=ok handshakeMs=1419 cache=hit cacheDir=/Users/rocket/.cache/neat-ai/wasm bundleBytes=1039872 bundleLoadMs=2 glueImportMs=15 instantiateMs=4 wasmTotalMs=21 workerError=none
[PreWarm] 12 new templates, 4 cached, 16 unique topologies (492ms)
[Timing] fitness=100926ms breeding=6466ms breedingWorker=6466ms mainThreadOverlap=0ms resultProcessing=0ms preWarm=492ms pipelineOverlap=505ms sort=0ms writeScores=69ms mutation=9749ms deduplication=1004ms speciation=13ms total=142448ms
[Utilisation] fitness=0%fast/0%heavy breeding=0%fast/100%heavy overall=2%
[MutationOps] MOD_WEIGHT proposed=2 noChange=0 applied=2 reverted=0 evaluated=0 accepted=0 rejected=0 evalMs=0 depth[in=0 mid=0 out=0 ?=2] | MOD_BIAS proposed=1 noChange=0 applied=1 reverted=0 evaluated=0 accepted=0 rejected=0 evalMs=0 depth[in=0 mid=0 out=0 ?=1] || resolved=0 multiOperator=0 discarded=0 evalMs=0 mcmc=0/0
[Throughput] wall=142448ms nonFitness=41522ms gensPerHour=25.3 fast=busy36113ms/idle1388367ms/depth31/wait12232ms heavy=busy0ms/idle284896ms/depth4/wait0ms scorer=200.0ms/scored31/batchScored31/perCreatureScored0/batchInvocations1/creaturesPerSec0.3 corruptParentSkips=0
[WasmWorkerInit] worker=worker-18 outcome=ok handshakeMs=11666 cache=hit cacheDir=/Users/rocket/.cache/neat-ai/wasm bundleBytes=1039872 bundleLoadMs=2 glueImportMs=15 instantiateMs=4 wasmTotalMs=21 workerError=none
[WasmWorkerInit] worker=worker-19 outcome=ok handshakeMs=397 cache=hit cacheDir=/Users/rocket/.cache/neat-ai/wasm bundleBytes=1039872 bundleLoadMs=2 glueImportMs=15 instantiateMs=4 wasmTotalMs=21 workerError=none
[NEAT-AI] Batch scorer partition: 16 forwardOnly batched, 0 recurrent batched, 0 per-creature
[WasmWorkerInit] worker=worker-20 outcome=ok handshakeMs=611 cache=hit cacheDir=/Users/rocket/.cache/neat-ai/wasm bundleBytes=1039872 bundleLoadMs=2 glueImportMs=15 instantiateMs=4 wasmTotalMs=21 workerError=none
[WasmWorkerInit] worker=worker-21 outcome=ok handshakeMs=320 cache=hit cacheDir=/Users/rocket/.cache/neat-ai/wasm bundleBytes=1039872 bundleLoadMs=2 glueImportMs=15 instantiateMs=4 wasmTotalMs=21 workerError=none
[WasmWorkerInit] worker=worker-22 outcome=ok handshakeMs=365 cache=hit cacheDir=/Users/rocket/.cache/neat-ai/wasm bundleBytes=1039872 bundleLoadMs=2 glueImportMs=15 instantiateMs=4 wasmTotalMs=21 workerError=none
[WasmWorkerInit] worker=worker-23 outcome=ok handshakeMs=332 cache=hit cacheDir=/Users/rocket/.cache/neat-ai/wasm bundleBytes=1039872 bundleLoadMs=2 glueImportMs=15 instantiateMs=4 wasmTotalMs=21 workerError=none
[WasmWorkerInit] worker=worker-24 outcome=ok handshakeMs=547 cache=hit cacheDir=/Users/rocket/.cache/neat-ai/wasm bundleBytes=1039872 bundleLoadMs=2 glueImportMs=15 instantiateMs=4 wasmTotalMs=21 workerError=none
[neat-ai] running version 7.0.48
[Neat] Discovery replay: no improvement found (evaluated: 0)
[neat-ai] running version 7.0.48
[neat-ai] running version 7.0.48
[PreWarm] 11 new templates, 5 cached, 16 unique topologies (548ms)
[Timing] fitness=89415ms breeding=7488ms breedingWorker=7488ms mainThreadOverlap=2ms resultProcessing=2ms preWarm=548ms pipelineOverlap=554ms sort=0ms writeScores=15ms mutation=6000ms deduplication=1085ms speciation=4ms total=120463ms
[Utilisation] fitness=0%fast/100%heavy breeding=0%fast/100%heavy overall=14%
[MutationOps] MOD_BIAS proposed=1 noChange=0 applied=1 reverted=0 evaluated=1 accepted=0 rejected=1 evalMs=5581 delta[n=1 min=-3.2560 med=-3.2560 max=-3.2560] depth[in=0 mid=0 out=0 ?=1] depthRejected[in=0 mid=0 out=0 ?=1] | MOD_WEIGHT proposed=2 noChange=0 applied=2 reverted=0 evaluated=2 accepted=0 rejected=2 evalMs=11162 delta[n=2 min=-2.26e+15 med=-1.13e+15 max=-0.9361] depth[in=0 mid=0 out=0 ?=2] depthRejected[in=0 mid=0 out=0 ?=2] || resolved=3 multiOperator=0 discarded=0 evalMs=16742 mcmc=0/0
[Throughput] wall=120463ms nonFitness=31048ms gensPerHour=29.9 fast=busy49316ms/idle1155314ms/depth16/wait9247ms heavy=busy0ms/idle240926ms/depth4/wait0ms scorer=121.2ms/scored16/batchScored16/perCreatureScored0/batchInvocations1/creaturesPerSec0.2 corruptParentSkips=0
Generation 2 score 0.4339545526809481 (avg: -119166579483047.6875) error 0.5660313981228157 avg time 26s 371ms
Set training/discovery clean up count to 2
[Neat] Stuck-task watchdog abandoning 4 training task(s) past per-task deadline: 73ff072a, fd86fc87, 65261124, 5f1ad081
Worker task 2 on worker-11 was cancelled after 162920ms without a response: training task 73ff072a passed its per-task deadline without returning a result (GRQ #4489)
[worker-11] quarantined — training task 73ff072a passed its per-task deadline without returning a result; it will not be given further work (GRQ #4489)
Worker task 3 on worker-11 was cancelled after 162814ms without a response: training task 73ff072a passed its per-task deadline without returning a result (GRQ #4489)
Worker task 4 on worker-11 was cancelled after 162763ms without a response: training task 73ff072a passed its per-task deadline without returning a result (GRQ #4489)
Worker task 2 on worker-12 was cancelled after 162883ms without a response: training task fd86fc87 passed its per-task deadline without returning a result (GRQ #4489)
[worker-12] quarantined — training task fd86fc87 passed its per-task deadline without returning a result; it will not be given further work (GRQ #4489)
Waiting for training/discovery clean up 2
[Neat] Training over-run: elapsed exceeded expected duration × 1 — stopping new generations and finishing with the evolved population
Waiting for training/discovery clean up 1
Training failed for creature 73ff072a: WorkerTaskCancelledError: Worker task 2 on worker-11 was cancelled after 162920ms without a response: training task 73ff072a passed its per-task deadline without returning a result (GRQ #4489)
    at WorkerHandler.cancelTask (https://jsr.io/@stsoftware/neat-ai/7.0.48/src/workers/WorkerHandlerBase.ts:682:19)
    at Neat.cancelTrainingWork (https://jsr.io/@stsoftware/neat-ai/7.0.48/src/NEAT/Neat.ts:912:37)
    at Neat.abandonStuckTrainingTasks (https://jsr.io/@stsoftware/neat-ai/7.0.48/src/NEAT/Neat.ts:875:14)
    at Neat.finishUp (https://jsr.io/@stsoftware/neat-ai/7.0.48/src/NEAT/Neat.ts:712:10)
    at Module.evolveDir (https://jsr.io/@stsoftware/neat-ai/7.0.48/src/creature/CreatureTraining.ts:748:16)
    at async runLearn (file:///Users/rocket/GRQ/src/Learn.ts:1036:14)
    at async file:///Users/rocket/GRQ/src/Learn.ts:1161:3 {
  taskID: 2,
  workerID: 11,
  elapsedMs: 162920,
  reason: "training task 73ff072a passed its per-task deadline without returning a result"
}
Training failed for creature 65261124: WorkerTaskCancelledError: Worker task 3 on worker-11 was cancelled after 162814ms without a response: training task 73ff072a passed its per-task deadline without returning a result (GRQ #4489)
    at WorkerHandler.cancelTask (https://jsr.io/@stsoftware/neat-ai/7.0.48/src/workers/WorkerHandlerBase.ts:682:19)
    at WorkerHandler.cancelAllTasks (https://jsr.io/@stsoftware/neat-ai/7.0.48/src/workers/WorkerHandlerBase.ts:702:16)
    at WorkerHandler.quarantine (https://jsr.io/@stsoftware/neat-ai/7.0.48/src/workers/WorkerHandlerBase.ts:723:10)
    at Neat.cancelTrainingWork (https://jsr.io/@stsoftware/neat-ai/7.0.48/src/NEAT/Neat.ts:914:21)
    at Neat.abandonStuckTrainingTasks (https://jsr.io/@stsoftware/neat-ai/7.0.48/src/NEAT/Neat.ts:875:14)
    at Neat.finishUp (https://jsr.io/@stsoftware/neat-ai/7.0.48/src/NEAT/Neat.ts:712:10)
    at Module.evolveDir (https://jsr.io/@stsoftware/neat-ai/7.0.48/src/creature/CreatureTraining.ts:748:16)
    at async runLearn (file:///Users/rocket/GRQ/src/Learn.ts:1036:14)
    at async file:///Users/rocket/GRQ/src/Learn.ts:1161:3 {
  taskID: 3,
  workerID: 11,
  elapsedMs: 162814,
  reason: "training task 73ff072a passed its per-task deadline without returning a result"
}
Training failed for creature 5f1ad081: WorkerTaskCancelledError: Worker task 4 on worker-11 was cancelled after 162763ms without a response: training task 73ff072a passed its per-task deadline without returning a result (GRQ #4489)
    at WorkerHandler.cancelTask (https://jsr.io/@stsoftware/neat-ai/7.0.48/src/workers/WorkerHandlerBase.ts:682:19)
    at WorkerHandler.cancelAllTasks (https://jsr.io/@stsoftware/neat-ai/7.0.48/src/workers/WorkerHandlerBase.ts:702:16)
    at WorkerHandler.quarantine (https://jsr.io/@stsoftware/neat-ai/7.0.48/src/workers/WorkerHandlerBase.ts:723:10)
    at Neat.cancelTrainingWork (https://jsr.io/@stsoftware/neat-ai/7.0.48/src/NEAT/Neat.ts:914:21)
    at Neat.abandonStuckTrainingTasks (https://jsr.io/@stsoftware/neat-ai/7.0.48/src/NEAT/Neat.ts:875:14)
    at Neat.finishUp (https://jsr.io/@stsoftware/neat-ai/7.0.48/src/NEAT/Neat.ts:712:10)
    at Module.evolveDir (https://jsr.io/@stsoftware/neat-ai/7.0.48/src/creature/CreatureTraining.ts:748:16)
    at async runLearn (file:///Users/rocket/GRQ/src/Learn.ts:1036:14)
    at async file:///Users/rocket/GRQ/src/Learn.ts:1161:3 {
  taskID: 4,
  workerID: 11,
  elapsedMs: 162763,
  reason: "training task 73ff072a passed its per-task deadline without returning a result"
}
Training failed for creature fd86fc87: WorkerTaskCancelledError: Worker task 2 on worker-12 was cancelled after 162883ms without a response: training task fd86fc87 passed its per-task deadline without returning a result (GRQ #4489)
    at WorkerHandler.cancelTask (https://jsr.io/@stsoftware/neat-ai/7.0.48/src/workers/WorkerHandlerBase.ts:682:19)
    at Neat.cancelTrainingWork (https://jsr.io/@stsoftware/neat-ai/7.0.48/src/NEAT/Neat.ts:912:37)
    at Neat.abandonStuckTrainingTasks (https://jsr.io/@stsoftware/neat-ai/7.0.48/src/NEAT/Neat.ts:875:14)
    at Neat.finishUp (https://jsr.io/@stsoftware/neat-ai/7.0.48/src/NEAT/Neat.ts:712:10)
    at Module.evolveDir (https://jsr.io/@stsoftware/neat-ai/7.0.48/src/creature/CreatureTraining.ts:748:16)
    at async runLearn (file:///Users/rocket/GRQ/src/Learn.ts:1036:14)
    at async file:///Users/rocket/GRQ/src/Learn.ts:1161:3 {
  taskID: 2,
  workerID: 12,
  elapsedMs: 162883,
  reason: "training task fd86fc87 passed its per-task deadline without returning a result"
}
[evolveDir] teardown complete: 12 worker(s) terminated, 0 detached; replay queue drained
[training-skip] summary skipped=0 populationSkipped=0 creatureSkipped=0 otherSkipped=0 improvements=0 regressions=0 noChange=0 neatSkipped=0 regressionRate=0 (#4713)
2026-10-01T19:42:07.209Z [INFO] [Learn] [pid-5159] Evolution of 2 generations in 4m 32s, averaging 2m 16s 139ms
2026-10-01T19:42:07.209Z [INFO] [Learn] [pid-5159] [seed] loaded=36 skipped=0 kept=36 dropped=0 populationSize=20 dir=.creatures (#4300)
2026-10-01T19:42:07.209Z [INFO] [Learn] [pid-5159] [seed] best=7.json@0.4367191698941988 worst-kept=19.json@-Infinity best-dropped=none (#4300)
2026-10-01T19:42:07.209Z [WARN] [Learn] [pid-5159] model training over-run: elapsed 4m 32s vs expected 3m — stopping further generations; results committed (#4141)
2026-10-01T19:42:07.418Z [INFO] [saveValidatedCreatureExport] [pid-5159] [forward-only] saved file=.network-sampler.json
[checkin-reserve] overrun: loop 2 Learn ran 4m41s against --timeout=3 min (overran 1m41s); sized with 153m15s left, launched with 144m38s left (8m37s consumed before launch) (#4872)
[result-metadata] stamped .result-sampler.json with samplerBuildTimeMs=13694
Loop 3 of 5
⏭️  Loop 3: remaining budget too small (~0 min < floor) — skipping this loop's evolution to preserve the final loop + check-in reserve (#2598)
From github.com:stSoftwareAU/GRQ-cluster
 * branch              main       -> FETCH_HEAD
   f5af126d..34c199f9  main       -> origin/main
Updating f5af126d..34c199f9
Updating files:  66% (2/3)Updating files: 100% (3/3)Updating files: 100% (3/3), done.
Fast-forward
 performance.csv                               |  2 +
 statistics/GRQ-10/2026/10/01/19-29.json       | 75 ++++++++++++++++++++++++++
 statistics/Mac-Ultra-M2/2026/10/01/19-35.json | 76 +++++++++++++++++++++++++++
 3 files changed, 153 insertions(+)
 create mode 100644 statistics/GRQ-10/2026/10/01/19-29.json
 create mode 100644 statistics/Mac-Ultra-M2/2026/10/01/19-35.json
ℹ️ [creature-artefact] ../GRQ-cluster/creature.json absent — reading legacy network.json (#4153 rollout window)
GIT-OP: [sampler-copyNetworks] git pull ok in 4s (attempt 1/3, timeout=600s)
From github.com:stSoftwareAU/GRQ-sampler
   a006927e..e413a0be  main       -> origin/main
Updating a006927e..e413a0be
Fast-forward
 performance.csv             |   4 +
 samples/GRQ-13-1.json       | 166 ++++++++++++++++++--
 samples/GRQ-13-lamarck.json | 375 +++++++++++++++++++++++++++++++++++++++++++-
 samples/GRQ-19-1.json       | 290 +++++++++++++++++++++++++++++++++-
 samples/GRQ-22-1.json       | 194 +++++++++++++++++++++--
 5 files changed, 994 insertions(+), 35 deletions(-)
[samples] pool shrunk to fit the run's soft budget scored=8 of considered=48 remaining=1189s share=20% secs_per_creature=58 — the rest are dropped at random this run, never by tag (#4671)
[samples] considered=8 dir=samples top=6 random=2 (#4300)
[samples] scoring pool=8 data=/Users/rocket/GRQ/.trainData-binary_116 — ranking on locally measured scores, stored score tags are never used (#4375)
[samples] scoring deadline=3600s/scorer-pass pool=8 secs_per_creature=58 slack=3x floor=3600s (#4615)
2026-10-01T19:42:19.916Z [INFO] [batchRustScore] [pid-7103] 🦀 Rust batch score: 8 creature(s) → /Users/rocket/.cargo/bin/rust_scorer
2026-10-01T19:49:53.138Z [INFO] [ScoreSeedPool] [pid-7103] measured 8 of 8 seed candidate(s) on /Users/rocket/GRQ/.trainData-binary_116
[samples] scoring pass ok rc=0 elapsed=455s pool=8 secs_per_creature=57 (#4494/#4498)
[samples] scored measured=8 unmeasured=0 of considered=8 (#4375)
[samples] random-pool eligible=8 quarantined=0 best=0.43169682168370244 floor=0.3237726163 limit=25% ranked-taken=6 available=2 (#4299, #4677)
[samples] pick slot=top rank=1 score=0.43169682168370244 measured=local file=Mac-Ultra-M2-1.json (#4375)
[samples] pick slot=top rank=2 score=0.4316962415061892 measured=local file=GRQ-21-ockham.json (#4375)
[samples] pick slot=top rank=3 score=0.43156597926676765 measured=local file=GRQ-21-lamarck.json (#4375)
[samples] pick slot=top rank=4 score=0.43156290703056893 measured=local file=GRQ-19-lamarck.json (#4375)
[samples] pick slot=top rank=5 score=0.4314900916038593 measured=local file=GRQ-18-ockham.json (#4375)
[samples] pick slot=top rank=6 score=0.43143622046136015 measured=local file=GRQ-13-ockham.json (#4375)
[samples] pick slot=random rank=- score=0.3323405331791833 measured=local file=Enceladus.json (#4375)
[samples] pick slot=random rank=- score=0.43118131883577865 measured=local file=GRQ-25-lamarck.json (#4375)
[samples] seeded slots=8 of 8 top=6 random=2 considered=8 (#4677)
ℹ️ [creature-artefact] ../GRQ-portfolio/best/creature.json absent — reading legacy network.json (#4153 rollout window)
[creatures] copyNetworks: 34 creature file(s) in /Users/rocket/GRQ/.creatures (#4300)
[creatures] copyNetworks: 1.json 10.json 11.json 12.json 13.json 14.json 15.json 16.json 17.json 18.json 2.json 3.json 4.json 5.json 6.json 7.json 8.json 9.json Enceladus.json GRQ-13-ockham.json GRQ-18-ockham.json GRQ-19-lamarck.json GRQ-21-lamarck.json GRQ-21-ockham.json GRQ-25-lamarck.json Mac-Ultra-M2-1.json best.json cluster.json sampler-1.json sampler-2.json sampler-3.json sampler-4.json sampler-5.json worker.json 
3) Sample rate: 0.10, timeout: 25, costName: MSE
sampler-preflight: bounding corpus du with the bash watchdog (30s) — timeout/gtimeout is not on this host (#4744)
sampler-preflight: phase=slice-0.10 free_gb=74.9 corpus_gb=21.6 required_gb=2.6 decision=ok
[heap-grant] stage=Sampler | Heap: 4326 MB | Total RAM: 16 GB | Available: 14090 MB | Planning budget: 8192 MB | FFI/OS headroom: 1536 MB | Floor: 4096 MB | Cap: 24576 MB (default) | Clamp: 12554 MB (available)
🏭 .trainData-binary_116-sampler/sample-10.bin — 229430 of 2287083 records kept from 520 file(s), seed 387546314098392394
📄 .trainData-binary_116-sampler/manifest.json — sha256 a2ccb72c8d4601f9860cca21e715916926b00e43ece929999f410577984cdb59
2026-10-01T19:50:40.697Z [INFO] [Sampler] [pid-10488] 🏭 sampler implementation=refinery elapsed_ms=21129 records_read=2287083 records_written=229430 output=.trainData-binary_116-sampler/sample-10.bin
2026-10-01T19:50:40.699Z [INFO] [Sampler] [pid-10488] Total time taken: 21s 131ms
[scan-creatures] scanned=34 quarantined=0 repaired=0 reordered=0 duration=1492ms
⏭️  Skipped src/Learn.ts evolution for loop 3 — remaining budget below the floor (#2596)
Loop 4 of 5
⏭️  Loop 4: less than the final-loop allocation (12 min) remains of the ~60-min loop target — skipping to protect the final 100% loop (#2645)
Loop 5 of 5
⏱️  Loop 5 (final, 100% eval): remaining budget below floor but this loop is mandatory — running with --timeout=3 min to preserve the comparable creature + single check-in (#2598)
⏱️  Loop 5 (final, 100% eval): raising --timeout 3 → 12 min (sacred final-loop allocation #2645)
From github.com:stSoftwareAU/GRQ-cluster
 * branch              main       -> FETCH_HEAD
   34c199f9..e4581448  main       -> origin/main
Updating 34c199f9..e4581448
Updating files: 100% (2/2)Updating files: 100% (2/2), done.
Fast-forward
 performance.csv                         |  1 +
 statistics/GRQ-13/2026/10/01/19-44.json | 76 +++++++++++++++++++++++++++++++++
 2 files changed, 77 insertions(+)
 create mode 100644 statistics/GRQ-13/2026/10/01/19-44.json
ℹ️ [creature-artefact] ../GRQ-cluster/creature.json absent — reading legacy network.json (#4153 rollout window)
GIT-OP: [sampler-copyNetworks] git pull ok in 4s (attempt 1/3, timeout=600s)
From github.com:stSoftwareAU/GRQ-sampler
   e413a0be..fb12d8b9  main       -> origin/main
Updating e413a0be..fb12d8b9
Fast-forward
 performance.csv                   |    1 +
 samples/GRQ-25-1.json             |   10 +-
 samples/Mac-Ultra-M2-forests.json | 2390 +++++++++++++++++++++++++++++++++----
 3 files changed, 2185 insertions(+), 216 deletions(-)
[samples] pool shrunk to fit the run's soft budget scored=8 of considered=48 remaining=675s share=20% secs_per_creature=57 — the rest are dropped at random this run, never by tag (#4671)
[samples] considered=8 dir=samples top=6 random=2 (#4300)
[samples] scoring pool=8 data=/Users/rocket/GRQ/.trainData-binary_116 — ranking on locally measured scores, stored score tags are never used (#4375)
[samples] scoring deadline=3600s/scorer-pass pool=8 secs_per_creature=57 slack=3x floor=3600s (#4615)
2026-10-01T19:50:53.627Z [INFO] [batchRustScore] [pid-10887] 🦀 Rust batch score: 8 creature(s) → /Users/rocket/.cargo/bin/rust_scorer
2026-10-01T19:58:21.962Z [INFO] [ScoreSeedPool] [pid-10887] measured 8 of 8 seed candidate(s) on /Users/rocket/GRQ/.trainData-binary_116
[samples] scoring pass ok rc=0 elapsed=449s pool=8 secs_per_creature=57 (#4494/#4498)
[samples] scored measured=8 unmeasured=0 of considered=8 (#4375)
[samples] random-pool eligible=8 quarantined=0 best=0.43169520686251267 floor=0.3237714051 limit=25% ranked-taken=6 available=2 (#4299, #4677)
[samples] pick slot=top rank=1 score=0.43169520686251267 measured=local file=GRQ-10-1.json (#4375)
[samples] pick slot=top rank=2 score=0.43156291201018676 measured=local file=GRQ-19-lamarck.json (#4375)
[samples] pick slot=top rank=3 score=0.431560973799985 measured=local file=GRQ-18-forests.json (#4375)
[samples] pick slot=top rank=4 score=0.43145977912218425 measured=local file=GRQ-25-ockham.json (#4375)
[samples] pick slot=top rank=5 score=0.4314559628248287 measured=local file=GRQ-13-forests.json (#4375)
[samples] pick slot=top rank=6 score=0.4312270020856146 measured=local file=GRQ-10-ockham.json (#4375)
[samples] pick slot=random rank=- score=0.43010700758217496 measured=local file=GRQ-10-lamarck.json (#4375)
[samples] pick slot=random rank=- score=0.3323386479117721 measured=local file=Enceladus-Terminal.json (#4375)
[samples] seeded slots=8 of 8 top=6 random=2 considered=8 (#4677)
[creatures] copyNetworks(short): 32 creature file(s) in /Users/rocket/GRQ/.creatures (#4300)
[creatures] copyNetworks(short): 1.json 2.json 3.json 4.json 5.json 6.json 7.json 8.json 9.json Enceladus-Terminal.json Enceladus.json GRQ-10-1.json GRQ-10-lamarck.json GRQ-10-ockham.json GRQ-13-forests.json GRQ-13-ockham.json GRQ-18-forests.json GRQ-18-ockham.json GRQ-19-lamarck.json GRQ-21-lamarck.json GRQ-21-ockham.json GRQ-25-lamarck.json GRQ-25-ockham.json Mac-Ultra-M2-1.json best.json cluster.json sampler-1.json sampler-2.json sampler-3.json sampler-4.json sampler-5.json worker.json 
5) Sample rate: 1, timeout: 12, costName: MSE
sampler-preflight: bounding corpus du with the bash watchdog (30s) — timeout/gtimeout is not on this host (#4744)
sampler-preflight: phase=slice-1 free_gb=73.9 corpus_gb=21.6 required_gb=25.9 decision=ok
[heap-grant] stage=Sampler | Heap: 4326 MB | Total RAM: 16 GB | Available: 13926 MB | Planning budget: 8192 MB | FFI/OS headroom: 1536 MB | Floor: 4096 MB | Cap: 24576 MB (default) | Clamp: 12554 MB (available)
🏭 .trainData-binary_116-sampler/sample-100.bin — 2287083 of 2287083 records kept from 520 file(s), seed 3770281048092761444
📄 .trainData-binary_116-sampler/manifest.json — sha256 e42ed6ef708cc65c780089970dfa8c142056707c404cd460bcf09dc0c78b2749
2026-10-01T20:00:10.897Z [INFO] [Sampler] [pid-14511] 🏭 sampler implementation=refinery elapsed_ms=90628 records_read=2287083 records_written=2287083 output=.trainData-binary_116-sampler/sample-100.bin
2026-10-01T20:00:10.901Z [INFO] [Sampler] [pid-14511] Total time taken: 1m 30s
[scan-creatures] scanned=32 quarantined=0 repaired=0 reordered=0 duration=1395ms
👥 Population size (sampler loop 5): 20
[heap-grant] stage=SamplerLearn | Heap: 4326 MB | Total RAM: 16 GB | Available: 13926 MB | Planning budget: 8192 MB | FFI/OS headroom: 1536 MB | Floor: 4096 MB | Cap: 24576 MB (default) | Clamp: 12390 MB (available)
2026-10-01T20:00:13.178Z [INFO] [from-json-hook] [pid-15312] [from-json-hook] installed source=Learn
2026-10-01T20:00:13.179Z [INFO] [memoryProfile] [pid-15312] [memory-profile] host=GRQ-18 totalMB=4326 profile=low-memory popSize=20 activationCap=4
2026-10-01T20:00:13.490Z [INFO] [Learn] [pid-15312] WASM activation initialised for main thread and workers
[neat-ai] running version 7.0.48
2026-10-01T20:00:13.649Z [INFO] [Learn] [pid-15312] Peter Murphy (Observations: 2,511, Neurons: 8,219, Synapses: 56,350 & Score: 0.434)
2026-10-01T20:00:13.675Z [INFO] [Learn] [pid-15312] [seed] loaded file=Enceladus.json score=0.3323405334125004
2026-10-01T20:00:13.812Z [INFO] [Learn] [pid-15312] [seed] loaded file=sampler-5.json score=0.4316038903342408
2026-10-01T20:00:13.982Z [INFO] [Learn] [pid-15312] [seed] loaded file=6.json score=-0.2449751987458084
2026-10-01T20:00:14.192Z [INFO] [Learn] [pid-15312] [seed] loaded file=GRQ-18-forests.json score=0.4315609476306084
2026-10-01T20:00:14.442Z [INFO] [Learn] [pid-15312] [seed] loaded file=7.json score=-0.2449751987458084
2026-10-01T20:00:14.699Z [INFO] [Learn] [pid-15312] [seed] loaded file=sampler-4.json score=0.43065030653970837
2026-10-01T20:00:14.907Z [INFO] [Learn] [pid-15312] [seed] loaded file=GRQ-10-1.json score=0.43169520176864223
2026-10-01T20:00:15.088Z [INFO] [Learn] [pid-15312] [seed] loaded file=GRQ-19-lamarck.json score=0.43156291201018676
2026-10-01T20:00:15.172Z [INFO] [Learn] [pid-15312] [seed] loaded file=best.json score=0.40915305436761334
2026-10-01T20:00:15.362Z [INFO] [Learn] [pid-15312] [seed] loaded file=GRQ-10-ockham.json score=0.43122699473268344
2026-10-01T20:00:15.563Z [INFO] [Learn] [pid-15312] [seed] loaded file=GRQ-13-ockham.json score=0.43143621842790153
2026-10-01T20:00:15.757Z [INFO] [Learn] [pid-15312] [seed] loaded file=GRQ-21-ockham.json score=0.4316962148606212
2026-10-01T20:00:15.946Z [INFO] [Learn] [pid-15312] [seed] loaded file=sampler-3.json score=0.4339545526809481
2026-10-01T20:00:16.148Z [INFO] [Learn] [pid-15312] [seed] loaded file=GRQ-13-forests.json score=0.43145594617630856
2026-10-01T20:00:16.334Z [INFO] [Learn] [pid-15312] [seed] loaded file=GRQ-25-lamarck.json score=0.431181312344545
2026-10-01T20:00:16.495Z [INFO] [Learn] [pid-15312] [seed] loaded file=1.json score=0.4339545526809481
2026-10-01T20:00:16.680Z [INFO] [Learn] [pid-15312] [seed] loaded file=sampler-2.json score=0.4339545526809481
2026-10-01T20:00:16.879Z [INFO] [Learn] [pid-15312] [seed] loaded file=Mac-Ultra-M2-1.json score=0.43169682616486654
2026-10-01T20:00:17.070Z [INFO] [Learn] [pid-15312] [seed] loaded file=worker.json score=0.43169520686251267
2026-10-01T20:00:17.244Z [INFO] [Learn] [pid-15312] [seed] loaded file=GRQ-10-lamarck.json score=0.4301069985702573
2026-10-01T20:00:17.419Z [INFO] [Learn] [pid-15312] [seed] loaded file=2.json score=0.4339545526809481
2026-10-01T20:00:17.600Z [INFO] [Learn] [pid-15312] [seed] loaded file=sampler-1.json score=0.4367191698941988
2026-10-01T20:00:17.798Z [INFO] [Learn] [pid-15312] [seed] loaded file=GRQ-18-ockham.json score=0.4314900916038593
2026-10-01T20:00:17.978Z [INFO] [Learn] [pid-15312] [seed] loaded file=GRQ-21-lamarck.json score=0.43156595306532197
2026-10-01T20:00:18.208Z [INFO] [Learn] [pid-15312] [seed] loaded file=cluster.json score=0.43169520686251267
2026-10-01T20:00:18.243Z [INFO] [Learn] [pid-15312] [seed] loaded file=Enceladus-Terminal.json score=0.3323386478891727
2026-10-01T20:00:18.420Z [INFO] [Learn] [pid-15312] [seed] loaded file=3.json score=0.4339545526809481
2026-10-01T20:00:18.585Z [INFO] [Learn] [pid-15312] [seed] loaded file=8.json score=0.4339545526809481
2026-10-01T20:00:18.768Z [INFO] [Learn] [pid-15312] [seed] loaded file=GRQ-25-ockham.json score=0.43145977912218425
2026-10-01T20:00:18.976Z [INFO] [Learn] [pid-15312] [seed] loaded file=4.json score=0.4339545526809481
2026-10-01T20:00:19.135Z [INFO] [Learn] [pid-15312] [seed] loaded file=5.json score=-0.2449751987458084
2026-10-01T20:00:19.311Z [INFO] [Learn] [pid-15312] [seed] loaded file=9.json score=none
2026-10-01T20:00:19.312Z [INFO] [Learn] [pid-15312] [seed] loaded=32 skipped=0 kept=32 dropped=0 populationSize=20 dir=.creatures (#4300)
2026-10-01T20:00:19.312Z [INFO] [Learn] [pid-15312] [seed] best=sampler-1.json@0.4367191698941988 worst-kept=9.json@-Infinity best-dropped=none (#4300)
2026-10-01T20:00:19.324Z [INFO] [Learn] [pid-15312] [learn] skipTrainingAfterConsecutiveRegressions=3
2026-10-01T20:00:19.324Z [INFO] [Learn] [pid-15312] [learn] skipTrainingAfterPopulationRegressions=6
2026-10-01T20:00:19.325Z [INFO] [Learn] [pid-15312] [learn] skipTrainingAfterPopulationNoProgress=0
2026-10-01T20:00:19.325Z [INFO] [Learn] [pid-15312] [inline-discovery-memory] nativeBudgetBytes=11489037516
2026-10-01T20:00:19.325Z [INFO] [Learn] [pid-15312] elitism 1, timeout 12, PopSize 20, cost MSE, SAMPLER
2026-10-01T20:00:19.325Z [INFO] [Learn] [pid-15312] Initialized in 6s 147ms
[WasmWorkerInit] worker=worker-1 outcome=ok handshakeMs=360 cache=hit cacheDir=/Users/rocket/.cache/neat-ai/wasm bundleBytes=1039872 bundleLoadMs=2 glueImportMs=12 instantiateMs=2 wasmTotalMs=17 workerError=none
[WasmWorkerInit] worker=worker-2 outcome=ok handshakeMs=216 cache=hit cacheDir=/Users/rocket/.cache/neat-ai/wasm bundleBytes=1039872 bundleLoadMs=2 glueImportMs=12 instantiateMs=2 wasmTotalMs=17 workerError=none
[WasmWorkerInit] worker=worker-3 outcome=ok handshakeMs=244 cache=hit cacheDir=/Users/rocket/.cache/neat-ai/wasm bundleBytes=1039872 bundleLoadMs=2 glueImportMs=12 instantiateMs=2 wasmTotalMs=17 workerError=none
[WasmWorkerInit] worker=worker-4 outcome=ok handshakeMs=273 cache=hit cacheDir=/Users/rocket/.cache/neat-ai/wasm bundleBytes=1039872 bundleLoadMs=2 glueImportMs=12 instantiateMs=2 wasmTotalMs=17 workerError=none
[WasmWorkerInit] worker=worker-5 outcome=ok handshakeMs=265 cache=hit cacheDir=/Users/rocket/.cache/neat-ai/wasm bundleBytes=1039872 bundleLoadMs=2 glueImportMs=12 instantiateMs=2 wasmTotalMs=17 workerError=none
[WasmWorkerInit] worker=worker-6 outcome=ok handshakeMs=267 cache=hit cacheDir=/Users/rocket/.cache/neat-ai/wasm bundleBytes=1039872 bundleLoadMs=2 glueImportMs=12 instantiateMs=2 wasmTotalMs=17 workerError=none
[WasmWorkerInit] worker=worker-7 outcome=ok handshakeMs=255 cache=hit cacheDir=/Users/rocket/.cache/neat-ai/wasm bundleBytes=1039872 bundleLoadMs=2 glueImportMs=12 instantiateMs=2 wasmTotalMs=17 workerError=none
[WasmWorkerInit] worker=worker-8 outcome=ok handshakeMs=269 cache=hit cacheDir=/Users/rocket/.cache/neat-ai/wasm bundleBytes=1039872 bundleLoadMs=2 glueImportMs=12 instantiateMs=2 wasmTotalMs=17 workerError=none
[WasmWorkerInit] worker=worker-9 outcome=ok handshakeMs=275 cache=hit cacheDir=/Users/rocket/.cache/neat-ai/wasm bundleBytes=1039872 bundleLoadMs=2 glueImportMs=12 instantiateMs=2 wasmTotalMs=17 workerError=none
[WasmWorkerInit] worker=worker-10 outcome=ok handshakeMs=264 cache=hit cacheDir=/Users/rocket/.cache/neat-ai/wasm bundleBytes=1039872 bundleLoadMs=2 glueImportMs=12 instantiateMs=2 wasmTotalMs=17 workerError=none
[WasmWorkerInit] worker=worker-11 outcome=ok handshakeMs=263 cache=hit cacheDir=/Users/rocket/.cache/neat-ai/wasm bundleBytes=1039872 bundleLoadMs=2 glueImportMs=12 instantiateMs=2 wasmTotalMs=17 workerError=none
[WasmWorkerInit] worker=worker-12 outcome=ok handshakeMs=272 cache=hit cacheDir=/Users/rocket/.cache/neat-ai/wasm bundleBytes=1039872 bundleLoadMs=2 glueImportMs=12 instantiateMs=2 wasmTotalMs=17 workerError=none
DeDuplication of 5 creatures to 28 in 4ms (previous experiment 3ms)
[DynamicPool] 2 idle heavy worker(s) assisting fitness evaluation
[NEAT-AI] Batch scorer partition: 28 forwardOnly batched, 0 recurrent batched, 0 per-creature
[DynamicPool] 2 idle heavy worker(s) assisting breeding
[neat-ai] running version 7.0.48
[neat-ai] running version 7.0.48
[neat-ai] running version 7.0.48
[neat-ai] running version 7.0.48
[neat-ai] running version 7.0.48
[neat-ai] running version 7.0.48
[neat-ai] running version 7.0.48
[neat-ai] running version 7.0.48
[WasmWorkerInit] worker=worker-13 outcome=ok handshakeMs=304 cache=hit cacheDir=/Users/rocket/.cache/neat-ai/wasm bundleBytes=1039872 bundleLoadMs=2 glueImportMs=12 instantiateMs=2 wasmTotalMs=17 workerError=none
[neat-ai] running version 7.0.48
[neat-ai] running version 7.0.48
[WasmWorkerInit] worker=worker-14 outcome=ok handshakeMs=253 cache=hit cacheDir=/Users/rocket/.cache/neat-ai/wasm bundleBytes=1039872 bundleLoadMs=2 glueImportMs=12 instantiateMs=2 wasmTotalMs=17 workerError=none
[WasmWorkerInit] worker=worker-15 outcome=ok handshakeMs=216 cache=hit cacheDir=/Users/rocket/.cache/neat-ai/wasm bundleBytes=1039872 bundleLoadMs=2 glueImportMs=12 instantiateMs=2 wasmTotalMs=17 workerError=none
[WasmWorkerInit] worker=worker-16 outcome=ok handshakeMs=207 cache=hit cacheDir=/Users/rocket/.cache/neat-ai/wasm bundleBytes=1039872 bundleLoadMs=2 glueImportMs=12 instantiateMs=2 wasmTotalMs=17 workerError=none
[WasmWorkerInit] worker=worker-17 outcome=ok handshakeMs=214 cache=hit cacheDir=/Users/rocket/.cache/neat-ai/wasm bundleBytes=1039872 bundleLoadMs=2 glueImportMs=12 instantiateMs=2 wasmTotalMs=17 workerError=none
[WasmWorkerInit] worker=worker-18 outcome=ok handshakeMs=350 cache=hit cacheDir=/Users/rocket/.cache/neat-ai/wasm bundleBytes=1039872 bundleLoadMs=2 glueImportMs=12 instantiateMs=2 wasmTotalMs=17 workerError=none
[WasmWorkerInit] worker=worker-19 outcome=ok handshakeMs=5979 cache=hit cacheDir=/Users/rocket/.cache/neat-ai/wasm bundleBytes=1039872 bundleLoadMs=2 glueImportMs=12 instantiateMs=2 wasmTotalMs=17 workerError=none
[PreWarm] 8 new templates, 7 cached, 15 unique topologies (144ms)
[Timing] fitness=999909ms breeding=2691ms breedingWorker=2691ms mainThreadOverlap=1ms resultProcessing=1ms preWarm=144ms pipelineOverlap=161ms sort=1ms writeScores=22ms mutation=5045ms deduplication=371ms speciation=16ms total=1013073ms
[Utilisation] fitness=0%fast/0%heavy breeding=0%fast/0%heavy overall=0%
[MutationOps] MOD_BIAS proposed=4 noChange=0 applied=4 reverted=0 evaluated=0 accepted=0 rejected=0 evalMs=0 depth[in=0 mid=0 out=0 ?=4] | MOD_WEIGHT proposed=2 noChange=0 applied=2 reverted=0 evaluated=0 accepted=0 rejected=0 evalMs=0 depth[in=0 mid=0 out=0 ?=2] || resolved=0 multiOperator=0 discarded=0 evalMs=0 mcmc=0/0
[Throughput] wall=1013073ms nonFitness=13164ms gensPerHour=3.6 fast=busy14745ms/idle10115985ms/depth28/wait4739ms heavy=busy0ms/idle2026146ms/depth0/wait0ms scorer=114.6ms/scored28/batchScored28/perCreatureScored0/batchInvocations1/creaturesPerSec0.0 corruptParentSkips=0
[WasmWorkerInit] worker=worker-20 outcome=ok handshakeMs=248 cache=hit cacheDir=/Users/rocket/.cache/neat-ai/wasm bundleBytes=1039872 bundleLoadMs=2 glueImportMs=12 instantiateMs=2 wasmTotalMs=17 workerError=none
Generation 1 score 0.43172261415875385 (avg: 0.1549) error 0.5668724662176224 time 16m 53s 81ms
[WasmWorkerInit] worker=worker-21 outcome=ok handshakeMs=277 cache=hit cacheDir=/Users/rocket/.cache/neat-ai/wasm bundleBytes=1039872 bundleLoadMs=2 glueImportMs=12 instantiateMs=2 wasmTotalMs=17 workerError=none
[WasmWorkerInit] worker=worker-22 outcome=ok handshakeMs=153 cache=hit cacheDir=/Users/rocket/.cache/neat-ai/wasm bundleBytes=1039872 bundleLoadMs=2 glueImportMs=12 instantiateMs=2 wasmTotalMs=17 workerError=none
[WasmWorkerInit] worker=worker-23 outcome=ok handshakeMs=140 cache=hit cacheDir=/Users/rocket/.cache/neat-ai/wasm bundleBytes=1039872 bundleLoadMs=2 glueImportMs=12 instantiateMs=2 wasmTotalMs=17 workerError=none
[WasmWorkerInit] worker=worker-24 outcome=ok handshakeMs=139 cache=hit cacheDir=/Users/rocket/.cache/neat-ai/wasm bundleBytes=1039872 bundleLoadMs=2 glueImportMs=12 instantiateMs=2 wasmTotalMs=17 workerError=none
[neat-ai] running version 7.0.48
[evolveDir] teardown complete: 12 worker(s) terminated, 0 detached; replay queue drained
[training-skip] summary skipped=0 populationSkipped=0 creatureSkipped=0 otherSkipped=0 improvements=0 regressions=0 noChange=0 neatSkipped=0 regressionRate=0 (#4713)
2026-10-01T20:18:03.600Z [INFO] [Learn] [pid-15312] Evolution of 1 generation in 17m 44s, averaging 17m 44s 273ms
2026-10-01T20:18:03.600Z [INFO] [Learn] [pid-15312] [seed] loaded=32 skipped=0 kept=32 dropped=0 populationSize=20 dir=.creatures (#4300)
2026-10-01T20:18:03.600Z [INFO] [Learn] [pid-15312] [seed] best=sampler-1.json@0.4367191698941988 worst-kept=9.json@-Infinity best-dropped=none (#4300)
2026-10-01T20:18:03.600Z [WARN] [Learn] [pid-15312] model training over-run: elapsed 17m 44s vs expected 12m — stopping further generations; results committed (#4141)
2026-10-01T20:18:03.719Z [INFO] [saveValidatedCreatureExport] [pid-15312] [forward-only] saved file=.network-sampler.json
[checkin-reserve] overrun: loop 5 Learn ran 17m51s against --timeout=12 min (overran 5m51s); sized with 131m22s left, launched with 121m52s left (9m30s consumed before launch) (#4872)
[result-metadata] stamped .result-sampler.json with samplerBuildTimeMs=90632
ℹ️ .trainData-binary_116: removal skipped — leased by pid 87674 (in-use lock held by a live producer/consumer, #3518)
📊 sampler.sh run complete: 76 min, 4 loops
[06:18:05] 📊 Performance recorded: 1 generations in 1064273ms, 520 training files, 8219 neurons, 56350 synapses, score 0.43172261415875385, NEAT-AI 7.0.48, CPUs 10, load 10.55/11.06/12.34, RAM 16GB, available 13926MB, ext 116, mode sampler, pop 20 (requested 20), sampleRate 1, sparseRatio 0.075, fitnessSampleRate 1, prep 6671ms, samplerBuild 90632ms
📊 Sampler stats row: GRQ-18
[main 39ee2ae0] 📊 Sampler stats row: GRQ-18
 1 file changed, 1 insertion(+)
🔄 [cluster] Push rejected (attempt 1/12) - fetching and rebasing
From github.com:stSoftwareAU/GRQ-sampler
   fb12d8b9..155777ed  main       -> origin/main
Rebasing (1/1)Successfully rebased and updated refs/heads/main.
⏳ [cluster] Retrying push in 28s...
GIT-OP: [sampler-stats] git push ok in 3s (attempt 1/3, timeout=600s)
To github.com:stSoftwareAU/GRQ-sampler.git
   155777ed..aa365211  main -> main
[06:18:43] 📦 checkin-sample.sh on host GRQ-18 (via sampler.sh)
GIT-OP: [checkin-sample] git pull ok in 3s (attempt 1/3, timeout=600s)
Already up to date.
[06:18:46] 🧭 check-in provenance: caller=sampler.sh host=GRQ-18 since-previous=79m 38s
[scoring-provenance] host=GRQ-18 path=confirm data=trainData-binary_116 data_sha=65f218b20159d74c02962ef5aaa7bc94d21148a28aa772e41d6144d0a48c2a12 scorer=native scorer_sha=b25be6b767834988b027c59c02c2749c7fdd3ba04f565f7a846bacf51fc4ba59 neat_ai=7.0.48 core_sha=88de51285c135ad27d8ccb55489e39fbb196b4bf core_dirty=no scorer_src_sha=590bf8d7e999a29904f25778a0880eabb0f00e18 scorer_src_dirty=no
[neat-ai] running version 7.0.48
2026-10-01T20:19:21.392Z [INFO] [ConfirmScore] [pid-59479] ✅ verified Score in 34s 208ms
2026-10-01T20:19:21.392Z [INFO] [ConfirmScore] [pid-59479] [scorer-summary] program=IntelligentDesign.ConfirmScore rust=1 wasm=0 worker-pool-size=0 peak-concurrent=1 elapsed=34s
[checkin-confirm] host=GRQ-18 creature=/Users/rocket/GRQ/worker/../.creatures/1.json claimed=0.43172261415875385 confirmed=0.43172261415875385 delta=0 rel=0 budget=1800s bound=watchdog (#4372)
🧬 [provenance-tags] checkin-confirm: 1.json scoreVerified=confirm:0.43172261415875385 (#4374)
[06:19:22] [checkin-stage] caller=sampler.sh host=GRQ-18 creature=/Users/rocket/GRQ/worker/../.creatures/1.json score=0.43172261415875385 neurons=8219 synapses=56350 baseline=samples/GRQ-18-1.json previous=0.43169520686251267 (#4299)
[checkin-floor] accept baseline=samples/GRQ-18-1.json previous=0.43169520686251267 candidate=0.43172261415875385 max_drop=25% drop=-0.01% reason=within-floor (#4299)
[checkin-ceiling] accept baseline=samples/GRQ-18-1.json previous=0.43169520686251267 candidate=0.43172261415875385 max_gain=10% gain=0.01% reason=within-ceiling (#4373)
🧬 [provenance-tags] checkin-sample: GRQ-18-1.json stamped scorerSha=b25be6b767834988b027c59c02c2749c7fdd3ba04f565f7a846bacf51fc4ba59 dataSha=65f218b20159d74c02962ef5aaa7bc94d21148a28aa772e41d6144d0a48c2a12 neatAi=7.0.48 (#4374)
[06:19:28] ✅ Committing 🦠 GRQ-18 🎯, Score: 0.431723
[main 810510e4] 🦠 GRQ-18 🎯, Score: 0.431723, Neurons: 8,219 & Synapses: 56,350
 1 file changed, 189 insertions(+), 19 deletions(-)
GIT-OP: [checkin-sample] git push ok in 4s (attempt 1/3, timeout=600s)
To github.com:stSoftwareAU/GRQ-sampler.git
   aa365211..810510e4  main -> main
[training-outcomes] tasks=19 scheduled=17 completed=13 timedOut=0 abandoned=5 aborted=0 rejected=1 inFlight=0 maxConsecutiveTimeouts=0 maxConsecutiveRegressions=2 maxConsecutiveNoProgress=6 threshold=3 regressionThreshold=3 improved=7 regressed=8 noChange=0 unknownImprovement=4 skipped=0 populationSkipped=0 skipSource=event-summary populationGate=6
[training-outcomes] task=bbeafaca outcome=completed lastSampleError=unknown errorBefore=0.5669183730770153 errorAfter=0.5633138018657838 improvement=improved delta=0.00360 reason=result-returned
[training-outcomes] task=4943453b outcome=completed lastSampleError=unknown errorBefore=0.5669006284531151 errorAfter=0.5634021263342226 improvement=improved delta=0.00350 reason=result-returned
[training-outcomes] task=a09c62f6 outcome=completed lastSampleError=unknown errorBefore=0.5669091077777443 errorAfter=0.563518865341542 improvement=improved delta=0.00339 reason=result-returned
[training-outcomes] task=0bcea2b7 outcome=completed lastSampleError=unknown errorBefore=0.563284599698847 errorAfter=0.5632853194778226 improvement=regressed delta=-7.20e-7 reason=result-returned
[training-outcomes] task=b2dbd6ea outcome=completed lastSampleError=unknown errorBefore=0.5633096459599272 errorAfter=0.5633090158127935 improvement=improved delta=6.30e-7 reason=result-returned
[training-outcomes] task=21637356 outcome=completed lastSampleError=unknown errorBefore=0.5633138018478546 errorAfter=0.5632989007581504 improvement=improved delta=0.0000149 reason=result-returned
[training-outcomes] task=42836bb6 outcome=completed lastSampleError=unknown errorBefore=0.5633138018657838 errorAfter=0.5633911786951665 improvement=regressed delta=-0.0000774 reason=result-returned
[training-outcomes] task=e5d74c3a outcome=completed lastSampleError=unknown errorBefore=0.5632845990973068 errorAfter=0.5632738132070045 improvement=improved delta=0.0000108 reason=result-returned
[training-outcomes] task=db8a6918 outcome=completed lastSampleError=unknown errorBefore=0.5632845990973068 errorAfter=0.5769853918051244 improvement=regressed delta=-0.0137 reason=result-returned
[training-outcomes] task=21316351 outcome=completed lastSampleError=unknown errorBefore=0.5632845990704748 errorAfter=0.563402572653784 improvement=regressed delta=-0.000118 reason=result-returned
[training-outcomes] task=d716a1ae outcome=completed lastSampleError=unknown errorBefore=0.5632845990973068 errorAfter=0.5673350180927957 improvement=regressed delta=-0.00405 reason=result-returned
[training-outcomes] task=6165b59f outcome=completed lastSampleError=unknown errorBefore=0.56328459900319 errorAfter=0.5660314438775079 improvement=regressed delta=-0.00275 reason=result-returned
[training-outcomes] task=b67d0e89 outcome=rejected lastSampleError=unknown errorBefore=0.5632845990973068 errorAfter=0.6557705079327785 improvement=regressed delta=0.6557705079327785 reason=higher-error-discarded
[training-outcomes] task=d980f5b8 outcome=completed lastSampleError=unknown errorBefore=0.5633911786751669 errorAfter=0.5661086555823736 improvement=regressed delta=-0.00272 reason=result-returned
[training-outcomes] task=5f1ad081 outcome=abandoned lastSampleError=unknown errorBefore=0.563273813357113 errorAfter=0.5690591455520606 improvement=improved delta=fine-tuned reason=watchdog-abandoned
[training-outcomes] task=480f417f outcome=abandoned lastSampleError=unknown errorBefore=unknown errorAfter=unknown improvement=unknown delta=unknown reason=worker-cancelled
[training-outcomes] task=73ff072a outcome=abandoned lastSampleError=unknown errorBefore=unknown errorAfter=unknown improvement=unknown delta=unknown reason=worker-cancelled
[training-outcomes] task=fd86fc87 outcome=abandoned lastSampleError=unknown errorBefore=unknown errorAfter=unknown improvement=unknown delta=unknown reason=worker-cancelled
[training-outcomes] task=65261124 outcome=abandoned lastSampleError=unknown errorBefore=unknown errorAfter=unknown improvement=unknown delta=unknown reason=watchdog-abandoned
[training-outcomes] cancelled task=480f417f worker=worker-11 heldMs=108162 quarantined=yes — the worker never returned a result, so the request was cancelled instead of left in flight (#4489)
[training-outcomes] cancelled task=73ff072a worker=worker-11 heldMs=162763 quarantined=yes — the worker never returned a result, so the request was cancelled instead of left in flight (#4489)
[training-outcomes] cancelled task=fd86fc87 worker=worker-12 heldMs=162883 quarantined=yes — the worker never returned a result, so the request was cancelled instead of left in flight (#4489)
[training-outcomes] WARNING abandoned=5 training task(s) hung and were force-abandoned after 5 watchdog event(s) — each returned NO result, so this is a failure, not a benign timeout; ids (×times abandoned): 5f1ad081×1, 480f417f×1, 73ff072a×1, fd86fc87×1, 65261124×1. cancelled=3 of them were cancelled at the worker — see the cancelled lines above for the worker and elapsed ms (#4489). Creature snapshots for offline repro: see the [training-hang] lines (#4289)
[training-outcomes] WARNING maxConsecutiveNoProgress=6 exceeds threshold=3 — 6 consecutive training tasks regressed or made no progress (target error 0.002 is unreachable by design and is NOT the success condition; do not raise the target or the per-task budget). The population-wide dispatch gate did NOT engage (populationSkipped=0, measured from the NEAT-AI training_skipped events) and could not have: the streak it acts on peaked at maxConsecutiveRegressions=2, below populationGate=6. Streaks in the 4..5 band warn and still dispatch by design — the fleet tolerates them (#4717). Check the population/sample rate and NEAT-AI training-regression skip (#4064/#4082)
[training-hang] abandoned=5 events=5 captured=5 atSchedule=5 captureDir=/Users/rocket/logs/training-hangs (a force-abandoned task returned NO result — this is a failure, not a benign timeout) (#4289)
[training-hang] task=480f417f abandonments=1 source=schedule-time creature=/Users/rocket/logs/training-hangs/in-flight/training-task-480f417f.json captured=/Users/rocket/logs/training-hangs/training-hang-480f417f.json memeticWeights=absent
[training-hang] task=73ff072a abandonments=1 source=schedule-time creature=/Users/rocket/logs/training-hangs/in-flight/training-task-73ff072a.json captured=/Users/rocket/logs/training-hangs/training-hang-73ff072a.json memeticWeights=absent
[training-hang] task=fd86fc87 abandonments=1 source=schedule-time creature=/Users/rocket/logs/training-hangs/in-flight/training-task-fd86fc87.json captured=/Users/rocket/logs/training-hangs/training-hang-fd86fc87.json memeticWeights=absent
[training-hang] task=65261124 abandonments=1 source=schedule-time creature=/Users/rocket/logs/training-hangs/in-flight/training-task-65261124.json captured=/Users/rocket/logs/training-hangs/training-hang-65261124.json memeticWeights=absent
[training-hang] task=5f1ad081 abandonments=1 source=schedule-time creature=/Users/rocket/logs/training-hangs/in-flight/training-task-5f1ad081.json captured=/Users/rocket/logs/training-hangs/training-hang-5f1ad081.json memeticWeights=absent
[training-hang] atSchedule=5 of 5 is NOT judged a regression: GRQ_TRAINING_HANG_CAPTURE_MIN_NEAT_AI is unset, so no release is claimed to KEEP a hung task's schedule-time capture — the running @stsoftware/neat-ai 7.0.48 writes one at schedule time (NEAT-AI #4022) and removes it when the task settles, and GRQ #4489 settles an abandoned task by cancelling it, so /Users/rocket/logs/training-hangs/in-flight is emptied for exactly the hung set. Set the floor to the release carrying NEAT-AI fix/grq-4794-capture-survives-cancellation and an empty capture turns the run red (GRQ #4802, #4794)
[scorer-engine-split] splits=0 firstReason=none
[stage-failure-health] failures=0 firstStage=none firstExitCode=0 firstHitLine=0
[diagnostics] dir=/Users/rocket/GRQ/worker/../.diagnostics files=1 (#4283)
[diagnostics] file=sampler-run-summary.txt bytes=88 mtime=2026-10-01T20:18:05Z head="sampler.sh run complete: 76 min, 4 loops host=GRQ-18 timestamp=2026-10-02 06:18:05 AEST"
GIT-OP: [reset] git fetch ok in 2s (attempt 1/3, timeout=600s)
HEAD is now at 744042a5 Score when the model or share prices change (#5131)
GIT-OP: [model_fetch GRQ-health] git fetch ok in 3s (attempt 1/6, timeout=none)
From github.com:stSoftwareAU/GRQ-health
   233dc11de..dee0e67c1  Develop    -> origin/Develop
HEAD is now at dee0e67c1 Update repo health: Discovery
branch 'Develop' set up to track 'origin/Develop'.
Your branch is up to date with 'origin/Develop'.
✅ GRQ-health synced with remote (validation skipped)
🩺 [health_sync] entry repo=/Users/rocket/GRQ-health branch=Develop local_ahead=0 behind=0
🩺 [health_sync] decision path=noop
🩺 [health_sync] result status=ok
Updating health information...
Already up to date.
Updated health information for GRQ-18
