[log truncated by run.sh: showing the last 64 KB of 113 KB; the full log is on the host]
Training 5ba675f4 completed after 33s 691ms
[Neat] Discovery replay: no improvement found (evaluated: 0)
[MCMC] Temperature: 1.000000 → 1.000000
[PopulationBudget] Dropped 3 creature(s) to stay within the effective population size of 5 (elitists=1, trained=1, fineTuned=4, bred=1, dna=1)
[PreWarm] 2 new templates, 1 cached, 3 unique topologies (99ms)
[Timing] fitness=5565ms breeding=76ms breedingWorker=76ms mainThreadOverlap=51ms resultProcessing=51ms preWarm=99ms pipelineOverlap=153ms sort=0ms writeScores=25ms mutation=0ms deduplication=126ms speciation=3ms total=9253ms
[Utilisation] fitness=0%fast/0%heavy breeding=0%fast/50%heavy overall=0%
[Throughput] wall=9253ms nonFitness=3688ms gensPerHour=389.1 fast=busy0ms/idle74024ms/depth3/wait0ms heavy=busy0ms/idle18506ms/depth1/wait0ms scorer=23.0ms/scored3/batchScored3/perCreatureScored0/batchInvocations1/creaturesPerSec0.5 corruptParentSkips=0
Generation 16 score 0.43505502028000015 (avg: -1060520.7460) error 0.5649380345099259 time 9s 518ms
[DynamicPool] 1 idle heavy worker(s) assisting fitness evaluation
[NEAT-AI] Batch scorer partition: 3 forwardOnly batched, 0 recurrent batched, 0 per-creature
[DynamicPool] 1 idle heavy worker(s) assisting breeding
[MCMC] Gen: temp=1.0000, acceptance=100.0% (smoothed=20.0%), proposed=1, accepted=1, rejected=0
[PreWarm] 1 new templates, 1 cached, 2 unique topologies (41ms)
[Timing] fitness=4881ms breeding=0ms breedingWorker=0ms mainThreadOverlap=0ms resultProcessing=0ms preWarm=41ms pipelineOverlap=42ms sort=0ms writeScores=15ms mutation=3205ms deduplication=101ms speciation=1ms total=10454ms
[Utilisation] fitness=0%fast/50%heavy breeding=0%fast/50%heavy overall=8%
[MutationOps] MOD_WEIGHT proposed=1 noChange=0 applied=1 reverted=0 evaluated=0 accepted=0 rejected=0 evalMs=0 depth[in=0 mid=0 out=0 ?=1] || resolved=0 multiOperator=0 discarded=0 evalMs=0 mcmc=1/1
[Throughput] wall=10454ms nonFitness=5573ms gensPerHour=344.4 fast=busy0ms/idle83632ms/depth3/wait0ms heavy=busy0ms/idle20908ms/depth1/wait0ms scorer=23.0ms/scored3/batchScored3/perCreatureScored0/batchInvocations1/creaturesPerSec0.6 corruptParentSkips=0
Generation 17 score 0.43505502028000015 (avg: -1060523.1097) error 0.5649380345099259 time 10s 686ms
[DynamicPool] 1 idle heavy worker(s) assisting fitness evaluation
[NEAT-AI] Batch scorer partition: 2 forwardOnly batched, 0 recurrent batched, 0 per-creature
[DynamicPool] 1 idle heavy worker(s) assisting breeding
[MCMC] Gen: temp=0.9800, acceptance=100.0% (smoothed=30.0%), proposed=1, accepted=1, rejected=0
[PreWarm] 1 new templates, 1 cached, 2 unique topologies (41ms)
[Timing] fitness=2933ms breeding=0ms breedingWorker=0ms mainThreadOverlap=0ms resultProcessing=0ms preWarm=41ms pipelineOverlap=41ms sort=0ms writeScores=2ms mutation=3119ms deduplication=105ms speciation=0ms total=8506ms
[Utilisation] fitness=0%fast/50%heavy breeding=0%fast/50%heavy overall=7%
[MutationOps] MOD_BIAS proposed=1 noChange=0 applied=1 reverted=0 evaluated=0 accepted=0 rejected=0 evalMs=0 depth[in=0 mid=0 out=0 ?=1] | MOD_WEIGHT proposed=0 noChange=0 applied=0 reverted=0 evaluated=1 accepted=0 rejected=1 evalMs=1459 delta[n=1 min=-0.4389 med=-0.4389 max=-0.4389] depthRejected[in=0 mid=0 out=0 ?=1] || resolved=1 multiOperator=0 discarded=0 evalMs=1459 mcmc=1/1
[Throughput] wall=8506ms nonFitness=5573ms gensPerHour=423.2 fast=busy0ms/idle68048ms/depth2/wait0ms heavy=busy0ms/idle17012ms/depth1/wait0ms scorer=16.0ms/scored2/batchScored2/perCreatureScored0/batchInvocations1/creaturesPerSec0.7 corruptParentSkips=0
Generation 18 score 0.43505502028000015 (avg: 0.1604) error 0.5649380345099259 time 8s 679ms
[DynamicPool] 1 idle heavy worker(s) assisting fitness evaluation
[NEAT-AI] Batch scorer partition: 2 forwardOnly batched, 0 recurrent batched, 0 per-creature
[DynamicPool] 1 idle heavy worker(s) assisting breeding
[MCMC] Temperature: 0.980000 → 0.980000
[PreWarm] 2 new templates, 0 cached, 2 unique topologies (79ms)
[Timing] fitness=2992ms breeding=0ms breedingWorker=0ms mainThreadOverlap=0ms resultProcessing=0ms preWarm=79ms pipelineOverlap=80ms sort=0ms writeScores=1ms mutation=0ms deduplication=130ms speciation=1ms total=5490ms
[Utilisation] fitness=0%fast/50%heavy breeding=0%fast/50%heavy overall=6%
[MutationOps] MOD_BIAS proposed=0 noChange=0 applied=0 reverted=0 evaluated=1 accepted=0 rejected=1 evalMs=1491 delta[n=1 min=-0.5322 med=-0.5322 max=-0.5322] depthRejected[in=0 mid=0 out=0 ?=1] || resolved=1 multiOperator=0 discarded=0 evalMs=1491 mcmc=0/0
[Throughput] wall=5490ms nonFitness=2498ms gensPerHour=655.7 fast=busy0ms/idle43920ms/depth2/wait0ms heavy=busy0ms/idle10980ms/depth1/wait0ms scorer=9.1ms/scored2/batchScored2/perCreatureScored0/batchInvocations1/creaturesPerSec0.7 corruptParentSkips=0
Generation 19 score 0.43505502028000015 (avg: 0.0840) error 0.5649380345099259 time 5s 655ms
[DynamicPool] 1 idle heavy worker(s) assisting fitness evaluation
[NEAT-AI] Batch scorer partition: 2 forwardOnly batched, 0 recurrent batched, 0 per-creature
[DynamicPool] 1 idle heavy worker(s) assisting breeding
[MCMC] Temperature: 0.980000 → 0.980000
[PreWarm] 2 new templates, 0 cached, 2 unique topologies (99ms)
[Timing] fitness=3059ms breeding=0ms breedingWorker=0ms mainThreadOverlap=0ms resultProcessing=0ms preWarm=99ms pipelineOverlap=100ms sort=0ms writeScores=13ms mutation=0ms deduplication=154ms speciation=1ms total=8106ms
[Utilisation] fitness=0%fast/50%heavy breeding=0%fast/50%heavy overall=4%
[Throughput] wall=8106ms nonFitness=5047ms gensPerHour=444.1 fast=busy0ms/idle64848ms/depth2/wait0ms heavy=busy0ms/idle16212ms/depth1/wait0ms scorer=15.8ms/scored2/batchScored2/perCreatureScored0/batchInvocations1/creaturesPerSec0.7 corruptParentSkips=0
Generation 20 score 0.43505502028000015 (avg: 0.2782) error 0.5649380345099259 time 8s 317ms
[DynamicPool] 1 idle heavy worker(s) assisting fitness evaluation
[NEAT-AI] Batch scorer partition: 2 forwardOnly batched, 0 recurrent batched, 0 per-creature
[DynamicPool] 1 idle heavy worker(s) assisting breeding
[MCMC] Temperature: 0.980000 → 0.980000
[PopulationBudget] Dropped 2 creature(s) to stay within the effective population size of 5 (elitists=1, trained=0, fineTuned=4, bred=1, dna=1)
Training ecc36dad caused a higher error of 0.5704473641278366 from 0.5649380345099259
[PreWarm] 2 new templates, 1 cached, 3 unique topologies (80ms)
[Timing] fitness=2971ms breeding=0ms breedingWorker=0ms mainThreadOverlap=0ms resultProcessing=0ms preWarm=80ms pipelineOverlap=83ms sort=0ms writeScores=8ms mutation=0ms deduplication=7569ms speciation=3ms total=16707ms
[Utilisation] fitness=0%fast/50%heavy breeding=0%fast/50%heavy overall=2%
[Throughput] wall=16707ms nonFitness=13736ms gensPerHour=215.5 fast=busy0ms/idle133656ms/depth2/wait0ms heavy=busy46445ms/idle0ms/depth1/wait0ms scorer=11.3ms/scored2/batchScored2/perCreatureScored0/batchInvocations1/creaturesPerSec0.7 corruptParentSkips=0
Generation 21 score 0.43505502028000015 (avg: -0.8779) error 0.5649380345099259 time 16s 844ms
[DynamicPool] 2 idle heavy worker(s) assisting fitness evaluation
[NEAT-AI] Batch scorer partition: 3 forwardOnly batched, 0 recurrent batched, 0 per-creature
[DynamicPool] 2 idle heavy worker(s) assisting breeding
Training ecc36dad completed after 39s 93ms
[MCMC] Temperature: 0.980000 → 0.980000
[PopulationBudget] Dropped 5 creature(s) to stay within the effective population size of 5 (elitists=1, trained=3, fineTuned=4, bred=1, dna=1)
[PreWarm] 2 new templates, 1 cached, 3 unique topologies (107ms)
[Timing] fitness=3685ms breeding=173ms breedingWorker=173ms mainThreadOverlap=173ms resultProcessing=173ms preWarm=107ms pipelineOverlap=282ms sort=0ms writeScores=15ms mutation=0ms deduplication=109ms speciation=2ms total=7794ms
[Utilisation] fitness=0%fast/0%heavy breeding=0%fast/0%heavy overall=0%
[Throughput] wall=7794ms nonFitness=4109ms gensPerHour=461.9 fast=busy0ms/idle62352ms/depth3/wait0ms heavy=busy0ms/idle15588ms/depth0/wait0ms scorer=20.2ms/scored3/batchScored3/perCreatureScored0/batchInvocations1/creaturesPerSec0.8 corruptParentSkips=0
Generation 22 score 0.43505502028000015 (avg: -1.3849) error 0.5649380345099259 time 8s 5ms
[DynamicPool] 2 idle heavy worker(s) assisting fitness evaluation
[NEAT-AI] Batch scorer partition: 3 forwardOnly batched, 0 recurrent batched, 0 per-creature
[DynamicPool] 2 idle heavy worker(s) assisting breeding
[MCMC] Temperature: 0.980000 → 0.980000
[PreWarm] 2 new templates, 0 cached, 2 unique topologies (90ms)
[Timing] fitness=3687ms breeding=0ms breedingWorker=0ms mainThreadOverlap=0ms resultProcessing=0ms memoryEviction=1ms preWarm=90ms pipelineOverlap=91ms sort=0ms writeScores=2ms mutation=0ms deduplication=134ms speciation=1ms total=5859ms
[Utilisation] fitness=0%fast/0%heavy breeding=0%fast/0%heavy overall=0%
[Throughput] wall=5859ms nonFitness=2172ms gensPerHour=614.4 fast=busy0ms/idle46872ms/depth3/wait0ms heavy=busy0ms/idle11718ms/depth0/wait0ms scorer=20.8ms/scored3/batchScored3/perCreatureScored0/batchInvocations1/creaturesPerSec0.8 corruptParentSkips=0
Generation 23 score 0.43505502028000015 (avg: -0.5315) error 0.5649380345099259 time 6s 64ms
[DynamicPool] 2 idle heavy worker(s) assisting fitness evaluation
[NEAT-AI] Batch scorer partition: 2 forwardOnly batched, 0 recurrent batched, 0 per-creature
[DynamicPool] 2 idle heavy worker(s) assisting breeding
[MCMC] Temperature: 0.980000 → 1.000000
[PreWarm] 2 new templates, 0 cached, 2 unique topologies (74ms)
[Timing] fitness=2449ms breeding=0ms breedingWorker=0ms mainThreadOverlap=0ms resultProcessing=0ms preWarm=74ms pipelineOverlap=75ms sort=0ms writeScores=2ms mutation=0ms deduplication=124ms speciation=1ms total=6229ms
[Utilisation] fitness=0%fast/0%heavy breeding=0%fast/0%heavy overall=0%
[Throughput] wall=6229ms nonFitness=3780ms gensPerHour=577.9 fast=busy0ms/idle49832ms/depth2/wait0ms heavy=busy0ms/idle12458ms/depth0/wait0ms scorer=8.3ms/scored2/batchScored2/perCreatureScored0/batchInvocations1/creaturesPerSec0.8 corruptParentSkips=0
Generation 24 score 0.43505502028000015 (avg: -0.2272) error 0.5649380345099259 time 6s 373ms
[DynamicPool] 2 idle heavy worker(s) assisting fitness evaluation
[NEAT-AI] Batch scorer partition: 2 forwardOnly batched, 0 recurrent batched, 0 per-creature
[DynamicPool] 2 idle heavy worker(s) assisting breeding
[MCMC] Temperature: 1.000000 → 1.000000
[PopulationBudget] Dropped 2 creature(s) to stay within the effective population size of 5 (elitists=1, trained=0, fineTuned=4, bred=1, dna=1)
[PreWarm] 2 new templates, 1 cached, 3 unique topologies (126ms)
[Timing] fitness=2305ms breeding=0ms breedingWorker=0ms mainThreadOverlap=0ms resultProcessing=0ms preWarm=126ms pipelineOverlap=128ms sort=0ms writeScores=4ms mutation=0ms deduplication=129ms speciation=2ms total=7902ms
[Utilisation] fitness=0%fast/0%heavy breeding=0%fast/0%heavy overall=0%
[Throughput] wall=7902ms nonFitness=5597ms gensPerHour=455.6 fast=busy0ms/idle63216ms/depth2/wait0ms heavy=busy0ms/idle15804ms/depth0/wait0ms scorer=8.5ms/scored2/batchScored2/perCreatureScored0/batchInvocations1/creaturesPerSec0.9 corruptParentSkips=0
Generation 25 score 0.43505502028000015 (avg: 0.2738) error 0.5649380345099259 time 8s 53ms
[DynamicPool] 2 idle heavy worker(s) assisting fitness evaluation
[NEAT-AI] Batch scorer partition: 3 forwardOnly batched, 0 recurrent batched, 0 per-creature
[DynamicPool] 2 idle heavy worker(s) assisting breeding
[MCMC] Temperature: 1.000000 → 1.000000
[PopulationBudget] Dropped 2 creature(s) to stay within the effective population size of 5 (elitists=1, trained=0, fineTuned=4, bred=1, dna=1)
[PreWarm] 2 new templates, 1 cached, 3 unique topologies (118ms)
[Timing] fitness=3669ms breeding=0ms breedingWorker=0ms mainThreadOverlap=0ms resultProcessing=0ms preWarm=118ms pipelineOverlap=119ms sort=0ms writeScores=6ms mutation=0ms deduplication=118ms speciation=1ms total=7655ms
[Utilisation] fitness=0%fast/0%heavy breeding=0%fast/0%heavy overall=0%
[Throughput] wall=7655ms nonFitness=3986ms gensPerHour=470.3 fast=busy0ms/idle61240ms/depth3/wait0ms heavy=busy0ms/idle15310ms/depth0/wait0ms scorer=22.1ms/scored3/batchScored3/perCreatureScored0/batchInvocations1/creaturesPerSec0.8 corruptParentSkips=0
Generation 26 score 0.43505502028000015 (avg: -0.0308) error 0.5649380345099259 time 7s 835ms
[DynamicPool] 2 idle heavy worker(s) assisting fitness evaluation
[NEAT-AI] Batch scorer partition: 3 forwardOnly batched, 0 recurrent batched, 0 per-creature
[DynamicPool] 2 idle heavy worker(s) assisting breeding
[MCMC] Temperature: 1.000000 → 1.000000
[PreWarm] 2 new templates, 0 cached, 2 unique topologies (95ms)
[Timing] fitness=3602ms breeding=0ms breedingWorker=0ms mainThreadOverlap=0ms resultProcessing=0ms preWarm=95ms pipelineOverlap=98ms sort=0ms writeScores=12ms mutation=0ms deduplication=136ms speciation=3ms total=6068ms
[Utilisation] fitness=0%fast/0%heavy breeding=0%fast/0%heavy overall=0%
[Throughput] wall=6068ms nonFitness=2466ms gensPerHour=593.3 fast=busy0ms/idle48544ms/depth3/wait0ms heavy=busy0ms/idle12136ms/depth0/wait0ms scorer=22.4ms/scored3/batchScored3/perCreatureScored0/batchInvocations1/creaturesPerSec0.8 corruptParentSkips=0
Generation 27 score 0.43505502028000015 (avg: -0.5227) error 0.5649380345099259 time 6s 260ms
[DynamicPool] 2 idle heavy worker(s) assisting fitness evaluation
[NEAT-AI] Batch scorer partition: 2 forwardOnly batched, 0 recurrent batched, 0 per-creature
[DynamicPool] 2 idle heavy worker(s) assisting breeding
[MCMC] Temperature: 1.000000 → 1.000000
[PreWarm] 2 new templates, 0 cached, 2 unique topologies (90ms)
[Timing] fitness=2375ms breeding=0ms breedingWorker=0ms mainThreadOverlap=0ms resultProcessing=0ms preWarm=90ms pipelineOverlap=91ms sort=0ms writeScores=7ms mutation=0ms deduplication=160ms speciation=1ms total=6817ms
[Utilisation] fitness=0%fast/0%heavy breeding=0%fast/0%heavy overall=0%
[Throughput] wall=6817ms nonFitness=4442ms gensPerHour=528.1 fast=busy0ms/idle54536ms/depth2/wait0ms heavy=busy0ms/idle13634ms/depth0/wait0ms scorer=8.8ms/scored2/batchScored2/perCreatureScored0/batchInvocations1/creaturesPerSec0.8 corruptParentSkips=0
Generation 28 score 0.43505502028000015 (avg: 0.2020) error 0.5649380345099259 time 6s 980ms
[DynamicPool] 2 idle heavy worker(s) assisting fitness evaluation
[NEAT-AI] Batch scorer partition: 2 forwardOnly batched, 0 recurrent batched, 0 per-creature
[DynamicPool] 2 idle heavy worker(s) assisting breeding
[MCMC] Gen: temp=1.0000, acceptance=100.0% (smoothed=10.0%), proposed=1, accepted=1, rejected=0
[PopulationBudget] Dropped 1 creature(s) to stay within the effective population size of 5 (elitists=1, trained=0, fineTuned=3, bred=1, dna=1)
[PreWarm] 1 new templates, 1 cached, 2 unique topologies (107ms)
[Timing] fitness=2287ms breeding=0ms breedingWorker=0ms mainThreadOverlap=0ms resultProcessing=0ms preWarm=107ms pipelineOverlap=108ms sort=0ms writeScores=2ms mutation=2890ms deduplication=109ms speciation=1ms total=11245ms
[Utilisation] fitness=0%fast/0%heavy breeding=0%fast/0%heavy overall=0%
[MutationOps] MOD_WEIGHT proposed=1 noChange=0 applied=1 reverted=0 evaluated=0 accepted=0 rejected=0 evalMs=0 depth[in=0 mid=0 out=0 ?=1] || resolved=0 multiOperator=0 discarded=0 evalMs=0 mcmc=1/1
[Throughput] wall=11245ms nonFitness=8958ms gensPerHour=320.1 fast=busy0ms/idle89960ms/depth2/wait0ms heavy=busy0ms/idle22490ms/depth0/wait0ms scorer=13.6ms/scored2/batchScored2/perCreatureScored0/batchInvocations1/creaturesPerSec0.9 corruptParentSkips=0
Generation 29 score 0.43505502028000015 (avg: 0.2978) error 0.5649380345099259 time 11s 392ms
[DynamicPool] 2 idle heavy worker(s) assisting fitness evaluation
[NEAT-AI] Batch scorer partition: 3 forwardOnly batched, 0 recurrent batched, 0 per-creature
[DynamicPool] 2 idle heavy worker(s) assisting breeding
[MCMC] Gen: temp=1.0000, acceptance=100.0% (smoothed=20.0%), proposed=1, accepted=1, rejected=0
[PreWarm] 1 new templates, 2 cached, 3 unique topologies (58ms)
[Timing] fitness=3730ms breeding=0ms breedingWorker=0ms mainThreadOverlap=0ms resultProcessing=0ms preWarm=58ms pipelineOverlap=59ms sort=0ms writeScores=2ms mutation=2981ms deduplication=119ms speciation=1ms total=11377ms
[Utilisation] fitness=0%fast/0%heavy breeding=0%fast/0%heavy overall=0%
[MutationOps] MOD_BIAS proposed=1 noChange=0 applied=1 reverted=0 evaluated=0 accepted=0 rejected=0 evalMs=0 depth[in=0 mid=0 out=0 ?=1] || resolved=0 multiOperator=0 discarded=1 evalMs=0 mcmc=1/1
[Throughput] wall=11377ms nonFitness=7647ms gensPerHour=316.4 fast=busy0ms/idle91016ms/depth3/wait0ms heavy=busy0ms/idle22754ms/depth0/wait0ms scorer=16.1ms/scored3/batchScored3/perCreatureScored0/batchInvocations1/creaturesPerSec0.8 corruptParentSkips=0
Generation 30 score 0.43505502028000015 (avg: -187.1412) error 0.5649380345099259 time 11s 557ms
[DynamicPool] 2 idle heavy worker(s) assisting fitness evaluation
[NEAT-AI] Batch scorer partition: 3 forwardOnly batched, 0 recurrent batched, 0 per-creature
[DynamicPool] 2 idle heavy worker(s) assisting breeding
[MCMC] Temperature: 1.000000 → 1.000000
[PreWarm] 2 new templates, 1 cached, 3 unique topologies (121ms)
[Timing] fitness=3617ms breeding=0ms breedingWorker=0ms mainThreadOverlap=0ms resultProcessing=0ms preWarm=121ms pipelineOverlap=124ms sort=0ms writeScores=5ms mutation=0ms deduplication=204ms speciation=3ms total=8411ms
[Utilisation] fitness=0%fast/0%heavy breeding=0%fast/0%heavy overall=0%
[MutationOps] MOD_BIAS proposed=0 noChange=0 applied=0 reverted=0 evaluated=1 accepted=0 rejected=1 evalMs=1199 delta[n=1 min=-0.3027 med=-0.3027 max=-0.3027] depthRejected[in=0 mid=0 out=0 ?=1] || resolved=1 multiOperator=0 discarded=0 evalMs=1199 mcmc=0/0
[Throughput] wall=8411ms nonFitness=4794ms gensPerHour=428.0 fast=busy0ms/idle67288ms/depth3/wait0ms heavy=busy0ms/idle16822ms/depth0/wait0ms scorer=18.3ms/scored3/batchScored3/perCreatureScored0/batchInvocations1/creaturesPerSec0.8 corruptParentSkips=0
Generation 31 score 0.43505502028000015 (avg: -0.1399) error 0.5649380345099259 time 8s 591ms
[DynamicPool] 2 idle heavy worker(s) assisting fitness evaluation
[NEAT-AI] Batch scorer partition: 3 forwardOnly batched, 0 recurrent batched, 0 per-creature
[DynamicPool] 2 idle heavy worker(s) assisting breeding
[MCMC] Gen: temp=0.9800, acceptance=100.0% (smoothed=30.0%), proposed=1, accepted=1, rejected=0
[PreWarm] 1 new templates, 2 cached, 3 unique topologies (64ms)
[Timing] fitness=3803ms breeding=0ms breedingWorker=0ms mainThreadOverlap=0ms resultProcessing=0ms preWarm=64ms pipelineOverlap=66ms sort=0ms writeScores=17ms mutation=2909ms deduplication=125ms speciation=2ms total=14048ms
[Utilisation] fitness=0%fast/0%heavy breeding=0%fast/0%heavy overall=0%
[MutationOps] MOD_BIAS proposed=1 noChange=0 applied=1 reverted=0 evaluated=0 accepted=0 rejected=0 evalMs=0 depth[in=0 mid=0 out=0 ?=1] || resolved=0 multiOperator=0 discarded=0 evalMs=0 mcmc=1/1
[Throughput] wall=14048ms nonFitness=10245ms gensPerHour=256.3 fast=busy0ms/idle112384ms/depth3/wait0ms heavy=busy0ms/idle28096ms/depth0/wait0ms scorer=18.9ms/scored3/batchScored3/perCreatureScored0/batchInvocations1/creaturesPerSec0.8 corruptParentSkips=0
Generation 32 score 0.43505502028000015 (avg: 0.1868) error 0.5649380345099259 time 14s 247ms
[DynamicPool] 2 idle heavy worker(s) assisting fitness evaluation
[NEAT-AI] Batch scorer partition: 3 forwardOnly batched, 0 recurrent batched, 0 per-creature
[DynamicPool] 2 idle heavy worker(s) assisting breeding
[MCMC] Temperature: 0.980000 → 0.980000
[PreWarm] 2 new templates, 1 cached, 3 unique topologies (133ms)
[Timing] fitness=3531ms breeding=0ms breedingWorker=0ms mainThreadOverlap=0ms resultProcessing=0ms preWarm=133ms pipelineOverlap=137ms sort=0ms writeScores=17ms mutation=0ms deduplication=188ms speciation=4ms total=8229ms
[Utilisation] fitness=0%fast/0%heavy breeding=0%fast/0%heavy overall=0%
[MutationOps] MOD_BIAS proposed=0 noChange=0 applied=0 reverted=0 evaluated=1 accepted=0 rejected=1 evalMs=1170 delta[n=1 min=-1.1030 med=-1.1030 max=-1.1030] depthRejected[in=0 mid=0 out=0 ?=1] || resolved=1 multiOperator=0 discarded=0 evalMs=1170 mcmc=0/0
[Throughput] wall=8229ms nonFitness=4698ms gensPerHour=437.5 fast=busy0ms/idle65832ms/depth3/wait0ms heavy=busy0ms/idle16458ms/depth0/wait0ms scorer=19.0ms/scored3/batchScored3/perCreatureScored0/batchInvocations1/creaturesPerSec0.8 corruptParentSkips=0
Generation 33 score 0.43505502028000015 (avg: -1204912.1304) error 0.5649380345099259 time 8s 517ms
[DynamicPool] 2 idle heavy worker(s) assisting fitness evaluation
[NEAT-AI] Batch scorer partition: 3 forwardOnly batched, 0 recurrent batched, 0 per-creature
Skipping discovery: insufficient time (1m remaining, 2m estimated)
Training 6566eb8e scheduled
[DynamicPool] 1 idle heavy worker(s) assisting breeding
[MCMC] Temperature: 0.980000 → 0.980000
[PreWarm] 2 new templates, 1 cached, 3 unique topologies (90ms)
[Timing] fitness=3485ms breeding=27ms breedingWorker=27ms mainThreadOverlap=0ms resultProcessing=0ms preWarm=90ms pipelineOverlap=94ms sort=0ms writeScores=15ms mutation=0ms deduplication=170ms speciation=4ms total=8270ms
[Utilisation] fitness=0%fast/0%heavy breeding=0%fast/50%heavy overall=0%
[Throughput] wall=8270ms nonFitness=4785ms gensPerHour=435.3 fast=busy0ms/idle66160ms/depth3/wait0ms heavy=busy0ms/idle16540ms/depth1/wait0ms scorer=20.1ms/scored3/batchScored3/perCreatureScored0/batchInvocations1/creaturesPerSec0.9 corruptParentSkips=0
[WasmWorkerInit] worker=worker-61 outcome=ok handshakeMs=384 cache=hit cacheDir=/Users/rocket/.cache/neat-ai/wasm bundleBytes=1039872 bundleLoadMs=3 glueImportMs=22 instantiateMs=3 wasmTotalMs=29 workerError=none
Generation 34 score 0.4350550206028621 (avg: -0.2103) error 0.5649380341370752 time 8s 437ms
[DynamicPool] 1 idle heavy worker(s) assisting fitness evaluation
[NEAT-AI] Batch scorer partition: 3 forwardOnly batched, 0 recurrent batched, 0 per-creature
[WasmWorkerInit] worker=worker-62 outcome=ok handshakeMs=409 cache=hit cacheDir=/Users/rocket/.cache/neat-ai/wasm bundleBytes=1039872 bundleLoadMs=3 glueImportMs=22 instantiateMs=3 wasmTotalMs=29 workerError=none
[WasmWorkerInit] worker=worker-63 outcome=ok handshakeMs=786 cache=hit cacheDir=/Users/rocket/.cache/neat-ai/wasm bundleBytes=1039872 bundleLoadMs=3 glueImportMs=22 instantiateMs=3 wasmTotalMs=29 workerError=none
[WasmWorkerInit] worker=worker-64 outcome=ok handshakeMs=608 cache=hit cacheDir=/Users/rocket/.cache/neat-ai/wasm bundleBytes=1039872 bundleLoadMs=3 glueImportMs=22 instantiateMs=3 wasmTotalMs=29 workerError=none
[WasmWorkerInit] worker=worker-65 outcome=ok handshakeMs=687 cache=hit cacheDir=/Users/rocket/.cache/neat-ai/wasm bundleBytes=1039872 bundleLoadMs=3 glueImportMs=22 instantiateMs=3 wasmTotalMs=29 workerError=none
[WasmWorkerInit] worker=worker-66 outcome=ok handshakeMs=675 cache=hit cacheDir=/Users/rocket/.cache/neat-ai/wasm bundleBytes=1039872 bundleLoadMs=3 glueImportMs=22 instantiateMs=3 wasmTotalMs=29 workerError=none
[WasmWorkerInit] worker=worker-67 outcome=ok handshakeMs=540 cache=hit cacheDir=/Users/rocket/.cache/neat-ai/wasm bundleBytes=1039872 bundleLoadMs=3 glueImportMs=22 instantiateMs=3 wasmTotalMs=29 workerError=none
[WasmWorkerInit] worker=worker-68 outcome=ok handshakeMs=790 cache=hit cacheDir=/Users/rocket/.cache/neat-ai/wasm bundleBytes=1039872 bundleLoadMs=3 glueImportMs=22 instantiateMs=3 wasmTotalMs=29 workerError=none
[WasmWorkerInit] worker=worker-69 outcome=ok handshakeMs=603 cache=hit cacheDir=/Users/rocket/.cache/neat-ai/wasm bundleBytes=1039872 bundleLoadMs=3 glueImportMs=22 instantiateMs=3 wasmTotalMs=29 workerError=none
[DynamicPool] 1 idle heavy worker(s) assisting breeding
[MCMC] Temperature: 0.980000 → 0.980000
[PopulationBudget] Dropped 2 creature(s) to stay within the effective population size of 5 (elitists=1, trained=0, fineTuned=4, bred=1, dna=1)
[PreWarm] 3 new templates, 0 cached, 3 unique topologies (110ms)
[Timing] fitness=5284ms breeding=0ms breedingWorker=0ms mainThreadOverlap=0ms resultProcessing=0ms preWarm=110ms pipelineOverlap=112ms sort=0ms writeScores=54ms mutation=0ms deduplication=121ms speciation=2ms total=11535ms
[Utilisation] fitness=0%fast/50%heavy breeding=0%fast/50%heavy overall=5%
[Throughput] wall=11535ms nonFitness=6251ms gensPerHour=312.1 fast=busy0ms/idle92280ms/depth3/wait0ms heavy=busy0ms/idle23070ms/depth1/wait0ms scorer=20.6ms/scored3/batchScored3/perCreatureScored0/batchInvocations1/creaturesPerSec0.6 corruptParentSkips=0
[WasmWorkerInit] worker=worker-70 outcome=ok handshakeMs=6692 cache=hit cacheDir=/Users/rocket/.cache/neat-ai/wasm bundleBytes=1039872 bundleLoadMs=3 glueImportMs=22 instantiateMs=3 wasmTotalMs=29 workerError=none
Generation 35 score 0.4350550206028621 (avg: -0.2406) error 0.5649380341370752 time 11s 739ms
[DynamicPool] 1 idle heavy worker(s) assisting fitness evaluation
[NEAT-AI] Batch scorer partition: 3 forwardOnly batched, 0 recurrent batched, 0 per-creature
[neat-ai] running version 7.0.48
[DynamicPool] 1 idle heavy worker(s) assisting breeding
[Neat] Discovery replay: no improvement found (evaluated: 0)
[MCMC] Gen: temp=0.9800, acceptance=100.0% (smoothed=40.0%), proposed=1, accepted=1, rejected=0
[PopulationBudget] Dropped 2 creature(s) to stay within the effective population size of 5 (elitists=1, trained=0, fineTuned=4, bred=1, dna=1)
[PreWarm] 2 new templates, 1 cached, 3 unique topologies (112ms)
[Timing] fitness=5985ms breeding=0ms breedingWorker=0ms mainThreadOverlap=0ms resultProcessing=0ms preWarm=112ms pipelineOverlap=115ms sort=0ms writeScores=43ms mutation=3109ms deduplication=118ms speciation=3ms total=13039ms
[Utilisation] fitness=0%fast/50%heavy breeding=0%fast/50%heavy overall=7%
[MutationOps] MOD_WEIGHT proposed=1 noChange=0 applied=1 reverted=0 evaluated=0 accepted=0 rejected=0 evalMs=0 depth[in=0 mid=0 out=0 ?=1] || resolved=0 multiOperator=0 discarded=0 evalMs=0 mcmc=1/1
[Throughput] wall=13039ms nonFitness=7054ms gensPerHour=276.1 fast=busy0ms/idle104312ms/depth3/wait0ms heavy=busy0ms/idle26078ms/depth1/wait0ms scorer=20.1ms/scored3/batchScored3/perCreatureScored0/batchInvocations1/creaturesPerSec0.5 corruptParentSkips=0
Generation 36 score 0.4350550206028621 (avg: -0.8202) error 0.5649380341370752 time 13s 420ms
[DynamicPool] 1 idle heavy worker(s) assisting fitness evaluation
[NEAT-AI] Batch scorer partition: 3 forwardOnly batched, 0 recurrent batched, 0 per-creature
[DynamicPool] 1 idle heavy worker(s) assisting breeding
[MCMC] Temperature: 0.980000 → 0.980000
[PreWarm] 2 new templates, 0 cached, 2 unique topologies (115ms)
[Timing] fitness=5029ms breeding=0ms breedingWorker=0ms mainThreadOverlap=0ms resultProcessing=0ms preWarm=115ms pipelineOverlap=116ms sort=0ms writeScores=7ms mutation=0ms deduplication=158ms speciation=1ms total=7574ms
[Utilisation] fitness=0%fast/50%heavy breeding=0%fast/50%heavy overall=7%
[Throughput] wall=7574ms nonFitness=2545ms gensPerHour=475.3 fast=busy0ms/idle60592ms/depth3/wait0ms heavy=busy0ms/idle15148ms/depth1/wait0ms scorer=19.8ms/scored3/batchScored3/perCreatureScored0/batchInvocations1/creaturesPerSec0.6 corruptParentSkips=0
Generation 37 score 0.4350550206028621 (avg: 0.1654) error 0.5649380341370752 time 7s 777ms
[DynamicPool] 1 idle heavy worker(s) assisting fitness evaluation
[NEAT-AI] Batch scorer partition: 2 forwardOnly batched, 0 recurrent batched, 0 per-creature
[DynamicPool] 1 idle heavy worker(s) assisting breeding
[MCMC] Temperature: 0.980000 → 0.980000
[PreWarm] 2 new templates, 0 cached, 2 unique topologies (111ms)
[Timing] fitness=3142ms breeding=0ms breedingWorker=0ms mainThreadOverlap=0ms resultProcessing=0ms preWarm=111ms pipelineOverlap=113ms sort=0ms writeScores=14ms mutation=0ms deduplication=168ms speciation=2ms total=7280ms
[Utilisation] fitness=0%fast/50%heavy breeding=0%fast/50%heavy overall=5%
[Throughput] wall=7280ms nonFitness=4138ms gensPerHour=494.5 fast=busy0ms/idle58240ms/depth2/wait0ms heavy=busy0ms/idle14560ms/depth1/wait0ms scorer=11.0ms/scored2/batchScored2/perCreatureScored0/batchInvocations1/creaturesPerSec0.6 corruptParentSkips=0
Generation 38 score 0.4350550206028621 (avg: 0.2772) error 0.5649380341370752 time 7s 454ms
[DynamicPool] 1 idle heavy worker(s) assisting fitness evaluation
[NEAT-AI] Batch scorer partition: 2 forwardOnly batched, 0 recurrent batched, 0 per-creature
[DynamicPool] 1 idle heavy worker(s) assisting breeding
[MCMC] Temperature: 0.980000 → 0.980000
[PopulationBudget] Dropped 2 creature(s) to stay within the effective population size of 5 (elitists=1, trained=0, fineTuned=4, bred=1, dna=1)
[PreWarm] 2 new templates, 1 cached, 3 unique topologies (132ms)
[Timing] fitness=2858ms breeding=0ms breedingWorker=0ms mainThreadOverlap=0ms resultProcessing=0ms preWarm=132ms pipelineOverlap=135ms sort=0ms writeScores=28ms mutation=0ms deduplication=147ms speciation=3ms total=8984ms
[Utilisation] fitness=0%fast/50%heavy breeding=0%fast/50%heavy overall=4%
[Throughput] wall=8984ms nonFitness=6126ms gensPerHour=400.7 fast=busy0ms/idle71872ms/depth2/wait0ms heavy=busy0ms/idle17968ms/depth1/wait0ms scorer=12.6ms/scored2/batchScored2/perCreatureScored0/batchInvocations1/creaturesPerSec0.7 corruptParentSkips=0
Generation 39 score 0.4350550206028621 (avg: 0.2349) error 0.5649380341370752 time 9s 113ms
[DynamicPool] 1 idle heavy worker(s) assisting fitness evaluation
[NEAT-AI] Batch scorer partition: 3 forwardOnly batched, 0 recurrent batched, 0 per-creature
[DynamicPool] 2 idle heavy worker(s) assisting breeding
Training 6566eb8e completed after 50s 170ms
[MCMC] Temperature: 0.980000 → 1.000000
[PopulationBudget] Dropped 5 creature(s) to stay within the effective population size of 5 (elitists=1, trained=3, fineTuned=4, bred=1, dna=1)
[PreWarm] 2 new templates, 1 cached, 3 unique topologies (111ms)
[Timing] fitness=10414ms breeding=154ms breedingWorker=154ms mainThreadOverlap=154ms resultProcessing=154ms preWarm=111ms pipelineOverlap=267ms sort=0ms writeScores=5ms mutation=0ms deduplication=118ms speciation=2ms total=14575ms
[Utilisation] fitness=0%fast/0%heavy breeding=0%fast/0%heavy overall=0%
[Throughput] wall=14575ms nonFitness=4161ms gensPerHour=247.0 fast=busy0ms/idle116600ms/depth3/wait0ms heavy=busy54686ms/idle0ms/depth1/wait0ms scorer=17.9ms/scored3/batchScored3/perCreatureScored0/batchInvocations1/creaturesPerSec0.3 corruptParentSkips=0
Generation 40 score 0.4350550206028621 (avg: -0.0047) error 0.5649380341370752 time 14s 793ms
[DynamicPool] 2 idle heavy worker(s) assisting fitness evaluation
[NEAT-AI] Batch scorer partition: 3 forwardOnly batched, 0 recurrent batched, 0 per-creature
[DynamicPool] 2 idle heavy worker(s) assisting breeding
[MCMC] Temperature: 1.000000 → 1.000000
[PreWarm] 2 new templates, 0 cached, 2 unique topologies (92ms)
[Timing] fitness=3550ms breeding=0ms breedingWorker=0ms mainThreadOverlap=0ms resultProcessing=0ms preWarm=92ms pipelineOverlap=94ms sort=0ms writeScores=16ms mutation=0ms deduplication=153ms speciation=2ms total=5441ms
[Utilisation] fitness=0%fast/0%heavy breeding=0%fast/0%heavy overall=0%
[Throughput] wall=5441ms nonFitness=1891ms gensPerHour=661.6 fast=busy0ms/idle43528ms/depth3/wait0ms heavy=busy0ms/idle10882ms/depth0/wait0ms scorer=19.5ms/scored3/batchScored3/perCreatureScored0/batchInvocations1/creaturesPerSec0.8 corruptParentSkips=0
Generation 41 score 0.4350550206028621 (avg: -3.7541) error 0.5649380341370752 time 5s 646ms
[DynamicPool] 2 idle heavy worker(s) assisting fitness evaluation
[NEAT-AI] Batch scorer partition: 2 forwardOnly batched, 0 recurrent batched, 0 per-creature
[DynamicPool] 2 idle heavy worker(s) assisting breeding
[MCMC] Temperature: 1.000000 → 1.000000
[PreWarm] 2 new templates, 0 cached, 2 unique topologies (89ms)
[Timing] fitness=2344ms breeding=0ms breedingWorker=0ms mainThreadOverlap=0ms resultProcessing=0ms preWarm=89ms pipelineOverlap=92ms sort=0ms writeScores=16ms mutation=0ms deduplication=153ms speciation=3ms total=6848ms
[Utilisation] fitness=0%fast/0%heavy breeding=0%fast/0%heavy overall=0%
[Throughput] wall=6848ms nonFitness=4504ms gensPerHour=525.7 fast=busy0ms/idle54784ms/depth2/wait0ms heavy=busy0ms/idle13696ms/depth0/wait0ms scorer=11.5ms/scored2/batchScored2/perCreatureScored0/batchInvocations1/creaturesPerSec0.9 corruptParentSkips=0
Generation 42 score 0.4350550206028621 (avg: -0.1204) error 0.5649380341370752 time 6s 988ms
[evolveDir] teardown complete: 10 worker(s) terminated, 0 detached; replay queue drained
[training-skip] summary skipped=0 populationSkipped=0 creatureSkipped=0 otherSkipped=0 improvements=4 regressions=1 noChange=0 neatSkipped=0 regressionRate=0.2 (#4713)
2026-09-29T21:46:19.002Z [INFO] [Learn] [pid-6182] Evolution of 42 generations in 7m 2s, averaging 10s 54ms
2026-09-29T21:46:19.002Z [INFO] [Learn] [pid-6182] [seed] loaded=21 skipped=0 kept=21 dropped=0 populationSize=5 dir=.creatures (#4300)
2026-09-29T21:46:19.002Z [INFO] [Learn] [pid-6182] [seed] best=sampler-4.json@0.4338117705210377 worst-kept=best.json@0.40915305436761334 best-dropped=none (#4300)
2026-09-29T21:46:19.002Z [WARN] [Learn] [pid-6182] model training over-run: elapsed 7m 2s vs expected 7m — stopping further generations; results committed (#4141)
2026-09-29T21:46:19.215Z [INFO] [saveValidatedCreatureExport] [pid-6182] [forward-only] saved file=.network-sampler.json
[checkin-reserve] overrun: loop 1 Learn ran 7m08s against --timeout=7 min (overran 0m08s); sized with 175m28s left, launched with 156m24s left (19m04s consumed before launch) (#4872)
[result-metadata] stamped .result-sampler.json with samplerBuildTimeMs=8184
Loop 2 of 5
⏭️  Loop 2: remaining budget too small (~2 min < floor) — skipping this loop's evolution to preserve the final loop + check-in reserve (#2598)
From github.com:stSoftwareAU/GRQ-cluster
 * branch              main       -> FETCH_HEAD
   05425cef..982e799d  main       -> origin/main
Updating 05425cef..982e799d
Updating files:  50% (2/4)Updating files:  75% (3/4)Updating files: 100% (4/4)Updating files: 100% (4/4), done.
Fast-forward
 performance.csv                               |  3 ++
 statistics/GRQ-3/2026/09/29/21-20.json        | 76 +++++++++++++++++++++++++++
 statistics/GRQ-3/2026/09/29/21-23.json        | 76 +++++++++++++++++++++++++++
 statistics/Mac-Ultra-M2/2026/09/29/21-21.json | 76 +++++++++++++++++++++++++++
 4 files changed, 231 insertions(+)
 create mode 100644 statistics/GRQ-3/2026/09/29/21-20.json
 create mode 100644 statistics/GRQ-3/2026/09/29/21-23.json
 create mode 100644 statistics/Mac-Ultra-M2/2026/09/29/21-21.json
ℹ️ [creature-artefact] ../GRQ-cluster/creature.json absent — reading legacy network.json (#4153 rollout window)
GIT-OP: [sampler-copyNetworks] git pull ok in 8s (attempt 1/3, timeout=600s)
From github.com:stSoftwareAU/GRQ-sampler
   727f1e3b..1f006f1c  main       -> origin/main
Updating 727f1e3b..1f006f1c
Updating files:  40% (2/5)Updating files:  60% (3/5)Updating files:  80% (4/5)Updating files: 100% (5/5)Updating files: 100% (5/5), done.
Fast-forward
 performance.csv                   |      2 +
 samples/Enceladus.json            |     12 +-
 samples/GRQ-12-1.json             |    286 +-
 samples/GRQ-22-1.json             |    122 +-
 samples/Mac-Ultra-M2-forests.json | 272645 ++++++++++++++++++-----------------
 5 files changed, 136837 insertions(+), 136230 deletions(-)
[samples] pool shrunk to fit the run's soft budget scored=8 of considered=49 remaining=1745s share=20% secs_per_creature=85 — the rest are dropped at random this run, never by tag (#4671)
[samples] considered=8 dir=samples top=6 random=2 (#4300)
[samples] scoring pool=8 data=/Users/rocket/GRQ/.trainData-binary_116 — ranking on locally measured scores, stored score tags are never used (#4375)
[samples] scoring deadline=3600s/scorer-pass pool=8 secs_per_creature=85 slack=3x floor=3600s (#4615)
2026-09-29T21:46:35.747Z [INFO] [batchRustScore] [pid-9392] 🦀 Rust batch score: 8 creature(s) → /Users/rocket/.cargo/bin/rust_scorer
2026-09-29T21:56:51.153Z [INFO] [ScoreSeedPool] [pid-9392] measured 8 of 8 seed candidate(s) on /Users/rocket/GRQ/.trainData-binary_116
[samples] scoring pass ok rc=0 elapsed=617s pool=8 secs_per_creature=78 (#4494/#4498)
[samples] scored measured=8 unmeasured=0 of considered=8 (#4375)
[samples] random-pool eligible=8 quarantined=0 best=0.4309441824976605 floor=0.3232081369 limit=25% ranked-taken=6 available=2 (#4299, #4677)
[samples] pick slot=top rank=1 score=0.4309441824976605 measured=local file=Mac-Ultra-M2-1.json (#4375)
[samples] pick slot=top rank=2 score=0.4309441824976605 measured=local file=GRQ-3-1.json (#4375)
[samples] pick slot=top rank=3 score=0.4305978884829999 measured=local file=Mac-Ultra-M2-ockham.json (#4375)
[samples] pick slot=top rank=4 score=0.4301070012656199 measured=local file=GRQ-10-lamarck.json (#4375)
[samples] pick slot=top rank=5 score=0.4299434042978485 measured=local file=GRQ-25-lamarck.json (#4375)
[samples] pick slot=top rank=6 score=0.4291264982817714 measured=local file=GRQ-25-backprop.json (#4375)
[samples] pick slot=random rank=- score=0.42630957822736504 measured=local file=GRQ-23-backprop.json (#4375)
[samples] pick slot=random rank=- score=0.33200890373615893 measured=local file=Enceladus-Terminal.json (#4375)
[samples] seeded slots=8 of 8 top=6 random=2 considered=8 (#4677)
ℹ️ [creature-artefact] ../GRQ-portfolio/best/creature.json absent — reading legacy network.json (#4153 rollout window)
[creatures] copyNetworks: 20 creature file(s) in /Users/rocket/GRQ/.creatures (#4300)
[creatures] copyNetworks: 1.json 2.json 3.json 4.json Enceladus-Terminal.json GRQ-10-lamarck.json GRQ-23-backprop.json GRQ-25-backprop.json GRQ-25-lamarck.json GRQ-3-1.json Mac-Ultra-M2-1.json Mac-Ultra-M2-ockham.json best.json cluster.json sampler-1.json sampler-2.json sampler-3.json sampler-4.json sampler-5.json worker.json 
2) Sample rate: 0.05, timeout: 3, costName: MSE
sampler-preflight: phase=slice-0.05 free_gb=71.3 corpus_gb=21.4 required_gb=1.3 decision=ok
[heap-grant] stage=Sampler | Heap: 3072 MB | Total RAM: 8 GB | Available: 6307 MB | Planning budget: 4096 MB | FFI/OS headroom: 1536 MB | Floor: 3072 MB | Cap: 24576 MB (default) | Clamp: 4771 MB (available)
🏭 .trainData-binary_116-sampler/sample-5.bin — 114335 of 2287083 records kept from 520 file(s), seed 3480073890965041681
📄 .trainData-binary_116-sampler/manifest.json — sha256 ac610b978e1f22009337126c4ada03b4e0284bc2fce562b8f6fb0c004f0eed2f
2026-09-29T21:57:21.460Z [INFO] [Sampler] [pid-13949] 🏭 sampler implementation=refinery elapsed_ms=9450 records_read=2287083 records_written=114335 output=.trainData-binary_116-sampler/sample-5.bin
2026-09-29T21:57:21.462Z [INFO] [Sampler] [pid-13949] Total time taken: 9s 452ms
[scan-creatures] scanned=20 quarantined=0 repaired=0 reordered=0 duration=1262ms
⏭️  Skipped src/Learn.ts evolution for loop 2 — remaining budget below the floor (#2596)
Loop 3 of 5
⏭️  Loop 3: remaining budget too small (~0 min < floor) — skipping this loop's evolution to preserve the final loop + check-in reserve (#2598)
From github.com:stSoftwareAU/GRQ-cluster
 * branch              main       -> FETCH_HEAD
Already up to date.
ℹ️ [creature-artefact] ../GRQ-cluster/creature.json absent — reading legacy network.json (#4153 rollout window)
GIT-OP: [sampler-copyNetworks] git pull ok in 6s (attempt 1/3, timeout=600s)
From github.com:stSoftwareAU/GRQ-sampler
   1f006f1c..99417b9a  main       -> origin/main
Updating 1f006f1c..99417b9a
Fast-forward
 samples/GRQ-13-lamarck.json | 272925 +++++++++++++++++++++--------------------
 1 file changed, 137083 insertions(+), 135842 deletions(-)
[samples] pool shrunk to fit the run's soft budget scored=8 of considered=49 remaining=1087s share=20% secs_per_creature=78 — the rest are dropped at random this run, never by tag (#4671)
[samples] considered=8 dir=samples top=6 random=2 (#4300)
[samples] scoring pool=8 data=/Users/rocket/GRQ/.trainData-binary_116 — ranking on locally measured scores, stored score tags are never used (#4375)
[samples] scoring deadline=3600s/scorer-pass pool=8 secs_per_creature=78 slack=3x floor=3600s (#4615)
2026-09-29T21:57:34.702Z [INFO] [batchRustScore] [pid-14274] 🦀 Rust batch score: 8 creature(s) → /Users/rocket/.cargo/bin/rust_scorer
2026-09-29T22:07:54.277Z [INFO] [ScoreSeedPool] [pid-14274] measured 8 of 8 seed candidate(s) on /Users/rocket/GRQ/.trainData-binary_116
[samples] scoring pass ok rc=0 elapsed=621s pool=8 secs_per_creature=78 (#4494/#4498)
[samples] scored measured=8 unmeasured=0 of considered=8 (#4375)
[samples] random-pool eligible=8 quarantined=0 best=0.43095458424140776 floor=0.3232159382 limit=25% ranked-taken=6 available=2 (#4299, #4677)
[samples] pick slot=top rank=1 score=0.43095458424140776 measured=local file=Mac-Ultra-M2-forests.json (#4375)
[samples] pick slot=top rank=2 score=0.4309441824976605 measured=local file=Mac-Ultra-M2-1.json (#4375)
[samples] pick slot=top rank=3 score=0.4309164609874927 measured=local file=GRQ-24-1.json (#4375)
[samples] pick slot=top rank=4 score=0.4308065342007471 measured=local file=Mac-Ultra-M2-lamarck.json (#4375)
[samples] pick slot=top rank=5 score=0.4306617738486687 measured=local file=GRQ-10-forests.json (#4375)
[samples] pick slot=top rank=6 score=0.430604295314197 measured=local file=GRQ-22-lamarck.json (#4375)
[samples] pick slot=random rank=- score=0.4301070012656199 measured=local file=GRQ-10-lamarck.json (#4375)
[samples] pick slot=random rank=- score=0.4305645029340981 measured=local file=GRQ-19-lamarck.json (#4375)
[samples] seeded slots=8 of 8 top=6 random=2 considered=8 (#4677)
ℹ️ [creature-artefact] ../GRQ-portfolio/best/creature.json absent — reading legacy network.json (#4153 rollout window)
[creatures] copyNetworks: 26 creature file(s) in /Users/rocket/GRQ/.creatures (#4300)
[creatures] copyNetworks: 1.json 2.json 3.json 4.json Enceladus-Terminal.json GRQ-10-forests.json GRQ-10-lamarck.json GRQ-19-lamarck.json GRQ-22-lamarck.json GRQ-23-backprop.json GRQ-24-1.json GRQ-25-backprop.json GRQ-25-lamarck.json GRQ-3-1.json Mac-Ultra-M2-1.json Mac-Ultra-M2-forests.json Mac-Ultra-M2-lamarck.json Mac-Ultra-M2-ockham.json best.json cluster.json sampler-1.json sampler-2.json sampler-3.json sampler-4.json sampler-5.json worker.json 
3) Sample rate: 0.40, timeout: 8, costName: MSE
sampler-preflight: phase=slice-0.40 free_gb=52.9 corpus_gb=21.4 required_gb=10.3 decision=ok
[heap-grant] stage=Sampler | Heap: 3072 MB | Total RAM: 8 GB | Available: 5734 MB | Planning budget: 4096 MB | FFI/OS headroom: 1536 MB | Floor: 3072 MB | Cap: 24576 MB (default) | Clamp: 4198 MB (available)
🏭 .trainData-binary_116-sampler/sample-40.bin — 913920 of 2287083 records kept from 520 file(s), seed 5359860749695232307
📄 .trainData-binary_116-sampler/manifest.json — sha256 e013e81cb077284dbe35ce493d3b0b7d0855bde8bac445fea5070106f74f3f07
2026-09-29T22:08:47.681Z [INFO] [Sampler] [pid-19154] 🏭 sampler implementation=refinery elapsed_ms=25081 records_read=2287083 records_written=913920 output=.trainData-binary_116-sampler/sample-40.bin
2026-09-29T22:08:47.683Z [INFO] [Sampler] [pid-19154] Total time taken: 25s 84ms
[scan-creatures] scanned=26 quarantined=0 repaired=0 reordered=0 duration=1471ms
⏭️  Skipped src/Learn.ts evolution for loop 3 — remaining budget below the floor (#2596)
Loop 4 of 5
⏭️  Loop 4: less than the final-loop allocation (12 min) remains of the ~60-min loop target — skipping to protect the final 100% loop (#2645)
Loop 5 of 5
⏱️  Loop 5 (final, 100% eval): remaining budget below floor but this loop is mandatory — running with --timeout=3 min to preserve the comparable creature + single check-in (#2598)
⏱️  Loop 5 (final, 100% eval): raising --timeout 3 → 12 min (sacred final-loop allocation #2645)
From github.com:stSoftwareAU/GRQ-cluster
 * branch              main       -> FETCH_HEAD
Already up to date.
ℹ️ [creature-artefact] ../GRQ-cluster/creature.json absent — reading legacy network.json (#4153 rollout window)
GIT-OP: [sampler-copyNetworks] git pull ok in 7s (attempt 1/3, timeout=600s)
From github.com:stSoftwareAU/GRQ-sampler
   99417b9a..dd495463  main       -> origin/main
Updating 99417b9a..dd495463
Updating files: 100% (3/3)Updating files: 100% (3/3), done.
Fast-forward
 samples/Enceladus.json     |  18379 ++-
 samples/GRQ-22-1.json      | 359855 ------------------------------------------
 samples/GRQ-25-ockham.json |   1343 +-
 3 files changed, 10115 insertions(+), 369462 deletions(-)
 delete mode 100644 samples/GRQ-22-1.json
[samples] pool shrunk to fit the run's soft budget scored=8 of considered=48 remaining=400s share=20% secs_per_creature=78 — the rest are dropped at random this run, never by tag (#4671)
[samples] considered=8 dir=samples top=6 random=2 (#4300)
[samples] scoring pool=8 data=/Users/rocket/GRQ/.trainData-binary_116 — ranking on locally measured scores, stored score tags are never used (#4375)
[samples] scoring deadline=3600s/scorer-pass pool=8 secs_per_creature=78 slack=3x floor=3600s (#4615)
2026-09-29T22:09:01.326Z [INFO] [batchRustScore] [pid-19576] 🦀 Rust batch score: 8 creature(s) → /Users/rocket/.cargo/bin/rust_scorer
2026-09-29T22:19:30.834Z [INFO] [ScoreSeedPool] [pid-19576] measured 8 of 8 seed candidate(s) on /Users/rocket/GRQ/.trainData-binary_116
[samples] scoring pass ok rc=0 elapsed=631s pool=8 secs_per_creature=79 (#4494/#4498)
[samples] scored measured=8 unmeasured=0 of considered=8 (#4375)
[samples] random-pool eligible=8 quarantined=0 best=0.43094409248840493 floor=0.3232080694 limit=25% ranked-taken=6 available=2 (#4299, #4677)
[samples] pick slot=top rank=1 score=0.43094409248840493 measured=local file=GRQ-12-1.json (#4375)
[samples] pick slot=top rank=2 score=0.43094409248840493 measured=local file=GRQ-10-1.json (#4375)
[samples] pick slot=top rank=3 score=0.4309164609874927 measured=local file=GRQ-13-1.json (#4375)
[samples] pick slot=top rank=4 score=0.4308225072902203 measured=local file=GRQ-22-ockham.json (#4375)
[samples] pick slot=top rank=5 score=0.4307744864672154 measured=local file=GRQ-24-forests.json (#4375)
[samples] pick slot=top rank=6 score=0.4305978884829999 measured=local file=Mac-Ultra-M2-ockham.json (#4375)
[samples] pick slot=random rank=- score=0.42630957822736504 measured=local file=GRQ-23-backprop.json (#4375)
[samples] pick slot=random rank=- score=0.33200890373615893 measured=local file=Enceladus-Terminal.json (#4375)
[samples] seeded slots=8 of 8 top=6 random=2 considered=8 (#4677)
[creatures] copyNetworks(short): 31 creature file(s) in /Users/rocket/GRQ/.creatures (#4300)
[creatures] copyNetworks(short): 1.json 2.json 3.json 4.json Enceladus-Terminal.json GRQ-10-1.json GRQ-10-forests.json GRQ-10-lamarck.json GRQ-12-1.json GRQ-13-1.json GRQ-19-lamarck.json GRQ-22-lamarck.json GRQ-22-ockham.json GRQ-23-backprop.json GRQ-24-1.json GRQ-24-forests.json GRQ-25-backprop.json GRQ-25-lamarck.json GRQ-3-1.json Mac-Ultra-M2-1.json Mac-Ultra-M2-forests.json Mac-Ultra-M2-lamarck.json Mac-Ultra-M2-ockham.json best.json cluster.json sampler-1.json sampler-2.json sampler-3.json sampler-4.json sampler-5.json worker.json 
5) Sample rate: 1, timeout: 12, costName: MSE
sampler-preflight: phase=slice-1 free_gb=45.4 corpus_gb=21.4 required_gb=25.7 decision=ok
[heap-grant] stage=Sampler | Heap: 3072 MB | Total RAM: 8 GB | Available: 5652 MB | Planning budget: 4096 MB | FFI/OS headroom: 1536 MB | Floor: 3072 MB | Cap: 24576 MB (default) | Clamp: 4116 MB (available)
🏭 .trainData-binary_116-sampler/sample-100.bin — 2287083 of 2287083 records kept from 520 file(s), seed 10330731353601172255
📄 .trainData-binary_116-sampler/manifest.json — sha256 2502191a02e0d64be3744a8a1733ea80f3d09bf97a9e73f50239c16910a3273f
2026-09-29T22:21:02.474Z [INFO] [Sampler] [pid-24005] 🏭 sampler implementation=refinery elapsed_ms=57053 records_read=2287083 records_written=2287083 output=.trainData-binary_116-sampler/sample-100.bin
2026-09-29T22:21:02.481Z [INFO] [Sampler] [pid-24005] Total time taken: 57s 60ms
[scan-creatures] scanned=31 quarantined=0 repaired=0 reordered=0 duration=1743ms
👥 Population size (sampler loop 5): 20
[heap-grant] stage=SamplerLearn | Heap: 3072 MB | Total RAM: 8 GB | Available: 5652 MB | Planning budget: 4096 MB | FFI/OS headroom: 1536 MB | Floor: 3072 MB | Cap: 24576 MB (default) | Clamp: 4116 MB (available)
2026-09-29T22:21:04.935Z [INFO] [from-json-hook] [pid-24422] [from-json-hook] installed source=Learn
2026-09-29T22:21:04.937Z [INFO] [memoryProfile] [pid-24422] [memory-profile] host=GRQ-10 totalMB=2878 profile=minimal popSize=5 activationCap=1
2026-09-29T22:21:05.141Z [INFO] [Learn] [pid-24422] WASM activation initialised for main thread and workers
[neat-ai] running version 7.0.48
2026-09-29T22:21:05.392Z [INFO] [Learn] [pid-24422] Xena Carter (Observations: 2,511, Neurons: 8,115, Synapses: 55,834 & Score: 0.435)
2026-09-29T22:21:05.579Z [INFO] [Learn] [pid-24422] [seed] loaded file=GRQ-24-1.json score=0.43091647195954697
2026-09-29T22:21:05.769Z [INFO] [Learn] [pid-24422] [seed] loaded file=GRQ-12-1.json score=0.43094410449141685
2026-09-29T22:21:05.945Z [INFO] [Learn] [pid-24422] [seed] loaded file=sampler-5.json score=0.43094414487105637
2026-09-29T22:21:06.157Z [INFO] [Learn] [pid-24422] [seed] loaded file=sampler-4.json score=0.4338117705210377
2026-09-29T22:21:06.418Z [INFO] [Learn] [pid-24422] [seed] loaded file=GRQ-10-1.json score=0.43094414487105637
2026-09-29T22:21:06.553Z [INFO] [Learn] [pid-24422] [seed] loaded file=GRQ-22-ockham.json score=0.43082249427928365
2026-09-29T22:21:06.783Z [INFO] [Learn] [pid-24422] [seed] loaded file=GRQ-19-lamarck.json score=0.4305644938244175
2026-09-29T22:21:07.034Z [INFO] [Learn] [pid-24422] [seed] loaded file=GRQ-3-1.json score=0.4309441839521904
2026-09-29T22:21:07.142Z [INFO] [Learn] [pid-24422] [seed] loaded file=best.json score=0.40915305436761334
2026-09-29T22:21:07.401Z [INFO] [Learn] [pid-24422] [seed] loaded file=Mac-Ultra-M2-forests.json score=0.43095458390102714
2026-09-29T22:21:07.599Z [INFO] [Learn] [pid-24422] [seed] loaded file=Mac-Ultra-M2-lamarck.json score=0.43080652760495974
2026-09-29T22:21:07.835Z [INFO] [Learn] [pid-24422] [seed] loaded file=sampler-3.json score=0.4350550206028621
2026-09-29T22:21:08.084Z [INFO] [Learn] [pid-24422] [seed] loaded file=GRQ-22-lamarck.json score=0.43060431332552357
2026-09-29T22:21:08.327Z [INFO] [Learn] [pid-24422] [seed] loaded file=GRQ-25-lamarck.json score=0.42994340587717805
2026-09-29T22:21:08.560Z [INFO] [Learn] [pid-24422] [seed] loaded file=1.json score=0.4350550206028621
2026-09-29T22:21:08.720Z [INFO] [Learn] [pid-24422] [seed] loaded file=GRQ-25-backprop.json score=0.42913110013293976
2026-09-29T22:21:08.899Z [INFO] [Learn] [pid-24422] [seed] loaded file=sampler-2.json score=0.4350550206028621
2026-09-29T22:21:09.140Z [INFO] [Learn] [pid-24422] [seed] loaded file=Mac-Ultra-M2-1.json score=0.4309441889176732
2026-09-29T22:21:09.365Z [INFO] [Learn] [pid-24422] [seed] loaded file=worker.json score=0.4308065342007471
2026-09-29T22:21:09.615Z [INFO] [Learn] [pid-24422] [seed] loaded file=Mac-Ultra-M2-ockham.json score=0.43059789000585497
2026-09-29T22:21:09.796Z [INFO] [Learn] [pid-24422] [seed] loaded file=GRQ-24-forests.json score=0.4307744879786064
2026-09-29T22:21:10.006Z [INFO] [Learn] [pid-24422] [seed] loaded file=GRQ-10-lamarck.json score=0.4301069985702573
2026-09-29T22:21:10.238Z [INFO] [Learn] [pid-24422] [seed] loaded file=GRQ-13-1.json score=0.43091645745208185
2026-09-29T22:21:10.538Z [INFO] [Learn] [pid-24422] [seed] loaded file=GRQ-10-forests.json score=0.43066176105319426
2026-09-29T22:21:10.825Z [INFO] [Learn] [pid-24422] [seed] loaded file=2.json score=0.4350550206028621
2026-09-29T22:21:10.977Z [INFO] [Learn] [pid-24422] [seed] loaded file=sampler-1.json score=0.4350550206028621
2026-09-29T22:21:11.179Z [INFO] [Learn] [pid-24422] [seed] loaded file=cluster.json score=0.43085709944813694
2026-09-29T22:21:11.397Z [INFO] [Learn] [pid-24422] [seed] loaded file=GRQ-23-backprop.json score=0.42251509629612494
2026-09-29T22:21:11.467Z [INFO] [Learn] [pid-24422] [seed] loaded file=Enceladus-Terminal.json score=0.3320089037401585
2026-09-29T22:21:11.706Z [INFO] [Learn] [pid-24422] [seed] loaded file=3.json score=0.4350550206028621
2026-09-29T22:21:11.924Z [INFO] [Learn] [pid-24422] [seed] loaded file=4.json score=0.4350550206028621
2026-09-29T22:21:11.924Z [INFO] [Learn] [pid-24422] [seed] loaded=31 skipped=0 kept=31 dropped=0 populationSize=5 dir=.creatures (#4300)
2026-09-29T22:21:11.924Z [INFO] [Learn] [pid-24422] [seed] best=sampler-3.json@0.4350550206028621 worst-kept=Enceladus-Terminal.json@0.3320089037401585 best-dropped=none (#4300)
2026-09-29T22:21:11.949Z [INFO] [Learn] [pid-24422] [learn] skipTrainingAfterConsecutiveRegressions=3
2026-09-29T22:21:11.949Z [INFO] [Learn] [pid-24422] [learn] skipTrainingAfterPopulationRegressions=6
2026-09-29T22:21:11.949Z [INFO] [Learn] [pid-24422] [learn] skipTrainingAfterPopulationNoProgress=0
2026-09-29T22:21:11.949Z [INFO] [Learn] [pid-24422] [inline-discovery-memory] nativeBudgetBytes=5476083302
2026-09-29T22:21:11.950Z [INFO] [Learn] [pid-24422] elitism 1, timeout 12, PopSize 5, cost MSE, SAMPLER
2026-09-29T22:21:11.950Z [INFO] [Learn] [pid-24422] Initialized in 7s 16ms
[WasmWorkerInit] worker=worker-1 outcome=ok handshakeMs=284 cache=hit cacheDir=/Users/rocket/.cache/neat-ai/wasm bundleBytes=1039872 bundleLoadMs=3 glueImportMs=17 instantiateMs=3 wasmTotalMs=24 workerError=none
[WasmWorkerInit] worker=worker-2 outcome=ok handshakeMs=218 cache=hit cacheDir=/Users/rocket/.cache/neat-ai/wasm bundleBytes=1039872 bundleLoadMs=3 glueImportMs=17 instantiateMs=3 wasmTotalMs=24 workerError=none
[WasmWorkerInit] worker=worker-3 outcome=ok handshakeMs=342 cache=hit cacheDir=/Users/rocket/.cache/neat-ai/wasm bundleBytes=1039872 bundleLoadMs=3 glueImportMs=17 instantiateMs=3 wasmTotalMs=24 workerError=none
[WasmWorkerInit] worker=worker-4 outcome=ok handshakeMs=266 cache=hit cacheDir=/Users/rocket/.cache/neat-ai/wasm bundleBytes=1039872 bundleLoadMs=3 glueImportMs=17 instantiateMs=3 wasmTotalMs=24 workerError=none
[WasmWorkerInit] worker=worker-5 outcome=ok handshakeMs=295 cache=hit cacheDir=/Users/rocket/.cache/neat-ai/wasm bundleBytes=1039872 bundleLoadMs=3 glueImportMs=17 instantiateMs=3 wasmTotalMs=24 workerError=none
[WasmWorkerInit] worker=worker-6 outcome=ok handshakeMs=342 cache=hit cacheDir=/Users/rocket/.cache/neat-ai/wasm bundleBytes=1039872 bundleLoadMs=3 glueImportMs=17 instantiateMs=3 wasmTotalMs=24 workerError=none
[WasmWorkerInit] worker=worker-7 outcome=ok handshakeMs=329 cache=hit cacheDir=/Users/rocket/.cache/neat-ai/wasm bundleBytes=1039872 bundleLoadMs=3 glueImportMs=17 instantiateMs=3 wasmTotalMs=24 workerError=none
[WasmWorkerInit] worker=worker-8 outcome=ok handshakeMs=241 cache=hit cacheDir=/Users/rocket/.cache/neat-ai/wasm bundleBytes=1039872 bundleLoadMs=3 glueImportMs=17 instantiateMs=3 wasmTotalMs=24 workerError=none
[WasmWorkerInit] worker=worker-9 outcome=ok handshakeMs=312 cache=hit cacheDir=/Users/rocket/.cache/neat-ai/wasm bundleBytes=1039872 bundleLoadMs=3 glueImportMs=17 instantiateMs=3 wasmTotalMs=24 workerError=none
[WasmWorkerInit] worker=worker-10 outcome=ok handshakeMs=345 cache=hit cacheDir=/Users/rocket/.cache/neat-ai/wasm bundleBytes=1039872 bundleLoadMs=3 glueImportMs=17 instantiateMs=3 wasmTotalMs=24 workerError=none
DeDuplication of 9 creatures to 23 in 13ms (previous experiment 12ms)
[DynamicPool] 2 idle heavy worker(s) assisting fitness evaluation
[NEAT-AI] Batch scorer partition: 23 forwardOnly batched, 0 recurrent batched, 0 per-creature
[DynamicPool] 2 idle heavy worker(s) assisting breeding
[MCMC] Temperature: 1.000000 → 1.000000
[PopulationBudget] Dropped 3 creature(s) to stay within the effective population size of 5 (elitists=3, trained=0, fineTuned=4, bred=1, dna=0)
[PreWarm] 1 new templates, 2 cached, 3 unique topologies (53ms)
[Timing] fitness=1598089ms breeding=1ms breedingWorker=1ms mainThreadOverlap=0ms resultProcessing=0ms preWarm=53ms pipelineOverlap=73ms sort=0ms writeScores=30ms mutation=0ms deduplication=56ms speciation=20ms total=1602091ms
[Utilisation] fitness=0%fast/0%heavy breeding=0%fast/0%heavy overall=0%
[Throughput] wall=1602091ms nonFitness=4002ms gensPerHour=2.2 fast=busy0ms/idle12816728ms/depth23/wait0ms heavy=busy0ms/idle3204182ms/depth0/wait0ms scorer=152.8ms/scored23/batchScored23/perCreatureScored0/batchInvocations1/creaturesPerSec0.0 corruptParentSkips=0
[WasmWorkerInit] worker=worker-11 outcome=ok handshakeMs=199 cache=hit cacheDir=/Users/rocket/.cache/neat-ai/wasm bundleBytes=1039872 bundleLoadMs=3 glueImportMs=17 instantiateMs=3 wasmTotalMs=24 workerError=none
Generation 1 score 0.4309545764079533 (avg: 0.4005) error 0.5676559526074316 time 26m 42s 97ms
[Neat] Hard deadline (timeoutMinutes + grace) exceeded — abandoning 0 in-flight task(s)
[evolveDir] teardown complete: 10 worker(s) terminated, 0 detached; replay queue drained
[training-skip] summary skipped=0 populationSkipped=0 creatureSkipped=0 otherSkipped=0 improvements=0 regressions=0 noChange=0 neatSkipped=0 regressionRate=0 (#4713)
2026-09-29T22:48:00.436Z [INFO] [Learn] [pid-24422] Evolution of 1 generation in 26m 48s, averaging 26m 48s 484ms
2026-09-29T22:48:00.436Z [INFO] [Learn] [pid-24422] [seed] loaded=31 skipped=0 kept=31 dropped=0 populationSize=5 dir=.creatures (#4300)
2026-09-29T22:48:00.436Z [INFO] [Learn] [pid-24422] [seed] best=sampler-3.json@0.4350550206028621 worst-kept=Enceladus-Terminal.json@0.3320089037401585 best-dropped=none (#4300)
2026-09-29T22:48:00.436Z [WARN] [Learn] [pid-24422] model training over-run: elapsed 26m 48s vs expected 12m — stopping further generations; results committed (#4141)
[WasmWorkerInit] worker=worker-12 outcome=ok handshakeMs=306 cache=hit cacheDir=/Users/rocket/.cache/neat-ai/wasm bundleBytes=1039872 bundleLoadMs=3 glueImportMs=17 instantiateMs=3 wasmTotalMs=24 workerError=none
2026-09-29T22:48:00.595Z [INFO] [saveValidatedCreatureExport] [pid-24422] [forward-only] saved file=.network-sampler.json
[checkin-reserve] overrun: loop 5 Learn ran 26m56s against --timeout=12 min (overran 14m56s); sized with 126m45s left, launched with 114m30s left (12m15s consumed before launch) (#4872)
[result-metadata] stamped .result-sampler.json with samplerBuildTimeMs=57060
ℹ️ .trainData-binary_116: removal skipped — leased by pid 92674 (in-use lock held by a live producer/consumer, #3518)
📊 sampler.sh run complete: 92 min, 4 loops
[08:48:02] 📊 Performance recorded: 1 generations in 1608484ms, 520 training files, 8118 neurons, 55845 synapses, score 0.4309545764079533, NEAT-AI 7.0.48, CPUs 8, load 10.83/13.12/14.87, RAM 8GB, available 6144MB, ext 116, mode sampler-mcmc, pop 5 (requested 20), sampleRate 1, sparseRatio 0.075, fitnessSampleRate 1, prep 7470ms, samplerBuild 57060ms
📊 Sampler stats row: GRQ-10
[main bb4ce278] 📊 Sampler stats row: GRQ-10
 1 file changed, 1 insertion(+)
🔄 [cluster] Push rejected (attempt 1/12) - fetching and rebasing
From github.com:stSoftwareAU/GRQ-sampler
   dd495463..4593f485  main       -> origin/main
Rebasing (1/1)Successfully rebased and updated refs/heads/main.
⏳ [cluster] Retrying push in 3s...
GIT-OP: [sampler-stats] git push ok in 3s (attempt 1/3, timeout=600s)
To github.com:stSoftwareAU/GRQ-sampler.git
   4593f485..160302f8  main -> main
[08:48:42] 📦 checkin-sample.sh on host GRQ-10 (via sampler.sh)
GIT-OP: [checkin-sample] git pull ok in 3s (attempt 1/3, timeout=600s)
Already up to date.
[08:48:45] 🧭 check-in provenance: caller=sampler.sh host=GRQ-10 since-previous=7m 57s
[scoring-provenance] host=GRQ-10 path=confirm data=trainData-binary_116 data_sha=65f218b20159d74c02962ef5aaa7bc94d21148a28aa772e41d6144d0a48c2a12 scorer=native scorer_sha=b25be6b767834988b027c59c02c2749c7fdd3ba04f565f7a846bacf51fc4ba59 neat_ai=7.0.48 core_sha=88de51285c135ad27d8ccb55489e39fbb196b4bf core_dirty=no scorer_src_sha=590bf8d7e999a29904f25778a0880eabb0f00e18 scorer_src_dirty=no
[neat-ai] running version 7.0.48
2026-09-29T22:49:37.320Z [INFO] [ConfirmScore] [pid-37179] ✅ verified Score in 51s 42ms
2026-09-29T22:49:37.321Z [INFO] [ConfirmScore] [pid-37179] [scorer-summary] program=IntelligentDesign.ConfirmScore rust=1 wasm=0 worker-pool-size=0 peak-concurrent=1 elapsed=51s
[checkin-confirm] host=GRQ-10 creature=/Users/rocket/GRQ/worker/../.creatures/1.json claimed=0.4309545764079533 confirmed=0.4309545764079533 delta=0 rel=0 budget=1800s bound=timeout (#4372)
🧬 [provenance-tags] checkin-confirm: 1.json scoreVerified=confirm:0.4309545764079533 (#4374)
[08:49:38] [checkin-stage] caller=sampler.sh host=GRQ-10 creature=/Users/rocket/GRQ/worker/../.creatures/1.json score=0.4309545764079533 neurons=8118 synapses=55845 baseline=samples/GRQ-10-1.json previous=0.430954584812824 (#4299)
[checkin-floor] accept baseline=samples/GRQ-10-1.json previous=0.430954584812824 candidate=0.4309545764079533 max_drop=25% drop=0.00% reason=within-floor (#4299)
[checkin-ceiling] accept baseline=samples/GRQ-10-1.json previous=0.430954584812824 candidate=0.4309545764079533 max_gain=10% gain=-0.00% reason=within-ceiling (#4373)
🧬 [provenance-tags] checkin-sample: GRQ-10-1.json stamped scorerSha=b25be6b767834988b027c59c02c2749c7fdd3ba04f565f7a846bacf51fc4ba59 dataSha=65f218b20159d74c02962ef5aaa7bc94d21148a28aa772e41d6144d0a48c2a12 neatAi=7.0.48 (#4374)
[08:49:46] ✅ Committing 🦠 GRQ-10 🎯, Score: 0.430955
[main 65385fde] 🦠 GRQ-10 🎯, Score: 0.430955, Neurons: 8,118 & Synapses: 55,845
 1 file changed, 4 insertions(+), 4 deletions(-)
To github.com:stSoftwareAU/GRQ-sampler.git
 ! [rejected]          main -> main (fetch first)
error: failed to push some refs to 'github.com:stSoftwareAU/GRQ-sampler.git'
hint: Updates were rejected because the remote contains work that you do not
hint: have locally. This is usually caused by another repository pushing to
hint: the same ref. If you want to integrate the remote changes, use
hint: 'git pull' before pushing again.
hint: See the 'Note about fast-forwards' in 'git push --help' for details.
[08:49:56] 🔁 Attempt 1/12 — stash, pull, and reapply
GIT-OP: [checkin-sample] git pull ok in 7s (attempt 1/3, timeout=600s)
From github.com:stSoftwareAU/GRQ-sampler
   160302f8..bbae48a2  main       -> origin/main
Rebasing (1/1)Successfully rebased and updated refs/heads/main.
🧮 [checkin-sample] Reconciling 1 unpushed commit(s) into one (soft reset to origin/main) (#2616)
[main e4c4cdce] 🦠 GRQ-10 🎯, Score: 0.430955, Retry 1, Neurons: 8,118 & Synapses: 55,845
 1 file changed, 4 insertions(+), 4 deletions(-)
GIT-OP: [checkin-sample] git push ok in 4s (attempt 1/3, timeout=600s)
To github.com:stSoftwareAU/GRQ-sampler.git
   bbae48a2..e4c4cdce  main -> main
[training-outcomes] tasks=5 scheduled=5 completed=5 timedOut=0 abandoned=0 aborted=0 rejected=0 inFlight=0 maxConsecutiveTimeouts=0 maxConsecutiveRegressions=1 maxConsecutiveNoProgress=1 threshold=3 regressionThreshold=3 improved=1 regressed=1 noChange=0 unknownImprovement=3 skipped=0 populationSkipped=0 skipSource=event-summary populationGate=6
[training-outcomes] task=2000f21a outcome=completed lastSampleError=unknown errorBefore=unknown errorAfter=unknown improvement=unknown delta=unknown reason=result-returned
[training-outcomes] task=6c7e3b94 outcome=completed lastSampleError=unknown errorBefore=0.5649380371043551 errorAfter=0.5650124274871966 improvement=regressed delta=-0.0000744 reason=result-returned
[training-outcomes] task=5ba675f4 outcome=completed lastSampleError=unknown errorBefore=unknown errorAfter=unknown improvement=unknown delta=unknown reason=result-returned
[training-outcomes] task=ecc36dad outcome=completed lastSampleError=unknown errorBefore=0.5649380345099259 errorAfter=0.5704473641278366 improvement=improved delta=fine-tuned reason=fine-tune-recovered
[training-outcomes] task=6566eb8e outcome=completed lastSampleError=unknown errorBefore=unknown errorAfter=unknown improvement=unknown delta=unknown reason=result-returned
[training-hang] abandoned=0 — no training task was force-abandoned in /Users/rocket/logs/node-92674.log (#4289)
[scorer-engine-split] splits=0 firstReason=none
[stage-failure-health] failures=0 firstStage=none firstExitCode=0 firstHitLine=0
[diagnostics] dir=/Users/rocket/GRQ/worker/../.diagnostics files=1 (#4283)
[diagnostics] file=sampler-run-summary.txt bytes=88 mtime=2026-09-29T22:48:01Z head="sampler.sh run complete: 92 min, 4 loops host=GRQ-10 timestamp=2026-09-30 08:48:01 AEST"
GIT-OP: [reset] git fetch ok in 3s (attempt 1/3, timeout=600s)
From github.com:stSoftwareAU/GRQ
   7358623f..699d1c44  Develop    -> origin/Develop
HEAD is now at 699d1c44 Milestone: #4874 stSoftwareAU GRQ-sentiment: sentiment rate-limit (#5062)
GIT-OP: [model_fetch GRQ-health] git fetch ok in 2s (attempt 1/6, timeout=none)
From github.com:stSoftwareAU/GRQ-health
   0fd8c55b0..f42a486ce  Develop    -> origin/Develop
HEAD is now at f42a486ce Update repo health: Vibe Coder:GRQ-3
branch 'Develop' set up to track 'origin/Develop'.
Your branch is up to date with 'origin/Develop'.
✅ GRQ-health synced with remote (validation skipped)
🩺 [health_sync] entry repo=/Users/rocket/GRQ-health branch=Develop local_ahead=0 behind=0
🩺 [health_sync] decision path=noop
🩺 [health_sync] result status=ok
Updating health information...
Already up to date.
Updated health information for GRQ-10
