[log truncated by run.sh: showing the last 64 KB of 271 KB; the full log is on the host]
[WasmWorkerInit] worker=id-worker-5 outcome=ok handshakeMs=384 cache=disabled cacheDir=none bundleBytes=1039872 bundleLoadMs=335 glueImportMs=18 instantiateMs=3 wasmTotalMs=357 workerError=none
[WasmWorkerInit] worker=id-worker-6 outcome=ok handshakeMs=361 cache=disabled cacheDir=none bundleBytes=1039872 bundleLoadMs=335 glueImportMs=18 instantiateMs=3 wasmTotalMs=357 workerError=none
[WasmWorkerInit] worker=id-worker-7 outcome=ok handshakeMs=382 cache=disabled cacheDir=none bundleBytes=1039872 bundleLoadMs=335 glueImportMs=18 instantiateMs=3 wasmTotalMs=357 workerError=none
[WasmWorkerInit] worker=id-worker-8 outcome=ok handshakeMs=379 cache=disabled cacheDir=none bundleBytes=1039872 bundleLoadMs=335 glueImportMs=18 instantiateMs=3 wasmTotalMs=357 workerError=none
[WasmWorkerInit] worker=id-worker-9 outcome=ok handshakeMs=369 cache=disabled cacheDir=none bundleBytes=1039872 bundleLoadMs=335 glueImportMs=18 instantiateMs=3 wasmTotalMs=357 workerError=none
[neat-ai] running version 7.0.48
[neat-ai] running version 7.0.48
[neat-ai] running version 7.0.48
[neat-ai] running version 7.0.48
[neat-ai] running version 7.0.48
2026-10-03T04:15:55.525Z [INFO] [IntelligentDesignFX] [pid-97780] 
✨ Scan complete in 3s 36ms
2026-10-03T04:15:55.525Z [INFO] [IntelligentDesignFX] [pid-97780]    Tested: 5 neurons
2026-10-03T04:15:55.525Z [INFO] [IntelligentDesignFX] [pid-97780]    Improvements: 0
2026-10-03T04:15:55.525Z [INFO] [IntelligentDesignFX] [pid-97780] 
🚫 No improvements found.
2026-10-03T04:15:55.528Z [INFO] [IntelligentDesignFX] [pid-97780] 📝 Saved tacit knowledge to ../GRQ-FX-models/v1/tacit/USDNZD.json
2026-10-03T04:15:55.528Z [INFO] [IntelligentDesignFX] [pid-97780] 
🧹 Cleaning up temporary files...
2026-10-03T04:15:55.529Z [INFO] [IntelligentDesignFX] [pid-97780]    Removed .tmp/id-fx
2026-10-03T04:15:55.529Z [INFO] [IntelligentDesignFX] [pid-97780] 
🏁 Completed in 3s 313ms
2026-10-03T04:15:55.529Z [INFO] [IntelligentDesignFX] [pid-97780] [scorer-summary] program=IntelligentDesignFX rust=5 wasm=0 worker-pool-size=8 peak-concurrent=5 elapsed=3s
📤 Checking in GRQ-FX-models...
[Develop 1a331dc] 🧬 IntelligentDesign USDNZD by GRQ-10
 1 file changed, 2 insertions(+), 2 deletions(-)
GIT-OP: [IDFX-checkin] git push ok in 3s (attempt 1/3, timeout=600s)
To github.com:stSoftwareAU/GRQ-FX-models.git
   3a5715b..1a331dc  HEAD -> Develop
✅ Push successful
🧬 Running Intelligent Design for USDPEN (squash ArcTan)
🧬 FX Intelligent Design
   Pair: USDPEN
   Squash: ArcTan
🔧 native-scorer: syncing sibling checkout NEAT-AI-scorer with remote (#4285)
✅ NEAT-AI-scorer: HEAD 590bf8d matches origin/Develop (ls-remote pre-check) — skipping git fetch (#2063)
✅ NEAT-AI-scorer: already at origin/Develop (590bf8d) — skipping reset/clean/checkout
📦 [feed-repo-size] repo=NEAT-AI-scorer size-pack-kib=16975 head-tree-kib=unmeasured ratio=n/a threshold=3 promisor=false action=none
✅ NEAT-AI-scorer synced with remote (validation skipped)
🔧 scorer: syncing sibling checkout NEAT-AI-scorer with remote (#4757)
✅ NEAT-AI-scorer already fetched in this session (skipping)
[rust_scorer] already installed v1.1.94
[native-scorer] enabled path=/Users/sloth/.cargo/bin/rust_scorer core_sha=88de51285c135ad27d8ccb55489e39fbb196b4bf core_dirty=no scorer_src_sha=590bf8d7e999a29904f25778a0880eabb0f00e18 scorer_src_dirty=no
🔧 backprop: syncing sibling checkout NEAT-AI-Backpropagation with remote (#4757)
✅ NEAT-AI-Backpropagation: HEAD f5af0fb matches origin/Develop (ls-remote pre-check) — skipping git fetch (#2063)
✅ NEAT-AI-Backpropagation: already at origin/Develop (f5af0fb) — skipping reset/clean/checkout
📦 [feed-repo-size] repo=NEAT-AI-Backpropagation size-pack-kib=1801 head-tree-kib=unmeasured ratio=n/a threshold=3 promisor=true action=none
✅ NEAT-AI-Backpropagation synced with remote (validation skipped)
[neat_ai_backpropagation] already installed v0.1.45
🌀 backprop: using neat_ai_backpropagation 0.1.45 (/Users/sloth/.cargo/bin/neat_ai_backpropagation) (#3991)
[neat-ai-backprop] enabled binary=/Users/sloth/.cargo/bin/neat_ai_backpropagation lib=/Users/sloth/.cargo/lib/libneat_ai_backpropagation.dylib
🔧 refinery: syncing sibling checkout NEAT-AI-Refinery with remote (#4757)
✅ NEAT-AI-Refinery: HEAD b769b2f matches origin/Develop (ls-remote pre-check) — skipping git fetch (#2063)
✅ NEAT-AI-Refinery: already at origin/Develop (b769b2f) — skipping reset/clean/checkout
📦 [feed-repo-size] repo=NEAT-AI-Refinery size-pack-kib=1325 head-tree-kib=unmeasured ratio=n/a threshold=3 promisor=true action=none
✅ NEAT-AI-Refinery synced with remote (validation skipped)
[neat-ai-refinery] already installed v0.1.3
🏭 refinery: using neat_ai_refinery 0.1.3 (/Users/sloth/.cargo/bin/neat_ai_refinery) (#4605)
[neat-ai-refinery] enabled binary=/Users/sloth/.cargo/bin/neat_ai_refinery
[heap-grant] stage=IntelligentDesignFX | Heap: 3072 MB | Total RAM: 8 GB | Available: 6307 MB | Planning budget: 4096 MB | FFI/OS headroom: 1536 MB | Floor: 3072 MB | Cap: 24576 MB (default) | Clamp: 4771 MB (available)
2026-10-03T04:16:11.005Z [INFO] [IntelligentDesignFX] [pid-98635] 🧬 FX Intelligent Design: USDPEN
2026-10-03T04:16:11.005Z [INFO] [IntelligentDesignFX] [pid-98635]    Mode: improve
2026-10-03T04:16:11.005Z [INFO] [IntelligentDesignFX] [pid-98635]    Target squash: ArcTan
[neat-ai] running version 7.0.48
[WasmWorkerInit] worker=id-worker-1 outcome=ok handshakeMs=91 cache=disabled cacheDir=none bundleBytes=1039872 bundleLoadMs=308 glueImportMs=18 instantiateMs=4 wasmTotalMs=330 workerError=none
2026-10-03T04:16:11.269Z [INFO] [IntelligentDesignFX] [pid-98635] 
🔬 Scanning for ArcTan improvements...
Intelligent design skipped — no hidden neurons to scan for squash improvements
2026-10-03T04:16:11.271Z [INFO] [IntelligentDesignFX] [pid-98635] 
✨ Scan complete in 
2026-10-03T04:16:11.271Z [INFO] [IntelligentDesignFX] [pid-98635]    Tested: 0 neurons
2026-10-03T04:16:11.271Z [INFO] [IntelligentDesignFX] [pid-98635]    Improvements: 0
2026-10-03T04:16:11.271Z [INFO] [IntelligentDesignFX] [pid-98635] 
🚫 No improvements found.
2026-10-03T04:16:11.273Z [INFO] [IntelligentDesignFX] [pid-98635] 📝 Saved tacit knowledge to ../GRQ-FX-models/v1/tacit/USDPEN.json
2026-10-03T04:16:11.273Z [INFO] [IntelligentDesignFX] [pid-98635] 
🧹 Cleaning up temporary files...
2026-10-03T04:16:11.273Z [INFO] [IntelligentDesignFX] [pid-98635]    Removed .tmp/id-fx
2026-10-03T04:16:11.273Z [INFO] [IntelligentDesignFX] [pid-98635] 
🏁 Completed in 271ms
2026-10-03T04:16:11.273Z [INFO] [IntelligentDesignFX] [pid-98635] [scorer-summary] program=IntelligentDesignFX rust=0 wasm=0 worker-pool-size=8 peak-concurrent=0 elapsed=0s (no candidates scored)
📤 Checking in GRQ-FX-models...
✅ No changes to commit
🧬 Running Intelligent Design for USDPHP (squash SOFTSIGN)
🧬 FX Intelligent Design
   Pair: USDPHP
   Squash: SOFTSIGN
🔧 native-scorer: syncing sibling checkout NEAT-AI-scorer with remote (#4285)
✅ NEAT-AI-scorer: HEAD 590bf8d matches origin/Develop (ls-remote pre-check) — skipping git fetch (#2063)
✅ NEAT-AI-scorer: already at origin/Develop (590bf8d) — skipping reset/clean/checkout
📦 [feed-repo-size] repo=NEAT-AI-scorer size-pack-kib=16975 head-tree-kib=unmeasured ratio=n/a threshold=3 promisor=false action=none
✅ NEAT-AI-scorer synced with remote (validation skipped)
🔧 scorer: syncing sibling checkout NEAT-AI-scorer with remote (#4757)
✅ NEAT-AI-scorer already fetched in this session (skipping)
[rust_scorer] already installed v1.1.94
[native-scorer] enabled path=/Users/sloth/.cargo/bin/rust_scorer core_sha=88de51285c135ad27d8ccb55489e39fbb196b4bf core_dirty=no scorer_src_sha=590bf8d7e999a29904f25778a0880eabb0f00e18 scorer_src_dirty=no
🔧 backprop: syncing sibling checkout NEAT-AI-Backpropagation with remote (#4757)
✅ NEAT-AI-Backpropagation: HEAD f5af0fb matches origin/Develop (ls-remote pre-check) — skipping git fetch (#2063)
✅ NEAT-AI-Backpropagation: already at origin/Develop (f5af0fb) — skipping reset/clean/checkout
📦 [feed-repo-size] repo=NEAT-AI-Backpropagation size-pack-kib=1801 head-tree-kib=unmeasured ratio=n/a threshold=3 promisor=true action=none
✅ NEAT-AI-Backpropagation synced with remote (validation skipped)
[neat_ai_backpropagation] already installed v0.1.45
🌀 backprop: using neat_ai_backpropagation 0.1.45 (/Users/sloth/.cargo/bin/neat_ai_backpropagation) (#3991)
[neat-ai-backprop] enabled binary=/Users/sloth/.cargo/bin/neat_ai_backpropagation lib=/Users/sloth/.cargo/lib/libneat_ai_backpropagation.dylib
🔧 refinery: syncing sibling checkout NEAT-AI-Refinery with remote (#4757)
✅ NEAT-AI-Refinery: HEAD b769b2f matches origin/Develop (ls-remote pre-check) — skipping git fetch (#2063)
✅ NEAT-AI-Refinery: already at origin/Develop (b769b2f) — skipping reset/clean/checkout
📦 [feed-repo-size] repo=NEAT-AI-Refinery size-pack-kib=1325 head-tree-kib=unmeasured ratio=n/a threshold=3 promisor=true action=none
✅ NEAT-AI-Refinery synced with remote (validation skipped)
[neat-ai-refinery] already installed v0.1.3
🏭 refinery: using neat_ai_refinery 0.1.3 (/Users/sloth/.cargo/bin/neat_ai_refinery) (#4605)
[neat-ai-refinery] enabled binary=/Users/sloth/.cargo/bin/neat_ai_refinery
[heap-grant] stage=IntelligentDesignFX | Heap: 3072 MB | Total RAM: 8 GB | Available: 6307 MB | Planning budget: 4096 MB | FFI/OS headroom: 1536 MB | Floor: 3072 MB | Cap: 24576 MB (default) | Clamp: 4771 MB (available)
2026-10-03T04:16:23.077Z [INFO] [IntelligentDesignFX] [pid-99401] 🧬 FX Intelligent Design: USDPHP
2026-10-03T04:16:23.077Z [INFO] [IntelligentDesignFX] [pid-99401]    Mode: improve
2026-10-03T04:16:23.077Z [INFO] [IntelligentDesignFX] [pid-99401]    Target squash: SOFTSIGN
[neat-ai] running version 7.0.48
[WasmWorkerInit] worker=id-worker-1 outcome=ok handshakeMs=73 cache=disabled cacheDir=none bundleBytes=1039872 bundleLoadMs=169 glueImportMs=18 instantiateMs=2 wasmTotalMs=189 workerError=none
2026-10-03T04:16:23.332Z [INFO] [IntelligentDesignFX] [pid-99401] 
🔬 Scanning for SOFTSIGN improvements...
Intelligent design skipped — no hidden neurons to scan for squash improvements
2026-10-03T04:16:23.334Z [INFO] [IntelligentDesignFX] [pid-99401] 
✨ Scan complete in 
2026-10-03T04:16:23.334Z [INFO] [IntelligentDesignFX] [pid-99401]    Tested: 0 neurons
2026-10-03T04:16:23.334Z [INFO] [IntelligentDesignFX] [pid-99401]    Improvements: 0
2026-10-03T04:16:23.334Z [INFO] [IntelligentDesignFX] [pid-99401] 
🚫 No improvements found.
2026-10-03T04:16:23.335Z [INFO] [IntelligentDesignFX] [pid-99401] 📝 Saved tacit knowledge to ../GRQ-FX-models/v1/tacit/USDPHP.json
2026-10-03T04:16:23.335Z [INFO] [IntelligentDesignFX] [pid-99401] 
🧹 Cleaning up temporary files...
2026-10-03T04:16:23.335Z [INFO] [IntelligentDesignFX] [pid-99401]    Removed .tmp/id-fx
2026-10-03T04:16:23.335Z [INFO] [IntelligentDesignFX] [pid-99401] 
🏁 Completed in 261ms
2026-10-03T04:16:23.335Z [INFO] [IntelligentDesignFX] [pid-99401] [scorer-summary] program=IntelligentDesignFX rust=0 wasm=0 worker-pool-size=8 peak-concurrent=0 elapsed=0s (no candidates scored)
📤 Checking in GRQ-FX-models...
✅ No changes to commit
🧬 Running Intelligent Design for USDPLN (squash ReLU)
🧬 FX Intelligent Design
   Pair: USDPLN
   Squash: ReLU
🔧 native-scorer: syncing sibling checkout NEAT-AI-scorer with remote (#4285)
✅ NEAT-AI-scorer: HEAD 590bf8d matches origin/Develop (ls-remote pre-check) — skipping git fetch (#2063)
✅ NEAT-AI-scorer: already at origin/Develop (590bf8d) — skipping reset/clean/checkout
📦 [feed-repo-size] repo=NEAT-AI-scorer size-pack-kib=16975 head-tree-kib=unmeasured ratio=n/a threshold=3 promisor=false action=none
✅ NEAT-AI-scorer synced with remote (validation skipped)
🔧 scorer: syncing sibling checkout NEAT-AI-scorer with remote (#4757)
✅ NEAT-AI-scorer already fetched in this session (skipping)
[rust_scorer] already installed v1.1.94
[native-scorer] enabled path=/Users/sloth/.cargo/bin/rust_scorer core_sha=88de51285c135ad27d8ccb55489e39fbb196b4bf core_dirty=no scorer_src_sha=590bf8d7e999a29904f25778a0880eabb0f00e18 scorer_src_dirty=no
🔧 backprop: syncing sibling checkout NEAT-AI-Backpropagation with remote (#4757)
✅ NEAT-AI-Backpropagation: HEAD f5af0fb matches origin/Develop (ls-remote pre-check) — skipping git fetch (#2063)
✅ NEAT-AI-Backpropagation: already at origin/Develop (f5af0fb) — skipping reset/clean/checkout
📦 [feed-repo-size] repo=NEAT-AI-Backpropagation size-pack-kib=1801 head-tree-kib=unmeasured ratio=n/a threshold=3 promisor=true action=none
✅ NEAT-AI-Backpropagation synced with remote (validation skipped)
[neat_ai_backpropagation] already installed v0.1.45
🌀 backprop: using neat_ai_backpropagation 0.1.45 (/Users/sloth/.cargo/bin/neat_ai_backpropagation) (#3991)
[neat-ai-backprop] enabled binary=/Users/sloth/.cargo/bin/neat_ai_backpropagation lib=/Users/sloth/.cargo/lib/libneat_ai_backpropagation.dylib
🔧 refinery: syncing sibling checkout NEAT-AI-Refinery with remote (#4757)
✅ NEAT-AI-Refinery: HEAD b769b2f matches origin/Develop (ls-remote pre-check) — skipping git fetch (#2063)
✅ NEAT-AI-Refinery: already at origin/Develop (b769b2f) — skipping reset/clean/checkout
📦 [feed-repo-size] repo=NEAT-AI-Refinery size-pack-kib=1325 head-tree-kib=unmeasured ratio=n/a threshold=3 promisor=true action=none
✅ NEAT-AI-Refinery synced with remote (validation skipped)
[neat-ai-refinery] already installed v0.1.3
🏭 refinery: using neat_ai_refinery 0.1.3 (/Users/sloth/.cargo/bin/neat_ai_refinery) (#4605)
[neat-ai-refinery] enabled binary=/Users/sloth/.cargo/bin/neat_ai_refinery
[heap-grant] stage=IntelligentDesignFX | Heap: 3072 MB | Total RAM: 8 GB | Available: 6307 MB | Planning budget: 4096 MB | FFI/OS headroom: 1536 MB | Floor: 3072 MB | Cap: 24576 MB (default) | Clamp: 4771 MB (available)
2026-10-03T04:16:35.578Z [INFO] [IntelligentDesignFX] [pid-263] 🧬 FX Intelligent Design: USDPLN
2026-10-03T04:16:35.579Z [INFO] [IntelligentDesignFX] [pid-263]    Mode: improve
2026-10-03T04:16:35.579Z [INFO] [IntelligentDesignFX] [pid-263]    Target squash: ReLU
[neat-ai] running version 7.0.48
[WasmWorkerInit] worker=id-worker-1 outcome=ok handshakeMs=15 cache=disabled cacheDir=none bundleBytes=1039872 bundleLoadMs=509 glueImportMs=25 instantiateMs=5 wasmTotalMs=539 workerError=none
2026-10-03T04:16:35.857Z [INFO] [IntelligentDesignFX] [pid-263] 
🔬 Scanning for ReLU improvements...
[WasmWorkerInit] worker=id-worker-2 outcome=ok handshakeMs=264 cache=disabled cacheDir=none bundleBytes=1039872 bundleLoadMs=509 glueImportMs=25 instantiateMs=5 wasmTotalMs=539 workerError=none
[WasmWorkerInit] worker=id-worker-3 outcome=ok handshakeMs=297 cache=disabled cacheDir=none bundleBytes=1039872 bundleLoadMs=509 glueImportMs=25 instantiateMs=5 wasmTotalMs=539 workerError=none
[WasmWorkerInit] worker=id-worker-4 outcome=ok handshakeMs=316 cache=disabled cacheDir=none bundleBytes=1039872 bundleLoadMs=509 glueImportMs=25 instantiateMs=5 wasmTotalMs=539 workerError=none
[WasmWorkerInit] worker=id-worker-5 outcome=ok handshakeMs=374 cache=disabled cacheDir=none bundleBytes=1039872 bundleLoadMs=509 glueImportMs=25 instantiateMs=5 wasmTotalMs=539 workerError=none
[WasmWorkerInit] worker=id-worker-6 outcome=ok handshakeMs=375 cache=disabled cacheDir=none bundleBytes=1039872 bundleLoadMs=509 glueImportMs=25 instantiateMs=5 wasmTotalMs=539 workerError=none
[WasmWorkerInit] worker=id-worker-7 outcome=ok handshakeMs=356 cache=disabled cacheDir=none bundleBytes=1039872 bundleLoadMs=509 glueImportMs=25 instantiateMs=5 wasmTotalMs=539 workerError=none
[WasmWorkerInit] worker=id-worker-8 outcome=ok handshakeMs=371 cache=disabled cacheDir=none bundleBytes=1039872 bundleLoadMs=509 glueImportMs=25 instantiateMs=5 wasmTotalMs=539 workerError=none
[WasmWorkerInit] worker=id-worker-9 outcome=ok handshakeMs=367 cache=disabled cacheDir=none bundleBytes=1039872 bundleLoadMs=509 glueImportMs=25 instantiateMs=5 wasmTotalMs=539 workerError=none
[neat-ai] running version 7.0.48
[neat-ai] running version 7.0.48
[neat-ai] running version 7.0.48
[neat-ai] running version 7.0.48
[neat-ai] running version 7.0.48
Neuron 18738446 GELU -> ReLU, score: 0.999001 improved by 0.000195
[neat-ai] running version 7.0.48
[neat-ai] running version 7.0.48
[neat-ai] running version 7.0.48
Neuron 18738446 ReLU -> TANH, score: 0.999010 improved by 0.000204
Neuron 18738446 ReLU -> SINE, score: 0.999010 improved by 0.000204
Neuron 18738446 ReLU -> Mish, score: 0.999029 improved by 0.000223
2026-10-03T04:16:39.249Z [INFO] [IntelligentDesignFX] [pid-263] 
✨ Scan complete in 3s 387ms
2026-10-03T04:16:39.249Z [INFO] [IntelligentDesignFX] [pid-263]    Tested: 24 neurons
2026-10-03T04:16:39.249Z [INFO] [IntelligentDesignFX] [pid-263]    Improvements: 1
2026-10-03T04:16:39.257Z [INFO] [IntelligentDesignFX] [pid-263]    Neuron 18738446 ReLU -> Mish, score: 0.999029 improved by 0.000223
2026-10-03T04:16:39.258Z [INFO] [IntelligentDesignFX] [pid-263]    Final score: 0.999029
2026-10-03T04:16:39.266Z [INFO] [saveValidatedCreatureExport] [pid-263] [forward-only] saved file=../GRQ-FX-models/v1/USDPLN.json
2026-10-03T04:16:39.266Z [INFO] [IntelligentDesignFX] [pid-263] 
🎉 Saved improved model to ../GRQ-FX-models/v1/USDPLN.json
2026-10-03T04:16:39.268Z [INFO] [IntelligentDesignFX] [pid-263] 📝 Saved tacit knowledge to ../GRQ-FX-models/v1/tacit/USDPLN.json
2026-10-03T04:16:39.268Z [INFO] [IntelligentDesignFX] [pid-263] 
🧹 Cleaning up temporary files...
2026-10-03T04:16:39.268Z [INFO] [IntelligentDesignFX] [pid-263]    Removed .tmp/id-fx
2026-10-03T04:16:39.268Z [INFO] [IntelligentDesignFX] [pid-263] 
🏁 Completed in 3s 693ms
2026-10-03T04:16:39.268Z [INFO] [IntelligentDesignFX] [pid-263] [scorer-summary] program=IntelligentDesignFX rust=24 wasm=0 worker-pool-size=8 peak-concurrent=8 elapsed=4s
📤 Checking in GRQ-FX-models...
[Develop 425f2c0] 🧬 IntelligentDesign USDPLN by GRQ-10
 1 file changed, 5 insertions(+), 5 deletions(-)
GIT-OP: [IDFX-checkin] git push ok in 3s (attempt 1/3, timeout=600s)
To github.com:stSoftwareAU/GRQ-FX-models.git
   1a331dc..425f2c0  HEAD -> Develop
✅ Push successful
🧬 Running Intelligent Design for USDRUB (squash HARD_TANH)
🧬 FX Intelligent Design
   Pair: USDRUB
   Squash: HARD_TANH
🔧 native-scorer: syncing sibling checkout NEAT-AI-scorer with remote (#4285)
✅ NEAT-AI-scorer: HEAD 590bf8d matches origin/Develop (ls-remote pre-check) — skipping git fetch (#2063)
✅ NEAT-AI-scorer: already at origin/Develop (590bf8d) — skipping reset/clean/checkout
📦 [feed-repo-size] repo=NEAT-AI-scorer size-pack-kib=16975 head-tree-kib=unmeasured ratio=n/a threshold=3 promisor=false action=none
✅ NEAT-AI-scorer synced with remote (validation skipped)
🔧 scorer: syncing sibling checkout NEAT-AI-scorer with remote (#4757)
✅ NEAT-AI-scorer already fetched in this session (skipping)
[rust_scorer] already installed v1.1.94
[native-scorer] enabled path=/Users/sloth/.cargo/bin/rust_scorer core_sha=88de51285c135ad27d8ccb55489e39fbb196b4bf core_dirty=no scorer_src_sha=590bf8d7e999a29904f25778a0880eabb0f00e18 scorer_src_dirty=no
🔧 backprop: syncing sibling checkout NEAT-AI-Backpropagation with remote (#4757)
✅ NEAT-AI-Backpropagation: HEAD f5af0fb matches origin/Develop (ls-remote pre-check) — skipping git fetch (#2063)
✅ NEAT-AI-Backpropagation: already at origin/Develop (f5af0fb) — skipping reset/clean/checkout
📦 [feed-repo-size] repo=NEAT-AI-Backpropagation size-pack-kib=1801 head-tree-kib=unmeasured ratio=n/a threshold=3 promisor=true action=none
✅ NEAT-AI-Backpropagation synced with remote (validation skipped)
[neat_ai_backpropagation] already installed v0.1.45
🌀 backprop: using neat_ai_backpropagation 0.1.45 (/Users/sloth/.cargo/bin/neat_ai_backpropagation) (#3991)
[neat-ai-backprop] enabled binary=/Users/sloth/.cargo/bin/neat_ai_backpropagation lib=/Users/sloth/.cargo/lib/libneat_ai_backpropagation.dylib
🔧 refinery: syncing sibling checkout NEAT-AI-Refinery with remote (#4757)
✅ NEAT-AI-Refinery: HEAD b769b2f matches origin/Develop (ls-remote pre-check) — skipping git fetch (#2063)
✅ NEAT-AI-Refinery: already at origin/Develop (b769b2f) — skipping reset/clean/checkout
📦 [feed-repo-size] repo=NEAT-AI-Refinery size-pack-kib=1325 head-tree-kib=unmeasured ratio=n/a threshold=3 promisor=true action=none
✅ NEAT-AI-Refinery synced with remote (validation skipped)
[neat-ai-refinery] already installed v0.1.3
🏭 refinery: using neat_ai_refinery 0.1.3 (/Users/sloth/.cargo/bin/neat_ai_refinery) (#4605)
[neat-ai-refinery] enabled binary=/Users/sloth/.cargo/bin/neat_ai_refinery
[heap-grant] stage=IntelligentDesignFX | Heap: 3072 MB | Total RAM: 8 GB | Available: 6307 MB | Planning budget: 4096 MB | FFI/OS headroom: 1536 MB | Floor: 3072 MB | Cap: 24576 MB (default) | Clamp: 4771 MB (available)
2026-10-03T04:16:54.886Z [INFO] [IntelligentDesignFX] [pid-1264] 🧬 FX Intelligent Design: USDRUB
2026-10-03T04:16:54.886Z [INFO] [IntelligentDesignFX] [pid-1264]    Mode: improve
2026-10-03T04:16:54.886Z [INFO] [IntelligentDesignFX] [pid-1264]    Target squash: HARD_TANH
[neat-ai] running version 7.0.48
[WasmWorkerInit] worker=id-worker-1 outcome=ok handshakeMs=97 cache=disabled cacheDir=none bundleBytes=1039872 bundleLoadMs=246 glueImportMs=18 instantiateMs=2 wasmTotalMs=266 workerError=none
2026-10-03T04:16:55.139Z [INFO] [IntelligentDesignFX] [pid-1264] 
🔬 Scanning for HARD_TANH improvements...
Intelligent design skipped — no hidden neurons to scan for squash improvements
2026-10-03T04:16:55.146Z [INFO] [IntelligentDesignFX] [pid-1264] 
✨ Scan complete in 
2026-10-03T04:16:55.146Z [INFO] [IntelligentDesignFX] [pid-1264]    Tested: 0 neurons
2026-10-03T04:16:55.146Z [INFO] [IntelligentDesignFX] [pid-1264]    Improvements: 0
2026-10-03T04:16:55.146Z [INFO] [IntelligentDesignFX] [pid-1264] 
🚫 No improvements found.
2026-10-03T04:16:55.147Z [INFO] [IntelligentDesignFX] [pid-1264] 📝 Saved tacit knowledge to ../GRQ-FX-models/v1/tacit/USDRUB.json
2026-10-03T04:16:55.147Z [INFO] [IntelligentDesignFX] [pid-1264] 
🧹 Cleaning up temporary files...
2026-10-03T04:16:55.148Z [INFO] [IntelligentDesignFX] [pid-1264]    Removed .tmp/id-fx
2026-10-03T04:16:55.148Z [INFO] [IntelligentDesignFX] [pid-1264] 
🏁 Completed in 264ms
2026-10-03T04:16:55.148Z [INFO] [IntelligentDesignFX] [pid-1264] [scorer-summary] program=IntelligentDesignFX rust=0 wasm=0 worker-pool-size=8 peak-concurrent=0 elapsed=0s (no candidates scored)
📤 Checking in GRQ-FX-models...
✅ No changes to commit
🧬 Running Intelligent Design for USDSAR (squash BENT_IDENTITY)
🧬 FX Intelligent Design
   Pair: USDSAR
   Squash: BENT_IDENTITY
🔧 native-scorer: syncing sibling checkout NEAT-AI-scorer with remote (#4285)
✅ NEAT-AI-scorer: HEAD 590bf8d matches origin/Develop (ls-remote pre-check) — skipping git fetch (#2063)
✅ NEAT-AI-scorer: already at origin/Develop (590bf8d) — skipping reset/clean/checkout
📦 [feed-repo-size] repo=NEAT-AI-scorer size-pack-kib=16975 head-tree-kib=unmeasured ratio=n/a threshold=3 promisor=false action=none
✅ NEAT-AI-scorer synced with remote (validation skipped)
🔧 scorer: syncing sibling checkout NEAT-AI-scorer with remote (#4757)
✅ NEAT-AI-scorer already fetched in this session (skipping)
[rust_scorer] already installed v1.1.94
[native-scorer] enabled path=/Users/sloth/.cargo/bin/rust_scorer core_sha=88de51285c135ad27d8ccb55489e39fbb196b4bf core_dirty=no scorer_src_sha=590bf8d7e999a29904f25778a0880eabb0f00e18 scorer_src_dirty=no
🔧 backprop: syncing sibling checkout NEAT-AI-Backpropagation with remote (#4757)
✅ NEAT-AI-Backpropagation: HEAD f5af0fb matches origin/Develop (ls-remote pre-check) — skipping git fetch (#2063)
✅ NEAT-AI-Backpropagation: already at origin/Develop (f5af0fb) — skipping reset/clean/checkout
📦 [feed-repo-size] repo=NEAT-AI-Backpropagation size-pack-kib=1801 head-tree-kib=unmeasured ratio=n/a threshold=3 promisor=true action=none
✅ NEAT-AI-Backpropagation synced with remote (validation skipped)
[neat_ai_backpropagation] already installed v0.1.45
🌀 backprop: using neat_ai_backpropagation 0.1.45 (/Users/sloth/.cargo/bin/neat_ai_backpropagation) (#3991)
[neat-ai-backprop] enabled binary=/Users/sloth/.cargo/bin/neat_ai_backpropagation lib=/Users/sloth/.cargo/lib/libneat_ai_backpropagation.dylib
🔧 refinery: syncing sibling checkout NEAT-AI-Refinery with remote (#4757)
✅ NEAT-AI-Refinery: HEAD b769b2f matches origin/Develop (ls-remote pre-check) — skipping git fetch (#2063)
✅ NEAT-AI-Refinery: already at origin/Develop (b769b2f) — skipping reset/clean/checkout
📦 [feed-repo-size] repo=NEAT-AI-Refinery size-pack-kib=1325 head-tree-kib=unmeasured ratio=n/a threshold=3 promisor=true action=none
✅ NEAT-AI-Refinery synced with remote (validation skipped)
[neat-ai-refinery] already installed v0.1.3
🏭 refinery: using neat_ai_refinery 0.1.3 (/Users/sloth/.cargo/bin/neat_ai_refinery) (#4605)
[neat-ai-refinery] enabled binary=/Users/sloth/.cargo/bin/neat_ai_refinery
[heap-grant] stage=IntelligentDesignFX | Heap: 3072 MB | Total RAM: 8 GB | Available: 6307 MB | Planning budget: 4096 MB | FFI/OS headroom: 1536 MB | Floor: 3072 MB | Cap: 24576 MB (default) | Clamp: 4771 MB (available)
2026-10-03T04:17:07.545Z [INFO] [IntelligentDesignFX] [pid-2069] 🧬 FX Intelligent Design: USDSAR
2026-10-03T04:17:07.545Z [INFO] [IntelligentDesignFX] [pid-2069]    Mode: improve
2026-10-03T04:17:07.545Z [INFO] [IntelligentDesignFX] [pid-2069]    Target squash: BENT_IDENTITY
[neat-ai] running version 7.0.48
[WasmWorkerInit] worker=id-worker-1 outcome=ok handshakeMs=19 cache=disabled cacheDir=none bundleBytes=1039872 bundleLoadMs=542 glueImportMs=27 instantiateMs=3 wasmTotalMs=573 workerError=none
2026-10-03T04:17:07.943Z [INFO] [IntelligentDesignFX] [pid-2069] 
🔬 Scanning for BENT_IDENTITY improvements...
Intelligent design skipped — no hidden neurons to scan for squash improvements
2026-10-03T04:17:07.945Z [INFO] [IntelligentDesignFX] [pid-2069] 
✨ Scan complete in 
2026-10-03T04:17:07.945Z [INFO] [IntelligentDesignFX] [pid-2069]    Tested: 0 neurons
2026-10-03T04:17:07.945Z [INFO] [IntelligentDesignFX] [pid-2069]    Improvements: 0
2026-10-03T04:17:07.945Z [INFO] [IntelligentDesignFX] [pid-2069] 
🚫 No improvements found.
2026-10-03T04:17:07.947Z [INFO] [IntelligentDesignFX] [pid-2069] 📝 Saved tacit knowledge to ../GRQ-FX-models/v1/tacit/USDSAR.json
2026-10-03T04:17:07.947Z [INFO] [IntelligentDesignFX] [pid-2069] 
🧹 Cleaning up temporary files...
2026-10-03T04:17:07.947Z [INFO] [IntelligentDesignFX] [pid-2069]    Removed .tmp/id-fx
2026-10-03T04:17:07.947Z [INFO] [IntelligentDesignFX] [pid-2069] 
🏁 Completed in 406ms
2026-10-03T04:17:07.947Z [INFO] [IntelligentDesignFX] [pid-2069] [scorer-summary] program=IntelligentDesignFX rust=0 wasm=0 worker-pool-size=8 peak-concurrent=0 elapsed=0s (no candidates scored)
📤 Checking in GRQ-FX-models...
✅ No changes to commit
🧬 Running Intelligent Design for USDSEK (squash ReLU)
🧬 FX Intelligent Design
   Pair: USDSEK
   Squash: ReLU
🔧 native-scorer: syncing sibling checkout NEAT-AI-scorer with remote (#4285)
✅ NEAT-AI-scorer: HEAD 590bf8d matches origin/Develop (ls-remote pre-check) — skipping git fetch (#2063)
✅ NEAT-AI-scorer: already at origin/Develop (590bf8d) — skipping reset/clean/checkout
📦 [feed-repo-size] repo=NEAT-AI-scorer size-pack-kib=16975 head-tree-kib=unmeasured ratio=n/a threshold=3 promisor=false action=none
✅ NEAT-AI-scorer synced with remote (validation skipped)
🔧 scorer: syncing sibling checkout NEAT-AI-scorer with remote (#4757)
✅ NEAT-AI-scorer already fetched in this session (skipping)
[rust_scorer] already installed v1.1.94
[native-scorer] enabled path=/Users/sloth/.cargo/bin/rust_scorer core_sha=88de51285c135ad27d8ccb55489e39fbb196b4bf core_dirty=no scorer_src_sha=590bf8d7e999a29904f25778a0880eabb0f00e18 scorer_src_dirty=no
🔧 backprop: syncing sibling checkout NEAT-AI-Backpropagation with remote (#4757)
✅ NEAT-AI-Backpropagation: HEAD f5af0fb matches origin/Develop (ls-remote pre-check) — skipping git fetch (#2063)
✅ NEAT-AI-Backpropagation: already at origin/Develop (f5af0fb) — skipping reset/clean/checkout
📦 [feed-repo-size] repo=NEAT-AI-Backpropagation size-pack-kib=1801 head-tree-kib=unmeasured ratio=n/a threshold=3 promisor=true action=none
✅ NEAT-AI-Backpropagation synced with remote (validation skipped)
[neat_ai_backpropagation] already installed v0.1.45
🌀 backprop: using neat_ai_backpropagation 0.1.45 (/Users/sloth/.cargo/bin/neat_ai_backpropagation) (#3991)
[neat-ai-backprop] enabled binary=/Users/sloth/.cargo/bin/neat_ai_backpropagation lib=/Users/sloth/.cargo/lib/libneat_ai_backpropagation.dylib
🔧 refinery: syncing sibling checkout NEAT-AI-Refinery with remote (#4757)
✅ NEAT-AI-Refinery: HEAD b769b2f matches origin/Develop (ls-remote pre-check) — skipping git fetch (#2063)
✅ NEAT-AI-Refinery: already at origin/Develop (b769b2f) — skipping reset/clean/checkout
📦 [feed-repo-size] repo=NEAT-AI-Refinery size-pack-kib=1325 head-tree-kib=unmeasured ratio=n/a threshold=3 promisor=true action=none
✅ NEAT-AI-Refinery synced with remote (validation skipped)
[neat-ai-refinery] already installed v0.1.3
🏭 refinery: using neat_ai_refinery 0.1.3 (/Users/sloth/.cargo/bin/neat_ai_refinery) (#4605)
[neat-ai-refinery] enabled binary=/Users/sloth/.cargo/bin/neat_ai_refinery
[heap-grant] stage=IntelligentDesignFX | Heap: 3072 MB | Total RAM: 8 GB | Available: 6307 MB | Planning budget: 4096 MB | FFI/OS headroom: 1536 MB | Floor: 3072 MB | Cap: 24576 MB (default) | Clamp: 4771 MB (available)
2026-10-03T04:17:20.274Z [INFO] [IntelligentDesignFX] [pid-2930] 🧬 FX Intelligent Design: USDSEK
2026-10-03T04:17:20.275Z [INFO] [IntelligentDesignFX] [pid-2930]    Mode: improve
2026-10-03T04:17:20.275Z [INFO] [IntelligentDesignFX] [pid-2930]    Target squash: ReLU
[neat-ai] running version 7.0.48
[WasmWorkerInit] worker=id-worker-1 outcome=ok handshakeMs=141 cache=disabled cacheDir=none bundleBytes=1039872 bundleLoadMs=176 glueImportMs=18 instantiateMs=2 wasmTotalMs=196 workerError=none
2026-10-03T04:17:20.545Z [INFO] [IntelligentDesignFX] [pid-2930] 
🔬 Scanning for ReLU improvements...
[WasmWorkerInit] worker=id-worker-2 outcome=ok handshakeMs=268 cache=disabled cacheDir=none bundleBytes=1039872 bundleLoadMs=176 glueImportMs=18 instantiateMs=2 wasmTotalMs=196 workerError=none
[WasmWorkerInit] worker=id-worker-3 outcome=ok handshakeMs=300 cache=disabled cacheDir=none bundleBytes=1039872 bundleLoadMs=176 glueImportMs=18 instantiateMs=2 wasmTotalMs=196 workerError=none
[WasmWorkerInit] worker=id-worker-4 outcome=ok handshakeMs=341 cache=disabled cacheDir=none bundleBytes=1039872 bundleLoadMs=176 glueImportMs=18 instantiateMs=2 wasmTotalMs=196 workerError=none
[WasmWorkerInit] worker=id-worker-5 outcome=ok handshakeMs=404 cache=disabled cacheDir=none bundleBytes=1039872 bundleLoadMs=176 glueImportMs=18 instantiateMs=2 wasmTotalMs=196 workerError=none
[WasmWorkerInit] worker=id-worker-6 outcome=ok handshakeMs=402 cache=disabled cacheDir=none bundleBytes=1039872 bundleLoadMs=176 glueImportMs=18 instantiateMs=2 wasmTotalMs=196 workerError=none
[WasmWorkerInit] worker=id-worker-7 outcome=ok handshakeMs=361 cache=disabled cacheDir=none bundleBytes=1039872 bundleLoadMs=176 glueImportMs=18 instantiateMs=2 wasmTotalMs=196 workerError=none
[WasmWorkerInit] worker=id-worker-8 outcome=ok handshakeMs=387 cache=disabled cacheDir=none bundleBytes=1039872 bundleLoadMs=176 glueImportMs=18 instantiateMs=2 wasmTotalMs=196 workerError=none
[WasmWorkerInit] worker=id-worker-9 outcome=ok handshakeMs=368 cache=disabled cacheDir=none bundleBytes=1039872 bundleLoadMs=176 glueImportMs=18 instantiateMs=2 wasmTotalMs=196 workerError=none
[neat-ai] running version 7.0.48
[neat-ai] running version 7.0.48
[neat-ai] running version 7.0.48
[neat-ai] running version 7.0.48
Neuron 44764620 GELU -> ReLU, score: 0.998487 improved by 0.000130
[neat-ai] running version 7.0.48
[neat-ai] running version 7.0.48
[neat-ai] running version 7.0.48
[neat-ai] running version 7.0.48
Neuron 18738446 Swish -> ReLU, score: 0.998548 improved by 0.000192
Neuron 44764620 ReLU -> Cube, score: 0.998535 improved by 0.000178
Neuron 44764620 ReLU -> Mish, score: 0.998591 improved by 0.000234
Neuron 44764620 ReLU -> Swish, score: 0.998609 improved by 0.000253
Neuron 18738446 ReLU -> SINE, score: 0.998567 improved by 0.000211
Neuron 18738446 ReLU -> Cube, score: 0.998588 improved by 0.000231
Neuron 18738446 ReLU -> Mish, score: 0.998598 improved by 0.000242
Neuron 18738446 ReLU -> SOFTSIGN, score: 0.998604 improved by 0.000247
Neuron 18738446 ReLU -> GELU, score: 0.998605 improved by 0.000248
2026-10-03T04:17:24.631Z [INFO] [IntelligentDesignFX] [pid-2930] 
✨ Scan complete in 4s 82ms
2026-10-03T04:17:24.631Z [INFO] [IntelligentDesignFX] [pid-2930]    Tested: 42 neurons
2026-10-03T04:17:24.631Z [INFO] [IntelligentDesignFX] [pid-2930]    Improvements: 2
2026-10-03T04:17:24.746Z [INFO] [IntelligentDesignFX] [pid-2930]    Marriage failed, using best individual: Neuron 44764620 ReLU -> Swish, score: 0.998609 improved by 0.000253
2026-10-03T04:17:24.746Z [INFO] [IntelligentDesignFX] [pid-2930]    Final score: 0.998609
2026-10-03T04:17:24.755Z [INFO] [saveValidatedCreatureExport] [pid-2930] [forward-only] saved file=../GRQ-FX-models/v1/USDSEK.json
2026-10-03T04:17:24.755Z [INFO] [IntelligentDesignFX] [pid-2930] 
🎉 Saved improved model to ../GRQ-FX-models/v1/USDSEK.json
2026-10-03T04:17:24.756Z [INFO] [IntelligentDesignFX] [pid-2930] 📝 Saved tacit knowledge to ../GRQ-FX-models/v1/tacit/USDSEK.json
2026-10-03T04:17:24.756Z [INFO] [IntelligentDesignFX] [pid-2930] 
🧹 Cleaning up temporary files...
2026-10-03T04:17:24.757Z [INFO] [IntelligentDesignFX] [pid-2930]    Removed .tmp/id-fx
2026-10-03T04:17:24.757Z [INFO] [IntelligentDesignFX] [pid-2930] 
🏁 Completed in 4s 485ms
2026-10-03T04:17:24.757Z [INFO] [IntelligentDesignFX] [pid-2930] [scorer-summary] program=IntelligentDesignFX rust=42 wasm=0 worker-pool-size=8 peak-concurrent=8 elapsed=4s
📤 Checking in GRQ-FX-models...
[Develop f2a9dcb] 🧬 IntelligentDesign USDSEK by GRQ-10
 2 files changed, 6 insertions(+), 6 deletions(-)
GIT-OP: [IDFX-checkin] git push ok in 2s (attempt 1/3, timeout=600s)
To github.com:stSoftwareAU/GRQ-FX-models.git
   425f2c0..f2a9dcb  HEAD -> Develop
✅ Push successful
🧬 Running Intelligent Design for USDSGD (squash MAXIMUM)
🧬 FX Intelligent Design
   Pair: USDSGD
   Squash: MAXIMUM
🔧 native-scorer: syncing sibling checkout NEAT-AI-scorer with remote (#4285)
✅ NEAT-AI-scorer: HEAD 590bf8d matches origin/Develop (ls-remote pre-check) — skipping git fetch (#2063)
✅ NEAT-AI-scorer: already at origin/Develop (590bf8d) — skipping reset/clean/checkout
📦 [feed-repo-size] repo=NEAT-AI-scorer size-pack-kib=16975 head-tree-kib=unmeasured ratio=n/a threshold=3 promisor=false action=none
✅ NEAT-AI-scorer synced with remote (validation skipped)
🔧 scorer: syncing sibling checkout NEAT-AI-scorer with remote (#4757)
✅ NEAT-AI-scorer already fetched in this session (skipping)
[rust_scorer] already installed v1.1.94
[native-scorer] enabled path=/Users/sloth/.cargo/bin/rust_scorer core_sha=88de51285c135ad27d8ccb55489e39fbb196b4bf core_dirty=no scorer_src_sha=590bf8d7e999a29904f25778a0880eabb0f00e18 scorer_src_dirty=no
🔧 backprop: syncing sibling checkout NEAT-AI-Backpropagation with remote (#4757)
✅ NEAT-AI-Backpropagation: HEAD f5af0fb matches origin/Develop (ls-remote pre-check) — skipping git fetch (#2063)
✅ NEAT-AI-Backpropagation: already at origin/Develop (f5af0fb) — skipping reset/clean/checkout
📦 [feed-repo-size] repo=NEAT-AI-Backpropagation size-pack-kib=1801 head-tree-kib=unmeasured ratio=n/a threshold=3 promisor=true action=none
✅ NEAT-AI-Backpropagation synced with remote (validation skipped)
[neat_ai_backpropagation] already installed v0.1.45
🌀 backprop: using neat_ai_backpropagation 0.1.45 (/Users/sloth/.cargo/bin/neat_ai_backpropagation) (#3991)
[neat-ai-backprop] enabled binary=/Users/sloth/.cargo/bin/neat_ai_backpropagation lib=/Users/sloth/.cargo/lib/libneat_ai_backpropagation.dylib
🔧 refinery: syncing sibling checkout NEAT-AI-Refinery with remote (#4757)
✅ NEAT-AI-Refinery: HEAD b769b2f matches origin/Develop (ls-remote pre-check) — skipping git fetch (#2063)
✅ NEAT-AI-Refinery: already at origin/Develop (b769b2f) — skipping reset/clean/checkout
📦 [feed-repo-size] repo=NEAT-AI-Refinery size-pack-kib=1325 head-tree-kib=unmeasured ratio=n/a threshold=3 promisor=true action=none
✅ NEAT-AI-Refinery synced with remote (validation skipped)
[neat-ai-refinery] already installed v0.1.3
🏭 refinery: using neat_ai_refinery 0.1.3 (/Users/sloth/.cargo/bin/neat_ai_refinery) (#4605)
[neat-ai-refinery] enabled binary=/Users/sloth/.cargo/bin/neat_ai_refinery
[heap-grant] stage=IntelligentDesignFX | Heap: 3072 MB | Total RAM: 8 GB | Available: 6307 MB | Planning budget: 4096 MB | FFI/OS headroom: 1536 MB | Floor: 3072 MB | Cap: 24576 MB (default) | Clamp: 4771 MB (available)
2026-10-03T04:17:39.767Z [INFO] [IntelligentDesignFX] [pid-3824] 🧬 FX Intelligent Design: USDSGD
2026-10-03T04:17:39.767Z [INFO] [IntelligentDesignFX] [pid-3824]    Mode: improve
2026-10-03T04:17:39.767Z [INFO] [IntelligentDesignFX] [pid-3824]    Target squash: MAXIMUM
[neat-ai] running version 7.0.48
[WasmWorkerInit] worker=id-worker-1 outcome=ok handshakeMs=123 cache=disabled cacheDir=none bundleBytes=1039872 bundleLoadMs=202 glueImportMs=25 instantiateMs=2 wasmTotalMs=230 workerError=none
2026-10-03T04:17:40.010Z [INFO] [IntelligentDesignFX] [pid-3824] 
🔬 Scanning for MAXIMUM improvements...
Intelligent design skipped — no hidden neurons to scan for squash improvements
2026-10-03T04:17:40.012Z [INFO] [IntelligentDesignFX] [pid-3824] 
✨ Scan complete in 
2026-10-03T04:17:40.012Z [INFO] [IntelligentDesignFX] [pid-3824]    Tested: 0 neurons
2026-10-03T04:17:40.012Z [INFO] [IntelligentDesignFX] [pid-3824]    Improvements: 0
2026-10-03T04:17:40.012Z [INFO] [IntelligentDesignFX] [pid-3824] 
🚫 No improvements found.
2026-10-03T04:17:40.013Z [INFO] [IntelligentDesignFX] [pid-3824] 📝 Saved tacit knowledge to ../GRQ-FX-models/v1/tacit/USDSGD.json
2026-10-03T04:17:40.013Z [INFO] [IntelligentDesignFX] [pid-3824] 
🧹 Cleaning up temporary files...
2026-10-03T04:17:40.014Z [INFO] [IntelligentDesignFX] [pid-3824]    Removed .tmp/id-fx
2026-10-03T04:17:40.014Z [INFO] [IntelligentDesignFX] [pid-3824] 
🏁 Completed in 249ms
2026-10-03T04:17:40.014Z [INFO] [IntelligentDesignFX] [pid-3824] [scorer-summary] program=IntelligentDesignFX rust=0 wasm=0 worker-pool-size=8 peak-concurrent=0 elapsed=0s (no candidates scored)
📤 Checking in GRQ-FX-models...
✅ No changes to commit
🧬 Running Intelligent Design for USDTHB (squash Softplus)
🧬 FX Intelligent Design
   Pair: USDTHB
   Squash: Softplus
🔧 native-scorer: syncing sibling checkout NEAT-AI-scorer with remote (#4285)
✅ NEAT-AI-scorer: HEAD 590bf8d matches origin/Develop (ls-remote pre-check) — skipping git fetch (#2063)
✅ NEAT-AI-scorer: already at origin/Develop (590bf8d) — skipping reset/clean/checkout
📦 [feed-repo-size] repo=NEAT-AI-scorer size-pack-kib=16975 head-tree-kib=unmeasured ratio=n/a threshold=3 promisor=false action=none
✅ NEAT-AI-scorer synced with remote (validation skipped)
🔧 scorer: syncing sibling checkout NEAT-AI-scorer with remote (#4757)
✅ NEAT-AI-scorer already fetched in this session (skipping)
[rust_scorer] already installed v1.1.94
[native-scorer] enabled path=/Users/sloth/.cargo/bin/rust_scorer core_sha=88de51285c135ad27d8ccb55489e39fbb196b4bf core_dirty=no scorer_src_sha=590bf8d7e999a29904f25778a0880eabb0f00e18 scorer_src_dirty=no
🔧 backprop: syncing sibling checkout NEAT-AI-Backpropagation with remote (#4757)
✅ NEAT-AI-Backpropagation: HEAD f5af0fb matches origin/Develop (ls-remote pre-check) — skipping git fetch (#2063)
✅ NEAT-AI-Backpropagation: already at origin/Develop (f5af0fb) — skipping reset/clean/checkout
📦 [feed-repo-size] repo=NEAT-AI-Backpropagation size-pack-kib=1801 head-tree-kib=unmeasured ratio=n/a threshold=3 promisor=true action=none
✅ NEAT-AI-Backpropagation synced with remote (validation skipped)
[neat_ai_backpropagation] already installed v0.1.45
🌀 backprop: using neat_ai_backpropagation 0.1.45 (/Users/sloth/.cargo/bin/neat_ai_backpropagation) (#3991)
[neat-ai-backprop] enabled binary=/Users/sloth/.cargo/bin/neat_ai_backpropagation lib=/Users/sloth/.cargo/lib/libneat_ai_backpropagation.dylib
🔧 refinery: syncing sibling checkout NEAT-AI-Refinery with remote (#4757)
✅ NEAT-AI-Refinery: HEAD b769b2f matches origin/Develop (ls-remote pre-check) — skipping git fetch (#2063)
✅ NEAT-AI-Refinery: already at origin/Develop (b769b2f) — skipping reset/clean/checkout
📦 [feed-repo-size] repo=NEAT-AI-Refinery size-pack-kib=1325 head-tree-kib=unmeasured ratio=n/a threshold=3 promisor=true action=none
✅ NEAT-AI-Refinery synced with remote (validation skipped)
[neat-ai-refinery] already installed v0.1.3
🏭 refinery: using neat_ai_refinery 0.1.3 (/Users/sloth/.cargo/bin/neat_ai_refinery) (#4605)
[neat-ai-refinery] enabled binary=/Users/sloth/.cargo/bin/neat_ai_refinery
[heap-grant] stage=IntelligentDesignFX | Heap: 3072 MB | Total RAM: 8 GB | Available: 6307 MB | Planning budget: 4096 MB | FFI/OS headroom: 1536 MB | Floor: 3072 MB | Cap: 24576 MB (default) | Clamp: 4771 MB (available)
2026-10-03T04:17:52.021Z [INFO] [IntelligentDesignFX] [pid-4602] 🧬 FX Intelligent Design: USDTHB
2026-10-03T04:17:52.022Z [INFO] [IntelligentDesignFX] [pid-4602]    Mode: improve
2026-10-03T04:17:52.022Z [INFO] [IntelligentDesignFX] [pid-4602]    Target squash: Softplus
[neat-ai] running version 7.0.48
[WasmWorkerInit] worker=id-worker-1 outcome=ok handshakeMs=77 cache=disabled cacheDir=none bundleBytes=1039872 bundleLoadMs=289 glueImportMs=19 instantiateMs=2 wasmTotalMs=310 workerError=none
2026-10-03T04:17:52.277Z [INFO] [IntelligentDesignFX] [pid-4602] 
🔬 Scanning for Softplus improvements...
[WasmWorkerInit] worker=id-worker-2 outcome=ok handshakeMs=290 cache=disabled cacheDir=none bundleBytes=1039872 bundleLoadMs=289 glueImportMs=19 instantiateMs=2 wasmTotalMs=310 workerError=none
[WasmWorkerInit] worker=id-worker-3 outcome=ok handshakeMs=306 cache=disabled cacheDir=none bundleBytes=1039872 bundleLoadMs=289 glueImportMs=19 instantiateMs=2 wasmTotalMs=310 workerError=none
[WasmWorkerInit] worker=id-worker-4 outcome=ok handshakeMs=398 cache=disabled cacheDir=none bundleBytes=1039872 bundleLoadMs=289 glueImportMs=19 instantiateMs=2 wasmTotalMs=310 workerError=none
[WasmWorkerInit] worker=id-worker-5 outcome=ok handshakeMs=366 cache=disabled cacheDir=none bundleBytes=1039872 bundleLoadMs=289 glueImportMs=19 instantiateMs=2 wasmTotalMs=310 workerError=none
[WasmWorkerInit] worker=id-worker-6 outcome=ok handshakeMs=390 cache=disabled cacheDir=none bundleBytes=1039872 bundleLoadMs=289 glueImportMs=19 instantiateMs=2 wasmTotalMs=310 workerError=none
[WasmWorkerInit] worker=id-worker-7 outcome=ok handshakeMs=385 cache=disabled cacheDir=none bundleBytes=1039872 bundleLoadMs=289 glueImportMs=19 instantiateMs=2 wasmTotalMs=310 workerError=none
[WasmWorkerInit] worker=id-worker-8 outcome=ok handshakeMs=378 cache=disabled cacheDir=none bundleBytes=1039872 bundleLoadMs=289 glueImportMs=19 instantiateMs=2 wasmTotalMs=310 workerError=none
[WasmWorkerInit] worker=id-worker-9 outcome=ok handshakeMs=362 cache=disabled cacheDir=none bundleBytes=1039872 bundleLoadMs=289 glueImportMs=19 instantiateMs=2 wasmTotalMs=310 workerError=none
[neat-ai] running version 7.0.48
[neat-ai] running version 7.0.48
2026-10-03T04:17:55.328Z [INFO] [IntelligentDesignFX] [pid-4602] 
✨ Scan complete in 3s 48ms
2026-10-03T04:17:55.328Z [INFO] [IntelligentDesignFX] [pid-4602]    Tested: 2 neurons
2026-10-03T04:17:55.328Z [INFO] [IntelligentDesignFX] [pid-4602]    Improvements: 0
2026-10-03T04:17:55.328Z [INFO] [IntelligentDesignFX] [pid-4602] 
🚫 No improvements found.
2026-10-03T04:17:55.330Z [INFO] [IntelligentDesignFX] [pid-4602] 📝 Saved tacit knowledge to ../GRQ-FX-models/v1/tacit/USDTHB.json
2026-10-03T04:17:55.330Z [INFO] [IntelligentDesignFX] [pid-4602] 
🧹 Cleaning up temporary files...
2026-10-03T04:17:55.330Z [INFO] [IntelligentDesignFX] [pid-4602]    Removed .tmp/id-fx
2026-10-03T04:17:55.330Z [INFO] [IntelligentDesignFX] [pid-4602] 
🏁 Completed in 3s 310ms
2026-10-03T04:17:55.330Z [INFO] [IntelligentDesignFX] [pid-4602] [scorer-summary] program=IntelligentDesignFX rust=2 wasm=0 worker-pool-size=8 peak-concurrent=2 elapsed=3s
📤 Checking in GRQ-FX-models...
[Develop e9eca0c] 🧬 IntelligentDesign USDTHB by GRQ-10
 1 file changed, 1 insertion(+), 1 deletion(-)
GIT-OP: [IDFX-checkin] git push ok in 3s (attempt 1/3, timeout=600s)
To github.com:stSoftwareAU/GRQ-FX-models.git
   f2a9dcb..e9eca0c  HEAD -> Develop
✅ Push successful
🧬 Running Intelligent Design for USDTRY (squash LOGISTIC)
🧬 FX Intelligent Design
   Pair: USDTRY
   Squash: LOGISTIC
🔧 native-scorer: syncing sibling checkout NEAT-AI-scorer with remote (#4285)
✅ NEAT-AI-scorer: HEAD 590bf8d matches origin/Develop (ls-remote pre-check) — skipping git fetch (#2063)
✅ NEAT-AI-scorer: already at origin/Develop (590bf8d) — skipping reset/clean/checkout
📦 [feed-repo-size] repo=NEAT-AI-scorer size-pack-kib=16975 head-tree-kib=unmeasured ratio=n/a threshold=3 promisor=false action=none
✅ NEAT-AI-scorer synced with remote (validation skipped)
🔧 scorer: syncing sibling checkout NEAT-AI-scorer with remote (#4757)
✅ NEAT-AI-scorer already fetched in this session (skipping)
[rust_scorer] already installed v1.1.94
[native-scorer] enabled path=/Users/sloth/.cargo/bin/rust_scorer core_sha=88de51285c135ad27d8ccb55489e39fbb196b4bf core_dirty=no scorer_src_sha=590bf8d7e999a29904f25778a0880eabb0f00e18 scorer_src_dirty=no
🔧 backprop: syncing sibling checkout NEAT-AI-Backpropagation with remote (#4757)
✅ NEAT-AI-Backpropagation: HEAD f5af0fb matches origin/Develop (ls-remote pre-check) — skipping git fetch (#2063)
✅ NEAT-AI-Backpropagation: already at origin/Develop (f5af0fb) — skipping reset/clean/checkout
📦 [feed-repo-size] repo=NEAT-AI-Backpropagation size-pack-kib=1801 head-tree-kib=unmeasured ratio=n/a threshold=3 promisor=true action=none
✅ NEAT-AI-Backpropagation synced with remote (validation skipped)
[neat_ai_backpropagation] already installed v0.1.45
🌀 backprop: using neat_ai_backpropagation 0.1.45 (/Users/sloth/.cargo/bin/neat_ai_backpropagation) (#3991)
[neat-ai-backprop] enabled binary=/Users/sloth/.cargo/bin/neat_ai_backpropagation lib=/Users/sloth/.cargo/lib/libneat_ai_backpropagation.dylib
🔧 refinery: syncing sibling checkout NEAT-AI-Refinery with remote (#4757)
✅ NEAT-AI-Refinery: HEAD b769b2f matches origin/Develop (ls-remote pre-check) — skipping git fetch (#2063)
✅ NEAT-AI-Refinery: already at origin/Develop (b769b2f) — skipping reset/clean/checkout
📦 [feed-repo-size] repo=NEAT-AI-Refinery size-pack-kib=1325 head-tree-kib=unmeasured ratio=n/a threshold=3 promisor=true action=none
✅ NEAT-AI-Refinery synced with remote (validation skipped)
[neat-ai-refinery] already installed v0.1.3
🏭 refinery: using neat_ai_refinery 0.1.3 (/Users/sloth/.cargo/bin/neat_ai_refinery) (#4605)
[neat-ai-refinery] enabled binary=/Users/sloth/.cargo/bin/neat_ai_refinery
[heap-grant] stage=IntelligentDesignFX | Heap: 3072 MB | Total RAM: 8 GB | Available: 6307 MB | Planning budget: 4096 MB | FFI/OS headroom: 1536 MB | Floor: 3072 MB | Cap: 24576 MB (default) | Clamp: 4771 MB (available)
2026-10-03T04:18:10.375Z [INFO] [IntelligentDesignFX] [pid-5411] 🧬 FX Intelligent Design: USDTRY
2026-10-03T04:18:10.376Z [INFO] [IntelligentDesignFX] [pid-5411]    Mode: improve
2026-10-03T04:18:10.376Z [INFO] [IntelligentDesignFX] [pid-5411]    Target squash: LOGISTIC
[neat-ai] running version 7.0.48
[WasmWorkerInit] worker=id-worker-1 outcome=ok handshakeMs=14 cache=disabled cacheDir=none bundleBytes=1039872 bundleLoadMs=371 glueImportMs=22 instantiateMs=5 wasmTotalMs=398 workerError=none
2026-10-03T04:18:10.680Z [INFO] [IntelligentDesignFX] [pid-5411] 
🔬 Scanning for LOGISTIC improvements...
Intelligent design skipped — no hidden neurons to scan for squash improvements
2026-10-03T04:18:10.684Z [INFO] [IntelligentDesignFX] [pid-5411] 
✨ Scan complete in 
2026-10-03T04:18:10.684Z [INFO] [IntelligentDesignFX] [pid-5411]    Tested: 0 neurons
2026-10-03T04:18:10.684Z [INFO] [IntelligentDesignFX] [pid-5411]    Improvements: 0
2026-10-03T04:18:10.684Z [INFO] [IntelligentDesignFX] [pid-5411] 
🚫 No improvements found.
2026-10-03T04:18:10.686Z [INFO] [IntelligentDesignFX] [pid-5411] 📝 Saved tacit knowledge to ../GRQ-FX-models/v1/tacit/USDTRY.json
2026-10-03T04:18:10.686Z [INFO] [IntelligentDesignFX] [pid-5411] 
🧹 Cleaning up temporary files...
2026-10-03T04:18:10.686Z [INFO] [IntelligentDesignFX] [pid-5411]    Removed .tmp/id-fx
2026-10-03T04:18:10.686Z [INFO] [IntelligentDesignFX] [pid-5411] 
🏁 Completed in 315ms
2026-10-03T04:18:10.686Z [INFO] [IntelligentDesignFX] [pid-5411] [scorer-summary] program=IntelligentDesignFX rust=0 wasm=0 worker-pool-size=8 peak-concurrent=0 elapsed=0s (no candidates scored)
📤 Checking in GRQ-FX-models...
✅ No changes to commit
🧬 Running Intelligent Design for USDTWD (squash ArcTan)
🧬 FX Intelligent Design
   Pair: USDTWD
   Squash: ArcTan
🔧 native-scorer: syncing sibling checkout NEAT-AI-scorer with remote (#4285)
✅ NEAT-AI-scorer: HEAD 590bf8d matches origin/Develop (ls-remote pre-check) — skipping git fetch (#2063)
✅ NEAT-AI-scorer: already at origin/Develop (590bf8d) — skipping reset/clean/checkout
📦 [feed-repo-size] repo=NEAT-AI-scorer size-pack-kib=16975 head-tree-kib=unmeasured ratio=n/a threshold=3 promisor=false action=none
✅ NEAT-AI-scorer synced with remote (validation skipped)
🔧 scorer: syncing sibling checkout NEAT-AI-scorer with remote (#4757)
✅ NEAT-AI-scorer already fetched in this session (skipping)
[rust_scorer] already installed v1.1.94
[native-scorer] enabled path=/Users/sloth/.cargo/bin/rust_scorer core_sha=88de51285c135ad27d8ccb55489e39fbb196b4bf core_dirty=no scorer_src_sha=590bf8d7e999a29904f25778a0880eabb0f00e18 scorer_src_dirty=no
🔧 backprop: syncing sibling checkout NEAT-AI-Backpropagation with remote (#4757)
✅ NEAT-AI-Backpropagation: HEAD f5af0fb matches origin/Develop (ls-remote pre-check) — skipping git fetch (#2063)
✅ NEAT-AI-Backpropagation: already at origin/Develop (f5af0fb) — skipping reset/clean/checkout
📦 [feed-repo-size] repo=NEAT-AI-Backpropagation size-pack-kib=1801 head-tree-kib=unmeasured ratio=n/a threshold=3 promisor=true action=none
✅ NEAT-AI-Backpropagation synced with remote (validation skipped)
[neat_ai_backpropagation] already installed v0.1.45
🌀 backprop: using neat_ai_backpropagation 0.1.45 (/Users/sloth/.cargo/bin/neat_ai_backpropagation) (#3991)
[neat-ai-backprop] enabled binary=/Users/sloth/.cargo/bin/neat_ai_backpropagation lib=/Users/sloth/.cargo/lib/libneat_ai_backpropagation.dylib
🔧 refinery: syncing sibling checkout NEAT-AI-Refinery with remote (#4757)
✅ NEAT-AI-Refinery: HEAD b769b2f matches origin/Develop (ls-remote pre-check) — skipping git fetch (#2063)
✅ NEAT-AI-Refinery: already at origin/Develop (b769b2f) — skipping reset/clean/checkout
📦 [feed-repo-size] repo=NEAT-AI-Refinery size-pack-kib=1325 head-tree-kib=unmeasured ratio=n/a threshold=3 promisor=true action=none
✅ NEAT-AI-Refinery synced with remote (validation skipped)
[neat-ai-refinery] already installed v0.1.3
🏭 refinery: using neat_ai_refinery 0.1.3 (/Users/sloth/.cargo/bin/neat_ai_refinery) (#4605)
[neat-ai-refinery] enabled binary=/Users/sloth/.cargo/bin/neat_ai_refinery
[heap-grant] stage=IntelligentDesignFX | Heap: 3072 MB | Total RAM: 8 GB | Available: 6307 MB | Planning budget: 4096 MB | FFI/OS headroom: 1536 MB | Floor: 3072 MB | Cap: 24576 MB (default) | Clamp: 4771 MB (available)
2026-10-03T04:18:22.410Z [INFO] [IntelligentDesignFX] [pid-6207] 🧬 FX Intelligent Design: USDTWD
2026-10-03T04:18:22.410Z [INFO] [IntelligentDesignFX] [pid-6207]    Mode: improve
2026-10-03T04:18:22.410Z [INFO] [IntelligentDesignFX] [pid-6207]    Target squash: ArcTan
[neat-ai] running version 7.0.48
[WasmWorkerInit] worker=id-worker-1 outcome=ok handshakeMs=134 cache=disabled cacheDir=none bundleBytes=1039872 bundleLoadMs=192 glueImportMs=18 instantiateMs=2 wasmTotalMs=212 workerError=none
2026-10-03T04:18:22.700Z [INFO] [IntelligentDesignFX] [pid-6207] 
🔬 Scanning for ArcTan improvements...
Intelligent design skipped — no hidden neurons to scan for squash improvements
2026-10-03T04:18:22.702Z [INFO] [IntelligentDesignFX] [pid-6207] 
✨ Scan complete in 
2026-10-03T04:18:22.702Z [INFO] [IntelligentDesignFX] [pid-6207]    Tested: 0 neurons
2026-10-03T04:18:22.702Z [INFO] [IntelligentDesignFX] [pid-6207]    Improvements: 0
2026-10-03T04:18:22.702Z [INFO] [IntelligentDesignFX] [pid-6207] 
🚫 No improvements found.
2026-10-03T04:18:22.704Z [INFO] [IntelligentDesignFX] [pid-6207] 📝 Saved tacit knowledge to ../GRQ-FX-models/v1/tacit/USDTWD.json
2026-10-03T04:18:22.704Z [INFO] [IntelligentDesignFX] [pid-6207] 
🧹 Cleaning up temporary files...
2026-10-03T04:18:22.704Z [INFO] [IntelligentDesignFX] [pid-6207]    Removed .tmp/id-fx
2026-10-03T04:18:22.704Z [INFO] [IntelligentDesignFX] [pid-6207] 
🏁 Completed in 298ms
2026-10-03T04:18:22.705Z [INFO] [IntelligentDesignFX] [pid-6207] [scorer-summary] program=IntelligentDesignFX rust=0 wasm=0 worker-pool-size=8 peak-concurrent=0 elapsed=0s (no candidates scored)
📤 Checking in GRQ-FX-models...
✅ No changes to commit
🧬 Running Intelligent Design for USDVND (squash ABSOLUTE)
🧬 FX Intelligent Design
   Pair: USDVND
   Squash: ABSOLUTE
🔧 native-scorer: syncing sibling checkout NEAT-AI-scorer with remote (#4285)
✅ NEAT-AI-scorer: HEAD 590bf8d matches origin/Develop (ls-remote pre-check) — skipping git fetch (#2063)
✅ NEAT-AI-scorer: already at origin/Develop (590bf8d) — skipping reset/clean/checkout
📦 [feed-repo-size] repo=NEAT-AI-scorer size-pack-kib=16975 head-tree-kib=unmeasured ratio=n/a threshold=3 promisor=false action=none
✅ NEAT-AI-scorer synced with remote (validation skipped)
🔧 scorer: syncing sibling checkout NEAT-AI-scorer with remote (#4757)
✅ NEAT-AI-scorer already fetched in this session (skipping)
[rust_scorer] already installed v1.1.94
[native-scorer] enabled path=/Users/sloth/.cargo/bin/rust_scorer core_sha=88de51285c135ad27d8ccb55489e39fbb196b4bf core_dirty=no scorer_src_sha=590bf8d7e999a29904f25778a0880eabb0f00e18 scorer_src_dirty=no
🔧 backprop: syncing sibling checkout NEAT-AI-Backpropagation with remote (#4757)
✅ NEAT-AI-Backpropagation: HEAD f5af0fb matches origin/Develop (ls-remote pre-check) — skipping git fetch (#2063)
✅ NEAT-AI-Backpropagation: already at origin/Develop (f5af0fb) — skipping reset/clean/checkout
📦 [feed-repo-size] repo=NEAT-AI-Backpropagation size-pack-kib=1801 head-tree-kib=unmeasured ratio=n/a threshold=3 promisor=true action=none
✅ NEAT-AI-Backpropagation synced with remote (validation skipped)
[neat_ai_backpropagation] already installed v0.1.45
🌀 backprop: using neat_ai_backpropagation 0.1.45 (/Users/sloth/.cargo/bin/neat_ai_backpropagation) (#3991)
[neat-ai-backprop] enabled binary=/Users/sloth/.cargo/bin/neat_ai_backpropagation lib=/Users/sloth/.cargo/lib/libneat_ai_backpropagation.dylib
🔧 refinery: syncing sibling checkout NEAT-AI-Refinery with remote (#4757)
✅ NEAT-AI-Refinery: HEAD b769b2f matches origin/Develop (ls-remote pre-check) — skipping git fetch (#2063)
✅ NEAT-AI-Refinery: already at origin/Develop (b769b2f) — skipping reset/clean/checkout
📦 [feed-repo-size] repo=NEAT-AI-Refinery size-pack-kib=1325 head-tree-kib=unmeasured ratio=n/a threshold=3 promisor=true action=none
✅ NEAT-AI-Refinery synced with remote (validation skipped)
[neat-ai-refinery] already installed v0.1.3
🏭 refinery: using neat_ai_refinery 0.1.3 (/Users/sloth/.cargo/bin/neat_ai_refinery) (#4605)
[neat-ai-refinery] enabled binary=/Users/sloth/.cargo/bin/neat_ai_refinery
[heap-grant] stage=IntelligentDesignFX | Heap: 3072 MB | Total RAM: 8 GB | Available: 6307 MB | Planning budget: 4096 MB | FFI/OS headroom: 1536 MB | Floor: 3072 MB | Cap: 24576 MB (default) | Clamp: 4771 MB (available)
2026-10-03T04:18:34.864Z [INFO] [IntelligentDesignFX] [pid-6970] 🧬 FX Intelligent Design: USDVND
2026-10-03T04:18:34.864Z [INFO] [IntelligentDesignFX] [pid-6970]    Mode: improve
2026-10-03T04:18:34.864Z [INFO] [IntelligentDesignFX] [pid-6970]    Target squash: ABSOLUTE
[neat-ai] running version 7.0.48
[WasmWorkerInit] worker=id-worker-1 outcome=ok handshakeMs=124 cache=disabled cacheDir=none bundleBytes=1039872 bundleLoadMs=165 glueImportMs=16 instantiateMs=2 wasmTotalMs=183 workerError=none
2026-10-03T04:18:35.106Z [INFO] [IntelligentDesignFX] [pid-6970] 
🔬 Scanning for ABSOLUTE improvements...
[WasmWorkerInit] worker=id-worker-2 outcome=ok handshakeMs=272 cache=disabled cacheDir=none bundleBytes=1039872 bundleLoadMs=165 glueImportMs=16 instantiateMs=2 wasmTotalMs=183 workerError=none
[WasmWorkerInit] worker=id-worker-3 outcome=ok handshakeMs=353 cache=disabled cacheDir=none bundleBytes=1039872 bundleLoadMs=165 glueImportMs=16 instantiateMs=2 wasmTotalMs=183 workerError=none
[WasmWorkerInit] worker=id-worker-4 outcome=ok handshakeMs=365 cache=disabled cacheDir=none bundleBytes=1039872 bundleLoadMs=165 glueImportMs=16 instantiateMs=2 wasmTotalMs=183 workerError=none
[WasmWorkerInit] worker=id-worker-5 outcome=ok handshakeMs=385 cache=disabled cacheDir=none bundleBytes=1039872 bundleLoadMs=165 glueImportMs=16 instantiateMs=2 wasmTotalMs=183 workerError=none
[WasmWorkerInit] worker=id-worker-6 outcome=ok handshakeMs=367 cache=disabled cacheDir=none bundleBytes=1039872 bundleLoadMs=165 glueImportMs=16 instantiateMs=2 wasmTotalMs=183 workerError=none
[WasmWorkerInit] worker=id-worker-7 outcome=ok handshakeMs=366 cache=disabled cacheDir=none bundleBytes=1039872 bundleLoadMs=165 glueImportMs=16 instantiateMs=2 wasmTotalMs=183 workerError=none
[WasmWorkerInit] worker=id-worker-8 outcome=ok handshakeMs=371 cache=disabled cacheDir=none bundleBytes=1039872 bundleLoadMs=165 glueImportMs=16 instantiateMs=2 wasmTotalMs=183 workerError=none
[WasmWorkerInit] worker=id-worker-9 outcome=ok handshakeMs=347 cache=disabled cacheDir=none bundleBytes=1039872 bundleLoadMs=165 glueImportMs=16 instantiateMs=2 wasmTotalMs=183 workerError=none
[neat-ai] running version 7.0.48
2026-10-03T04:18:38.076Z [INFO] [IntelligentDesignFX] [pid-6970] 
✨ Scan complete in 2s 968ms
2026-10-03T04:18:38.076Z [INFO] [IntelligentDesignFX] [pid-6970]    Tested: 1 neurons
2026-10-03T04:18:38.076Z [INFO] [IntelligentDesignFX] [pid-6970]    Improvements: 0
2026-10-03T04:18:38.076Z [INFO] [IntelligentDesignFX] [pid-6970] 
🚫 No improvements found.
2026-10-03T04:18:38.080Z [INFO] [IntelligentDesignFX] [pid-6970] 📝 Saved tacit knowledge to ../GRQ-FX-models/v1/tacit/USDVND.json
2026-10-03T04:18:38.080Z [INFO] [IntelligentDesignFX] [pid-6970] 
🧹 Cleaning up temporary files...
2026-10-03T04:18:38.080Z [INFO] [IntelligentDesignFX] [pid-6970]    Removed .tmp/id-fx
2026-10-03T04:18:38.080Z [INFO] [IntelligentDesignFX] [pid-6970] 
🏁 Completed in 3s 218ms
2026-10-03T04:18:38.080Z [INFO] [IntelligentDesignFX] [pid-6970] [scorer-summary] program=IntelligentDesignFX rust=1 wasm=0 worker-pool-size=8 peak-concurrent=1 elapsed=3s
📤 Checking in GRQ-FX-models...
✅ No changes to commit
🧬 Running Intelligent Design for USDZAR (squash SELU)
🧬 FX Intelligent Design
   Pair: USDZAR
   Squash: SELU
🔧 native-scorer: syncing sibling checkout NEAT-AI-scorer with remote (#4285)
✅ NEAT-AI-scorer: HEAD 590bf8d matches origin/Develop (ls-remote pre-check) — skipping git fetch (#2063)
✅ NEAT-AI-scorer: already at origin/Develop (590bf8d) — skipping reset/clean/checkout
📦 [feed-repo-size] repo=NEAT-AI-scorer size-pack-kib=16975 head-tree-kib=unmeasured ratio=n/a threshold=3 promisor=false action=none
✅ NEAT-AI-scorer synced with remote (validation skipped)
🔧 scorer: syncing sibling checkout NEAT-AI-scorer with remote (#4757)
✅ NEAT-AI-scorer already fetched in this session (skipping)
[rust_scorer] already installed v1.1.94
[native-scorer] enabled path=/Users/sloth/.cargo/bin/rust_scorer core_sha=88de51285c135ad27d8ccb55489e39fbb196b4bf core_dirty=no scorer_src_sha=590bf8d7e999a29904f25778a0880eabb0f00e18 scorer_src_dirty=no
🔧 backprop: syncing sibling checkout NEAT-AI-Backpropagation with remote (#4757)
✅ NEAT-AI-Backpropagation: HEAD f5af0fb matches origin/Develop (ls-remote pre-check) — skipping git fetch (#2063)
✅ NEAT-AI-Backpropagation: already at origin/Develop (f5af0fb) — skipping reset/clean/checkout
📦 [feed-repo-size] repo=NEAT-AI-Backpropagation size-pack-kib=1801 head-tree-kib=unmeasured ratio=n/a threshold=3 promisor=true action=none
✅ NEAT-AI-Backpropagation synced with remote (validation skipped)
[neat_ai_backpropagation] already installed v0.1.45
🌀 backprop: using neat_ai_backpropagation 0.1.45 (/Users/sloth/.cargo/bin/neat_ai_backpropagation) (#3991)
[neat-ai-backprop] enabled binary=/Users/sloth/.cargo/bin/neat_ai_backpropagation lib=/Users/sloth/.cargo/lib/libneat_ai_backpropagation.dylib
🔧 refinery: syncing sibling checkout NEAT-AI-Refinery with remote (#4757)
✅ NEAT-AI-Refinery: HEAD b769b2f matches origin/Develop (ls-remote pre-check) — skipping git fetch (#2063)
✅ NEAT-AI-Refinery: already at origin/Develop (b769b2f) — skipping reset/clean/checkout
📦 [feed-repo-size] repo=NEAT-AI-Refinery size-pack-kib=1325 head-tree-kib=unmeasured ratio=n/a threshold=3 promisor=true action=none
✅ NEAT-AI-Refinery synced with remote (validation skipped)
[neat-ai-refinery] already installed v0.1.3
🏭 refinery: using neat_ai_refinery 0.1.3 (/Users/sloth/.cargo/bin/neat_ai_refinery) (#4605)
[neat-ai-refinery] enabled binary=/Users/sloth/.cargo/bin/neat_ai_refinery
[heap-grant] stage=IntelligentDesignFX | Heap: 3072 MB | Total RAM: 8 GB | Available: 6307 MB | Planning budget: 4096 MB | FFI/OS headroom: 1536 MB | Floor: 3072 MB | Cap: 24576 MB (default) | Clamp: 4771 MB (available)
2026-10-03T04:18:51.063Z [INFO] [IntelligentDesignFX] [pid-7797] 🧬 FX Intelligent Design: USDZAR
2026-10-03T04:18:51.063Z [INFO] [IntelligentDesignFX] [pid-7797]    Mode: improve
2026-10-03T04:18:51.063Z [INFO] [IntelligentDesignFX] [pid-7797]    Target squash: SELU
[neat-ai] running version 7.0.48
[WasmWorkerInit] worker=id-worker-1 outcome=ok handshakeMs=30 cache=disabled cacheDir=none bundleBytes=1039872 bundleLoadMs=348 glueImportMs=17 instantiateMs=4 wasmTotalMs=369 workerError=none
2026-10-03T04:18:51.362Z [INFO] [IntelligentDesignFX] [pid-7797] 
🔬 Scanning for SELU improvements...
Intelligent design skipped — no hidden neurons to scan for squash improvements
2026-10-03T04:18:51.367Z [INFO] [IntelligentDesignFX] [pid-7797] 
✨ Scan complete in 
2026-10-03T04:18:51.367Z [INFO] [IntelligentDesignFX] [pid-7797]    Tested: 0 neurons
2026-10-03T04:18:51.367Z [INFO] [IntelligentDesignFX] [pid-7797]    Improvements: 0
2026-10-03T04:18:51.367Z [INFO] [IntelligentDesignFX] [pid-7797] 
🚫 No improvements found.
2026-10-03T04:18:51.368Z [INFO] [IntelligentDesignFX] [pid-7797] 📝 Saved tacit knowledge to ../GRQ-FX-models/v1/tacit/USDZAR.json
2026-10-03T04:18:51.368Z [INFO] [IntelligentDesignFX] [pid-7797] 
🧹 Cleaning up temporary files...
2026-10-03T04:18:51.368Z [INFO] [IntelligentDesignFX] [pid-7797]    Removed .tmp/id-fx
2026-10-03T04:18:51.368Z [INFO] [IntelligentDesignFX] [pid-7797] 
🏁 Completed in 309ms
2026-10-03T04:18:51.368Z [INFO] [IntelligentDesignFX] [pid-7797] [scorer-summary] program=IntelligentDesignFX rust=0 wasm=0 worker-pool-size=8 peak-concurrent=0 elapsed=0s (no candidates scored)
📤 Checking in GRQ-FX-models...
✅ No changes to commit
[stage-failure-health] failures=0 firstStage=none firstExitCode=0 firstHitLine=0
GIT-OP: [reset] git fetch ok in 3s (attempt 1/3, timeout=600s)
HEAD is now at c29fee8e Disk: feed repo .git grows unbounded despite blob:none — shareprices 11 GB for a 0.9 GB tree (Issue #5148) (#5152)
GIT-OP: [model_fetch GRQ-health] git fetch ok in 3s (attempt 1/6, timeout=none)
From github.com:stSoftwareAU/GRQ-health
   5e1eac98d..250d70df3  Develop    -> origin/Develop
HEAD is now at 250d70df3 Update repo health: Scorer:validation
branch 'Develop' set up to track 'origin/Develop'.
Your branch is up to date with 'origin/Develop'.
📦 [feed-repo-size] repo=GRQ-health size-pack-kib=75428 head-tree-kib=unmeasured ratio=n/a threshold=3 promisor=true action=none
✅ GRQ-health synced with remote (validation skipped)
🩺 [health_sync] entry repo=/Users/sloth/GRQ-health branch=Develop local_ahead=0 behind=0
🩺 [health_sync] decision path=noop
🩺 [health_sync] result status=ok
Updating health information...
Already up to date.
Updated health information for GRQ-10
