================ Clean up START ================
Version 1.3.3
Disk usage:
Filesystem        Size    Used   Avail Capacity iused ifree %iused  Mounted on
/dev/disk3s1s1   228Gi    10Gi   116Gi     9%    426k  1.2G    0%   /
devfs            199Ki   199Ki     0Bi   100%     690     0  100%   /dev
/dev/disk3s6     228Gi   2.0Gi   116Gi     2%       2  1.2G    0%   /System/Volumes/VM
/dev/disk3s2     228Gi   6.6Gi   116Gi     6%    1.2k  1.2G    0%   /System/Volumes/Preboot
/dev/disk3s4     228Gi   2.5Mi   116Gi     1%      58  1.2G    0%   /System/Volumes/Update
/dev/disk1s2     500Mi   6.0Mi   483Mi     2%       1  4.9M    0%   /System/Volumes/xarts
/dev/disk1s1     500Mi   5.5Mi   483Mi     2%      32  4.9M    0%   /System/Volumes/iSCPreboot
/dev/disk1s3     500Mi   448Ki   483Mi     1%      39  4.9M    0%   /System/Volumes/Hardware
/dev/disk3s5     228Gi    92Gi   116Gi    45%    544k  1.2G    0%   /System/Volumes/Data
map auto_home      0Bi     0Bi     0Bi   100%       0     0     -   /System/Volumes/Data/home
Uptime:  4:28  up 56 days, 18:49, 2 users, load averages: 9.03 10.85 11.58
USER    PID  PPID COMMAND
sloth 38978     1 /bin/bash /Users/sloth/GRQ/sloth.sh
sloth 38982 38978 /bin/bash ./run.sh --run-once
sloth 38998 38982 /bin/bash worker/node.sh
root  39008 38998 ps -U sloth -o user,pid,ppid,command
Host: GRQ-10
IP: 10.0.0.10
10.0.0.10
Number of CPUs: 8
Available Memory: 7592M
================ Clean up ENDED ================
Use local deno
PATH: /Users/sloth/.deno/bin:/usr/bin:/bin:/usr/sbin:/sbin:/opt/homebrew/bin
deno 2.4.2 (stable, release, aarch64-apple-darwin)
v8 13.7.152.14-rusty
typescript 5.8.3
worker/node.sh: line 77: aws: command not found
Option: location
Starting Location... Tue Jul 29 04:28:40 AEST 2025
Already up to date.
✅ GRQ-location pull succeeded in 4 seconds
Fetching compressed training data: ../../.cache/trainData-location_87/48e0b6d603f15ded9fa09ef6d4f338b51055ab40d7948abc0a4220bb50fb1f9d.tgz...
Cleaning up old training data versions...
Decompressing training data...
UT , score: 0.9502586133260105
process (poor score) UT , score: 0.9502586133260105 lvl: 2
2 mutations, mutation rate 10.3%, elitism 7, mutation FFW, selection POWER
Creature count: 50
Culling duplicate creature at 1 of 51
DeDuplication of 1 creatures to 50 in 322ms (previous experiment )
Discovery 559a5b83 scheduled
Training 559a5b83 scheduled
Training 559a5b83 with 1 binary file, target error: 0.05, iterations: 1, sample rate: 100%, sparse: 100%
Discovery 559a5b83 with 1 binary files, sample rate: 100%, batch size: 512
Discovery 559a5b83 initialize time 257ms
Discovery 559a5b83 processing .trainData-location_87/UT/data.bin
Generation 1 score 0.9502586133260105 (avg: 0.5967) error 0.04968042667407945 avg time 1s 176ms
Set training/discovery clean up count to 2
Waiting for discovery to complete
Discovery 559a5b83 read time 14ms for .trainData-location_87/UT/data.bin with 4608 records
Discovery 559a5b83 scanning time 14s 542ms
Discovery 559a5b83 recorded time 17s 402ms
Generation 2 score 0.9502586133260105 (avg: -162579161128.8151) error 0.04968042667407945 avg time 1s 597ms
Waiting for discovery to complete
Training 559a5b83 completed after 19s 13ms
Training 559a5b83 compacted
Over populated 52, expected 50.
Culling duplicate creature at 47 of 52
DeDuplication of 1 creatures to 51 in 62ms (previous experiment )
Generation 3 score 0.9502586954460991 (avg: -8743.7085) error 0.04968034455399088 avg time 1s 462ms
Waiting for discovery to complete
Compact 559a5b83 Score: 0.9502300105199385, Error: 0.04968042667407945 -> 0.049709249480151416, 👿 -0.0000288
Fine 559a5b83 Score: 0.842461239669801, Error: 0.04968042667407945 -> 0.15747780033028988, 👿 -0.108, Variant: overshot
Fine 559a5b83 Score: 0.8112176066821823, Error: 0.04968042667407945 -> 0.18872143331860478, 👿 -0.139, Variant: undershot
Trained 559a5b83 Score: 0.6729712035627887, Error: 0.04968042667407945 -> 0.3269678364383814, 👿 -0.277
Generation 4 score 0.9502588954231347 (avg: 0.9393) error 0.04968014457695527 avg time 1s 718ms
Waiting for discovery to complete
Generation 5 score 0.9502588961566869 (avg: 0.9502) error 0.04968014384340298 avg time 2s 323ms
Waiting for discovery to complete
Fine tuning increased fitness by 1.199047083844107e-9 to 0.950258897355734 adjusted 3 weights, 1 bias 
Generation 6 score 0.950258897355734 (avg: 0.9503) error 0.049680142644355926 avg time 1s 107ms
Waiting for discovery to complete
Fine tuning increased fitness by 2.1374577663380023e-9 to 0.9502588994931918 adjusted 3 weights, 1 bias 
Generation 7 score 0.9502588994931918 (avg: 0.9503) error 0.049680140506898125 avg time 1s 125ms
Waiting for discovery to complete
Fine tuning increased fitness by 4.054362401362255e-9 to 0.9502589035475542 adjusted 3 weights, 1 bias 
Discovered beneficial synapse from input-1517 to 99283404-c7a9-4aab-a928-ad91eb065c19-961 with weight 1.0000, helping 53.9% more records than it harms (3502/4608)
Discovery 559a5b83 analyze time 1m 26s 884ms found 1 candidates
Generation 8 score 0.9502589035475542 (avg: 0.9503) error 0.049680136452535745 avg time 847ms
Waiting for discovery to complete
Discovered harmful synapse from input-883 to 3b3f1e4f-f617-43a4-8b35-29de4b7e9dc5, harming 42.5% more records than it helps (800/4608)
Discovery 559a5b83 analyze harmful time 2s 951ms found 1 candidates
Discovery 559a5b83 analyze squashes time 3s 541ms found 1 candidate, Summary: 3c1abae3-d649-4621-a95f-d8bbd3303f2d ArcTan -> Cube improved: 1.1% error: 1.1499324751407127e+23 -> 1.1376030609739626e+23
Fine tuning increased fitness by 7.602604989997985e-9 to 0.9502589111501591 adjusted 3 weights, 1 bias 
Generation 9 score 0.9502589111501591 (avg: 0.9503) error 0.04968012884993074 avg time 709ms
Waiting for discovery to complete
Fine tuning increased fitness by 1.322156262251184e-8 to 0.9502589243717218 adjusted 3 weights, 1 bias 
Generation 10 score 0.9502589243717218 (avg: 0.9502) error 0.04968011562836811 avg time 730ms
Waiting for training/discovery clean up 2
Fine tuning increased fitness by 1.9058530975613053e-8 to 0.9502589434302527 adjusted 3 weights, 1 bias 
Generation 11 score 0.9502589434302527 (avg: 0.9501) error 0.04968009656983717 avg time 1s 222ms
Waiting for training/discovery clean up 1
Fine tuning increased fitness by 1.4271635206952737e-8 to 0.950258957701888 adjusted 3 weights, 1 bias 
Generation 12 score 0.950258957701888 (avg: 0.9503) error 0.049680082298202005 avg time 916ms
{
  error: 0.049680082298202005,
  score: 0.950258957701888,
  generation: 12,
  time: 149907,
  startScore: 0.9502586133260105
}
DC , score: 0.9503456246935731
process (poor score) DC , score: 0.9503456246935731 lvl: 2
2 mutations, mutation rate 5.9%, elitism 5, mutation ALL, selection POWER
Creature count: 50
Culling duplicate creature at 1 of 51
DeDuplication of 1 creatures to 50 in 122ms (previous experiment )
Discovery 8d589608 scheduled
Training 8d589608 scheduled
Training 8d589608 with 1 binary file, target error: 0.05, iterations: 1, sample rate: 100%, sparse: 100%
Discovery 8d589608 with 1 binary files, sample rate: 100%, batch size: 512
Discovery 8d589608 initialize time 249ms
Discovery 8d589608 processing .trainData-location_87/DC/data.bin
Generation 1 score 0.9503550361827331 (avg: 0.6349) error 0.04960592381903719 avg time 886ms
Set training/discovery clean up count to 2
Waiting for discovery to complete
Discovery 8d589608 read time 8ms for .trainData-location_87/DC/data.bin with 4608 records
Discovery 8d589608 scanning time 5s 925ms
Discovery 8d589608 recorded time 9s 355ms
Fine tuning increased fitness by 3.047537411315915e-7 to 0.9503553409364742 adjusted 1157 weights, 21 biases 
Training 8d589608 completed after 8s 961ms
Training 8d589608 compacted
Over populated 52, expected 50.
Generation 2 score 0.9503553409364742 (avg: -11.7135) error 0.049605619065296064 avg time 894ms
Waiting for discovery to complete
Compact 8d589608 Score: 0.9494664644895788, Error: 0.04960592381903719 -> 0.05049493551217952, 👿 -0.000889
Fine 8d589608 Score: 0.9482243948478588, Error: 0.04960592381903719 -> 0.05173656515391131, 👿 -0.00213, Variant: overshot
Fine 8d589608 Score: 0.9440277399568514, Error: 0.04960592381903719 -> 0.05593322004491847, 👿 -0.00633, Variant: undershot
Trained 8d589608 Score: 0.9421087924039773, Error: 0.04960592381903719 -> 0.05785217759779261, 👿 -0.00825
Generation 3 score 0.9503554843673652 (avg: -107120.0653) error 0.049605475634405066 avg time 866ms
Waiting for discovery to complete
Fine tuning increased fitness by 2.5852637930423583e-7 to 0.9503557428937445 adjusted 1157 weights, 21 biases 
Generation 4 score 0.9503557428937445 (avg: 0.9177) error 0.04960521710802581 avg time 800ms
Waiting for discovery to complete
Fine tuning increased fitness by 3.9669321016955195e-7 to 0.9503561395869546 adjusted 1157 weights, 21 biases 
Generation 5 score 0.9503561395869546 (avg: 0.9502) error 0.0496048204148156 avg time 1s 270ms
Waiting for discovery to complete
Fine tuning increased fitness by 6.818901653327103e-7 to 0.95035682147712 adjusted 1146 weights, 21 biases 
Discovered beneficial synapse from input-1346 to fc36df80-a734-407f-81e5-f827ec562a1d with weight -1.0000, helping 35.7% more records than it harms (3068/4608)
Discovery 8d589608 analyze time 38s 747ms found 1 candidates
Discovered harmful synapse from input-533 to fc36df80-a734-407f-81e5-f827ec562a1d, harming 35.2% more records than it helps (1434/4608)
Discovery 8d589608 analyze harmful time 1s 128ms found 1 candidates
Generation 6 score 0.95035682147712 (avg: 0.9503) error 0.049604138524650246 avg time 788ms
Waiting for discovery to complete
Discovery 8d589608 analyze squashes time 1s 299ms found 1 candidate, Summary: fc36df80-a734-407f-81e5-f827ec562a1d Swish -> BENT_IDENTITY improved: 74.0% error: 1.3979020869597755e+26 -> 3.6352023644648337e+25
Over populated 53, expected 50.
Generation 7 score 0.9503573405287613 (avg: 0.9500) error 0.049603619473008925 avg time 710ms
Waiting for training/discovery clean up 2
Generation 8 score 0.9503577627789548 (avg: 0.9501) error 0.04960319722281553 avg time 715ms
Waiting for training/discovery clean up 1
Fine tuning increased fitness by 6.252079232105245e-7 to 0.950358387986878 adjusted 748 weights, 13 biases 
Generation 9 score 0.950358387986878 (avg: 0.9419) error 0.04960257201489225 avg time 687ms
{
  error: 0.04960257201489225,
  score: 0.950358387986878,
  generation: 9,
  time: 76436,
  startScore: 0.9503456246935731
}
ID , score: 0.9197782590402809
process (poor score) ID , score: 0.9197782590402809 lvl: 2
1 mutation, mutation rate 6.1%, elitism 8, mutation ALL, selection TOURNAMENT
Creature count: 50
Culling duplicate creature at 1 of 51
DeDuplication of 1 creatures to 50 in 59ms (previous experiment )
Discovery 90da74fc scheduled
Training 90da74fc scheduled
Training 90da74fc with 1 binary file, target error: 0.05, iterations: 1, sample rate: 100%, sparse: 100%
Discovery 90da74fc with 1 binary files, sample rate: 100%, batch size: 512
Discovery 90da74fc initialize time 166ms
Discovery 90da74fc processing .trainData-location_87/ID/data.bin
Discovery 90da74fc read time 8ms for .trainData-location_87/ID/data.bin with 4608 records
Discovery 90da74fc scanning time 15s 109ms
Training 05509dac scheduled
Training 05509dac with 1 binary file, target error: 0.05, iterations: 1, sample rate: 100%, sparse: 100%
Fine tuning increased fitness by 2.994333841987995e-7 to 0.9197801137338979 adjusted 84 weights, 5 biases 
Discovery 90da74fc recorded time 31s 159ms
Training 90da74fc completed after 17s 376ms
Training 90da74fc compacted
Compact 90da74fc Score: 0.9197113820089009, Error: 0.08016689795979773 -> 0.08023392499117761, 👿 -0.0000670
Fine 90da74fc Score: 0.918521278676929, Error: 0.08016689795979773 -> 0.08142387832315075, 👿 -0.00126, Variant: overshot
Fine 90da74fc Score: 0.9184761924619503, Error: 0.08016689795979773 -> 0.08146896453812331, 👿 -0.00130, Variant: undershot
Trained 90da74fc Score: 0.9133053322699279, Error: 0.08016689795979773 -> 0.08663982473148507, 👿 -0.00647
Training 41a92d9b scheduled
Training 41a92d9b with 1 binary file, target error: 0.05, iterations: 1, sample rate: 100%, sparse: 100%
Training 05509dac completed after 14s 146ms
Training 05509dac compacted
Discovered beneficial synapse from input-1384 to 42084d10-220c-4e6a-8eb6-56e5663a7791 with weight 1.0000, helping 71.7% more records than it harms (3812/4608)
Discovery 90da74fc analyze time 21s 993ms found 1 candidates
Compact 05509dac Score: 0.9197132310958582, Error: 0.08016504326618068 -> 0.0802320759042203, 👿 -0.0000670
Fine 05509dac Score: 0.9194529206804942, Error: 0.08016504326618068 -> 0.08049223631958288, 👿 -0.000327, Variant: undershot
Fine 05509dac Score: 0.9188976974385137, Error: 0.08016504326618068 -> 0.0810474595615715, 👿 -0.000882, Variant: overshot
Trained 05509dac Score: 0.9161985523171318, Error: 0.08016504326618068 -> 0.08374660468428163, 👿 -0.00358
Fine tuning increased fitness by 4.013058039209483e-7 to 0.9197808481731861 adjusted 1 weight 
Discovered harmful synapse from input-1384 to 868c2aac-97c1-43e0-95c6-f896e3f74e5a, harming 71.7% more records than it helps (506/4608)
Discovery 90da74fc analyze harmful time 4s 178ms found 1 candidates
Discovery 90da74fc analyze squashes time 2s 513ms found 0 candidates
Discovery 51e3d784 scheduled
Training 51e3d784 scheduled
Training 51e3d784 with 1 binary file, target error: 0.05, iterations: 1, sample rate: 100%, sparse: 100%
Discovery 51e3d784 with 1 binary files, sample rate: 100%, batch size: 512
Fine tuning increased fitness by 6.579564014730366e-7 to 0.9197815061295875 adjusted 1 weight 
Discovery 51e3d784 initialize time 2s 554ms
Discovery 51e3d784 processing .trainData-location_87/ID/data.bin
Training 41a92d9b completed after 11s 444ms
Training 41a92d9b compacted
Compact 41a92d9b Score: 0.9197135873714715, Error: 0.08016470013269651 -> 0.08023170962860712, 👿 -0.0000670
Fine 41a92d9b Score: 0.9196087062827907, Error: 0.08016470013269651 -> 0.08033644071728445, 👿 -0.000172, Variant: undershot
Fine 41a92d9b Score: 0.9192625414080189, Error: 0.08016470013269651 -> 0.0806826055920621, 👿 -0.000518, Variant: overshot
Trained 41a92d9b Score: 0.9161999054482837, Error: 0.08016470013269651 -> 0.08374524155313, 👿 -0.00358
Fine tuning increased fitness by 9.457867023998645e-7 to 0.9197824519162899 adjusted 1 weight 
Discovery 51e3d784 read time 15ms for .trainData-location_87/ID/data.bin with 4608 records
Discovery 51e3d784 scanning time 14s 586ms
Discovery 51e3d784 recorded time 15s 570ms
Training ef428785 scheduled
Training ef428785 with 1 binary file, target error: 0.05, iterations: 1, sample rate: 100%, sparse: 100%
Fine tuning increased fitness by 0.0000011135635471504202 to 0.9197835654798371 adjusted 1 weight 
Training 51e3d784 completed after 15s 156ms
Training 51e3d784 compacted
Compact 51e3d784 Score: 0.9197146732537806, Error: 0.08016364087049116 -> 0.08023062374629794, 👿 -0.0000670
Fine 51e3d784 Score: 0.914172503375481, Error: 0.08016364087049116 -> 0.08577264362459414, 👿 -0.00561, Variant: overshot
Fine 51e3d784 Score: 0.9126081937982656, Error: 0.08016364087049116 -> 0.08733695320180758, 👿 -0.00717, Variant: undershot
Trained 51e3d784 Score: 0.8998327809502243, Error: 0.08016364087049116 -> 0.10011236605118934, 👿 -0.0199
Fine tuning increased fitness by 3.5285750987767983e-9 to 0.9197835690084122 adjusted 1 weight 
Generation 10 score 0.9197835690084122 (avg: 0.9188) error 0.08016157799166646 avg time 10s 31ms
Training 917ce60d scheduled
Training 917ce60d with 1 binary file, target error: 0.05, iterations: 1, sample rate: 100%, sparse: 100%
Fine tuning increased fitness by 5.364487187797806e-9 to 0.9197835743728994 adjusted 1 weight 
Training ef428785 completed after 10s 142ms
Training ef428785 compacted
Compact ef428785 Score: 0.919783685479837, Error: 0.08016158152024151 -> 0.08016158152024151,  🫥
Fine ef428785 Score: 0.8349623168975038, Error: 0.08016158152024151 -> 0.16498283010327708, 👿 -0.0848, Variant: overshot
Fine ef428785 Score: 0.7052209264877705, Error: 0.08016158152024151 -> 0.29472422051230535, 👿 -0.215, Variant: undershot
Trained ef428785 Score: 0.6598596298364439, Error: 0.08016158152024151 -> 0.3400855171649698, 👿 -0.260
Compacting increased fitness by 1.111069376502627e-7 to 0.919783685479837 neurons: 186 was: 187 synapses: 3612 was: 3614
Discovered beneficial synapse from input-1384 to 42084d10-220c-4e6a-8eb6-56e5663a7791 with weight 1.0000, helping 71.8% more records than it harms (3814/4608)
Discovery 51e3d784 analyze time 29s 413ms found 1 candidates
Training 0c953162 scheduled
Training 0c953162 with 1 binary file, target error: 0.05, iterations: 1, sample rate: 100%, sparse: 100%
Discovered harmful synapse from input-1384 to 868c2aac-97c1-43e0-95c6-f896e3f74e5a, harming 71.9% more records than it helps (502/4608)
Discovery 51e3d784 analyze harmful time 4s 23ms found 1 candidates
Training 917ce60d completed after 10s 379ms
Training 917ce60d compacted
Discovery 51e3d784 analyze squashes time 2s 640ms found 0 candidates
Compact 917ce60d Score: 0.9197168666486941, Error: 0.08016157262717925 -> 0.08022843035138455, 👿 -0.0000669
Fine 917ce60d Score: 0.9116750331621549, Error: 0.08016157262717925 -> 0.08827011383792033, 👿 -0.00811, Variant: overshot
Fine 917ce60d Score: 0.8957568160698909, Error: 0.08016157262717925 -> 0.10418833093018268, 👿 -0.0240, Variant: undershot
Trained 917ce60d Score: 0.8732894065388616, Error: 0.08016157262717925 -> 0.12665574046255215, 👿 -0.0465
Discovery ecef0d65 scheduled
Discovery ecef0d65 with 1 binary files, sample rate: 100%, batch size: 512
Discovery ecef0d65 initialize time 165ms
Discovery ecef0d65 processing .trainData-location_87/ID/data.bin
Discovery ecef0d65 read time 4ms for .trainData-location_87/ID/data.bin with 4608 records
Discovery ecef0d65 scanning time 8s 259ms
Training 1ffc681b scheduled
Training 1ffc681b with 1 binary file, target error: 0.05, iterations: 1, sample rate: 100%, sparse: 100%
Fine tuning increased fitness by 5.390076607270089e-9 to 0.9197837065014285 adjusted 1 weight 
Discovery ecef0d65 recorded time 9s 907ms
Training 0c953162 completed after 10s 160ms
Training 0c953162 compacted
Compact 0c953162 Score: 0.9197169805704923, Error: 0.08016158152024151 -> 0.08022843642958616, 👿 -0.0000669
Trained 0c953162 Score: 0.9142438363692809, Error: 0.08016158152024151 -> 0.0857014306321317, 👿 -0.00554
Training cb7a5b36 scheduled
Training cb7a5b36 with 1 binary file, target error: 0.05, iterations: 1, sample rate: 100%, sparse: 100%
Training 1ffc681b completed after 12s 900ms
Training 1ffc681b compacted
Compact 1ffc681b Score: 0.9197827988726334, Error: 0.08016156049865003 -> 0.08016258812744528, 👿 -0.00000103
Fine 1ffc681b Score: 0.9125728050867724, Error: 0.08016156049865003 -> 0.08737246191330965, 👿 -0.00721, Variant: undershot
Fine 1ffc681b Score: 0.9081034264492125, Error: 0.08016156049865003 -> 0.09184184055086703, 👿 -0.0117, Variant: overshot
Trained 1ffc681b Score: 0.8993694229790496, Error: 0.08016156049865003 -> 0.10057584402236303, 👿 -0.0204
Fine tuning increased fitness by 4.686695476152636e-12 to 0.9197837065061152 adjusted 1 weight 
Discovered beneficial synapse from input-1384 to 42084d10-220c-4e6a-8eb6-56e5663a7791 with weight 1.0000, helping 71.6% more records than it harms (3810/4608)
Discovery ecef0d65 analyze time 25s 926ms found 1 candidates
Discovered harmful synapse from input-1384 to 868c2aac-97c1-43e0-95c6-f896e3f74e5a, harming 71.7% more records than it helps (508/4608)
Discovery ecef0d65 analyze harmful time 4s 178ms found 1 candidates
Training 97e54cdb scheduled
Training 97e54cdb with 1 binary file, target error: 0.05, iterations: 1, sample rate: 100%, sparse: 100%
Discovery ecef0d65 analyze squashes time 5s 444ms found 0 candidates
Fine tuning increased fitness by 4.752986892953004e-11 to 0.919783706553645 adjusted 1 weight 
Training cb7a5b36 completed after 17s 10ms
Training cb7a5b36 compacted
Compact cb7a5b36 Score: 0.9197169894379502, Error: 0.08016156051596855 -> 0.08022842756212836, 👿 -0.0000669
Fine cb7a5b36 Score: 0.9187783983548173, Error: 0.08016156051596855 -> 0.0811668686452631, 👿 -0.00101, Variant: overshot
Fine cb7a5b36 Score: 0.9165314013033942, Error: 0.08016156051596855 -> 0.08341386569669508, 👿 -0.00325, Variant: undershot
Trained cb7a5b36 Score: 0.9136698599531307, Error: 0.08016156051596855 -> 0.08627540704828192, 👿 -0.00611
Discovery 1223e6e5 scheduled
Training 1223e6e5 scheduled
Training 1223e6e5 with 1 binary file, target error: 0.05, iterations: 1, sample rate: 100%, sparse: 100%
Discovery 1223e6e5 with 1 binary files, sample rate: 100%, batch size: 512
Discovery 1223e6e5 initialize time 3s 938ms
Discovery 1223e6e5 processing .trainData-location_87/ID/data.bin
Training 97e54cdb completed after 17s 900ms
Training 97e54cdb compacted
Generation 20 score 0.919783769039524 (avg: 0.9194) error 0.08016149796055463 avg time 9s 663ms
Compact 97e54cdb Score: 0.9197169901652718, Error: 0.08016156044643351 -> 0.08022842683480683, 👿 -0.0000669
Fine 97e54cdb Score: 0.9050770486053952, Error: 0.08016156044643351 -> 0.09486821839468133, 👿 -0.0147, Variant: overshot
Fine 97e54cdb Score: 0.9045438209593037, Error: 0.08016156044643351 -> 0.09540144604077153, 👿 -0.0152, Variant: undershot
Trained 97e54cdb Score: 0.8756959219149214, Error: 0.08016156044643351 -> 0.12424934508649127, 👿 -0.0441
Discovery 1223e6e5 read time 13ms for .trainData-location_87/ID/data.bin with 4608 records
Discovery 1223e6e5 scanning time 27s 149ms
Fine tuning increased fitness by 0.0000027299003857450543 to 0.9197881687787868 adjusted 4 weights 
Training 1223e6e5 completed after 20s 300ms
Training 1223e6e5 compacted
Compact 1223e6e5 Score: 0.9197170554255081, Error: 0.08016149796055463 -> 0.08022836157457042, 👿 -0.0000669
Fine 1223e6e5 Score: 0.9050823207081263, Error: 0.08016149796055463 -> 0.09486294629195045, 👿 -0.0147, Variant: overshot
Fine 1223e6e5 Score: 0.897879748572982, Error: 0.08016149796055463 -> 0.10206551842709707, 👿 -0.0219, Variant: undershot
Trained 1223e6e5 Score: 0.8798954170256398, Error: 0.08016149796055463 -> 0.12004984997577288, 👿 -0.0399
Discovery 1223e6e5 recorded time 47s 663ms
Generation 24 score 0.9198095121430031 (avg: 0.9170) error 0.08013576485707548 avg time 5s 380ms
Set training/discovery clean up count to 2
Waiting for discovery to complete
Generation 25 score 0.9198164178122936 (avg: 0.9197) error 0.08012884918778501 avg time 1s 51ms
Waiting for discovery to complete
Fine tuning increased fitness by 0.000005658247612116973 to 0.9198220760599057 adjusted 5 weights, 1 bias 
Generation 26 score 0.9198220760599057 (avg: 0.9198) error 0.08012319094017281 avg time 1s 104ms
Waiting for discovery to complete
Fine tuning increased fitness by 0.00000242714511944353 to 0.9198245032050252 adjusted 5 weights, 1 bias 
Generation 27 score 0.9198245032050252 (avg: 0.9185) error 0.08012076379505335 avg time 1s 381ms
Waiting for discovery to complete
Discovered beneficial synapse from input-1384 to 42084d10-220c-4e6a-8eb6-56e5663a7791 with weight 1.0000, helping 71.6% more records than it harms (3810/4608)
Discovery 1223e6e5 analyze time 59s 771ms found 1 candidates
Fine tuning increased fitness by 8.53372674747277e-8 to 0.9198245885422927 adjusted 5 weights, 1 bias 
Discovered harmful synapse from input-1384 to 868c2aac-97c1-43e0-95c6-f896e3f74e5a, harming 71.7% more records than it helps (508/4608)
Discovery 1223e6e5 analyze harmful time 4s 686ms found 1 candidates
Generation 28 score 0.9198245885422927 (avg: 0.9194) error 0.0801206784577859 avg time 1s 863ms
Waiting for discovery to complete
Discovery 1223e6e5 analyze squashes time 7s 87ms found 0 candidates
Generation 29 score 0.9198249618889118 (avg: 0.9171) error 0.08012029511116685 avg time 1s 172ms
Waiting for training/discovery clean up 2
Generation 30 score 0.9198250781159999 (avg: 0.9196) error 0.08012017888407878 avg time 1s 46ms
Waiting for training/discovery clean up 1
Generation 31 score 0.9198250885734325 (avg: 0.9198) error 0.08012016842664611 avg time 968ms
{
  error: 0.08012016842664611,
  score: 0.9198250885734325,
  generation: 31,
  time: 336782,
  startScore: 0.9197782590402809
}
CT , score: 0.9517200230958787
process (poor score) CT , score: 0.9517200230958787 lvl: 2
5 mutations, mutation rate 6.3%, elitism 9, mutation ALL, selection TOURNAMENT
Creature count: 50
Culling duplicate creature at 1 of 51
DeDuplication of 1 creatures to 50 in 208ms (previous experiment )
Discovery 5edd8d2d scheduled
Training 5edd8d2d scheduled
Training 5edd8d2d with 1 binary file, target error: 0.05, iterations: 1, sample rate: 100%, sparse: 100%
Discovery 5edd8d2d with 1 binary files, sample rate: 100%, batch size: 512
Discovery 5edd8d2d initialize time 279ms
Discovery 5edd8d2d processing .trainData-location_87/CT/data.bin
Generation 1 score 0.9517201142860618 (avg: -278263.1422) error 0.04824779371402177 avg time 876ms
Set training/discovery clean up count to 2
Waiting for discovery to complete
Discovery 5edd8d2d read time 15ms for .trainData-location_87/CT/data.bin with 4608 records
Discovery 5edd8d2d scanning time 7s 61ms
Discovery 5edd8d2d recorded time 8s 912ms
Generation 2 score 0.9517201146643914 (avg: -1.1972) error 0.04824779333569215 avg time 694ms
Waiting for discovery to complete
Fine tuning increased fitness by 4.869461500689454e-10 to 0.9517201151513376 adjusted 22 weights, 1 bias 
Training 5edd8d2d completed after 7s 701ms
Training 5edd8d2d compacted
Generation 3 score 0.9517201151513376 (avg: -1.1224042160385888e+24) error 0.04824779284874608 avg time 791ms
Waiting for discovery to complete
Fine 5edd8d2d Score: 0.9517195468511644, Error: 0.04824779371402177 -> 0.04824836114892243, 👿 -5.67e-7, Variant: overshot
Fine 5edd8d2d Score: 0.9517169066997271, Error: 0.04824779371402177 -> 0.04825100130035017, 👿 -0.00000321, Variant: undershot
Trained 5edd8d2d Score: 0.9517087609440759, Error: 0.04824779371402177 -> 0.04825915705702396, 👿 -0.0000114
Compact 5edd8d2d Score: 0.9494249299947631, Error: 0.04824779371402177 -> 0.050543108005320504, 👿 -0.00230
Fine tuning increased fitness by 7.373028854118502e-10 to 0.9517201158886405 adjusted 21 weights, 1 bias 
Generation 4 score 0.9517201158886405 (avg: -1.052253952536177e+24) error 0.04824779211144318 avg time 1s 170ms
Waiting for discovery to complete
Discovered beneficial synapse from input-65 to 5770d4f6-c8d5-4348-807d-a17f2ed19952 with weight 1.0000, helping 22.7% more records than it harms (2492/4608)
Discovery 5edd8d2d analyze time 25s 247ms found 1 candidates
Discovered harmful synapse from input-1007 to bf5abd94-2826-49f7-bba8-f3e7ae15fe84, harming 19.8% more records than it helps (1758/4608)
Discovery 5edd8d2d analyze harmful time 2s 29ms found 1 candidates
Discovery 5edd8d2d analyze squashes time 1s 597ms found 0 candidates
Generation 5 score 0.9517201210385322 (avg: 0.9297) error 0.04824779696256763 avg time 964ms
Waiting for discovery to complete
Generation 6 score 0.9517201210385322 (avg: 0.9474) error 0.04824779696256763 avg time 852ms
Waiting for training/discovery clean up 2
Generation 7 score 0.9517201213473447 (avg: 0.9363) error 0.04824779665375509 avg time 1s 316ms
Waiting for training/discovery clean up 1
Remove neuron beb91743-4a74-42c2-85f3-5c852aea6554 as no longer connected
Generation 8 score 0.9517201282056256 (avg: 0.9510) error 0.04824778979547431 avg time 947ms
{
  error: 0.04824778979547431,
  score: 0.9517201282056256,
  generation: 8,
  time: 76516,
  startScore: 0.9517200230958787
}
BRAZIL , score: 0.9272898802151647
process (poor score) BRAZIL , score: 0.9272898802151647 lvl: 2
9 mutations, mutation rate 25.1%, elitism 5, mutation ALL, selection FITNESS_PROPORTIONATE
Creature count: 50
Culling duplicate creature at 1 of 51
DeDuplication of 1 creatures to 50 in 421ms (previous experiment )
Discovery 4d42f5d8 scheduled
Training 4d42f5d8 scheduled
Training 4d42f5d8 with 1 binary file, target error: 0.05, iterations: 1, sample rate: 100%, sparse: 100%
Discovery 4d42f5d8 with 1 binary files, sample rate: 100%, batch size: 512
Discovery 4d42f5d8 initialize time 1s 315ms
Discovery 4d42f5d8 processing .trainData-location_87/BRAZIL/data.bin
Remove neuron 292ecaca-4557-4856-bff8-4d4beb989cce as no longer connected
Discovery 4d42f5d8 read time 21ms for .trainData-location_87/BRAZIL/data.bin with 4608 records
Discovery 4d42f5d8 scanning time 23s 379ms
Discovery 4d42f5d8 recorded time 34s 949ms
Training 6d205095 scheduled
Training 6d205095 with 1 binary file, target error: 0.05, iterations: 1, sample rate: 100%, sparse: 100%
Remove neuron 99add374-235e-43ec-8862-ef8d32bda113 as no longer connected
Training 4d42f5d8 completed after 31s 780ms
Training 4d42f5d8 compacted
Compact 4d42f5d8 Score: 0.927241520543635, Error: 0.07262853529989739 -> 0.0726989954564503, 👿 -0.0000705
Fine 4d42f5d8 Score: 0.9221252798691016, Error: 0.07262853529989739 -> 0.07781510613098354, 👿 -0.00519, Variant: undershot
Trained 4d42f5d8 Score: 0.9186436149286757, Error: 0.07262853529989739 -> 0.08129678107140954, 👿 -0.00867
Fine 4d42f5d8 Score: 0.9166373045706514, Error: 0.07262853529989739 -> 0.08330308142943371, 👿 -0.0107, Variant: overshot
Training 60ad9510 scheduled
Training 60ad9510 with 1 binary file, target error: 0.05, iterations: 1, sample rate: 100%, sparse: 100%
Remove neuron 45914076-e6d7-4114-aa02-cd504e8275fd as no longer connected
Training 6d205095 completed after 17s 340ms
Training 6d205095 compacted
Compact 6d205095 Score: 0.9265366910800231, Error: 0.07262853081114536 -> 0.07340409492006211, 👿 -0.000776
Trained 6d205095 Score: 0.9232381722161925, Error: 0.07262853081114536 -> 0.07670220378389264, 👿 -0.00407
Training 0c2d2345 scheduled
Training 0c2d2345 with 1 binary file, target error: 0.05, iterations: 1, sample rate: 100%, sparse: 100%
Discovered beneficial synapse from input-1114 to 08316759-b7d6-4a76-b83a-9a27eca32a99 with weight 1.0000, helping 78.7% more records than it harms (4111/4608)
Discovery 4d42f5d8 analyze time 1m 35s 409ms found 1 candidates
Training 60ad9510 completed after 38s 675ms
Training 60ad9510 compacted
Discovered harmful synapse from input-1480 to 08316759-b7d6-4a76-b83a-9a27eca32a99, harming 79.9% more records than it helps (458/4608)
Discovery 4d42f5d8 analyze harmful time 7s 128ms found 1 candidates
Discovery 4d42f5d8 analyze squashes time 6s 205ms found 0 candidates
Trained 60ad9510 Score: 0.9207664216937318, Error: 0.0726283406178283 -> 0.07917395430635345, 👿 -0.00655
Compact 60ad9510 Score: 0.9080097595124264, Error: 0.0726283406178283 -> 0.09193139648765883, 👿 -0.0193
Discovery 87e96959 scheduled
Discovery 87e96959 with 1 binary files, sample rate: 100%, batch size: 512
Discovery 87e96959 initialize time 1s 900ms
Discovery 87e96959 processing .trainData-location_87/BRAZIL/data.bin
Remove neuron 990d502b-ce2e-49eb-8a5e-66872787b472 as no longer connected
Discovery 87e96959 read time 16ms for .trainData-location_87/BRAZIL/data.bin with 4608 records
Discovery 87e96959 scanning time 17s 737ms
Discovery 87e96959 recorded time 38s 130ms
Training 8024fa18 scheduled
Training 8024fa18 with 1 binary file, target error: 0.05, iterations: 1, sample rate: 100%, sparse: 100%
Training 0c2d2345 completed after 27s 241ms
Training 0c2d2345 compacted
Compact 0c2d2345 Score: 0.9271707786299632, Error: 0.07262762023715784 -> 0.07276979737012206, 👿 -0.000142
Trained 0c2d2345 Score: 0.9225879297302491, Error: 0.07262762023715784 -> 0.07735245626983617, 👿 -0.00472
Fine tuning increased fitness by 4.456111368789095e-9 to 0.9273132224302558 adjusted 2 weights, 2 biases 
compactUnused hidden neuron 33d05052 has no outward connections
Remove neuron cac352ad-7e3f-421d-a393-e0a2214a99c5 as no longer connected
Constant neuron dbc0403c-a031-43c0-91c4-6300e7060061 convert hidden to constant
Adjust neuron dbc0403c-a031-43c0-91c4-6300e7060061 bias 0.09477527692144688 to 0.09463345646318325
Generation 8 score 0.9273132224302558 (avg: 0.8837) error 0.07262715356982942 avg time 25s 919ms
Set training/discovery clean up count to 2
Waiting for discovery to complete
Fine tuning increased fitness by 9.26999987882482e-9 to 0.9273132317002557 adjusted 2 weights, 2 biases 
Remove neuron eaf165c6-75fe-49f5-98cc-23963e19f016 as no longer connected
Training 8024fa18 completed after 57s 260ms
Training 8024fa18 compacted
Over populated 52, expected 50.
Generation 9 score 0.9273132317002557 (avg: 0.8716) error 0.07262714429982951 avg time 4s 146ms
Waiting for discovery to complete
Compact 8024fa18 Score: 0.9066796819374962, Error: 0.07262715802594079 -> 0.093262244062589, 👿 -0.0206
Trained 8024fa18 Score: 0.8992431158904545, Error: 0.07262715802594079 -> 0.1006972801096308, 👿 -0.0281
Fine 8024fa18 Score: 0.8988120341959461, Error: 0.07262715802594079 -> 0.10112834180413915, 👿 -0.0285, Variant: overshot
Fine 8024fa18 Score: 0.8613298368122503, Error: 0.07262715802594079 -> 0.1386105391878349, 👿 -0.0660, Variant: undershot
Generation 10 score 0.927313246280034 (avg: 0.9038) error 0.07262712972005128 avg time 3s 781ms
Waiting for discovery to complete
Fine tuning increased fitness by 8.098368420306201e-9 to 0.9273132543784024 adjusted 2 weights, 2 biases 
Generation 11 score 0.9273132543784024 (avg: 0.9069) error 0.07262712162168282 avg time 3s 446ms
Waiting for discovery to complete
Generation 12 score 0.9273133071038844 (avg: 0.8766) error 0.07262706889620084 avg time 3s 118ms
Waiting for discovery to complete
Fine tuning increased fitness by 1.1302574309812741e-7 to 0.9273134201296275 adjusted 76 weights, 7 biases 
Generation 13 score 0.9273134201296275 (avg: 0.6854) error 0.0726269558704577 avg time 3s 571ms
Waiting for discovery to complete
Discovered beneficial synapse from input-1114 to 08316759-b7d6-4a76-b83a-9a27eca32a99 with weight 1.0000, helping 78.7% more records than it harms (4111/4608)
Discovery 87e96959 analyze time 4m 7s 97ms found 1 candidates
Discovered harmful synapse from input-1480 to 08316759-b7d6-4a76-b83a-9a27eca32a99, harming 79.9% more records than it helps (458/4608)
Discovery 87e96959 analyze harmful time 7s 983ms found 1 candidates
Fine tuning increased fitness by 1.8290244896412844e-7 to 0.9273136030320764 adjusted 76 weights, 7 biases 
Discovery 87e96959 analyze squashes time 3s 659ms found 0 candidates
Generation 14 score 0.9273136030320764 (avg: -9.8232) error 0.07262677296800878 avg time 2s 32ms
Waiting for discovery to complete
Fine tuning increased fitness by 3.210084136284763e-7 to 0.9273139240404901 adjusted 76 weights, 7 biases 
Generation 15 score 0.9273139240404901 (avg: -18.5392) error 0.07262645195959522 avg time 1s 782ms
Waiting for training/discovery clean up 2
Fine tuning increased fitness by 4.997114775306954e-7 to 0.9273144237519676 adjusted 76 weights, 7 biases 
Generation 16 score 0.9273144237519676 (avg: 0.8393) error 0.07262595224811762 avg time 2s 954ms
Waiting for training/discovery clean up 1
Fine tuning increased fitness by 8.275046409211839e-7 to 0.9273152512566085 adjusted 76 weights, 7 biases 
Generation 17 score 0.9273152512566085 (avg: 0.8690) error 0.07262512474347672 avg time 5s 5ms
{
  error: 0.07262512474347672,
  score: 0.9273152512566085,
  generation: 17,
  time: 558293,
  startScore: 0.9272898802151647
}
MALAYSIA , score: 0.951111377415694
process (poor score) MALAYSIA , score: 0.951111377415694 lvl: 2
9 mutations, mutation rate 5.0%, elitism 4, mutation ALL, selection POWER
Creature count: 50
Culling duplicate creature at 1 of 51
DeDuplication of 1 creatures to 50 in 857ms (previous experiment )
Discovery b5da54fb scheduled
Training b5da54fb scheduled
Training b5da54fb with 1 binary file, target error: 0.05, iterations: 1, sample rate: 100%, sparse: 100%
Discovery b5da54fb with 1 binary files, sample rate: 100%, batch size: 512
Discovery b5da54fb initialize time 475ms
Discovery b5da54fb processing .trainData-location_87/MALAYSIA/data.bin
Generation 1 score 0.951111377415694 (avg: 0.1561) error 0.04886626158659701 avg time 1s 853ms
Set training/discovery clean up count to 2
Waiting for discovery to complete
Discovery b5da54fb read time 24ms for .trainData-location_87/MALAYSIA/data.bin with 4608 records
Discovery b5da54fb scanning time 10s 771ms
Training b5da54fb completed after 5s 659ms
Training b5da54fb compacted
Generation 2 score 0.9511114622616567 (avg: -1.9740) error 0.04886616674063568 avg time 781ms
Waiting for discovery to complete
Compact b5da54fb Score: 0.9511101628979245, Error: 0.04886626158659701 -> 0.04886759610436259, 👿 -0.00000133
Trained b5da54fb Score: 0.9508968063303701, Error: 0.04886626158659701 -> 0.04908083267192086, 👿 -0.000215
Fine tuning increased fitness by 1.8121542677551616e-7 to 0.9511116434770834 adjusted 1 weight 
Discovery b5da54fb recorded time 19s 500ms
Generation 3 score 0.9511116434770834 (avg: -1.9504) error 0.04886598552520889 avg time 717ms
Waiting for discovery to complete
Fine tuning increased fitness by 4.248798526340636e-7 to 0.9511120683569361 adjusted 1 weight 
Generation 4 score 0.9511120683569361 (avg: 0.9486) error 0.04886556064535624 avg time 406ms
Waiting for discovery to complete
Fine tuning increased fitness by 7.257558058970659e-7 to 0.951112794112742 adjusted 1 weight 
Generation 5 score 0.951112794112742 (avg: 0.9511) error 0.04886483488955043 avg time 577ms
Waiting for discovery to complete
Fine tuning increased fitness by 9.799204810923001e-7 to 0.9511137740332231 adjusted 1 weight 
Generation 6 score 0.9511137740332231 (avg: 0.9511) error 0.04886385496906935 avg time 444ms
Waiting for discovery to complete
Fine tuning increased fitness by 4.5566787776341044e-7 to 0.9511142297011008 adjusted 1 weight 
Generation 7 score 0.9511142297011008 (avg: 0.9511) error 0.04886339930119154 avg time 697ms
Waiting for discovery to complete
Generation 8 score 0.9511142297011008 (avg: 0.9511) error 0.04886339930119154 avg time 424ms
Waiting for discovery to complete
Generation 9 score 0.9511142297011008 (avg: 0.9511) error 0.04886339930119154 avg time 713ms
Waiting for discovery to complete
Fine tuning increased fitness by 3.620725941289038e-11 to 0.9511142297373081 adjusted 1 weight 
Generation 10 score 0.9511142297373081 (avg: 0.9511) error 0.048863399264984266 avg time 492ms
Waiting for discovery to complete
Fine tuning increased fitness by 1.936454552264877e-9 to 0.9511142316737626 adjusted 1 weight 
Generation 11 score 0.9511142316737626 (avg: 0.9511) error 0.04886339732852971 avg time 573ms
Waiting for discovery to complete
Fine tuning increased fitness by 1.6107426503708666e-9 to 0.9511142332845053 adjusted 1 weight 
Generation 12 score 0.9511142332845053 (avg: 0.9511) error 0.04886339571778706 avg time 442ms
Waiting for discovery to complete
Generation 13 score 0.9511142332845053 (avg: 0.9511) error 0.04886339571778706 avg time 989ms
Waiting for discovery to complete
Generation 14 score 0.9511142332845053 (avg: 0.9511) error 0.04886339571778706 avg time 563ms
Waiting for discovery to complete
Generation 15 score 0.9511142332845053 (avg: 0.9511) error 0.04886339571778706 avg time 849ms
Waiting for discovery to complete
Generation 16 score 0.9511142332845053 (avg: 0.8843) error 0.04886339571778706 avg time 428ms
Waiting for discovery to complete
Generation 17 score 0.9511142332845053 (avg: 0.9474) error 0.04886339571778706 avg time 594ms
Waiting for discovery to complete
Fine tuning increased fitness by 4.824424337801503e-8 to 0.9511142815287487 adjusted 1 weight 
Generation 18 score 0.9511142815287487 (avg: 0.9511) error 0.04886333747354497 avg time 471ms
Waiting for discovery to complete
Fine tuning increased fitness by 1.276433032604274e-7 to 0.9511144091720519 adjusted 1 weight 
Generation 19 score 0.9511144091720519 (avg: -3.3528) error 0.048863209830241734 avg time 397ms
Waiting for discovery to complete
Fine tuning increased fitness by 3.4591792053007e-7 to 0.9511147550899725 adjusted 1 weight 
Generation 20 score 0.9511147550899725 (avg: 0.9511) error 0.048862863912321204 avg time 369ms
Waiting for discovery to complete
Fine tuning increased fitness by 4.274777134494201e-7 to 0.9511151825676859 adjusted 1 weight 
Discovered beneficial synapse from input-1090 to b6d9cf1d-9d29-4e5e-a818-3567442baa35 with weight 1.0000, helping 56.9% more records than it harms (3002/4608)
Discovery b5da54fb analyze time 1m 39s 568ms found 1 candidates
Generation 21 score 0.9511151825676859 (avg: 0.9511) error 0.048862436434607755 avg time 608ms
Waiting for discovery to complete
Discovered harmful synapse from input-1518 to eb06c995-5628-4cbb-8fed-bc6a4a660764, harming 54.8% more records than it helps (415/4608)
Discovery b5da54fb analyze harmful time 3s 531ms found 1 candidates
Fine tuning increased fitness by 1.9878121715333208e-7 to 0.951115381348903 adjusted 1 weight 
Discovery b5da54fb analyze squashes time 1s 695ms found 0 candidates
Generation 22 score 0.951115381348903 (avg: 0.9511) error 0.04886223765339055 avg time 361ms
Waiting for discovery to complete
Fine tuning increased fitness by 0.0000011445036330881564 to 0.9511165258525361 adjusted 1 weight 
Generation 23 score 0.9511165258525361 (avg: 0.9511) error 0.04886109314975756 avg time 429ms
Waiting for training/discovery clean up 2
Fine tuning increased fitness by 4.0281431645805554e-7 to 0.9511169286668526 adjusted 1 weight 
Generation 24 score 0.9511169286668526 (avg: 0.9511) error 0.04886069033544101 avg time 312ms
Waiting for training/discovery clean up 1
Fine tuning increased fitness by 1.0929614879806593e-8 to 0.9511169395964675 adjusted 1 weight 
Generation 25 score 0.9511169395964675 (avg: 0.9511) error 0.04886067940582621 avg time 359ms
{
  error: 0.04886067940582621,
  score: 0.9511169395964675,
  generation: 25,
  time: 151500,
  startScore: 0.951111377415694
}
OK , score: 0.9513622494899485
process (poor score) OK , score: 0.9513622494899485 lvl: 2
1 mutation, mutation rate 30.7%, elitism 9, mutation ALL, selection TOURNAMENT
Creature count: 50
Culling duplicate creature at 1 of 51
DeDuplication of 1 creatures to 50 in 434ms (previous experiment )
Discovery 6b4c9647 scheduled
Training 6b4c9647 scheduled
Training 6b4c9647 with 1 binary file, target error: 0.05, iterations: 1, sample rate: 100%, sparse: 100%
Discovery 6b4c9647 with 1 binary files, sample rate: 100%, batch size: 512
Discovery 6b4c9647 initialize time 1s 641ms
Discovery 6b4c9647 processing .trainData-location_87/OK/data.bin
Generation 1 score 0.9513516994052148 (avg: 0.6001) error 0.04860919659599651 avg time 1s 878ms
Set training/discovery clean up count to 2
Waiting for discovery to complete
Discovery 6b4c9647 read time 12ms for .trainData-location_87/OK/data.bin with 4608 records
Discovery 6b4c9647 scanning time 19s 184ms
Generation 2 score 0.9513516994052148 (avg: -12308549.9298) error 0.04860919659599651 avg time 1s 579ms
Waiting for discovery to complete
Discovery 6b4c9647 recorded time 28s 676ms
Training 6b4c9647 completed after 20s 739ms
Training 6b4c9647 compacted
Generation 3 score 0.9513516994052148 (avg: -32.4382) error 0.04860919659599651 avg time 1s 74ms
Waiting for discovery to complete
Compact 6b4c9647 Score: 0.9513517094052144, Error: 0.04860919659599651 -> 0.04860919659599651,  🫥
Fine 6b4c9647 Score: 0.9461698253726223, Error: 0.04860919659599651 -> 0.05379107062846854, 👿 -0.00518, Variant: overshot
Trained 6b4c9647 Score: 0.9420497638318125, Error: 0.04860919659599651 -> 0.0579111621696493, 👿 -0.00930
Fine 6b4c9647 Score: 0.9406467170885837, Error: 0.04860919659599651 -> 0.059314178912658715, 👿 -0.0107, Variant: undershot
Compacting increased fitness by 9.999999606158383e-9 to 0.9513517094052144 neurons: 128 was: 128 synapses: 2629 was: 2630
Generation 4 score 0.9513517094052144 (avg: 0.8841) error 0.04860919659599651 avg time 968ms
Waiting for discovery to complete
Generation 5 score 0.9513517094052144 (avg: 0.9359) error 0.04860919659599651 avg time 708ms
Waiting for discovery to complete
Generation 6 score 0.9513517579206604 (avg: 0.9472) error 0.04860914808055047 avg time 532ms
Waiting for discovery to complete
Fine tuning increased fitness by 7.948146640845977e-8 to 0.9513518374021268 adjusted 2 weights 
Generation 7 score 0.9513518374021268 (avg: 0.9513) error 0.04860905859908445 avg time 695ms
Waiting for discovery to complete
Generation 8 score 0.9513521990608927 (avg: 0.9514) error 0.04860881694031724 avg time 703ms
Waiting for discovery to complete
Generation 9 score 0.951360195462536 (avg: 0.9513) error 0.0486007005386753 avg time 688ms
Waiting for discovery to complete
Discovered beneficial synapse from input-1577 to e23cb645-e96c-46a1-984d-63b5ebbc636f with weight -1.0000, helping 44.7% more records than it harms (3333/4608)
Discovery 6b4c9647 analyze time 52s 816ms found 1 candidates
Discovered harmful synapse from d8878655-242c-4629-80d8-f88f2cfe3f7c to e23cb645-e96c-46a1-984d-63b5ebbc636f, harming 42.2% more records than it helps (1259/4608)
Discovery 6b4c9647 analyze harmful time 2s 299ms found 1 candidates
Generation 10 score 0.9513605512315843 (avg: 0.9495) error 0.04860046476962581 avg time 816ms
Waiting for discovery to complete
Discovery 6b4c9647 analyze squashes time 3s 369ms found 0 candidates
Generation 11 score 0.9513699252936314 (avg: 0.9509) error 0.04859109070757866 avg time 917ms
Waiting for training/discovery clean up 2
Generation 12 score 0.9513700365141144 (avg: 0.9416) error 0.04859097948709554 avg time 1s 400ms
Waiting for training/discovery clean up 1
Generation 13 score 0.9513703215770303 (avg: 0.9509) error 0.04859070442417937 avg time 1s 406ms
{
  error: 0.04859070442417937,
  score: 0.9513703215770303,
  generation: 13,
  time: 134393,
  startScore: 0.9513622494899485
}
AL , score: 0.9524763049521373
process (poor score) AL , score: 0.9524763049521373 lvl: 2
6 mutations, mutation rate 39.5%, elitism 3, mutation FFW, selection POWER
Creature count: 50
Culling duplicate creature at 1 of 51
DeDuplication of 1 creatures to 50 in 246ms (previous experiment )
Discovery 9ba7b4fe scheduled
Training 9ba7b4fe scheduled
Training 9ba7b4fe with 1 binary file, target error: 0.05, iterations: 1, sample rate: 100%, sparse: 100%
Discovery 9ba7b4fe with 1 binary files, sample rate: 100%, batch size: 512
Discovery 9ba7b4fe initialize time 340ms
Discovery 9ba7b4fe processing .trainData-location_87/AL/data.bin
Generation 1 score 0.9524704795356833 (avg: 0.6392) error 0.04748602046588515 avg time 1s 330ms
Set training/discovery clean up count to 2
Waiting for discovery to complete
Fine tuning increased fitness by 6.715847278293552e-8 to 0.9524705466941561 adjusted 1 weight Restored: 1
Generation 2 score 0.9524705466941561 (avg: 0.4351) error 0.04748595330741236 avg time 928ms
Waiting for discovery to complete
Fine tuning increased fitness by 8.95151058832866e-8 to 0.952470636209262 adjusted 1 weight Restored: 1
Discovery 9ba7b4fe read time 23ms for .trainData-location_87/AL/data.bin with 4608 records
Discovery 9ba7b4fe scanning time 20s 874ms
Discovery 9ba7b4fe recorded time 24s 208ms
Generation 3 score 0.952470636209262 (avg: 0.8844) error 0.04748586379230644 avg time 989ms
Waiting for discovery to complete
Fine tuning increased fitness by 2.951452686694722e-7 to 0.9524709313545306 adjusted 1 weight Restored: 1
Training 9ba7b4fe completed after 24s 834ms
Training 9ba7b4fe compacted
Generation 4 score 0.9524709313545306 (avg: 0.9448) error 0.0474855686470378 avg time 650ms
Waiting for discovery to complete
Compact 9ba7b4fe Score: 0.9524626143468217, Error: 0.04748602046588515 -> 0.047494005654745305, 👿 -0.00000799
Fine 9ba7b4fe Score: 0.9070140193137075, Error: 0.04748602046588515 -> 0.0929424806878609, 👿 -0.0455, Variant: overshot
Fine 9ba7b4fe Score: 0.8788359399277578, Error: 0.04748602046588515 -> 0.12112056007381068, 👿 -0.0736, Variant: undershot
Trained 9ba7b4fe Score: 0.848503372203767, Error: 0.04748602046588515 -> 0.1514531377978009, 👿 -0.104
Fine tuning increased fitness by 6.424585209385825e-7 to 0.9524715738130516 adjusted 1 weight Restored: 1
Generation 5 score 0.9524715738130516 (avg: 0.9455) error 0.04748492618851684 avg time 880ms
Waiting for discovery to complete
Fine tuning increased fitness by 9.648698625630558e-7 to 0.9524725386829141 adjusted 1 weight Restored: 1
Generation 6 score 0.9524725386829141 (avg: 0.9519) error 0.04748396131865434 avg time 657ms
Waiting for discovery to complete
Fine tuning increased fitness by 6.020170029152894e-9 to 0.9524725447030842 adjusted 1 weight Restored: 1
Generation 7 score 0.9524725447030842 (avg: 0.9525) error 0.04748395529848431 avg time 873ms
Waiting for discovery to complete
Fine tuning increased fitness by 7.961843406789626e-10 to 0.9524725454992685 adjusted 1 weight Restored: 1
Generation 8 score 0.9524725454992685 (avg: 0.9524) error 0.04748395450229987 avg time 747ms
Waiting for discovery to complete
Generation 9 score 0.9524725454992685 (avg: 0.9393) error 0.04748395450229987 avg time 970ms
Waiting for discovery to complete
Generation 10 score 0.9524725454992685 (avg: 0.9525) error 0.04748395450229987 avg time 743ms
Waiting for discovery to complete
Discovered beneficial synapse from input-56 to a38b78d3-308b-4c41-8a85-2cc8f77d8315 with weight 1.0000, helping 63.9% more records than it harms (3758/4608)
Discovery 9ba7b4fe analyze time 1m 598ms found 1 candidates
Generation 11 score 0.9524725454992685 (avg: 0.9525) error 0.04748395450229987 avg time 961ms
Waiting for discovery to complete
Discovered harmful synapse from input-731 to 13e18406-7df4-44e5-9cab-466c0e98ed77, harming 43.6% more records than it helps (1278/4608)
Discovery 9ba7b4fe analyze harmful time 4s 861ms found 1 candidates
Discovery 9ba7b4fe analyze squashes time 5s 542ms found 1 candidate, Summary: 13e18406-7df4-44e5-9cab-466c0e98ed77 ISRU -> ABSOLUTE improved: 99.7% error: 1.5797862442892318e+28 -> 4.898640196548548e+25
Generation 12 score 0.9524725454992685 (avg: 0.9522) error 0.04748395450229987 avg time 767ms
Waiting for discovery to complete
Generation 13 score 0.9524725454992685 (avg: 0.9476) error 0.04748395450229987 avg time 955ms
Waiting for training/discovery clean up 2
Generation 14 score 0.9524725454992685 (avg: 0.9054) error 0.04748395450229987 avg time 775ms
Waiting for training/discovery clean up 1
Generation 15 score 0.9524725454992685 (avg: 0.9523) error 0.04748395450229987 avg time 772ms
{
  error: 0.04748395450229987,
  score: 0.9524725454992685,
  generation: 15,
  time: 130577,
  startScore: 0.9524763049521373
}
🔁 Attempt 1/12: git pull --rebase --autostash
Rebasing (1/1)Auto-merging v1/BRAZIL.json
CONFLICT (content): Merge conflict in v1/BRAZIL.json
Auto-merging v1/CO.json
CONFLICT (content): Merge conflict in v1/CO.json
Auto-merging v1/ISRAEL.json
CONFLICT (content): Merge conflict in v1/ISRAEL.json
Auto-merging v1/MI.json
CONFLICT (content): Merge conflict in v1/MI.json
Auto-merging v1/SMALL_STATE.json
CONFLICT (content): Merge conflict in v1/SMALL_STATE.json
Auto-merging v1/TN.json
CONFLICT (content): Merge conflict in v1/TN.json
Auto-merging v1/VA.json
CONFLICT (content): Merge conflict in v1/VA.json
error: could not apply da7e5e8... GRQ-10 Improved location models
hint: Resolve all conflicts manually, mark them as resolved with
hint: "git add/rm <conflicted_files>", then run "git rebase --continue".
hint: You can instead skip this commit: run "git rebase --skip".
hint: To abort and get back to the state before "git rebase", run "git rebase --abort".
Could not apply da7e5e8... GRQ-10 Improved location models
⚠️ git pull failed for other reasons
❌ Merge conflicts found — reverting conflicting JSON files
↩️  Reverting: ./v1/SMALL_STATE.json
↩️  Reverting: ./v1/BRAZIL.json
↩️  Reverting: ./v1/VA.json
↩️  Reverting: ./v1/CO.json
↩️  Reverting: ./v1/TN.json
↩️  Reverting: ./v1/MI.json
↩️  Reverting: ./v1/ISRAEL.json
✅ Nothing to commit
✅ GRQ-health pull succeeded in 3 seconds
Updating health information...
Updated health information for GRQ-10
