================ Clean up START ================
Version 1.3.7
/Users/sloth/GRQ/worker
Disk usage:
Filesystem        Size    Used   Avail Capacity iused ifree %iused  Mounted on
/dev/disk3s1s1   228Gi    11Gi   128Gi     9%    447k  1.3G    0%   /
devfs            198Ki   198Ki     0Bi   100%     684     0  100%   /dev
/dev/disk3s6     228Gi   2.0Gi   128Gi     2%       2  1.3G    0%   /System/Volumes/VM
/dev/disk3s2     228Gi   7.3Gi   128Gi     6%    1.6k  1.3G    0%   /System/Volumes/Preboot
/dev/disk3s4     228Gi   3.9Mi   128Gi     1%      60  1.3G    0%   /System/Volumes/Update
/dev/disk1s2     500Mi   6.0Mi   482Mi     2%       1  4.9M    0%   /System/Volumes/xarts
/dev/disk1s1     500Mi   5.8Mi   482Mi     2%      30  4.9M    0%   /System/Volumes/iSCPreboot
/dev/disk1s3     500Mi   1.0Mi   482Mi     1%      60  4.9M    0%   /System/Volumes/Hardware
/dev/disk3s5     228Gi    78Gi   128Gi    38%    345k  1.3G    0%   /System/Volumes/Data
map auto_home      0Bi     0Bi     0Bi   100%       0     0     -   /System/Volumes/Data/home
Uptime:  1:50  up 11:05, 2 users, load averages: 9.07 12.96 13.81
USER    PID  PPID COMMAND
sloth 70463     1 /bin/bash /Users/sloth/GRQ/sloth.sh
sloth 70467 70463 /bin/bash ./run.sh --run-once
sloth 70484 70467 /bin/bash worker/node.sh
root  70494 70484 ps -U sloth -o user,pid,ppid,command
Host: GRQ-24
IP: 10.0.0.24
Number of CPUs: 8
Available Memory: 15G
================ Clean up ENDED ================
Use local deno
PATH: /Users/sloth/.deno/bin:/usr/bin:/bin:/usr/sbin:/sbin
deno 2.5.2 (stable, release, aarch64-apple-darwin)
v8 14.0.365.5-rusty
typescript 5.9.2
worker/node.sh: line 127: aws: command not found
Option: industry
Starting Industry... Sat Oct  4 01:50:02 AEST 2025
Already up to date.
HEAD is now at bd3ee1c8 GRQ-18 Improved Industry models (GRQ-18)
Reset branch 'main'
branch 'main' set up to track 'origin/main'.
Your branch is up to date with 'origin/main'.
✅ GRQ-industryV2 synced with remote (validation skipped)
🔄 Rsync attempt 1 of 3: nigel@10.0.0.89:Training/trainData-industry_88_v2.tgz ../../.cache/trainData-industry_88_v2.tgz
HEAD is now at d2f911df REJECTED 13.71% -> 11.84% Delta -1.867
Reset branch 'main'
branch 'main' set up to track 'origin/main'.
Your branch is up to date with 'origin/main'.
✅ GRQ-portfolio synced with remote (validation skipped)
NATURAL-GAS-TRANSMISSION-DISTRIBUTION , score: 0.7919778030247991
process (poor score) NATURAL-GAS-TRANSMISSION-DISTRIBUTION , score: 0.7919778030247991 lvl: 2
3 mutations, mutation rate 5.0%, elitism 6, mutation FFW, selection POWER
Creature count: 656
Over populated 657, expected 50.
Culling duplicate creature at 1 of 657
Culling duplicate creature at 1 of 656
DeDuplication of 2 creatures to 655 in 1ms (previous experiment )
Max is too large 1.1559466326634707e+195
Total is too large 1.1559466326634707e+195
Max is too large 1.1559466326634707e+195
Total is too large 1.1559466326634707e+195
Training a3c876af with 2 binary files, target error: 0.05, iterations: 1, sample rate: 100%, sparse: 100%
Replacing HYPOT neuron 7f328ea8-04b1-48f0-b63f-cb59a924a69b
Replacing HYPOT neuron 9cbb3816-0d3a-4c75-9405-18ab76aa0818
Discovery a3c876af with 2 binary files, sample rate: 100%, batch size: 512
Discovery a3c876af initialize time 3s 754ms
Discovery a3c876af processing .trainData-industry_88_v2/NATURAL-GAS-TRANSMISSION-DISTRIBUTION/validation.bin
Discovery a3c876af read time 4ms for .trainData-industry_88_v2/NATURAL-GAS-TRANSMISSION-DISTRIBUTION/validation.bin with 765 records
Discovery a3c876af processing .trainData-industry_88_v2/NATURAL-GAS-TRANSMISSION-DISTRIBUTION/data.bin
Discovery a3c876af read time 18ms for .trainData-industry_88_v2/NATURAL-GAS-TRANSMISSION-DISTRIBUTION/data.bin with 4655 records
Discovery a3c876af scanning time 23s 783ms
Training 80a663e0 with 2 binary files, target error: 0.05, iterations: 1, sample rate: 100%, sparse: 100%
Over populated 52, expected 50.
Discovery a3c876af recorded time 43s 860ms
Training a40a2c9e with 2 binary files, target error: 0.05, iterations: 1, sample rate: 100%, sparse: 100%
Over populated 52, expected 50.
Training 341aa2ee with 2 binary files, target error: 0.05, iterations: 1, sample rate: 100%, sparse: 100%
Fine tuning increased fitness by 0.0000070752852208144645 to 0.7919969531408938 adjusted 365 weights, 17 biases 
Over populated 52, expected 50.
Fine tuning increased fitness by 0.000003692404159316709 to 0.7920006455450531 adjusted 365 weights, 17 biases 
Training 533661e7 with 2 binary files, target error: 0.05, iterations: 1, sample rate: 100%, sparse: 100%
Fine tuning increased fitness by 0.0000013513094606620868 to 0.7920019968545138 adjusted 365 weights, 17 biases 
Over populated 52, expected 50.
Fine tuning increased fitness by 0.000001507328685312892 to 0.7920035041831991 adjusted 365 weights, 17 biases 
Generation 10 score 0.7920035041831991  error 0.20796323481756465 avg time 29s 346ms
Discovered beneficial synapse from input-1011 to e2fe9f41-f9a2-4087-84a8-11f2022c1fa5 with weight -1.0000, helping 25.8% more records than it harms (2929/4655)
Discovery a3c876af analyze time 2m 35s 145ms found 1 candidates
Discovered harmful synapse from 65d7940a-237f-4792-ba92-0042c100a821 to 606c2189-219d-4574-8b96-416aed94cf31, harming 25.9% more records than it helps (1724/4655)
Discovery a3c876af analyze harmful time 15s 546ms found 1 candidates
Training a19efc35 with 2 binary files, target error: 0.05, iterations: 1, sample rate: 100%, sparse: 100%
Fine tuning increased fitness by 0.0000011818112726214025 to 0.7920046859944717 adjusted 365 weights, 17 biases 
Discovery a3c876af analyze squashes time 6s 96ms found 0 candidates
Over populated 52, expected 50.
Fine tuning increased fitness by 7.310322032161309e-7 to 0.7920060917346264 adjusted 365 weights, 17 biases 
Generation 13 score 0.7920060917346264  error 0.2079606472661373 avg time 6s 699ms
Waiting for additional generation
Generation 14 score 0.7920070030721958  error 0.20795973592856792 avg time 1s 887ms
{
  error: 0.20795973592856792,
  score: 0.7920070030721958,
  generation: 14,
  time: 379963,
  startScore: 0.7919778030247991
}
FARM-PRODUCTS , score: 0.8684771424411257
process (poor score) FARM-PRODUCTS , score: 0.8684771424411257 lvl: 2
6 mutations, mutation rate 5.0%, elitism 4, mutation FFW, selection TOURNAMENT
Creature count: 656
Over populated 657, expected 50.
Culling duplicate creature at 1 of 657
Culling duplicate creature at 1 of 656
DeDuplication of 2 creatures to 655 in 1ms (previous experiment )
Max is too large 1.1559466326634707e+195
Total is too large 1.1559466326634707e+195
Max is too large 1.1559466326634707e+195
Total is too large 1.1559466326634707e+195
Training 3153580a with 2 binary files, target error: 0.05, iterations: 1, sample rate: 100%, sparse: 100%
Discovery 3153580a with 2 binary files, sample rate: 100%, batch size: 512
Discovery 3153580a initialize time 1s 604ms
Discovery 3153580a processing .trainData-industry_88_v2/FARM-PRODUCTS/data.bin
Discovery 3153580a read time 14ms for .trainData-industry_88_v2/FARM-PRODUCTS/data.bin with 3890 records
Discovery 3153580a processing .trainData-industry_88_v2/FARM-PRODUCTS/validation.bin
Discovery 3153580a read time 6ms for .trainData-industry_88_v2/FARM-PRODUCTS/validation.bin with 4655 records
Discovery 3153580a scanning time 6s 846ms
Training c812de70 with 2 binary files, target error: 0.05, iterations: 1, sample rate: 100%, sparse: 100%
Discovery 3153580a recorded time 10s 869ms
Over populated 52, expected 50.
Training 6ded7a68 with 2 binary files, target error: 0.05, iterations: 1, sample rate: 100%, sparse: 100%
Over populated 52, expected 50.
Training a5388336 with 2 binary files, target error: 0.05, iterations: 1, sample rate: 100%, sparse: 100%
Over populated 52, expected 50.
Training 8162eccc with 2 binary files, target error: 0.05, iterations: 1, sample rate: 100%, sparse: 100%
Generation 10 score 0.8685083335228142  error 0.13146930247728209 avg time 18s 585ms
Training 92584f45 with 2 binary files, target error: 0.05, iterations: 1, sample rate: 100%, sparse: 100%
Fine tuning increased fitness by 0.000002634714481142275 to 0.8685109682372953 adjusted 62 weights, 1 bias 
Fine tuning increased fitness by 0.00002487053217592461 to 0.8685358387694713 adjusted 62 weights, 1 bias 
Training 9434ef59 with 2 binary files, target error: 0.05, iterations: 1, sample rate: 100%, sparse: 100%
Fine tuning increased fitness by 0.0000012980171514298533 to 0.8685379490631667 adjusted 61 weights, 1 bias 
Training 23e2783b with 2 binary files, target error: 0.05, iterations: 1, sample rate: 100%, sparse: 100%
Fine tuning increased fitness by 0.0000017585062411784591 to 0.8685397075694079 adjusted 61 weights, 1 bias 
Discovered beneficial synapse from input-1573 to c50c3b63-156b-472b-bdfe-911f7e327eb9 with weight -1.0000, helping 31.4% more records than it harms (2234/4655)
Discovery 3153580a analyze time 1m 48s 8ms found 1 candidates
Training a7991508 with 2 binary files, target error: 0.05, iterations: 1, sample rate: 100%, sparse: 100%
Discovered harmful synapse from input-1125 to c50c3b63-156b-472b-bdfe-911f7e327eb9, harming 29.4% more records than it helps (820/4655)
Discovery 3153580a analyze harmful time 7s 800ms found 1 candidates
Fine tuning increased fitness by 0.000002095649316080639 to 0.868541803218724 adjusted 61 weights, 1 bias 
Discovery 3153580a analyze squashes time 3s 658ms found 1 candidate, Summary: 14714b63-ef80-49a9-816b-adb5d68a9d87 BENT_IDENTITY -> Mish improved: 66.5% error: 8.429566469968033e+25 -> 2.825564984085846e+25
Fine tuning increased fitness by 7.506183343775064e-7 to 0.8685425538370584 adjusted 61 weights, 1 bias 
Training a7991508 caused a higher error of 0.1314358327813724 from 0.1314358327813723
Training 916e15ea with 2 binary files, target error: 0.05, iterations: 1, sample rate: 100%, sparse: 100%
Discovery ec1ed10f with 2 binary files, sample rate: 100%, batch size: 512
Discovery ec1ed10f initialize time 4s 927ms
Discovery ec1ed10f processing .trainData-industry_88_v2/FARM-PRODUCTS/data.bin
Fine tuning increased fitness by 2.061428767685669e-7 to 0.8685428940330009 adjusted 59 weights, 1 bias 
Discovery ec1ed10f read time 20ms for .trainData-industry_88_v2/FARM-PRODUCTS/data.bin with 3890 records
Discovery ec1ed10f processing .trainData-industry_88_v2/FARM-PRODUCTS/validation.bin
Training 8d93f046 with 2 binary files, target error: 0.05, iterations: 1, sample rate: 100%, sparse: 100%
Fine tuning increased fitness by 2.1005712358412865e-7 to 0.8685431040901245 adjusted 59 weights, 1 bias 
Discovery ec1ed10f read time 8ms for .trainData-industry_88_v2/FARM-PRODUCTS/validation.bin with 4655 records
Discovery ec1ed10f scanning time 23s 485ms
Remove neuron d67adb34-54de-4dd1-b177-526126532eb3 as no longer connected
Generation 20 score 0.8685431040901245  error 0.13143453190997179 avg time 11s 996ms
Fine tuning increased fitness by 3.9508626759054977e-7 to 0.8685434991763921 adjusted 59 weights, 1 bias 
Training 5f5b4af0 with 2 binary files, target error: 0.05, iterations: 1, sample rate: 100%, sparse: 100%
Fine tuning increased fitness by 7.000270201285019e-7 to 0.8685441992034122 adjusted 59 weights, 1 bias 
Fine tuning increased fitness by 0.0000012586117963397925 to 0.8685454578152085 adjusted 59 weights, 1 bias 
Fine tuning increased fitness by 0.000002186848660046259 to 0.8685476446638686 adjusted 59 weights, 1 bias 
Discovery ec1ed10f recorded time 1m 11s 872ms
Fine tuning increased fitness by 0.0000041202169309695336 to 0.8685517648807995 adjusted 59 weights, 1 bias 
Generation 25 score 0.8685517648807995  error 0.13142587111929668 avg time 5s 477ms
Set training/discovery clean up count to 2
Waiting for discovery to complete
Fine tuning increased fitness by 0.000007625416357015524 to 0.8685593902971566 adjusted 59 weights, 1 bias 
Generation 26 score 0.8685593902971566  error 0.13141824570293972 avg time 1s 55ms
Waiting for discovery to complete
Generation 27 score 0.8685714134009764  error 0.13140622259911983 avg time 1s 82ms
Waiting for discovery to complete
Fine tuning increased fitness by 0.000017344100673444274 to 0.8685887575016499 adjusted 59 weights, 1 bias 
Generation 28 score 0.8685887575016499  error 0.13138887849844635 avg time 1s 3ms
Waiting for discovery to complete
Fine tuning increased fitness by 0.000010963096115257365 to 0.8685997205977651 adjusted 59 weights, 1 bias 
Generation 29 score 0.8685997205977651  error 0.13137791540233115 avg time 854ms
Waiting for discovery to complete
Generation 30 score 0.8685997205977651  error 0.13137791540233115 avg time 1s 22ms
Waiting for discovery to complete
Generation 31 score 0.8685997205977651  error 0.13137791540233115 avg time 1s 37ms
Waiting for discovery to complete
Generation 32 score 0.8685997205977651  error 0.13137791540233115 avg time 861ms
Waiting for discovery to complete
Generation 33 score 0.8685997205977651  error 0.13137791540233115 avg time 914ms
Waiting for discovery to complete
Generation 34 score 0.8685997205977651  error 0.13137791540233115 avg time 919ms
Waiting for discovery to complete
Generation 35 score 0.8685997205977651  error 0.13137791540233115 avg time 854ms
Waiting for discovery to complete
Generation 36 score 0.8685997205977651  error 0.13137791540233115 avg time 884ms
Waiting for discovery to complete
Fine tuning increased fitness by 3.042775942319054e-8 to 0.8685997510255246 adjusted 59 weights, 1 bias 
Generation 37 score 0.8685997510255246  error 0.1313778749745717 avg time 804ms
Waiting for discovery to complete
Fine tuning increased fitness by 6.616437264739261e-8 to 0.8685998171898972 adjusted 1 weight 
Generation 38 score 0.8685998171898972  error 0.1313778088101991 avg time 684ms
Waiting for discovery to complete
Generation 39 score 0.8686030445796429  error 0.1313745814204535 avg time 544ms
Waiting for discovery to complete
Generation 40 score 0.8686089362704013  error 0.13136868972969512 avg time 762ms
Waiting for discovery to complete
Generation 41 score 0.868620316994712  error 0.13135730900538428 avg time 746ms
Waiting for discovery to complete
Generation 42 score 0.8686351367625537  error 0.1313424892375427 avg time 725ms
Waiting for discovery to complete
Generation 43 score 0.8686446939549064  error 0.13133293204518987 avg time 780ms
Waiting for discovery to complete
Fine tuning increased fitness by 6.261478429081535e-7 to 0.8686453201027493 adjusted 75 weights, 1 bias 
Discovered beneficial synapse from input-1573 to c50c3b63-156b-472b-bdfe-911f7e327eb9 with weight -1.0000, helping 31.4% more records than it harms (2234/4655)
Discovery ec1ed10f analyze time 2m 48s 388ms found 1 candidates
Generation 44 score 0.8686453201027493  error 0.13133230589734707 avg time 790ms
Waiting for discovery to complete
Discovered harmful synapse from 54bc1d33-df65-4a2f-be4f-da4cbbb31bb5 to output-0, harming 32.8% more records than it helps (1503/4655)
Discovery ec1ed10f analyze harmful time 6s 191ms found 1 candidates
Fine tuning increased fitness by 0.00000641792030431354 to 0.8686517380230536 adjusted 75 weights, 1 bias 
Discovery ec1ed10f analyze squashes time 2s 859ms found 1 candidate, Summary: 14714b63-ef80-49a9-816b-adb5d68a9d87 BENT_IDENTITY -> ABSOLUTE improved: 66.5% error: 8.429566469968033e+25 -> 2.825564984085846e+25
Generation 45 score 0.8686517380230536  error 0.13132588797704273 avg time 707ms
Waiting for discovery to complete
Fine tuning increased fitness by 0.000010077339050562628 to 0.8686618153621042 adjusted 75 weights, 1 bias 
Generation 46 score 0.8686618153621042  error 0.1313158106379921 avg time 624ms
Waiting for training/discovery clean up 2
Fine tuning increased fitness by 0.000016377213103657695 to 0.8686781925752078 adjusted 75 weights, 1 bias 
Generation 47 score 0.8686781925752078  error 0.13129943342488845 avg time 669ms
Waiting for training/discovery clean up 1
Generation 48 score 0.8687136927655206  error 0.1312639332345757 avg time 751ms
{
  error: 0.1312639332345757,
  score: 0.8687136927655206,
  generation: 48,
  time: 553276,
  startScore: 0.8684771424411257
}
TRANSPORTATION_AGGREGATE , score: 0.9165816271949666
process (poor score) TRANSPORTATION_AGGREGATE , score: 0.9165816271949666 lvl: 2
3 mutations, mutation rate 23.3%, elitism 6, mutation ALL, selection FITNESS_PROPORTIONATE
Creature count: 656
Over populated 657, expected 50.
Culling duplicate creature at 1 of 657
Culling duplicate creature at 1 of 656
DeDuplication of 2 creatures to 655 in 1ms (previous experiment )
Max is too large 1.1559466326634707e+195
Total is too large 1.1559466326634707e+195
Max is too large 1.1559466326634707e+195
Total is too large 1.1559466326634707e+195
Training 61018cb9 with 2 binary files, target error: 0.05, iterations: 1, sample rate: 100%, sparse: 100%
Discovery 61018cb9 with 2 binary files, sample rate: 100%, batch size: 512
Training 61018cb9 caused a higher error of 0.08339745180652898 from 0.08339745180652866
Discovery 61018cb9 initialize time 1s 752ms
Discovery 61018cb9 processing .trainData-industry_88_v2/TRANSPORTATION_AGGREGATE/data.bin
Training 73b49354 with 2 binary files, target error: 0.05, iterations: 1, sample rate: 100%, sparse: 100%
Discovery 61018cb9 read time 16ms for .trainData-industry_88_v2/TRANSPORTATION_AGGREGATE/data.bin with 3890 records
Discovery 61018cb9 processing .trainData-industry_88_v2/TRANSPORTATION_AGGREGATE/validation.bin
Discovery 61018cb9 read time 8ms for .trainData-industry_88_v2/TRANSPORTATION_AGGREGATE/validation.bin with 4655 records
Discovery 61018cb9 scanning time 7s 24ms
Training 77d2e2f7 with 2 binary files, target error: 0.05, iterations: 1, sample rate: 100%, sparse: 100%
Fine tuning increased fitness by 0.0000031249092504737064 to 0.9165847521042171 adjusted 216 weights, 7 biases 
Discovery 61018cb9 recorded time 15s 845ms
Fine tuning increased fitness by 0.000005093236954523128 to 0.9165898453411716 adjusted 216 weights, 7 biases 
Training 4cc97771 with 2 binary files, target error: 0.05, iterations: 1, sample rate: 100%, sparse: 100%
Fine tuning increased fitness by 0.000007195362248246795 to 0.9165970407034199 adjusted 216 weights, 7 biases 
Training 4cc97771 caused a higher error of 0.08338203829807544 from 0.0833820382980754
Training 4cc97771 caused a higher error of 0.08338203829807544 from 0.0833820382980754 and no tuning
Training 875aaeec with 2 binary files, target error: 0.05, iterations: 1, sample rate: 100%, sparse: 100%
Fine tuning increased fitness by 0.00005760107003216497 to 0.9167264269904113 adjusted 249 weights, 10 biases 
Remove neuron 4e4657a3-e678-4409-9f32-03459b782130 as no longer connected
Remove neuron 840fd6a4-b937-47c2-9fc4-98abd7f7d31c as no longer connected
Training 534b94a2 with 2 binary files, target error: 0.05, iterations: 1, sample rate: 100%, sparse: 100%
Over populated 52, expected 50.
Fine tuning increased fitness by 0.000005773661899577398 to 0.9168245540317779 adjusted 215 weights, 10 biases 
Generation 10 score 0.9168245540317779  error 0.08315452496971748 avg time 14s 79ms
Training 2b17fd28 with 2 binary files, target error: 0.05, iterations: 1, sample rate: 100%, sparse: 100%
Fine tuning increased fitness by 0.0000011064150540196493 to 0.9168256604468319 adjusted 215 weights, 10 biases 
Discovered beneficial synapse from input-1028 to ec3c72f7-7d2e-4239-8295-bcf4905b8db4 with weight 1.0000, helping 19.4% more records than it harms (2767/4655)
Discovery 61018cb9 analyze time 50s 215ms found 1 candidates
Discovered harmful synapse from input-555 to ec3c72f7-7d2e-4239-8295-bcf4905b8db4, harming 18.2% more records than it helps (1843/4655)
Discovery 61018cb9 analyze harmful time 1s 846ms found 1 candidates
Discovery 61018cb9 analyze squashes time 3s 12ms found 0 candidates
Remove neuron cce21384-225a-48f1-8a35-e9b8517434a7 as no longer connected
Training f581e8d3 with 2 binary files, target error: 0.05, iterations: 1, sample rate: 100%, sparse: 100%
Fine tuning increased fitness by 0.00000396275349512365 to 0.9168327944173655 adjusted 215 weights, 10 biases 
Over populated 54, expected 50.
Discovery f581e8d3 with 2 binary files, sample rate: 100%, batch size: 512
Fine tuning increased fitness by 0.0000012892999107227965 to 0.9168340837172763 adjusted 215 weights, 10 biases 
Discovery f581e8d3 initialize time 2s 946ms
Discovery f581e8d3 processing .trainData-industry_88_v2/TRANSPORTATION_AGGREGATE/data.bin
Training f581e8d3 caused a higher error of 0.08314628458412973 from 0.0831462845841297
Training fc6ad1f7 with 2 binary files, target error: 0.05, iterations: 1, sample rate: 100%, sparse: 100%
Fine tuning increased fitness by 0.000002416030639440514 to 0.9168364997479157 adjusted 215 weights, 10 biases 
Discovery f581e8d3 read time 20ms for .trainData-industry_88_v2/TRANSPORTATION_AGGREGATE/data.bin with 3890 records
Discovery f581e8d3 processing .trainData-industry_88_v2/TRANSPORTATION_AGGREGATE/validation.bin
Over populated 52, expected 50.
Discovery f581e8d3 read time 5ms for .trainData-industry_88_v2/TRANSPORTATION_AGGREGATE/validation.bin with 4655 records
Discovery f581e8d3 scanning time 19s 718ms
Fine tuning increased fitness by 0.0000033624758861705573 to 0.9168398622238019 adjusted 215 weights, 10 biases 
Training e81ab9ee with 2 binary files, target error: 0.05, iterations: 1, sample rate: 100%, sparse: 100%
Fine tuning increased fitness by 0.000003510581224053233 to 0.9168433728050259 adjusted 215 weights, 10 biases 
Over populated 52, expected 50.
Discovery f581e8d3 recorded time 34s 917ms
Fine tuning increased fitness by 0.00000476920713188278 to 0.9168481420121578 adjusted 215 weights, 10 biases 
Training 75fd0815 with 2 binary files, target error: 0.05, iterations: 1, sample rate: 100%, sparse: 100%
Generation 20 score 0.9168554500241872  error 0.08312362897730803 avg time 9s 644ms
Training c3e54860 with 2 binary files, target error: 0.05, iterations: 1, sample rate: 100%, sparse: 100%
Fine tuning increased fitness by 0.000006099216514621197 to 0.9168615492407018 adjusted 203 weights, 10 biases 
Fine tuning increased fitness by 0.000010250027129843353 to 0.9168717992678317 adjusted 203 weights, 10 biases 
Discovered beneficial synapse from input-1352 to ec3c72f7-7d2e-4239-8295-bcf4905b8db4 with weight -1.0000, helping 17.9% more records than it harms (2733/4655)
Discovery f581e8d3 analyze time 41s 48ms found 1 candidates
Discovered harmful synapse from input-555 to ec3c72f7-7d2e-4239-8295-bcf4905b8db4, harming 17.3% more records than it helps (1864/4655)
Discovery f581e8d3 analyze harmful time 3s 28ms found 1 candidates
Training ebc4e13f with 2 binary files, target error: 0.05, iterations: 1, sample rate: 100%, sparse: 100%
Fine tuning increased fitness by 0.000015900049375572323 to 0.9168876993172073 adjusted 203 weights, 10 biases 
Discovery f581e8d3 analyze squashes time 3s 639ms found 0 candidates
Training ebc4e13f caused a higher error of 0.08309137968428816 from 0.08309137968428797
Training 9ffedda9 with 2 binary files, target error: 0.05, iterations: 1, sample rate: 100%, sparse: 100%
Fine tuning increased fitness by 0.0000011859515732792758 to 0.9168895389693801 adjusted 72 weights, 4 biases 
Over populated 52, expected 50.
Discovery 84ba3d49 with 2 binary files, sample rate: 100%, batch size: 512
Fine tuning increased fitness by 4.4893745798635365e-7 to 0.9168899879068381 adjusted 72 weights, 4 biases 
Discovery 84ba3d49 initialize time 2s 441ms
Discovery 84ba3d49 processing .trainData-industry_88_v2/TRANSPORTATION_AGGREGATE/validation.bin
Discovery 84ba3d49 read time 3ms for .trainData-industry_88_v2/TRANSPORTATION_AGGREGATE/validation.bin with 765 records
Discovery 84ba3d49 processing .trainData-industry_88_v2/TRANSPORTATION_AGGREGATE/data.bin
Training a6b75cd4 with 2 binary files, target error: 0.05, iterations: 1, sample rate: 100%, sparse: 100%
Discovery 84ba3d49 read time 19ms for .trainData-industry_88_v2/TRANSPORTATION_AGGREGATE/data.bin with 4655 records
Discovery 84ba3d49 scanning time 18s 51ms
Training b082f016 with 2 binary files, target error: 0.05, iterations: 1, sample rate: 100%, sparse: 100%
Fine tuning increased fitness by 0.000005587789425054446 to 0.9168970625378474 adjusted 166 weights, 6 biases 
Remove neuron 8b023339-0584-4797-855c-dcfdc572d4bf as no longer connected
Over populated 52, expected 50.
Fine tuning increased fitness by 0.0000035147074666230793 to 0.916900577245314 adjusted 166 weights, 6 biases 
Generation 30 score 0.916900577245314  error 0.08307850175618112 avg time 9s 711ms
Discovery 84ba3d49 recorded time 54s 946ms
Generation 33 score 0.916900577245314  error 0.08307850175618112 avg time 2s 850ms
Set training/discovery clean up count to 2
Waiting for discovery to complete
Generation 34 score 0.9169015564019395  error 0.08307739259955932 avg time 954ms
Waiting for discovery to complete
Fine tuning increased fitness by 2.220446049250313e-16 to 0.9169015564019397 adjusted 1 weight 
Generation 35 score 0.9169015564019397  error 0.08307739259955921 avg time 810ms
Waiting for discovery to complete
Generation 36 score 0.9169015564019397  error 0.08307739259955921 avg time 803ms
Waiting for discovery to complete
Discovered beneficial synapse from input-81 to ec3c72f7-7d2e-4239-8295-bcf4905b8db4 with weight -1.0000, helping 18.0% more records than it harms (2735/4655)
Discovery 84ba3d49 analyze time 50s 179ms found 1 candidates
Generation 37 score 0.9169015564019397  error 0.08307739259955921 avg time 821ms
Waiting for discovery to complete
Discovered harmful synapse from input-555 to ec3c72f7-7d2e-4239-8295-bcf4905b8db4, harming 17.0% more records than it helps (1870/4655)
Discovery 84ba3d49 analyze harmful time 3s 200ms found 1 candidates
Discovery 84ba3d49 analyze squashes time 2s 394ms found 0 candidates
Generation 38 score 0.9169015643203918  error 0.08307739468110605 avg time 1s 94ms
Waiting for training/discovery clean up 2
Generation 39 score 0.9169101095665889  error 0.08306871943491272 avg time 659ms
Waiting for training/discovery clean up 1
Fine tuning increased fitness by 9.187930416487688e-9 to 0.9169101187545193 adjusted 8 weights, 1 bias 
Generation 40 score 0.9169101187545193  error 0.0830687102469823 avg time 662ms
{
  error: 0.0830687102469823,
  score: 0.9169101187545193,
  generation: 40,
  time: 422442,
  startScore: 0.9165816271949666
}
ELECTRICAL-EQUIPMENT-PARTS , score: 0.8705424709153775
process (poor score) ELECTRICAL-EQUIPMENT-PARTS , score: 0.8705424709153775 lvl: 2
1 mutation, mutation rate 11.4%, elitism 9, mutation FFW, selection TOURNAMENT
Creature count: 656
Over populated 657, expected 50.
Culling duplicate creature at 1 of 657
Culling duplicate creature at 1 of 656
DeDuplication of 2 creatures to 655 in 9ms (previous experiment )
Max is too large 1.1559466326634707e+195
Total is too large 1.1559466326634707e+195
Max is too large 1.1559466326634707e+195
Total is too large 1.1559466326634707e+195
Training bbae779f with 2 binary files, target error: 0.05, iterations: 1, sample rate: 100%, sparse: 100%
Max is too large 1.1559466326634707e+195
Total is too large 1.1559466326634707e+195
Discovery bbae779f with 2 binary files, sample rate: 100%, batch size: 512
Training 2e6d866d with 2 binary files, target error: 0.05, iterations: 1, sample rate: 100%, sparse: 100%
Discovery bbae779f initialize time 3s 187ms
Discovery bbae779f processing .trainData-industry_88_v2/ELECTRICAL-EQUIPMENT-PARTS/validation.bin
Discovery bbae779f read time 1ms for .trainData-industry_88_v2/ELECTRICAL-EQUIPMENT-PARTS/validation.bin with 765 records
Discovery bbae779f processing .trainData-industry_88_v2/ELECTRICAL-EQUIPMENT-PARTS/data.bin
Fine tuning increased fitness by 1.869858239356148e-7 to 0.8705426579012014 adjusted 1 weight 
Training 2e6d866d caused a higher error of 0.1294387954529978 from 0.12943879545299738
Training bb279a3b with 2 binary files, target error: 0.05, iterations: 1, sample rate: 100%, sparse: 100%
Fine tuning increased fitness by 3.311182581455796e-7 to 0.8705429890194596 adjusted 1 weight 
Discovery bbae779f read time 27ms for .trainData-industry_88_v2/ELECTRICAL-EQUIPMENT-PARTS/data.bin with 4655 records
Discovery bbae779f scanning time 14s 99ms
Fine tuning increased fitness by 9.868490673525798e-7 to 0.8705439758685269 adjusted 1 weight 
Training 514dd83f with 2 binary files, target error: 0.05, iterations: 1, sample rate: 100%, sparse: 100%
Retrying increased fitness by 0.0000020951235445432204 to 0.8705460709920715 adjusted 1 weight
Discovery bbae779f recorded time 32s 644ms
Training 514dd83f caused a higher error of 0.12943506801004942 from 0.129435068010049
Training 67df4098 with 2 binary files, target error: 0.05, iterations: 1, sample rate: 100%, sparse: 100%
Fine tuning increased fitness by 0.000008701533726562793 to 0.870561395754959 adjusted 2 weights 
Fine tuning increased fitness by 0.000013436623494844646 to 0.8705748323784539 adjusted 2 weights 
Training 060d3a94 with 2 binary files, target error: 0.05, iterations: 1, sample rate: 100%, sparse: 100%
Fine tuning increased fitness by 0.000003149489823051077 to 0.870577981868277 adjusted 2 weights 
Generation 10 score 0.870577981868277  error 0.1294031471338449 avg time 18s 666ms
Training fc858ab5 with 2 binary files, target error: 0.05, iterations: 1, sample rate: 100%, sparse: 100%
Fine tuning increased fitness by 0.000017763516432234283 to 0.8706084234446867 adjusted 3 weights 
Discovered beneficial synapse from input-17 to 6addf26d-d1c4-4fd4-8a49-5e728b5ab07f with weight 1.0000, helping 79.3% more records than it harms (4173/4655)
Discovery bbae779f analyze time 25s 389ms found 1 candidates
Fine tuning increased fitness by 0.000026635806180008714 to 0.8706350592508667 adjusted 3 weights 
Discovery bbae779f analyze harmful time 2s 450ms found 0 candidates
Discovery bbae779f analyze squashes time 1s 475ms found 1 candidate, Summary: 6addf26d-d1c4-4fd4-8a49-5e728b5ab07f Mish -> COMPLEMENT improved: 53.6% error: 6.854332145163923e+29 -> 3.1795490237345706e+29
Training 1bc42d9a with 2 binary files, target error: 0.05, iterations: 1, sample rate: 100%, sparse: 100%
Fine tuning increased fitness by 0.000006774516145058307 to 0.8706418337670118 adjusted 3 weights 
Fine tuning increased fitness by 0.0000038875102992275146 to 0.870645721277311 adjusted 3 weights 
Discovery 1bc42d9a with 2 binary files, sample rate: 100%, batch size: 512
Discovery 1bc42d9a initialize time 880ms
Discovery 1bc42d9a processing .trainData-industry_88_v2/ELECTRICAL-EQUIPMENT-PARTS/data.bin
Training 8770c454 with 2 binary files, target error: 0.05, iterations: 1, sample rate: 100%, sparse: 100%
Discovery 1bc42d9a read time 21ms for .trainData-industry_88_v2/ELECTRICAL-EQUIPMENT-PARTS/data.bin with 3890 records
Discovery 1bc42d9a processing .trainData-industry_88_v2/ELECTRICAL-EQUIPMENT-PARTS/validation.bin
Fine tuning increased fitness by 0.00001086403360772703 to 0.8706670955014445 adjusted 4 weights 
Discovery 1bc42d9a read time 4ms for .trainData-industry_88_v2/ELECTRICAL-EQUIPMENT-PARTS/validation.bin with 4655 records
Discovery 1bc42d9a scanning time 9s 652ms
Training 82863265 with 2 binary files, target error: 0.05, iterations: 1, sample rate: 100%, sparse: 100%
Fine tuning increased fitness by 2.5764197741917627e-7 to 0.8706716096858257 adjusted 4 weights 
Training 794bc6d3 with 2 binary files, target error: 0.05, iterations: 1, sample rate: 100%, sparse: 100%
Discovery 1bc42d9a recorded time 27s 138ms
Generation 20 score 0.8706728911786005  error 0.12930810782352695 avg time 6s 314ms
Training 16cfc12d with 2 binary files, target error: 0.05, iterations: 1, sample rate: 100%, sparse: 100%
Over populated 52, expected 50.
Training 12ee3243 with 2 binary files, target error: 0.05, iterations: 1, sample rate: 100%, sparse: 100%
Training 3b5958c7 with 2 binary files, target error: 0.05, iterations: 1, sample rate: 100%, sparse: 100%
Fine tuning increased fitness by 1.1102230246251565e-16 to 0.870739680329945 adjusted 1 weight 
Discovered beneficial synapse from input-17 to 6addf26d-d1c4-4fd4-8a49-5e728b5ab07f with weight 1.0000, helping 79.3% more records than it harms (4173/4655)
Discovery 1bc42d9a analyze time 39s 696ms found 1 candidates
Discovery 1bc42d9a analyze harmful time 1s 862ms found 0 candidates
Discovery 1bc42d9a analyze squashes time 2s 631ms found 1 candidate, Summary: 6addf26d-d1c4-4fd4-8a49-5e728b5ab07f Mish -> COMPLEMENT improved: 53.6% error: 6.854332145163923e+29 -> 3.1795490237345706e+29
Training bba0dbc4 with 2 binary files, target error: 0.05, iterations: 1, sample rate: 100%, sparse: 100%
Fine tuning increased fitness by 6.473417468733089e-9 to 0.8707401946410116 adjusted 2 weights 
Training 62a094db with 2 binary files, target error: 0.05, iterations: 1, sample rate: 100%, sparse: 100%
Discovery de67b199 with 2 binary files, sample rate: 100%, batch size: 512
Discovery de67b199 initialize time 1s 942ms
Discovery de67b199 processing .trainData-industry_88_v2/ELECTRICAL-EQUIPMENT-PARTS/validation.bin
Generation 30 score 0.8707519436236738  error 0.12922891537846057 avg time 7s 5ms
Discovery de67b199 read time 3ms for .trainData-industry_88_v2/ELECTRICAL-EQUIPMENT-PARTS/validation.bin with 765 records
Discovery de67b199 processing .trainData-industry_88_v2/ELECTRICAL-EQUIPMENT-PARTS/data.bin
Discovery de67b199 read time 7ms for .trainData-industry_88_v2/ELECTRICAL-EQUIPMENT-PARTS/data.bin with 4655 records
Discovery de67b199 scanning time 9s 373ms
Training c961c078 with 2 binary files, target error: 0.05, iterations: 1, sample rate: 100%, sparse: 100%
Discovery de67b199 recorded time 19s 60ms
Training c961c078 caused a higher error of 0.12916762345207197 from 0.12916762345207167
Fine tuning increased fitness by 1.6893687448948924e-8 to 0.8708137487831419 adjusted 2 weights 
Fine tuning increased fitness by 5.140118468638377e-7 to 0.8708142627949887 adjusted 1161 weights, 26 biases 
Fine tuning increased fitness by 0.0000017932973411793895 to 0.8708160560923299 adjusted 1160 weights, 26 biases 
Generation 37 score 0.8708164860144593  error 0.12916413298768364 avg time 4s 17ms
Set training/discovery clean up count to 2
Waiting for discovery to complete
Fine tuning increased fitness by 6.493248245753591e-7 to 0.8708171353392838 adjusted 1160 weights, 26 biases 
Discovered beneficial synapse from input-17 to 6addf26d-d1c4-4fd4-8a49-5e728b5ab07f with weight 1.0000, helping 80.9% more records than it harms (4210/4655)
Discovery de67b199 analyze time 29s 378ms found 1 candidates
Discovery de67b199 analyze harmful time 1s 501ms found 0 candidates
Generation 38 score 0.8708171353392838  error 0.12916348366285899 avg time 721ms
Waiting for discovery to complete
Discovery de67b199 analyze squashes time 2s 850ms found 1 candidate, Summary: 6addf26d-d1c4-4fd4-8a49-5e728b5ab07f Mish -> COMPLEMENT improved: 53.6% error: 6.854332145163923e+29 -> 3.1795490237345706e+29
Generation 39 score 0.8708258843226093  error 0.12915473467953356 avg time 581ms
Waiting for discovery to complete
Generation 40 score 0.8708260499748993  error 0.12915456902724357 avg time 587ms
Waiting for training/discovery clean up 2
Generation 41 score 0.8708263794928796  error 0.12915423950926327 avg time 520ms
Waiting for training/discovery clean up 1
Fine tuning increased fitness by 5.395927266116374e-7 to 0.8708269190856062 adjusted 801 weights, 19 biases 
Generation 42 score 0.8708269190856062  error 0.1291536999165367 avg time 496ms
{
  error: 0.1291536999165367,
  score: 0.8708269190856062,
  generation: 42,
  time: 394905,
  startScore: 0.8705424709153775
}
REIT-OFFICE , score: 0.8206686951035075
process (poor score) REIT-OFFICE , score: 0.8206686951035075 lvl: 2
9 mutations, mutation rate 6.5%, elitism 9, mutation ALL, selection TOURNAMENT
Creature count: 656
Over populated 657, expected 50.
Culling duplicate creature at 1 of 657
Culling duplicate creature at 1 of 656
DeDuplication of 2 creatures to 655 in 1ms (previous experiment )
Max is too large 1.1559466326634707e+195
Total is too large 1.1559466326634707e+195
Max is too large 1.1559466326634707e+195
Total is too large 1.1559466326634707e+195
Training b64fe9d3 with 2 binary files, target error: 0.05, iterations: 1, sample rate: 100%, sparse: 100%
Discovery b64fe9d3 with 2 binary files, sample rate: 100%, batch size: 512
Discovery b64fe9d3 initialize time 5s 977ms
Discovery b64fe9d3 processing .trainData-industry_88_v2/REIT-OFFICE/validation.bin
Discovery b64fe9d3 read time 3ms for .trainData-industry_88_v2/REIT-OFFICE/validation.bin with 765 records
Discovery b64fe9d3 processing .trainData-industry_88_v2/REIT-OFFICE/data.bin
Discovery b64fe9d3 read time 24ms for .trainData-industry_88_v2/REIT-OFFICE/data.bin with 4655 records
Discovery b64fe9d3 scanning time 22s 663ms
Training 43105d7e with 2 binary files, target error: 0.05, iterations: 1, sample rate: 100%, sparse: 100%
Training b9e464a7 with 2 binary files, target error: 0.05, iterations: 1, sample rate: 100%, sparse: 100%
Remove neuron 29dc0adf-4b74-4ae0-93b0-b44379e28d8a as no longer connected
Discovery b64fe9d3 recorded time 58s 708ms
Fine tuning increased fitness by 0.000003208552115330221 to 0.820686312266165 adjusted 138 weights, 3 biases 
Training 269250d8 with 2 binary files, target error: 0.05, iterations: 1, sample rate: 100%, sparse: 100%
Training 1ecda5ef with 2 binary files, target error: 0.05, iterations: 1, sample rate: 100%, sparse: 100%
Discovered beneficial synapse from input-1482 to 210e060b-20e9-476b-b55f-f2a984faf2bd with weight 1.0000, helping 34.7% more records than it harms (3067/4655)
Discovery b64fe9d3 analyze time 1m 1s 92ms found 1 candidates
Discovered harmful synapse from 66d32101-0657-42ad-9485-29ff1592e23c to output-0, harming 20.8% more records than it helps (1736/4655)
Discovery b64fe9d3 analyze harmful time 6s 378ms found 1 candidates
Discovery b64fe9d3 analyze squashes time 6s 798ms found 1 candidate, Summary: output-0 HARD_TANH -> COMPLEMENT improved: 62.5% error: 4.4487091767150324e+26 -> 1.6682658491921462e+26
Training 5fc8b57b with 2 binary files, target error: 0.05, iterations: 1, sample rate: 100%, sparse: 100%
Fine tuning increased fitness by 0.000006051517845828691 to 0.8206976470331169 adjusted 111 weights, 3 biases 
Fine tuning increased fitness by 0.000010329198536496165 to 0.8207079762316534 adjusted 111 weights, 3 biases 
Constant neuron 296fedac-5ed5-41ce-8159-e6c0f8f94c84 convert hidden to constant
Adjust neuron 296fedac-5ed5-41ce-8159-e6c0f8f94c84 bias -0.015215699999999999 to -0.015100526127056924
Discovery 3a9e3150 with 2 binary files, sample rate: 100%, batch size: 512
Training 5fc8b57b caused a higher error of 0.17926918896771407 from 0.1792691889677136
Discovery 3a9e3150 initialize time 3s 368ms
Discovery 3a9e3150 processing .trainData-industry_88_v2/REIT-OFFICE/validation.bin
Discovery 3a9e3150 read time 3ms for .trainData-industry_88_v2/REIT-OFFICE/validation.bin with 765 records
Discovery 3a9e3150 processing .trainData-industry_88_v2/REIT-OFFICE/data.bin
Training 349a5140 with 2 binary files, target error: 0.05, iterations: 1, sample rate: 100%, sparse: 100%
Fine tuning increased fitness by 0.000017260828145126972 to 0.8207252370597985 adjusted 111 weights, 3 biases 
Generation 10 score 0.8207252370597985  error 0.17924159894103195 avg time 27s 272ms
Discovery 3a9e3150 read time 12ms for .trainData-industry_88_v2/REIT-OFFICE/data.bin with 4655 records
Discovery 3a9e3150 scanning time 21s 888ms
Fine tuning increased fitness by 0.000022799174066556738 to 0.820748036233865 adjusted 111 weights, 3 biases 
Training 349a5140 caused a higher error of 0.17924159894103203 from 0.17924159894103195
Discovery 3a9e3150 recorded time 52s 889ms
Training 58d38de2 with 2 binary files, target error: 0.05, iterations: 1, sample rate: 100%, sparse: 100%
Fine tuning increased fitness by 0.000026425566583720972 to 0.8207744618004488 adjusted 111 weights, 3 biases 
Training 58d38de2 caused a higher error of 0.17919237420038184 from 0.1791923742003817
Training 5c536f40 with 2 binary files, target error: 0.05, iterations: 1, sample rate: 100%, sparse: 100%
Fine tuning increased fitness by 0.00003428996441290355 to 0.8208087517648617 adjusted 111 weights, 3 biases 
Fine tuning increased fitness by 0.000009182534860596725 to 0.8208179342997223 adjusted 111 weights, 3 biases 
Fine tuning increased fitness by 9.299909922155791e-7 to 0.8208188642907145 adjusted 111 weights, 3 biases 
Fine tuning increased fitness by 0.0000013480993172887423 to 0.8208202123900318 adjusted 111 weights, 3 biases 
Discovered beneficial synapse from input-1482 to 210e060b-20e9-476b-b55f-f2a984faf2bd with weight 1.0000, helping 34.6% more records than it harms (3066/4655)
Discovery 3a9e3150 analyze time 52s 84ms found 1 candidates
Discovered harmful synapse from 66d32101-0657-42ad-9485-29ff1592e23c to output-0, harming 20.8% more records than it helps (1736/4655)
Discovery 3a9e3150 analyze harmful time 2s 629ms found 1 candidates
Discovery 3a9e3150 analyze squashes time 2s 633ms found 1 candidate, Summary: output-0 HARD_TANH -> ABSOLUTE improved: 62.5% error: 4.4487091738251516e+26 -> 1.6682658491921462e+26
Over populated 52, expected 50.
Generation 17 score 0.8208227271156013  error 0.1791441088852293 avg time 9s 393ms
Waiting for additional generation
Fine tuning increased fitness by 0.0000037998250297377467 to 0.8208265269406311 adjusted 100 weights, 2 biases 
Generation 18 score 0.8208265269406311  error 0.17914030906019945 avg time 801ms
{
  error: 0.17914030906019945,
  score: 0.8208265269406311,
  generation: 18,
  time: 376228,
  startScore: 0.8206686951035075
}
🔍 [model_checkin 1.1.10] Checking for merge conflict markers in JSON model files
✅ [validate_json 1.0.1] All JSON files are valid in GRQ-industryV2 (took 8s)
✅ [validate_json 1.0.1] All JSON files are valid in GRQ-industryV2 (took 8s)
📋 [model_checkin 1.1.10] Local models to be committed:
  • v6/ELECTRICAL-EQUIPMENT-PARTS.json
  • v6/FARM-PRODUCTS.json
  • v6/NATURAL-GAS-TRANSMISSION-DISTRIBUTION.json
  • v6/REIT-OFFICE.json
  • v6/TRANSPORTATION_AGGREGATE.json
From github.com:stSoftwareAU/GRQ-industryV2
   bd3ee1c8..278e376f  main       -> origin/main
✅ [validate_json 1.0.1] All JSON files are valid in GRQ-industryV2 (took 7s)
🔁 [model_checkin 1.1.10] Remote has changed - using stash strategy to prevent conflicts
⬇️ [model_checkin 1.1.10] Pulling remote changes with NEVER-MERGE rebase strategy
🛡️  JSON model files will be replaced completely, never merged
From github.com:stSoftwareAU/GRQ-industryV2
 * branch              main       -> FETCH_HEAD
Updating bd3ee1c8..278e376f
Created autostash: b566a570
Fast-forward
 v6/APPAREL-RETAIL.json                    |  2464 ++---
 v6/ELECTRONIC-GAMING-MULTIMEDIA.json      |  7955 ++++-----------
 v6/FARM-HEAVY-CONSTRUCTION-MACHINERY.json |    77 +-
 v6/FINANCIAL_AGGREGATE.json               |  4775 +--------
 v6/GENERAL.json                           |  3276 ++-----
 v6/MEDICAL-INSTRUMENTS-SUPPLIES.json      |  4149 ++++----
 v6/PHARMACEUTICAL-PREPARATIONS.json       |  8655 +++++++++++++----
 v6/REIT-DIVERSIFIED.json                  | 14364 ++++++++++++++++++++++++----
 v6/RETAIL-CATALOG-MAIL-ORDER-HOUSES.json  |  6993 +++++++++-----
 v6/SECURITY-PROTECTION-SERVICES.json      |  3511 +++++--
 v6/SEMICONDUCTOR-EQUIPMENT-MATERIALS.json |  6978 ++++++--------
 v6/SERVICES-PREPACKAGED-SOFTWARE.json     |   911 +-
 v6/STATE-COMMERCIAL-BANKS.json            |  4772 +++++++--
 v6/TRANSPORTATION_AGGREGATE.json          |  1740 +---
 14 files changed, 39872 insertions(+), 30748 deletions(-)
Applying autostash resulted in conflicts.
Your changes are safe in the stash.
You can run "git stash pop" or "git stash drop" at any time.
✅ [model_checkin 1.1.10] Rebase completed successfully - linear history maintained
🔍 [model_checkin 1.1.10] Final safety check before commit
🚨 [model_checkin 1.1.10] CRITICAL: Merge conflict markers found before commit!
💥 Refusing to commit merged JSON files - SELF-HEALING
  🚨 Corrupted file: ./v6/TRANSPORTATION_AGGREGATE.json
🔧 [model_checkin 1.1.10] SELF-HEALING: Resetting to clean state
HEAD is now at 278e376f GRQ-18 Improved Industry models (GRQ-18)
✅ [model_checkin 1.1.10] SELF-HEAL SUCCESSFUL: Clean state restored, skipping commit
🔍 [model_checkin 1.1.10] Final safety check for JSON model corruption
✅ [validate_json 1.0.1] All JSON files are valid in GRQ-industryV2 (took 12s)
Everything up-to-date
✅ Successfully committed and pushed model changes
🛡️  JSON model files were protected from corruption - no merges occurred
HEAD is now at 40cf73b fix: update default target score behavior in evolve.sh
HEAD is now at e9f163d5 Update health status for GRQ-22 at Sat Oct  4 01:30:40 AEST 2025
Reset branch 'Develop'
branch 'Develop' set up to track 'origin/Develop'.
Your branch is up to date with 'origin/Develop'.
✅ GRQ-health synced with remote (validation skipped)
HEAD is now at e9f163d5 Update health status for GRQ-22 at Sat Oct  4 01:30:40 AEST 2025
Updating health information...
Already up to date.
Updated health information for GRQ-24
k Air'
